Start 2025-11-14 17:29:42 | 23886182 MyPyJob | lmnode196 | /home/s6nidich_hpc/PycharmProjects/QC-MasterThesis 

Used python interpreter:
/home/s6nidich_hpc/PycharmProjects/QC-MasterThesis/.venv_intel_3_12_3/bin/python
Python version:
Python 3.12.3

Currently Loaded Modules:
  1) GCCcore/13.3.0                   7) Tcl/8.6.14-GCCcore-13.3.0
  2) zlib/1.3.1-GCCcore-13.3.0        8) SQLite/3.45.3-GCCcore-13.3.0
  3) binutils/2.42-GCCcore-13.3.0     9) XZ/5.4.5-GCCcore-13.3.0
  4) bzip2/1.0.8-GCCcore-13.3.0      10) libffi/3.4.5-GCCcore-13.3.0
  5) ncurses/6.5-GCCcore-13.3.0      11) OpenSSL/3
  6) libreadline/8.2-GCCcore-13.3.0  12) Python/3.12.3-GCCcore-13.3.0

 

Start of Program:

-----Beginning pprint-----
/:
	Attributes:
-----Ending pprint-----
Calculating energies for FreeWilson2D(N_x=4, N_y=4, mass=-6.000, r=1.000)
h_im: 0.0
New op index: 99	$R_{YX-XY}$(1)
Current grad: 201.49999999999898
0:	0.00e+00	0.00e+00
1:	-2.00e+00	0.00e+00
2:	0.00e+00	0.00e+00
3:	0.00e+00	0.00e+00
4:	2.25e+00	0.00e+00
5:	2.50e-01	0.00e+00
6:	0.00e+00	0.00e+00
7:	-2.25e+00	0.00e+00
8:	-2.50e-01	0.00e+00
9:	0.00e+00	0.00e+00
10:	2.25e+00	0.00e+00
11:	2.50e-01	0.00e+00
12:	0.00e+00	0.00e+00
13:	-2.25e+00	0.00e+00
14:	-2.50e-01	0.00e+00
15:	0.00e+00	0.00e+00
16:	2.25e+00	0.00e+00
17:	2.50e-01	0.00e+00
18:	0.00e+00	0.00e+00
19:	-2.25e+00	0.00e+00
20:	-2.50e-01	0.00e+00
21:	0.00e+00	0.00e+00
22:	1.75e+00	-2.50e-01
23:	0.00e+00	-2.50e-01
24:	0.00e+00	0.00e+00
25:	2.25e+00	-2.50e-01
26:	0.00e+00	-2.50e-01
27:	0.00e+00	0.00e+00
28:	-2.25e+00	0.00e+00
29:	-2.50e-01	0.00e+00
30:	0.00e+00	0.00e+00
31:	2.25e+00	0.00e+00
32:	2.50e-01	0.00e+00
33:	0.00e+00	0.00e+00
34:	-2.25e+00	0.00e+00
35:	-2.50e-01	0.00e+00
36:	0.00e+00	0.00e+00
37:	2.25e+00	0.00e+00
38:	2.50e-01	0.00e+00
39:	0.00e+00	0.00e+00
40:	-2.25e+00	0.00e+00
41:	-2.50e-01	0.00e+00
42:	0.00e+00	0.00e+00
43:	2.25e+00	0.00e+00
44:	2.50e-01	0.00e+00
45:	0.00e+00	0.00e+00
46:	-1.75e+00	2.50e-01
47:	0.00e+00	2.50e-01
48:	0.00e+00	0.00e+00
49:	-2.25e+00	2.50e-01
50:	0.00e+00	2.50e-01
51:	0.00e+00	0.00e+00
52:	2.25e+00	0.00e+00
53:	2.50e-01	0.00e+00
54:	0.00e+00	0.00e+00
55:	-2.25e+00	0.00e+00
56:	-2.50e-01	0.00e+00
57:	0.00e+00	0.00e+00
58:	2.25e+00	0.00e+00
59:	2.50e-01	0.00e+00
60:	0.00e+00	0.00e+00
61:	-2.25e+00	0.00e+00
62:	-2.50e-01	0.00e+00
63:	0.00e+00	0.00e+00
64:	2.25e+00	0.00e+00
65:	2.50e-01	0.00e+00
66:	0.00e+00	0.00e+00
67:	-2.25e+00	0.00e+00
68:	-2.50e-01	0.00e+00
69:	0.00e+00	0.00e+00
70:	1.75e+00	-2.50e-01
71:	0.00e+00	-2.50e-01
72:	0.00e+00	0.00e+00
73:	2.25e+00	-2.50e-01
74:	0.00e+00	-2.50e-01
75:	0.00e+00	0.00e+00
76:	-2.25e+00	0.00e+00
77:	-2.50e-01	0.00e+00
78:	0.00e+00	0.00e+00
79:	2.25e+00	0.00e+00
80:	2.50e-01	0.00e+00
81:	0.00e+00	0.00e+00
82:	-2.25e+00	0.00e+00
83:	-2.50e-01	0.00e+00
84:	0.00e+00	0.00e+00
85:	2.25e+00	0.00e+00
86:	2.50e-01	0.00e+00
87:	0.00e+00	0.00e+00
88:	-2.25e+00	0.00e+00
89:	-2.50e-01	0.00e+00
90:	0.00e+00	0.00e+00
91:	2.25e+00	0.00e+00
92:	2.50e-01	0.00e+00
93:	0.00e+00	0.00e+00
94:	-2.00e+00	0.00e+00
95:	0.00e+00	0.00e+00
96:	0.00e+00	0.00e+00
97:	-4.25e+00	0.00e+00
98:	0.00e+00	0.00e+00
99:	4.50e+00	0.00e+00
100:	0.00e+00	0.00e+00
101:	-4.50e+00	0.00e+00
102:	0.00e+00	0.00e+00
103:	4.50e+00	0.00e+00
104:	0.00e+00	0.00e+00
105:	-4.50e+00	0.00e+00
106:	0.00e+00	0.00e+00
107:	4.50e+00	0.00e+00
108:	0.00e+00	-2.50e-01
109:	-4.00e+00	-2.50e-01
110:	0.00e+00	0.00e+00
111:	-5.00e-01	-1.00e+00
112:	0.00e+00	-2.50e-01
113:	4.50e+00	-2.50e-01
114:	0.00e+00	0.00e+00
115:	-4.50e+00	0.00e+00
116:	0.00e+00	0.00e+00
117:	4.50e+00	0.00e+00
118:	0.00e+00	0.00e+00
119:	-4.50e+00	0.00e+00
120:	0.00e+00	0.00e+00
121:	4.50e+00	0.00e+00
122:	0.00e+00	0.00e+00
123:	-4.50e+00	0.00e+00
124:	0.00e+00	2.50e-01
125:	4.00e+00	2.50e-01
126:	0.00e+00	0.00e+00
127:	5.00e-01	1.00e+00
128:	0.00e+00	2.50e-01
129:	-4.50e+00	2.50e-01
130:	0.00e+00	0.00e+00
131:	4.50e+00	0.00e+00
132:	0.00e+00	0.00e+00
133:	-4.50e+00	0.00e+00
134:	0.00e+00	0.00e+00
135:	4.50e+00	0.00e+00
136:	0.00e+00	0.00e+00
137:	-4.50e+00	0.00e+00
138:	0.00e+00	0.00e+00
139:	4.50e+00	0.00e+00
140:	0.00e+00	-2.50e-01
141:	-4.00e+00	-2.50e-01
142:	0.00e+00	0.00e+00
143:	-5.00e-01	-1.00e+00
144:	0.00e+00	-2.50e-01
145:	4.50e+00	-2.50e-01
146:	0.00e+00	0.00e+00
147:	-4.50e+00	0.00e+00
148:	0.00e+00	0.00e+00
149:	4.50e+00	0.00e+00
150:	0.00e+00	0.00e+00
151:	-4.50e+00	0.00e+00
152:	0.00e+00	0.00e+00
153:	4.50e+00	0.00e+00
154:	0.00e+00	0.00e+00
155:	-4.50e+00	0.00e+00
156:	0.00e+00	0.00e+00
157:	4.25e+00	0.00e+00
New op index: 4	$R_Y$(1)
Current grad: 266.19240168988006
New op index: 99	$R_{YX-XY}$(1)
Current grad: 194.2199172721293
New op index: 105	$R_{YX-XY}$(4)
Current grad: 184.5062764289953
New op index: 16	$R_Y$(5)
Current grad: 249.99589644046864
New op index: 105	$R_{YX-XY}$(4)
Current grad: 175.71424463170436
New op index: 113	$R_{YX-XY}$(8)
Current grad: 167.48548219891512
New op index: 25	$R_Y$(8)
Current grad: 235.8850736767459
New op index: 113	$R_{YX-XY}$(8)
Current grad: 162.4349869639713
New op index: 119	$R_{YX-XY}$(11)
Current grad: 154.25374885552057
New op index: 34	$R_Y$(11)
Current grad: 218.99286505227178
New op index: 119	$R_{YX-XY}$(11)
Current grad: 147.19908645912332
New op index: 129	$R_{YX-XY}$(16)
Current grad: 137.46564000404172
New op index: 52	$R_Y$(17)
Current grad: 201.768259080895
New op index: 129	$R_{YX-XY}$(16)
Current grad: 133.0746218098868
New op index: 135	$R_{YX-XY}$(19)
Current grad: 124.24857897649807
New op index: 61	$R_Y$(20)
Current grad: 188.96963520954026
New op index: 135	$R_{YX-XY}$(19)
Current grad: 117.08388667117833
New op index: 145	$R_{YX-XY}$(24)
Current grad: 107.50264385290984
New op index: 73	$R_Y$(24)
Current grad: 175.9059225554549
New op index: 145	$R_{YX-XY}$(24)
Current grad: 102.44273034584761
New op index: 151	$R_{YX-XY}$(27)
Current grad: 94.22866509682785
New op index: 82	$R_Y$(27)
Current grad: 158.9604787967722
New op index: 151	$R_{YX-XY}$(27)
Current grad: 87.17663595710941
New op index: 123	$R_{YX-XY}$(13)
Current grad: 77.43598964721008
New op index: 43	$R_Y$(14)
Current grad: 143.99290266381945
New op index: 123	$R_{YX-XY}$(13)
Current grad: 74.85509869786135
New op index: 141	$R_{YX-XY}$(22)
Current grad: 65.00075560367956
New op index: 67	$R_Y$(22)
Current grad: 129.9144984900325
New op index: 141	$R_{YX-XY}$(22)
Current grad: 60.91641715596429
New op index: 155	$R_{YX-XY}$(29)
Current grad: 52.09695184388248
New op index: 91	$R_Y$(30)
Current grad: 118.44920308015313
New op index: 155	$R_{YX-XY}$(29)
Current grad: 50.03568695732789
New op index: 109	$R_{YX-XY}$(6)
Current grad: 40.23724253411734
New op index: 22	$R_Y$(7)
Current grad: 105.9087868431832
New op index: 109	$R_{YX-XY}$(6)
Current grad: 40.625727528712886
New op index: 55	$R_Y$(18)
Current grad: 31.98057810167958
New op index: 31	$R_Y$(10)
Current grad: 360.3920036867984
New op index: 10	$R_Y$(3)
Current grad: 27.0551750716213
New op index: 46	$R_Y$(15)
Current grad: 261.0063447720895
New op index: 79	$R_Y$(26)
Current grad: 21.56134714368836
New op index: 1	$R_Y$(0)
Current grad: 162.0127611150558
New op index: 94	$R_Y$(31)
Current grad: 16.530328556725813
New op index: 64	$R_Y$(21)
Current grad: 63.685150028205186
New op index: 146	$R_{XX+YY}$(25)
Current grad: 12.008407353691315
New op index: 150	$R_{XX+YY}$(27)
Current grad: 12.006664309069157
New op index: 114	$R_{XX+YY}$(9)
Current grad: 10.251298991392849
New op index: 114	$R_{XX+YY}$(9)
Current grad: 10.251298991392849
Adding the same operator twice is not sensible, terminating.
Calculating energies for FreeWilson2D(N_x=4, N_y=4, mass=-5.579, r=1.000)
h_im: 0.0
New op index: 99	$R_{YX-XY}$(1)
Current grad: 182.97368421052542
0:	0.00e+00	0.00e+00
1:	-1.79e+00	0.00e+00
2:	0.00e+00	0.00e+00
3:	0.00e+00	0.00e+00
4:	2.04e+00	0.00e+00
5:	2.50e-01	0.00e+00
6:	0.00e+00	0.00e+00
7:	-2.04e+00	0.00e+00
8:	-2.50e-01	0.00e+00
9:	0.00e+00	0.00e+00
10:	2.04e+00	0.00e+00
11:	2.50e-01	0.00e+00
12:	0.00e+00	0.00e+00
13:	-2.04e+00	0.00e+00
14:	-2.50e-01	0.00e+00
15:	0.00e+00	0.00e+00
16:	2.04e+00	0.00e+00
17:	2.50e-01	0.00e+00
18:	0.00e+00	0.00e+00
19:	-2.04e+00	0.00e+00
20:	-2.50e-01	0.00e+00
21:	0.00e+00	0.00e+00
22:	1.54e+00	-2.50e-01
23:	0.00e+00	-2.50e-01
24:	0.00e+00	0.00e+00
25:	2.04e+00	-2.50e-01
26:	0.00e+00	-2.50e-01
27:	0.00e+00	0.00e+00
28:	-2.04e+00	0.00e+00
29:	-2.50e-01	0.00e+00
30:	0.00e+00	0.00e+00
31:	2.04e+00	0.00e+00
32:	2.50e-01	0.00e+00
33:	0.00e+00	0.00e+00
34:	-2.04e+00	0.00e+00
35:	-2.50e-01	0.00e+00
36:	0.00e+00	0.00e+00
37:	2.04e+00	0.00e+00
38:	2.50e-01	0.00e+00
39:	0.00e+00	0.00e+00
40:	-2.04e+00	0.00e+00
41:	-2.50e-01	0.00e+00
42:	0.00e+00	0.00e+00
43:	2.04e+00	0.00e+00
44:	2.50e-01	0.00e+00
45:	0.00e+00	0.00e+00
46:	-1.54e+00	2.50e-01
47:	0.00e+00	2.50e-01
48:	0.00e+00	0.00e+00
49:	-2.04e+00	2.50e-01
50:	0.00e+00	2.50e-01
51:	0.00e+00	0.00e+00
52:	2.04e+00	0.00e+00
53:	2.50e-01	0.00e+00
54:	0.00e+00	0.00e+00
55:	-2.04e+00	0.00e+00
56:	-2.50e-01	0.00e+00
57:	0.00e+00	0.00e+00
58:	2.04e+00	0.00e+00
59:	2.50e-01	0.00e+00
60:	0.00e+00	0.00e+00
61:	-2.04e+00	0.00e+00
62:	-2.50e-01	0.00e+00
63:	0.00e+00	0.00e+00
64:	2.04e+00	0.00e+00
65:	2.50e-01	0.00e+00
66:	0.00e+00	0.00e+00
67:	-2.04e+00	0.00e+00
68:	-2.50e-01	0.00e+00
69:	0.00e+00	0.00e+00
70:	1.54e+00	-2.50e-01
71:	0.00e+00	-2.50e-01
72:	0.00e+00	0.00e+00
73:	2.04e+00	-2.50e-01
74:	0.00e+00	-2.50e-01
75:	0.00e+00	0.00e+00
76:	-2.04e+00	0.00e+00
77:	-2.50e-01	0.00e+00
78:	0.00e+00	0.00e+00
79:	2.04e+00	0.00e+00
80:	2.50e-01	0.00e+00
81:	0.00e+00	0.00e+00
82:	-2.04e+00	0.00e+00
83:	-2.50e-01	0.00e+00
84:	0.00e+00	0.00e+00
85:	2.04e+00	0.00e+00
86:	2.50e-01	0.00e+00
87:	0.00e+00	0.00e+00
88:	-2.04e+00	0.00e+00
89:	-2.50e-01	0.00e+00
90:	0.00e+00	0.00e+00
91:	2.04e+00	0.00e+00
92:	2.50e-01	0.00e+00
93:	0.00e+00	0.00e+00
94:	-1.79e+00	0.00e+00
95:	0.00e+00	0.00e+00
96:	0.00e+00	0.00e+00
97:	-3.83e+00	0.00e+00
98:	0.00e+00	0.00e+00
99:	4.08e+00	0.00e+00
100:	0.00e+00	0.00e+00
101:	-4.08e+00	0.00e+00
102:	0.00e+00	0.00e+00
103:	4.08e+00	0.00e+00
104:	0.00e+00	0.00e+00
105:	-4.08e+00	0.00e+00
106:	0.00e+00	0.00e+00
107:	4.08e+00	0.00e+00
108:	0.00e+00	-2.50e-01
109:	-3.58e+00	-2.50e-01
110:	0.00e+00	0.00e+00
111:	-5.00e-01	-1.00e+00
112:	0.00e+00	-2.50e-01
113:	4.08e+00	-2.50e-01
114:	0.00e+00	0.00e+00
115:	-4.08e+00	0.00e+00
116:	0.00e+00	0.00e+00
117:	4.08e+00	0.00e+00
118:	0.00e+00	0.00e+00
119:	-4.08e+00	0.00e+00
120:	0.00e+00	0.00e+00
121:	4.08e+00	0.00e+00
122:	0.00e+00	0.00e+00
123:	-4.08e+00	0.00e+00
124:	0.00e+00	2.50e-01
125:	3.58e+00	2.50e-01
126:	0.00e+00	0.00e+00
127:	5.00e-01	1.00e+00
128:	0.00e+00	2.50e-01
129:	-4.08e+00	2.50e-01
130:	0.00e+00	0.00e+00
131:	4.08e+00	0.00e+00
132:	0.00e+00	0.00e+00
133:	-4.08e+00	0.00e+00
134:	0.00e+00	0.00e+00
135:	4.08e+00	0.00e+00
136:	0.00e+00	0.00e+00
137:	-4.08e+00	0.00e+00
138:	0.00e+00	0.00e+00
139:	4.08e+00	0.00e+00
140:	0.00e+00	-2.50e-01
141:	-3.58e+00	-2.50e-01
142:	0.00e+00	0.00e+00
143:	-5.00e-01	-1.00e+00
144:	0.00e+00	-2.50e-01
145:	4.08e+00	-2.50e-01
146:	0.00e+00	0.00e+00
147:	-4.08e+00	0.00e+00
148:	0.00e+00	0.00e+00
149:	4.08e+00	0.00e+00
150:	0.00e+00	0.00e+00
151:	-4.08e+00	0.00e+00
152:	0.00e+00	0.00e+00
153:	4.08e+00	0.00e+00
154:	0.00e+00	0.00e+00
155:	-4.08e+00	0.00e+00
156:	0.00e+00	0.00e+00
157:	3.83e+00	0.00e+00
New op index: 7	$R_Y$(2)
Current grad: 248.7757428974566
New op index: 99	$R_{YX-XY}$(1)
Current grad: 176.3379260588548
New op index: 105	$R_{YX-XY}$(4)
Current grad: 167.66319367715238
New op index: 16	$R_Y$(5)
Current grad: 234.26293985913276
New op index: 105	$R_{YX-XY}$(4)
Current grad: 159.58902700265358
New op index: 113	$R_{YX-XY}$(8)
Current grad: 152.321033057087
New op index: 28	$R_Y$(9)
Current grad: 210.23666234362412
New op index: 113	$R_{YX-XY}$(8)
Current grad: 147.6032188115422
New op index: 119	$R_{YX-XY}$(11)
Current grad: 140.37647506886572
New op index: 34	$R_Y$(11)
Current grad: 206.20354466845822
New op index: 119	$R_{YX-XY}$(11)
Current grad: 134.0278354001726
New op index: 129	$R_{YX-XY}$(16)
Current grad: 125.27270790662587
New op index: 52	$R_Y$(17)
Current grad: 190.36784357121235
New op index: 129	$R_{YX-XY}$(16)
Current grad: 121.04420964305375
New op index: 135	$R_{YX-XY}$(19)
Current grad: 113.2918594615679
New op index: 61	$R_Y$(20)
Current grad: 179.17414648851766
New op index: 135	$R_{YX-XY}$(19)
Current grad: 106.85645260188086
New op index: 145	$R_{YX-XY}$(24)
Current grad: 98.22177801438087
New op index: 76	$R_Y$(25)
Current grad: 156.1263240237308
New op index: 145	$R_{YX-XY}$(24)
Current grad: 93.5224841103248
New op index: 151	$R_{YX-XY}$(27)
Current grad: 86.24952852811921
New op index: 82	$R_Y$(27)
Current grad: 152.10223020354263
New op index: 151	$R_{YX-XY}$(27)
Current grad: 79.89977379639046
New op index: 139	$R_{YX-XY}$(21)
Current grad: 71.13278401028064
New op index: 64	$R_Y$(21)
Current grad: 133.4986168319572
New op index: 139	$R_{YX-XY}$(21)
Current grad: 68.18241245676617
New op index: 123	$R_{YX-XY}$(13)
Current grad: 59.47480398044493
New op index: 40	$R_Y$(13)
Current grad: 122.34730812660455
New op index: 123	$R_{YX-XY}$(13)
Current grad: 57.039662233414504
New op index: 155	$R_{YX-XY}$(29)
Current grad: 48.31478556371107
New op index: 88	$R_Y$(29)
Current grad: 110.89541980041943
New op index: 155	$R_{YX-XY}$(29)
Current grad: 45.58342684452295
New op index: 109	$R_{YX-XY}$(6)
Current grad: 36.89215378468057
New op index: 22	$R_Y$(7)
Current grad: 103.05099115204408
New op index: 109	$R_{YX-XY}$(6)
Current grad: 37.09122719544402
New op index: 55	$R_Y$(18)
Current grad: 29.37151809457347
New op index: 79	$R_Y$(26)
Current grad: 359.121165724282
New op index: 70	$R_Y$(23)
Current grad: 26.835329080297413
New op index: 1	$R_Y$(0)
Current grad: 258.17099537119066
New op index: 94	$R_Y$(31)
Current grad: 21.216606087574103
New op index: 31	$R_Y$(10)
Current grad: 162.78919461844188
New op index: 46	$R_Y$(15)
Current grad: 16.683364315937524
New op index: 10	$R_Y$(3)
Current grad: 63.30903218514176
New op index: 146	$R_{XX+YY}$(25)
Current grad: 12.012844515996207
New op index: 146	$R_{XX+YY}$(25)
Current grad: 12.011001653528517
Adding the same operator twice is not sensible, terminating.
Calculating energies for FreeWilson2D(N_x=4, N_y=4, mass=-5.158, r=1.000)
h_im: 0.0
New op index: 99	$R_{YX-XY}$(1)
Current grad: 164.44736842105178
0:	0.00e+00	0.00e+00
1:	-1.58e+00	0.00e+00
2:	0.00e+00	0.00e+00
3:	0.00e+00	0.00e+00
4:	1.83e+00	0.00e+00
5:	2.50e-01	0.00e+00
6:	0.00e+00	0.00e+00
7:	-1.83e+00	0.00e+00
8:	-2.50e-01	0.00e+00
9:	0.00e+00	0.00e+00
10:	1.83e+00	0.00e+00
11:	2.50e-01	0.00e+00
12:	0.00e+00	0.00e+00
13:	-1.83e+00	0.00e+00
14:	-2.50e-01	0.00e+00
15:	0.00e+00	0.00e+00
16:	1.83e+00	0.00e+00
17:	2.50e-01	0.00e+00
18:	0.00e+00	0.00e+00
19:	-1.83e+00	0.00e+00
20:	-2.50e-01	0.00e+00
21:	0.00e+00	0.00e+00
22:	1.33e+00	-2.50e-01
23:	0.00e+00	-2.50e-01
24:	0.00e+00	0.00e+00
25:	1.83e+00	-2.50e-01
26:	0.00e+00	-2.50e-01
27:	0.00e+00	0.00e+00
28:	-1.83e+00	0.00e+00
29:	-2.50e-01	0.00e+00
30:	0.00e+00	0.00e+00
31:	1.83e+00	0.00e+00
32:	2.50e-01	0.00e+00
33:	0.00e+00	0.00e+00
34:	-1.83e+00	0.00e+00
35:	-2.50e-01	0.00e+00
36:	0.00e+00	0.00e+00
37:	1.83e+00	0.00e+00
38:	2.50e-01	0.00e+00
39:	0.00e+00	0.00e+00
40:	-1.83e+00	0.00e+00
41:	-2.50e-01	0.00e+00
42:	0.00e+00	0.00e+00
43:	1.83e+00	0.00e+00
44:	2.50e-01	0.00e+00
45:	0.00e+00	0.00e+00
46:	-1.33e+00	2.50e-01
47:	0.00e+00	2.50e-01
48:	0.00e+00	0.00e+00
49:	-1.83e+00	2.50e-01
50:	0.00e+00	2.50e-01
51:	0.00e+00	0.00e+00
52:	1.83e+00	0.00e+00
53:	2.50e-01	0.00e+00
54:	0.00e+00	0.00e+00
55:	-1.83e+00	0.00e+00
56:	-2.50e-01	0.00e+00
57:	0.00e+00	0.00e+00
58:	1.83e+00	0.00e+00
59:	2.50e-01	0.00e+00
60:	0.00e+00	0.00e+00
61:	-1.83e+00	0.00e+00
62:	-2.50e-01	0.00e+00
63:	0.00e+00	0.00e+00
64:	1.83e+00	0.00e+00
65:	2.50e-01	0.00e+00
66:	0.00e+00	0.00e+00
67:	-1.83e+00	0.00e+00
68:	-2.50e-01	0.00e+00
69:	0.00e+00	0.00e+00
70:	1.33e+00	-2.50e-01
71:	0.00e+00	-2.50e-01
72:	0.00e+00	0.00e+00
73:	1.83e+00	-2.50e-01
74:	0.00e+00	-2.50e-01
75:	0.00e+00	0.00e+00
76:	-1.83e+00	0.00e+00
77:	-2.50e-01	0.00e+00
78:	0.00e+00	0.00e+00
79:	1.83e+00	0.00e+00
80:	2.50e-01	0.00e+00
81:	0.00e+00	0.00e+00
82:	-1.83e+00	0.00e+00
83:	-2.50e-01	0.00e+00
84:	0.00e+00	0.00e+00
85:	1.83e+00	0.00e+00
86:	2.50e-01	0.00e+00
87:	0.00e+00	0.00e+00
88:	-1.83e+00	0.00e+00
89:	-2.50e-01	0.00e+00
90:	0.00e+00	0.00e+00
91:	1.83e+00	0.00e+00
92:	2.50e-01	0.00e+00
93:	0.00e+00	0.00e+00
94:	-1.58e+00	0.00e+00
95:	0.00e+00	0.00e+00
96:	0.00e+00	0.00e+00
97:	-3.41e+00	0.00e+00
98:	0.00e+00	0.00e+00
99:	3.66e+00	0.00e+00
100:	0.00e+00	0.00e+00
101:	-3.66e+00	0.00e+00
102:	0.00e+00	0.00e+00
103:	3.66e+00	0.00e+00
104:	0.00e+00	0.00e+00
105:	-3.66e+00	0.00e+00
106:	0.00e+00	0.00e+00
107:	3.66e+00	0.00e+00
108:	0.00e+00	-2.50e-01
109:	-3.16e+00	-2.50e-01
110:	0.00e+00	0.00e+00
111:	-5.00e-01	-1.00e+00
112:	0.00e+00	-2.50e-01
113:	3.66e+00	-2.50e-01
114:	0.00e+00	0.00e+00
115:	-3.66e+00	0.00e+00
116:	0.00e+00	0.00e+00
117:	3.66e+00	0.00e+00
118:	0.00e+00	0.00e+00
119:	-3.66e+00	0.00e+00
120:	0.00e+00	0.00e+00
121:	3.66e+00	0.00e+00
122:	0.00e+00	0.00e+00
123:	-3.66e+00	0.00e+00
124:	0.00e+00	2.50e-01
125:	3.16e+00	2.50e-01
126:	0.00e+00	0.00e+00
127:	5.00e-01	1.00e+00
128:	0.00e+00	2.50e-01
129:	-3.66e+00	2.50e-01
130:	0.00e+00	0.00e+00
131:	3.66e+00	0.00e+00
132:	0.00e+00	0.00e+00
133:	-3.66e+00	0.00e+00
134:	0.00e+00	0.00e+00
135:	3.66e+00	0.00e+00
136:	0.00e+00	0.00e+00
137:	-3.66e+00	0.00e+00
138:	0.00e+00	0.00e+00
139:	3.66e+00	0.00e+00
140:	0.00e+00	-2.50e-01
141:	-3.16e+00	-2.50e-01
142:	0.00e+00	0.00e+00
143:	-5.00e-01	-1.00e+00
144:	0.00e+00	-2.50e-01
145:	3.66e+00	-2.50e-01
146:	0.00e+00	0.00e+00
147:	-3.66e+00	0.00e+00
148:	0.00e+00	0.00e+00
149:	3.66e+00	0.00e+00
150:	0.00e+00	0.00e+00
151:	-3.66e+00	0.00e+00
152:	0.00e+00	0.00e+00
153:	3.66e+00	0.00e+00
154:	0.00e+00	0.00e+00
155:	-3.66e+00	0.00e+00
156:	0.00e+00	0.00e+00
157:	3.41e+00	0.00e+00
New op index: 7	$R_Y$(2)
Current grad: 231.4496738782557
New op index: 99	$R_{YX-XY}$(1)
Current grad: 158.54677543363988
New op index: 105	$R_{YX-XY}$(4)
Current grad: 150.8263882434039
New op index: 13	$R_Y$(4)
Current grad: 218.6017686159327
New op index: 105	$R_{YX-XY}$(4)
Current grad: 143.53731527737338
New op index: 113	$R_{YX-XY}$(8)
Current grad: 137.17310292972383
New op index: 28	$R_Y$(9)
Current grad: 194.94838763356293
New op index: 113	$R_{YX-XY}$(8)
Current grad: 133.0407359854009
New op index: 119	$R_{YX-XY}$(11)
Current grad: 126.47776385823715
New op index: 34	$R_Y$(11)
Current grad: 193.51360919181218
New op index: 119	$R_{YX-XY}$(11)
Current grad: 120.86109029290138
New op index: 129	$R_{YX-XY}$(16)
Current grad: 113.06131649453414
New op index: 52	$R_Y$(17)
Current grad: 179.02396247367466
New op index: 129	$R_{YX-XY}$(16)
Current grad: 109.07810290950758
New op index: 135	$R_{YX-XY}$(19)
Current grad: 102.3723371476568
New op index: 61	$R_Y$(20)
Current grad: 169.3916299183815
New op index: 135	$R_{YX-XY}$(19)
Current grad: 96.65243824029619
New op index: 145	$R_{YX-XY}$(24)
Current grad: 88.94499516136169
New op index: 76	$R_Y$(25)
Current grad: 146.72143785932064
New op index: 145	$R_{YX-XY}$(24)
Current grad: 84.8160043366007
New op index: 151	$R_{YX-XY}$(27)
Current grad: 78.23762885261593
New op index: 82	$R_Y$(27)
Current grad: 145.2801218162239
New op index: 151	$R_{YX-XY}$(27)
Current grad: 72.6337318450026
New op index: 123	$R_{YX-XY}$(13)
Current grad: 64.83410438870484
New op index: 43	$R_Y$(14)
Current grad: 133.06268396016262
New op index: 123	$R_{YX-XY}$(13)
Current grad: 62.707018024680366
New op index: 141	$R_{YX-XY}$(22)
Current grad: 54.92156063061358
New op index: 67	$R_Y$(22)
Current grad: 121.5534466239002
New op index: 141	$R_{YX-XY}$(22)
Current grad: 51.24643041973123
New op index: 155	$R_{YX-XY}$(29)
Current grad: 44.48077664390864
New op index: 91	$R_Y$(30)
Current grad: 112.62107853294971
New op index: 155	$R_{YX-XY}$(29)
Current grad: 42.963308688767185
New op index: 109	$R_{YX-XY}$(6)
Current grad: 35.2188648137609
New op index: 19	$R_Y$(6)
Current grad: 102.18018623893181
New op index: 109	$R_{YX-XY}$(6)
Current grad: 35.35983336223879
New op index: 55	$R_Y$(18)
Current grad: 28.599822518399225
New op index: 31	$R_Y$(10)
Current grad: 358.4590580876693
New op index: 10	$R_Y$(3)
Current grad: 24.513211402133155
New op index: 46	$R_Y$(15)
Current grad: 259.4068452263535
New op index: 79	$R_Y$(26)
Current grad: 19.91137396824955
New op index: 1	$R_Y$(0)
Current grad: 160.98108064965732
New op index: 94	$R_Y$(31)
Current grad: 15.757662479715146
New op index: 64	$R_Y$(21)
Current grad: 63.045978468740344
New op index: 98	$R_{XX+YY}$(1)
Current grad: 12.002721143516357
New op index: 134	$R_{XX+YY}$(19)
Current grad: 11.18302496556659
New op index: 102	$R_{XX+YY}$(3)
Current grad: 10.31941590107055
New op index: 146	$R_{XX+YY}$(25)
Current grad: 9.484056602076187
New op index: 146	$R_{XX+YY}$(25)
Current grad: 9.483983932502781
Adding the same operator twice is not sensible, terminating.
Calculating energies for FreeWilson2D(N_x=4, N_y=4, mass=-4.737, r=1.000)
h_im: 0.0
New op index: 99	$R_{YX-XY}$(1)
Current grad: 145.92105263157816
0:	0.00e+00	0.00e+00
1:	-1.37e+00	0.00e+00
2:	0.00e+00	0.00e+00
3:	0.00e+00	0.00e+00
4:	1.62e+00	0.00e+00
5:	2.50e-01	0.00e+00
6:	0.00e+00	0.00e+00
7:	-1.62e+00	0.00e+00
8:	-2.50e-01	0.00e+00
9:	0.00e+00	0.00e+00
10:	1.62e+00	0.00e+00
11:	2.50e-01	0.00e+00
12:	0.00e+00	0.00e+00
13:	-1.62e+00	0.00e+00
14:	-2.50e-01	0.00e+00
15:	0.00e+00	0.00e+00
16:	1.62e+00	0.00e+00
17:	2.50e-01	0.00e+00
18:	0.00e+00	0.00e+00
19:	-1.62e+00	0.00e+00
20:	-2.50e-01	0.00e+00
21:	0.00e+00	0.00e+00
22:	1.12e+00	-2.50e-01
23:	0.00e+00	-2.50e-01
24:	0.00e+00	0.00e+00
25:	1.62e+00	-2.50e-01
26:	0.00e+00	-2.50e-01
27:	0.00e+00	0.00e+00
28:	-1.62e+00	0.00e+00
29:	-2.50e-01	0.00e+00
30:	0.00e+00	0.00e+00
31:	1.62e+00	0.00e+00
32:	2.50e-01	0.00e+00
33:	0.00e+00	0.00e+00
34:	-1.62e+00	0.00e+00
35:	-2.50e-01	0.00e+00
36:	0.00e+00	0.00e+00
37:	1.62e+00	0.00e+00
38:	2.50e-01	0.00e+00
39:	0.00e+00	0.00e+00
40:	-1.62e+00	0.00e+00
41:	-2.50e-01	0.00e+00
42:	0.00e+00	0.00e+00
43:	1.62e+00	0.00e+00
44:	2.50e-01	0.00e+00
45:	0.00e+00	0.00e+00
46:	-1.12e+00	2.50e-01
47:	0.00e+00	2.50e-01
48:	0.00e+00	0.00e+00
49:	-1.62e+00	2.50e-01
50:	0.00e+00	2.50e-01
51:	0.00e+00	0.00e+00
52:	1.62e+00	0.00e+00
53:	2.50e-01	0.00e+00
54:	0.00e+00	0.00e+00
55:	-1.62e+00	0.00e+00
56:	-2.50e-01	0.00e+00
57:	0.00e+00	0.00e+00
58:	1.62e+00	0.00e+00
59:	2.50e-01	0.00e+00
60:	0.00e+00	0.00e+00
61:	-1.62e+00	0.00e+00
62:	-2.50e-01	0.00e+00
63:	0.00e+00	0.00e+00
64:	1.62e+00	0.00e+00
65:	2.50e-01	0.00e+00
66:	0.00e+00	0.00e+00
67:	-1.62e+00	0.00e+00
68:	-2.50e-01	0.00e+00
69:	0.00e+00	0.00e+00
70:	1.12e+00	-2.50e-01
71:	0.00e+00	-2.50e-01
72:	0.00e+00	0.00e+00
73:	1.62e+00	-2.50e-01
74:	0.00e+00	-2.50e-01
75:	0.00e+00	0.00e+00
76:	-1.62e+00	0.00e+00
77:	-2.50e-01	0.00e+00
78:	0.00e+00	0.00e+00
79:	1.62e+00	0.00e+00
80:	2.50e-01	0.00e+00
81:	0.00e+00	0.00e+00
82:	-1.62e+00	0.00e+00
83:	-2.50e-01	0.00e+00
84:	0.00e+00	0.00e+00
85:	1.62e+00	0.00e+00
86:	2.50e-01	0.00e+00
87:	0.00e+00	0.00e+00
88:	-1.62e+00	0.00e+00
89:	-2.50e-01	0.00e+00
90:	0.00e+00	0.00e+00
91:	1.62e+00	0.00e+00
92:	2.50e-01	0.00e+00
93:	0.00e+00	0.00e+00
94:	-1.37e+00	0.00e+00
95:	0.00e+00	0.00e+00
96:	0.00e+00	0.00e+00
97:	-2.99e+00	0.00e+00
98:	0.00e+00	0.00e+00
99:	3.24e+00	0.00e+00
100:	0.00e+00	0.00e+00
101:	-3.24e+00	0.00e+00
102:	0.00e+00	0.00e+00
103:	3.24e+00	0.00e+00
104:	0.00e+00	0.00e+00
105:	-3.24e+00	0.00e+00
106:	0.00e+00	0.00e+00
107:	3.24e+00	0.00e+00
108:	0.00e+00	-2.50e-01
109:	-2.74e+00	-2.50e-01
110:	0.00e+00	0.00e+00
111:	-5.00e-01	-1.00e+00
112:	0.00e+00	-2.50e-01
113:	3.24e+00	-2.50e-01
114:	0.00e+00	0.00e+00
115:	-3.24e+00	0.00e+00
116:	0.00e+00	0.00e+00
117:	3.24e+00	0.00e+00
118:	0.00e+00	0.00e+00
119:	-3.24e+00	0.00e+00
120:	0.00e+00	0.00e+00
121:	3.24e+00	0.00e+00
122:	0.00e+00	0.00e+00
123:	-3.24e+00	0.00e+00
124:	0.00e+00	2.50e-01
125:	2.74e+00	2.50e-01
126:	0.00e+00	0.00e+00
127:	5.00e-01	1.00e+00
128:	0.00e+00	2.50e-01
129:	-3.24e+00	2.50e-01
130:	0.00e+00	0.00e+00
131:	3.24e+00	0.00e+00
132:	0.00e+00	0.00e+00
133:	-3.24e+00	0.00e+00
134:	0.00e+00	0.00e+00
135:	3.24e+00	0.00e+00
136:	0.00e+00	0.00e+00
137:	-3.24e+00	0.00e+00
138:	0.00e+00	0.00e+00
139:	3.24e+00	0.00e+00
140:	0.00e+00	-2.50e-01
141:	-2.74e+00	-2.50e-01
142:	0.00e+00	0.00e+00
143:	-5.00e-01	-1.00e+00
144:	0.00e+00	-2.50e-01
145:	3.24e+00	-2.50e-01
146:	0.00e+00	0.00e+00
147:	-3.24e+00	0.00e+00
148:	0.00e+00	0.00e+00
149:	3.24e+00	0.00e+00
150:	0.00e+00	0.00e+00
151:	-3.24e+00	0.00e+00
152:	0.00e+00	0.00e+00
153:	3.24e+00	0.00e+00
154:	0.00e+00	0.00e+00
155:	-3.24e+00	0.00e+00
156:	0.00e+00	0.00e+00
157:	2.99e+00	0.00e+00
New op index: 7	$R_Y$(2)
Current grad: 214.20967952321257
New op index: 99	$R_{YX-XY}$(1)
Current grad: 140.7671226374431
New op index: 105	$R_{YX-XY}$(4)
Current grad: 133.9824958249955
New op index: 16	$R_Y$(5)
Current grad: 203.05052398207408
New op index: 105	$R_{YX-XY}$(4)
Current grad: 127.37208205174852
New op index: 113	$R_{YX-XY}$(8)
Current grad: 122.01282382038976
New op index: 25	$R_Y$(8)
Current grad: 194.2628816443262
New op index: 113	$R_{YX-XY}$(8)
Current grad: 118.0377594075541
New op index: 119	$R_{YX-XY}$(11)
Current grad: 112.6159391534975
New op index: 34	$R_Y$(11)
Current grad: 180.91774800014218
New op index: 119	$R_{YX-XY}$(11)
Current grad: 107.7082328951135
New op index: 129	$R_{YX-XY}$(16)
Current grad: 100.86749134932376
New op index: 52	$R_Y$(17)
Current grad: 167.7389551066042
New op index: 129	$R_{YX-XY}$(16)
Current grad: 97.17112731343661
New op index: 135	$R_{YX-XY}$(19)
Current grad: 91.4069089645719
New op index: 61	$R_Y$(20)
Current grad: 159.75321098962542
New op index: 135	$R_{YX-XY}$(19)
Current grad: 86.45930157252673
New op index: 145	$R_{YX-XY}$(24)
Current grad: 79.6977956634344
New op index: 73	$R_Y$(24)
Current grad: 151.93868572894473
New op index: 145	$R_{YX-XY}$(24)
Current grad: 75.70710444091078
New op index: 151	$R_{YX-XY}$(27)
Current grad: 70.2524516132368
New op index: 82	$R_Y$(27)
Current grad: 138.68481114229715
New op index: 151	$R_{YX-XY}$(27)
Current grad: 65.43683463403099
New op index: 141	$R_{YX-XY}$(22)
Current grad: 58.52281127241611
New op index: 67	$R_Y$(22)
Current grad: 126.05180863797179
New op index: 141	$R_{YX-XY}$(22)
Current grad: 55.143151396600935
New op index: 155	$R_{YX-XY}$(29)
Current grad: 49.32960528618873
New op index: 91	$R_Y$(30)
Current grad: 118.39959493444498
New op index: 155	$R_{YX-XY}$(29)
Current grad: 48.10750254637087
New op index: 123	$R_{YX-XY}$(13)
Current grad: 41.347559073178985
New op index: 43	$R_Y$(14)
Current grad: 110.54582939410193
New op index: 123	$R_{YX-XY}$(13)
Current grad: 39.490354212494324
New op index: 109	$R_{YX-XY}$(6)
Current grad: 32.68866403298531
New op index: 19	$R_Y$(6)
Current grad: 100.22310840812341
New op index: 109	$R_{YX-XY}$(6)
Current grad: 32.82102546571315
New op index: 55	$R_Y$(18)
Current grad: 26.938208148357692
New op index: 31	$R_Y$(10)
Current grad: 357.4652967442729
New op index: 10	$R_Y$(3)
Current grad: 23.24264046780119
New op index: 46	$R_Y$(15)
Current grad: 258.57306828815405
New op index: 79	$R_Y$(26)
Current grad: 19.01103206548645
New op index: 1	$R_Y$(0)
Current grad: 160.41488494656758
New op index: 64	$R_Y$(21)
Current grad: 15.330945875486076
New op index: 94	$R_Y$(31)
Current grad: 63.18814759613096
New op index: 134	$R_{XX+YY}$(19)
Current grad: 12.098361328233059
New op index: 146	$R_{XX+YY}$(25)
Current grad: 11.194306555147588
New op index: 146	$R_{XX+YY}$(25)
Current grad: 11.189697518149229
Adding the same operator twice is not sensible, terminating.
Calculating energies for FreeWilson2D(N_x=4, N_y=4, mass=-4.316, r=1.000)
h_im: 0.0
New op index: 99	$R_{YX-XY}$(1)
Current grad: 127.3947368421046
0:	0.00e+00	0.00e+00
1:	-1.16e+00	0.00e+00
2:	0.00e+00	0.00e+00
3:	0.00e+00	0.00e+00
4:	1.41e+00	0.00e+00
5:	2.50e-01	0.00e+00
6:	0.00e+00	0.00e+00
7:	-1.41e+00	0.00e+00
8:	-2.50e-01	0.00e+00
9:	0.00e+00	0.00e+00
10:	1.41e+00	0.00e+00
11:	2.50e-01	0.00e+00
12:	0.00e+00	0.00e+00
13:	-1.41e+00	0.00e+00
14:	-2.50e-01	0.00e+00
15:	0.00e+00	0.00e+00
16:	1.41e+00	0.00e+00
17:	2.50e-01	0.00e+00
18:	0.00e+00	0.00e+00
19:	-1.41e+00	0.00e+00
20:	-2.50e-01	0.00e+00
21:	0.00e+00	0.00e+00
22:	9.08e-01	-2.50e-01
23:	0.00e+00	-2.50e-01
24:	0.00e+00	0.00e+00
25:	1.41e+00	-2.50e-01
26:	0.00e+00	-2.50e-01
27:	0.00e+00	0.00e+00
28:	-1.41e+00	0.00e+00
29:	-2.50e-01	0.00e+00
30:	0.00e+00	0.00e+00
31:	1.41e+00	0.00e+00
32:	2.50e-01	0.00e+00
33:	0.00e+00	0.00e+00
34:	-1.41e+00	0.00e+00
35:	-2.50e-01	0.00e+00
36:	0.00e+00	0.00e+00
37:	1.41e+00	0.00e+00
38:	2.50e-01	0.00e+00
39:	0.00e+00	0.00e+00
40:	-1.41e+00	0.00e+00
41:	-2.50e-01	0.00e+00
42:	0.00e+00	0.00e+00
43:	1.41e+00	0.00e+00
44:	2.50e-01	0.00e+00
45:	0.00e+00	0.00e+00
46:	-9.08e-01	2.50e-01
47:	0.00e+00	2.50e-01
48:	0.00e+00	0.00e+00
49:	-1.41e+00	2.50e-01
50:	0.00e+00	2.50e-01
51:	0.00e+00	0.00e+00
52:	1.41e+00	0.00e+00
53:	2.50e-01	0.00e+00
54:	0.00e+00	0.00e+00
55:	-1.41e+00	0.00e+00
56:	-2.50e-01	0.00e+00
57:	0.00e+00	0.00e+00
58:	1.41e+00	0.00e+00
59:	2.50e-01	0.00e+00
60:	0.00e+00	0.00e+00
61:	-1.41e+00	0.00e+00
62:	-2.50e-01	0.00e+00
63:	0.00e+00	0.00e+00
64:	1.41e+00	0.00e+00
65:	2.50e-01	0.00e+00
66:	0.00e+00	0.00e+00
67:	-1.41e+00	0.00e+00
68:	-2.50e-01	0.00e+00
69:	0.00e+00	0.00e+00
70:	9.08e-01	-2.50e-01
71:	0.00e+00	-2.50e-01
72:	0.00e+00	0.00e+00
73:	1.41e+00	-2.50e-01
74:	0.00e+00	-2.50e-01
75:	0.00e+00	0.00e+00
76:	-1.41e+00	0.00e+00
77:	-2.50e-01	0.00e+00
78:	0.00e+00	0.00e+00
79:	1.41e+00	0.00e+00
80:	2.50e-01	0.00e+00
81:	0.00e+00	0.00e+00
82:	-1.41e+00	0.00e+00
83:	-2.50e-01	0.00e+00
84:	0.00e+00	0.00e+00
85:	1.41e+00	0.00e+00
86:	2.50e-01	0.00e+00
87:	0.00e+00	0.00e+00
88:	-1.41e+00	0.00e+00
89:	-2.50e-01	0.00e+00
90:	0.00e+00	0.00e+00
91:	1.41e+00	0.00e+00
92:	2.50e-01	0.00e+00
93:	0.00e+00	0.00e+00
94:	-1.16e+00	0.00e+00
95:	0.00e+00	0.00e+00
96:	0.00e+00	0.00e+00
97:	-2.57e+00	0.00e+00
98:	0.00e+00	0.00e+00
99:	2.82e+00	0.00e+00
100:	0.00e+00	0.00e+00
101:	-2.82e+00	0.00e+00
102:	0.00e+00	0.00e+00
103:	2.82e+00	0.00e+00
104:	0.00e+00	0.00e+00
105:	-2.82e+00	0.00e+00
106:	0.00e+00	0.00e+00
107:	2.82e+00	0.00e+00
108:	0.00e+00	-2.50e-01
109:	-2.32e+00	-2.50e-01
110:	0.00e+00	0.00e+00
111:	-5.00e-01	-1.00e+00
112:	0.00e+00	-2.50e-01
113:	2.82e+00	-2.50e-01
114:	0.00e+00	0.00e+00
115:	-2.82e+00	0.00e+00
116:	0.00e+00	0.00e+00
117:	2.82e+00	0.00e+00
118:	0.00e+00	0.00e+00
119:	-2.82e+00	0.00e+00
120:	0.00e+00	0.00e+00
121:	2.82e+00	0.00e+00
122:	0.00e+00	0.00e+00
123:	-2.82e+00	0.00e+00
124:	0.00e+00	2.50e-01
125:	2.32e+00	2.50e-01
126:	0.00e+00	0.00e+00
127:	5.00e-01	1.00e+00
128:	0.00e+00	2.50e-01
129:	-2.82e+00	2.50e-01
130:	0.00e+00	0.00e+00
131:	2.82e+00	0.00e+00
132:	0.00e+00	0.00e+00
133:	-2.82e+00	0.00e+00
134:	0.00e+00	0.00e+00
135:	2.82e+00	0.00e+00
136:	0.00e+00	0.00e+00
137:	-2.82e+00	0.00e+00
138:	0.00e+00	0.00e+00
139:	2.82e+00	0.00e+00
140:	0.00e+00	-2.50e-01
141:	-2.32e+00	-2.50e-01
142:	0.00e+00	0.00e+00
143:	-5.00e-01	-1.00e+00
144:	0.00e+00	-2.50e-01
145:	2.82e+00	-2.50e-01
146:	0.00e+00	0.00e+00
147:	-2.82e+00	0.00e+00
148:	0.00e+00	0.00e+00
149:	2.82e+00	0.00e+00
150:	0.00e+00	0.00e+00
151:	-2.82e+00	0.00e+00
152:	0.00e+00	0.00e+00
153:	2.82e+00	0.00e+00
154:	0.00e+00	0.00e+00
155:	-2.82e+00	0.00e+00
156:	0.00e+00	0.00e+00
157:	2.57e+00	0.00e+00
New op index: 7	$R_Y$(2)
Current grad: 197.1491605669048
New op index: 99	$R_{YX-XY}$(1)
Current grad: 122.99955228896417
New op index: 105	$R_{YX-XY}$(4)
Current grad: 117.1381192673102
New op index: 16	$R_Y$(5)
Current grad: 187.66165309038766
New op index: 105	$R_{YX-XY}$(4)
Current grad: 111.2814328740149
New op index: 113	$R_{YX-XY}$(8)
Current grad: 106.85958051258957
New op index: 25	$R_Y$(8)
Current grad: 180.80158181568748
New op index: 113	$R_{YX-XY}$(8)
Current grad: 103.26028862923607
New op index: 119	$R_{YX-XY}$(11)
Current grad: 98.71053418574272
New op index: 34	$R_Y$(11)
Current grad: 168.50270840073165
New op index: 119	$R_{YX-XY}$(11)
Current grad: 94.57926818080585
New op index: 129	$R_{YX-XY}$(16)
Current grad: 88.64711804729401
New op index: 52	$R_Y$(17)
Current grad: 156.5268404057679
New op index: 129	$R_{YX-XY}$(16)
Current grad: 85.23325382182561
New op index: 135	$R_{YX-XY}$(19)
Current grad: 80.47757142866918
New op index: 61	$R_Y$(20)
Current grad: 150.28850972302692
New op index: 135	$R_{YX-XY}$(19)
Current grad: 76.28997076037668
New op index: 145	$R_{YX-XY}$(24)
Current grad: 70.42917843276187
New op index: 73	$R_Y$(24)
Current grad: 144.37300427138013
New op index: 145	$R_{YX-XY}$(24)
Current grad: 66.81926090409233
New op index: 151	$R_{YX-XY}$(27)
Current grad: 62.277357816233284
New op index: 82	$R_Y$(27)
Current grad: 132.10145111177968
New op index: 151	$R_{YX-XY}$(27)
Current grad: 58.15037998827907
New op index: 141	$R_{YX-XY}$(22)
Current grad: 52.21373106397246
New op index: 67	$R_Y$(22)
Current grad: 120.77575732329501
New op index: 141	$R_{YX-XY}$(22)
Current grad: 49.08568314791416
New op index: 155	$R_{YX-XY}$(29)
Current grad: 44.2813235568797
New op index: 91	$R_Y$(30)
Current grad: 114.40607278918175
New op index: 155	$R_{YX-XY}$(29)
Current grad: 43.33873436037908
New op index: 123	$R_{YX-XY}$(13)
Current grad: 37.566603832231436
New op index: 43	$R_Y$(14)
Current grad: 107.80371808579903
New op index: 123	$R_{YX-XY}$(13)
Current grad: 35.971263373643794
New op index: 109	$R_{YX-XY}$(6)
Current grad: 30.16615236503662
New op index: 19	$R_Y$(6)
Current grad: 98.30232863215915
New op index: 109	$R_{YX-XY}$(6)
Current grad: 30.137050753711904
New op index: 55	$R_Y$(18)
Current grad: 25.252898783809698
New op index: 31	$R_Y$(10)
Current grad: 356.38742447562254
New op index: 10	$R_Y$(3)
Current grad: 22.006073282004493
New op index: 46	$R_Y$(15)
Current grad: 257.7649815059988
New op index: 79	$R_Y$(26)
Current grad: 18.186766873869995
New op index: 1	$R_Y$(0)
Current grad: 159.7933173449529
New op index: 94	$R_Y$(31)
Current grad: 14.878458988275588
New op index: 64	$R_Y$(21)
Current grad: 62.38007163936996
New op index: 146	$R_{XX+YY}$(25)
Current grad: 12.016187314179989
New op index: 138	$R_{XX+YY}$(21)
Current grad: 12.00924646918926
New op index: 138	$R_{XX+YY}$(21)
Current grad: 12.00756469940262
Adding the same operator twice is not sensible, terminating.
Calculating energies for FreeWilson2D(N_x=4, N_y=4, mass=-3.895, r=1.000)
h_im: 0.0
New op index: 99	$R_{YX-XY}$(1)
Current grad: 108.86842105263102
0:	0.00e+00	0.00e+00
1:	-9.47e-01	0.00e+00
2:	0.00e+00	0.00e+00
3:	0.00e+00	0.00e+00
4:	1.20e+00	0.00e+00
5:	2.50e-01	0.00e+00
6:	0.00e+00	0.00e+00
7:	-1.20e+00	0.00e+00
8:	-2.50e-01	0.00e+00
9:	0.00e+00	0.00e+00
10:	1.20e+00	0.00e+00
11:	2.50e-01	0.00e+00
12:	0.00e+00	0.00e+00
13:	-1.20e+00	0.00e+00
14:	-2.50e-01	0.00e+00
15:	0.00e+00	0.00e+00
16:	1.20e+00	0.00e+00
17:	2.50e-01	0.00e+00
18:	0.00e+00	0.00e+00
19:	-1.20e+00	0.00e+00
20:	-2.50e-01	0.00e+00
21:	0.00e+00	0.00e+00
22:	6.97e-01	-2.50e-01
23:	0.00e+00	-2.50e-01
24:	0.00e+00	0.00e+00
25:	1.20e+00	-2.50e-01
26:	0.00e+00	-2.50e-01
27:	0.00e+00	0.00e+00
28:	-1.20e+00	0.00e+00
29:	-2.50e-01	0.00e+00
30:	0.00e+00	0.00e+00
31:	1.20e+00	0.00e+00
32:	2.50e-01	0.00e+00
33:	0.00e+00	0.00e+00
34:	-1.20e+00	0.00e+00
35:	-2.50e-01	0.00e+00
36:	0.00e+00	0.00e+00
37:	1.20e+00	0.00e+00
38:	2.50e-01	0.00e+00
39:	0.00e+00	0.00e+00
40:	-1.20e+00	0.00e+00
41:	-2.50e-01	0.00e+00
42:	0.00e+00	0.00e+00
43:	1.20e+00	0.00e+00
44:	2.50e-01	0.00e+00
45:	0.00e+00	0.00e+00
46:	-6.97e-01	2.50e-01
47:	0.00e+00	2.50e-01
48:	0.00e+00	0.00e+00
49:	-1.20e+00	2.50e-01
50:	0.00e+00	2.50e-01
51:	0.00e+00	0.00e+00
52:	1.20e+00	0.00e+00
53:	2.50e-01	0.00e+00
54:	0.00e+00	0.00e+00
55:	-1.20e+00	0.00e+00
56:	-2.50e-01	0.00e+00
57:	0.00e+00	0.00e+00
58:	1.20e+00	0.00e+00
59:	2.50e-01	0.00e+00
60:	0.00e+00	0.00e+00
61:	-1.20e+00	0.00e+00
62:	-2.50e-01	0.00e+00
63:	0.00e+00	0.00e+00
64:	1.20e+00	0.00e+00
65:	2.50e-01	0.00e+00
66:	0.00e+00	0.00e+00
67:	-1.20e+00	0.00e+00
68:	-2.50e-01	0.00e+00
69:	0.00e+00	0.00e+00
70:	6.97e-01	-2.50e-01
71:	0.00e+00	-2.50e-01
72:	0.00e+00	0.00e+00
73:	1.20e+00	-2.50e-01
74:	0.00e+00	-2.50e-01
75:	0.00e+00	0.00e+00
76:	-1.20e+00	0.00e+00
77:	-2.50e-01	0.00e+00
78:	0.00e+00	0.00e+00
79:	1.20e+00	0.00e+00
80:	2.50e-01	0.00e+00
81:	0.00e+00	0.00e+00
82:	-1.20e+00	0.00e+00
83:	-2.50e-01	0.00e+00
84:	0.00e+00	0.00e+00
85:	1.20e+00	0.00e+00
86:	2.50e-01	0.00e+00
87:	0.00e+00	0.00e+00
88:	-1.20e+00	0.00e+00
89:	-2.50e-01	0.00e+00
90:	0.00e+00	0.00e+00
91:	1.20e+00	0.00e+00
92:	2.50e-01	0.00e+00
93:	0.00e+00	0.00e+00
94:	-9.47e-01	0.00e+00
95:	0.00e+00	0.00e+00
96:	0.00e+00	0.00e+00
97:	-2.14e+00	0.00e+00
98:	0.00e+00	0.00e+00
99:	2.39e+00	0.00e+00
100:	0.00e+00	0.00e+00
101:	-2.39e+00	0.00e+00
102:	0.00e+00	0.00e+00
103:	2.39e+00	0.00e+00
104:	0.00e+00	0.00e+00
105:	-2.39e+00	0.00e+00
106:	0.00e+00	0.00e+00
107:	2.39e+00	0.00e+00
108:	0.00e+00	-2.50e-01
109:	-1.89e+00	-2.50e-01
110:	0.00e+00	0.00e+00
111:	-5.00e-01	-1.00e+00
112:	0.00e+00	-2.50e-01
113:	2.39e+00	-2.50e-01
114:	0.00e+00	0.00e+00
115:	-2.39e+00	0.00e+00
116:	0.00e+00	0.00e+00
117:	2.39e+00	0.00e+00
118:	0.00e+00	0.00e+00
119:	-2.39e+00	0.00e+00
120:	0.00e+00	0.00e+00
121:	2.39e+00	0.00e+00
122:	0.00e+00	0.00e+00
123:	-2.39e+00	0.00e+00
124:	0.00e+00	2.50e-01
125:	1.89e+00	2.50e-01
126:	0.00e+00	0.00e+00
127:	5.00e-01	1.00e+00
128:	0.00e+00	2.50e-01
129:	-2.39e+00	2.50e-01
130:	0.00e+00	0.00e+00
131:	2.39e+00	0.00e+00
132:	0.00e+00	0.00e+00
133:	-2.39e+00	0.00e+00
134:	0.00e+00	0.00e+00
135:	2.39e+00	0.00e+00
136:	0.00e+00	0.00e+00
137:	-2.39e+00	0.00e+00
138:	0.00e+00	0.00e+00
139:	2.39e+00	0.00e+00
140:	0.00e+00	-2.50e-01
141:	-1.89e+00	-2.50e-01
142:	0.00e+00	0.00e+00
143:	-5.00e-01	-1.00e+00
144:	0.00e+00	-2.50e-01
145:	2.39e+00	-2.50e-01
146:	0.00e+00	0.00e+00
147:	-2.39e+00	0.00e+00
148:	0.00e+00	0.00e+00
149:	2.39e+00	0.00e+00
150:	0.00e+00	0.00e+00
151:	-2.39e+00	0.00e+00
152:	0.00e+00	0.00e+00
153:	2.39e+00	0.00e+00
154:	0.00e+00	0.00e+00
155:	-2.39e+00	0.00e+00
156:	0.00e+00	0.00e+00
157:	2.14e+00	0.00e+00
New op index: 7	$R_Y$(2)
Current grad: 180.34108201220323
New op index: 99	$R_{YX-XY}$(1)
Current grad: 105.24294029131889
New op index: 105	$R_{YX-XY}$(4)
Current grad: 100.29512271938694
New op index: 16	$R_Y$(5)
Current grad: 172.52798331796996
New op index: 105	$R_{YX-XY}$(4)
Current grad: 95.2025487205093
New op index: 113	$R_{YX-XY}$(8)
Current grad: 91.70686324070624
New op index: 25	$R_Y$(8)
Current grad: 167.74789576974356
New op index: 113	$R_{YX-XY}$(8)
Current grad: 88.46976599367275
New op index: 119	$R_{YX-XY}$(11)
Current grad: 84.78963655189764
New op index: 34	$R_Y$(11)
Current grad: 156.33130743488502
New op index: 119	$R_{YX-XY}$(11)
Current grad: 81.44737011497931
New op index: 129	$R_{YX-XY}$(16)
Current grad: 76.450827257793
New op index: 52	$R_Y$(17)
Current grad: 145.44337027267719
New op index: 129	$R_{YX-XY}$(16)
Current grad: 73.32877006371423
New op index: 135	$R_{YX-XY}$(19)
Current grad: 69.53313687836449
New op index: 61	$R_Y$(20)
Current grad: 141.14237586165376
New op index: 135	$R_{YX-XY}$(19)
Current grad: 66.11957680267292
New op index: 145	$R_{YX-XY}$(24)
Current grad: 61.17323112320002
New op index: 73	$R_Y$(24)
Current grad: 137.18862562099676
New op index: 145	$R_{YX-XY}$(24)
Current grad: 57.94649117012455
New op index: 151	$R_{YX-XY}$(27)
Current grad: 54.29746316361417
New op index: 82	$R_Y$(27)
Current grad: 125.82618237256249
New op index: 151	$R_{YX-XY}$(27)
Current grad: 50.9250575409565
New op index: 139	$R_{YX-XY}$(21)
Current grad: 45.92774379918841
New op index: 67	$R_Y$(22)
Current grad: 116.8414989185625
New op index: 139	$R_{YX-XY}$(21)
Current grad: 44.06735481551852
New op index: 123	$R_{YX-XY}$(13)
Current grad: 39.248818489907876
New op index: 43	$R_Y$(14)
Current grad: 110.69089944966368
New op index: 123	$R_{YX-XY}$(13)
Current grad: 37.969037315207935
New op index: 155	$R_{YX-XY}$(29)
Current grad: 33.10739783586311
New op index: 91	$R_Y$(30)
Current grad: 104.27956723344244
New op index: 155	$R_{YX-XY}$(29)
Current grad: 31.556277803889863
New op index: 109	$R_{YX-XY}$(6)
Current grad: 26.704986202797123
New op index: 19	$R_Y$(6)
Current grad: 95.35397948762548
New op index: 109	$R_{YX-XY}$(6)
Current grad: 26.661962294891854
New op index: 122	$R_{XX+YY}$(13)
Current grad: 22.640423878772665
New op index: 138	$R_{XX+YY}$(21)
Current grad: 21.957878941042402
New op index: 118	$R_{XX+YY}$(11)
Current grad: 21.31950148415887
New op index: 154	$R_{XX+YY}$(29)
Current grad: 20.595559891002424
New op index: 150	$R_{XX+YY}$(27)
Current grad: 19.91036534465963
New op index: 106	$R_{XX+YY}$(5)
Current grad: 19.256542076009577
New op index: 134	$R_{XX+YY}$(19)
Current grad: 19.212728659860556
New op index: 98	$R_{XX+YY}$(1)
Current grad: 17.8697280139488
New op index: 55	$R_Y$(18)
Current grad: 17.195818518979898
New op index: 79	$R_Y$(26)
Current grad: 349.20467815252323
New op index: 130	$R_{XX+YY}$(17)
Current grad: 16.19427952735775
New op index: 146	$R_{XX+YY}$(25)
Current grad: 16.192708168314923
New op index: 70	$R_Y$(23)
Current grad: 14.669460662040155
New op index: 1	$R_Y$(0)
Current grad: 237.53165172711624
New op index: 94	$R_Y$(31)
Current grad: 10.740259584237169
New op index: 31	$R_Y$(10)
Current grad: 153.09693576049108
New op index: 114	$R_{XX+YY}$(9)
Current grad: 7.6605344919485425
New op index: 114	$R_{XX+YY}$(9)
Current grad: 7.679147886149081
Adding the same operator twice is not sensible, terminating.
Calculating energies for FreeWilson2D(N_x=4, N_y=4, mass=-3.474, r=1.000)
h_im: 0.0
New op index: 99	$R_{YX-XY}$(1)
Current grad: 90.34210526315745
0:	0.00e+00	0.00e+00
1:	-7.37e-01	0.00e+00
2:	0.00e+00	0.00e+00
3:	0.00e+00	0.00e+00
4:	9.87e-01	0.00e+00
5:	2.50e-01	0.00e+00
6:	0.00e+00	0.00e+00
7:	-9.87e-01	0.00e+00
8:	-2.50e-01	0.00e+00
9:	0.00e+00	0.00e+00
10:	9.87e-01	0.00e+00
11:	2.50e-01	0.00e+00
12:	0.00e+00	0.00e+00
13:	-9.87e-01	0.00e+00
14:	-2.50e-01	0.00e+00
15:	0.00e+00	0.00e+00
16:	9.87e-01	0.00e+00
17:	2.50e-01	0.00e+00
18:	0.00e+00	0.00e+00
19:	-9.87e-01	0.00e+00
20:	-2.50e-01	0.00e+00
21:	0.00e+00	0.00e+00
22:	4.87e-01	-2.50e-01
23:	0.00e+00	-2.50e-01
24:	0.00e+00	0.00e+00
25:	9.87e-01	-2.50e-01
26:	0.00e+00	-2.50e-01
27:	0.00e+00	0.00e+00
28:	-9.87e-01	0.00e+00
29:	-2.50e-01	0.00e+00
30:	0.00e+00	0.00e+00
31:	9.87e-01	0.00e+00
32:	2.50e-01	0.00e+00
33:	0.00e+00	0.00e+00
34:	-9.87e-01	0.00e+00
35:	-2.50e-01	0.00e+00
36:	0.00e+00	0.00e+00
37:	9.87e-01	0.00e+00
38:	2.50e-01	0.00e+00
39:	0.00e+00	0.00e+00
40:	-9.87e-01	0.00e+00
41:	-2.50e-01	0.00e+00
42:	0.00e+00	0.00e+00
43:	9.87e-01	0.00e+00
44:	2.50e-01	0.00e+00
45:	0.00e+00	0.00e+00
46:	-4.87e-01	2.50e-01
47:	0.00e+00	2.50e-01
48:	0.00e+00	0.00e+00
49:	-9.87e-01	2.50e-01
50:	0.00e+00	2.50e-01
51:	0.00e+00	0.00e+00
52:	9.87e-01	0.00e+00
53:	2.50e-01	0.00e+00
54:	0.00e+00	0.00e+00
55:	-9.87e-01	0.00e+00
56:	-2.50e-01	0.00e+00
57:	0.00e+00	0.00e+00
58:	9.87e-01	0.00e+00
59:	2.50e-01	0.00e+00
60:	0.00e+00	0.00e+00
61:	-9.87e-01	0.00e+00
62:	-2.50e-01	0.00e+00
63:	0.00e+00	0.00e+00
64:	9.87e-01	0.00e+00
65:	2.50e-01	0.00e+00
66:	0.00e+00	0.00e+00
67:	-9.87e-01	0.00e+00
68:	-2.50e-01	0.00e+00
69:	0.00e+00	0.00e+00
70:	4.87e-01	-2.50e-01
71:	0.00e+00	-2.50e-01
72:	0.00e+00	0.00e+00
73:	9.87e-01	-2.50e-01
74:	0.00e+00	-2.50e-01
75:	0.00e+00	0.00e+00
76:	-9.87e-01	0.00e+00
77:	-2.50e-01	0.00e+00
78:	0.00e+00	0.00e+00
79:	9.87e-01	0.00e+00
80:	2.50e-01	0.00e+00
81:	0.00e+00	0.00e+00
82:	-9.87e-01	0.00e+00
83:	-2.50e-01	0.00e+00
84:	0.00e+00	0.00e+00
85:	9.87e-01	0.00e+00
86:	2.50e-01	0.00e+00
87:	0.00e+00	0.00e+00
88:	-9.87e-01	0.00e+00
89:	-2.50e-01	0.00e+00
90:	0.00e+00	0.00e+00
91:	9.87e-01	0.00e+00
92:	2.50e-01	0.00e+00
93:	0.00e+00	0.00e+00
94:	-7.37e-01	0.00e+00
95:	0.00e+00	0.00e+00
96:	0.00e+00	0.00e+00
97:	-1.72e+00	0.00e+00
98:	0.00e+00	0.00e+00
99:	1.97e+00	0.00e+00
100:	0.00e+00	0.00e+00
101:	-1.97e+00	0.00e+00
102:	0.00e+00	0.00e+00
103:	1.97e+00	0.00e+00
104:	0.00e+00	0.00e+00
105:	-1.97e+00	0.00e+00
106:	0.00e+00	0.00e+00
107:	1.97e+00	0.00e+00
108:	0.00e+00	-2.50e-01
109:	-1.47e+00	-2.50e-01
110:	0.00e+00	0.00e+00
111:	-5.00e-01	-1.00e+00
112:	0.00e+00	-2.50e-01
113:	1.97e+00	-2.50e-01
114:	0.00e+00	0.00e+00
115:	-1.97e+00	0.00e+00
116:	0.00e+00	0.00e+00
117:	1.97e+00	0.00e+00
118:	0.00e+00	0.00e+00
119:	-1.97e+00	0.00e+00
120:	0.00e+00	0.00e+00
121:	1.97e+00	0.00e+00
122:	0.00e+00	0.00e+00
123:	-1.97e+00	0.00e+00
124:	0.00e+00	2.50e-01
125:	1.47e+00	2.50e-01
126:	0.00e+00	0.00e+00
127:	5.00e-01	1.00e+00
128:	0.00e+00	2.50e-01
129:	-1.97e+00	2.50e-01
130:	0.00e+00	0.00e+00
131:	1.97e+00	0.00e+00
132:	0.00e+00	0.00e+00
133:	-1.97e+00	0.00e+00
134:	0.00e+00	0.00e+00
135:	1.97e+00	0.00e+00
136:	0.00e+00	0.00e+00
137:	-1.97e+00	0.00e+00
138:	0.00e+00	0.00e+00
139:	1.97e+00	0.00e+00
140:	0.00e+00	-2.50e-01
141:	-1.47e+00	-2.50e-01
142:	0.00e+00	0.00e+00
143:	-5.00e-01	-1.00e+00
144:	0.00e+00	-2.50e-01
145:	1.97e+00	-2.50e-01
146:	0.00e+00	0.00e+00
147:	-1.97e+00	0.00e+00
148:	0.00e+00	0.00e+00
149:	1.97e+00	0.00e+00
150:	0.00e+00	0.00e+00
151:	-1.97e+00	0.00e+00
152:	0.00e+00	0.00e+00
153:	1.97e+00	0.00e+00
154:	0.00e+00	0.00e+00
155:	-1.97e+00	0.00e+00
156:	0.00e+00	0.00e+00
157:	1.72e+00	0.00e+00
New op index: 7	$R_Y$(2)
Current grad: 164.0083383662541
New op index: 99	$R_{YX-XY}$(1)
Current grad: 87.49983753672362
New op index: 105	$R_{YX-XY}$(4)
Current grad: 83.45479620261233
New op index: 13	$R_Y$(4)
Current grad: 157.8276660230039
New op index: 105	$R_{YX-XY}$(4)
Current grad: 79.16648371784059
New op index: 113	$R_{YX-XY}$(8)
Current grad: 76.56781062562095
New op index: 25	$R_Y$(8)
Current grad: 155.40476964663313
New op index: 113	$R_{YX-XY}$(8)
Current grad: 73.69504928269805
New op index: 119	$R_{YX-XY}$(11)
Current grad: 70.90582962784946
New op index: 34	$R_Y$(11)
Current grad: 144.62413640342842
New op index: 119	$R_{YX-XY}$(11)
Current grad: 68.3282541482756
New op index: 129	$R_{YX-XY}$(16)
Current grad: 64.25794296508428
New op index: 52	$R_Y$(17)
Current grad: 134.566014815375
New op index: 129	$R_{YX-XY}$(16)
Current grad: 61.47246087606217
New op index: 135	$R_{YX-XY}$(19)
Current grad: 58.57877509926826
New op index: 61	$R_Y$(20)
Current grad: 132.33320605066604
New op index: 135	$R_{YX-XY}$(19)
Current grad: 55.96295721471782
New op index: 145	$R_{YX-XY}$(24)
Current grad: 51.93201669408911
New op index: 73	$R_Y$(24)
Current grad: 130.8096628003088
New op index: 145	$R_{YX-XY}$(24)
Current grad: 49.06342947395947
New op index: 151	$R_{YX-XY}$(27)
Current grad: 46.27279357373372
New op index: 82	$R_Y$(27)
Current grad: 120.03301168835786
New op index: 151	$R_{YX-XY}$(27)
Current grad: 43.709835529618125
New op index: 155	$R_{YX-XY}$(29)
Current grad: 39.64076182819958
New op index: 91	$R_Y$(30)
Current grad: 112.26434008838577
New op index: 155	$R_{YX-XY}$(29)
Current grad: 38.35300175167294
New op index: 141	$R_{YX-XY}$(22)
Current grad: 34.46595104041239
New op index: 67	$R_Y$(22)
Current grad: 105.6620833373945
New op index: 141	$R_{YX-XY}$(22)
Current grad: 32.9113885508468
New op index: 123	$R_{YX-XY}$(13)
Current grad: 30.015016895367722
New op index: 43	$R_Y$(14)
Current grad: 102.94528346716388
New op index: 123	$R_{YX-XY}$(13)
Current grad: 29.02726056698178
New op index: 109	$R_{YX-XY}$(6)
Current grad: 25.135401060581717
New op index: 19	$R_Y$(6)
Current grad: 94.33930463242592
New op index: 109	$R_{YX-XY}$(6)
Current grad: 24.97379887573956
New op index: 118	$R_{XX+YY}$(11)
Current grad: 21.91180332382958
New op index: 122	$R_{XX+YY}$(13)
Current grad: 21.311630387203856
New op index: 106	$R_{XX+YY}$(5)
Current grad: 20.727165185300127
New op index: 154	$R_{XX+YY}$(29)
Current grad: 20.71161182367846
New op index: 150	$R_{XX+YY}$(27)
Current grad: 19.53216831480901
New op index: 98	$R_{XX+YY}$(1)
Current grad: 18.926227329342975
New op index: 134	$R_{XX+YY}$(19)
Current grad: 18.339505966244104
New op index: 127	$R_{YX-XY}$(15)
Current grad: 17.75017548344458
New op index: 79	$R_Y$(26)
Current grad: 17.51862456693297
New op index: 55	$R_Y$(18)
Current grad: 365.6257058630782
New op index: 146	$R_{XX+YY}$(25)
Current grad: 14.796372542440936
New op index: 146	$R_{XX+YY}$(25)
Current grad: 14.798641863899043
Adding the same operator twice is not sensible, terminating.
Calculating energies for FreeWilson2D(N_x=4, N_y=4, mass=-3.053, r=1.000)
h_im: 0.0
New op index: 99	$R_{YX-XY}$(1)
Current grad: 71.81578947368386
0:	0.00e+00	0.00e+00
1:	-5.26e-01	0.00e+00
2:	0.00e+00	0.00e+00
3:	0.00e+00	0.00e+00
4:	7.76e-01	0.00e+00
5:	2.50e-01	0.00e+00
6:	0.00e+00	0.00e+00
7:	-7.76e-01	0.00e+00
8:	-2.50e-01	0.00e+00
9:	0.00e+00	0.00e+00
10:	7.76e-01	0.00e+00
11:	2.50e-01	0.00e+00
12:	0.00e+00	0.00e+00
13:	-7.76e-01	0.00e+00
14:	-2.50e-01	0.00e+00
15:	0.00e+00	0.00e+00
16:	7.76e-01	0.00e+00
17:	2.50e-01	0.00e+00
18:	0.00e+00	0.00e+00
19:	-7.76e-01	0.00e+00
20:	-2.50e-01	0.00e+00
21:	0.00e+00	0.00e+00
22:	2.76e-01	-2.50e-01
23:	0.00e+00	-2.50e-01
24:	0.00e+00	0.00e+00
25:	7.76e-01	-2.50e-01
26:	0.00e+00	-2.50e-01
27:	0.00e+00	0.00e+00
28:	-7.76e-01	0.00e+00
29:	-2.50e-01	0.00e+00
30:	0.00e+00	0.00e+00
31:	7.76e-01	0.00e+00
32:	2.50e-01	0.00e+00
33:	0.00e+00	0.00e+00
34:	-7.76e-01	0.00e+00
35:	-2.50e-01	0.00e+00
36:	0.00e+00	0.00e+00
37:	7.76e-01	0.00e+00
38:	2.50e-01	0.00e+00
39:	0.00e+00	0.00e+00
40:	-7.76e-01	0.00e+00
41:	-2.50e-01	0.00e+00
42:	0.00e+00	0.00e+00
43:	7.76e-01	0.00e+00
44:	2.50e-01	0.00e+00
45:	0.00e+00	0.00e+00
46:	-2.76e-01	2.50e-01
47:	0.00e+00	2.50e-01
48:	0.00e+00	0.00e+00
49:	-7.76e-01	2.50e-01
50:	0.00e+00	2.50e-01
51:	0.00e+00	0.00e+00
52:	7.76e-01	0.00e+00
53:	2.50e-01	0.00e+00
54:	0.00e+00	0.00e+00
55:	-7.76e-01	0.00e+00
56:	-2.50e-01	0.00e+00
57:	0.00e+00	0.00e+00
58:	7.76e-01	0.00e+00
59:	2.50e-01	0.00e+00
60:	0.00e+00	0.00e+00
61:	-7.76e-01	0.00e+00
62:	-2.50e-01	0.00e+00
63:	0.00e+00	0.00e+00
64:	7.76e-01	0.00e+00
65:	2.50e-01	0.00e+00
66:	0.00e+00	0.00e+00
67:	-7.76e-01	0.00e+00
68:	-2.50e-01	0.00e+00
69:	0.00e+00	0.00e+00
70:	2.76e-01	-2.50e-01
71:	0.00e+00	-2.50e-01
72:	0.00e+00	0.00e+00
73:	7.76e-01	-2.50e-01
74:	0.00e+00	-2.50e-01
75:	0.00e+00	0.00e+00
76:	-7.76e-01	0.00e+00
77:	-2.50e-01	0.00e+00
78:	0.00e+00	0.00e+00
79:	7.76e-01	0.00e+00
80:	2.50e-01	0.00e+00
81:	0.00e+00	0.00e+00
82:	-7.76e-01	0.00e+00
83:	-2.50e-01	0.00e+00
84:	0.00e+00	0.00e+00
85:	7.76e-01	0.00e+00
86:	2.50e-01	0.00e+00
87:	0.00e+00	0.00e+00
88:	-7.76e-01	0.00e+00
89:	-2.50e-01	0.00e+00
90:	0.00e+00	0.00e+00
91:	7.76e-01	0.00e+00
92:	2.50e-01	0.00e+00
93:	0.00e+00	0.00e+00
94:	-5.26e-01	0.00e+00
95:	0.00e+00	0.00e+00
96:	0.00e+00	0.00e+00
97:	-1.30e+00	0.00e+00
98:	0.00e+00	0.00e+00
99:	1.55e+00	0.00e+00
100:	0.00e+00	0.00e+00
101:	-1.55e+00	0.00e+00
102:	0.00e+00	0.00e+00
103:	1.55e+00	0.00e+00
104:	0.00e+00	0.00e+00
105:	-1.55e+00	0.00e+00
106:	0.00e+00	0.00e+00
107:	1.55e+00	0.00e+00
108:	0.00e+00	-2.50e-01
109:	-1.05e+00	-2.50e-01
110:	0.00e+00	0.00e+00
111:	-5.00e-01	-1.00e+00
112:	0.00e+00	-2.50e-01
113:	1.55e+00	-2.50e-01
114:	0.00e+00	0.00e+00
115:	-1.55e+00	0.00e+00
116:	0.00e+00	0.00e+00
117:	1.55e+00	0.00e+00
118:	0.00e+00	0.00e+00
119:	-1.55e+00	0.00e+00
120:	0.00e+00	0.00e+00
121:	1.55e+00	0.00e+00
122:	0.00e+00	0.00e+00
123:	-1.55e+00	0.00e+00
124:	0.00e+00	2.50e-01
125:	1.05e+00	2.50e-01
126:	0.00e+00	0.00e+00
127:	5.00e-01	1.00e+00
128:	0.00e+00	2.50e-01
129:	-1.55e+00	2.50e-01
130:	0.00e+00	0.00e+00
131:	1.55e+00	0.00e+00
132:	0.00e+00	0.00e+00
133:	-1.55e+00	0.00e+00
134:	0.00e+00	0.00e+00
135:	1.55e+00	0.00e+00
136:	0.00e+00	0.00e+00
137:	-1.55e+00	0.00e+00
138:	0.00e+00	0.00e+00
139:	1.55e+00	0.00e+00
140:	0.00e+00	-2.50e-01
141:	-1.05e+00	-2.50e-01
142:	0.00e+00	0.00e+00
143:	-5.00e-01	-1.00e+00
144:	0.00e+00	-2.50e-01
145:	1.55e+00	-2.50e-01
146:	0.00e+00	0.00e+00
147:	-1.55e+00	0.00e+00
148:	0.00e+00	0.00e+00
149:	1.55e+00	0.00e+00
150:	0.00e+00	0.00e+00
151:	-1.55e+00	0.00e+00
152:	0.00e+00	0.00e+00
153:	1.55e+00	0.00e+00
154:	0.00e+00	0.00e+00
155:	-1.55e+00	0.00e+00
156:	0.00e+00	0.00e+00
157:	1.30e+00	0.00e+00
New op index: 4	$R_Y$(1)
Current grad: 148.50166986360867
New op index: 99	$R_{YX-XY}$(1)
Current grad: 69.79121998762987
New op index: 105	$R_{YX-XY}$(4)
Current grad: 66.61380721332395
New op index: 16	$R_Y$(5)
Current grad: 143.99900483446436
New op index: 105	$R_{YX-XY}$(4)
Current grad: 63.088407643722235
New op index: 113	$R_{YX-XY}$(8)
Current grad: 61.40608915015309
New op index: 25	$R_Y$(8)
Current grad: 144.2231972336003
New op index: 113	$R_{YX-XY}$(8)
Current grad: 58.936999002823654
New op index: 119	$R_{YX-XY}$(11)
Current grad: 57.00285028785137
New op index: 34	$R_Y$(11)
Current grad: 133.7207479103837
New op index: 119	$R_{YX-XY}$(11)
Current grad: 55.23121592283269
New op index: 129	$R_{YX-XY}$(16)
Current grad: 52.04350096404831
New op index: 52	$R_Y$(17)
Current grad: 124.09699760227699
New op index: 129	$R_{YX-XY}$(16)
Current grad: 49.604082016282916
New op index: 135	$R_{YX-XY}$(19)
Current grad: 47.662135643380466
New op index: 61	$R_Y$(20)
Current grad: 124.31908315952076
New op index: 135	$R_{YX-XY}$(19)
Current grad: 45.82216183498291
New op index: 145	$R_{YX-XY}$(24)
Current grad: 42.67274961175849
New op index: 73	$R_Y$(24)
Current grad: 125.49703169605363
New op index: 145	$R_{YX-XY}$(24)
Current grad: 40.193855738353605
New op index: 151	$R_{YX-XY}$(27)
Current grad: 38.300528020611104
New op index: 82	$R_Y$(27)
Current grad: 115.044046996128
New op index: 151	$R_{YX-XY}$(27)
Current grad: 36.48882959885709
New op index: 123	$R_{YX-XY}$(13)
Current grad: 33.30766687527802
New op index: 43	$R_Y$(14)
Current grad: 108.29252110536832
New op index: 123	$R_{YX-XY}$(13)
Current grad: 32.71830825023284
New op index: 139	$R_{YX-XY}$(21)
Current grad: 29.70899031534773
New op index: 67	$R_Y$(22)
Current grad: 104.11806123299317
New op index: 139	$R_{YX-XY}$(21)
Current grad: 28.49381662485979
New op index: 155	$R_{YX-XY}$(29)
Current grad: 25.55513065207375
New op index: 91	$R_Y$(30)
Current grad: 100.24588474536307
New op index: 155	$R_{YX-XY}$(29)
Current grad: 24.618178376136267
New op index: 109	$R_{YX-XY}$(6)
Current grad: 21.678664639786575
New op index: 19	$R_Y$(6)
Current grad: 91.42611407097559
New op index: 109	$R_{YX-XY}$(6)
Current grad: 21.464793400321188
New op index: 154	$R_{XX+YY}$(29)
Current grad: 19.29178739610308
New op index: 118	$R_{XX+YY}$(11)
Current grad: 18.810887643066188
New op index: 138	$R_{XX+YY}$(21)
Current grad: 18.34263112833269
New op index: 106	$R_{XX+YY}$(5)
Current grad: 17.879053547372237
New op index: 106	$R_{XX+YY}$(5)
Current grad: 17.879053547372283
Adding the same operator twice is not sensible, terminating.
Calculating energies for FreeWilson2D(N_x=4, N_y=4, mass=-2.632, r=1.000)
h_im: 0.0
New op index: 99	$R_{YX-XY}$(1)
Current grad: 53.28947368421028
0:	0.00e+00	0.00e+00
1:	-3.16e-01	0.00e+00
2:	0.00e+00	0.00e+00
3:	0.00e+00	0.00e+00
4:	5.66e-01	0.00e+00
5:	2.50e-01	0.00e+00
6:	0.00e+00	0.00e+00
7:	-5.66e-01	0.00e+00
8:	-2.50e-01	0.00e+00
9:	0.00e+00	0.00e+00
10:	5.66e-01	0.00e+00
11:	2.50e-01	0.00e+00
12:	0.00e+00	0.00e+00
13:	-5.66e-01	0.00e+00
14:	-2.50e-01	0.00e+00
15:	0.00e+00	0.00e+00
16:	5.66e-01	0.00e+00
17:	2.50e-01	0.00e+00
18:	0.00e+00	0.00e+00
19:	-5.66e-01	0.00e+00
20:	-2.50e-01	0.00e+00
21:	0.00e+00	0.00e+00
22:	6.58e-02	-2.50e-01
23:	0.00e+00	-2.50e-01
24:	0.00e+00	0.00e+00
25:	5.66e-01	-2.50e-01
26:	0.00e+00	-2.50e-01
27:	0.00e+00	0.00e+00
28:	-5.66e-01	0.00e+00
29:	-2.50e-01	0.00e+00
30:	0.00e+00	0.00e+00
31:	5.66e-01	0.00e+00
32:	2.50e-01	0.00e+00
33:	0.00e+00	0.00e+00
34:	-5.66e-01	0.00e+00
35:	-2.50e-01	0.00e+00
36:	0.00e+00	0.00e+00
37:	5.66e-01	0.00e+00
38:	2.50e-01	0.00e+00
39:	0.00e+00	0.00e+00
40:	-5.66e-01	0.00e+00
41:	-2.50e-01	0.00e+00
42:	0.00e+00	0.00e+00
43:	5.66e-01	0.00e+00
44:	2.50e-01	0.00e+00
45:	0.00e+00	0.00e+00
46:	-6.58e-02	2.50e-01
47:	0.00e+00	2.50e-01
48:	0.00e+00	0.00e+00
49:	-5.66e-01	2.50e-01
50:	0.00e+00	2.50e-01
51:	0.00e+00	0.00e+00
52:	5.66e-01	0.00e+00
53:	2.50e-01	0.00e+00
54:	0.00e+00	0.00e+00
55:	-5.66e-01	0.00e+00
56:	-2.50e-01	0.00e+00
57:	0.00e+00	0.00e+00
58:	5.66e-01	0.00e+00
59:	2.50e-01	0.00e+00
60:	0.00e+00	0.00e+00
61:	-5.66e-01	0.00e+00
62:	-2.50e-01	0.00e+00
63:	0.00e+00	0.00e+00
64:	5.66e-01	0.00e+00
65:	2.50e-01	0.00e+00
66:	0.00e+00	0.00e+00
67:	-5.66e-01	0.00e+00
68:	-2.50e-01	0.00e+00
69:	0.00e+00	0.00e+00
70:	6.58e-02	-2.50e-01
71:	0.00e+00	-2.50e-01
72:	0.00e+00	0.00e+00
73:	5.66e-01	-2.50e-01
74:	0.00e+00	-2.50e-01
75:	0.00e+00	0.00e+00
76:	-5.66e-01	0.00e+00
77:	-2.50e-01	0.00e+00
78:	0.00e+00	0.00e+00
79:	5.66e-01	0.00e+00
80:	2.50e-01	0.00e+00
81:	0.00e+00	0.00e+00
82:	-5.66e-01	0.00e+00
83:	-2.50e-01	0.00e+00
84:	0.00e+00	0.00e+00
85:	5.66e-01	0.00e+00
86:	2.50e-01	0.00e+00
87:	0.00e+00	0.00e+00
88:	-5.66e-01	0.00e+00
89:	-2.50e-01	0.00e+00
90:	0.00e+00	0.00e+00
91:	5.66e-01	0.00e+00
92:	2.50e-01	0.00e+00
93:	0.00e+00	0.00e+00
94:	-3.16e-01	0.00e+00
95:	0.00e+00	0.00e+00
96:	0.00e+00	0.00e+00
97:	-8.82e-01	0.00e+00
98:	0.00e+00	0.00e+00
99:	1.13e+00	0.00e+00
100:	0.00e+00	0.00e+00
101:	-1.13e+00	0.00e+00
102:	0.00e+00	0.00e+00
103:	1.13e+00	0.00e+00
104:	0.00e+00	0.00e+00
105:	-1.13e+00	0.00e+00
106:	0.00e+00	0.00e+00
107:	1.13e+00	0.00e+00
108:	0.00e+00	-2.50e-01
109:	-6.32e-01	-2.50e-01
110:	0.00e+00	0.00e+00
111:	-5.00e-01	-1.00e+00
112:	0.00e+00	-2.50e-01
113:	1.13e+00	-2.50e-01
114:	0.00e+00	0.00e+00
115:	-1.13e+00	0.00e+00
116:	0.00e+00	0.00e+00
117:	1.13e+00	0.00e+00
118:	0.00e+00	0.00e+00
119:	-1.13e+00	0.00e+00
120:	0.00e+00	0.00e+00
121:	1.13e+00	0.00e+00
122:	0.00e+00	0.00e+00
123:	-1.13e+00	0.00e+00
124:	0.00e+00	2.50e-01
125:	6.32e-01	2.50e-01
126:	0.00e+00	0.00e+00
127:	5.00e-01	1.00e+00
128:	0.00e+00	2.50e-01
129:	-1.13e+00	2.50e-01
130:	0.00e+00	0.00e+00
131:	1.13e+00	0.00e+00
132:	0.00e+00	0.00e+00
133:	-1.13e+00	0.00e+00
134:	0.00e+00	0.00e+00
135:	1.13e+00	0.00e+00
136:	0.00e+00	0.00e+00
137:	-1.13e+00	0.00e+00
138:	0.00e+00	0.00e+00
139:	1.13e+00	0.00e+00
140:	0.00e+00	-2.50e-01
141:	-6.32e-01	-2.50e-01
142:	0.00e+00	0.00e+00
143:	-5.00e-01	-1.00e+00
144:	0.00e+00	-2.50e-01
145:	1.13e+00	-2.50e-01
146:	0.00e+00	0.00e+00
147:	-1.13e+00	0.00e+00
148:	0.00e+00	0.00e+00
149:	1.13e+00	0.00e+00
150:	0.00e+00	0.00e+00
151:	-1.13e+00	0.00e+00
152:	0.00e+00	0.00e+00
153:	1.13e+00	0.00e+00
154:	0.00e+00	0.00e+00
155:	-1.13e+00	0.00e+00
156:	0.00e+00	0.00e+00
157:	8.82e-01	0.00e+00
New op index: 4	$R_Y$(1)
Current grad: 134.96447522687671
New op index: 99	$R_{YX-XY}$(1)
Current grad: 52.07573360587712
New op index: 105	$R_{YX-XY}$(4)
Current grad: 49.77119781537489
New op index: 13	$R_Y$(4)
