Start 2026-07-30 12:46:02 | 26737339 MyPyJob | lmnode193 | /home/s6nidich_hpc/PycharmProjects/QC-MasterThesis 

Used python interpreter:
/home/s6nidich_hpc/PycharmProjects/QC-MasterThesis/.venv_intel_3_12_3/bin/python
Python version:
Python 3.12.3

Currently Loaded Modules:
  1) GCCcore/14.3.0                    8) Tcl/9.0.1-GCCcore-14.3.0
  2) zlib/1.3.1-GCCcore-14.3.0         9) SQLite/3.50.1-GCCcore-14.3.0
  3) binutils/2.44-GCCcore-14.3.0     10) XZ/5.8.1-GCCcore-14.3.0
  4) bzip2/1.0.8-GCCcore-14.3.0       11) libffi/3.5.1-GCCcore-14.3.0
  5) ncurses/6.5-GCCcore-14.3.0       12) OpenSSL/3
  6) libreadline/8.2-GCCcore-14.3.0   13) Python/3.13.5-GCCcore-14.3.0
  7) libtommath/1.3.0-GCCcore-14.3.0

 

Start of Program:

-----Beginning pprint-----
/:
	Attributes:
-----Ending pprint-----
Calculating energies for FreeWilson2D(N_x=2, N_y=2, mass=-6.000, r=1.000)
h_im: 0.0
[0.]
[2.0943951]
[0.]
[2.0943951]
[-2.0943951]
[2.0943951]
[0.]
[2.0943951]
[0.]
[0.]
[-2.0943951]
[2.0943951]
[0.]
[-2.0943951]
[2.0943951]
[0.]
[2.0943951]
[0.]
[0.]
[-2.0943951]
[0.]
[0.]
[2.0943951]
[0.]
[2.0943951]
[2.0943951]
[2.0943951]
[0.]
[0.]
[0.]
[0.]
[2.0943951]
[2.0943951]
[0.]
[0.]
[0.]
[0.]
[2.0943951]
[2.0943951]
[0.]
[0.]
[0.]
[0.]
[0.]
[0.]
New op index: 13	$R_Y$[4]
Current grad: 17.999999999999986
242.49999999999991 
 [42.         43.99999999 42.         42.         44.49999999 42.
 42.         44.49999999 42.         42.         44.56155281 43.
 42.         44.56155281 43.         42.         44.49999999 42.
 42.         44.49999999 42.         42.         43.99999999 42.
 42.         42.         42.         42.         42.         42.
 42.         43.         43.         42.         42.         42.
 42.         43.         43.         42.         42.         42.
 42.         42.         42.        ]
Optimization terminated successfully    (Exit mode 0)
            Current function value: 197.9384471871961
            Iterations: 1
            Function evaluations: 2
            Gradient evaluations: 1
[-2.0943951  0.       ]
[-2.0943951  2.0943951]
[-2.0943951  0.       ]
[-2.0943951  0.       ]
[ 2.0943951 -2.0943951]
[-2.0943951  0.       ]
[-2.0943951  0.       ]
[-2.0943951  2.0943951]
[-2.0943951  0.       ]
[-2.0943951  0.       ]
[-2.0943951  2.0943951]
[-2.0943951  0.       ]
[-2.0943951  0.       ]
[-2.0943951  0.       ]
[-2.0943951  0.       ]
[-2.0943951  0.       ]
[-2.0943951  2.0943951]
[-2.0943951  0.       ]
[-2.0943951  0.       ]
[ 2.0943951 -2.0943951]
[-2.0943951  0.       ]
[-2.0943951  0.       ]
[-2.0943951  2.0943951]
[-2.0943951  0.       ]
[-2.0943951  0.       ]
[-2.0943951  0.       ]
[-2.0943951  0.       ]
[-2.0943951  0.       ]
[-2.0943951  0.       ]
[-2.0943951  0.       ]
[-2.0943951  0.       ]
[-2.0943951  0.       ]
[-2.0943951  0.       ]
[-2.0943951  0.       ]
[-2.0943951  0.       ]
[-2.0943951  0.       ]
[-2.0943951  0.       ]
[-2.0943951  0.       ]
[-2.0943951  0.       ]
[-2.0943951  0.       ]
[-2.0943951  0.       ]
[-2.0943951  0.       ]
[-2.0943951  0.       ]
[-2.0943951  0.       ]
[-2.0943951  0.       ]
New op index: 7	$R_Y$[2]
Current grad: 340.44373009671204
197.9384471871961 
 [ 0.00000000e+00  5.19408510e+01  0.00000000e+00  0.00000000e+00
  4.84410510e+01  0.00000000e+00  0.00000000e+00  5.24408510e+01
  0.00000000e+00  0.00000000e+00  4.74384472e+01  0.00000000e+00
  0.00000000e+00 -9.76842784e-09  0.00000000e+00  0.00000000e+00
  5.19384472e+01  0.00000000e+00  0.00000000e+00  4.84410510e+01
  0.00000000e+00  0.00000000e+00  5.19408510e+01  0.00000000e+00
  0.00000000e+00  0.00000000e+00  0.00000000e+00  0.00000000e+00
  0.00000000e+00  0.00000000e+00  0.00000000e+00  0.00000000e+00
  0.00000000e+00  0.00000000e+00  0.00000000e+00  0.00000000e+00
  0.00000000e+00  0.00000000e+00  0.00000000e+00  0.00000000e+00
  0.00000000e+00  0.00000000e+00  0.00000000e+00  0.00000000e+00
  0.00000000e+00]
Optimization terminated successfully    (Exit mode 0)
            Current function value: 145.49759620940642
            Iterations: 1
            Function evaluations: 6
            Gradient evaluations: 1
[-2.0943951  2.0943951  2.0943951]
[-2.0943951  2.0943951  2.0943951]
[-2.0943951  2.0943951  2.0943951]
[-2.0943951  2.0943951  2.0943951]
[-2.0943951  2.0943951 -2.0943951]
[-2.0943951  2.0943951  0.       ]
[-2.0943951  2.0943951  0.       ]
[-2.0943951  2.0943951  0.       ]
[-2.0943951  2.0943951  2.0943951]
[-2.0943951  2.0943951  2.0943951]
[-2.0943951  2.0943951 -2.0943951]
[-2.0943951  2.0943951  0.       ]
[-2.0943951  2.0943951  0.       ]
[2.0943951 2.0943951 2.0943951]
[-2.0943951  2.0943951  0.       ]
[-2.0943951  2.0943951  2.0943951]
[-2.0943951  2.0943951  2.0943951]
[-2.0943951  2.0943951  2.0943951]
[-2.0943951  2.0943951  2.0943951]
[-2.0943951  2.0943951 -2.0943951]
[-2.0943951  2.0943951  2.0943951]
[-2.0943951  2.0943951  2.0943951]
[-2.0943951  2.0943951  2.0943951]
[-2.0943951  2.0943951  2.0943951]
[-2.0943951  2.0943951  2.0943951]
[-2.0943951  2.0943951  0.       ]
[-2.0943951  2.0943951  0.       ]
[-2.0943951  2.0943951  0.       ]
[-2.0943951  2.0943951  0.       ]
[-2.0943951  2.0943951  0.       ]
[-2.0943951  2.0943951  0.       ]
[-2.0943951  2.0943951  0.       ]
[-2.0943951  2.0943951  0.       ]
[-2.0943951  2.0943951  0.       ]
[-2.0943951  2.0943951  0.       ]
[-2.0943951  2.0943951  0.       ]
[-2.0943951  2.0943951  0.       ]
[-2.0943951  2.0943951  0.       ]
[-2.0943951  2.0943951  0.       ]
[-2.0943951  2.0943951  2.0943951]
[-2.0943951  2.0943951  2.0943951]
[-2.0943951  2.0943951  2.0943951]
[-2.0943951  2.0943951  2.0943951]
[-2.0943951  2.0943951  2.0943951]
[-2.0943951  2.0943951  2.0943951]
New op index: 19	$R_Y$[6]
Current grad: 12.495203354098273
145.49759620940642 
 [-2.68314295e-08  1.99882162e+00 -2.68314295e-08 -2.68728115e-08
  1.60018005e+00 -2.67238818e-08 -2.67238818e-08 -4.22741664e-09
 -2.66054769e-08 -2.69939733e-08  1.56244121e+00 -2.67238818e-08
 -2.67238818e-08 -6.32152819e-09 -2.67238818e-08 -2.61319144e-08
  1.99759619e+00 -2.61319144e-08 -2.68404676e-08  2.55914894e+00
 -2.68404676e-08 -2.69294844e-08  1.99882162e+00 -2.69294844e-08
 -2.68728115e-08 -2.67238818e-08 -2.67238818e-08 -2.67238818e-08
 -2.67238818e-08 -2.67238818e-08 -2.67238818e-08 -2.67238818e-08
 -2.67238818e-08 -2.67238818e-08 -2.67238818e-08 -2.67238818e-08
 -2.67238818e-08 -2.67238818e-08 -2.67238818e-08 -2.68404676e-08
 -2.68404676e-08 -2.68404676e-08 -2.69294844e-08 -2.69294844e-08
 -2.69294844e-08]
Optimization terminated successfully    (Exit mode 0)
            Current function value: 142.93844723827496
            Iterations: 1
            Function evaluations: 7
            Gradient evaluations: 1
[-2.0943951  2.0943951 -2.0943951  2.0943951]
[-2.0943951  2.0943951 -2.0943951  2.0943951]
[-2.0943951  2.0943951 -2.0943951  2.0943951]
[-2.0943951  2.0943951 -2.0943951  2.0943951]
[-2.0943951  2.0943951 -2.0943951  2.0943951]
[-2.0943951  2.0943951 -2.0943951  0.       ]
[-2.0943951  2.0943951 -2.0943951  0.       ]
[-2.0943951  2.0943951 -2.0943951  0.       ]
[-2.0943951  2.0943951 -2.0943951  2.0943951]
[-2.0943951  2.0943951 -2.0943951  2.0943951]
[ 2.0943951  2.0943951 -2.0943951 -2.0943951]
[-2.0943951  2.0943951 -2.0943951  0.       ]
[-2.0943951  2.0943951 -2.0943951  0.       ]
[ 2.0943951  2.0943951 -2.0943951  2.0943951]
[-2.0943951  2.0943951 -2.0943951  0.       ]
[-2.0943951  2.0943951 -2.0943951  2.0943951]
[-2.0943951  2.0943951 -2.0943951  2.0943951]
[-2.0943951  2.0943951 -2.0943951  0.       ]
[-2.0943951  2.0943951 -2.0943951  0.       ]
[-2.0943951  2.0943951 -2.0943951  0.       ]
[-2.0943951  2.0943951 -2.0943951  2.0943951]
[-2.0943951  2.0943951 -2.0943951  2.0943951]
[-2.0943951  2.0943951 -2.0943951  2.0943951]
[-2.0943951  2.0943951 -2.0943951  0.       ]
[-2.0943951  2.0943951 -2.0943951  2.0943951]
[-2.0943951  2.0943951 -2.0943951  0.       ]
[-2.0943951  2.0943951 -2.0943951  0.       ]
[-2.0943951  2.0943951 -2.0943951  0.       ]
[-2.0943951  2.0943951 -2.0943951  0.       ]
[-2.0943951  2.0943951 -2.0943951  0.       ]
[-2.0943951  2.0943951 -2.0943951  0.       ]
[-2.0943951  2.0943951 -2.0943951  0.       ]
[-2.0943951  2.0943951 -2.0943951  0.       ]
[-2.0943951  2.0943951 -2.0943951  0.       ]
[-2.0943951  2.0943951 -2.0943951  0.       ]
[-2.0943951  2.0943951 -2.0943951  0.       ]
[-2.0943951  2.0943951 -2.0943951  0.       ]
[-2.0943951  2.0943951 -2.0943951  0.       ]
[-2.0943951  2.0943951 -2.0943951  0.       ]
[-2.0943951  2.0943951 -2.0943951  0.       ]
[-2.0943951  2.0943951 -2.0943951  0.       ]
[-2.0943951  2.0943951 -2.0943951  0.       ]
[-2.0943951  2.0943951 -2.0943951  0.       ]
[-2.0943951  2.0943951 -2.0943951  0.       ]
[-2.0943951  2.0943951 -2.0943951  0.       ]
New op index: 1	$R_Y$[0]
Current grad: 244.53861860639
142.93844723827496 
 [-2.83389170e-08  5.19408510e+01 -2.83389170e-08 -2.82364567e-08
  4.74458585e+01 -2.87097919e-08 -2.28802435e-08  7.03730052e-09
 -2.79079018e-08 -2.82651342e-08  4.74432547e+01 -2.87097919e-08
 -2.92494065e-08 -4.14071934e-07 -2.87097919e-08 -2.77719607e-08
  5.14432551e+01 -2.87097919e-08 -2.87097919e-08  4.75506567e-08
 -2.71914757e-08 -2.74046386e-08  5.14432549e+01 -2.87097919e-08
 -2.82364567e-08 -2.87097919e-08 -2.87097919e-08 -2.28802435e-08
 -1.21936353e-07 -2.87097919e-08 -3.79292828e-08  9.42904421e-09
 -2.87097919e-08 -2.92494065e-08 -4.14084411e-08 -2.87097919e-08
 -3.77196727e-08  3.82609358e-08 -2.87097919e-08 -2.87097919e-08
 -2.87097919e-08 -2.87097919e-08 -2.87097919e-08 -2.87097919e-08
 -2.87097919e-08]
Optimization terminated successfully    (Exit mode 0)
            Current function value: 90.99759620940631
            Iterations: 1
            Function evaluations: 8
            Gradient evaluations: 1
[-2.0943951  2.0943951 -2.0943951  2.0943951  0.       ]
[-2.0943951  2.0943951 -2.0943951 -2.0943951 -2.0943951]
[-2.0943951  2.0943951 -2.0943951  2.0943951  2.0943951]
[-2.0943951  2.0943951 -2.0943951  2.0943951  2.0943951]
[-2.0943951  2.0943951 -2.0943951  2.0943951 -2.0943951]
[-2.0943951  2.0943951 -2.0943951  2.0943951  0.       ]
[-2.0943951  2.0943951 -2.0943951  2.0943951  0.       ]
[-2.0943951 -2.0943951 -2.0943951  2.0943951 -2.0943951]
[-2.0943951  2.0943951 -2.0943951  2.0943951  2.0943951]
[-2.0943951  2.0943951 -2.0943951  2.0943951  2.0943951]
[-2.0943951  2.0943951 -2.0943951  2.0943951 -2.0943951]
[-2.0943951  2.0943951 -2.0943951  2.0943951  0.       ]
[-2.0943951  2.0943951 -2.0943951  2.0943951  0.       ]
[-2.0943951  2.0943951 -2.0943951  2.0943951  0.       ]
[-2.0943951  2.0943951 -2.0943951  2.0943951  0.       ]
[-2.0943951  2.0943951 -2.0943951  2.0943951  2.0943951]
[-2.0943951  2.0943951 -2.0943951  2.0943951  2.0943951]
[-2.0943951  2.0943951 -2.0943951  2.0943951  0.       ]
[-2.0943951  2.0943951 -2.0943951  2.0943951  0.       ]
[-2.0943951  2.0943951  2.0943951  2.0943951  2.0943951]
[-2.0943951  2.0943951 -2.0943951  2.0943951  2.0943951]
[-2.0943951  2.0943951 -2.0943951  2.0943951  2.0943951]
[-2.0943951  2.0943951 -2.0943951  2.0943951  2.0943951]
[-2.0943951  2.0943951 -2.0943951  2.0943951  0.       ]
[-2.0943951  2.0943951 -2.0943951  2.0943951  0.       ]
[-2.0943951  2.0943951 -2.0943951  2.0943951  0.       ]
[-2.0943951  2.0943951 -2.0943951  2.0943951  0.       ]
[-2.0943951  2.0943951 -2.0943951  2.0943951  0.       ]
[-2.0943951  2.0943951 -2.0943951  2.0943951  0.       ]
[-2.0943951  2.0943951 -2.0943951  2.0943951  0.       ]
[-2.0943951  2.0943951 -2.0943951  2.0943951  0.       ]
[-2.0943951  2.0943951 -2.0943951  2.0943951  0.       ]
[-2.0943951  2.0943951 -2.0943951  2.0943951  0.       ]
[-2.0943951  2.0943951 -2.0943951  2.0943951  0.       ]
[-2.0943951  2.0943951 -2.0943951  2.0943951  0.       ]
[-2.0943951  2.0943951 -2.0943951  2.0943951  0.       ]
[-2.0943951  2.0943951 -2.0943951  2.0943951  0.       ]
[-2.0943951  2.0943951 -2.0943951  2.0943951  0.       ]
[-2.0943951  2.0943951 -2.0943951  2.0943951  0.       ]
[-2.0943951  2.0943951 -2.0943951  2.0943951  0.       ]
[-2.0943951  2.0943951 -2.0943951  2.0943951  0.       ]
[-2.0943951  2.0943951 -2.0943951  2.0943951  0.       ]
[-2.0943951  2.0943951 -2.0943951  2.0943951  0.       ]
[-2.0943951  2.0943951 -2.0943951  2.0943951  0.       ]
[-2.0943951  2.0943951 -2.0943951  2.0943951  0.       ]
New op index: 4	$R_Y$[1]
Current grad: 8.000015492375951
90.99759620940631 
 [-2.66182667e-08 -4.16542889e-08 -2.67823168e-08 -2.61290296e-08
  1.59897506e+00 -2.62516835e-08 -2.92568814e-08 -2.76876619e-08
 -2.60394160e-08 -2.65201692e-08  1.56244109e+00 -2.62516835e-08
 -2.66461626e-08 -6.07318924e-08 -2.62516835e-08 -2.61452868e-08
  1.56039274e+00 -2.62516835e-08 -2.70494809e-08 -2.73832370e-08
 -2.55277115e-08 -2.66428515e-08  1.56039241e+00 -2.62516835e-08
 -2.84300938e-08 -2.89449673e-08 -2.62516835e-08 -2.92568814e-08
 -2.69434963e-08 -2.62516835e-08 -2.68205156e-08 -2.60786663e-08
 -2.62516835e-08 -2.66461626e-08 -2.88613791e-08 -2.62516835e-08
 -2.63638640e-08 -2.66787907e-08 -2.62516835e-08 -2.70494809e-08
 -2.81051200e-08 -2.62516835e-08 -2.62710813e-08 -2.82597910e-08
 -2.62516835e-08]
Optimization terminated successfully    (Exit mode 0)
            Current function value: 89.39862092261401
            Iterations: 1
            Function evaluations: 8
            Gradient evaluations: 1
[-2.0943951  2.0943951 -2.0943951  2.0943951 -2.0943951  0.       ]
[-2.0943951  2.0943951 -2.0943951  2.0943951 -2.0943951  0.       ]
[-2.0943951  2.0943951 -2.0943951  2.0943951 -2.0943951  0.       ]
[-2.0943951  2.0943951 -2.0943951  2.0943951 -2.0943951  0.       ]
[-2.0943951  2.0943951 -2.0943951  2.0943951 -2.0943951  0.       ]
[-2.0943951  2.0943951 -2.0943951  2.0943951 -2.0943951  2.0943951]
[-2.0943951  2.0943951 -2.0943951  2.0943951 -2.0943951  0.       ]
[-2.0943951 -2.0943951 -2.0943951  2.0943951 -2.0943951 -2.0943951]
[-2.0943951  2.0943951 -2.0943951  2.0943951 -2.0943951  0.       ]
[-2.0943951  2.0943951 -2.0943951  2.0943951 -2.0943951  2.0943951]
[ 2.0943951  2.0943951 -2.0943951  2.0943951 -2.0943951 -2.0943951]
[-2.0943951  2.0943951 -2.0943951  2.0943951 -2.0943951  0.       ]
[-2.0943951  2.0943951 -2.0943951  2.0943951 -2.0943951  0.       ]
[ 2.0943951  2.0943951 -2.0943951  2.0943951 -2.0943951  2.0943951]
[-2.0943951  2.0943951 -2.0943951  2.0943951 -2.0943951  0.       ]
[-2.0943951  2.0943951 -2.0943951  2.0943951 -2.0943951  2.0943951]
[-2.0943951  2.0943951 -2.0943951  2.0943951 -2.0943951  2.0943951]
[-2.0943951  2.0943951 -2.0943951  2.0943951 -2.0943951  0.       ]
[-2.0943951  2.0943951 -2.0943951  2.0943951 -2.0943951  0.       ]
[-2.0943951  2.0943951  2.0943951  2.0943951 -2.0943951  2.0943951]
[-2.0943951  2.0943951 -2.0943951  2.0943951 -2.0943951  2.0943951]
[-2.0943951  2.0943951 -2.0943951  2.0943951 -2.0943951  2.0943951]
[-2.0943951  2.0943951 -2.0943951  2.0943951 -2.0943951  2.0943951]
[-2.0943951  2.0943951 -2.0943951  2.0943951 -2.0943951  0.       ]
[-2.0943951  2.0943951 -2.0943951  2.0943951 -2.0943951  0.       ]
[-2.0943951  2.0943951 -2.0943951  2.0943951 -2.0943951  0.       ]
[-2.0943951  2.0943951 -2.0943951  2.0943951 -2.0943951  2.0943951]
[-2.0943951  2.0943951 -2.0943951  2.0943951 -2.0943951  0.       ]
[-2.0943951  2.0943951 -2.0943951  2.0943951 -2.0943951  0.       ]
[-2.0943951  2.0943951 -2.0943951  2.0943951 -2.0943951  2.0943951]
[-2.0943951  2.0943951 -2.0943951  2.0943951 -2.0943951  0.       ]
[-2.0943951  2.0943951 -2.0943951  2.0943951 -2.0943951  0.       ]
[-2.0943951  2.0943951 -2.0943951  2.0943951 -2.0943951  0.       ]
[-2.0943951  2.0943951 -2.0943951  2.0943951 -2.0943951  0.       ]
[-2.0943951  2.0943951 -2.0943951  2.0943951 -2.0943951  0.       ]
[-2.0943951  2.0943951 -2.0943951  2.0943951 -2.0943951  2.0943951]
[-2.0943951  2.0943951 -2.0943951  2.0943951 -2.0943951  0.       ]
[-2.0943951  2.0943951 -2.0943951  2.0943951 -2.0943951  0.       ]
[-2.0943951  2.0943951 -2.0943951  2.0943951 -2.0943951  0.       ]
[-2.0943951  2.0943951 -2.0943951  2.0943951 -2.0943951  0.       ]
[-2.0943951  2.0943951 -2.0943951  2.0943951 -2.0943951  0.       ]
[-2.0943951  2.0943951 -2.0943951  2.0943951 -2.0943951  0.       ]
[-2.0943951  2.0943951 -2.0943951  2.0943951 -2.0943951  0.       ]
[-2.0943951  2.0943951 -2.0943951  2.0943951 -2.0943951  0.       ]
[-2.0943951  2.0943951 -2.0943951  2.0943951 -2.0943951  0.       ]
New op index: 16	$R_Y$[5]
Current grad: 147.28812602904077
89.39862092261401 
 [-6.96826419e-09 -2.10506499e-07 -2.25323518e-07 -6.44710980e-07
 -1.08593142e-07 -2.31195799e-07  2.52945540e-08 -1.96442031e-07
 -2.25323518e-07 -2.28391812e-07  4.79010245e+01 -2.25323518e-07
 -4.28179902e-07  4.82676086e-08 -2.25323518e-07 -2.26509940e-07
  5.14058326e+01 -2.25323518e-07  6.15703328e-08 -5.12678469e-08
 -2.26836391e-07 -2.27361113e-07  5.14058324e+01 -2.25323518e-07
 -7.46610993e-07 -7.87233986e-07 -3.01805471e-07 -1.64225725e-07
 -7.26429661e-07 -2.95471125e-07  1.45386281e-08 -2.18338215e-07
 -2.25323518e-07 -4.28179902e-07 -3.99323127e-07 -2.31786743e-07
 -5.92476681e-07 -6.83992866e-07 -2.25323518e-07  6.15703328e-08
  3.59709276e-08 -2.25323518e-07 -7.57107387e-07 -1.25463089e-07
 -2.25323518e-07]
Optimization terminated successfully    (Exit mode 0)
            Current function value: 37.992788299229225
            Iterations: 1
            Function evaluations: 7
            Gradient evaluations: 1
[-2.0943951  2.0943951 -2.0943951  2.0943951 -2.0943951  2.0943951
  0.       ]
[-2.0943951  2.0943951 -2.0943951 -2.0943951 -2.0943951  2.0943951
 -2.0943951]
[-2.0943951  2.0943951 -2.0943951  2.0943951 -2.0943951  2.0943951
  0.       ]
[-2.0943951  2.0943951 -2.0943951  2.0943951 -2.0943951  2.0943951
  0.       ]
[-2.0943951  2.0943951 -2.0943951  2.0943951  2.0943951  2.0943951
  2.0943951]
[-2.0943951  2.0943951 -2.0943951  2.0943951 -2.0943951  2.0943951
  2.0943951]
[-2.0943951  2.0943951 -2.0943951  2.0943951 -2.0943951  2.0943951
  0.       ]
[-2.0943951 -2.0943951 -2.0943951  2.0943951 -2.0943951  2.0943951
 -2.0943951]
[-2.0943951  2.0943951 -2.0943951  2.0943951 -2.0943951  2.0943951
  0.       ]
[-2.0943951  2.0943951 -2.0943951  2.0943951 -2.0943951  2.0943951
  2.0943951]
[-2.0943951  2.0943951 -2.0943951  2.0943951 -2.0943951  2.0943951
 -2.0943951]
[-2.0943951  2.0943951 -2.0943951  2.0943951 -2.0943951  2.0943951
  0.       ]
[-2.0943951  2.0943951 -2.0943951  2.0943951 -2.0943951  2.0943951
  0.       ]
[-2.0943951  2.0943951 -2.0943951  2.0943951 -2.0943951  2.0943951
  0.       ]
[-2.0943951  2.0943951 -2.0943951  2.0943951 -2.0943951  2.0943951
  0.       ]
[-2.0943951  2.0943951 -2.0943951  2.0943951 -2.0943951  2.0943951
  0.       ]
[-2.0943951  2.0943951 -2.0943951  2.0943951 -2.0943951  2.0943951
  0.       ]
[-2.0943951  2.0943951 -2.0943951  2.0943951 -2.0943951  2.0943951
  2.0943951]
[-2.0943951  2.0943951 -2.0943951  2.0943951 -2.0943951  2.0943951
  0.       ]
[-2.0943951  2.0943951 -2.0943951  2.0943951 -2.0943951  2.0943951
  0.       ]
[-2.0943951  2.0943951 -2.0943951  2.0943951 -2.0943951  2.0943951
  0.       ]
[-2.0943951  2.0943951 -2.0943951  2.0943951 -2.0943951  2.0943951
  2.0943951]
[-2.0943951  2.0943951 -2.0943951  2.0943951 -2.0943951  2.0943951
  2.0943951]
[-2.0943951  2.0943951 -2.0943951  2.0943951 -2.0943951  2.0943951
  2.0943951]
[-2.0943951  2.0943951 -2.0943951  2.0943951 -2.0943951  2.0943951
  0.       ]
[-2.0943951  2.0943951 -2.0943951  2.0943951 -2.0943951  2.0943951
  0.       ]
[-2.0943951  2.0943951 -2.0943951  2.0943951 -2.0943951  2.0943951
  2.0943951]
[-2.0943951  2.0943951 -2.0943951  2.0943951 -2.0943951  2.0943951
  0.       ]
[-2.0943951  2.0943951 -2.0943951  2.0943951 -2.0943951  2.0943951
  0.       ]
[-2.0943951  2.0943951 -2.0943951  2.0943951 -2.0943951  2.0943951
  2.0943951]
[-2.0943951  2.0943951 -2.0943951  2.0943951 -2.0943951  2.0943951
  0.       ]
[-2.0943951  2.0943951 -2.0943951  2.0943951 -2.0943951  2.0943951
  0.       ]
[-2.0943951  2.0943951 -2.0943951  2.0943951 -2.0943951  2.0943951
  0.       ]
[-2.0943951  2.0943951 -2.0943951  2.0943951 -2.0943951  2.0943951
  0.       ]
[-2.0943951  2.0943951 -2.0943951  2.0943951 -2.0943951  2.0943951
  0.       ]
[-2.0943951  2.0943951 -2.0943951  2.0943951 -2.0943951  2.0943951
  2.0943951]
[-2.0943951  2.0943951 -2.0943951  2.0943951 -2.0943951  2.0943951
  0.       ]
[-2.0943951  2.0943951 -2.0943951  2.0943951 -2.0943951  2.0943951
  0.       ]
[-2.0943951  2.0943951 -2.0943951  2.0943951 -2.0943951  2.0943951
  0.       ]
[-2.0943951  2.0943951 -2.0943951  2.0943951 -2.0943951  2.0943951
  0.       ]
[-2.0943951  2.0943951 -2.0943951  2.0943951 -2.0943951  2.0943951
  0.       ]
[-2.0943951  2.0943951 -2.0943951  2.0943951 -2.0943951  2.0943951
  2.0943951]
[-2.0943951  2.0943951 -2.0943951  2.0943951 -2.0943951  2.0943951
  0.       ]
[-2.0943951  2.0943951 -2.0943951  2.0943951 -2.0943951  2.0943951
  0.       ]
[-2.0943951  2.0943951 -2.0943951  2.0943951 -2.0943951  2.0943951
  2.0943951]
New op index: 10	$R_Y$[3]
[2026-07-30T12:53:30.723] error: *** JOB 26737339 ON lmnode193 CANCELLED AT 2026-07-30T12:53:30 DUE to SIGNAL Terminated ***
