Start 2025-11-20 18:55:40 | 23964375 MyPyJob | lmnode213 | /home/s6nidich_hpc/PycharmProjects/QC-MasterThesis 

Used python interpreter:
/home/s6nidich_hpc/PycharmProjects/QC-MasterThesis/.venv_intel_3_12_3/bin/python
Python version:
Python 3.12.3

Currently Loaded Modules:
  1) GCCcore/13.3.0                   7) Tcl/8.6.14-GCCcore-13.3.0
  2) zlib/1.3.1-GCCcore-13.3.0        8) SQLite/3.45.3-GCCcore-13.3.0
  3) binutils/2.42-GCCcore-13.3.0     9) XZ/5.4.5-GCCcore-13.3.0
  4) bzip2/1.0.8-GCCcore-13.3.0      10) libffi/3.4.5-GCCcore-13.3.0
  5) ncurses/6.5-GCCcore-13.3.0      11) OpenSSL/3
  6) libreadline/8.2-GCCcore-13.3.0  12) Python/3.12.3-GCCcore-13.3.0

 

Start of Program:

-----Beginning pprint-----
/:
	Attributes:
-----Ending pprint-----
Calculating energies for FreeWilson2D(N_x=2, N_y=2, mass=-6.000, r=1.000)
h_im: 0.0
New op index: 26	$R_{YX+XY}$[0, 1]
Current grad: 1.1879386363489175e-14
0:	0.00e+00	-5.00e+01
1:	0.00e+00	-5.00e+01
2:	0.00e+00	0.00e+00
3:	0.00e+00	-5.00e+01
4:	0.00e+00	-5.00e+01
5:	0.00e+00	0.00e+00
6:	0.00e+00	-5.00e+01
7:	0.00e+00	-5.00e+01
8:	0.00e+00	0.00e+00
9:	0.00e+00	-5.00e+01
10:	0.00e+00	-5.00e+01
11:	0.00e+00	0.00e+00
12:	0.00e+00	-5.00e+01
13:	0.00e+00	-5.00e+01
14:	0.00e+00	0.00e+00
15:	0.00e+00	-5.00e+01
16:	0.00e+00	-5.00e+01
17:	0.00e+00	0.00e+00
18:	0.00e+00	-5.00e+01
19:	0.00e+00	-5.00e+01
20:	0.00e+00	0.00e+00
21:	0.00e+00	-5.00e+01
22:	0.00e+00	-5.00e+01
23:	0.00e+00	0.00e+00
24:	0.00e+00	0.00e+00
25:	0.00e+00	0.00e+00
26:	-1.11e-14	0.00e+00
27:	0.00e+00	0.00e+00
28:	0.00e+00	0.00e+00
29:	0.00e+00	-4.00e+02
30:	0.00e+00	-4.00e+02
31:	1.11e-16	0.00e+00
32:	0.00e+00	0.00e+00
33:	0.00e+00	-4.00e+02
34:	-1.11e-16	-4.00e+02
35:	0.00e+00	0.00e+00
36:	0.00e+00	0.00e+00
37:	0.00e+00	-4.00e+02
38:	0.00e+00	-4.00e+02
39:	0.00e+00	0.00e+00
40:	0.00e+00	0.00e+00
41:	0.00e+00	-4.00e+02
42:	0.00e+00	-4.00e+02
43:	0.00e+00	0.00e+00
44:	0.00e+00	2.22e-16
45:	0.00e+00	-4.00e+02
46:	2.78e-17	-4.00e+02
47:	0.00e+00	2.22e-16
48:	0.00e+00	0.00e+00
49:	0.00e+00	-4.00e+02
50:	0.00e+00	-4.00e+02
51:	-2.78e-17	0.00e+00
52:	0.00e+00	0.00e+00
53:	0.00e+00	-4.00e+02
54:	-1.11e-16	-4.00e+02
55:	0.00e+00	0.00e+00
56:	0.00e+00	0.00e+00
57:	0.00e+00	-4.00e+02
58:	0.00e+00	-4.00e+02
59:	1.11e-16	0.00e+00
60:	0.00e+00	0.00e+00
61:	0.00e+00	-4.00e+02
62:	0.00e+00	-4.00e+02
63:	0.00e+00	0.00e+00
64:	0.00e+00	0.00e+00
65:	0.00e+00	-4.00e+02
66:	0.00e+00	-4.00e+02
67:	0.00e+00	0.00e+00
68:	0.00e+00	0.00e+00
69:	0.00e+00	-4.00e+02
70:	0.00e+00	-4.00e+02
71:	-2.78e-17	0.00e+00
72:	0.00e+00	-2.22e-16
73:	0.00e+00	-4.00e+02
74:	2.78e-17	-4.00e+02
75:	0.00e+00	-2.22e-16
76:	0.00e+00	0.00e+00
77:	0.00e+00	0.00e+00
78:	0.00e+00	0.00e+00
79:	0.00e+00	0.00e+00
80:	0.00e+00	0.00e+00
81:	0.00e+00	-4.00e+02
82:	0.00e+00	-4.00e+02
83:	0.00e+00	0.00e+00
84:	0.00e+00	0.00e+00
85:	0.00e+00	-4.00e+02
86:	0.00e+00	-4.00e+02
87:	0.00e+00	0.00e+00
88:	0.00e+00	2.22e-16
89:	0.00e+00	-4.00e+02
90:	0.00e+00	-4.00e+02
91:	0.00e+00	2.22e-16
92:	0.00e+00	0.00e+00
93:	0.00e+00	-4.00e+02
94:	0.00e+00	-4.00e+02
95:	0.00e+00	0.00e+00
96:	0.00e+00	0.00e+00
97:	0.00e+00	-4.00e+02
98:	0.00e+00	-4.00e+02
99:	0.00e+00	0.00e+00
100:	0.00e+00	0.00e+00
101:	0.00e+00	-4.00e+02
102:	0.00e+00	-4.00e+02
103:	0.00e+00	0.00e+00
104:	0.00e+00	0.00e+00
105:	0.00e+00	-4.00e+02
106:	0.00e+00	-4.00e+02
107:	0.00e+00	0.00e+00
108:	0.00e+00	-2.22e-16
109:	0.00e+00	-4.00e+02
110:	0.00e+00	-4.00e+02
111:	0.00e+00	-2.22e-16
112:	0.00e+00	0.00e+00
113:	0.00e+00	0.00e+00
114:	0.00e+00	0.00e+00
115:	0.00e+00	0.00e+00
116:	0.00e+00	0.00e+00
117:	0.00e+00	-4.00e+02
118:	0.00e+00	-4.00e+02
119:	-1.11e-16	0.00e+00
120:	0.00e+00	-2.22e-16
121:	0.00e+00	-4.00e+02
122:	0.00e+00	-4.00e+02
123:	0.00e+00	-2.22e-16
124:	0.00e+00	2.22e-16
125:	0.00e+00	-4.00e+02
126:	0.00e+00	-4.00e+02
127:	0.00e+00	2.22e-16
128:	0.00e+00	0.00e+00
129:	0.00e+00	-4.00e+02
130:	0.00e+00	-4.00e+02
131:	-1.11e-16	0.00e+00
132:	0.00e+00	0.00e+00
133:	0.00e+00	0.00e+00
134:	0.00e+00	0.00e+00
135:	0.00e+00	0.00e+00
Selecting maximum: 0 with second gradient of -49.999999999999964
New op index: 27	$R_{YX-XY}$[0, 1]
Current grad: 16.0
New op index: 59	$R_{YX-XY}$[1, 3]
Current grad: 8.000005133336302
New op index: 31	$R_{YX-XY}$[0, 2]
Current grad: 13.656867847926527
New op index: 46	$R_{YX+XY}$[0, 6]
Current grad: 8.00003773143824
New op index: 126	$R_{YX+XY}$[5, 6]
Current grad: 6.000201865435682
New op index: 99	$R_{YX-XY}$[3, 4]
Current grad: 3.3027164829601574
New op index: 74	$R_{YX+XY}$[1, 7]
Current grad: 3.779480243164497
New op index: 110	$R_{YX+XY}$[3, 7]
Current grad: 4.238779864076024
New op index: 46	$R_{YX+XY}$[0, 6]
Current grad: 6.719848058366962
New op index: 134	$R_{YX+XY}$[6, 7]
Current grad: 5.718635923940928
New op index: 78	$R_{YX+XY}$[2, 3]
Current grad: 5.560511961698099
New op index: 31	$R_{YX-XY}$[0, 2]
Current grad: 1.7087899957655346
New op index: 95	$R_{YX-XY}$[2, 7]
Current grad: 1.6480989059271987
New op index: 59	$R_{YX-XY}$[1, 3]
Current grad: 0.3266107097781469
New op index: 99	$R_{YX-XY}$[3, 4]
Current grad: 0.5513115858426216
New op index: 51	$R_{YX-XY}$[0, 7]
Current grad: 0.24264294191928504
New op index: 38	$R_{YX+XY}$[0, 4]
Current grad: 0.00020486564611526032
New op index: 59	$R_{YX-XY}$[1, 3]
Current grad: 0.00014086329625191403
New op index: 38	$R_{YX+XY}$[0, 4]
Current grad: 0.0002243177136055423
New op index: 31	$R_{YX-XY}$[0, 2]
Current grad: 0.00014143608799980768
New op index: 38	$R_{YX+XY}$[0, 4]
