Start 2025-08-21 13:11:52 | 22933648 MyPyJob | node005 | /home/s6nidich_hpc/PycharmProjects/QC-MasterThesis 

Used python interpreter:
/home/s6nidich_hpc/PycharmProjects/QC-MasterThesis/.venv_intel_3_12_3/bin/python
Python version:
Python 3.12.3

Currently Loaded Modules:
  1) GCCcore/13.3.0                   7) Tcl/8.6.14-GCCcore-13.3.0
  2) zlib/1.3.1-GCCcore-13.3.0        8) SQLite/3.45.3-GCCcore-13.3.0
  3) binutils/2.42-GCCcore-13.3.0     9) XZ/5.4.5-GCCcore-13.3.0
  4) bzip2/1.0.8-GCCcore-13.3.0      10) libffi/3.4.5-GCCcore-13.3.0
  5) ncurses/6.5-GCCcore-13.3.0      11) OpenSSL/3
  6) libreadline/8.2-GCCcore-13.3.0  12) Python/3.12.3-GCCcore-13.3.0

 

Start of Program:

-----Beginning pprint-----
/:
	Attributes:
-----Ending pprint-----
Calculating energies for FreeWilson2D(N_x=2, N_y=2, mass=-6.000, r=1.000)
Calculating energies for FreeWilson2D(N_x=2, N_y=2, mass=-5.992, r=1.000)
Calculating energies for FreeWilson2D(N_x=2, N_y=2, mass=-5.984, r=1.000)
Calculating energies for FreeWilson2D(N_x=2, N_y=2, mass=-5.976, r=1.000)
Calculating energies for FreeWilson2D(N_x=2, N_y=2, mass=-5.968, r=1.000)
Calculating energies for FreeWilson2D(N_x=2, N_y=2, mass=-5.960, r=1.000)
Calculating energies for FreeWilson2D(N_x=2, N_y=2, mass=-5.952, r=1.000)
Calculating energies for FreeWilson2D(N_x=2, N_y=2, mass=-5.944, r=1.000)
Calculating energies for FreeWilson2D(N_x=2, N_y=2, mass=-5.936, r=1.000)
Calculating energies for FreeWilson2D(N_x=2, N_y=2, mass=-5.928, r=1.000)
Calculating energies for FreeWilson2D(N_x=2, N_y=2, mass=-5.920, r=1.000)
Calculating energies for FreeWilson2D(N_x=2, N_y=2, mass=-5.912, r=1.000)
Calculating energies for FreeWilson2D(N_x=2, N_y=2, mass=-5.904, r=1.000)
Calculating energies for FreeWilson2D(N_x=2, N_y=2, mass=-5.896, r=1.000)
Calculating energies for FreeWilson2D(N_x=2, N_y=2, mass=-5.888, r=1.000)
Calculating energies for FreeWilson2D(N_x=2, N_y=2, mass=-5.880, r=1.000)
Calculating energies for FreeWilson2D(N_x=2, N_y=2, mass=-5.872, r=1.000)
Calculating energies for FreeWilson2D(N_x=2, N_y=2, mass=-5.864, r=1.000)
Calculating energies for FreeWilson2D(N_x=2, N_y=2, mass=-5.856, r=1.000)
Calculating energies for FreeWilson2D(N_x=2, N_y=2, mass=-5.848, r=1.000)
Calculating energies for FreeWilson2D(N_x=2, N_y=2, mass=-5.840, r=1.000)
Calculating energies for FreeWilson2D(N_x=2, N_y=2, mass=-5.832, r=1.000)
Calculating energies for FreeWilson2D(N_x=2, N_y=2, mass=-5.824, r=1.000)
Calculating energies for FreeWilson2D(N_x=2, N_y=2, mass=-5.816, r=1.000)
Calculating energies for FreeWilson2D(N_x=2, N_y=2, mass=-5.808, r=1.000)
Calculating energies for FreeWilson2D(N_x=2, N_y=2, mass=-5.800, r=1.000)
Calculating energies for FreeWilson2D(N_x=2, N_y=2, mass=-5.792, r=1.000)
Calculating energies for FreeWilson2D(N_x=2, N_y=2, mass=-5.784, r=1.000)
Calculating energies for FreeWilson2D(N_x=2, N_y=2, mass=-5.776, r=1.000)
Calculating energies for FreeWilson2D(N_x=2, N_y=2, mass=-5.768, r=1.000)
Calculating energies for FreeWilson2D(N_x=2, N_y=2, mass=-5.760, r=1.000)
Calculating energies for FreeWilson2D(N_x=2, N_y=2, mass=-5.752, r=1.000)
Calculating energies for FreeWilson2D(N_x=2, N_y=2, mass=-5.744, r=1.000)
Calculating energies for FreeWilson2D(N_x=2, N_y=2, mass=-5.736, r=1.000)
Calculating energies for FreeWilson2D(N_x=2, N_y=2, mass=-5.728, r=1.000)
Calculating energies for FreeWilson2D(N_x=2, N_y=2, mass=-5.720, r=1.000)
Calculating energies for FreeWilson2D(N_x=2, N_y=2, mass=-5.712, r=1.000)
Calculating energies for FreeWilson2D(N_x=2, N_y=2, mass=-5.704, r=1.000)
Calculating energies for FreeWilson2D(N_x=2, N_y=2, mass=-5.696, r=1.000)
Calculating energies for FreeWilson2D(N_x=2, N_y=2, mass=-5.688, r=1.000)
Calculating energies for FreeWilson2D(N_x=2, N_y=2, mass=-5.680, r=1.000)
Calculating energies for FreeWilson2D(N_x=2, N_y=2, mass=-5.672, r=1.000)
Calculating energies for FreeWilson2D(N_x=2, N_y=2, mass=-5.664, r=1.000)
Calculating energies for FreeWilson2D(N_x=2, N_y=2, mass=-5.656, r=1.000)
Calculating energies for FreeWilson2D(N_x=2, N_y=2, mass=-5.648, r=1.000)
Calculating energies for FreeWilson2D(N_x=2, N_y=2, mass=-5.640, r=1.000)
Calculating energies for FreeWilson2D(N_x=2, N_y=2, mass=-5.632, r=1.000)
Calculating energies for FreeWilson2D(N_x=2, N_y=2, mass=-5.624, r=1.000)
Calculating energies for FreeWilson2D(N_x=2, N_y=2, mass=-5.616, r=1.000)
Calculating energies for FreeWilson2D(N_x=2, N_y=2, mass=-5.608, r=1.000)
Calculating energies for FreeWilson2D(N_x=2, N_y=2, mass=-5.600, r=1.000)
Calculating energies for FreeWilson2D(N_x=2, N_y=2, mass=-5.592, r=1.000)
Calculating energies for FreeWilson2D(N_x=2, N_y=2, mass=-5.584, r=1.000)
Calculating energies for FreeWilson2D(N_x=2, N_y=2, mass=-5.576, r=1.000)
Calculating energies for FreeWilson2D(N_x=2, N_y=2, mass=-5.568, r=1.000)
Calculating energies for FreeWilson2D(N_x=2, N_y=2, mass=-5.560, r=1.000)
Calculating energies for FreeWilson2D(N_x=2, N_y=2, mass=-5.552, r=1.000)
Calculating energies for FreeWilson2D(N_x=2, N_y=2, mass=-5.544, r=1.000)
Calculating energies for FreeWilson2D(N_x=2, N_y=2, mass=-5.536, r=1.000)
Calculating energies for FreeWilson2D(N_x=2, N_y=2, mass=-5.528, r=1.000)
Calculating energies for FreeWilson2D(N_x=2, N_y=2, mass=-5.520, r=1.000)
Calculating energies for FreeWilson2D(N_x=2, N_y=2, mass=-5.512, r=1.000)
Calculating energies for FreeWilson2D(N_x=2, N_y=2, mass=-5.504, r=1.000)
Calculating energies for FreeWilson2D(N_x=2, N_y=2, mass=-5.496, r=1.000)
Calculating energies for FreeWilson2D(N_x=2, N_y=2, mass=-5.488, r=1.000)
Calculating energies for FreeWilson2D(N_x=2, N_y=2, mass=-5.480, r=1.000)
Calculating energies for FreeWilson2D(N_x=2, N_y=2, mass=-5.472, r=1.000)
Calculating energies for FreeWilson2D(N_x=2, N_y=2, mass=-5.464, r=1.000)
Calculating energies for FreeWilson2D(N_x=2, N_y=2, mass=-5.456, r=1.000)
Calculating energies for FreeWilson2D(N_x=2, N_y=2, mass=-5.448, r=1.000)
Calculating energies for FreeWilson2D(N_x=2, N_y=2, mass=-5.440, r=1.000)
Calculating energies for FreeWilson2D(N_x=2, N_y=2, mass=-5.432, r=1.000)
Calculating energies for FreeWilson2D(N_x=2, N_y=2, mass=-5.424, r=1.000)
Calculating energies for FreeWilson2D(N_x=2, N_y=2, mass=-5.416, r=1.000)
Calculating energies for FreeWilson2D(N_x=2, N_y=2, mass=-5.408, r=1.000)
Calculating energies for FreeWilson2D(N_x=2, N_y=2, mass=-5.400, r=1.000)
Calculating energies for FreeWilson2D(N_x=2, N_y=2, mass=-5.392, r=1.000)
Calculating energies for FreeWilson2D(N_x=2, N_y=2, mass=-5.384, r=1.000)
Calculating energies for FreeWilson2D(N_x=2, N_y=2, mass=-5.376, r=1.000)
Calculating energies for FreeWilson2D(N_x=2, N_y=2, mass=-5.368, r=1.000)
Calculating energies for FreeWilson2D(N_x=2, N_y=2, mass=-5.360, r=1.000)
Calculating energies for FreeWilson2D(N_x=2, N_y=2, mass=-5.352, r=1.000)
Calculating energies for FreeWilson2D(N_x=2, N_y=2, mass=-5.344, r=1.000)
Calculating energies for FreeWilson2D(N_x=2, N_y=2, mass=-5.336, r=1.000)
Calculating energies for FreeWilson2D(N_x=2, N_y=2, mass=-5.328, r=1.000)
Calculating energies for FreeWilson2D(N_x=2, N_y=2, mass=-5.320, r=1.000)
Calculating energies for FreeWilson2D(N_x=2, N_y=2, mass=-5.312, r=1.000)
Calculating energies for FreeWilson2D(N_x=2, N_y=2, mass=-5.304, r=1.000)
Calculating energies for FreeWilson2D(N_x=2, N_y=2, mass=-5.296, r=1.000)
Calculating energies for FreeWilson2D(N_x=2, N_y=2, mass=-5.288, r=1.000)
Calculating energies for FreeWilson2D(N_x=2, N_y=2, mass=-5.280, r=1.000)
Calculating energies for FreeWilson2D(N_x=2, N_y=2, mass=-5.272, r=1.000)
Calculating energies for FreeWilson2D(N_x=2, N_y=2, mass=-5.264, r=1.000)
Calculating energies for FreeWilson2D(N_x=2, N_y=2, mass=-5.256, r=1.000)
Calculating energies for FreeWilson2D(N_x=2, N_y=2, mass=-5.248, r=1.000)
Calculating energies for FreeWilson2D(N_x=2, N_y=2, mass=-5.240, r=1.000)
Calculating energies for FreeWilson2D(N_x=2, N_y=2, mass=-5.232, r=1.000)
Calculating energies for FreeWilson2D(N_x=2, N_y=2, mass=-5.224, r=1.000)
Calculating energies for FreeWilson2D(N_x=2, N_y=2, mass=-5.216, r=1.000)
Calculating energies for FreeWilson2D(N_x=2, N_y=2, mass=-5.208, r=1.000)
Calculating energies for FreeWilson2D(N_x=2, N_y=2, mass=-5.200, r=1.000)
Calculating energies for FreeWilson2D(N_x=2, N_y=2, mass=-5.192, r=1.000)
Calculating energies for FreeWilson2D(N_x=2, N_y=2, mass=-5.184, r=1.000)
Calculating energies for FreeWilson2D(N_x=2, N_y=2, mass=-5.176, r=1.000)
Calculating energies for FreeWilson2D(N_x=2, N_y=2, mass=-5.168, r=1.000)
Calculating energies for FreeWilson2D(N_x=2, N_y=2, mass=-5.160, r=1.000)
Calculating energies for FreeWilson2D(N_x=2, N_y=2, mass=-5.152, r=1.000)
Calculating energies for FreeWilson2D(N_x=2, N_y=2, mass=-5.144, r=1.000)
Calculating energies for FreeWilson2D(N_x=2, N_y=2, mass=-5.136, r=1.000)
Calculating energies for FreeWilson2D(N_x=2, N_y=2, mass=-5.128, r=1.000)
Calculating energies for FreeWilson2D(N_x=2, N_y=2, mass=-5.120, r=1.000)
Calculating energies for FreeWilson2D(N_x=2, N_y=2, mass=-5.112, r=1.000)
Calculating energies for FreeWilson2D(N_x=2, N_y=2, mass=-5.104, r=1.000)
Calculating energies for FreeWilson2D(N_x=2, N_y=2, mass=-5.096, r=1.000)
Calculating energies for FreeWilson2D(N_x=2, N_y=2, mass=-5.088, r=1.000)
Calculating energies for FreeWilson2D(N_x=2, N_y=2, mass=-5.080, r=1.000)
Calculating energies for FreeWilson2D(N_x=2, N_y=2, mass=-5.072, r=1.000)
Calculating energies for FreeWilson2D(N_x=2, N_y=2, mass=-5.064, r=1.000)
Calculating energies for FreeWilson2D(N_x=2, N_y=2, mass=-5.056, r=1.000)
Calculating energies for FreeWilson2D(N_x=2, N_y=2, mass=-5.048, r=1.000)
Calculating energies for FreeWilson2D(N_x=2, N_y=2, mass=-5.040, r=1.000)
Calculating energies for FreeWilson2D(N_x=2, N_y=2, mass=-5.032, r=1.000)
Calculating energies for FreeWilson2D(N_x=2, N_y=2, mass=-5.024, r=1.000)
Calculating energies for FreeWilson2D(N_x=2, N_y=2, mass=-5.016, r=1.000)
Calculating energies for FreeWilson2D(N_x=2, N_y=2, mass=-5.008, r=1.000)
Calculating energies for FreeWilson2D(N_x=2, N_y=2, mass=-5.000, r=1.000)
Calculating energies for FreeWilson2D(N_x=2, N_y=2, mass=-4.992, r=1.000)
Calculating energies for FreeWilson2D(N_x=2, N_y=2, mass=-4.984, r=1.000)
Calculating energies for FreeWilson2D(N_x=2, N_y=2, mass=-4.976, r=1.000)
Calculating energies for FreeWilson2D(N_x=2, N_y=2, mass=-4.968, r=1.000)
Calculating energies for FreeWilson2D(N_x=2, N_y=2, mass=-4.960, r=1.000)
Calculating energies for FreeWilson2D(N_x=2, N_y=2, mass=-4.952, r=1.000)
Calculating energies for FreeWilson2D(N_x=2, N_y=2, mass=-4.944, r=1.000)
Calculating energies for FreeWilson2D(N_x=2, N_y=2, mass=-4.936, r=1.000)
Calculating energies for FreeWilson2D(N_x=2, N_y=2, mass=-4.928, r=1.000)
Calculating energies for FreeWilson2D(N_x=2, N_y=2, mass=-4.920, r=1.000)
Calculating energies for FreeWilson2D(N_x=2, N_y=2, mass=-4.912, r=1.000)
Calculating energies for FreeWilson2D(N_x=2, N_y=2, mass=-4.904, r=1.000)
Calculating energies for FreeWilson2D(N_x=2, N_y=2, mass=-4.896, r=1.000)
Calculating energies for FreeWilson2D(N_x=2, N_y=2, mass=-4.888, r=1.000)
Calculating energies for FreeWilson2D(N_x=2, N_y=2, mass=-4.880, r=1.000)
Calculating energies for FreeWilson2D(N_x=2, N_y=2, mass=-4.872, r=1.000)
Calculating energies for FreeWilson2D(N_x=2, N_y=2, mass=-4.864, r=1.000)
Calculating energies for FreeWilson2D(N_x=2, N_y=2, mass=-4.856, r=1.000)
Calculating energies for FreeWilson2D(N_x=2, N_y=2, mass=-4.848, r=1.000)
Calculating energies for FreeWilson2D(N_x=2, N_y=2, mass=-4.840, r=1.000)
Calculating energies for FreeWilson2D(N_x=2, N_y=2, mass=-4.832, r=1.000)
Calculating energies for FreeWilson2D(N_x=2, N_y=2, mass=-4.824, r=1.000)
Calculating energies for FreeWilson2D(N_x=2, N_y=2, mass=-4.816, r=1.000)
Calculating energies for FreeWilson2D(N_x=2, N_y=2, mass=-4.808, r=1.000)
Calculating energies for FreeWilson2D(N_x=2, N_y=2, mass=-4.800, r=1.000)
Calculating energies for FreeWilson2D(N_x=2, N_y=2, mass=-4.792, r=1.000)
Calculating energies for FreeWilson2D(N_x=2, N_y=2, mass=-4.784, r=1.000)
Calculating energies for FreeWilson2D(N_x=2, N_y=2, mass=-4.776, r=1.000)
Calculating energies for FreeWilson2D(N_x=2, N_y=2, mass=-4.768, r=1.000)
Calculating energies for FreeWilson2D(N_x=2, N_y=2, mass=-4.760, r=1.000)
Calculating energies for FreeWilson2D(N_x=2, N_y=2, mass=-4.752, r=1.000)
Calculating energies for FreeWilson2D(N_x=2, N_y=2, mass=-4.744, r=1.000)
Calculating energies for FreeWilson2D(N_x=2, N_y=2, mass=-4.736, r=1.000)
Calculating energies for FreeWilson2D(N_x=2, N_y=2, mass=-4.728, r=1.000)
Calculating energies for FreeWilson2D(N_x=2, N_y=2, mass=-4.720, r=1.000)
Calculating energies for FreeWilson2D(N_x=2, N_y=2, mass=-4.712, r=1.000)
Calculating energies for FreeWilson2D(N_x=2, N_y=2, mass=-4.704, r=1.000)
Calculating energies for FreeWilson2D(N_x=2, N_y=2, mass=-4.696, r=1.000)
Calculating energies for FreeWilson2D(N_x=2, N_y=2, mass=-4.688, r=1.000)
Calculating energies for FreeWilson2D(N_x=2, N_y=2, mass=-4.680, r=1.000)
Calculating energies for FreeWilson2D(N_x=2, N_y=2, mass=-4.672, r=1.000)
Calculating energies for FreeWilson2D(N_x=2, N_y=2, mass=-4.664, r=1.000)
Calculating energies for FreeWilson2D(N_x=2, N_y=2, mass=-4.656, r=1.000)
Calculating energies for FreeWilson2D(N_x=2, N_y=2, mass=-4.648, r=1.000)
Calculating energies for FreeWilson2D(N_x=2, N_y=2, mass=-4.640, r=1.000)
Calculating energies for FreeWilson2D(N_x=2, N_y=2, mass=-4.632, r=1.000)
Calculating energies for FreeWilson2D(N_x=2, N_y=2, mass=-4.624, r=1.000)
Calculating energies for FreeWilson2D(N_x=2, N_y=2, mass=-4.616, r=1.000)
Calculating energies for FreeWilson2D(N_x=2, N_y=2, mass=-4.608, r=1.000)
Calculating energies for FreeWilson2D(N_x=2, N_y=2, mass=-4.600, r=1.000)
Calculating energies for FreeWilson2D(N_x=2, N_y=2, mass=-4.592, r=1.000)
Calculating energies for FreeWilson2D(N_x=2, N_y=2, mass=-4.584, r=1.000)
Calculating energies for FreeWilson2D(N_x=2, N_y=2, mass=-4.576, r=1.000)
Calculating energies for FreeWilson2D(N_x=2, N_y=2, mass=-4.568, r=1.000)
Calculating energies for FreeWilson2D(N_x=2, N_y=2, mass=-4.560, r=1.000)
Calculating energies for FreeWilson2D(N_x=2, N_y=2, mass=-4.552, r=1.000)
Calculating energies for FreeWilson2D(N_x=2, N_y=2, mass=-4.544, r=1.000)
Calculating energies for FreeWilson2D(N_x=2, N_y=2, mass=-4.536, r=1.000)
Calculating energies for FreeWilson2D(N_x=2, N_y=2, mass=-4.528, r=1.000)
Calculating energies for FreeWilson2D(N_x=2, N_y=2, mass=-4.520, r=1.000)
Calculating energies for FreeWilson2D(N_x=2, N_y=2, mass=-4.512, r=1.000)
Calculating energies for FreeWilson2D(N_x=2, N_y=2, mass=-4.504, r=1.000)
Calculating energies for FreeWilson2D(N_x=2, N_y=2, mass=-4.496, r=1.000)
Calculating energies for FreeWilson2D(N_x=2, N_y=2, mass=-4.488, r=1.000)
Calculating energies for FreeWilson2D(N_x=2, N_y=2, mass=-4.480, r=1.000)
Calculating energies for FreeWilson2D(N_x=2, N_y=2, mass=-4.472, r=1.000)
Calculating energies for FreeWilson2D(N_x=2, N_y=2, mass=-4.464, r=1.000)
Calculating energies for FreeWilson2D(N_x=2, N_y=2, mass=-4.456, r=1.000)
Calculating energies for FreeWilson2D(N_x=2, N_y=2, mass=-4.448, r=1.000)
Calculating energies for FreeWilson2D(N_x=2, N_y=2, mass=-4.440, r=1.000)
Calculating energies for FreeWilson2D(N_x=2, N_y=2, mass=-4.432, r=1.000)
Calculating energies for FreeWilson2D(N_x=2, N_y=2, mass=-4.424, r=1.000)
Calculating energies for FreeWilson2D(N_x=2, N_y=2, mass=-4.416, r=1.000)
Calculating energies for FreeWilson2D(N_x=2, N_y=2, mass=-4.408, r=1.000)
Calculating energies for FreeWilson2D(N_x=2, N_y=2, mass=-4.400, r=1.000)
Calculating energies for FreeWilson2D(N_x=2, N_y=2, mass=-4.392, r=1.000)
Calculating energies for FreeWilson2D(N_x=2, N_y=2, mass=-4.384, r=1.000)
Calculating energies for FreeWilson2D(N_x=2, N_y=2, mass=-4.376, r=1.000)
Calculating energies for FreeWilson2D(N_x=2, N_y=2, mass=-4.368, r=1.000)
Calculating energies for FreeWilson2D(N_x=2, N_y=2, mass=-4.360, r=1.000)
Calculating energies for FreeWilson2D(N_x=2, N_y=2, mass=-4.352, r=1.000)
Calculating energies for FreeWilson2D(N_x=2, N_y=2, mass=-4.344, r=1.000)
Calculating energies for FreeWilson2D(N_x=2, N_y=2, mass=-4.336, r=1.000)
Calculating energies for FreeWilson2D(N_x=2, N_y=2, mass=-4.328, r=1.000)
Calculating energies for FreeWilson2D(N_x=2, N_y=2, mass=-4.320, r=1.000)
Calculating energies for FreeWilson2D(N_x=2, N_y=2, mass=-4.312, r=1.000)
Calculating energies for FreeWilson2D(N_x=2, N_y=2, mass=-4.304, r=1.000)
Calculating energies for FreeWilson2D(N_x=2, N_y=2, mass=-4.296, r=1.000)
Calculating energies for FreeWilson2D(N_x=2, N_y=2, mass=-4.288, r=1.000)
Calculating energies for FreeWilson2D(N_x=2, N_y=2, mass=-4.280, r=1.000)
Calculating energies for FreeWilson2D(N_x=2, N_y=2, mass=-4.272, r=1.000)
Calculating energies for FreeWilson2D(N_x=2, N_y=2, mass=-4.264, r=1.000)
Calculating energies for FreeWilson2D(N_x=2, N_y=2, mass=-4.256, r=1.000)
Calculating energies for FreeWilson2D(N_x=2, N_y=2, mass=-4.248, r=1.000)
Calculating energies for FreeWilson2D(N_x=2, N_y=2, mass=-4.240, r=1.000)
Calculating energies for FreeWilson2D(N_x=2, N_y=2, mass=-4.232, r=1.000)
Calculating energies for FreeWilson2D(N_x=2, N_y=2, mass=-4.224, r=1.000)
Calculating energies for FreeWilson2D(N_x=2, N_y=2, mass=-4.216, r=1.000)
Calculating energies for FreeWilson2D(N_x=2, N_y=2, mass=-4.208, r=1.000)
Calculating energies for FreeWilson2D(N_x=2, N_y=2, mass=-4.200, r=1.000)
Calculating energies for FreeWilson2D(N_x=2, N_y=2, mass=-4.192, r=1.000)
Calculating energies for FreeWilson2D(N_x=2, N_y=2, mass=-4.184, r=1.000)
Calculating energies for FreeWilson2D(N_x=2, N_y=2, mass=-4.176, r=1.000)
Calculating energies for FreeWilson2D(N_x=2, N_y=2, mass=-4.168, r=1.000)
Calculating energies for FreeWilson2D(N_x=2, N_y=2, mass=-4.160, r=1.000)
Calculating energies for FreeWilson2D(N_x=2, N_y=2, mass=-4.152, r=1.000)
Calculating energies for FreeWilson2D(N_x=2, N_y=2, mass=-4.144, r=1.000)
Calculating energies for FreeWilson2D(N_x=2, N_y=2, mass=-4.136, r=1.000)
Calculating energies for FreeWilson2D(N_x=2, N_y=2, mass=-4.128, r=1.000)
Calculating energies for FreeWilson2D(N_x=2, N_y=2, mass=-4.120, r=1.000)
Calculating energies for FreeWilson2D(N_x=2, N_y=2, mass=-4.112, r=1.000)
Calculating energies for FreeWilson2D(N_x=2, N_y=2, mass=-4.104, r=1.000)
Calculating energies for FreeWilson2D(N_x=2, N_y=2, mass=-4.096, r=1.000)
Calculating energies for FreeWilson2D(N_x=2, N_y=2, mass=-4.088, r=1.000)
Calculating energies for FreeWilson2D(N_x=2, N_y=2, mass=-4.080, r=1.000)
Calculating energies for FreeWilson2D(N_x=2, N_y=2, mass=-4.072, r=1.000)
Calculating energies for FreeWilson2D(N_x=2, N_y=2, mass=-4.064, r=1.000)
Calculating energies for FreeWilson2D(N_x=2, N_y=2, mass=-4.056, r=1.000)
Calculating energies for FreeWilson2D(N_x=2, N_y=2, mass=-4.048, r=1.000)
Calculating energies for FreeWilson2D(N_x=2, N_y=2, mass=-4.040, r=1.000)
Calculating energies for FreeWilson2D(N_x=2, N_y=2, mass=-4.032, r=1.000)
Calculating energies for FreeWilson2D(N_x=2, N_y=2, mass=-4.024, r=1.000)
Calculating energies for FreeWilson2D(N_x=2, N_y=2, mass=-4.016, r=1.000)
Calculating energies for FreeWilson2D(N_x=2, N_y=2, mass=-4.008, r=1.000)
Calculating energies for FreeWilson2D(N_x=2, N_y=2, mass=-4.000, r=1.000)
Calculating energies for FreeWilson2D(N_x=2, N_y=2, mass=-3.992, r=1.000)
Calculating energies for FreeWilson2D(N_x=2, N_y=2, mass=-3.984, r=1.000)
Calculating energies for FreeWilson2D(N_x=2, N_y=2, mass=-3.976, r=1.000)
Calculating energies for FreeWilson2D(N_x=2, N_y=2, mass=-3.968, r=1.000)
Calculating energies for FreeWilson2D(N_x=2, N_y=2, mass=-3.960, r=1.000)
Calculating energies for FreeWilson2D(N_x=2, N_y=2, mass=-3.952, r=1.000)
Calculating energies for FreeWilson2D(N_x=2, N_y=2, mass=-3.944, r=1.000)
Calculating energies for FreeWilson2D(N_x=2, N_y=2, mass=-3.936, r=1.000)
Calculating energies for FreeWilson2D(N_x=2, N_y=2, mass=-3.928, r=1.000)
Calculating energies for FreeWilson2D(N_x=2, N_y=2, mass=-3.920, r=1.000)
Calculating energies for FreeWilson2D(N_x=2, N_y=2, mass=-3.912, r=1.000)
Calculating energies for FreeWilson2D(N_x=2, N_y=2, mass=-3.904, r=1.000)
Calculating energies for FreeWilson2D(N_x=2, N_y=2, mass=-3.896, r=1.000)
Calculating energies for FreeWilson2D(N_x=2, N_y=2, mass=-3.888, r=1.000)
Calculating energies for FreeWilson2D(N_x=2, N_y=2, mass=-3.880, r=1.000)
Calculating energies for FreeWilson2D(N_x=2, N_y=2, mass=-3.872, r=1.000)
Calculating energies for FreeWilson2D(N_x=2, N_y=2, mass=-3.864, r=1.000)
Calculating energies for FreeWilson2D(N_x=2, N_y=2, mass=-3.856, r=1.000)
Calculating energies for FreeWilson2D(N_x=2, N_y=2, mass=-3.848, r=1.000)
Calculating energies for FreeWilson2D(N_x=2, N_y=2, mass=-3.840, r=1.000)
Calculating energies for FreeWilson2D(N_x=2, N_y=2, mass=-3.832, r=1.000)
Calculating energies for FreeWilson2D(N_x=2, N_y=2, mass=-3.824, r=1.000)
Calculating energies for FreeWilson2D(N_x=2, N_y=2, mass=-3.816, r=1.000)
Calculating energies for FreeWilson2D(N_x=2, N_y=2, mass=-3.808, r=1.000)
Calculating energies for FreeWilson2D(N_x=2, N_y=2, mass=-3.800, r=1.000)
Calculating energies for FreeWilson2D(N_x=2, N_y=2, mass=-3.792, r=1.000)
Calculating energies for FreeWilson2D(N_x=2, N_y=2, mass=-3.784, r=1.000)
Calculating energies for FreeWilson2D(N_x=2, N_y=2, mass=-3.776, r=1.000)
Calculating energies for FreeWilson2D(N_x=2, N_y=2, mass=-3.768, r=1.000)
Calculating energies for FreeWilson2D(N_x=2, N_y=2, mass=-3.760, r=1.000)
Calculating energies for FreeWilson2D(N_x=2, N_y=2, mass=-3.752, r=1.000)
Calculating energies for FreeWilson2D(N_x=2, N_y=2, mass=-3.744, r=1.000)
Calculating energies for FreeWilson2D(N_x=2, N_y=2, mass=-3.736, r=1.000)
Calculating energies for FreeWilson2D(N_x=2, N_y=2, mass=-3.728, r=1.000)
Calculating energies for FreeWilson2D(N_x=2, N_y=2, mass=-3.720, r=1.000)
Calculating energies for FreeWilson2D(N_x=2, N_y=2, mass=-3.712, r=1.000)
Calculating energies for FreeWilson2D(N_x=2, N_y=2, mass=-3.704, r=1.000)
Calculating energies for FreeWilson2D(N_x=2, N_y=2, mass=-3.696, r=1.000)
Calculating energies for FreeWilson2D(N_x=2, N_y=2, mass=-3.688, r=1.000)
Calculating energies for FreeWilson2D(N_x=2, N_y=2, mass=-3.680, r=1.000)
Calculating energies for FreeWilson2D(N_x=2, N_y=2, mass=-3.672, r=1.000)
Calculating energies for FreeWilson2D(N_x=2, N_y=2, mass=-3.664, r=1.000)
Calculating energies for FreeWilson2D(N_x=2, N_y=2, mass=-3.656, r=1.000)
Calculating energies for FreeWilson2D(N_x=2, N_y=2, mass=-3.648, r=1.000)
Calculating energies for FreeWilson2D(N_x=2, N_y=2, mass=-3.640, r=1.000)
Calculating energies for FreeWilson2D(N_x=2, N_y=2, mass=-3.632, r=1.000)
Calculating energies for FreeWilson2D(N_x=2, N_y=2, mass=-3.624, r=1.000)
Calculating energies for FreeWilson2D(N_x=2, N_y=2, mass=-3.616, r=1.000)
Calculating energies for FreeWilson2D(N_x=2, N_y=2, mass=-3.608, r=1.000)
Calculating energies for FreeWilson2D(N_x=2, N_y=2, mass=-3.600, r=1.000)
Calculating energies for FreeWilson2D(N_x=2, N_y=2, mass=-3.592, r=1.000)
Calculating energies for FreeWilson2D(N_x=2, N_y=2, mass=-3.584, r=1.000)
Calculating energies for FreeWilson2D(N_x=2, N_y=2, mass=-3.576, r=1.000)
Calculating energies for FreeWilson2D(N_x=2, N_y=2, mass=-3.568, r=1.000)
Calculating energies for FreeWilson2D(N_x=2, N_y=2, mass=-3.560, r=1.000)
Calculating energies for FreeWilson2D(N_x=2, N_y=2, mass=-3.552, r=1.000)
Calculating energies for FreeWilson2D(N_x=2, N_y=2, mass=-3.544, r=1.000)
Calculating energies for FreeWilson2D(N_x=2, N_y=2, mass=-3.536, r=1.000)
Calculating energies for FreeWilson2D(N_x=2, N_y=2, mass=-3.528, r=1.000)
Calculating energies for FreeWilson2D(N_x=2, N_y=2, mass=-3.520, r=1.000)
Calculating energies for FreeWilson2D(N_x=2, N_y=2, mass=-3.512, r=1.000)
Calculating energies for FreeWilson2D(N_x=2, N_y=2, mass=-3.504, r=1.000)
Calculating energies for FreeWilson2D(N_x=2, N_y=2, mass=-3.496, r=1.000)
Calculating energies for FreeWilson2D(N_x=2, N_y=2, mass=-3.488, r=1.000)
Calculating energies for FreeWilson2D(N_x=2, N_y=2, mass=-3.480, r=1.000)
Calculating energies for FreeWilson2D(N_x=2, N_y=2, mass=-3.472, r=1.000)
Calculating energies for FreeWilson2D(N_x=2, N_y=2, mass=-3.464, r=1.000)
Calculating energies for FreeWilson2D(N_x=2, N_y=2, mass=-3.456, r=1.000)
Calculating energies for FreeWilson2D(N_x=2, N_y=2, mass=-3.448, r=1.000)
Calculating energies for FreeWilson2D(N_x=2, N_y=2, mass=-3.440, r=1.000)
Calculating energies for FreeWilson2D(N_x=2, N_y=2, mass=-3.432, r=1.000)
Calculating energies for FreeWilson2D(N_x=2, N_y=2, mass=-3.424, r=1.000)
Calculating energies for FreeWilson2D(N_x=2, N_y=2, mass=-3.416, r=1.000)
Calculating energies for FreeWilson2D(N_x=2, N_y=2, mass=-3.408, r=1.000)
Calculating energies for FreeWilson2D(N_x=2, N_y=2, mass=-3.400, r=1.000)
Calculating energies for FreeWilson2D(N_x=2, N_y=2, mass=-3.392, r=1.000)
Calculating energies for FreeWilson2D(N_x=2, N_y=2, mass=-3.384, r=1.000)
Calculating energies for FreeWilson2D(N_x=2, N_y=2, mass=-3.376, r=1.000)
Calculating energies for FreeWilson2D(N_x=2, N_y=2, mass=-3.368, r=1.000)
Calculating energies for FreeWilson2D(N_x=2, N_y=2, mass=-3.360, r=1.000)
Calculating energies for FreeWilson2D(N_x=2, N_y=2, mass=-3.352, r=1.000)
Calculating energies for FreeWilson2D(N_x=2, N_y=2, mass=-3.344, r=1.000)
Calculating energies for FreeWilson2D(N_x=2, N_y=2, mass=-3.336, r=1.000)
Calculating energies for FreeWilson2D(N_x=2, N_y=2, mass=-3.328, r=1.000)
Calculating energies for FreeWilson2D(N_x=2, N_y=2, mass=-3.320, r=1.000)
Calculating energies for FreeWilson2D(N_x=2, N_y=2, mass=-3.312, r=1.000)
Calculating energies for FreeWilson2D(N_x=2, N_y=2, mass=-3.304, r=1.000)
Calculating energies for FreeWilson2D(N_x=2, N_y=2, mass=-3.296, r=1.000)
Calculating energies for FreeWilson2D(N_x=2, N_y=2, mass=-3.288, r=1.000)
Calculating energies for FreeWilson2D(N_x=2, N_y=2, mass=-3.280, r=1.000)
Calculating energies for FreeWilson2D(N_x=2, N_y=2, mass=-3.272, r=1.000)
Calculating energies for FreeWilson2D(N_x=2, N_y=2, mass=-3.264, r=1.000)
Calculating energies for FreeWilson2D(N_x=2, N_y=2, mass=-3.256, r=1.000)
Calculating energies for FreeWilson2D(N_x=2, N_y=2, mass=-3.248, r=1.000)
Calculating energies for FreeWilson2D(N_x=2, N_y=2, mass=-3.240, r=1.000)
Calculating energies for FreeWilson2D(N_x=2, N_y=2, mass=-3.232, r=1.000)
Calculating energies for FreeWilson2D(N_x=2, N_y=2, mass=-3.224, r=1.000)
Calculating energies for FreeWilson2D(N_x=2, N_y=2, mass=-3.216, r=1.000)
Calculating energies for FreeWilson2D(N_x=2, N_y=2, mass=-3.208, r=1.000)
Calculating energies for FreeWilson2D(N_x=2, N_y=2, mass=-3.200, r=1.000)
Calculating energies for FreeWilson2D(N_x=2, N_y=2, mass=-3.192, r=1.000)
Calculating energies for FreeWilson2D(N_x=2, N_y=2, mass=-3.184, r=1.000)
Calculating energies for FreeWilson2D(N_x=2, N_y=2, mass=-3.176, r=1.000)
Calculating energies for FreeWilson2D(N_x=2, N_y=2, mass=-3.168, r=1.000)
Calculating energies for FreeWilson2D(N_x=2, N_y=2, mass=-3.160, r=1.000)
Calculating energies for FreeWilson2D(N_x=2, N_y=2, mass=-3.152, r=1.000)
Calculating energies for FreeWilson2D(N_x=2, N_y=2, mass=-3.144, r=1.000)
Calculating energies for FreeWilson2D(N_x=2, N_y=2, mass=-3.136, r=1.000)
Calculating energies for FreeWilson2D(N_x=2, N_y=2, mass=-3.128, r=1.000)
Calculating energies for FreeWilson2D(N_x=2, N_y=2, mass=-3.120, r=1.000)
Calculating energies for FreeWilson2D(N_x=2, N_y=2, mass=-3.112, r=1.000)
Calculating energies for FreeWilson2D(N_x=2, N_y=2, mass=-3.104, r=1.000)
Calculating energies for FreeWilson2D(N_x=2, N_y=2, mass=-3.096, r=1.000)
Calculating energies for FreeWilson2D(N_x=2, N_y=2, mass=-3.088, r=1.000)
Calculating energies for FreeWilson2D(N_x=2, N_y=2, mass=-3.080, r=1.000)
Calculating energies for FreeWilson2D(N_x=2, N_y=2, mass=-3.072, r=1.000)
Calculating energies for FreeWilson2D(N_x=2, N_y=2, mass=-3.064, r=1.000)
Calculating energies for FreeWilson2D(N_x=2, N_y=2, mass=-3.056, r=1.000)
Calculating energies for FreeWilson2D(N_x=2, N_y=2, mass=-3.048, r=1.000)
Calculating energies for FreeWilson2D(N_x=2, N_y=2, mass=-3.040, r=1.000)
Calculating energies for FreeWilson2D(N_x=2, N_y=2, mass=-3.032, r=1.000)
Calculating energies for FreeWilson2D(N_x=2, N_y=2, mass=-3.024, r=1.000)
Calculating energies for FreeWilson2D(N_x=2, N_y=2, mass=-3.016, r=1.000)
Calculating energies for FreeWilson2D(N_x=2, N_y=2, mass=-3.008, r=1.000)
Calculating energies for FreeWilson2D(N_x=2, N_y=2, mass=-3.000, r=1.000)
Calculating energies for FreeWilson2D(N_x=2, N_y=2, mass=-2.992, r=1.000)
Calculating energies for FreeWilson2D(N_x=2, N_y=2, mass=-2.984, r=1.000)
Calculating energies for FreeWilson2D(N_x=2, N_y=2, mass=-2.976, r=1.000)
Calculating energies for FreeWilson2D(N_x=2, N_y=2, mass=-2.968, r=1.000)
Calculating energies for FreeWilson2D(N_x=2, N_y=2, mass=-2.960, r=1.000)
Calculating energies for FreeWilson2D(N_x=2, N_y=2, mass=-2.952, r=1.000)
Calculating energies for FreeWilson2D(N_x=2, N_y=2, mass=-2.944, r=1.000)
Calculating energies for FreeWilson2D(N_x=2, N_y=2, mass=-2.936, r=1.000)
Calculating energies for FreeWilson2D(N_x=2, N_y=2, mass=-2.928, r=1.000)
Calculating energies for FreeWilson2D(N_x=2, N_y=2, mass=-2.920, r=1.000)
Calculating energies for FreeWilson2D(N_x=2, N_y=2, mass=-2.912, r=1.000)
Calculating energies for FreeWilson2D(N_x=2, N_y=2, mass=-2.904, r=1.000)
Calculating energies for FreeWilson2D(N_x=2, N_y=2, mass=-2.896, r=1.000)
Calculating energies for FreeWilson2D(N_x=2, N_y=2, mass=-2.888, r=1.000)
Calculating energies for FreeWilson2D(N_x=2, N_y=2, mass=-2.880, r=1.000)
Calculating energies for FreeWilson2D(N_x=2, N_y=2, mass=-2.872, r=1.000)
Calculating energies for FreeWilson2D(N_x=2, N_y=2, mass=-2.864, r=1.000)
Calculating energies for FreeWilson2D(N_x=2, N_y=2, mass=-2.856, r=1.000)
Calculating energies for FreeWilson2D(N_x=2, N_y=2, mass=-2.848, r=1.000)
Calculating energies for FreeWilson2D(N_x=2, N_y=2, mass=-2.840, r=1.000)
Calculating energies for FreeWilson2D(N_x=2, N_y=2, mass=-2.832, r=1.000)
Calculating energies for FreeWilson2D(N_x=2, N_y=2, mass=-2.824, r=1.000)
Calculating energies for FreeWilson2D(N_x=2, N_y=2, mass=-2.816, r=1.000)
Calculating energies for FreeWilson2D(N_x=2, N_y=2, mass=-2.808, r=1.000)
Calculating energies for FreeWilson2D(N_x=2, N_y=2, mass=-2.800, r=1.000)
Calculating energies for FreeWilson2D(N_x=2, N_y=2, mass=-2.792, r=1.000)
Calculating energies for FreeWilson2D(N_x=2, N_y=2, mass=-2.784, r=1.000)
Calculating energies for FreeWilson2D(N_x=2, N_y=2, mass=-2.776, r=1.000)
Calculating energies for FreeWilson2D(N_x=2, N_y=2, mass=-2.768, r=1.000)
Calculating energies for FreeWilson2D(N_x=2, N_y=2, mass=-2.760, r=1.000)
Calculating energies for FreeWilson2D(N_x=2, N_y=2, mass=-2.752, r=1.000)
Calculating energies for FreeWilson2D(N_x=2, N_y=2, mass=-2.744, r=1.000)
Calculating energies for FreeWilson2D(N_x=2, N_y=2, mass=-2.736, r=1.000)
Calculating energies for FreeWilson2D(N_x=2, N_y=2, mass=-2.728, r=1.000)
Calculating energies for FreeWilson2D(N_x=2, N_y=2, mass=-2.720, r=1.000)
Calculating energies for FreeWilson2D(N_x=2, N_y=2, mass=-2.712, r=1.000)
Calculating energies for FreeWilson2D(N_x=2, N_y=2, mass=-2.704, r=1.000)
Calculating energies for FreeWilson2D(N_x=2, N_y=2, mass=-2.696, r=1.000)
Calculating energies for FreeWilson2D(N_x=2, N_y=2, mass=-2.688, r=1.000)
Calculating energies for FreeWilson2D(N_x=2, N_y=2, mass=-2.680, r=1.000)
Calculating energies for FreeWilson2D(N_x=2, N_y=2, mass=-2.672, r=1.000)
Calculating energies for FreeWilson2D(N_x=2, N_y=2, mass=-2.664, r=1.000)
Calculating energies for FreeWilson2D(N_x=2, N_y=2, mass=-2.656, r=1.000)
Calculating energies for FreeWilson2D(N_x=2, N_y=2, mass=-2.648, r=1.000)
Calculating energies for FreeWilson2D(N_x=2, N_y=2, mass=-2.640, r=1.000)
Calculating energies for FreeWilson2D(N_x=2, N_y=2, mass=-2.632, r=1.000)
Calculating energies for FreeWilson2D(N_x=2, N_y=2, mass=-2.624, r=1.000)
Calculating energies for FreeWilson2D(N_x=2, N_y=2, mass=-2.616, r=1.000)
Calculating energies for FreeWilson2D(N_x=2, N_y=2, mass=-2.608, r=1.000)
Calculating energies for FreeWilson2D(N_x=2, N_y=2, mass=-2.600, r=1.000)
Calculating energies for FreeWilson2D(N_x=2, N_y=2, mass=-2.592, r=1.000)
Calculating energies for FreeWilson2D(N_x=2, N_y=2, mass=-2.584, r=1.000)
Calculating energies for FreeWilson2D(N_x=2, N_y=2, mass=-2.576, r=1.000)
Calculating energies for FreeWilson2D(N_x=2, N_y=2, mass=-2.568, r=1.000)
Calculating energies for FreeWilson2D(N_x=2, N_y=2, mass=-2.560, r=1.000)
Calculating energies for FreeWilson2D(N_x=2, N_y=2, mass=-2.552, r=1.000)
Calculating energies for FreeWilson2D(N_x=2, N_y=2, mass=-2.544, r=1.000)
Calculating energies for FreeWilson2D(N_x=2, N_y=2, mass=-2.536, r=1.000)
Calculating energies for FreeWilson2D(N_x=2, N_y=2, mass=-2.528, r=1.000)
Calculating energies for FreeWilson2D(N_x=2, N_y=2, mass=-2.520, r=1.000)
Calculating energies for FreeWilson2D(N_x=2, N_y=2, mass=-2.512, r=1.000)
Calculating energies for FreeWilson2D(N_x=2, N_y=2, mass=-2.504, r=1.000)
Calculating energies for FreeWilson2D(N_x=2, N_y=2, mass=-2.496, r=1.000)
Calculating energies for FreeWilson2D(N_x=2, N_y=2, mass=-2.488, r=1.000)
Calculating energies for FreeWilson2D(N_x=2, N_y=2, mass=-2.480, r=1.000)
Calculating energies for FreeWilson2D(N_x=2, N_y=2, mass=-2.472, r=1.000)
Calculating energies for FreeWilson2D(N_x=2, N_y=2, mass=-2.464, r=1.000)
Calculating energies for FreeWilson2D(N_x=2, N_y=2, mass=-2.456, r=1.000)
Calculating energies for FreeWilson2D(N_x=2, N_y=2, mass=-2.448, r=1.000)
Calculating energies for FreeWilson2D(N_x=2, N_y=2, mass=-2.440, r=1.000)
Calculating energies for FreeWilson2D(N_x=2, N_y=2, mass=-2.432, r=1.000)
Calculating energies for FreeWilson2D(N_x=2, N_y=2, mass=-2.424, r=1.000)
Calculating energies for FreeWilson2D(N_x=2, N_y=2, mass=-2.416, r=1.000)
Calculating energies for FreeWilson2D(N_x=2, N_y=2, mass=-2.408, r=1.000)
Calculating energies for FreeWilson2D(N_x=2, N_y=2, mass=-2.400, r=1.000)
Calculating energies for FreeWilson2D(N_x=2, N_y=2, mass=-2.392, r=1.000)
Calculating energies for FreeWilson2D(N_x=2, N_y=2, mass=-2.384, r=1.000)
Calculating energies for FreeWilson2D(N_x=2, N_y=2, mass=-2.376, r=1.000)
Calculating energies for FreeWilson2D(N_x=2, N_y=2, mass=-2.368, r=1.000)
Calculating energies for FreeWilson2D(N_x=2, N_y=2, mass=-2.360, r=1.000)
Calculating energies for FreeWilson2D(N_x=2, N_y=2, mass=-2.352, r=1.000)
Calculating energies for FreeWilson2D(N_x=2, N_y=2, mass=-2.344, r=1.000)
Calculating energies for FreeWilson2D(N_x=2, N_y=2, mass=-2.336, r=1.000)
Calculating energies for FreeWilson2D(N_x=2, N_y=2, mass=-2.328, r=1.000)
Calculating energies for FreeWilson2D(N_x=2, N_y=2, mass=-2.320, r=1.000)
Calculating energies for FreeWilson2D(N_x=2, N_y=2, mass=-2.312, r=1.000)
Calculating energies for FreeWilson2D(N_x=2, N_y=2, mass=-2.304, r=1.000)
Calculating energies for FreeWilson2D(N_x=2, N_y=2, mass=-2.296, r=1.000)
Calculating energies for FreeWilson2D(N_x=2, N_y=2, mass=-2.288, r=1.000)
Calculating energies for FreeWilson2D(N_x=2, N_y=2, mass=-2.280, r=1.000)
Calculating energies for FreeWilson2D(N_x=2, N_y=2, mass=-2.272, r=1.000)
Calculating energies for FreeWilson2D(N_x=2, N_y=2, mass=-2.264, r=1.000)
Calculating energies for FreeWilson2D(N_x=2, N_y=2, mass=-2.256, r=1.000)
Calculating energies for FreeWilson2D(N_x=2, N_y=2, mass=-2.248, r=1.000)
Calculating energies for FreeWilson2D(N_x=2, N_y=2, mass=-2.240, r=1.000)
Calculating energies for FreeWilson2D(N_x=2, N_y=2, mass=-2.232, r=1.000)
Calculating energies for FreeWilson2D(N_x=2, N_y=2, mass=-2.224, r=1.000)
Calculating energies for FreeWilson2D(N_x=2, N_y=2, mass=-2.216, r=1.000)
Calculating energies for FreeWilson2D(N_x=2, N_y=2, mass=-2.208, r=1.000)
Calculating energies for FreeWilson2D(N_x=2, N_y=2, mass=-2.200, r=1.000)
Calculating energies for FreeWilson2D(N_x=2, N_y=2, mass=-2.192, r=1.000)
Calculating energies for FreeWilson2D(N_x=2, N_y=2, mass=-2.184, r=1.000)
Calculating energies for FreeWilson2D(N_x=2, N_y=2, mass=-2.176, r=1.000)
Calculating energies for FreeWilson2D(N_x=2, N_y=2, mass=-2.168, r=1.000)
Calculating energies for FreeWilson2D(N_x=2, N_y=2, mass=-2.160, r=1.000)
Calculating energies for FreeWilson2D(N_x=2, N_y=2, mass=-2.152, r=1.000)
Calculating energies for FreeWilson2D(N_x=2, N_y=2, mass=-2.144, r=1.000)
Calculating energies for FreeWilson2D(N_x=2, N_y=2, mass=-2.136, r=1.000)
Calculating energies for FreeWilson2D(N_x=2, N_y=2, mass=-2.128, r=1.000)
Calculating energies for FreeWilson2D(N_x=2, N_y=2, mass=-2.120, r=1.000)
Calculating energies for FreeWilson2D(N_x=2, N_y=2, mass=-2.112, r=1.000)
Calculating energies for FreeWilson2D(N_x=2, N_y=2, mass=-2.104, r=1.000)
Calculating energies for FreeWilson2D(N_x=2, N_y=2, mass=-2.096, r=1.000)
Calculating energies for FreeWilson2D(N_x=2, N_y=2, mass=-2.088, r=1.000)
Calculating energies for FreeWilson2D(N_x=2, N_y=2, mass=-2.080, r=1.000)
Calculating energies for FreeWilson2D(N_x=2, N_y=2, mass=-2.072, r=1.000)
Calculating energies for FreeWilson2D(N_x=2, N_y=2, mass=-2.064, r=1.000)
Calculating energies for FreeWilson2D(N_x=2, N_y=2, mass=-2.056, r=1.000)
Calculating energies for FreeWilson2D(N_x=2, N_y=2, mass=-2.048, r=1.000)
Calculating energies for FreeWilson2D(N_x=2, N_y=2, mass=-2.040, r=1.000)
Calculating energies for FreeWilson2D(N_x=2, N_y=2, mass=-2.032, r=1.000)
Calculating energies for FreeWilson2D(N_x=2, N_y=2, mass=-2.024, r=1.000)
Calculating energies for FreeWilson2D(N_x=2, N_y=2, mass=-2.016, r=1.000)
Calculating energies for FreeWilson2D(N_x=2, N_y=2, mass=-2.008, r=1.000)
Calculating energies for FreeWilson2D(N_x=2, N_y=2, mass=-2.000, r=1.000)
Calculating energies for FreeWilson2D(N_x=2, N_y=2, mass=-1.992, r=1.000)
Calculating energies for FreeWilson2D(N_x=2, N_y=2, mass=-1.984, r=1.000)
Calculating energies for FreeWilson2D(N_x=2, N_y=2, mass=-1.976, r=1.000)
Calculating energies for FreeWilson2D(N_x=2, N_y=2, mass=-1.968, r=1.000)
Calculating energies for FreeWilson2D(N_x=2, N_y=2, mass=-1.960, r=1.000)
Calculating energies for FreeWilson2D(N_x=2, N_y=2, mass=-1.952, r=1.000)
Calculating energies for FreeWilson2D(N_x=2, N_y=2, mass=-1.944, r=1.000)
Calculating energies for FreeWilson2D(N_x=2, N_y=2, mass=-1.936, r=1.000)
Calculating energies for FreeWilson2D(N_x=2, N_y=2, mass=-1.928, r=1.000)
Calculating energies for FreeWilson2D(N_x=2, N_y=2, mass=-1.920, r=1.000)
Calculating energies for FreeWilson2D(N_x=2, N_y=2, mass=-1.912, r=1.000)
Calculating energies for FreeWilson2D(N_x=2, N_y=2, mass=-1.904, r=1.000)
Calculating energies for FreeWilson2D(N_x=2, N_y=2, mass=-1.896, r=1.000)
Calculating energies for FreeWilson2D(N_x=2, N_y=2, mass=-1.888, r=1.000)
Calculating energies for FreeWilson2D(N_x=2, N_y=2, mass=-1.880, r=1.000)
Calculating energies for FreeWilson2D(N_x=2, N_y=2, mass=-1.872, r=1.000)
Calculating energies for FreeWilson2D(N_x=2, N_y=2, mass=-1.864, r=1.000)
Calculating energies for FreeWilson2D(N_x=2, N_y=2, mass=-1.856, r=1.000)
Calculating energies for FreeWilson2D(N_x=2, N_y=2, mass=-1.848, r=1.000)
Calculating energies for FreeWilson2D(N_x=2, N_y=2, mass=-1.840, r=1.000)
Calculating energies for FreeWilson2D(N_x=2, N_y=2, mass=-1.832, r=1.000)
Calculating energies for FreeWilson2D(N_x=2, N_y=2, mass=-1.824, r=1.000)
Calculating energies for FreeWilson2D(N_x=2, N_y=2, mass=-1.816, r=1.000)
Calculating energies for FreeWilson2D(N_x=2, N_y=2, mass=-1.808, r=1.000)
Calculating energies for FreeWilson2D(N_x=2, N_y=2, mass=-1.800, r=1.000)
Calculating energies for FreeWilson2D(N_x=2, N_y=2, mass=-1.792, r=1.000)
Calculating energies for FreeWilson2D(N_x=2, N_y=2, mass=-1.784, r=1.000)
Calculating energies for FreeWilson2D(N_x=2, N_y=2, mass=-1.776, r=1.000)
Calculating energies for FreeWilson2D(N_x=2, N_y=2, mass=-1.768, r=1.000)
Calculating energies for FreeWilson2D(N_x=2, N_y=2, mass=-1.760, r=1.000)
Calculating energies for FreeWilson2D(N_x=2, N_y=2, mass=-1.752, r=1.000)
Calculating energies for FreeWilson2D(N_x=2, N_y=2, mass=-1.744, r=1.000)
Calculating energies for FreeWilson2D(N_x=2, N_y=2, mass=-1.736, r=1.000)
Calculating energies for FreeWilson2D(N_x=2, N_y=2, mass=-1.728, r=1.000)
Calculating energies for FreeWilson2D(N_x=2, N_y=2, mass=-1.720, r=1.000)
Calculating energies for FreeWilson2D(N_x=2, N_y=2, mass=-1.712, r=1.000)
Calculating energies for FreeWilson2D(N_x=2, N_y=2, mass=-1.704, r=1.000)
Calculating energies for FreeWilson2D(N_x=2, N_y=2, mass=-1.696, r=1.000)
Calculating energies for FreeWilson2D(N_x=2, N_y=2, mass=-1.688, r=1.000)
Calculating energies for FreeWilson2D(N_x=2, N_y=2, mass=-1.680, r=1.000)
Calculating energies for FreeWilson2D(N_x=2, N_y=2, mass=-1.672, r=1.000)
Calculating energies for FreeWilson2D(N_x=2, N_y=2, mass=-1.664, r=1.000)
Calculating energies for FreeWilson2D(N_x=2, N_y=2, mass=-1.656, r=1.000)
Calculating energies for FreeWilson2D(N_x=2, N_y=2, mass=-1.648, r=1.000)
Calculating energies for FreeWilson2D(N_x=2, N_y=2, mass=-1.640, r=1.000)
Calculating energies for FreeWilson2D(N_x=2, N_y=2, mass=-1.632, r=1.000)
Calculating energies for FreeWilson2D(N_x=2, N_y=2, mass=-1.624, r=1.000)
Calculating energies for FreeWilson2D(N_x=2, N_y=2, mass=-1.616, r=1.000)
Calculating energies for FreeWilson2D(N_x=2, N_y=2, mass=-1.608, r=1.000)
Calculating energies for FreeWilson2D(N_x=2, N_y=2, mass=-1.600, r=1.000)
Calculating energies for FreeWilson2D(N_x=2, N_y=2, mass=-1.592, r=1.000)
Calculating energies for FreeWilson2D(N_x=2, N_y=2, mass=-1.584, r=1.000)
Calculating energies for FreeWilson2D(N_x=2, N_y=2, mass=-1.576, r=1.000)
Calculating energies for FreeWilson2D(N_x=2, N_y=2, mass=-1.568, r=1.000)
Calculating energies for FreeWilson2D(N_x=2, N_y=2, mass=-1.560, r=1.000)
Calculating energies for FreeWilson2D(N_x=2, N_y=2, mass=-1.552, r=1.000)
Calculating energies for FreeWilson2D(N_x=2, N_y=2, mass=-1.544, r=1.000)
Calculating energies for FreeWilson2D(N_x=2, N_y=2, mass=-1.536, r=1.000)
Calculating energies for FreeWilson2D(N_x=2, N_y=2, mass=-1.528, r=1.000)
Calculating energies for FreeWilson2D(N_x=2, N_y=2, mass=-1.520, r=1.000)
Calculating energies for FreeWilson2D(N_x=2, N_y=2, mass=-1.512, r=1.000)
Calculating energies for FreeWilson2D(N_x=2, N_y=2, mass=-1.504, r=1.000)
Calculating energies for FreeWilson2D(N_x=2, N_y=2, mass=-1.496, r=1.000)
Calculating energies for FreeWilson2D(N_x=2, N_y=2, mass=-1.488, r=1.000)
Calculating energies for FreeWilson2D(N_x=2, N_y=2, mass=-1.480, r=1.000)
Calculating energies for FreeWilson2D(N_x=2, N_y=2, mass=-1.472, r=1.000)
Calculating energies for FreeWilson2D(N_x=2, N_y=2, mass=-1.464, r=1.000)
Calculating energies for FreeWilson2D(N_x=2, N_y=2, mass=-1.456, r=1.000)
Calculating energies for FreeWilson2D(N_x=2, N_y=2, mass=-1.448, r=1.000)
Calculating energies for FreeWilson2D(N_x=2, N_y=2, mass=-1.440, r=1.000)
Calculating energies for FreeWilson2D(N_x=2, N_y=2, mass=-1.432, r=1.000)
Calculating energies for FreeWilson2D(N_x=2, N_y=2, mass=-1.424, r=1.000)
Calculating energies for FreeWilson2D(N_x=2, N_y=2, mass=-1.416, r=1.000)
Calculating energies for FreeWilson2D(N_x=2, N_y=2, mass=-1.408, r=1.000)
Calculating energies for FreeWilson2D(N_x=2, N_y=2, mass=-1.400, r=1.000)
Calculating energies for FreeWilson2D(N_x=2, N_y=2, mass=-1.392, r=1.000)
Calculating energies for FreeWilson2D(N_x=2, N_y=2, mass=-1.384, r=1.000)
Calculating energies for FreeWilson2D(N_x=2, N_y=2, mass=-1.376, r=1.000)
Calculating energies for FreeWilson2D(N_x=2, N_y=2, mass=-1.368, r=1.000)
Calculating energies for FreeWilson2D(N_x=2, N_y=2, mass=-1.360, r=1.000)
Calculating energies for FreeWilson2D(N_x=2, N_y=2, mass=-1.352, r=1.000)
Calculating energies for FreeWilson2D(N_x=2, N_y=2, mass=-1.344, r=1.000)
Calculating energies for FreeWilson2D(N_x=2, N_y=2, mass=-1.336, r=1.000)
Calculating energies for FreeWilson2D(N_x=2, N_y=2, mass=-1.328, r=1.000)
Calculating energies for FreeWilson2D(N_x=2, N_y=2, mass=-1.320, r=1.000)
Calculating energies for FreeWilson2D(N_x=2, N_y=2, mass=-1.312, r=1.000)
Calculating energies for FreeWilson2D(N_x=2, N_y=2, mass=-1.304, r=1.000)
Calculating energies for FreeWilson2D(N_x=2, N_y=2, mass=-1.296, r=1.000)
Calculating energies for FreeWilson2D(N_x=2, N_y=2, mass=-1.288, r=1.000)
Calculating energies for FreeWilson2D(N_x=2, N_y=2, mass=-1.280, r=1.000)
Calculating energies for FreeWilson2D(N_x=2, N_y=2, mass=-1.272, r=1.000)
Calculating energies for FreeWilson2D(N_x=2, N_y=2, mass=-1.264, r=1.000)
Calculating energies for FreeWilson2D(N_x=2, N_y=2, mass=-1.256, r=1.000)
Calculating energies for FreeWilson2D(N_x=2, N_y=2, mass=-1.248, r=1.000)
Calculating energies for FreeWilson2D(N_x=2, N_y=2, mass=-1.240, r=1.000)
Calculating energies for FreeWilson2D(N_x=2, N_y=2, mass=-1.232, r=1.000)
Calculating energies for FreeWilson2D(N_x=2, N_y=2, mass=-1.224, r=1.000)
Calculating energies for FreeWilson2D(N_x=2, N_y=2, mass=-1.216, r=1.000)
Calculating energies for FreeWilson2D(N_x=2, N_y=2, mass=-1.208, r=1.000)
Calculating energies for FreeWilson2D(N_x=2, N_y=2, mass=-1.200, r=1.000)
Calculating energies for FreeWilson2D(N_x=2, N_y=2, mass=-1.192, r=1.000)
Calculating energies for FreeWilson2D(N_x=2, N_y=2, mass=-1.184, r=1.000)
Calculating energies for FreeWilson2D(N_x=2, N_y=2, mass=-1.176, r=1.000)
Calculating energies for FreeWilson2D(N_x=2, N_y=2, mass=-1.168, r=1.000)
Calculating energies for FreeWilson2D(N_x=2, N_y=2, mass=-1.160, r=1.000)
Calculating energies for FreeWilson2D(N_x=2, N_y=2, mass=-1.152, r=1.000)
Calculating energies for FreeWilson2D(N_x=2, N_y=2, mass=-1.144, r=1.000)
Calculating energies for FreeWilson2D(N_x=2, N_y=2, mass=-1.136, r=1.000)
Calculating energies for FreeWilson2D(N_x=2, N_y=2, mass=-1.128, r=1.000)
Calculating energies for FreeWilson2D(N_x=2, N_y=2, mass=-1.120, r=1.000)
Calculating energies for FreeWilson2D(N_x=2, N_y=2, mass=-1.112, r=1.000)
Calculating energies for FreeWilson2D(N_x=2, N_y=2, mass=-1.104, r=1.000)
Calculating energies for FreeWilson2D(N_x=2, N_y=2, mass=-1.096, r=1.000)
Calculating energies for FreeWilson2D(N_x=2, N_y=2, mass=-1.088, r=1.000)
Calculating energies for FreeWilson2D(N_x=2, N_y=2, mass=-1.080, r=1.000)
Calculating energies for FreeWilson2D(N_x=2, N_y=2, mass=-1.072, r=1.000)
Calculating energies for FreeWilson2D(N_x=2, N_y=2, mass=-1.064, r=1.000)
Calculating energies for FreeWilson2D(N_x=2, N_y=2, mass=-1.056, r=1.000)
Calculating energies for FreeWilson2D(N_x=2, N_y=2, mass=-1.048, r=1.000)
Calculating energies for FreeWilson2D(N_x=2, N_y=2, mass=-1.040, r=1.000)
Calculating energies for FreeWilson2D(N_x=2, N_y=2, mass=-1.032, r=1.000)
Calculating energies for FreeWilson2D(N_x=2, N_y=2, mass=-1.024, r=1.000)
Calculating energies for FreeWilson2D(N_x=2, N_y=2, mass=-1.016, r=1.000)
Calculating energies for FreeWilson2D(N_x=2, N_y=2, mass=-1.008, r=1.000)
Calculating energies for FreeWilson2D(N_x=2, N_y=2, mass=-1.000, r=1.000)
Calculating energies for FreeWilson2D(N_x=2, N_y=2, mass=-0.992, r=1.000)
Calculating energies for FreeWilson2D(N_x=2, N_y=2, mass=-0.984, r=1.000)
Calculating energies for FreeWilson2D(N_x=2, N_y=2, mass=-0.976, r=1.000)
Calculating energies for FreeWilson2D(N_x=2, N_y=2, mass=-0.968, r=1.000)
Calculating energies for FreeWilson2D(N_x=2, N_y=2, mass=-0.960, r=1.000)
Calculating energies for FreeWilson2D(N_x=2, N_y=2, mass=-0.952, r=1.000)
Calculating energies for FreeWilson2D(N_x=2, N_y=2, mass=-0.944, r=1.000)
Calculating energies for FreeWilson2D(N_x=2, N_y=2, mass=-0.936, r=1.000)
Calculating energies for FreeWilson2D(N_x=2, N_y=2, mass=-0.928, r=1.000)
Calculating energies for FreeWilson2D(N_x=2, N_y=2, mass=-0.920, r=1.000)
Calculating energies for FreeWilson2D(N_x=2, N_y=2, mass=-0.912, r=1.000)
Calculating energies for FreeWilson2D(N_x=2, N_y=2, mass=-0.904, r=1.000)
Calculating energies for FreeWilson2D(N_x=2, N_y=2, mass=-0.896, r=1.000)
Calculating energies for FreeWilson2D(N_x=2, N_y=2, mass=-0.888, r=1.000)
Calculating energies for FreeWilson2D(N_x=2, N_y=2, mass=-0.880, r=1.000)
Calculating energies for FreeWilson2D(N_x=2, N_y=2, mass=-0.872, r=1.000)
Calculating energies for FreeWilson2D(N_x=2, N_y=2, mass=-0.864, r=1.000)
Calculating energies for FreeWilson2D(N_x=2, N_y=2, mass=-0.856, r=1.000)
Calculating energies for FreeWilson2D(N_x=2, N_y=2, mass=-0.848, r=1.000)
Calculating energies for FreeWilson2D(N_x=2, N_y=2, mass=-0.840, r=1.000)
Calculating energies for FreeWilson2D(N_x=2, N_y=2, mass=-0.832, r=1.000)
Calculating energies for FreeWilson2D(N_x=2, N_y=2, mass=-0.824, r=1.000)
Calculating energies for FreeWilson2D(N_x=2, N_y=2, mass=-0.816, r=1.000)
Calculating energies for FreeWilson2D(N_x=2, N_y=2, mass=-0.808, r=1.000)
Calculating energies for FreeWilson2D(N_x=2, N_y=2, mass=-0.800, r=1.000)
Calculating energies for FreeWilson2D(N_x=2, N_y=2, mass=-0.792, r=1.000)
Calculating energies for FreeWilson2D(N_x=2, N_y=2, mass=-0.784, r=1.000)
Calculating energies for FreeWilson2D(N_x=2, N_y=2, mass=-0.776, r=1.000)
Calculating energies for FreeWilson2D(N_x=2, N_y=2, mass=-0.768, r=1.000)
Calculating energies for FreeWilson2D(N_x=2, N_y=2, mass=-0.760, r=1.000)
Calculating energies for FreeWilson2D(N_x=2, N_y=2, mass=-0.752, r=1.000)
Calculating energies for FreeWilson2D(N_x=2, N_y=2, mass=-0.744, r=1.000)
Calculating energies for FreeWilson2D(N_x=2, N_y=2, mass=-0.736, r=1.000)
Calculating energies for FreeWilson2D(N_x=2, N_y=2, mass=-0.728, r=1.000)
Calculating energies for FreeWilson2D(N_x=2, N_y=2, mass=-0.720, r=1.000)
Calculating energies for FreeWilson2D(N_x=2, N_y=2, mass=-0.712, r=1.000)
Calculating energies for FreeWilson2D(N_x=2, N_y=2, mass=-0.704, r=1.000)
Calculating energies for FreeWilson2D(N_x=2, N_y=2, mass=-0.696, r=1.000)
Calculating energies for FreeWilson2D(N_x=2, N_y=2, mass=-0.688, r=1.000)
Calculating energies for FreeWilson2D(N_x=2, N_y=2, mass=-0.680, r=1.000)
Calculating energies for FreeWilson2D(N_x=2, N_y=2, mass=-0.672, r=1.000)
Calculating energies for FreeWilson2D(N_x=2, N_y=2, mass=-0.664, r=1.000)
Calculating energies for FreeWilson2D(N_x=2, N_y=2, mass=-0.656, r=1.000)
Calculating energies for FreeWilson2D(N_x=2, N_y=2, mass=-0.648, r=1.000)
Calculating energies for FreeWilson2D(N_x=2, N_y=2, mass=-0.640, r=1.000)
Calculating energies for FreeWilson2D(N_x=2, N_y=2, mass=-0.632, r=1.000)
Calculating energies for FreeWilson2D(N_x=2, N_y=2, mass=-0.624, r=1.000)
Calculating energies for FreeWilson2D(N_x=2, N_y=2, mass=-0.616, r=1.000)
Calculating energies for FreeWilson2D(N_x=2, N_y=2, mass=-0.608, r=1.000)
Calculating energies for FreeWilson2D(N_x=2, N_y=2, mass=-0.600, r=1.000)
Calculating energies for FreeWilson2D(N_x=2, N_y=2, mass=-0.592, r=1.000)
Calculating energies for FreeWilson2D(N_x=2, N_y=2, mass=-0.584, r=1.000)
Calculating energies for FreeWilson2D(N_x=2, N_y=2, mass=-0.576, r=1.000)
Calculating energies for FreeWilson2D(N_x=2, N_y=2, mass=-0.568, r=1.000)
Calculating energies for FreeWilson2D(N_x=2, N_y=2, mass=-0.560, r=1.000)
Calculating energies for FreeWilson2D(N_x=2, N_y=2, mass=-0.552, r=1.000)
Calculating energies for FreeWilson2D(N_x=2, N_y=2, mass=-0.544, r=1.000)
Calculating energies for FreeWilson2D(N_x=2, N_y=2, mass=-0.536, r=1.000)
Calculating energies for FreeWilson2D(N_x=2, N_y=2, mass=-0.528, r=1.000)
Calculating energies for FreeWilson2D(N_x=2, N_y=2, mass=-0.520, r=1.000)
Calculating energies for FreeWilson2D(N_x=2, N_y=2, mass=-0.512, r=1.000)
Calculating energies for FreeWilson2D(N_x=2, N_y=2, mass=-0.504, r=1.000)
Calculating energies for FreeWilson2D(N_x=2, N_y=2, mass=-0.496, r=1.000)
Calculating energies for FreeWilson2D(N_x=2, N_y=2, mass=-0.488, r=1.000)
Calculating energies for FreeWilson2D(N_x=2, N_y=2, mass=-0.480, r=1.000)
Calculating energies for FreeWilson2D(N_x=2, N_y=2, mass=-0.472, r=1.000)
Calculating energies for FreeWilson2D(N_x=2, N_y=2, mass=-0.464, r=1.000)
Calculating energies for FreeWilson2D(N_x=2, N_y=2, mass=-0.456, r=1.000)
Calculating energies for FreeWilson2D(N_x=2, N_y=2, mass=-0.448, r=1.000)
Calculating energies for FreeWilson2D(N_x=2, N_y=2, mass=-0.440, r=1.000)
Calculating energies for FreeWilson2D(N_x=2, N_y=2, mass=-0.432, r=1.000)
Calculating energies for FreeWilson2D(N_x=2, N_y=2, mass=-0.424, r=1.000)
Calculating energies for FreeWilson2D(N_x=2, N_y=2, mass=-0.416, r=1.000)
Calculating energies for FreeWilson2D(N_x=2, N_y=2, mass=-0.408, r=1.000)
Calculating energies for FreeWilson2D(N_x=2, N_y=2, mass=-0.400, r=1.000)
Calculating energies for FreeWilson2D(N_x=2, N_y=2, mass=-0.392, r=1.000)
Calculating energies for FreeWilson2D(N_x=2, N_y=2, mass=-0.384, r=1.000)
Calculating energies for FreeWilson2D(N_x=2, N_y=2, mass=-0.376, r=1.000)
Calculating energies for FreeWilson2D(N_x=2, N_y=2, mass=-0.368, r=1.000)
Calculating energies for FreeWilson2D(N_x=2, N_y=2, mass=-0.360, r=1.000)
Calculating energies for FreeWilson2D(N_x=2, N_y=2, mass=-0.352, r=1.000)
Calculating energies for FreeWilson2D(N_x=2, N_y=2, mass=-0.344, r=1.000)
Calculating energies for FreeWilson2D(N_x=2, N_y=2, mass=-0.336, r=1.000)
Calculating energies for FreeWilson2D(N_x=2, N_y=2, mass=-0.328, r=1.000)
Calculating energies for FreeWilson2D(N_x=2, N_y=2, mass=-0.320, r=1.000)
Calculating energies for FreeWilson2D(N_x=2, N_y=2, mass=-0.312, r=1.000)
Calculating energies for FreeWilson2D(N_x=2, N_y=2, mass=-0.304, r=1.000)
Calculating energies for FreeWilson2D(N_x=2, N_y=2, mass=-0.296, r=1.000)
Calculating energies for FreeWilson2D(N_x=2, N_y=2, mass=-0.288, r=1.000)
Calculating energies for FreeWilson2D(N_x=2, N_y=2, mass=-0.280, r=1.000)
Calculating energies for FreeWilson2D(N_x=2, N_y=2, mass=-0.272, r=1.000)
Calculating energies for FreeWilson2D(N_x=2, N_y=2, mass=-0.264, r=1.000)
Calculating energies for FreeWilson2D(N_x=2, N_y=2, mass=-0.256, r=1.000)
Calculating energies for FreeWilson2D(N_x=2, N_y=2, mass=-0.248, r=1.000)
Calculating energies for FreeWilson2D(N_x=2, N_y=2, mass=-0.240, r=1.000)
Calculating energies for FreeWilson2D(N_x=2, N_y=2, mass=-0.232, r=1.000)
Calculating energies for FreeWilson2D(N_x=2, N_y=2, mass=-0.224, r=1.000)
Calculating energies for FreeWilson2D(N_x=2, N_y=2, mass=-0.216, r=1.000)
Calculating energies for FreeWilson2D(N_x=2, N_y=2, mass=-0.208, r=1.000)
Calculating energies for FreeWilson2D(N_x=2, N_y=2, mass=-0.200, r=1.000)
Calculating energies for FreeWilson2D(N_x=2, N_y=2, mass=-0.192, r=1.000)
Calculating energies for FreeWilson2D(N_x=2, N_y=2, mass=-0.184, r=1.000)
Calculating energies for FreeWilson2D(N_x=2, N_y=2, mass=-0.176, r=1.000)
Calculating energies for FreeWilson2D(N_x=2, N_y=2, mass=-0.168, r=1.000)
Calculating energies for FreeWilson2D(N_x=2, N_y=2, mass=-0.160, r=1.000)
Calculating energies for FreeWilson2D(N_x=2, N_y=2, mass=-0.152, r=1.000)
Calculating energies for FreeWilson2D(N_x=2, N_y=2, mass=-0.144, r=1.000)
Calculating energies for FreeWilson2D(N_x=2, N_y=2, mass=-0.136, r=1.000)
Calculating energies for FreeWilson2D(N_x=2, N_y=2, mass=-0.128, r=1.000)
Calculating energies for FreeWilson2D(N_x=2, N_y=2, mass=-0.120, r=1.000)
Calculating energies for FreeWilson2D(N_x=2, N_y=2, mass=-0.112, r=1.000)
Calculating energies for FreeWilson2D(N_x=2, N_y=2, mass=-0.104, r=1.000)
Calculating energies for FreeWilson2D(N_x=2, N_y=2, mass=-0.096, r=1.000)
Calculating energies for FreeWilson2D(N_x=2, N_y=2, mass=-0.088, r=1.000)
Calculating energies for FreeWilson2D(N_x=2, N_y=2, mass=-0.080, r=1.000)
Calculating energies for FreeWilson2D(N_x=2, N_y=2, mass=-0.072, r=1.000)
Calculating energies for FreeWilson2D(N_x=2, N_y=2, mass=-0.064, r=1.000)
Calculating energies for FreeWilson2D(N_x=2, N_y=2, mass=-0.056, r=1.000)
Calculating energies for FreeWilson2D(N_x=2, N_y=2, mass=-0.048, r=1.000)
Calculating energies for FreeWilson2D(N_x=2, N_y=2, mass=-0.040, r=1.000)
Calculating energies for FreeWilson2D(N_x=2, N_y=2, mass=-0.032, r=1.000)
Calculating energies for FreeWilson2D(N_x=2, N_y=2, mass=-0.024, r=1.000)
Calculating energies for FreeWilson2D(N_x=2, N_y=2, mass=-0.016, r=1.000)
Calculating energies for FreeWilson2D(N_x=2, N_y=2, mass=-0.008, r=1.000)
Calculating energies for FreeWilson2D(N_x=2, N_y=2, mass=0.000, r=1.000)
Calculating energies for FreeWilson2D(N_x=2, N_y=2, mass=0.008, r=1.000)
Calculating energies for FreeWilson2D(N_x=2, N_y=2, mass=0.016, r=1.000)
Calculating energies for FreeWilson2D(N_x=2, N_y=2, mass=0.024, r=1.000)
Calculating energies for FreeWilson2D(N_x=2, N_y=2, mass=0.032, r=1.000)
Calculating energies for FreeWilson2D(N_x=2, N_y=2, mass=0.040, r=1.000)
Calculating energies for FreeWilson2D(N_x=2, N_y=2, mass=0.048, r=1.000)
Calculating energies for FreeWilson2D(N_x=2, N_y=2, mass=0.056, r=1.000)
Calculating energies for FreeWilson2D(N_x=2, N_y=2, mass=0.064, r=1.000)
Calculating energies for FreeWilson2D(N_x=2, N_y=2, mass=0.072, r=1.000)
Calculating energies for FreeWilson2D(N_x=2, N_y=2, mass=0.080, r=1.000)
Calculating energies for FreeWilson2D(N_x=2, N_y=2, mass=0.088, r=1.000)
Calculating energies for FreeWilson2D(N_x=2, N_y=2, mass=0.096, r=1.000)
Calculating energies for FreeWilson2D(N_x=2, N_y=2, mass=0.104, r=1.000)
Calculating energies for FreeWilson2D(N_x=2, N_y=2, mass=0.112, r=1.000)
Calculating energies for FreeWilson2D(N_x=2, N_y=2, mass=0.120, r=1.000)
Calculating energies for FreeWilson2D(N_x=2, N_y=2, mass=0.128, r=1.000)
Calculating energies for FreeWilson2D(N_x=2, N_y=2, mass=0.136, r=1.000)
Calculating energies for FreeWilson2D(N_x=2, N_y=2, mass=0.144, r=1.000)
Calculating energies for FreeWilson2D(N_x=2, N_y=2, mass=0.152, r=1.000)
Calculating energies for FreeWilson2D(N_x=2, N_y=2, mass=0.160, r=1.000)
Calculating energies for FreeWilson2D(N_x=2, N_y=2, mass=0.168, r=1.000)
Calculating energies for FreeWilson2D(N_x=2, N_y=2, mass=0.176, r=1.000)
Calculating energies for FreeWilson2D(N_x=2, N_y=2, mass=0.184, r=1.000)
Calculating energies for FreeWilson2D(N_x=2, N_y=2, mass=0.192, r=1.000)
Calculating energies for FreeWilson2D(N_x=2, N_y=2, mass=0.200, r=1.000)
Calculating energies for FreeWilson2D(N_x=2, N_y=2, mass=0.208, r=1.000)
Calculating energies for FreeWilson2D(N_x=2, N_y=2, mass=0.216, r=1.000)
Calculating energies for FreeWilson2D(N_x=2, N_y=2, mass=0.224, r=1.000)
Calculating energies for FreeWilson2D(N_x=2, N_y=2, mass=0.232, r=1.000)
Calculating energies for FreeWilson2D(N_x=2, N_y=2, mass=0.240, r=1.000)
Calculating energies for FreeWilson2D(N_x=2, N_y=2, mass=0.248, r=1.000)
Calculating energies for FreeWilson2D(N_x=2, N_y=2, mass=0.256, r=1.000)
Calculating energies for FreeWilson2D(N_x=2, N_y=2, mass=0.264, r=1.000)
Calculating energies for FreeWilson2D(N_x=2, N_y=2, mass=0.272, r=1.000)
Calculating energies for FreeWilson2D(N_x=2, N_y=2, mass=0.280, r=1.000)
Calculating energies for FreeWilson2D(N_x=2, N_y=2, mass=0.288, r=1.000)
Calculating energies for FreeWilson2D(N_x=2, N_y=2, mass=0.296, r=1.000)
Calculating energies for FreeWilson2D(N_x=2, N_y=2, mass=0.304, r=1.000)
Calculating energies for FreeWilson2D(N_x=2, N_y=2, mass=0.312, r=1.000)
Calculating energies for FreeWilson2D(N_x=2, N_y=2, mass=0.320, r=1.000)
Calculating energies for FreeWilson2D(N_x=2, N_y=2, mass=0.328, r=1.000)
Calculating energies for FreeWilson2D(N_x=2, N_y=2, mass=0.336, r=1.000)
Calculating energies for FreeWilson2D(N_x=2, N_y=2, mass=0.344, r=1.000)
Calculating energies for FreeWilson2D(N_x=2, N_y=2, mass=0.352, r=1.000)
Calculating energies for FreeWilson2D(N_x=2, N_y=2, mass=0.360, r=1.000)
Calculating energies for FreeWilson2D(N_x=2, N_y=2, mass=0.368, r=1.000)
Calculating energies for FreeWilson2D(N_x=2, N_y=2, mass=0.376, r=1.000)
Calculating energies for FreeWilson2D(N_x=2, N_y=2, mass=0.384, r=1.000)
Calculating energies for FreeWilson2D(N_x=2, N_y=2, mass=0.392, r=1.000)
Calculating energies for FreeWilson2D(N_x=2, N_y=2, mass=0.400, r=1.000)
Calculating energies for FreeWilson2D(N_x=2, N_y=2, mass=0.408, r=1.000)
Calculating energies for FreeWilson2D(N_x=2, N_y=2, mass=0.416, r=1.000)
Calculating energies for FreeWilson2D(N_x=2, N_y=2, mass=0.424, r=1.000)
Calculating energies for FreeWilson2D(N_x=2, N_y=2, mass=0.432, r=1.000)
Calculating energies for FreeWilson2D(N_x=2, N_y=2, mass=0.440, r=1.000)
Calculating energies for FreeWilson2D(N_x=2, N_y=2, mass=0.448, r=1.000)
Calculating energies for FreeWilson2D(N_x=2, N_y=2, mass=0.456, r=1.000)
Calculating energies for FreeWilson2D(N_x=2, N_y=2, mass=0.464, r=1.000)
Calculating energies for FreeWilson2D(N_x=2, N_y=2, mass=0.472, r=1.000)
Calculating energies for FreeWilson2D(N_x=2, N_y=2, mass=0.480, r=1.000)
Calculating energies for FreeWilson2D(N_x=2, N_y=2, mass=0.488, r=1.000)
Calculating energies for FreeWilson2D(N_x=2, N_y=2, mass=0.496, r=1.000)
Calculating energies for FreeWilson2D(N_x=2, N_y=2, mass=0.504, r=1.000)
Calculating energies for FreeWilson2D(N_x=2, N_y=2, mass=0.512, r=1.000)
Calculating energies for FreeWilson2D(N_x=2, N_y=2, mass=0.520, r=1.000)
Calculating energies for FreeWilson2D(N_x=2, N_y=2, mass=0.528, r=1.000)
Calculating energies for FreeWilson2D(N_x=2, N_y=2, mass=0.536, r=1.000)
Calculating energies for FreeWilson2D(N_x=2, N_y=2, mass=0.544, r=1.000)
Calculating energies for FreeWilson2D(N_x=2, N_y=2, mass=0.552, r=1.000)
Calculating energies for FreeWilson2D(N_x=2, N_y=2, mass=0.560, r=1.000)
Calculating energies for FreeWilson2D(N_x=2, N_y=2, mass=0.568, r=1.000)
Calculating energies for FreeWilson2D(N_x=2, N_y=2, mass=0.576, r=1.000)
Calculating energies for FreeWilson2D(N_x=2, N_y=2, mass=0.584, r=1.000)
Calculating energies for FreeWilson2D(N_x=2, N_y=2, mass=0.592, r=1.000)
Calculating energies for FreeWilson2D(N_x=2, N_y=2, mass=0.600, r=1.000)
Calculating energies for FreeWilson2D(N_x=2, N_y=2, mass=0.608, r=1.000)
Calculating energies for FreeWilson2D(N_x=2, N_y=2, mass=0.616, r=1.000)
Calculating energies for FreeWilson2D(N_x=2, N_y=2, mass=0.624, r=1.000)
Calculating energies for FreeWilson2D(N_x=2, N_y=2, mass=0.632, r=1.000)
Calculating energies for FreeWilson2D(N_x=2, N_y=2, mass=0.640, r=1.000)
Calculating energies for FreeWilson2D(N_x=2, N_y=2, mass=0.648, r=1.000)
Calculating energies for FreeWilson2D(N_x=2, N_y=2, mass=0.656, r=1.000)
Calculating energies for FreeWilson2D(N_x=2, N_y=2, mass=0.664, r=1.000)
Calculating energies for FreeWilson2D(N_x=2, N_y=2, mass=0.672, r=1.000)
Calculating energies for FreeWilson2D(N_x=2, N_y=2, mass=0.680, r=1.000)
Calculating energies for FreeWilson2D(N_x=2, N_y=2, mass=0.688, r=1.000)
Calculating energies for FreeWilson2D(N_x=2, N_y=2, mass=0.696, r=1.000)
Calculating energies for FreeWilson2D(N_x=2, N_y=2, mass=0.704, r=1.000)
Calculating energies for FreeWilson2D(N_x=2, N_y=2, mass=0.712, r=1.000)
Calculating energies for FreeWilson2D(N_x=2, N_y=2, mass=0.720, r=1.000)
Calculating energies for FreeWilson2D(N_x=2, N_y=2, mass=0.728, r=1.000)
Calculating energies for FreeWilson2D(N_x=2, N_y=2, mass=0.736, r=1.000)
Calculating energies for FreeWilson2D(N_x=2, N_y=2, mass=0.744, r=1.000)
Calculating energies for FreeWilson2D(N_x=2, N_y=2, mass=0.752, r=1.000)
Calculating energies for FreeWilson2D(N_x=2, N_y=2, mass=0.760, r=1.000)
Calculating energies for FreeWilson2D(N_x=2, N_y=2, mass=0.768, r=1.000)
Calculating energies for FreeWilson2D(N_x=2, N_y=2, mass=0.776, r=1.000)
Calculating energies for FreeWilson2D(N_x=2, N_y=2, mass=0.784, r=1.000)
Calculating energies for FreeWilson2D(N_x=2, N_y=2, mass=0.792, r=1.000)
Calculating energies for FreeWilson2D(N_x=2, N_y=2, mass=0.800, r=1.000)
Calculating energies for FreeWilson2D(N_x=2, N_y=2, mass=0.808, r=1.000)
Calculating energies for FreeWilson2D(N_x=2, N_y=2, mass=0.816, r=1.000)
Calculating energies for FreeWilson2D(N_x=2, N_y=2, mass=0.824, r=1.000)
Calculating energies for FreeWilson2D(N_x=2, N_y=2, mass=0.832, r=1.000)
Calculating energies for FreeWilson2D(N_x=2, N_y=2, mass=0.840, r=1.000)
Calculating energies for FreeWilson2D(N_x=2, N_y=2, mass=0.848, r=1.000)
Calculating energies for FreeWilson2D(N_x=2, N_y=2, mass=0.856, r=1.000)
Calculating energies for FreeWilson2D(N_x=2, N_y=2, mass=0.864, r=1.000)
Calculating energies for FreeWilson2D(N_x=2, N_y=2, mass=0.872, r=1.000)
Calculating energies for FreeWilson2D(N_x=2, N_y=2, mass=0.880, r=1.000)
Calculating energies for FreeWilson2D(N_x=2, N_y=2, mass=0.888, r=1.000)
Calculating energies for FreeWilson2D(N_x=2, N_y=2, mass=0.896, r=1.000)
Calculating energies for FreeWilson2D(N_x=2, N_y=2, mass=0.904, r=1.000)
Calculating energies for FreeWilson2D(N_x=2, N_y=2, mass=0.912, r=1.000)
Calculating energies for FreeWilson2D(N_x=2, N_y=2, mass=0.920, r=1.000)
Calculating energies for FreeWilson2D(N_x=2, N_y=2, mass=0.928, r=1.000)
Calculating energies for FreeWilson2D(N_x=2, N_y=2, mass=0.936, r=1.000)
Calculating energies for FreeWilson2D(N_x=2, N_y=2, mass=0.944, r=1.000)
Calculating energies for FreeWilson2D(N_x=2, N_y=2, mass=0.952, r=1.000)
Calculating energies for FreeWilson2D(N_x=2, N_y=2, mass=0.960, r=1.000)
Calculating energies for FreeWilson2D(N_x=2, N_y=2, mass=0.968, r=1.000)
Calculating energies for FreeWilson2D(N_x=2, N_y=2, mass=0.976, r=1.000)
Calculating energies for FreeWilson2D(N_x=2, N_y=2, mass=0.984, r=1.000)
Calculating energies for FreeWilson2D(N_x=2, N_y=2, mass=0.992, r=1.000)
Calculating energies for FreeWilson2D(N_x=2, N_y=2, mass=1.000, r=1.000)
Calculating energies for FreeWilson2D(N_x=2, N_y=2, mass=1.008, r=1.000)
Calculating energies for FreeWilson2D(N_x=2, N_y=2, mass=1.016, r=1.000)
Calculating energies for FreeWilson2D(N_x=2, N_y=2, mass=1.024, r=1.000)
Calculating energies for FreeWilson2D(N_x=2, N_y=2, mass=1.032, r=1.000)
Calculating energies for FreeWilson2D(N_x=2, N_y=2, mass=1.040, r=1.000)
Calculating energies for FreeWilson2D(N_x=2, N_y=2, mass=1.048, r=1.000)
Calculating energies for FreeWilson2D(N_x=2, N_y=2, mass=1.056, r=1.000)
Calculating energies for FreeWilson2D(N_x=2, N_y=2, mass=1.064, r=1.000)
Calculating energies for FreeWilson2D(N_x=2, N_y=2, mass=1.072, r=1.000)
Calculating energies for FreeWilson2D(N_x=2, N_y=2, mass=1.080, r=1.000)
Calculating energies for FreeWilson2D(N_x=2, N_y=2, mass=1.088, r=1.000)
Calculating energies for FreeWilson2D(N_x=2, N_y=2, mass=1.096, r=1.000)
Calculating energies for FreeWilson2D(N_x=2, N_y=2, mass=1.104, r=1.000)
Calculating energies for FreeWilson2D(N_x=2, N_y=2, mass=1.112, r=1.000)
Calculating energies for FreeWilson2D(N_x=2, N_y=2, mass=1.120, r=1.000)
Calculating energies for FreeWilson2D(N_x=2, N_y=2, mass=1.128, r=1.000)
Calculating energies for FreeWilson2D(N_x=2, N_y=2, mass=1.136, r=1.000)
Calculating energies for FreeWilson2D(N_x=2, N_y=2, mass=1.144, r=1.000)
Calculating energies for FreeWilson2D(N_x=2, N_y=2, mass=1.152, r=1.000)
Calculating energies for FreeWilson2D(N_x=2, N_y=2, mass=1.160, r=1.000)
Calculating energies for FreeWilson2D(N_x=2, N_y=2, mass=1.168, r=1.000)
Calculating energies for FreeWilson2D(N_x=2, N_y=2, mass=1.176, r=1.000)
Calculating energies for FreeWilson2D(N_x=2, N_y=2, mass=1.184, r=1.000)
Calculating energies for FreeWilson2D(N_x=2, N_y=2, mass=1.192, r=1.000)
Calculating energies for FreeWilson2D(N_x=2, N_y=2, mass=1.200, r=1.000)
Calculating energies for FreeWilson2D(N_x=2, N_y=2, mass=1.208, r=1.000)
Calculating energies for FreeWilson2D(N_x=2, N_y=2, mass=1.216, r=1.000)
Calculating energies for FreeWilson2D(N_x=2, N_y=2, mass=1.224, r=1.000)
Calculating energies for FreeWilson2D(N_x=2, N_y=2, mass=1.232, r=1.000)
Calculating energies for FreeWilson2D(N_x=2, N_y=2, mass=1.240, r=1.000)
Calculating energies for FreeWilson2D(N_x=2, N_y=2, mass=1.248, r=1.000)
Calculating energies for FreeWilson2D(N_x=2, N_y=2, mass=1.256, r=1.000)
Calculating energies for FreeWilson2D(N_x=2, N_y=2, mass=1.264, r=1.000)
Calculating energies for FreeWilson2D(N_x=2, N_y=2, mass=1.272, r=1.000)
Calculating energies for FreeWilson2D(N_x=2, N_y=2, mass=1.280, r=1.000)
Calculating energies for FreeWilson2D(N_x=2, N_y=2, mass=1.288, r=1.000)
Calculating energies for FreeWilson2D(N_x=2, N_y=2, mass=1.296, r=1.000)
Calculating energies for FreeWilson2D(N_x=2, N_y=2, mass=1.304, r=1.000)
Calculating energies for FreeWilson2D(N_x=2, N_y=2, mass=1.312, r=1.000)
Calculating energies for FreeWilson2D(N_x=2, N_y=2, mass=1.320, r=1.000)
Calculating energies for FreeWilson2D(N_x=2, N_y=2, mass=1.328, r=1.000)
Calculating energies for FreeWilson2D(N_x=2, N_y=2, mass=1.336, r=1.000)
Calculating energies for FreeWilson2D(N_x=2, N_y=2, mass=1.344, r=1.000)
Calculating energies for FreeWilson2D(N_x=2, N_y=2, mass=1.352, r=1.000)
Calculating energies for FreeWilson2D(N_x=2, N_y=2, mass=1.360, r=1.000)
Calculating energies for FreeWilson2D(N_x=2, N_y=2, mass=1.368, r=1.000)
Calculating energies for FreeWilson2D(N_x=2, N_y=2, mass=1.376, r=1.000)
Calculating energies for FreeWilson2D(N_x=2, N_y=2, mass=1.384, r=1.000)
Calculating energies for FreeWilson2D(N_x=2, N_y=2, mass=1.392, r=1.000)
Calculating energies for FreeWilson2D(N_x=2, N_y=2, mass=1.400, r=1.000)
Calculating energies for FreeWilson2D(N_x=2, N_y=2, mass=1.408, r=1.000)
Calculating energies for FreeWilson2D(N_x=2, N_y=2, mass=1.416, r=1.000)
Calculating energies for FreeWilson2D(N_x=2, N_y=2, mass=1.424, r=1.000)
Calculating energies for FreeWilson2D(N_x=2, N_y=2, mass=1.432, r=1.000)
Calculating energies for FreeWilson2D(N_x=2, N_y=2, mass=1.440, r=1.000)
Calculating energies for FreeWilson2D(N_x=2, N_y=2, mass=1.448, r=1.000)
Calculating energies for FreeWilson2D(N_x=2, N_y=2, mass=1.456, r=1.000)
Calculating energies for FreeWilson2D(N_x=2, N_y=2, mass=1.464, r=1.000)
Calculating energies for FreeWilson2D(N_x=2, N_y=2, mass=1.472, r=1.000)
Calculating energies for FreeWilson2D(N_x=2, N_y=2, mass=1.480, r=1.000)
Calculating energies for FreeWilson2D(N_x=2, N_y=2, mass=1.488, r=1.000)
Calculating energies for FreeWilson2D(N_x=2, N_y=2, mass=1.496, r=1.000)
Calculating energies for FreeWilson2D(N_x=2, N_y=2, mass=1.504, r=1.000)
Calculating energies for FreeWilson2D(N_x=2, N_y=2, mass=1.512, r=1.000)
Calculating energies for FreeWilson2D(N_x=2, N_y=2, mass=1.520, r=1.000)
Calculating energies for FreeWilson2D(N_x=2, N_y=2, mass=1.528, r=1.000)
Calculating energies for FreeWilson2D(N_x=2, N_y=2, mass=1.536, r=1.000)
Calculating energies for FreeWilson2D(N_x=2, N_y=2, mass=1.544, r=1.000)
Calculating energies for FreeWilson2D(N_x=2, N_y=2, mass=1.552, r=1.000)
Calculating energies for FreeWilson2D(N_x=2, N_y=2, mass=1.560, r=1.000)
Calculating energies for FreeWilson2D(N_x=2, N_y=2, mass=1.568, r=1.000)
Calculating energies for FreeWilson2D(N_x=2, N_y=2, mass=1.576, r=1.000)
Calculating energies for FreeWilson2D(N_x=2, N_y=2, mass=1.584, r=1.000)
Calculating energies for FreeWilson2D(N_x=2, N_y=2, mass=1.592, r=1.000)
Calculating energies for FreeWilson2D(N_x=2, N_y=2, mass=1.600, r=1.000)
Calculating energies for FreeWilson2D(N_x=2, N_y=2, mass=1.608, r=1.000)
Calculating energies for FreeWilson2D(N_x=2, N_y=2, mass=1.616, r=1.000)
Calculating energies for FreeWilson2D(N_x=2, N_y=2, mass=1.624, r=1.000)
Calculating energies for FreeWilson2D(N_x=2, N_y=2, mass=1.632, r=1.000)
Calculating energies for FreeWilson2D(N_x=2, N_y=2, mass=1.640, r=1.000)
Calculating energies for FreeWilson2D(N_x=2, N_y=2, mass=1.648, r=1.000)
Calculating energies for FreeWilson2D(N_x=2, N_y=2, mass=1.656, r=1.000)
Calculating energies for FreeWilson2D(N_x=2, N_y=2, mass=1.664, r=1.000)
Calculating energies for FreeWilson2D(N_x=2, N_y=2, mass=1.672, r=1.000)
Calculating energies for FreeWilson2D(N_x=2, N_y=2, mass=1.680, r=1.000)
Calculating energies for FreeWilson2D(N_x=2, N_y=2, mass=1.688, r=1.000)
Calculating energies for FreeWilson2D(N_x=2, N_y=2, mass=1.696, r=1.000)
Calculating energies for FreeWilson2D(N_x=2, N_y=2, mass=1.704, r=1.000)
Calculating energies for FreeWilson2D(N_x=2, N_y=2, mass=1.712, r=1.000)
Calculating energies for FreeWilson2D(N_x=2, N_y=2, mass=1.720, r=1.000)
Calculating energies for FreeWilson2D(N_x=2, N_y=2, mass=1.728, r=1.000)
Calculating energies for FreeWilson2D(N_x=2, N_y=2, mass=1.736, r=1.000)
Calculating energies for FreeWilson2D(N_x=2, N_y=2, mass=1.744, r=1.000)
Calculating energies for FreeWilson2D(N_x=2, N_y=2, mass=1.752, r=1.000)
Calculating energies for FreeWilson2D(N_x=2, N_y=2, mass=1.760, r=1.000)
Calculating energies for FreeWilson2D(N_x=2, N_y=2, mass=1.768, r=1.000)
Calculating energies for FreeWilson2D(N_x=2, N_y=2, mass=1.776, r=1.000)
Calculating energies for FreeWilson2D(N_x=2, N_y=2, mass=1.784, r=1.000)
Calculating energies for FreeWilson2D(N_x=2, N_y=2, mass=1.792, r=1.000)
Calculating energies for FreeWilson2D(N_x=2, N_y=2, mass=1.800, r=1.000)
Calculating energies for FreeWilson2D(N_x=2, N_y=2, mass=1.808, r=1.000)
Calculating energies for FreeWilson2D(N_x=2, N_y=2, mass=1.816, r=1.000)
Calculating energies for FreeWilson2D(N_x=2, N_y=2, mass=1.824, r=1.000)
Calculating energies for FreeWilson2D(N_x=2, N_y=2, mass=1.832, r=1.000)
Calculating energies for FreeWilson2D(N_x=2, N_y=2, mass=1.840, r=1.000)
Calculating energies for FreeWilson2D(N_x=2, N_y=2, mass=1.848, r=1.000)
Calculating energies for FreeWilson2D(N_x=2, N_y=2, mass=1.856, r=1.000)
Calculating energies for FreeWilson2D(N_x=2, N_y=2, mass=1.864, r=1.000)
Calculating energies for FreeWilson2D(N_x=2, N_y=2, mass=1.872, r=1.000)
Calculating energies for FreeWilson2D(N_x=2, N_y=2, mass=1.880, r=1.000)
Calculating energies for FreeWilson2D(N_x=2, N_y=2, mass=1.888, r=1.000)
Calculating energies for FreeWilson2D(N_x=2, N_y=2, mass=1.896, r=1.000)
Calculating energies for FreeWilson2D(N_x=2, N_y=2, mass=1.904, r=1.000)
Calculating energies for FreeWilson2D(N_x=2, N_y=2, mass=1.912, r=1.000)
Calculating energies for FreeWilson2D(N_x=2, N_y=2, mass=1.920, r=1.000)
Calculating energies for FreeWilson2D(N_x=2, N_y=2, mass=1.928, r=1.000)
Calculating energies for FreeWilson2D(N_x=2, N_y=2, mass=1.936, r=1.000)
Calculating energies for FreeWilson2D(N_x=2, N_y=2, mass=1.944, r=1.000)
Calculating energies for FreeWilson2D(N_x=2, N_y=2, mass=1.952, r=1.000)
Calculating energies for FreeWilson2D(N_x=2, N_y=2, mass=1.960, r=1.000)
Calculating energies for FreeWilson2D(N_x=2, N_y=2, mass=1.968, r=1.000)
Calculating energies for FreeWilson2D(N_x=2, N_y=2, mass=1.976, r=1.000)
Calculating energies for FreeWilson2D(N_x=2, N_y=2, mass=1.984, r=1.000)
Calculating energies for FreeWilson2D(N_x=2, N_y=2, mass=1.992, r=1.000)
Calculating energies for FreeWilson2D(N_x=2, N_y=2, mass=2.000, r=1.000)
-----Beginning pprint-----
/:
	Attributes:
		ProcessId: 22933648
	2025-08-21_13-11-53:
		Attributes:
			HamiltonianType: ZeroChargePenalty
			Last-Modified: 2025-08-21_13-11-53
			ProcessId: 22933648
			SolverName: ED
			SystemName: FreeWilson2D
			Which: SM
			n_x: 2
			n_y: 2
			r: 1.0
		EigenValues: <HDF5 dataset "EigenValues": shape (1001, 72), type "<f8">
		EigenVectors: <HDF5 dataset "EigenVectors": shape (1001, 256, 72), type "<c16">
		mass: <HDF5 dataset "mass": shape (1001,), type "<f8">
-----Ending pprint-----
End 2025-08-21 13:16:31 | 22933648 MyPyJob | node005 | /home/s6nidich_hpc/PycharmProjects/QC-MasterThesis 

