Start 2025-10-28 10:53:11 | 23770419 MyPyJob | node001 | /home/s6nidich_hpc/PycharmProjects/QC-MasterThesis 

Used python interpreter:
/home/s6nidich_hpc/PycharmProjects/QC-MasterThesis/.venv_intel_3_12_3/bin/python
Python version:
Python 3.12.3

Currently Loaded Modules:
  1) GCCcore/13.3.0                   7) Tcl/8.6.14-GCCcore-13.3.0
  2) zlib/1.3.1-GCCcore-13.3.0        8) SQLite/3.45.3-GCCcore-13.3.0
  3) binutils/2.42-GCCcore-13.3.0     9) XZ/5.4.5-GCCcore-13.3.0
  4) bzip2/1.0.8-GCCcore-13.3.0      10) libffi/3.4.5-GCCcore-13.3.0
  5) ncurses/6.5-GCCcore-13.3.0      11) OpenSSL/3
  6) libreadline/8.2-GCCcore-13.3.0  12) Python/3.12.3-GCCcore-13.3.0

 

Start of Program:

-----Beginning pprint-----
/:
	Attributes:
-----Ending pprint-----
Calculating energies for FreeWilson2D(N_x=2, N_y=2, mass=-6.000, r=1.000)
h: 0.0
Prec 0.0
Prec 0.0
New op index: 1
Current grad: 5.06519575373843e-32
0:	-2.89e-34	0.00e+00
1:	-7.90e-33	0.00e+00
2:	6.84e-33	0.00e+00
3:	6.16e-33	-5.00e-01
4:	4.62e-33	-5.00e-01
5:	-5.78e-34	1.39e-17
6:	-2.12e-33	6.94e-18
7:	-5.97e-33	1.39e-17
8:	-7.70e-34	0.00e+00
9:	-7.70e-34	0.00e+00
10:	3.08e-33	0.00e+00
11:	3.08e-33	0.00e+00
12:	-2.70e-33	-5.00e-01
13:	-2.70e-33	-5.00e-01
14:	-1.54e-33	6.94e-18
15:	-1.54e-33	6.94e-18
16:	0.00e+00	-5.00e-01
17:	0.00e+00	-5.00e-01
18:	0.00e+00	2.08e-17
19:	0.00e+00	2.08e-17
20:	0.00e+00	2.08e-17
21:	0.00e+00	2.08e-17
Selecting saddle point: 3 with second gradient of -0.49999999999999956
Prec 0.0
New op index: 12
Current grad: 3.6260828818066253e-09
Precision cutoff reached.
Calculating energies for FreeWilson2D(N_x=2, N_y=2, mass=-5.111, r=1.000)
h: 0.0
Prec 0.0
Prec 0.0
New op index: 20
Current grad: 9.995576411369754e-32
0:	-2.89e-34	0.00e+00
1:	-7.90e-33	0.00e+00
2:	6.84e-33	0.00e+00
3:	6.16e-33	-5.00e-01
4:	4.62e-33	-5.00e-01
5:	-5.78e-34	1.39e-17
6:	-2.12e-33	6.94e-18
7:	-5.97e-33	1.39e-17
8:	-7.70e-34	0.00e+00
9:	-7.70e-34	0.00e+00
10:	3.08e-33	0.00e+00
11:	3.08e-33	0.00e+00
12:	-2.70e-33	-5.00e-01
13:	-2.70e-33	-5.00e-01
14:	-1.54e-33	6.94e-18
15:	-1.54e-33	6.94e-18
16:	0.00e+00	-5.00e-01
17:	0.00e+00	-5.00e-01
18:	0.00e+00	2.08e-17
19:	0.00e+00	2.08e-17
20:	-2.47e-32	2.08e-17
21:	-2.47e-32	2.08e-17
Selecting saddle point: 3 with second gradient of -0.49999999999999956
Prec 0.0
New op index: 12
Current grad: 2.9814459250410023e-09
Precision cutoff reached.
Calculating energies for FreeWilson2D(N_x=2, N_y=2, mass=-4.222, r=1.000)
h: 0.0
Prec 0.0
Prec 0.0
New op index: 1
Current grad: 5.06519575373843e-32
0:	-2.89e-34	0.00e+00
1:	-7.90e-33	0.00e+00
2:	6.84e-33	0.00e+00
3:	6.16e-33	-5.00e-01
4:	4.62e-33	-5.00e-01
5:	-5.78e-34	1.39e-17
6:	-2.12e-33	6.94e-18
7:	-5.97e-33	1.39e-17
8:	-7.70e-34	0.00e+00
9:	-7.70e-34	0.00e+00
10:	3.08e-33	0.00e+00
11:	3.08e-33	0.00e+00
12:	-2.70e-33	-5.00e-01
13:	-2.70e-33	-5.00e-01
14:	-1.54e-33	6.94e-18
15:	-1.54e-33	6.94e-18
16:	0.00e+00	-5.00e-01
17:	0.00e+00	-5.00e-01
18:	0.00e+00	2.08e-17
19:	0.00e+00	2.08e-17
20:	0.00e+00	2.08e-17
21:	0.00e+00	2.08e-17
Selecting saddle point: 3 with second gradient of -0.49999999999999956
Prec 0.0
New op index: 12
Current grad: 2.3368089682753806e-09
Precision cutoff reached.
Calculating energies for FreeWilson2D(N_x=2, N_y=2, mass=-3.333, r=1.000)
h: 0.0
Prec 0.0
Prec 0.0
New op index: 18
Current grad: 1.1382245971328564e-31
0:	-2.89e-34	0.00e+00
1:	-7.90e-33	0.00e+00
2:	6.84e-33	0.00e+00
3:	6.16e-33	-5.00e-01
4:	4.62e-33	-5.00e-01
5:	-5.78e-34	1.39e-17
6:	-2.12e-33	6.94e-18
7:	-5.97e-33	1.39e-17
8:	-7.70e-34	0.00e+00
9:	-7.70e-34	0.00e+00
10:	3.08e-33	0.00e+00
11:	3.08e-33	0.00e+00
12:	9.63e-33	-5.00e-01
13:	9.63e-33	-5.00e-01
14:	-1.54e-33	6.94e-18
15:	-1.54e-33	6.94e-18
16:	0.00e+00	-5.00e-01
17:	0.00e+00	-5.00e-01
18:	1.23e-32	2.08e-17
19:	1.23e-32	2.08e-17
20:	-1.23e-32	2.08e-17
21:	-1.23e-32	2.08e-17
Selecting saddle point: 3 with second gradient of -0.49999999999999956
Prec 0.0
New op index: 12
Current grad: 1.6921720115097585e-09
Precision cutoff reached.
Calculating energies for FreeWilson2D(N_x=2, N_y=2, mass=-2.444, r=1.000)
h: 0.0
Prec 0.0
Prec 0.0
New op index: 20
Current grad: 1.0149650806920733e-31
0:	-2.89e-34	0.00e+00
1:	-7.90e-33	0.00e+00
2:	6.84e-33	0.00e+00
3:	6.16e-33	-5.00e-01
4:	4.62e-33	-5.00e-01
5:	-5.78e-34	1.39e-17
6:	-2.12e-33	6.94e-18
7:	-5.97e-33	1.39e-17
8:	-7.70e-34	0.00e+00
9:	-7.70e-34	0.00e+00
10:	3.08e-33	0.00e+00
11:	3.08e-33	0.00e+00
12:	3.47e-33	-5.00e-01
13:	3.47e-33	-5.00e-01
14:	-1.54e-33	6.94e-18
15:	-1.54e-33	6.94e-18
16:	-6.16e-33	-5.00e-01
17:	-6.16e-33	-5.00e-01
18:	6.16e-33	2.08e-17
19:	6.16e-33	2.08e-17
20:	-1.23e-32	2.08e-17
21:	-1.23e-32	2.08e-17
Selecting saddle point: 3 with second gradient of -0.49999999999999956
Prec 0.0
New op index: 10
Current grad: 1.047535054744136e-09
Precision cutoff reached.
Calculating energies for FreeWilson2D(N_x=2, N_y=2, mass=-1.556, r=1.000)
h: 0.0
Prec 0.0
Prec 0.0
New op index: 20
Current grad: 1.0149650806920733e-31
0:	-2.89e-34	0.00e+00
1:	-7.90e-33	0.00e+00
2:	6.84e-33	0.00e+00
3:	6.16e-33	-5.00e-01
4:	4.62e-33	-5.00e-01
5:	-5.78e-34	1.39e-17
6:	-2.12e-33	6.94e-18
7:	-5.97e-33	1.39e-17
8:	-7.70e-34	0.00e+00
9:	-7.70e-34	0.00e+00
10:	3.08e-33	0.00e+00
11:	3.08e-33	0.00e+00
12:	3.47e-33	-5.00e-01
13:	3.47e-33	-5.00e-01
14:	-1.54e-33	6.94e-18
15:	-1.54e-33	6.94e-18
16:	-6.16e-33	-5.00e-01
17:	-6.16e-33	-5.00e-01
18:	6.16e-33	2.08e-17
19:	6.16e-33	2.08e-17
20:	-1.23e-32	2.08e-17
21:	-1.23e-32	2.08e-17
Selecting saddle point: 3 with second gradient of -0.49999999999999956
Prec 0.0
New op index: 10
Current grad: 1.047535054744136e-09
Precision cutoff reached.
Calculating energies for FreeWilson2D(N_x=2, N_y=2, mass=-0.667, r=1.000)
h: 0.0
Prec 0.0
Prec 0.0
New op index: 18
Current grad: 1.1382245971328564e-31
0:	-2.89e-34	0.00e+00
1:	-7.90e-33	0.00e+00
2:	6.84e-33	0.00e+00
3:	6.16e-33	-5.00e-01
4:	4.62e-33	-5.00e-01
5:	-5.78e-34	1.39e-17
6:	-2.12e-33	6.94e-18
7:	-5.97e-33	1.39e-17
8:	-7.70e-34	0.00e+00
9:	-7.70e-34	0.00e+00
10:	3.08e-33	0.00e+00
11:	3.08e-33	0.00e+00
12:	9.63e-33	-5.00e-01
13:	9.63e-33	-5.00e-01
14:	-1.54e-33	6.94e-18
15:	-1.54e-33	6.94e-18
16:	0.00e+00	-5.00e-01
17:	0.00e+00	-5.00e-01
18:	1.23e-32	2.08e-17
19:	1.23e-32	2.08e-17
20:	-1.23e-32	2.08e-17
21:	-1.23e-32	2.08e-17
Selecting saddle point: 3 with second gradient of -0.49999999999999956
Prec 0.0
New op index: 12
Current grad: 1.692172011509758e-09
Precision cutoff reached.
Calculating energies for FreeWilson2D(N_x=2, N_y=2, mass=0.222, r=1.000)
h: 0.0
Prec 0.0
Prec 0.0
New op index: 1
Current grad: 5.06519575373843e-32
0:	-2.89e-34	0.00e+00
1:	-7.90e-33	0.00e+00
2:	6.84e-33	0.00e+00
3:	6.16e-33	-5.00e-01
4:	4.62e-33	-5.00e-01
5:	-5.78e-34	1.39e-17
6:	-2.12e-33	6.94e-18
7:	-5.97e-33	1.39e-17
8:	-7.70e-34	0.00e+00
9:	-7.70e-34	0.00e+00
10:	3.08e-33	0.00e+00
11:	3.08e-33	0.00e+00
12:	-2.70e-33	-5.00e-01
13:	-2.70e-33	-5.00e-01
14:	-1.54e-33	6.94e-18
15:	-1.54e-33	6.94e-18
16:	0.00e+00	-5.00e-01
17:	0.00e+00	-5.00e-01
18:	0.00e+00	2.08e-17
19:	0.00e+00	2.08e-17
20:	0.00e+00	2.08e-17
21:	0.00e+00	2.08e-17
Selecting saddle point: 3 with second gradient of -0.49999999999999956
Prec 0.0
New op index: 12
Current grad: 2.33680896827538e-09
Precision cutoff reached.
Calculating energies for FreeWilson2D(N_x=2, N_y=2, mass=1.111, r=1.000)
h: 0.0
Prec 0.0
Prec 0.0
New op index: 20
Current grad: 9.995576411369754e-32
0:	-2.89e-34	0.00e+00
1:	-7.90e-33	0.00e+00
2:	6.84e-33	0.00e+00
3:	6.16e-33	-5.00e-01
4:	4.62e-33	-5.00e-01
5:	-5.78e-34	1.39e-17
6:	-2.12e-33	6.94e-18
7:	-5.97e-33	1.39e-17
8:	-7.70e-34	0.00e+00
9:	-7.70e-34	0.00e+00
10:	3.08e-33	0.00e+00
11:	3.08e-33	0.00e+00
12:	-2.70e-33	-5.00e-01
13:	-2.70e-33	-5.00e-01
14:	-1.54e-33	6.94e-18
15:	-1.54e-33	6.94e-18
16:	0.00e+00	-5.00e-01
17:	0.00e+00	-5.00e-01
18:	0.00e+00	2.08e-17
19:	0.00e+00	2.08e-17
20:	-2.47e-32	2.08e-17
21:	-2.47e-32	2.08e-17
Selecting saddle point: 3 with second gradient of -0.49999999999999956
Prec 0.0
New op index: 12
Current grad: 2.9814459250410023e-09
Precision cutoff reached.
Calculating energies for FreeWilson2D(N_x=2, N_y=2, mass=2.000, r=1.000)
h: 0.0
Prec 0.0
Prec 0.0
New op index: 1
Current grad: 5.06519575373843e-32
0:	-2.89e-34	0.00e+00
1:	-7.90e-33	0.00e+00
2:	6.84e-33	0.00e+00
3:	6.16e-33	-5.00e-01
4:	4.62e-33	-5.00e-01
5:	-5.78e-34	1.39e-17
6:	-2.12e-33	6.94e-18
7:	-5.97e-33	1.39e-17
8:	-7.70e-34	0.00e+00
9:	-7.70e-34	0.00e+00
10:	3.08e-33	0.00e+00
11:	3.08e-33	0.00e+00
12:	-2.70e-33	-5.00e-01
13:	-2.70e-33	-5.00e-01
14:	-1.54e-33	6.94e-18
15:	-1.54e-33	6.94e-18
16:	0.00e+00	-5.00e-01
17:	0.00e+00	-5.00e-01
18:	0.00e+00	2.08e-17
19:	0.00e+00	2.08e-17
20:	0.00e+00	2.08e-17
21:	0.00e+00	2.08e-17
Selecting saddle point: 3 with second gradient of -0.49999999999999956
Prec 0.0
New op index: 12
Current grad: 3.6260828818066253e-09
Precision cutoff reached.
-----Beginning pprint-----
/:
	Attributes:
		ProcessId: 23770419
	2025-10-28_10-53-13-23770419:
		Attributes:
			HamiltonianType: ZeroChargePenalty
			Last-Modified: 2025-10-28_10-53-13
			ProcessId: 23770419
			SimulatorType: Statevector
			SolverName: AdaptVQE
			SystemName: FreeWilson2D
			n_x: 2
			n_y: 2
			r: 1.0
		AdaptOptions:
			Attributes:
				gradient_hamiltonian_type: HamiltonianType.ZeroChargePenalty
				max_depth: 40
				prec_cutoff: 0.001
				precision: 0
		AnsatzOperatorDerivatives: Dataset (dtype=float64, shape=(10, 2, 22), maxshape=(10, None, 22))
			Attributes:
				DIMENSION_LABELS: ['mass' 'AnsatzOperatorAxis' 'AnsatzPoolOperatorAxis']
				NDataDims: 2
		AnsatzOperatorSecondDerivatives: Dataset (dtype=float64, shape=(10, 2, 22), maxshape=(10, None, 22))
			Attributes:
				DIMENSION_LABELS: ['mass' 'AnsatzOperatorAxis' 'AnsatzPoolOperatorAxis']
				NDataDims: 2
		AnsatzOperators: Dataset (dtype=int64, shape=(10, 1), maxshape=(10, None))
			Attributes:
				DIMENSION_LABELS: ['mass' 'AnsatzOperatorAxis']
				NDataDims: 1
		Circuit:
			Attributes:
				Ansatz: HardwareAdaptAnsatz4
			AnsatzOptions:
				Attributes:
					num_qubits: 8
		CircuitParameters: Dataset (dtype=float64, shape=(10, 20, 1), maxshape=(10, None, None))
			Attributes:
				DIMENSION_LABELS: ['mass' 'IterationAxis' 'CircuitParameterAxis']
				NDataDims: 2
		Data:
			Attributes:
			evs:
				Attributes:
				Hamiltonian: Dataset (dtype=float64, shape=(10, 20), maxshape=(10, None))
					Attributes:
						DIMENSION_LABELS: ['mass' 'IterationAxis']
						NDataDims: 1
			stds:
				Attributes:
				Hamiltonian: Dataset (dtype=float64, shape=(10, 20), maxshape=(10, None))
					Attributes:
						DIMENSION_LABELS: ['mass' 'IterationAxis']
						NDataDims: 1
		EstimatorOptions:
			Attributes:
				_VERSION: 2
				default_precision: Unset
				default_shots: Unset
				experimental: Unset
				max_execution_time: Unset
				resilience_level: Unset
				seed_estimator: 23770419
			dynamical_decoupling:
				Attributes:
					enable: Unset
					extra_slack_distribution: Unset
					scheduling_method: Unset
					sequence_type: Unset
					skip_reset_qubits: Unset
			environment:
				Attributes:
					callback: None
					job_tags: None
					log_level: WARNING
					private: False
			execution:
				Attributes:
					init_qubits: Unset
					rep_delay: Unset
			resilience:
				Attributes:
					layer_noise_model: Unset
					measure_mitigation: Unset
					pec_mitigation: Unset
					zne_mitigation: Unset
				layer_noise_learning:
					Attributes:
						layer_pair_depths: Unset
						max_layers_to_learn: Unset
						num_randomizations: Unset
						shots_per_randomization: Unset
				measure_noise_learning:
					Attributes:
						num_randomizations: Unset
						shots_per_randomization: Unset
				pec:
					Attributes:
						max_overhead: Unset
						noise_gain: Unset
				zne:
					Attributes:
						amplifier: Unset
						extrapolated_noise_factors: Unset
						extrapolator: Unset
						noise_factors: Unset
			simulator:
				Attributes:
					basis_gates: Unset
					coupling_map: Unset
					noise_model: Unset
					seed_simulator: Unset
			twirling:
				Attributes:
					enable_gates: Unset
					enable_measure: Unset
					num_randomizations: Unset
					shots_per_randomization: Unset
					strategy: Unset
		MetaData:
			Attributes:
			circuit_metadata: Dataset (dtype=object, shape=(10, 20), maxshape=(10, None))
				Attributes:
					DIMENSION_LABELS: ['mass' 'IterationAxis']
					NDataDims: 1
			target_precision: Dataset (dtype=float64, shape=(10, 20), maxshape=(10, None))
				Attributes:
					DIMENSION_LABELS: ['mass' 'IterationAxis']
					NDataDims: 1
			version: Dataset (dtype=int64, shape=(10, 20), maxshape=(10, None))
				Attributes:
					DIMENSION_LABELS: ['mass' 'IterationAxis']
					NDataDims: 1
		NIterations: Dataset (dtype=int64, shape=(10,), maxshape=(10,))
			Attributes:
				DIMENSION_LABELS: ['mass']
				NDataDims: 0
		OptimizerOptions:
			Attributes:
				bounds: None
				callback: None
				constraints: []
				method: cobyqa
				tol: None
				x0Seed: 23770419
			options:
				Attributes:
					disp: 0
					maxiter: 20000
		PresetPassManagerOptions:
			Attributes:
		SimulatorOptions:
			Attributes:
		StartIterations: Dataset (dtype=int64, shape=(10, 1), maxshape=(10, None))
			Attributes:
				DIMENSION_LABELS: ['mass' 'AnsatzOperatorAxis']
				NDataDims: 1
		VersionInfo:
			Attributes:
				QiskitAerVersion: 0.17.1
				QiskitIBMRuntimeVersion: 0.41.1
				QiskitVersion: 2.1.2
		mass: Dataset (dtype=float64, shape=(10,), maxshape=(10,))
			Attributes:
-----Ending pprint-----
End 2025-10-28 10:53:15 | 23770419 MyPyJob | node001 | /home/s6nidich_hpc/PycharmProjects/QC-MasterThesis 

