Start 2026-01-11 12:42:13 | 24245440 MyPyJob | lmnode196 | /home/s6nidich_hpc/PycharmProjects/QC-MasterThesis 

Used python interpreter:
/home/s6nidich_hpc/PycharmProjects/QC-MasterThesis/.venv_intel_3_12_3/bin/python
Python version:
Python 3.12.3

Currently Loaded Modules:
  1) GCCcore/13.3.0                   7) Tcl/8.6.14-GCCcore-13.3.0
  2) zlib/1.3.1-GCCcore-13.3.0        8) SQLite/3.45.3-GCCcore-13.3.0
  3) binutils/2.42-GCCcore-13.3.0     9) XZ/5.4.5-GCCcore-13.3.0
  4) bzip2/1.0.8-GCCcore-13.3.0      10) libffi/3.4.5-GCCcore-13.3.0
  5) ncurses/6.5-GCCcore-13.3.0      11) OpenSSL/3
  6) libreadline/8.2-GCCcore-13.3.0  12) Python/3.12.3-GCCcore-13.3.0

 

Start of Program:

-----Beginning pprint-----
/:
	Attributes:
-----Ending pprint-----
Calculating energies for FreeWilson2D(N_x=2, N_y=2, mass=-6.000, r=1.000)
h_im: 0.0
New op index: 6	$A_4(0,0)$[0, 1, 2, 3, 4, 5, 6, 7]
Current grad: 8.0
0:	0.00e+00	-3.20e+01
1:	0.00e+00	3.20e+01
2:	0.00e+00	0.00e+00
3:	0.00e+00	0.00e+00
4:	0.00e+00	0.00e+00
5:	0.00e+00	0.00e+00
6:	4.00e+00	0.00e+00
7:	4.00e+00	0.00e+00
New op index: 7	$A_4(1,0)$[2, 3, 4, 5]
Current grad: 8.000186644874226
New op index: 7	$A_4(1,0)$[2, 3, 4, 5]
Current grad: 0.00018184637120970538
Precision cutoff reached.
Calculating energies for FreeWilson2D(N_x=2, N_y=2, mass=-5.837, r=1.000)
h_im: 0.0
New op index: 6	$A_4(0,0)$[0, 1, 2, 3, 4, 5, 6, 7]
Current grad: 8.0
0:	0.00e+00	-3.07e+01
1:	0.00e+00	3.07e+01
2:	0.00e+00	0.00e+00
3:	0.00e+00	0.00e+00
4:	0.00e+00	0.00e+00
5:	0.00e+00	0.00e+00
6:	4.00e+00	0.00e+00
7:	4.00e+00	0.00e+00
New op index: 7	$A_4(1,0)$[2, 3, 4, 5]
Current grad: 8.000175507021844
New op index: 7	$A_4(1,0)$[2, 3, 4, 5]
Current grad: 0.0002844957318348008
Precision cutoff reached.
Calculating energies for FreeWilson2D(N_x=2, N_y=2, mass=-5.673, r=1.000)
h_im: 0.0
New op index: 6	$A_4(0,0)$[0, 1, 2, 3, 4, 5, 6, 7]
Current grad: 8.0
0:	0.00e+00	-2.94e+01
1:	0.00e+00	2.94e+01
2:	0.00e+00	0.00e+00
3:	0.00e+00	0.00e+00
4:	0.00e+00	0.00e+00
5:	0.00e+00	0.00e+00
6:	4.00e+00	0.00e+00
7:	4.00e+00	0.00e+00
New op index: 7	$A_4(1,0)$[2, 3, 4, 5]
Current grad: 8.000184171759884
New op index: 7	$A_4(1,0)$[2, 3, 4, 5]
Current grad: 0.00028091360775085223
Precision cutoff reached.
Calculating energies for FreeWilson2D(N_x=2, N_y=2, mass=-5.510, r=1.000)
h_im: 0.0
New op index: 6	$A_4(0,0)$[0, 1, 2, 3, 4, 5, 6, 7]
Current grad: 8.0
0:	0.00e+00	-2.81e+01
1:	0.00e+00	2.81e+01
2:	0.00e+00	0.00e+00
3:	0.00e+00	0.00e+00
4:	0.00e+00	0.00e+00
5:	0.00e+00	0.00e+00
6:	4.00e+00	0.00e+00
7:	4.00e+00	0.00e+00
New op index: 7	$A_4(1,0)$[2, 3, 4, 5]
Current grad: 8.000159846414329
New op index: 7	$A_4(1,0)$[2, 3, 4, 5]
Current grad: 0.00018369974820667444
Precision cutoff reached.
Calculating energies for FreeWilson2D(N_x=2, N_y=2, mass=-5.347, r=1.000)
h_im: 0.0
New op index: 6	$A_4(0,0)$[0, 1, 2, 3, 4, 5, 6, 7]
Current grad: 8.0
0:	0.00e+00	-2.68e+01
1:	0.00e+00	2.68e+01
2:	0.00e+00	0.00e+00
3:	0.00e+00	0.00e+00
4:	0.00e+00	0.00e+00
5:	0.00e+00	0.00e+00
6:	4.00e+00	0.00e+00
7:	4.00e+00	0.00e+00
New op index: 7	$A_4(1,0)$[2, 3, 4, 5]
Current grad: 8.000192165531828
New op index: 7	$A_4(1,0)$[2, 3, 4, 5]
Current grad: 0.00017826734377482528
Precision cutoff reached.
Calculating energies for FreeWilson2D(N_x=2, N_y=2, mass=-5.184, r=1.000)
h_im: 0.0
New op index: 6	$A_4(0,0)$[0, 1, 2, 3, 4, 5, 6, 7]
Current grad: 8.0
0:	0.00e+00	-2.55e+01
1:	0.00e+00	2.55e+01
2:	0.00e+00	0.00e+00
3:	0.00e+00	0.00e+00
4:	0.00e+00	0.00e+00
5:	0.00e+00	0.00e+00
6:	4.00e+00	0.00e+00
7:	4.00e+00	0.00e+00
New op index: 7	$A_4(1,0)$[2, 3, 4, 5]
Current grad: 8.00017525656585
New op index: 7	$A_4(1,0)$[2, 3, 4, 5]
Current grad: 0.00019485661211508912
Precision cutoff reached.
Calculating energies for FreeWilson2D(N_x=2, N_y=2, mass=-5.020, r=1.000)
h_im: 0.0
New op index: 6	$A_4(0,0)$[0, 1, 2, 3, 4, 5, 6, 7]
Current grad: 8.0
0:	0.00e+00	-2.42e+01
1:	0.00e+00	2.42e+01
2:	0.00e+00	0.00e+00
3:	0.00e+00	0.00e+00
4:	0.00e+00	0.00e+00
5:	0.00e+00	0.00e+00
6:	4.00e+00	0.00e+00
7:	4.00e+00	0.00e+00
New op index: 7	$A_4(1,0)$[2, 3, 4, 5]
Current grad: 8.000182041136096
New op index: 7	$A_4(1,0)$[2, 3, 4, 5]
Current grad: 0.00029871114789127145
Precision cutoff reached.
Calculating energies for FreeWilson2D(N_x=2, N_y=2, mass=-4.857, r=1.000)
h_im: 0.0
New op index: 6	$A_4(0,0)$[0, 1, 2, 3, 4, 5, 6, 7]
Current grad: 8.0
0:	0.00e+00	-2.29e+01
1:	0.00e+00	2.29e+01
2:	0.00e+00	0.00e+00
3:	0.00e+00	0.00e+00
4:	0.00e+00	0.00e+00
5:	0.00e+00	0.00e+00
6:	4.00e+00	0.00e+00
7:	4.00e+00	0.00e+00
New op index: 7	$A_4(1,0)$[2, 3, 4, 5]
Current grad: 8.00017011299391
New op index: 7	$A_4(1,0)$[2, 3, 4, 5]
Current grad: 0.00021596876226445965
Precision cutoff reached.
Calculating energies for FreeWilson2D(N_x=2, N_y=2, mass=-4.694, r=1.000)
h_im: 0.0
New op index: 6	$A_4(0,0)$[0, 1, 2, 3, 4, 5, 6, 7]
Current grad: 8.0
0:	0.00e+00	-2.16e+01
1:	0.00e+00	2.16e+01
2:	0.00e+00	0.00e+00
3:	0.00e+00	0.00e+00
4:	0.00e+00	0.00e+00
5:	0.00e+00	0.00e+00
6:	4.00e+00	0.00e+00
7:	4.00e+00	0.00e+00
New op index: 7	$A_4(1,0)$[2, 3, 4, 5]
Current grad: 8.000179231257814
New op index: 7	$A_4(1,0)$[2, 3, 4, 5]
Current grad: 0.00021598533443011752
Precision cutoff reached.
Calculating energies for FreeWilson2D(N_x=2, N_y=2, mass=-4.531, r=1.000)
h_im: 0.0
New op index: 6	$A_4(0,0)$[0, 1, 2, 3, 4, 5, 6, 7]
Current grad: 8.0
0:	0.00e+00	-2.02e+01
1:	0.00e+00	2.02e+01
2:	0.00e+00	0.00e+00
3:	0.00e+00	0.00e+00
4:	0.00e+00	0.00e+00
5:	0.00e+00	0.00e+00
6:	4.00e+00	0.00e+00
7:	4.00e+00	0.00e+00
New op index: 7	$A_4(1,0)$[2, 3, 4, 5]
Current grad: 8.000171728112107
New op index: 7	$A_4(1,0)$[2, 3, 4, 5]
Current grad: 0.0002680754449712551
Precision cutoff reached.
Calculating energies for FreeWilson2D(N_x=2, N_y=2, mass=-4.367, r=1.000)
h_im: 0.0
New op index: 6	$A_4(0,0)$[0, 1, 2, 3, 4, 5, 6, 7]
Current grad: 8.0
0:	0.00e+00	-1.89e+01
1:	0.00e+00	1.89e+01
2:	0.00e+00	0.00e+00
3:	0.00e+00	0.00e+00
4:	0.00e+00	0.00e+00
5:	0.00e+00	0.00e+00
6:	4.00e+00	0.00e+00
7:	4.00e+00	0.00e+00
New op index: 7	$A_4(1,0)$[2, 3, 4, 5]
Current grad: 8.000173184767714
New op index: 7	$A_4(1,0)$[2, 3, 4, 5]
Current grad: 0.0001735462529589012
Precision cutoff reached.
Calculating energies for FreeWilson2D(N_x=2, N_y=2, mass=-4.204, r=1.000)
h_im: 0.0
New op index: 6	$A_4(0,0)$[0, 1, 2, 3, 4, 5, 6, 7]
Current grad: 8.0
0:	0.00e+00	-1.76e+01
1:	0.00e+00	1.76e+01
2:	0.00e+00	0.00e+00
3:	0.00e+00	0.00e+00
4:	0.00e+00	0.00e+00
5:	0.00e+00	0.00e+00
6:	4.00e+00	0.00e+00
7:	4.00e+00	0.00e+00
New op index: 7	$A_4(1,0)$[2, 3, 4, 5]
Current grad: 8.000161265246671
New op index: 7	$A_4(1,0)$[2, 3, 4, 5]
Current grad: 0.00019394496511721896
Precision cutoff reached.
Calculating energies for FreeWilson2D(N_x=2, N_y=2, mass=-4.041, r=1.000)
h_im: 0.0
New op index: 6	$A_4(0,0)$[0, 1, 2, 3, 4, 5, 6, 7]
Current grad: 8.0
0:	0.00e+00	-1.63e+01
1:	0.00e+00	1.63e+01
2:	0.00e+00	0.00e+00
3:	0.00e+00	0.00e+00
4:	0.00e+00	0.00e+00
5:	0.00e+00	0.00e+00
6:	4.00e+00	0.00e+00
7:	4.00e+00	0.00e+00
New op index: 7	$A_4(1,0)$[2, 3, 4, 5]
Current grad: 8.000169568326054
New op index: 7	$A_4(1,0)$[2, 3, 4, 5]
Current grad: 0.0001902515802706487
Precision cutoff reached.
Calculating energies for FreeWilson2D(N_x=2, N_y=2, mass=-3.878, r=1.000)
h_im: 0.0
New op index: 6	$A_4(0,0)$[0, 1, 2, 3, 4, 5, 6, 7]
Current grad: 8.0
0:	0.00e+00	-1.50e+01
1:	0.00e+00	1.50e+01
2:	0.00e+00	0.00e+00
3:	0.00e+00	0.00e+00
4:	0.00e+00	0.00e+00
5:	0.00e+00	0.00e+00
6:	4.00e+00	0.00e+00
7:	4.00e+00	0.00e+00
New op index: 7	$A_4(1,0)$[2, 3, 4, 5]
Current grad: 8.000170557091899
New op index: 7	$A_4(1,0)$[2, 3, 4, 5]
Current grad: 0.0002782637440769961
Precision cutoff reached.
Calculating energies for FreeWilson2D(N_x=2, N_y=2, mass=-3.714, r=1.000)
h_im: 0.0
New op index: 6	$A_4(0,0)$[0, 1, 2, 3, 4, 5, 6, 7]
Current grad: 8.0
0:	0.00e+00	-1.37e+01
1:	0.00e+00	1.37e+01
2:	0.00e+00	0.00e+00
3:	0.00e+00	0.00e+00
4:	0.00e+00	0.00e+00
5:	0.00e+00	0.00e+00
6:	4.00e+00	0.00e+00
7:	4.00e+00	0.00e+00
New op index: 7	$A_4(1,0)$[2, 3, 4, 5]
Current grad: 8.000175405757208
New op index: 7	$A_4(1,0)$[2, 3, 4, 5]
Current grad: 0.000303388993749763
Precision cutoff reached.
Calculating energies for FreeWilson2D(N_x=2, N_y=2, mass=-3.551, r=1.000)
h_im: 0.0
New op index: 6	$A_4(0,0)$[0, 1, 2, 3, 4, 5, 6, 7]
Current grad: 8.0
0:	0.00e+00	-1.24e+01
1:	0.00e+00	1.24e+01
2:	0.00e+00	0.00e+00
3:	0.00e+00	0.00e+00
4:	0.00e+00	0.00e+00
5:	0.00e+00	0.00e+00
6:	4.00e+00	0.00e+00
7:	4.00e+00	0.00e+00
New op index: 7	$A_4(1,0)$[2, 3, 4, 5]
Current grad: 8.00017850796414
New op index: 7	$A_4(1,0)$[2, 3, 4, 5]
Current grad: 0.00032810151755395864
Precision cutoff reached.
Calculating energies for FreeWilson2D(N_x=2, N_y=2, mass=-3.388, r=1.000)
h_im: 0.0
New op index: 6	$A_4(0,0)$[0, 1, 2, 3, 4, 5, 6, 7]
Current grad: 8.0
0:	0.00e+00	-1.11e+01
1:	0.00e+00	1.11e+01
2:	0.00e+00	0.00e+00
3:	0.00e+00	0.00e+00
4:	0.00e+00	0.00e+00
5:	0.00e+00	0.00e+00
6:	4.00e+00	0.00e+00
7:	4.00e+00	0.00e+00
New op index: 7	$A_4(1,0)$[2, 3, 4, 5]
Current grad: 8.000175400028283
New op index: 7	$A_4(1,0)$[2, 3, 4, 5]
Current grad: 0.0002956100184566664
Precision cutoff reached.
Calculating energies for FreeWilson2D(N_x=2, N_y=2, mass=-3.224, r=1.000)
h_im: 0.0
New op index: 6	$A_4(0,0)$[0, 1, 2, 3, 4, 5, 6, 7]
Current grad: 8.0
0:	0.00e+00	-9.80e+00
1:	0.00e+00	9.80e+00
2:	0.00e+00	0.00e+00
3:	0.00e+00	0.00e+00
4:	0.00e+00	0.00e+00
5:	0.00e+00	0.00e+00
6:	4.00e+00	0.00e+00
7:	4.00e+00	0.00e+00
New op index: 7	$A_4(1,0)$[2, 3, 4, 5]
Current grad: 8.00016789196561
New op index: 7	$A_4(1,0)$[2, 3, 4, 5]
Current grad: 0.00018288519658323502
Precision cutoff reached.
Calculating energies for FreeWilson2D(N_x=2, N_y=2, mass=-3.061, r=1.000)
h_im: 0.0
New op index: 6	$A_4(0,0)$[0, 1, 2, 3, 4, 5, 6, 7]
Current grad: 8.0
0:	0.00e+00	-8.49e+00
1:	0.00e+00	8.49e+00
2:	0.00e+00	0.00e+00
3:	0.00e+00	0.00e+00
4:	0.00e+00	0.00e+00
5:	0.00e+00	0.00e+00
6:	4.00e+00	0.00e+00
7:	4.00e+00	0.00e+00
New op index: 7	$A_4(1,0)$[2, 3, 4, 5]
Current grad: 8.000168925112831
New op index: 7	$A_4(1,0)$[2, 3, 4, 5]
Current grad: 0.00018046293462705706
Precision cutoff reached.
Calculating energies for FreeWilson2D(N_x=2, N_y=2, mass=-2.898, r=1.000)
h_im: 0.0
New op index: 6	$A_4(0,0)$[0, 1, 2, 3, 4, 5, 6, 7]
Current grad: 8.0
0:	0.00e+00	-7.18e+00
1:	0.00e+00	7.18e+00
2:	0.00e+00	0.00e+00
3:	0.00e+00	0.00e+00
4:	0.00e+00	0.00e+00
5:	0.00e+00	0.00e+00
6:	4.00e+00	0.00e+00
7:	4.00e+00	0.00e+00
New op index: 7	$A_4(1,0)$[2, 3, 4, 5]
Current grad: 8.000183903544826
New op index: 7	$A_4(1,0)$[2, 3, 4, 5]
Current grad: 0.00018916230544969992
Precision cutoff reached.
Calculating energies for FreeWilson2D(N_x=2, N_y=2, mass=-2.735, r=1.000)
h_im: 0.0
New op index: 6	$A_4(0,0)$[0, 1, 2, 3, 4, 5, 6, 7]
Current grad: 8.0
0:	0.00e+00	-5.88e+00
1:	0.00e+00	5.88e+00
2:	0.00e+00	0.00e+00
3:	0.00e+00	0.00e+00
4:	0.00e+00	0.00e+00
5:	0.00e+00	0.00e+00
6:	4.00e+00	0.00e+00
7:	4.00e+00	0.00e+00
New op index: 7	$A_4(1,0)$[2, 3, 4, 5]
Current grad: 8.000186853117546
New op index: 7	$A_4(1,0)$[2, 3, 4, 5]
Current grad: 0.00018698201343956026
Precision cutoff reached.
Calculating energies for FreeWilson2D(N_x=2, N_y=2, mass=-2.571, r=1.000)
h_im: 0.0
New op index: 6	$A_4(0,0)$[0, 1, 2, 3, 4, 5, 6, 7]
Current grad: 8.0
0:	0.00e+00	-4.57e+00
1:	0.00e+00	4.57e+00
2:	0.00e+00	0.00e+00
3:	0.00e+00	0.00e+00
4:	0.00e+00	0.00e+00
5:	0.00e+00	0.00e+00
6:	4.00e+00	0.00e+00
7:	4.00e+00	0.00e+00
New op index: 7	$A_4(1,0)$[2, 3, 4, 5]
Current grad: 8.00017287350024
New op index: 7	$A_4(1,0)$[2, 3, 4, 5]
Current grad: 0.00027090471886969444
Precision cutoff reached.
Calculating energies for FreeWilson2D(N_x=2, N_y=2, mass=-2.408, r=1.000)
h_im: 0.0
New op index: 6	$A_4(0,0)$[0, 1, 2, 3, 4, 5, 6, 7]
Current grad: 8.0
0:	0.00e+00	-3.27e+00
1:	0.00e+00	3.27e+00
2:	0.00e+00	0.00e+00
3:	0.00e+00	0.00e+00
4:	0.00e+00	0.00e+00
5:	0.00e+00	0.00e+00
6:	4.00e+00	0.00e+00
7:	4.00e+00	0.00e+00
New op index: 7	$A_4(1,0)$[2, 3, 4, 5]
Current grad: 8.000178108766036
New op index: 7	$A_4(1,0)$[2, 3, 4, 5]
Current grad: 0.000175831943022652
Precision cutoff reached.
Calculating energies for FreeWilson2D(N_x=2, N_y=2, mass=-2.245, r=1.000)
h_im: 0.0
New op index: 6	$A_4(0,0)$[0, 1, 2, 3, 4, 5, 6, 7]
Current grad: 8.0
0:	0.00e+00	-1.96e+00
1:	0.00e+00	1.96e+00
2:	0.00e+00	0.00e+00
3:	0.00e+00	0.00e+00
4:	0.00e+00	0.00e+00
5:	0.00e+00	0.00e+00
6:	4.00e+00	0.00e+00
7:	4.00e+00	0.00e+00
New op index: 7	$A_4(1,0)$[2, 3, 4, 5]
Current grad: 8.000182476599765
New op index: 7	$A_4(1,0)$[2, 3, 4, 5]
Current grad: 0.0002602713660048662
Precision cutoff reached.
Calculating energies for FreeWilson2D(N_x=2, N_y=2, mass=-2.082, r=1.000)
h_im: 0.0
New op index: 6	$A_4(0,0)$[0, 1, 2, 3, 4, 5, 6, 7]
Current grad: 8.0
0:	0.00e+00	-6.53e-01
1:	0.00e+00	6.53e-01
2:	0.00e+00	0.00e+00
3:	0.00e+00	0.00e+00
4:	0.00e+00	0.00e+00
5:	0.00e+00	0.00e+00
6:	4.00e+00	0.00e+00
7:	4.00e+00	0.00e+00
New op index: 7	$A_4(1,0)$[2, 3, 4, 5]
Current grad: 8.000175381812596
New op index: 7	$A_4(1,0)$[2, 3, 4, 5]
Current grad: 0.0001793209182174769
Precision cutoff reached.
Calculating energies for FreeWilson2D(N_x=2, N_y=2, mass=-1.918, r=1.000)
h_im: 0.0
New op index: 6	$A_4(0,0)$[0, 1, 2, 3, 4, 5, 6, 7]
Current grad: 8.0
0:	0.00e+00	6.53e-01
1:	0.00e+00	-6.53e-01
2:	0.00e+00	0.00e+00
3:	0.00e+00	0.00e+00
4:	0.00e+00	0.00e+00
5:	0.00e+00	0.00e+00
6:	4.00e+00	0.00e+00
7:	4.00e+00	0.00e+00
New op index: 7	$A_4(1,0)$[2, 3, 4, 5]
Current grad: 8.000170515587326
New op index: 7	$A_4(1,0)$[2, 3, 4, 5]
Current grad: 0.0003430080912186859
Precision cutoff reached.
Calculating energies for FreeWilson2D(N_x=2, N_y=2, mass=-1.755, r=1.000)
h_im: 0.0
New op index: 6	$A_4(0,0)$[0, 1, 2, 3, 4, 5, 6, 7]
Current grad: 8.0
0:	0.00e+00	1.96e+00
1:	0.00e+00	-1.96e+00
2:	0.00e+00	0.00e+00
3:	0.00e+00	0.00e+00
4:	0.00e+00	0.00e+00
5:	0.00e+00	0.00e+00
6:	4.00e+00	0.00e+00
7:	4.00e+00	0.00e+00
New op index: 7	$A_4(1,0)$[2, 3, 4, 5]
Current grad: 8.000182371847252
New op index: 7	$A_4(1,0)$[2, 3, 4, 5]
Current grad: 0.0003186609108244504
Precision cutoff reached.
Calculating energies for FreeWilson2D(N_x=2, N_y=2, mass=-1.592, r=1.000)
h_im: 0.0
New op index: 6	$A_4(0,0)$[0, 1, 2, 3, 4, 5, 6, 7]
Current grad: 8.0
0:	0.00e+00	3.27e+00
1:	0.00e+00	-3.27e+00
2:	0.00e+00	0.00e+00
3:	0.00e+00	0.00e+00
4:	0.00e+00	0.00e+00
5:	0.00e+00	0.00e+00
6:	4.00e+00	0.00e+00
7:	4.00e+00	0.00e+00
New op index: 7	$A_4(1,0)$[2, 3, 4, 5]
Current grad: 8.000167823109638
New op index: 7	$A_4(1,0)$[2, 3, 4, 5]
Current grad: 0.0002512939629119284
Precision cutoff reached.
Calculating energies for FreeWilson2D(N_x=2, N_y=2, mass=-1.429, r=1.000)
h_im: 0.0
New op index: 6	$A_4(0,0)$[0, 1, 2, 3, 4, 5, 6, 7]
Current grad: 8.0
0:	0.00e+00	4.57e+00
1:	0.00e+00	-4.57e+00
2:	0.00e+00	0.00e+00
3:	0.00e+00	0.00e+00
4:	0.00e+00	0.00e+00
5:	0.00e+00	0.00e+00
6:	4.00e+00	0.00e+00
7:	4.00e+00	0.00e+00
New op index: 7	$A_4(1,0)$[2, 3, 4, 5]
Current grad: 8.000182617192412
New op index: 7	$A_4(1,0)$[2, 3, 4, 5]
Current grad: 0.0002483570222582758
Precision cutoff reached.
Calculating energies for FreeWilson2D(N_x=2, N_y=2, mass=-1.265, r=1.000)
h_im: 0.0
New op index: 6	$A_4(0,0)$[0, 1, 2, 3, 4, 5, 6, 7]
Current grad: 8.0
0:	0.00e+00	5.88e+00
1:	0.00e+00	-5.88e+00
2:	0.00e+00	0.00e+00
3:	0.00e+00	0.00e+00
4:	0.00e+00	0.00e+00
5:	0.00e+00	0.00e+00
6:	4.00e+00	0.00e+00
7:	4.00e+00	0.00e+00
New op index: 7	$A_4(1,0)$[2, 3, 4, 5]
Current grad: 8.000177678028201
New op index: 7	$A_4(1,0)$[2, 3, 4, 5]
Current grad: 0.00017781497490154276
Precision cutoff reached.
Calculating energies for FreeWilson2D(N_x=2, N_y=2, mass=-1.102, r=1.000)
h_im: 0.0
New op index: 6	$A_4(0,0)$[0, 1, 2, 3, 4, 5, 6, 7]
Current grad: 8.0
0:	0.00e+00	7.18e+00
1:	0.00e+00	-7.18e+00
2:	0.00e+00	0.00e+00
3:	0.00e+00	0.00e+00
4:	0.00e+00	0.00e+00
5:	0.00e+00	0.00e+00
6:	4.00e+00	0.00e+00
7:	4.00e+00	0.00e+00
New op index: 7	$A_4(1,0)$[2, 3, 4, 5]
Current grad: 8.000182435656402
New op index: 7	$A_4(1,0)$[2, 3, 4, 5]
Current grad: 0.00019003682474255193
Precision cutoff reached.
Calculating energies for FreeWilson2D(N_x=2, N_y=2, mass=-0.939, r=1.000)
h_im: 0.0
New op index: 6	$A_4(0,0)$[0, 1, 2, 3, 4, 5, 6, 7]
Current grad: 8.0
0:	0.00e+00	8.49e+00
1:	0.00e+00	-8.49e+00
2:	0.00e+00	0.00e+00
3:	0.00e+00	0.00e+00
4:	0.00e+00	0.00e+00
5:	0.00e+00	0.00e+00
6:	4.00e+00	0.00e+00
7:	4.00e+00	0.00e+00
New op index: 7	$A_4(1,0)$[2, 3, 4, 5]
Current grad: 8.00017451046244
New op index: 6	$A_4(0,0)$[0, 1, 2, 3, 4, 5, 6, 7]
Current grad: 0.00019696884970588427
Precision cutoff reached.
Calculating energies for FreeWilson2D(N_x=2, N_y=2, mass=-0.776, r=1.000)
h_im: 0.0
New op index: 6	$A_4(0,0)$[0, 1, 2, 3, 4, 5, 6, 7]
Current grad: 8.0
0:	0.00e+00	9.80e+00
1:	0.00e+00	-9.80e+00
2:	0.00e+00	0.00e+00
3:	0.00e+00	0.00e+00
4:	0.00e+00	0.00e+00
5:	0.00e+00	0.00e+00
6:	4.00e+00	0.00e+00
7:	4.00e+00	0.00e+00
New op index: 7	$A_4(1,0)$[2, 3, 4, 5]
Current grad: 8.00017842309923
New op index: 7	$A_4(1,0)$[2, 3, 4, 5]
Current grad: 0.0001931127430245258
Precision cutoff reached.
Calculating energies for FreeWilson2D(N_x=2, N_y=2, mass=-0.612, r=1.000)
h_im: 0.0
New op index: 6	$A_4(0,0)$[0, 1, 2, 3, 4, 5, 6, 7]
Current grad: 8.0
0:	0.00e+00	1.11e+01
1:	0.00e+00	-1.11e+01
2:	0.00e+00	0.00e+00
3:	0.00e+00	0.00e+00
4:	0.00e+00	0.00e+00
5:	0.00e+00	0.00e+00
6:	4.00e+00	0.00e+00
7:	4.00e+00	0.00e+00
New op index: 7	$A_4(1,0)$[2, 3, 4, 5]
Current grad: 8.00017631013326
New op index: 6	$A_4(0,0)$[0, 1, 2, 3, 4, 5, 6, 7]
Current grad: 0.00042850175001408406
Precision cutoff reached.
Calculating energies for FreeWilson2D(N_x=2, N_y=2, mass=-0.449, r=1.000)
h_im: 0.0
New op index: 6	$A_4(0,0)$[0, 1, 2, 3, 4, 5, 6, 7]
Current grad: 8.0
0:	0.00e+00	1.24e+01
1:	0.00e+00	-1.24e+01
2:	0.00e+00	0.00e+00
3:	0.00e+00	0.00e+00
4:	0.00e+00	0.00e+00
5:	0.00e+00	0.00e+00
6:	4.00e+00	0.00e+00
7:	4.00e+00	0.00e+00
New op index: 7	$A_4(1,0)$[2, 3, 4, 5]
Current grad: 8.000178718451679
New op index: 7	$A_4(1,0)$[2, 3, 4, 5]
Current grad: 0.00017986295390935998
Precision cutoff reached.
Calculating energies for FreeWilson2D(N_x=2, N_y=2, mass=-0.286, r=1.000)
h_im: 0.0
New op index: 6	$A_4(0,0)$[0, 1, 2, 3, 4, 5, 6, 7]
Current grad: 8.0
0:	0.00e+00	1.37e+01
1:	0.00e+00	-1.37e+01
2:	0.00e+00	0.00e+00
3:	0.00e+00	0.00e+00
4:	0.00e+00	0.00e+00
5:	0.00e+00	0.00e+00
6:	4.00e+00	0.00e+00
7:	4.00e+00	0.00e+00
New op index: 7	$A_4(1,0)$[2, 3, 4, 5]
Current grad: 8.000174790703003
New op index: 7	$A_4(1,0)$[2, 3, 4, 5]
Current grad: 0.00019180455963880772
Precision cutoff reached.
Calculating energies for FreeWilson2D(N_x=2, N_y=2, mass=-0.122, r=1.000)
h_im: 0.0
New op index: 6	$A_4(0,0)$[0, 1, 2, 3, 4, 5, 6, 7]
Current grad: 8.0
0:	0.00e+00	1.50e+01
1:	0.00e+00	-1.50e+01
2:	0.00e+00	0.00e+00
3:	0.00e+00	0.00e+00
4:	0.00e+00	0.00e+00
5:	0.00e+00	0.00e+00
6:	4.00e+00	0.00e+00
7:	4.00e+00	0.00e+00
New op index: 7	$A_4(1,0)$[2, 3, 4, 5]
Current grad: 8.000174792687819
New op index: 7	$A_4(1,0)$[2, 3, 4, 5]
Current grad: 0.00032766869539958967
Precision cutoff reached.
Calculating energies for FreeWilson2D(N_x=2, N_y=2, mass=0.041, r=1.000)
h_im: 0.0
New op index: 6	$A_4(0,0)$[0, 1, 2, 3, 4, 5, 6, 7]
Current grad: 8.0
0:	0.00e+00	1.63e+01
1:	0.00e+00	-1.63e+01
2:	0.00e+00	0.00e+00
3:	0.00e+00	0.00e+00
4:	0.00e+00	0.00e+00
5:	0.00e+00	0.00e+00
6:	4.00e+00	0.00e+00
7:	4.00e+00	0.00e+00
New op index: 7	$A_4(1,0)$[2, 3, 4, 5]
Current grad: 8.000176638537816
New op index: 7	$A_4(1,0)$[2, 3, 4, 5]
Current grad: 0.00020883452422846096
Precision cutoff reached.
Calculating energies for FreeWilson2D(N_x=2, N_y=2, mass=0.204, r=1.000)
h_im: 0.0
New op index: 6	$A_4(0,0)$[0, 1, 2, 3, 4, 5, 6, 7]
Current grad: 8.0
0:	0.00e+00	1.76e+01
1:	0.00e+00	-1.76e+01
2:	0.00e+00	0.00e+00
3:	0.00e+00	0.00e+00
4:	0.00e+00	0.00e+00
5:	0.00e+00	0.00e+00
6:	4.00e+00	0.00e+00
7:	4.00e+00	0.00e+00
New op index: 7	$A_4(1,0)$[2, 3, 4, 5]
Current grad: 8.000169116809758
New op index: 7	$A_4(1,0)$[2, 3, 4, 5]
Current grad: 0.000249101284906053
Precision cutoff reached.
Calculating energies for FreeWilson2D(N_x=2, N_y=2, mass=0.367, r=1.000)
h_im: 0.0
New op index: 6	$A_4(0,0)$[0, 1, 2, 3, 4, 5, 6, 7]
Current grad: 8.0
0:	0.00e+00	1.89e+01
1:	0.00e+00	-1.89e+01
2:	0.00e+00	0.00e+00
3:	0.00e+00	0.00e+00
4:	0.00e+00	0.00e+00
5:	0.00e+00	0.00e+00
6:	4.00e+00	0.00e+00
7:	4.00e+00	0.00e+00
New op index: 7	$A_4(1,0)$[2, 3, 4, 5]
Current grad: 8.000186434863085
New op index: 7	$A_4(1,0)$[2, 3, 4, 5]
Current grad: 0.00025049780793709865
Precision cutoff reached.
Calculating energies for FreeWilson2D(N_x=2, N_y=2, mass=0.531, r=1.000)
h_im: 0.0
New op index: 6	$A_4(0,0)$[0, 1, 2, 3, 4, 5, 6, 7]
Current grad: 8.0
0:	0.00e+00	2.02e+01
1:	0.00e+00	-2.02e+01
2:	0.00e+00	0.00e+00
3:	0.00e+00	0.00e+00
4:	0.00e+00	0.00e+00
5:	0.00e+00	0.00e+00
6:	4.00e+00	0.00e+00
7:	4.00e+00	0.00e+00
New op index: 7	$A_4(1,0)$[2, 3, 4, 5]
Current grad: 8.000180592854168
New op index: 7	$A_4(1,0)$[2, 3, 4, 5]
Current grad: 0.0003253184943257681
Precision cutoff reached.
Calculating energies for FreeWilson2D(N_x=2, N_y=2, mass=0.694, r=1.000)
h_im: 0.0
New op index: 6	$A_4(0,0)$[0, 1, 2, 3, 4, 5, 6, 7]
Current grad: 8.0
0:	0.00e+00	2.16e+01
1:	0.00e+00	-2.16e+01
2:	0.00e+00	0.00e+00
3:	0.00e+00	0.00e+00
4:	0.00e+00	0.00e+00
5:	0.00e+00	0.00e+00
6:	4.00e+00	0.00e+00
7:	4.00e+00	0.00e+00
New op index: 7	$A_4(1,0)$[2, 3, 4, 5]
Current grad: 8.00017807251865
New op index: 7	$A_4(1,0)$[2, 3, 4, 5]
Current grad: 0.00023050126931516143
Precision cutoff reached.
Calculating energies for FreeWilson2D(N_x=2, N_y=2, mass=0.857, r=1.000)
h_im: 0.0
New op index: 6	$A_4(0,0)$[0, 1, 2, 3, 4, 5, 6, 7]
Current grad: 8.0
0:	0.00e+00	2.29e+01
1:	0.00e+00	-2.29e+01
2:	0.00e+00	0.00e+00
3:	0.00e+00	0.00e+00
4:	0.00e+00	0.00e+00
5:	0.00e+00	0.00e+00
6:	4.00e+00	0.00e+00
7:	4.00e+00	0.00e+00
New op index: 7	$A_4(1,0)$[2, 3, 4, 5]
Current grad: 8.00017438382449
New op index: 7	$A_4(1,0)$[2, 3, 4, 5]
Current grad: 0.0001744492996181857
Precision cutoff reached.
Calculating energies for FreeWilson2D(N_x=2, N_y=2, mass=1.020, r=1.000)
h_im: 0.0
New op index: 6	$A_4(0,0)$[0, 1, 2, 3, 4, 5, 6, 7]
Current grad: 8.0
0:	0.00e+00	2.42e+01
1:	0.00e+00	-2.42e+01
2:	0.00e+00	0.00e+00
3:	0.00e+00	0.00e+00
4:	0.00e+00	0.00e+00
5:	0.00e+00	0.00e+00
6:	4.00e+00	0.00e+00
7:	4.00e+00	0.00e+00
New op index: 7	$A_4(1,0)$[2, 3, 4, 5]
Current grad: 8.000174774296347
New op index: 7	$A_4(1,0)$[2, 3, 4, 5]
Current grad: 0.00032469513686202644
Precision cutoff reached.
Calculating energies for FreeWilson2D(N_x=2, N_y=2, mass=1.184, r=1.000)
h_im: 0.0
New op index: 6	$A_4(0,0)$[0, 1, 2, 3, 4, 5, 6, 7]
Current grad: 8.0
0:	0.00e+00	2.55e+01
1:	0.00e+00	-2.55e+01
2:	0.00e+00	0.00e+00
3:	0.00e+00	0.00e+00
4:	0.00e+00	0.00e+00
5:	0.00e+00	0.00e+00
6:	4.00e+00	0.00e+00
7:	4.00e+00	0.00e+00
New op index: 7	$A_4(1,0)$[2, 3, 4, 5]
Current grad: 8.000181352146933
New op index: 6	$A_4(0,0)$[0, 1, 2, 3, 4, 5, 6, 7]
Current grad: 0.0003808290927582626
Precision cutoff reached.
Calculating energies for FreeWilson2D(N_x=2, N_y=2, mass=1.347, r=1.000)
h_im: 0.0
New op index: 6	$A_4(0,0)$[0, 1, 2, 3, 4, 5, 6, 7]
Current grad: 8.0
0:	0.00e+00	2.68e+01
1:	0.00e+00	-2.68e+01
2:	0.00e+00	0.00e+00
3:	0.00e+00	0.00e+00
4:	0.00e+00	0.00e+00
5:	0.00e+00	0.00e+00
6:	4.00e+00	0.00e+00
7:	4.00e+00	0.00e+00
New op index: 7	$A_4(1,0)$[2, 3, 4, 5]
Current grad: 8.000181205406523
New op index: 7	$A_4(1,0)$[2, 3, 4, 5]
Current grad: 0.0001806790597620013
Precision cutoff reached.
Calculating energies for FreeWilson2D(N_x=2, N_y=2, mass=1.510, r=1.000)
h_im: 0.0
New op index: 6	$A_4(0,0)$[0, 1, 2, 3, 4, 5, 6, 7]
Current grad: 8.0
0:	0.00e+00	2.81e+01
1:	0.00e+00	-2.81e+01
2:	0.00e+00	0.00e+00
3:	0.00e+00	0.00e+00
4:	0.00e+00	0.00e+00
5:	0.00e+00	0.00e+00
6:	4.00e+00	0.00e+00
7:	4.00e+00	0.00e+00
New op index: 7	$A_4(1,0)$[2, 3, 4, 5]
Current grad: 8.000179873873684
New op index: 7	$A_4(1,0)$[2, 3, 4, 5]
Current grad: 0.00024729805446773465
Precision cutoff reached.
Calculating energies for FreeWilson2D(N_x=2, N_y=2, mass=1.673, r=1.000)
h_im: 0.0
New op index: 6	$A_4(0,0)$[0, 1, 2, 3, 4, 5, 6, 7]
Current grad: 8.0
0:	0.00e+00	2.94e+01
1:	0.00e+00	-2.94e+01
2:	0.00e+00	0.00e+00
3:	0.00e+00	0.00e+00
4:	0.00e+00	0.00e+00
5:	0.00e+00	0.00e+00
6:	4.00e+00	0.00e+00
7:	4.00e+00	0.00e+00
New op index: 7	$A_4(1,0)$[2, 3, 4, 5]
Current grad: 8.000165259903973
New op index: 7	$A_4(1,0)$[2, 3, 4, 5]
Current grad: 0.00021473066474750837
Precision cutoff reached.
Calculating energies for FreeWilson2D(N_x=2, N_y=2, mass=1.837, r=1.000)
h_im: 0.0
New op index: 6	$A_4(0,0)$[0, 1, 2, 3, 4, 5, 6, 7]
Current grad: 8.0
0:	0.00e+00	3.07e+01
1:	0.00e+00	-3.07e+01
2:	0.00e+00	0.00e+00
3:	0.00e+00	0.00e+00
4:	0.00e+00	0.00e+00
5:	0.00e+00	0.00e+00
6:	4.00e+00	0.00e+00
7:	4.00e+00	0.00e+00
New op index: 7	$A_4(1,0)$[2, 3, 4, 5]
Current grad: 8.00018639113581
New op index: 7	$A_4(1,0)$[2, 3, 4, 5]
Current grad: 0.0001866882036245392
Precision cutoff reached.
Calculating energies for FreeWilson2D(N_x=2, N_y=2, mass=2.000, r=1.000)
h_im: 0.0
New op index: 6	$A_4(0,0)$[0, 1, 2, 3, 4, 5, 6, 7]
Current grad: 8.0
0:	0.00e+00	3.20e+01
1:	0.00e+00	-3.20e+01
2:	0.00e+00	0.00e+00
3:	0.00e+00	0.00e+00
4:	0.00e+00	0.00e+00
5:	0.00e+00	0.00e+00
6:	4.00e+00	0.00e+00
7:	4.00e+00	0.00e+00
New op index: 7	$A_4(1,0)$[2, 3, 4, 5]
Current grad: 8.000185470691276
New op index: 6	$A_4(0,0)$[0, 1, 2, 3, 4, 5, 6, 7]
Current grad: 0.0003450980074187319
Precision cutoff reached.
-----Beginning pprint-----
/:
	Attributes:
		ProcessId: 24245440
	2026-01-11_12-42-14-24245440:
		Attributes:
			HamiltonianType: ZeroChargePenalty
			Last-Modified: 2026-01-11_12-42-14
			ProcessId: 24245440
			SimulatorType: Statevector
			SolverName: AdaptVQE
			SystemName: FreeWilson2D
			n_x: 2
			n_y: 2
			r: 1.0
		AdaptOptions:
			Attributes:
				allow_duplicate_gates: False
				gradient_hamiltonian_type: HamiltonianType.ZeroChargePenalty
				max_depth: 50
				parameter_prec_cutoff: 0.001
				prec_cutoff: 0.001
				precision: 0
		AnsatzOperatorDerivatives: Dataset (dtype=float64, shape=(50, 3, 8), maxshape=(50, None, 8))
			Attributes:
				DIMENSION_LABELS: ['mass' 'AnsatzOperatorAxis' 'AnsatzPoolOperatorAxis']
				NDataDims: 2
		AnsatzOperatorSecondDerivatives: Dataset (dtype=float64, shape=(50, 3, 8), maxshape=(50, None, 8))
			Attributes:
				DIMENSION_LABELS: ['mass' 'AnsatzOperatorAxis' 'AnsatzPoolOperatorAxis']
				NDataDims: 2
		AnsatzOperators: Dataset (dtype=int64, shape=(50, 2), maxshape=(50, None))
			Attributes:
				DIMENSION_LABELS: ['mass' 'AnsatzOperatorAxis']
				NDataDims: 1
		Circuit:
			Attributes:
				Ansatz: PhysicsAdaptAnsatz8
			AnsatzOptions:
				Attributes:
					num_qubits: 8
		CircuitParameters: Dataset (dtype=float64, shape=(50, 30, 2), maxshape=(50, None, None))
			Attributes:
				DIMENSION_LABELS: ['mass' 'IterationAxis' 'CircuitParameterAxis']
				NDataDims: 2
		Data:
			Attributes:
			evs:
				Attributes:
				Hamiltonian: Dataset (dtype=float64, shape=(50, 30), maxshape=(50, None))
					Attributes:
						DIMENSION_LABELS: ['mass' 'IterationAxis']
						NDataDims: 1
			stds:
				Attributes:
				Hamiltonian: Dataset (dtype=float64, shape=(50, 30), maxshape=(50, None))
					Attributes:
						DIMENSION_LABELS: ['mass' 'IterationAxis']
						NDataDims: 1
		EstimatorOptions:
			Attributes:
				_VERSION: 2
				default_precision: Unset
				default_shots: Unset
				experimental: Unset
				max_execution_time: Unset
				resilience_level: Unset
				seed_estimator: 24245440
			dynamical_decoupling:
				Attributes:
					enable: Unset
					extra_slack_distribution: Unset
					scheduling_method: Unset
					sequence_type: Unset
					skip_reset_qubits: Unset
			environment:
				Attributes:
					callback: None
					job_tags: None
					log_level: WARNING
					private: False
			execution:
				Attributes:
					init_qubits: Unset
					rep_delay: Unset
			resilience:
				Attributes:
					layer_noise_model: Unset
					measure_mitigation: Unset
					pec_mitigation: Unset
					zne_mitigation: Unset
				layer_noise_learning:
					Attributes:
						layer_pair_depths: Unset
						max_layers_to_learn: Unset
						num_randomizations: Unset
						shots_per_randomization: Unset
				measure_noise_learning:
					Attributes:
						num_randomizations: Unset
						shots_per_randomization: Unset
				pec:
					Attributes:
						max_overhead: Unset
						noise_gain: Unset
				zne:
					Attributes:
						amplifier: Unset
						extrapolated_noise_factors: Unset
						extrapolator: Unset
						noise_factors: Unset
			simulator:
				Attributes:
					basis_gates: Unset
					coupling_map: Unset
					noise_model: Unset
					seed_simulator: Unset
			twirling:
				Attributes:
					enable_gates: Unset
					enable_measure: Unset
					num_randomizations: Unset
					shots_per_randomization: Unset
					strategy: Unset
		MetaData:
			Attributes:
			circuit_metadata: Dataset (dtype=object, shape=(50, 30), maxshape=(50, None))
				Attributes:
					DIMENSION_LABELS: ['mass' 'IterationAxis']
					NDataDims: 1
			target_precision: Dataset (dtype=float64, shape=(50, 30), maxshape=(50, None))
				Attributes:
					DIMENSION_LABELS: ['mass' 'IterationAxis']
					NDataDims: 1
			version: Dataset (dtype=int64, shape=(50, 30), maxshape=(50, None))
				Attributes:
					DIMENSION_LABELS: ['mass' 'IterationAxis']
					NDataDims: 1
		NIterations: Dataset (dtype=int64, shape=(50,), maxshape=(50,))
			Attributes:
				DIMENSION_LABELS: ['mass']
				NDataDims: 0
		OptimizerOptions:
			Attributes:
				bounds: None
				callback: None
				constraints: []
				method: slsqp
				tol: None
				x0Seed: 24245440
			options:
				Attributes:
					disp: 0
					maxiter: 20000
		PresetPassManagerOptions:
			Attributes:
		SimulatorOptions:
			Attributes:
		StartIterations: Dataset (dtype=int64, shape=(50, 2), maxshape=(50, None))
			Attributes:
				DIMENSION_LABELS: ['mass' 'AnsatzOperatorAxis']
				NDataDims: 1
		VersionInfo:
			Attributes:
				QiskitAerVersion: 0.17.1
				QiskitIBMRuntimeVersion: 0.41.1
				QiskitVersion: 2.1.2
		mass: Dataset (dtype=float64, shape=(50,), maxshape=(50,))
			Attributes:
-----Ending pprint-----
End 2026-01-11 12:42:47 | 24245440 MyPyJob | lmnode196 | /home/s6nidich_hpc/PycharmProjects/QC-MasterThesis 

