Start 2025-11-13 14:54:00 | 23862126 MyPyJob | node074 | /home/s6nidich_hpc/PycharmProjects/QC-MasterThesis 

Used python interpreter:
/home/s6nidich_hpc/PycharmProjects/QC-MasterThesis/.venv_intel_3_12_3/bin/python
Python version:
Python 3.12.3

Currently Loaded Modules:
  1) GCCcore/13.3.0                   7) Tcl/8.6.14-GCCcore-13.3.0
  2) zlib/1.3.1-GCCcore-13.3.0        8) SQLite/3.45.3-GCCcore-13.3.0
  3) binutils/2.42-GCCcore-13.3.0     9) XZ/5.4.5-GCCcore-13.3.0
  4) bzip2/1.0.8-GCCcore-13.3.0      10) libffi/3.4.5-GCCcore-13.3.0
  5) ncurses/6.5-GCCcore-13.3.0      11) OpenSSL/3
  6) libreadline/8.2-GCCcore-13.3.0  12) Python/3.12.3-GCCcore-13.3.0

 

Start of Program:

-----Beginning pprint-----
/:
	Attributes:
-----Ending pprint-----
Calculating energies for FreeWilson2D(N_x=2, N_y=2, mass=-6.000, r=1.000)
h_im: 0.0
New op index: 27
Current grad: 46.0
0:	0.00e+00	5.12e-15
1:	-2.00e+00	5.19e-15
2:	0.00e+00	8.07e-17
3:	0.00e+00	6.17e-15
4:	2.50e+00	6.11e-15
5:	0.00e+00	-5.77e-17
6:	0.00e+00	4.08e-15
7:	-2.50e+00	4.15e-15
8:	0.00e+00	8.80e-17
9:	0.00e+00	7.96e-15
10:	2.00e+00	-5.00e-01
11:	0.00e+00	-5.00e-01
12:	0.00e+00	7.58e-15
13:	2.00e+00	-5.00e-01
14:	0.00e+00	-5.00e-01
15:	0.00e+00	6.61e-15
16:	-2.50e+00	6.59e-15
17:	0.00e+00	2.13e-17
18:	0.00e+00	5.00e-15
19:	2.50e+00	4.99e-15
20:	0.00e+00	-2.86e-17
21:	0.00e+00	5.94e-15
22:	-2.00e+00	5.93e-15
23:	0.00e+00	1.39e-17
24:	0.00e+00	6.46e-17
25:	-4.50e+00	6.46e-17
26:	0.00e+00	-1.13e-17
27:	5.00e+00	-1.13e-17
28:	0.00e+00	-5.00e-01
29:	-4.50e+00	-5.00e-01
30:	0.00e+00	-7.07e-17
31:	4.34e-17	-2.00e+00
32:	0.00e+00	-5.00e-01
33:	4.50e+00	-5.00e-01
34:	0.00e+00	-7.37e-18
35:	-5.00e+00	-7.37e-18
36:	0.00e+00	-1.47e-17
37:	4.50e+00	-1.47e-17
New op index: 7
Current grad: 111.2445870570031
New op index: 27
Current grad: 38.592293025830436
New op index: 35
Current grad: 27.92544895143417
New op index: 16
Current grad: 93.17615614280655
New op index: 35
Current grad: 20.52430528357165
New op index: 10
Current grad: 9.853329016323814
New op index: 22
Current grad: 148.46839941088984
New op index: 13
Current grad: 5.018669864359235
New op index: 1
Current grad: 52.00742310570765
New op index: 10
Current grad: 0.01755210490070321
Adding the same operator twice is not sensible, terminating.
Calculating energies for FreeWilson2D(N_x=2, N_y=2, mass=-5.837, r=1.000)
h_im: 0.0
New op index: 27
Current grad: 44.36734693877551
0:	0.00e+00	5.13e-15
1:	-1.92e+00	5.20e-15
2:	0.00e+00	8.07e-17
3:	0.00e+00	6.16e-15
4:	2.42e+00	6.10e-15
5:	0.00e+00	-5.77e-17
6:	0.00e+00	4.09e-15
7:	-2.42e+00	4.16e-15
8:	0.00e+00	8.80e-17
9:	0.00e+00	7.94e-15
10:	1.92e+00	-5.00e-01
11:	0.00e+00	-5.00e-01
12:	0.00e+00	7.57e-15
13:	1.92e+00	-5.00e-01
14:	0.00e+00	-5.00e-01
15:	0.00e+00	6.61e-15
16:	-2.42e+00	6.60e-15
17:	0.00e+00	2.13e-17
18:	0.00e+00	5.00e-15
19:	2.42e+00	4.99e-15
20:	0.00e+00	-2.86e-17
21:	0.00e+00	5.95e-15
22:	-1.92e+00	5.94e-15
23:	0.00e+00	1.39e-17
24:	0.00e+00	6.29e-17
25:	-4.34e+00	6.29e-17
26:	0.00e+00	-9.58e-18
27:	4.84e+00	-9.58e-18
28:	0.00e+00	-5.00e-01
29:	-4.34e+00	-5.00e-01
30:	0.00e+00	-7.07e-17
31:	4.34e-17	-2.00e+00
32:	0.00e+00	-5.00e-01
33:	4.34e+00	-5.00e-01
34:	0.00e+00	-7.37e-18
35:	-4.84e+00	-7.37e-18
36:	0.00e+00	-1.47e-17
37:	4.34e+00	-1.47e-17
New op index: 7
Current grad: 110.11522892964959
New op index: 27
Current grad: 37.24096507772647
New op index: 35
Current grad: 26.94895241552683
New op index: 16
Current grad: 92.69636116745448
New op index: 35
Current grad: 19.82871508147187
New op index: 10
Current grad: 9.531499185988341
New op index: 1
Current grad: 148.18456772539426
New op index: 13
Current grad: 5.795565729540999
New op index: 22
Current grad: 51.92394995460421
New op index: 35
Current grad: 0.02580955070095904
Adding the same operator twice is not sensible, terminating.
Calculating energies for FreeWilson2D(N_x=2, N_y=2, mass=-5.673, r=1.000)
h_im: 0.0
New op index: 27
Current grad: 42.734693877551024
0:	0.00e+00	5.14e-15
1:	-1.84e+00	5.21e-15
2:	0.00e+00	8.07e-17
3:	0.00e+00	6.15e-15
4:	2.34e+00	6.09e-15
5:	0.00e+00	-5.77e-17
6:	0.00e+00	4.11e-15
7:	-2.34e+00	4.17e-15
8:	0.00e+00	8.80e-17
9:	0.00e+00	7.93e-15
10:	1.84e+00	-5.00e-01
11:	0.00e+00	-5.00e-01
12:	0.00e+00	7.56e-15
13:	1.84e+00	-5.00e-01
14:	0.00e+00	-5.00e-01
15:	0.00e+00	6.61e-15
16:	-2.34e+00	6.60e-15
17:	0.00e+00	2.13e-17
18:	0.00e+00	4.99e-15
19:	2.34e+00	4.99e-15
20:	0.00e+00	-2.86e-17
21:	0.00e+00	5.95e-15
22:	-1.84e+00	5.94e-15
23:	0.00e+00	1.39e-17
24:	0.00e+00	6.12e-17
25:	-4.17e+00	6.12e-17
26:	0.00e+00	-7.88e-18
27:	4.67e+00	-7.88e-18
28:	0.00e+00	-5.00e-01
29:	-4.17e+00	-5.00e-01
30:	0.00e+00	-7.07e-17
31:	4.34e-17	-2.00e+00
32:	0.00e+00	-5.00e-01
33:	4.17e+00	-5.00e-01
34:	0.00e+00	-7.37e-18
35:	-4.67e+00	-7.37e-18
36:	0.00e+00	-1.47e-17
37:	4.17e+00	-1.47e-17
New op index: 7
Current grad: 109.00135858989944
New op index: 27
Current grad: 35.89122606398175
New op index: 35
Current grad: 25.97259412455319
New op index: 19
Current grad: 92.23874374063112
New op index: 35
Current grad: 19.1349127249571
New op index: 22
Current grad: 9.217636114591304
New op index: 10
Current grad: 147.44182596430204
New op index: 13
Current grad: 4.699077160488004
New op index: 1
Current grad: 51.84226999038883
New op index: 35
Current grad: 0.0016170810963630755
Adding the same operator twice is not sensible, terminating.
Calculating energies for FreeWilson2D(N_x=2, N_y=2, mass=-5.510, r=1.000)
h_im: 0.0
New op index: 27
Current grad: 41.10204081632653
0:	0.00e+00	5.15e-15
1:	-1.76e+00	5.22e-15
2:	0.00e+00	8.07e-17
3:	0.00e+00	6.13e-15
4:	2.26e+00	6.08e-15
5:	0.00e+00	-5.77e-17
6:	0.00e+00	4.12e-15
7:	-2.26e+00	4.18e-15
8:	0.00e+00	8.80e-17
9:	0.00e+00	7.92e-15
10:	1.76e+00	-5.00e-01
11:	0.00e+00	-5.00e-01
12:	0.00e+00	7.55e-15
13:	1.76e+00	-5.00e-01
14:	0.00e+00	-5.00e-01
15:	0.00e+00	6.62e-15
16:	-2.26e+00	6.60e-15
17:	0.00e+00	2.13e-17
18:	0.00e+00	4.99e-15
19:	2.26e+00	4.99e-15
20:	0.00e+00	-2.86e-17
21:	0.00e+00	5.95e-15
22:	-1.76e+00	5.94e-15
23:	0.00e+00	1.39e-17
24:	0.00e+00	5.95e-17
25:	-4.01e+00	5.95e-17
26:	0.00e+00	-6.18e-18
27:	4.51e+00	-6.18e-18
28:	0.00e+00	-5.00e-01
29:	-4.01e+00	-5.00e-01
30:	0.00e+00	-7.07e-17
31:	4.34e-17	-2.00e+00
32:	0.00e+00	-5.00e-01
33:	4.01e+00	-5.00e-01
34:	0.00e+00	-7.37e-18
35:	-4.51e+00	-7.37e-18
36:	0.00e+00	-1.47e-17
37:	4.01e+00	-1.47e-17
New op index: 7
Current grad: 107.90441752893727
New op index: 27
Current grad: 34.54305580363436
New op index: 35
Current grad: 24.999753575411695
New op index: 19
Current grad: 91.79815826205456
New op index: 35
Current grad: 18.443873620149628
New op index: 1
Current grad: 8.89073043569563
New op index: 10
Current grad: 146.87233061113213
New op index: 13
Current grad: 5.448472139579298
New op index: 22
Current grad: 51.760744214594176
New op index: 27
Current grad: 0.001935894626309856
Adding the same operator twice is not sensible, terminating.
Calculating energies for FreeWilson2D(N_x=2, N_y=2, mass=-5.347, r=1.000)
h_im: 0.0
New op index: 27
Current grad: 39.46938775510204
0:	0.00e+00	5.16e-15
1:	-1.67e+00	5.23e-15
2:	0.00e+00	8.07e-17
3:	0.00e+00	6.12e-15
4:	2.17e+00	6.07e-15
5:	0.00e+00	-5.77e-17
6:	0.00e+00	4.13e-15
7:	-2.17e+00	4.19e-15
8:	0.00e+00	8.80e-17
9:	0.00e+00	7.90e-15
10:	1.67e+00	-5.00e-01
11:	0.00e+00	-5.00e-01
12:	0.00e+00	7.54e-15
13:	1.67e+00	-5.00e-01
14:	0.00e+00	-5.00e-01
15:	0.00e+00	6.62e-15
16:	-2.17e+00	6.60e-15
17:	0.00e+00	2.13e-17
18:	0.00e+00	4.99e-15
19:	2.17e+00	4.98e-15
20:	0.00e+00	-2.86e-17
21:	0.00e+00	5.95e-15
22:	-1.67e+00	5.94e-15
23:	0.00e+00	1.39e-17
24:	0.00e+00	5.78e-17
25:	-3.85e+00	5.78e-17
26:	0.00e+00	-4.48e-18
27:	4.35e+00	-4.48e-18
28:	0.00e+00	-5.00e-01
29:	-3.85e+00	-5.00e-01
30:	0.00e+00	-7.07e-17
31:	4.34e-17	-2.00e+00
32:	0.00e+00	-5.00e-01
33:	3.85e+00	-5.00e-01
34:	0.00e+00	-7.37e-18
35:	-4.35e+00	-7.37e-18
36:	0.00e+00	-1.47e-17
37:	3.85e+00	-1.47e-17
New op index: 7
Current grad: 106.82661428564346
New op index: 27
Current grad: 33.196616442596046
New op index: 35
Current grad: 24.019758786495274
New op index: 19
Current grad: 91.37604124609594
New op index: 35
Current grad: 17.75483584240552
New op index: 22
Current grad: 8.570090617976197
New op index: 10
Current grad: 146.2316392232866
New op index: 13
Current grad: 4.365718882477966
New op index: 1
Current grad: 51.68185034416092
New op index: 10
Current grad: 0.007739707041251845
Adding the same operator twice is not sensible, terminating.
Calculating energies for FreeWilson2D(N_x=2, N_y=2, mass=-5.184, r=1.000)
h_im: 0.0
New op index: 27
Current grad: 37.83673469387755
0:	0.00e+00	5.17e-15
1:	-1.59e+00	5.24e-15
2:	0.00e+00	8.07e-17
3:	0.00e+00	6.11e-15
4:	2.09e+00	6.06e-15
5:	0.00e+00	-5.77e-17
6:	0.00e+00	4.14e-15
7:	-2.09e+00	4.21e-15
8:	0.00e+00	8.80e-17
9:	0.00e+00	7.89e-15
10:	1.59e+00	-5.00e-01
11:	0.00e+00	-5.00e-01
12:	0.00e+00	7.53e-15
13:	1.59e+00	-5.00e-01
14:	0.00e+00	-5.00e-01
15:	0.00e+00	6.62e-15
16:	-2.09e+00	6.61e-15
17:	0.00e+00	2.13e-17
18:	0.00e+00	4.99e-15
19:	2.09e+00	4.98e-15
20:	0.00e+00	-2.86e-17
21:	0.00e+00	5.96e-15
22:	-1.59e+00	5.95e-15
23:	0.00e+00	1.39e-17
24:	0.00e+00	5.61e-17
25:	-3.68e+00	5.61e-17
26:	0.00e+00	-2.78e-18
27:	4.18e+00	-2.78e-18
28:	0.00e+00	-5.00e-01
29:	-3.68e+00	-5.00e-01
30:	0.00e+00	-7.07e-17
31:	4.34e-17	-2.00e+00
32:	0.00e+00	-5.00e-01
33:	3.68e+00	-5.00e-01
34:	0.00e+00	-7.37e-18
35:	-4.18e+00	-7.37e-18
36:	0.00e+00	-1.47e-17
37:	3.68e+00	-1.47e-17
New op index: 7
Current grad: 105.77027570067374
New op index: 27
Current grad: 31.851903070971094
New op index: 35
Current grad: 23.04815770989249
New op index: 16
Current grad: 90.97290962140674
New op index: 35
Current grad: 17.068130228094603
New op index: 10
Current grad: 8.249944251314131
New op index: 22
Current grad: 146.99713122421213
New op index: 13
Current grad: 4.202764102728735
New op index: 1
Current grad: 51.59931177199375
New op index: 10
Current grad: 0.02429191144150072
Adding the same operator twice is not sensible, terminating.
Calculating energies for FreeWilson2D(N_x=2, N_y=2, mass=-5.020, r=1.000)
h_im: 0.0
New op index: 27
Current grad: 36.204081632653065
0:	0.00e+00	5.18e-15
1:	-1.51e+00	5.25e-15
2:	0.00e+00	8.07e-17
3:	0.00e+00	6.10e-15
4:	2.01e+00	6.05e-15
5:	0.00e+00	-5.77e-17
6:	0.00e+00	4.15e-15
7:	-2.01e+00	4.22e-15
8:	0.00e+00	8.80e-17
9:	0.00e+00	7.88e-15
10:	1.51e+00	-5.00e-01
11:	0.00e+00	-5.00e-01
12:	0.00e+00	7.52e-15
13:	1.51e+00	-5.00e-01
14:	0.00e+00	-5.00e-01
15:	0.00e+00	6.62e-15
16:	-2.01e+00	6.61e-15
17:	0.00e+00	2.13e-17
18:	0.00e+00	4.99e-15
19:	2.01e+00	4.98e-15
20:	0.00e+00	-2.86e-17
21:	0.00e+00	5.96e-15
22:	-1.51e+00	5.95e-15
23:	0.00e+00	1.39e-17
24:	0.00e+00	5.44e-17
25:	-3.52e+00	5.44e-17
26:	0.00e+00	-1.08e-18
27:	4.02e+00	-1.08e-18
28:	0.00e+00	-5.00e-01
29:	-3.52e+00	-5.00e-01
30:	0.00e+00	-7.07e-17
31:	4.34e-17	-2.00e+00
32:	0.00e+00	-5.00e-01
33:	3.52e+00	-5.00e-01
34:	0.00e+00	-7.37e-18
35:	-4.02e+00	-7.37e-18
36:	0.00e+00	-1.47e-17
37:	3.52e+00	-1.47e-17
New op index: 7
Current grad: 104.73840380010094
New op index: 27
Current grad: 30.508645430032853
New op index: 35
Current grad: 22.0672997833837
New op index: 16
Current grad: 90.60180787629587
New op index: 35
Current grad: 16.373086254433684
New op index: 10
Current grad: 7.930575372364523
New op index: 22
Current grad: 146.68321988595787
New op index: 13
Current grad: 4.0393025303416445
New op index: 1
Current grad: 51.51291582823097
New op index: 16
Current grad: 0.015174689778261714
New op index: 4
Current grad: 0.006244648261708929
New op index: 35
Current grad: 0.003095532437765149
New op index: 4
Current grad: 0.002591118473420619
Adding the same operator twice is not sensible, terminating.
Calculating energies for FreeWilson2D(N_x=2, N_y=2, mass=-4.857, r=1.000)
h_im: 0.0
New op index: 27
Current grad: 34.57142857142858
0:	0.00e+00	5.19e-15
1:	-1.43e+00	5.26e-15
2:	0.00e+00	8.07e-17
3:	0.00e+00	6.09e-15
4:	1.93e+00	6.03e-15
5:	0.00e+00	-5.77e-17
6:	0.00e+00	4.16e-15
7:	-1.93e+00	4.23e-15
8:	0.00e+00	8.80e-17
9:	0.00e+00	7.86e-15
10:	1.43e+00	-5.00e-01
11:	0.00e+00	-5.00e-01
12:	0.00e+00	7.51e-15
13:	1.43e+00	-5.00e-01
14:	0.00e+00	-5.00e-01
15:	0.00e+00	6.62e-15
16:	-1.93e+00	6.61e-15
17:	0.00e+00	2.13e-17
18:	0.00e+00	4.98e-15
19:	1.93e+00	4.98e-15
20:	0.00e+00	-2.86e-17
21:	0.00e+00	5.96e-15
22:	-1.43e+00	5.95e-15
23:	0.00e+00	1.39e-17
24:	0.00e+00	5.27e-17
25:	-3.36e+00	5.27e-17
26:	0.00e+00	6.20e-19
27:	3.86e+00	6.20e-19
28:	0.00e+00	-5.00e-01
29:	-3.36e+00	-5.00e-01
30:	0.00e+00	-7.07e-17
31:	4.34e-17	-2.00e+00
32:	0.00e+00	-5.00e-01
33:	3.36e+00	-5.00e-01
34:	0.00e+00	-7.37e-18
35:	-3.86e+00	-7.37e-18
36:	0.00e+00	-1.47e-17
37:	3.36e+00	-1.47e-17
New op index: 7
Current grad: 103.7345180640657
New op index: 27
Current grad: 29.167324202813383
New op index: 35
Current grad: 21.090684576295796
New op index: 16
Current grad: 90.25379821040447
New op index: 35
Current grad: 15.687176842838458
New op index: 22
Current grad: 7.609903684020891
New op index: 10
Current grad: 143.73904098718702
New op index: 13
Current grad: 3.877899702631844
New op index: 1
Current grad: 51.43115415213097
New op index: 1
Current grad: 0.015515254784962455
Adding the same operator twice is not sensible, terminating.
Calculating energies for FreeWilson2D(N_x=2, N_y=2, mass=-4.694, r=1.000)
h_im: 0.0
New op index: 27
Current grad: 32.93877551020408
0:	0.00e+00	5.20e-15
1:	-1.35e+00	5.27e-15
2:	0.00e+00	8.07e-17
3:	0.00e+00	6.08e-15
4:	1.85e+00	6.02e-15
5:	0.00e+00	-5.77e-17
6:	0.00e+00	4.18e-15
7:	-1.85e+00	4.24e-15
8:	0.00e+00	8.80e-17
9:	0.00e+00	7.85e-15
10:	1.35e+00	-5.00e-01
11:	0.00e+00	-5.00e-01
12:	0.00e+00	7.51e-15
13:	1.35e+00	-5.00e-01
14:	0.00e+00	-5.00e-01
15:	0.00e+00	6.63e-15
16:	-1.85e+00	6.61e-15
17:	0.00e+00	2.13e-17
18:	0.00e+00	4.98e-15
19:	1.85e+00	4.98e-15
20:	0.00e+00	-2.86e-17
21:	0.00e+00	5.96e-15
22:	-1.35e+00	5.95e-15
23:	0.00e+00	1.39e-17
24:	0.00e+00	5.10e-17
25:	-3.19e+00	5.10e-17
26:	0.00e+00	2.32e-18
27:	3.69e+00	2.32e-18
28:	0.00e+00	-5.00e-01
29:	-3.19e+00	-5.00e-01
30:	0.00e+00	-7.07e-17
31:	4.34e-17	-2.00e+00
32:	0.00e+00	-5.00e-01
33:	3.19e+00	-5.00e-01
34:	0.00e+00	-7.37e-18
35:	-3.69e+00	-7.37e-18
36:	0.00e+00	-1.47e-17
37:	3.19e+00	-1.47e-17
New op index: 7
Current grad: 102.78522285798925
New op index: 27
Current grad: 27.82780023566272
New op index: 35
Current grad: 20.117192430757335
New op index: 19
Current grad: 89.9390024563499
New op index: 35
Current grad: 15.003238092955621
New op index: 1
Current grad: 7.290173095995676
New op index: 10
Current grad: 142.6570907848039
New op index: 13
Current grad: 4.646087743602786
New op index: 22
Current grad: 51.35020470217995
New op index: 27
Current grad: 0.0008171042508171638
Precision cutoff reached.
Calculating energies for FreeWilson2D(N_x=2, N_y=2, mass=-4.531, r=1.000)
h_im: 0.0
New op index: 27
Current grad: 31.306122448979593
0:	0.00e+00	5.21e-15
1:	-1.27e+00	5.28e-15
2:	0.00e+00	8.07e-17
3:	0.00e+00	6.07e-15
4:	1.77e+00	6.01e-15
5:	0.00e+00	-5.77e-17
6:	0.00e+00	4.19e-15
7:	-1.77e+00	4.25e-15
8:	0.00e+00	8.80e-17
9:	0.00e+00	7.84e-15
10:	1.27e+00	-5.00e-01
11:	0.00e+00	-5.00e-01
12:	0.00e+00	7.50e-15
13:	1.27e+00	-5.00e-01
14:	0.00e+00	-5.00e-01
15:	0.00e+00	6.63e-15
16:	-1.77e+00	6.61e-15
17:	0.00e+00	2.13e-17
18:	0.00e+00	4.98e-15
19:	1.77e+00	4.97e-15
20:	0.00e+00	-2.86e-17
21:	0.00e+00	5.96e-15
22:	-1.27e+00	5.95e-15
23:	0.00e+00	1.39e-17
24:	0.00e+00	4.93e-17
25:	-3.03e+00	4.93e-17
26:	0.00e+00	4.02e-18
27:	3.53e+00	4.02e-18
28:	0.00e+00	-5.00e-01
29:	-3.03e+00	-5.00e-01
30:	0.00e+00	-7.07e-17
31:	4.34e-17	-2.00e+00
32:	0.00e+00	-5.00e-01
33:	3.03e+00	-5.00e-01
34:	0.00e+00	-7.37e-18
35:	-3.53e+00	-7.37e-18
36:	0.00e+00	-1.47e-17
37:	3.03e+00	-1.47e-17
New op index: 7
Current grad: 101.84294836425866
New op index: 27
Current grad: 26.489811899396745
New op index: 35
Current grad: 19.139519106912918
New op index: 19
Current grad: 89.66004239196742
New op index: 35
Current grad: 14.321813641723065
New op index: 1
Current grad: 6.970047015392466
New op index: 10
Current grad: 141.35391139450408
New op index: 13
Current grad: 4.491882452598889
New op index: 22
Current grad: 51.27122824168021
New op index: 1
Current grad: 0.007945723178065831
Adding the same operator twice is not sensible, terminating.
Calculating energies for FreeWilson2D(N_x=2, N_y=2, mass=-4.367, r=1.000)
h_im: 0.0
New op index: 27
Current grad: 29.673469387755105
0:	0.00e+00	5.23e-15
1:	-1.18e+00	5.29e-15
2:	0.00e+00	8.07e-17
3:	0.00e+00	6.05e-15
4:	1.68e+00	6.00e-15
5:	0.00e+00	-5.77e-17
6:	0.00e+00	4.20e-15
7:	-1.68e+00	4.26e-15
8:	0.00e+00	8.80e-17
9:	0.00e+00	7.82e-15
10:	1.18e+00	-5.00e-01
11:	0.00e+00	-5.00e-01
12:	0.00e+00	7.49e-15
13:	1.18e+00	-5.00e-01
14:	0.00e+00	-5.00e-01
15:	0.00e+00	6.63e-15
16:	-1.68e+00	6.62e-15
17:	0.00e+00	2.13e-17
18:	0.00e+00	4.98e-15
19:	1.68e+00	4.97e-15
20:	0.00e+00	-2.86e-17
21:	0.00e+00	5.97e-15
22:	-1.18e+00	5.96e-15
23:	0.00e+00	1.39e-17
24:	0.00e+00	4.76e-17
25:	-2.87e+00	4.76e-17
26:	0.00e+00	5.72e-18
27:	3.37e+00	5.72e-18
28:	0.00e+00	-5.00e-01
29:	-2.87e+00	-5.00e-01
30:	0.00e+00	-7.07e-17
31:	4.34e-17	-2.00e+00
32:	0.00e+00	-5.00e-01
33:	2.87e+00	-5.00e-01
34:	0.00e+00	-7.37e-18
35:	-3.37e+00	-7.37e-18
36:	0.00e+00	-1.47e-17
37:	2.87e+00	-1.47e-17
New op index: 7
Current grad: 100.9354133465681
New op index: 27
Current grad: 25.15376169882829
New op index: 35
Current grad: 18.163190902948323
New op index: 16
Current grad: 89.42381421399625
New op index: 35
Current grad: 13.64270060768038
New op index: 10
Current grad: 6.650321374711112
New op index: 22
Current grad: 145.23152221906557
New op index: 13
Current grad: 3.387375151448421
New op index: 1
Current grad: 51.193998216328545
New op index: 1
Current grad: 0.028978632360503218
Adding the same operator twice is not sensible, terminating.
Calculating energies for FreeWilson2D(N_x=2, N_y=2, mass=-4.204, r=1.000)
h_im: 0.0
New op index: 27
Current grad: 28.04081632653061
0:	0.00e+00	5.24e-15
1:	-1.10e+00	5.31e-15
2:	0.00e+00	8.07e-17
3:	0.00e+00	6.04e-15
4:	1.60e+00	5.99e-15
5:	0.00e+00	-5.77e-17
6:	0.00e+00	4.21e-15
7:	-1.60e+00	4.28e-15
8:	0.00e+00	8.80e-17
9:	0.00e+00	7.81e-15
10:	1.10e+00	-5.00e-01
11:	0.00e+00	-5.00e-01
12:	0.00e+00	7.48e-15
13:	1.10e+00	-5.00e-01
14:	0.00e+00	-5.00e-01
15:	0.00e+00	6.63e-15
16:	-1.60e+00	6.62e-15
17:	0.00e+00	2.13e-17
18:	0.00e+00	4.98e-15
19:	1.60e+00	4.97e-15
20:	0.00e+00	-2.86e-17
21:	0.00e+00	5.97e-15
22:	-1.10e+00	5.96e-15
23:	0.00e+00	1.39e-17
24:	0.00e+00	4.59e-17
25:	-2.70e+00	4.59e-17
26:	0.00e+00	7.42e-18
27:	3.20e+00	7.42e-18
28:	0.00e+00	-5.00e-01
29:	-2.70e+00	-5.00e-01
30:	0.00e+00	-7.07e-17
31:	4.34e-17	-2.00e+00
32:	0.00e+00	-5.00e-01
33:	2.70e+00	-5.00e-01
34:	0.00e+00	-7.37e-18
35:	-3.20e+00	-7.37e-18
36:	0.00e+00	-1.47e-17
37:	2.70e+00	-1.47e-17
New op index: 7
Current grad: 100.09912501216927
New op index: 27
Current grad: 23.819442893816575
New op index: 35
Current grad: 17.18708566936803
New op index: 16
Current grad: 89.23992580967993
New op index: 35
Current grad: 12.964351861780898
New op index: 10
Current grad: 6.330620528648572
New op index: 22
Current grad: 144.28191946728052
New op index: 13
Current grad: 3.2315068635208974
New op index: 1
Current grad: 51.10554466564174
New op index: 35
Current grad: 0.00021292339813996894
Precision cutoff reached.
Calculating energies for FreeWilson2D(N_x=2, N_y=2, mass=-4.041, r=1.000)
h_im: 0.0
New op index: 27
Current grad: 26.408163265306115
0:	0.00e+00	5.25e-15
1:	-1.02e+00	5.32e-15
2:	0.00e+00	8.07e-17
3:	0.00e+00	6.03e-15
4:	1.52e+00	5.98e-15
5:	0.00e+00	-5.77e-17
6:	0.00e+00	4.22e-15
7:	-1.52e+00	4.29e-15
8:	0.00e+00	8.80e-17
9:	0.00e+00	7.80e-15
10:	1.02e+00	-5.00e-01
11:	0.00e+00	-5.00e-01
12:	0.00e+00	7.47e-15
13:	1.02e+00	-5.00e-01
14:	0.00e+00	-5.00e-01
15:	0.00e+00	6.63e-15
16:	-1.52e+00	6.62e-15
17:	0.00e+00	2.13e-17
18:	0.00e+00	4.97e-15
19:	1.52e+00	4.97e-15
20:	0.00e+00	-2.86e-17
21:	0.00e+00	5.97e-15
22:	-1.02e+00	5.96e-15
23:	0.00e+00	1.39e-17
24:	0.00e+00	4.42e-17
25:	-2.54e+00	4.42e-17
26:	0.00e+00	9.12e-18
27:	3.04e+00	9.12e-18
28:	0.00e+00	-5.00e-01
29:	-2.54e+00	-5.00e-01
30:	0.00e+00	-7.07e-17
31:	4.34e-17	-2.00e+00
32:	0.00e+00	-5.00e-01
33:	2.54e+00	-5.00e-01
34:	0.00e+00	-7.37e-18
35:	-3.04e+00	-7.37e-18
36:	0.00e+00	-1.47e-17
37:	2.54e+00	-1.47e-17
New op index: 4
Current grad: 99.31463847952749
New op index: 27
Current grad: 22.49702486330124
New op index: 35
Current grad: 16.210111517604112
New op index: 19
Current grad: 89.11503921106899
New op index: 35
Current grad: 12.292922709996379
New op index: 22
Current grad: 6.011614053154767
New op index: 10
Current grad: 135.88307593520994
New op index: 13
Current grad: 3.069776229332299
New op index: 1
Current grad: 51.03144150290863
New op index: 1
Current grad: 0.004131193084849806
Adding the same operator twice is not sensible, terminating.
Calculating energies for FreeWilson2D(N_x=2, N_y=2, mass=-3.878, r=1.000)
h_im: 0.0
New op index: 27
Current grad: 24.775510204081634
0:	0.00e+00	5.26e-15
1:	-9.39e-01	5.33e-15
2:	0.00e+00	8.07e-17
3:	0.00e+00	6.02e-15
4:	1.44e+00	5.97e-15
5:	0.00e+00	-5.77e-17
6:	0.00e+00	4.24e-15
7:	-1.44e+00	4.30e-15
8:	0.00e+00	8.80e-17
9:	0.00e+00	7.78e-15
10:	9.39e-01	-5.00e-01
11:	0.00e+00	-5.00e-01
12:	0.00e+00	7.46e-15
13:	9.39e-01	-5.00e-01
14:	0.00e+00	-5.00e-01
15:	0.00e+00	6.64e-15
16:	-1.44e+00	6.62e-15
17:	0.00e+00	2.13e-17
18:	0.00e+00	4.97e-15
19:	1.44e+00	4.96e-15
20:	0.00e+00	-2.86e-17
21:	0.00e+00	5.97e-15
22:	-9.39e-01	5.96e-15
23:	0.00e+00	1.39e-17
24:	0.00e+00	4.25e-17
25:	-2.38e+00	4.25e-17
26:	0.00e+00	1.08e-17
27:	2.88e+00	1.08e-17
28:	0.00e+00	-5.00e-01
29:	-2.38e+00	-5.00e-01
30:	0.00e+00	-7.07e-17
31:	4.34e-17	-2.00e+00
32:	0.00e+00	-5.00e-01
33:	2.38e+00	-5.00e-01
34:	0.00e+00	-7.37e-18
35:	-2.88e+00	-7.37e-18
36:	0.00e+00	-1.47e-17
37:	2.38e+00	-1.47e-17
New op index: 7
Current grad: 98.60767102417921
New op index: 27
Current grad: 21.163369211363253
New op index: 35
Current grad: 15.236177332878544
New op index: 19
Current grad: 89.0622433181179
New op index: 35
Current grad: 11.62012874530976
New op index: 10
Current grad: 5.693064930013384
New op index: 22
Current grad: 140.03091286344107
New op index: 31
Current grad: 2.898578179718863
New op index: 1
Current grad: 2.2544263401531257
New op index: 10
Current grad: 71.337582513804
New op index: 35
Current grad: 0.01635588577583707
Adding the same operator twice is not sensible, terminating.
Calculating energies for FreeWilson2D(N_x=2, N_y=2, mass=-3.714, r=1.000)
h_im: 0.0
New op index: 27
Current grad: 23.142857142857146
0:	0.00e+00	5.27e-15
1:	-8.57e-01	5.34e-15
2:	0.00e+00	8.07e-17
3:	0.00e+00	6.01e-15
4:	1.36e+00	5.95e-15
5:	0.00e+00	-5.77e-17
6:	0.00e+00	4.25e-15
7:	-1.36e+00	4.31e-15
8:	0.00e+00	8.80e-17
9:	0.00e+00	7.77e-15
10:	8.57e-01	-5.00e-01
11:	0.00e+00	-5.00e-01
12:	0.00e+00	7.45e-15
13:	8.57e-01	-5.00e-01
14:	0.00e+00	-5.00e-01
15:	0.00e+00	6.64e-15
16:	-1.36e+00	6.62e-15
17:	0.00e+00	2.13e-17
18:	0.00e+00	4.97e-15
19:	1.36e+00	4.96e-15
20:	0.00e+00	-2.86e-17
21:	0.00e+00	5.97e-15
22:	-8.57e-01	5.96e-15
23:	0.00e+00	1.39e-17
24:	0.00e+00	4.08e-17
25:	-2.21e+00	4.08e-17
26:	0.00e+00	1.25e-17
27:	2.71e+00	1.25e-17
28:	0.00e+00	-5.00e-01
29:	-2.21e+00	-5.00e-01
30:	0.00e+00	-7.07e-17
31:	4.34e-17	-2.00e+00
32:	0.00e+00	-5.00e-01
33:	2.21e+00	-5.00e-01
34:	0.00e+00	-7.37e-18
35:	-2.71e+00	-7.37e-18
36:	0.00e+00	-1.47e-17
37:	2.21e+00	-1.47e-17
New op index: 4
Current grad: 97.9832860341436
New op index: 27
Current grad: 19.833848322254084
New op index: 35
Current grad: 14.257715378806228
New op index: 16
Current grad: 89.08628044207684
New op index: 35
Current grad: 10.950986137263982
New op index: 10
Current grad: 5.377964187944944
New op index: 22
Current grad: 135.45458970087014
New op index: 31
Current grad: 2.7351330096802537
New op index: 1
Current grad: 2.063872400102355
New op index: 13
Current grad: 71.21798439421308
New op index: 10
Current grad: 0.007006195208287224
New op index: 1
Current grad: 0.004382372732983024
Adding the same operator twice is not sensible, terminating.
Calculating energies for FreeWilson2D(N_x=2, N_y=2, mass=-3.551, r=1.000)
h_im: 0.0
New op index: 27
Current grad: 21.510204081632654
0:	0.00e+00	5.28e-15
1:	-7.76e-01	5.35e-15
2:	0.00e+00	8.07e-17
3:	0.00e+00	6.00e-15
4:	1.28e+00	5.94e-15
5:	0.00e+00	-5.77e-17
6:	0.00e+00	4.26e-15
7:	-1.28e+00	4.32e-15
8:	0.00e+00	8.80e-17
9:	0.00e+00	7.76e-15
10:	7.76e-01	-5.00e-01
11:	0.00e+00	-5.00e-01
12:	0.00e+00	7.44e-15
13:	7.76e-01	-5.00e-01
14:	0.00e+00	-5.00e-01
15:	0.00e+00	6.64e-15
16:	-1.28e+00	6.63e-15
17:	0.00e+00	2.13e-17
18:	0.00e+00	4.97e-15
19:	1.28e+00	4.96e-15
20:	0.00e+00	-2.86e-17
21:	0.00e+00	5.98e-15
22:	-7.76e-01	5.97e-15
23:	0.00e+00	1.39e-17
24:	0.00e+00	3.91e-17
25:	-2.05e+00	3.91e-17
26:	0.00e+00	1.42e-17
27:	2.55e+00	1.42e-17
28:	0.00e+00	-5.00e-01
29:	-2.05e+00	-5.00e-01
30:	0.00e+00	-7.07e-17
31:	4.34e-17	-2.00e+00
32:	0.00e+00	-5.00e-01
33:	2.05e+00	-5.00e-01
34:	0.00e+00	-7.37e-18
35:	-2.55e+00	-7.37e-18
36:	0.00e+00	-1.47e-17
37:	2.05e+00	-1.47e-17
New op index: 7
Current grad: 97.46172853518145
New op index: 27
Current grad: 18.507710363257814
New op index: 35
Current grad: 13.288773386883761
New op index: 16
Current grad: 89.24248565792851
New op index: 35
Current grad: 10.273160693157319
New op index: 1
Current grad: 5.061391697765769
New op index: 10
Current grad: 125.84993520845431
New op index: 31
Current grad: 3.528754677736773
New op index: 22
Current grad: 1.8662947184864127
New op index: 10
Current grad: 71.10596653723263
New op index: 13
Current grad: 0.0024109848035934935
New op index: 4
Current grad: 0.0018158338429169801
New op index: 4
Current grad: 0.0018158338429169801
Adding the same operator twice is not sensible, terminating.
Calculating energies for FreeWilson2D(N_x=2, N_y=2, mass=-3.388, r=1.000)
h_im: 0.0
New op index: 27
Current grad: 19.877551020408166
0:	0.00e+00	5.29e-15
1:	-6.94e-01	5.36e-15
2:	0.00e+00	8.07e-17
3:	0.00e+00	5.99e-15
4:	1.19e+00	5.93e-15
5:	0.00e+00	-5.77e-17
6:	0.00e+00	4.27e-15
7:	-1.19e+00	4.34e-15
8:	0.00e+00	8.80e-17
9:	0.00e+00	7.74e-15
10:	6.94e-01	-5.00e-01
11:	0.00e+00	-5.00e-01
12:	0.00e+00	7.43e-15
13:	6.94e-01	-5.00e-01
14:	0.00e+00	-5.00e-01
15:	0.00e+00	6.64e-15
16:	-1.19e+00	6.63e-15
17:	0.00e+00	2.13e-17
18:	0.00e+00	4.97e-15
19:	1.19e+00	4.96e-15
20:	0.00e+00	-2.86e-17
21:	0.00e+00	5.98e-15
22:	-6.94e-01	5.97e-15
23:	0.00e+00	1.39e-17
24:	0.00e+00	3.74e-17
25:	-1.89e+00	3.74e-17
26:	0.00e+00	1.59e-17
27:	2.39e+00	1.59e-17
28:	0.00e+00	-5.00e-01
29:	-1.89e+00	-5.00e-01
30:	0.00e+00	-7.07e-17
31:	4.34e-17	-2.00e+00
32:	0.00e+00	-5.00e-01
33:	1.89e+00	-5.00e-01
34:	0.00e+00	-7.37e-18
35:	-2.39e+00	-7.37e-18
36:	0.00e+00	-1.47e-17
37:	1.89e+00	-1.47e-17
New op index: 7
Current grad: 97.06853071339015
New op index: 27
Current grad: 17.1843395504518
New op index: 35
Current grad: 12.307211772790893
New op index: 19
Current grad: 89.51375257441494
New op index: 35
Current grad: 9.605526484909687
New op index: 10
Current grad: 4.735465659707074
New op index: 1
Current grad: 125.17509322104846
New op index: 31
Current grad: 3.367504282727319
New op index: 22
Current grad: 1.6823419362073646
New op index: 13
Current grad: 70.9892246452085
New op index: 13
Current grad: 0.0011679739460819293
Adding the same operator twice is not sensible, terminating.
Calculating energies for FreeWilson2D(N_x=2, N_y=2, mass=-3.224, r=1.000)
h_im: 0.0
New op index: 27
Current grad: 18.244897959183675
0:	0.00e+00	5.30e-15
1:	-6.12e-01	5.37e-15
2:	0.00e+00	8.07e-17
3:	0.00e+00	5.98e-15
4:	1.11e+00	5.92e-15
5:	0.00e+00	-5.77e-17
6:	0.00e+00	4.28e-15
7:	-1.11e+00	4.35e-15
8:	0.00e+00	8.80e-17
9:	0.00e+00	7.73e-15
10:	6.12e-01	-5.00e-01
11:	0.00e+00	-5.00e-01
12:	0.00e+00	7.43e-15
13:	6.12e-01	-5.00e-01
14:	0.00e+00	-5.00e-01
15:	0.00e+00	6.64e-15
16:	-1.11e+00	6.63e-15
17:	0.00e+00	2.13e-17
18:	0.00e+00	4.96e-15
19:	1.11e+00	4.96e-15
20:	0.00e+00	-2.86e-17
21:	0.00e+00	5.98e-15
22:	-6.12e-01	5.97e-15
23:	0.00e+00	1.39e-17
24:	0.00e+00	3.57e-17
25:	-1.72e+00	3.57e-17
26:	0.00e+00	1.76e-17
27:	2.22e+00	1.76e-17
28:	0.00e+00	-5.00e-01
29:	-1.72e+00	-5.00e-01
30:	0.00e+00	-7.07e-17
31:	4.34e-17	-2.00e+00
32:	0.00e+00	-5.00e-01
33:	1.72e+00	-5.00e-01
34:	0.00e+00	-7.37e-18
35:	-2.22e+00	-7.37e-18
36:	0.00e+00	-1.47e-17
37:	1.72e+00	-1.47e-17
New op index: 7
Current grad: 96.83542854130317
New op index: 27
Current grad: 15.863831975317174
New op index: 35
Current grad: 11.330848341201952
New op index: 16
Current grad: 89.92567805925556
New op index: 35
Current grad: 8.940107993345459
New op index: 1
Current grad: 4.421205487305785
New op index: 10
Current grad: 113.93433468815977
New op index: 31
Current grad: 3.2165669126078593
New op index: 22
Current grad: 1.4761927785125704
New op index: 13
Current grad: 70.87150513630208
New op index: 35
Current grad: 0.002593676983877785
Adding the same operator twice is not sensible, terminating.
Calculating energies for FreeWilson2D(N_x=2, N_y=2, mass=-3.061, r=1.000)
h_im: 0.0
New op index: 27
Current grad: 16.612244897959187
0:	0.00e+00	5.31e-15
1:	-5.31e-01	5.38e-15
2:	0.00e+00	8.07e-17
3:	0.00e+00	5.96e-15
4:	1.03e+00	5.91e-15
5:	0.00e+00	-5.77e-17
6:	0.00e+00	4.29e-15
7:	-1.03e+00	4.36e-15
8:	0.00e+00	8.80e-17
9:	0.00e+00	7.72e-15
10:	5.31e-01	-5.00e-01
11:	0.00e+00	-5.00e-01
12:	0.00e+00	7.42e-15
13:	5.31e-01	-5.00e-01
14:	0.00e+00	-5.00e-01
15:	0.00e+00	6.65e-15
16:	-1.03e+00	6.63e-15
17:	0.00e+00	2.13e-17
18:	0.00e+00	4.96e-15
19:	1.03e+00	4.95e-15
20:	0.00e+00	-2.86e-17
21:	0.00e+00	5.98e-15
22:	-5.31e-01	5.97e-15
23:	0.00e+00	1.39e-17
24:	0.00e+00	3.40e-17
25:	-1.56e+00	3.40e-17
26:	0.00e+00	1.93e-17
27:	2.06e+00	1.93e-17
28:	0.00e+00	-5.00e-01
29:	-1.56e+00	-5.00e-01
30:	0.00e+00	-7.07e-17
31:	4.34e-17	-2.00e+00
32:	0.00e+00	-5.00e-01
33:	1.56e+00	-5.00e-01
34:	0.00e+00	-7.37e-18
35:	-2.06e+00	-7.37e-18
36:	0.00e+00	-1.47e-17
37:	1.56e+00	-1.47e-17
New op index: 7
Current grad: 96.80472404483238
New op index: 27
Current grad: 14.543306225757584
New op index: 35
Current grad: 10.356144979153468
New op index: 16
Current grad: 90.54756817099917
New op index: 35
Current grad: 8.277124086788808
New op index: 1
Current grad: 4.100476970404519
New op index: 10
Current grad: 105.23796219954363
New op index: 31
Current grad: 3.051516968027552
New op index: 22
Current grad: 1.2868678752010638
New op index: 10
Current grad: 70.76393242917261
New op index: 10
Current grad: 0.011311597486910978
Adding the same operator twice is not sensible, terminating.
Calculating energies for FreeWilson2D(N_x=2, N_y=2, mass=-2.898, r=1.000)
h_im: 0.0
New op index: 27
Current grad: 14.979591836734695
0:	0.00e+00	5.32e-15
1:	-4.49e-01	5.39e-15
2:	0.00e+00	8.07e-17
3:	0.00e+00	5.95e-15
4:	9.49e-01	5.90e-15
5:	0.00e+00	-5.77e-17
6:	0.00e+00	4.31e-15
7:	-9.49e-01	4.37e-15
8:	0.00e+00	8.80e-17
9:	0.00e+00	7.70e-15
10:	4.49e-01	-5.00e-01
11:	0.00e+00	-5.00e-01
12:	0.00e+00	7.41e-15
13:	4.49e-01	-5.00e-01
14:	0.00e+00	-5.00e-01
15:	0.00e+00	6.65e-15
16:	-9.49e-01	6.63e-15
17:	0.00e+00	2.13e-17
18:	0.00e+00	4.96e-15
19:	9.49e-01	4.95e-15
20:	0.00e+00	-2.86e-17
21:	0.00e+00	5.99e-15
22:	-4.49e-01	5.97e-15
23:	0.00e+00	1.39e-17
24:	0.00e+00	3.23e-17
25:	-1.40e+00	3.23e-17
26:	0.00e+00	2.10e-17
27:	1.90e+00	2.10e-17
28:	0.00e+00	-5.00e-01
29:	-1.40e+00	-5.00e-01
30:	0.00e+00	-7.07e-17
31:	4.34e-17	-2.00e+00
32:	0.00e+00	-5.00e-01
33:	1.40e+00	-5.00e-01
34:	0.00e+00	-7.37e-18
35:	-1.90e+00	-7.37e-18
36:	0.00e+00	-1.47e-17
37:	1.40e+00	-1.47e-17
New op index: 7
Current grad: 97.01322419455076
New op index: 35
Current grad: 13.221304295970551
New op index: 19
Current grad: 95.2593145735557
New op index: 35
Current grad: 11.450260904491723
New op index: 27
Current grad: 7.616409235770828
New op index: 29
Current grad: 3.782458672802355
New op index: 33
Current grad: 4.578347184015333
New op index: 22
Current grad: 0.9036907332361983
New op index: 1
Current grad: 32.984610597126604
New op index: 13
Current grad: 0.0018080038691874528
New op index: 13
Current grad: 0.0018080038691874528
Adding the same operator twice is not sensible, terminating.
Calculating energies for FreeWilson2D(N_x=2, N_y=2, mass=-2.735, r=1.000)
h_im: 0.0
New op index: 27
Current grad: 13.346938775510207
0:	0.00e+00	5.33e-15
1:	-3.67e-01	5.40e-15
2:	0.00e+00	8.07e-17
3:	0.00e+00	5.94e-15
4:	8.67e-01	5.89e-15
5:	0.00e+00	-5.77e-17
6:	0.00e+00	4.32e-15
7:	-8.67e-01	4.38e-15
8:	0.00e+00	8.80e-17
9:	0.00e+00	7.69e-15
10:	3.67e-01	-5.00e-01
11:	0.00e+00	-5.00e-01
12:	0.00e+00	7.40e-15
13:	3.67e-01	-5.00e-01
14:	0.00e+00	-5.00e-01
15:	0.00e+00	6.65e-15
16:	-8.67e-01	6.64e-15
17:	0.00e+00	2.13e-17
18:	0.00e+00	4.96e-15
19:	8.67e-01	4.95e-15
20:	0.00e+00	-2.86e-17
21:	0.00e+00	5.99e-15
22:	-3.67e-01	5.98e-15
23:	0.00e+00	1.39e-17
24:	0.00e+00	3.06e-17
25:	-1.23e+00	3.06e-17
26:	0.00e+00	2.27e-17
27:	1.73e+00	2.27e-17
28:	0.00e+00	-5.00e-01
29:	-1.23e+00	-5.00e-01
30:	0.00e+00	-7.07e-17
31:	4.34e-17	-2.00e+00
32:	0.00e+00	-5.00e-01
33:	1.23e+00	-5.00e-01
34:	0.00e+00	-7.37e-18
35:	-1.73e+00	-7.37e-18
36:	0.00e+00	-1.47e-17
37:	1.23e+00	-1.47e-17
New op index: 7
Current grad: 97.58023130284822
New op index: 35
Current grad: 11.907000847778448
New op index: 19
Current grad: 96.11213409166928
New op index: 29
Current grad: 10.449696612381773
New op index: 33
Current grad: 7.260828239627071
New op index: 1
Current grad: 0.735196903519596
New op index: 22
Current grad: 29.247357398678197
New op index: 1
Current grad: 0.02139594652494097
Adding the same operator twice is not sensible, terminating.
Calculating energies for FreeWilson2D(N_x=2, N_y=2, mass=-2.571, r=1.000)
h_im: 0.0
New op index: 27
Current grad: 11.714285714285714
0:	0.00e+00	5.35e-15
1:	-2.86e-01	5.41e-15
2:	0.00e+00	8.07e-17
3:	0.00e+00	5.93e-15
4:	7.86e-01	5.88e-15
5:	0.00e+00	-5.77e-17
6:	0.00e+00	4.33e-15
7:	-7.86e-01	4.39e-15
8:	0.00e+00	8.80e-17
9:	0.00e+00	7.67e-15
10:	2.86e-01	-5.00e-01
11:	0.00e+00	-5.00e-01
12:	0.00e+00	7.39e-15
13:	2.86e-01	-5.00e-01
14:	0.00e+00	-5.00e-01
15:	0.00e+00	6.65e-15
16:	-7.86e-01	6.64e-15
17:	0.00e+00	2.13e-17
18:	0.00e+00	4.95e-15
19:	7.86e-01	4.95e-15
20:	0.00e+00	-2.86e-17
21:	0.00e+00	5.99e-15
22:	-2.86e-01	5.98e-15
23:	0.00e+00	1.39e-17
24:	0.00e+00	2.89e-17
25:	-1.07e+00	2.89e-17
26:	0.00e+00	2.44e-17
27:	1.57e+00	2.44e-17
28:	0.00e+00	-5.00e-01
29:	-1.07e+00	-5.00e-01
30:	0.00e+00	-7.07e-17
31:	4.34e-17	-2.00e+00
32:	0.00e+00	-5.00e-01
33:	1.07e+00	-5.00e-01
34:	0.00e+00	-7.37e-18
35:	-1.57e+00	-7.37e-18
36:	0.00e+00	-1.47e-17
37:	1.07e+00	-1.47e-17
New op index: 7
Current grad: 98.9595381934312
New op index: 35
Current grad: 10.592314520299977
New op index: 19
Current grad: 97.83514642459753
New op index: 37
Current grad: 9.453410694401851
New op index: 29
Current grad: 5.025657486424566
New op index: 33
Current grad: 2.0805818391521775
New op index: 22
Current grad: 0.5720922010584947
New op index: 1
Current grad: 24.51861671628723
New op index: 19
Current grad: 0.001322663349488462
New op index: 10
Current grad: 0.0005858493040017987
Precision cutoff reached.
Calculating energies for FreeWilson2D(N_x=2, N_y=2, mass=-2.408, r=1.000)
h_im: 0.0
New op index: 27
Current grad: 10.08163265306123
0:	0.00e+00	5.36e-15
1:	-2.04e-01	5.42e-15
2:	0.00e+00	8.07e-17
3:	0.00e+00	5.92e-15
4:	7.04e-01	5.86e-15
5:	0.00e+00	-5.77e-17
6:	0.00e+00	4.34e-15
7:	-7.04e-01	4.41e-15
8:	0.00e+00	8.80e-17
9:	0.00e+00	7.66e-15
10:	2.04e-01	-5.00e-01
11:	0.00e+00	-5.00e-01
12:	0.00e+00	7.38e-15
13:	2.04e-01	-5.00e-01
14:	0.00e+00	-5.00e-01
15:	0.00e+00	6.66e-15
16:	-7.04e-01	6.64e-15
17:	0.00e+00	2.13e-17
18:	0.00e+00	4.95e-15
19:	7.04e-01	4.95e-15
20:	0.00e+00	-2.86e-17
21:	0.00e+00	5.99e-15
22:	-2.04e-01	5.98e-15
23:	0.00e+00	1.39e-17
24:	0.00e+00	2.72e-17
25:	-9.08e-01	2.72e-17
26:	0.00e+00	2.61e-17
27:	1.41e+00	2.61e-17
28:	0.00e+00	-5.00e-01
29:	-9.08e-01	-5.00e-01
30:	0.00e+00	-7.07e-17
31:	4.34e-17	-2.00e+00
32:	0.00e+00	-5.00e-01
33:	9.08e-01	-5.00e-01
34:	0.00e+00	-7.37e-18
35:	-1.41e+00	-7.37e-18
36:	0.00e+00	-1.47e-17
37:	9.08e-01	-1.47e-17
New op index: 4
Current grad: 100.85336382131848
New op index: 25
Current grad: 9.276705936708375
New op index: 35
Current grad: 5.246227639118749
New op index: 16
Current grad: 96.02094408340994
New op index: 33
Current grad: 4.443114470734555
New op index: 29
Current grad: 1.7566194745552646
New op index: 22
Current grad: 0.4126460974657364
New op index: 1
Current grad: 18.700592045228813
New op index: 22
Current grad: 0.00010012786185074629
Precision cutoff reached.
Calculating energies for FreeWilson2D(N_x=2, N_y=2, mass=-2.245, r=1.000)
h_im: 0.0
New op index: 27
Current grad: 8.44897959183674
0:	0.00e+00	5.37e-15
1:	-1.22e-01	5.44e-15
2:	0.00e+00	8.07e-17
3:	0.00e+00	5.91e-15
4:	6.22e-01	5.85e-15
5:	0.00e+00	-5.77e-17
6:	0.00e+00	4.35e-15
7:	-6.22e-01	4.42e-15
8:	0.00e+00	8.80e-17
9:	0.00e+00	7.65e-15
10:	1.22e-01	-5.00e-01
11:	0.00e+00	-5.00e-01
12:	0.00e+00	7.37e-15
13:	1.22e-01	-5.00e-01
14:	0.00e+00	-5.00e-01
15:	0.00e+00	6.66e-15
16:	-6.22e-01	6.64e-15
17:	0.00e+00	2.13e-17
18:	0.00e+00	4.95e-15
19:	6.22e-01	4.94e-15
20:	0.00e+00	-2.86e-17
21:	0.00e+00	5.99e-15
22:	-1.22e-01	5.98e-15
23:	0.00e+00	1.39e-17
24:	0.00e+00	2.55e-17
25:	-7.45e-01	2.55e-17
26:	0.00e+00	2.78e-17
27:	1.24e+00	2.78e-17
28:	0.00e+00	-5.00e-01
29:	-7.45e-01	-5.00e-01
30:	0.00e+00	-7.07e-17
31:	4.34e-17	-2.00e+00
32:	0.00e+00	-5.00e-01
33:	7.45e-01	-5.00e-01
34:	0.00e+00	-7.37e-18
35:	-1.24e+00	-7.37e-18
36:	0.00e+00	-1.47e-17
37:	7.45e-01	-1.47e-17
New op index: 7
Current grad: 102.89413145006858
New op index: 29
Current grad: 7.961096572798863
New op index: 35
Current grad: 4.8157127782911795
New op index: 19
Current grad: 99.87763297389905
New op index: 33
Current grad: 5.047446966715153
New op index: 1
Current grad: 0.24602312115708394
New op index: 22
Current grad: 11.787177686207817
New op index: 10
Current grad: 4.007616395725677e-05
Precision cutoff reached.
Calculating energies for FreeWilson2D(N_x=2, N_y=2, mass=-2.082, r=1.000)
h_im: 0.0
New op index: 27
Current grad: 6.816326530612246
0:	0.00e+00	5.38e-15
1:	-4.08e-02	5.45e-15
2:	0.00e+00	8.07e-17
3:	0.00e+00	5.90e-15
4:	5.41e-01	5.84e-15
5:	0.00e+00	-5.77e-17
6:	0.00e+00	4.36e-15
7:	-5.41e-01	4.43e-15
8:	0.00e+00	8.80e-17
9:	0.00e+00	7.63e-15
10:	4.08e-02	-5.00e-01
11:	0.00e+00	-5.00e-01
12:	0.00e+00	7.36e-15
13:	4.08e-02	-5.00e-01
14:	0.00e+00	-5.00e-01
15:	0.00e+00	6.66e-15
16:	-5.41e-01	6.65e-15
17:	0.00e+00	2.13e-17
18:	0.00e+00	4.95e-15
19:	5.41e-01	4.94e-15
20:	0.00e+00	-2.86e-17
21:	0.00e+00	6.00e-15
22:	-4.08e-02	5.99e-15
23:	0.00e+00	1.39e-17
24:	0.00e+00	2.38e-17
25:	-5.82e-01	2.38e-17
26:	0.00e+00	2.95e-17
27:	1.08e+00	2.95e-17
28:	0.00e+00	-5.00e-01
29:	-5.82e-01	-5.00e-01
30:	0.00e+00	-7.07e-17
31:	4.34e-17	-2.00e+00
32:	0.00e+00	-5.00e-01
33:	5.82e-01	-5.00e-01
34:	0.00e+00	-7.37e-18
35:	-1.08e+00	-7.37e-18
36:	0.00e+00	-1.47e-17
37:	5.82e-01	-1.47e-17
New op index: 4
Current grad: 104.14756284639779
New op index: 25
Current grad: 6.654988682680918
New op index: 35
Current grad: 3.449037185959636
New op index: 19
Current grad: 100.78429834005318
New op index: 37
Current grad: 3.286644795259176
New op index: 13
Current grad: 0.08204046789118782
New op index: 10
Current grad: 51.06813749136322
New op index: 31
Current grad: 1.9903554303915116
New op index: 31
Current grad: 0.0023743450058900367
Adding the same operator twice is not sensible, terminating.
Calculating energies for FreeWilson2D(N_x=2, N_y=2, mass=-1.918, r=1.000)
h_im: 0.0
New op index: 27
Current grad: 5.510204081632659
0:	0.00e+00	5.39e-15
1:	4.08e-02	5.46e-15
2:	0.00e+00	8.07e-17
3:	0.00e+00	5.88e-15
4:	4.59e-01	5.83e-15
5:	0.00e+00	-5.77e-17
6:	0.00e+00	4.38e-15
7:	-4.59e-01	4.44e-15
8:	0.00e+00	8.80e-17
9:	0.00e+00	7.62e-15
10:	-4.08e-02	-5.00e-01
11:	0.00e+00	-5.00e-01
12:	0.00e+00	7.35e-15
13:	-4.08e-02	-5.00e-01
14:	0.00e+00	-5.00e-01
15:	0.00e+00	6.66e-15
16:	-4.59e-01	6.65e-15
17:	0.00e+00	2.13e-17
18:	0.00e+00	4.95e-15
19:	4.59e-01	4.94e-15
20:	0.00e+00	-2.86e-17
21:	0.00e+00	6.00e-15
22:	4.08e-02	5.99e-15
23:	0.00e+00	1.39e-17
24:	0.00e+00	2.21e-17
25:	-4.18e-01	2.21e-17
26:	0.00e+00	3.12e-17
27:	9.18e-01	3.12e-17
28:	0.00e+00	-5.00e-01
29:	-4.18e-01	-5.00e-01
30:	0.00e+00	-7.07e-17
31:	4.34e-17	-2.00e+00
32:	0.00e+00	-5.00e-01
33:	4.18e-01	-5.00e-01
34:	0.00e+00	-7.37e-18
35:	-9.18e-01	-7.37e-18
36:	0.00e+00	-1.47e-17
37:	4.18e-01	-1.47e-17
New op index: 4
Current grad: 103.49864292944922
New op index: 25
Current grad: 6.001684412269108
New op index: 35
Current grad: 2.7961862701562525
New op index: 19
Current grad: 100.78642172102734
New op index: 37
Current grad: 3.2844468000212235
New op index: 13
Current grad: 0.08171690731820785
New op index: 10
Current grad: 51.011070037032106
New op index: 31
Current grad: 1.9902638400863863
New op index: 31
Current grad: 0.0022083495630736013
Adding the same operator twice is not sensible, terminating.
Calculating energies for FreeWilson2D(N_x=2, N_y=2, mass=-1.755, r=1.000)
h_im: 0.0
New op index: 27
Current grad: 4.530612244897968
0:	0.00e+00	5.40e-15
1:	1.22e-01	5.47e-15
2:	0.00e+00	8.07e-17
3:	0.00e+00	5.87e-15
4:	3.78e-01	5.82e-15
5:	0.00e+00	-5.77e-17
6:	0.00e+00	4.39e-15
7:	-3.78e-01	4.45e-15
8:	0.00e+00	8.80e-17
9:	0.00e+00	7.61e-15
10:	-1.22e-01	-5.00e-01
11:	0.00e+00	-5.00e-01
12:	0.00e+00	7.34e-15
13:	-1.22e-01	-5.00e-01
14:	0.00e+00	-5.00e-01
15:	0.00e+00	6.66e-15
16:	-3.78e-01	6.65e-15
17:	0.00e+00	2.13e-17
18:	0.00e+00	4.94e-15
19:	3.78e-01	4.94e-15
20:	0.00e+00	-2.86e-17
21:	0.00e+00	6.00e-15
22:	1.22e-01	5.99e-15
23:	0.00e+00	1.39e-17
24:	0.00e+00	2.04e-17
25:	-2.55e-01	2.04e-17
26:	0.00e+00	3.29e-17
27:	7.55e-01	3.29e-17
28:	0.00e+00	-5.00e-01
29:	-2.55e-01	-5.00e-01
30:	0.00e+00	-7.07e-17
31:	4.34e-17	-2.00e+00
32:	0.00e+00	-5.00e-01
33:	2.55e-01	-5.00e-01
34:	0.00e+00	-7.37e-18
35:	-7.55e-01	-7.37e-18
36:	0.00e+00	-1.47e-17
37:	2.55e-01	-1.47e-17
New op index: 4
Current grad: 100.95282107429146
New op index: 25
Current grad: 6.0019131461926865
New op index: 35
Current grad: 2.388478557647038
New op index: 19
Current grad: 98.80445493011456
New op index: 37
Current grad: 3.8573228689936494
New op index: 10
Current grad: 0.245847464418357
New op index: 13
Current grad: 50.90028594463917
New op index: 31
Current grad: 1.9901892858821513
New op index: 10
Current grad: 6.325703413836337e-05
Precision cutoff reached.
Calculating energies for FreeWilson2D(N_x=2, N_y=2, mass=-1.592, r=1.000)
h_im: 0.0
New op index: 27
Current grad: 3.5510204081632737
0:	0.00e+00	5.41e-15
1:	2.04e-01	5.48e-15
2:	0.00e+00	8.07e-17
3:	0.00e+00	5.86e-15
4:	2.96e-01	5.81e-15
5:	0.00e+00	-5.77e-17
6:	0.00e+00	4.40e-15
7:	-2.96e-01	4.46e-15
8:	0.00e+00	8.80e-17
9:	0.00e+00	7.59e-15
10:	-2.04e-01	-5.00e-01
11:	0.00e+00	-5.00e-01
12:	0.00e+00	7.34e-15
13:	-2.04e-01	-5.00e-01
14:	0.00e+00	-5.00e-01
15:	0.00e+00	6.67e-15
16:	-2.96e-01	6.65e-15
17:	0.00e+00	2.13e-17
18:	0.00e+00	4.94e-15
19:	2.96e-01	4.93e-15
20:	0.00e+00	-2.86e-17
21:	0.00e+00	6.00e-15
22:	2.04e-01	5.99e-15
23:	0.00e+00	1.39e-17
24:	0.00e+00	1.87e-17
25:	-9.18e-02	1.87e-17
26:	0.00e+00	3.46e-17
27:	5.92e-01	3.46e-17
28:	0.00e+00	-5.00e-01
29:	-9.18e-02	-5.00e-01
30:	0.00e+00	-7.07e-17
31:	4.34e-17	-2.00e+00
32:	0.00e+00	-5.00e-01
33:	9.18e-02	-5.00e-01
34:	0.00e+00	-7.37e-18
35:	-5.92e-01	-7.37e-18
36:	0.00e+00	-1.47e-17
37:	9.18e-02	-1.47e-17
New op index: 4
Current grad: 97.58795173744107
New op index: 25
Current grad: 6.011181141392158
New op index: 35
Current grad: 1.9809124239803706
New op index: 19
Current grad: 96.01605579099196
New op index: 37
Current grad: 4.436641259925422
New op index: 13
Current grad: 0.4095547400141787
New op index: 10
Current grad: 50.834334029826266
New op index: 31
Current grad: 1.9905309867309584
New op index: 16
Current grad: 0.004150594557186548
New op index: 31
Current grad: 0.0017489191966213794
Adding the same operator twice is not sensible, terminating.
Calculating energies for FreeWilson2D(N_x=2, N_y=2, mass=-1.429, r=1.000)
h_im: 0.0
New op index: 27
Current grad: 3.142857142857148
0:	0.00e+00	5.42e-15
1:	2.86e-01	5.49e-15
2:	0.00e+00	8.07e-17
3:	0.00e+00	5.85e-15
4:	2.14e-01	5.80e-15
5:	0.00e+00	-5.77e-17
6:	0.00e+00	4.41e-15
7:	-2.14e-01	4.48e-15
8:	0.00e+00	8.80e-17
9:	0.00e+00	7.58e-15
10:	-2.86e-01	-5.00e-01
11:	0.00e+00	-5.00e-01
12:	0.00e+00	7.33e-15
13:	-2.86e-01	-5.00e-01
14:	0.00e+00	-5.00e-01
15:	0.00e+00	6.67e-15
16:	-2.14e-01	6.65e-15
17:	0.00e+00	2.13e-17
18:	0.00e+00	4.94e-15
19:	2.14e-01	4.93e-15
20:	0.00e+00	-2.86e-17
21:	0.00e+00	6.00e-15
22:	2.86e-01	5.99e-15
23:	0.00e+00	1.39e-17
24:	0.00e+00	1.70e-17
25:	7.14e-02	1.70e-17
26:	0.00e+00	3.63e-17
27:	4.29e-01	3.63e-17
28:	0.00e+00	-5.00e-01
29:	7.14e-02	-5.00e-01
30:	0.00e+00	-7.07e-17
31:	4.34e-17	-2.00e+00
32:	0.00e+00	-5.00e-01
33:	-7.14e-02	-5.00e-01
34:	0.00e+00	-7.37e-18
35:	-4.29e-01	-7.37e-18
36:	0.00e+00	-1.47e-17
37:	-7.14e-02	-1.47e-17
New op index: 4
Current grad: 94.67259430919499
New op index: 25
Current grad: 6.306441077448531
New op index: 35
Current grad: 1.8589672906994494
New op index: 19
Current grad: 93.38874653645932
New op index: 37
Current grad: 5.000720149579722
New op index: 10
Current grad: 0.5729784642035936
New op index: 13
Current grad: 50.72553881652478
New op index: 31
Current grad: 1.997824759995763
New op index: 31
Current grad: 0.002686224663210787
Adding the same operator twice is not sensible, terminating.
Calculating energies for FreeWilson2D(N_x=2, N_y=2, mass=-1.265, r=1.000)
h_im: 0.0
New op index: 10
Current grad: 3.4693877551020464
0:	0.00e+00	5.43e-15
1:	3.67e-01	5.50e-15
2:	0.00e+00	8.07e-17
3:	0.00e+00	5.84e-15
4:	1.33e-01	5.79e-15
5:	0.00e+00	-5.77e-17
6:	0.00e+00	4.42e-15
7:	-1.33e-01	4.49e-15
8:	0.00e+00	8.80e-17
9:	0.00e+00	7.57e-15
10:	-3.67e-01	-5.00e-01
11:	0.00e+00	-5.00e-01
12:	0.00e+00	7.32e-15
13:	-3.67e-01	-5.00e-01
14:	0.00e+00	-5.00e-01
15:	0.00e+00	6.67e-15
16:	-1.33e-01	6.66e-15
17:	0.00e+00	2.13e-17
18:	0.00e+00	4.94e-15
19:	1.33e-01	4.93e-15
20:	0.00e+00	-2.86e-17
21:	0.00e+00	6.01e-15
22:	3.67e-01	6.00e-15
23:	0.00e+00	1.39e-17
24:	0.00e+00	1.53e-17
25:	2.35e-01	1.53e-17
26:	0.00e+00	3.80e-17
27:	2.65e-01	3.80e-17
28:	0.00e+00	-5.00e-01
29:	2.35e-01	-5.00e-01
30:	0.00e+00	-7.07e-17
31:	4.34e-17	-2.00e+00
32:	0.00e+00	-5.00e-01
33:	-2.35e-01	-5.00e-01
34:	0.00e+00	-7.37e-18
35:	-2.65e-01	-7.37e-18
36:	0.00e+00	-1.47e-17
37:	-2.35e-01	-1.47e-17
New op index: 7
Current grad: 211.5007385556274
New op index: 31
Current grad: 5.205893877284367
New op index: 25
Current grad: 3.864104265886379
New op index: 1
Current grad: 61.280446576181326
New op index: 25
Current grad: 4.2471377877548555
New op index: 22
Current grad: 1.7406392518521134
New op index: 19
Current grad: 171.48264911874398
New op index: 16
Current grad: 1.4474264284425535
New op index: 10
Current grad: 70.18033881406687
New op index: 10
Current grad: 0.0020089453906875234
Adding the same operator twice is not sensible, terminating.
Calculating energies for FreeWilson2D(N_x=2, N_y=2, mass=-1.102, r=1.000)
h_im: 0.0
New op index: 10
Current grad: 3.7959183673469425
0:	0.00e+00	5.44e-15
1:	4.49e-01	5.51e-15
2:	0.00e+00	8.07e-17
3:	0.00e+00	5.83e-15
4:	5.10e-02	5.77e-15
5:	0.00e+00	-5.77e-17
6:	0.00e+00	4.44e-15
7:	-5.10e-02	4.50e-15
8:	0.00e+00	8.80e-17
9:	0.00e+00	7.55e-15
10:	-4.49e-01	-5.00e-01
11:	0.00e+00	-5.00e-01
12:	0.00e+00	7.31e-15
13:	-4.49e-01	-5.00e-01
14:	0.00e+00	-5.00e-01
15:	0.00e+00	6.67e-15
16:	-5.10e-02	6.66e-15
17:	0.00e+00	2.13e-17
18:	0.00e+00	4.94e-15
19:	5.10e-02	4.93e-15
20:	0.00e+00	-2.86e-17
21:	0.00e+00	6.01e-15
22:	4.49e-01	6.00e-15
23:	0.00e+00	1.39e-17
24:	0.00e+00	1.36e-17
25:	3.98e-01	1.36e-17
26:	0.00e+00	3.97e-17
27:	1.02e-01	3.97e-17
28:	0.00e+00	-5.00e-01
29:	3.98e-01	-5.00e-01
30:	0.00e+00	-7.07e-17
31:	4.34e-17	-2.00e+00
32:	0.00e+00	-5.00e-01
33:	-3.98e-01	-5.00e-01
34:	0.00e+00	-7.37e-18
35:	-1.02e-01	-7.37e-18
36:	0.00e+00	-1.47e-17
37:	-3.98e-01	-1.47e-17
New op index: 7
Current grad: 238.73447416978115
New op index: 31
Current grad: 5.694902672474996
New op index: 25
Current grad: 4.264693643304923
New op index: 1
Current grad: 63.48485794433165
New op index: 25
Current grad: 4.528178884680665
New op index: 22
Current grad: 1.681459387191826
New op index: 19
Current grad: 172.19924572106208
New op index: 16
Current grad: 1.5170977069635567
New op index: 10
Current grad: 70.50555787449868
New op index: 10
Current grad: 0.007311953798403301
Adding the same operator twice is not sensible, terminating.
Calculating energies for FreeWilson2D(N_x=2, N_y=2, mass=-0.939, r=1.000)
h_im: 0.0
New op index: 25
Current grad: 4.612244897959178
0:	0.00e+00	5.45e-15
1:	5.31e-01	5.52e-15
2:	0.00e+00	8.07e-17
3:	0.00e+00	5.82e-15
4:	-3.06e-02	5.76e-15
5:	0.00e+00	-5.77e-17
6:	0.00e+00	4.45e-15
7:	3.06e-02	4.51e-15
8:	0.00e+00	8.80e-17
9:	0.00e+00	7.54e-15
10:	-5.31e-01	-5.00e-01
11:	0.00e+00	-5.00e-01
12:	0.00e+00	7.30e-15
13:	-5.31e-01	-5.00e-01
14:	0.00e+00	-5.00e-01
15:	0.00e+00	6.67e-15
16:	3.06e-02	6.66e-15
17:	0.00e+00	2.13e-17
18:	0.00e+00	4.93e-15
19:	-3.06e-02	4.93e-15
20:	0.00e+00	-2.86e-17
21:	0.00e+00	6.01e-15
22:	5.31e-01	6.00e-15
23:	0.00e+00	1.39e-17
24:	0.00e+00	1.19e-17
25:	5.61e-01	1.19e-17
26:	0.00e+00	4.14e-17
27:	-6.12e-02	4.14e-17
28:	0.00e+00	-5.00e-01
29:	5.61e-01	-5.00e-01
30:	0.00e+00	-7.07e-17
31:	4.34e-17	-2.00e+00
32:	0.00e+00	-5.00e-01
33:	-5.61e-01	-5.00e-01
34:	0.00e+00	-7.37e-18
35:	6.12e-02	-7.37e-18
36:	0.00e+00	-1.47e-17
37:	-5.61e-01	-1.47e-17
New op index: 1
Current grad: 59.388469525734465
New op index: 25
Current grad: 7.106540948094672
New op index: 29
Current grad: 4.92917803679864
New op index: 10
Current grad: 88.0772895064014
New op index: 29
Current grad: 5.524242636913997
New op index: 31
Current grad: 3.308345351635149
New op index: 37
Current grad: 2.0131482761617137
New op index: 22
Current grad: 56.58950994622728
New op index: 37
Current grad: 4.150399193362745
New op index: 16
Current grad: 1.6764277536916252
New op index: 13
Current grad: 70.76586203889059
New op index: 4
Current grad: 0.0008548436908479832
Precision cutoff reached.
Calculating energies for FreeWilson2D(N_x=2, N_y=2, mass=-0.776, r=1.000)
h_im: 0.0
New op index: 25
Current grad: 6.244897959183669
0:	0.00e+00	5.47e-15
1:	6.12e-01	5.53e-15
2:	0.00e+00	8.07e-17
3:	0.00e+00	5.81e-15
4:	-1.12e-01	5.75e-15
5:	0.00e+00	-5.77e-17
6:	0.00e+00	4.46e-15
7:	1.12e-01	4.52e-15
8:	0.00e+00	8.80e-17
9:	0.00e+00	7.53e-15
10:	-6.12e-01	-5.00e-01
11:	0.00e+00	-5.00e-01
12:	0.00e+00	7.29e-15
13:	-6.12e-01	-5.00e-01
14:	0.00e+00	-5.00e-01
15:	0.00e+00	6.68e-15
16:	1.12e-01	6.66e-15
17:	0.00e+00	2.13e-17
18:	0.00e+00	4.93e-15
19:	-1.12e-01	4.92e-15
20:	0.00e+00	-2.86e-17
21:	0.00e+00	6.01e-15
22:	6.12e-01	6.00e-15
23:	0.00e+00	1.39e-17
24:	0.00e+00	1.02e-17
25:	7.24e-01	1.02e-17
26:	0.00e+00	4.31e-17
27:	-2.24e-01	4.31e-17
28:	0.00e+00	-5.00e-01
29:	7.24e-01	-5.00e-01
30:	0.00e+00	-7.07e-17
31:	4.34e-17	-2.00e+00
32:	0.00e+00	-5.00e-01
33:	-7.24e-01	-5.00e-01
34:	0.00e+00	-7.37e-18
35:	2.24e-01	-7.37e-18
36:	0.00e+00	-1.47e-17
37:	-7.24e-01	-1.47e-17
New op index: 1
Current grad: 63.49055255767378
New op index: 25
Current grad: 8.59608473204675
New op index: 29
Current grad: 6.071627134859614
New op index: 10
Current grad: 87.167029366554
New op index: 29
Current grad: 6.687704140402144
New op index: 31
Current grad: 4.122473260156355
New op index: 37
Current grad: 2.610217836249707
New op index: 22
Current grad: 59.84163455757217
New op index: 37
Current grad: 4.807526228106386
New op index: 16
Current grad: 1.9996051113487043
New op index: 13
Current grad: 70.87731610214936
New op index: 25
Current grad: 0.00024228282278481312
Precision cutoff reached.
Calculating energies for FreeWilson2D(N_x=2, N_y=2, mass=-0.612, r=1.000)
h_im: 0.0
New op index: 25
Current grad: 7.877551020408161
0:	0.00e+00	5.48e-15
1:	6.94e-01	5.54e-15
2:	0.00e+00	8.07e-17
3:	0.00e+00	5.79e-15
4:	-1.94e-01	5.74e-15
5:	0.00e+00	-5.77e-17
6:	0.00e+00	4.47e-15
7:	1.94e-01	4.54e-15
8:	0.00e+00	8.80e-17
9:	0.00e+00	7.51e-15
10:	-6.94e-01	-5.00e-01
11:	0.00e+00	-5.00e-01
12:	0.00e+00	7.28e-15
13:	-6.94e-01	-5.00e-01
14:	0.00e+00	-5.00e-01
15:	0.00e+00	6.68e-15
16:	1.94e-01	6.66e-15
17:	0.00e+00	2.13e-17
18:	0.00e+00	4.93e-15
19:	-1.94e-01	4.92e-15
20:	0.00e+00	-2.86e-17
21:	0.00e+00	6.01e-15
22:	6.94e-01	6.00e-15
23:	0.00e+00	1.39e-17
24:	0.00e+00	8.54e-18
25:	8.88e-01	8.54e-18
26:	0.00e+00	4.48e-17
27:	-3.88e-01	4.48e-17
28:	0.00e+00	-5.00e-01
29:	8.88e-01	-5.00e-01
30:	0.00e+00	-7.07e-17
31:	4.34e-17	-2.00e+00
32:	0.00e+00	-5.00e-01
33:	-8.88e-01	-5.00e-01
34:	0.00e+00	-7.37e-18
35:	3.88e-01	-7.37e-18
36:	0.00e+00	-1.47e-17
37:	-8.88e-01	-1.47e-17
New op index: 1
Current grad: 66.7975015528676
New op index: 25
Current grad: 10.088500018223616
New op index: 29
Current grad: 7.215201837915218
New op index: 10
Current grad: 86.71633513301788
New op index: 29
Current grad: 7.853197412693511
New op index: 31
Current grad: 4.947146301253767
New op index: 37
Current grad: 3.4025637163658766
New op index: 22
Current grad: 62.22194559329946
New op index: 37
Current grad: 5.468762949019933
New op index: 16
Current grad: 2.3155743550860604
New op index: 10
Current grad: 70.98831589414792
New op index: 10
Current grad: 0.002426243549500947
Adding the same operator twice is not sensible, terminating.
Calculating energies for FreeWilson2D(N_x=2, N_y=2, mass=-0.449, r=1.000)
h_im: 0.0
New op index: 25
Current grad: 9.51020408163265
0:	0.00e+00	5.49e-15
1:	7.76e-01	5.56e-15
2:	0.00e+00	8.07e-17
3:	0.00e+00	5.78e-15
4:	-2.76e-01	5.73e-15
5:	0.00e+00	-5.77e-17
6:	0.00e+00	4.48e-15
7:	2.76e-01	4.55e-15
8:	0.00e+00	8.80e-17
9:	0.00e+00	7.50e-15
10:	-7.76e-01	-5.00e-01
11:	0.00e+00	-5.00e-01
12:	0.00e+00	7.27e-15
13:	-7.76e-01	-5.00e-01
14:	0.00e+00	-5.00e-01
15:	0.00e+00	6.68e-15
16:	2.76e-01	6.67e-15
17:	0.00e+00	2.13e-17
18:	0.00e+00	4.93e-15
19:	-2.76e-01	4.92e-15
20:	0.00e+00	-2.86e-17
21:	0.00e+00	6.02e-15
22:	7.76e-01	6.01e-15
23:	0.00e+00	1.39e-17
24:	0.00e+00	6.84e-18
25:	1.05e+00	6.84e-18
26:	0.00e+00	4.65e-17
27:	-5.51e-01	4.65e-17
28:	0.00e+00	-5.00e-01
29:	1.05e+00	-5.00e-01
30:	0.00e+00	-7.07e-17
31:	4.34e-17	-2.00e+00
32:	0.00e+00	-5.00e-01
33:	-1.05e+00	-5.00e-01
34:	0.00e+00	-7.37e-18
35:	5.51e-01	-7.37e-18
36:	0.00e+00	-1.47e-17
37:	-1.05e+00	-1.47e-17
New op index: 1
Current grad: 69.6009932670147
New op index: 25
Current grad: 11.584109813941033
New op index: 29
Current grad: 8.36164176672481
New op index: 10
Current grad: 86.59916378326002
New op index: 29
Current grad: 9.020789146469621
New op index: 37
Current grad: 5.761839052953998
New op index: 22
Current grad: 65.84441667930128
New op index: 37
Current grad: 7.829270729146731
New op index: 33
Current grad: 4.60657920093185
New op index: 13
Current grad: 72.3717651521681
New op index: 33
Current grad: 5.170024220530065
New op index: 33
Current grad: 0.009197885776789042
Adding the same operator twice is not sensible, terminating.
Calculating energies for FreeWilson2D(N_x=2, N_y=2, mass=-0.286, r=1.000)
h_im: 0.0
New op index: 25
Current grad: 11.142857142857135
0:	0.00e+00	5.50e-15
1:	8.57e-01	5.57e-15
2:	0.00e+00	8.07e-17
3:	0.00e+00	5.77e-15
4:	-3.57e-01	5.72e-15
5:	0.00e+00	-5.77e-17
6:	0.00e+00	4.49e-15
7:	3.57e-01	4.56e-15
8:	0.00e+00	8.80e-17
9:	0.00e+00	7.49e-15
10:	-8.57e-01	-5.00e-01
11:	0.00e+00	-5.00e-01
12:	0.00e+00	7.26e-15
13:	-8.57e-01	-5.00e-01
14:	0.00e+00	-5.00e-01
15:	0.00e+00	6.68e-15
16:	3.57e-01	6.67e-15
17:	0.00e+00	2.13e-17
18:	0.00e+00	4.92e-15
19:	-3.57e-01	4.92e-15
20:	0.00e+00	-2.86e-17
21:	0.00e+00	6.02e-15
22:	8.57e-01	6.01e-15
23:	0.00e+00	1.39e-17
24:	0.00e+00	5.14e-18
25:	1.21e+00	5.14e-18
26:	0.00e+00	4.82e-17
27:	-7.14e-01	4.82e-17
28:	0.00e+00	-5.00e-01
29:	1.21e+00	-5.00e-01
30:	0.00e+00	-7.07e-17
31:	4.34e-17	-2.00e+00
32:	0.00e+00	-5.00e-01
33:	-1.21e+00	-5.00e-01
34:	0.00e+00	-7.37e-18
35:	7.14e-01	-7.37e-18
36:	0.00e+00	-1.47e-17
37:	-1.21e+00	-1.47e-17
New op index: 1
Current grad: 72.0815304792328
New op index: 25
Current grad: 13.082689821346113
New op index: 29
Current grad: 9.500056680785177
New op index: 7
Current grad: 70.38090646378313
New op index: 29
Current grad: 10.188934536330112
New op index: 37
Current grad: 6.579507854979488
New op index: 22
Current grad: 67.5102921435025
New op index: 37
Current grad: 8.514823185748783
New op index: 33
Current grad: 4.964776087288495
New op index: 16
Current grad: 72.43351243766614
New op index: 33
Current grad: 5.518623156540385
New op index: 29
Current grad: 0.008032786162867083
Adding the same operator twice is not sensible, terminating.
Calculating energies for FreeWilson2D(N_x=2, N_y=2, mass=-0.122, r=1.000)
h_im: 0.0
New op index: 25
Current grad: 12.775510204081627
0:	0.00e+00	5.51e-15
1:	9.39e-01	5.58e-15
2:	0.00e+00	8.07e-17
3:	0.00e+00	5.76e-15
4:	-4.39e-01	5.71e-15
5:	0.00e+00	-5.77e-17
6:	0.00e+00	4.51e-15
7:	4.39e-01	4.57e-15
8:	0.00e+00	8.80e-17
9:	0.00e+00	7.47e-15
10:	-9.39e-01	-5.00e-01
11:	0.00e+00	-5.00e-01
12:	0.00e+00	7.26e-15
13:	-9.39e-01	-5.00e-01
14:	0.00e+00	-5.00e-01
15:	0.00e+00	6.69e-15
16:	4.39e-01	6.67e-15
17:	0.00e+00	2.13e-17
18:	0.00e+00	4.92e-15
19:	-4.39e-01	4.92e-15
20:	0.00e+00	-2.86e-17
21:	0.00e+00	6.02e-15
22:	9.39e-01	6.01e-15
23:	0.00e+00	1.39e-17
24:	0.00e+00	3.44e-18
25:	1.38e+00	3.44e-18
26:	0.00e+00	4.99e-17
27:	-8.78e-01	4.99e-17
28:	0.00e+00	-5.00e-01
29:	1.38e+00	-5.00e-01
30:	0.00e+00	-7.07e-17
31:	4.34e-17	-2.00e+00
32:	0.00e+00	-5.00e-01
33:	-1.38e+00	-5.00e-01
34:	0.00e+00	-7.37e-18
35:	8.78e-01	-7.37e-18
36:	0.00e+00	-1.47e-17
37:	-1.38e+00	-1.47e-17
New op index: 1
Current grad: 74.33692675823978
New op index: 25
Current grad: 14.584221213059507
New op index: 29
Current grad: 10.642909310030683
New op index: 10
Current grad: 86.86306321443166
New op index: 29
Current grad: 11.36275276805225
New op index: 37
Current grad: 7.387776862451784
New op index: 22
Current grad: 68.94496623089485
New op index: 37
Current grad: 9.200199841705697
New op index: 33
Current grad: 5.266434982207079
New op index: 16
Current grad: 72.54845704004872
New op index: 33
Current grad: 5.8612403735714524
New op index: 13
Current grad: 0.02836611618998405
New op index: 33
Current grad: 0.004647215433372833
New op index: 16
Current grad: 0.004544702733358646
New op index: 33
Current grad: 0.0013683419438444094
New op index: 16
Current grad: 0.0010576503203622689
New op index: 16
Current grad: 0.0010576503203622689
Adding the same operator twice is not sensible, terminating.
Calculating energies for FreeWilson2D(N_x=2, N_y=2, mass=0.041, r=1.000)
h_im: 0.0
New op index: 25
Current grad: 14.408163265306118
0:	0.00e+00	5.52e-15
1:	1.02e+00	5.59e-15
2:	0.00e+00	8.07e-17
3:	0.00e+00	5.75e-15
4:	-5.20e-01	5.69e-15
5:	0.00e+00	-5.77e-17
6:	0.00e+00	4.52e-15
7:	5.20e-01	4.58e-15
8:	0.00e+00	8.80e-17
9:	0.00e+00	7.46e-15
10:	-1.02e+00	-5.00e-01
11:	0.00e+00	-5.00e-01
12:	0.00e+00	7.25e-15
13:	-1.02e+00	-5.00e-01
14:	0.00e+00	-5.00e-01
15:	0.00e+00	6.69e-15
16:	5.20e-01	6.67e-15
17:	0.00e+00	2.13e-17
18:	0.00e+00	4.92e-15
19:	-5.20e-01	4.91e-15
20:	0.00e+00	-2.86e-17
21:	0.00e+00	6.02e-15
22:	1.02e+00	6.01e-15
23:	0.00e+00	1.39e-17
24:	0.00e+00	1.74e-18
25:	1.54e+00	1.74e-18
26:	0.00e+00	5.16e-17
27:	-1.04e+00	5.16e-17
28:	0.00e+00	-5.00e-01
29:	1.54e+00	-5.00e-01
30:	0.00e+00	-7.07e-17
31:	4.34e-17	-2.00e+00
32:	0.00e+00	-5.00e-01
33:	-1.54e+00	-5.00e-01
34:	0.00e+00	-7.37e-18
35:	1.04e+00	-7.37e-18
36:	0.00e+00	-1.47e-17
37:	-1.54e+00	-1.47e-17
New op index: 1
Current grad: 76.43920093499018
New op index: 25
Current grad: 16.088683989088082
New op index: 29
Current grad: 11.789948426298025
New op index: 10
Current grad: 87.19574816182839
New op index: 29
Current grad: 12.535236959217247
New op index: 37
Current grad: 8.205672221938928
New op index: 22
Current grad: 70.2547876709013
New op index: 37
Current grad: 9.88558040174238
New op index: 33
Current grad: 5.609093068555567
New op index: 13
Current grad: 72.66401531875748
New op index: 33
Current grad: 6.238084568329139
New op index: 10
Current grad: 0.0003595502149618227
Precision cutoff reached.
Calculating energies for FreeWilson2D(N_x=2, N_y=2, mass=0.204, r=1.000)
h_im: 0.0
New op index: 25
Current grad: 16.04081632653061
0:	0.00e+00	5.53e-15
1:	1.10e+00	5.60e-15
2:	0.00e+00	8.07e-17
3:	0.00e+00	5.74e-15
4:	-6.02e-01	5.68e-15
5:	0.00e+00	-5.77e-17
6:	0.00e+00	4.53e-15
7:	6.02e-01	4.59e-15
8:	0.00e+00	8.80e-17
9:	0.00e+00	7.45e-15
10:	-1.10e+00	-5.00e-01
11:	0.00e+00	-5.00e-01
12:	0.00e+00	7.24e-15
13:	-1.10e+00	-5.00e-01
14:	0.00e+00	-5.00e-01
15:	0.00e+00	6.69e-15
16:	6.02e-01	6.68e-15
17:	0.00e+00	2.13e-17
18:	0.00e+00	4.92e-15
19:	-6.02e-01	4.91e-15
20:	0.00e+00	-2.86e-17
21:	0.00e+00	6.03e-15
22:	1.10e+00	6.02e-15
23:	0.00e+00	1.39e-17
24:	0.00e+00	4.43e-20
25:	1.70e+00	4.43e-20
26:	0.00e+00	5.33e-17
27:	-1.20e+00	5.33e-17
28:	0.00e+00	-5.00e-01
29:	1.70e+00	-5.00e-01
30:	0.00e+00	-7.07e-17
31:	4.34e-17	-2.00e+00
32:	0.00e+00	-5.00e-01
33:	-1.70e+00	-5.00e-01
34:	0.00e+00	-7.37e-18
35:	1.20e+00	-7.37e-18
36:	0.00e+00	-1.47e-17
37:	-1.70e+00	-1.47e-17
New op index: 1
Current grad: 78.42695270185546
New op index: 25
Current grad: 17.59637738083504
New op index: 29
Current grad: 12.929801137742205
New op index: 10
Current grad: 87.62231091779384
New op index: 29
Current grad: 13.710346553611346
New op index: 33
Current grad: 9.021813188527158
New op index: 13
Current grad: 70.92197953491649
New op index: 33
Current grad: 10.536927030534098
New op index: 37
Current grad: 4.909570521845728
New op index: 22
Current grad: 72.28395381470327
New op index: 37
Current grad: 5.594715687562771
New op index: 7
Current grad: 0.027512979268644284
New op index: 16
Current grad: 0.012854078865704091
New op index: 33
Current grad: 0.007243473799533589
New op index: 16
Current grad: 0.006131173369997738
New op index: 33
Current grad: 0.004018671188853295
New op index: 16
Current grad: 0.0035529422303613592
New op index: 16
Current grad: 0.0031170534781754353
Adding the same operator twice is not sensible, terminating.
Calculating energies for FreeWilson2D(N_x=2, N_y=2, mass=0.367, r=1.000)
h_im: 0.0
New op index: 25
Current grad: 17.67346938775509
0:	0.00e+00	5.54e-15
1:	1.18e+00	5.61e-15
2:	0.00e+00	8.07e-17
3:	0.00e+00	5.73e-15
4:	-6.84e-01	5.67e-15
5:	0.00e+00	-5.77e-17
6:	0.00e+00	4.54e-15
7:	6.84e-01	4.61e-15
8:	0.00e+00	8.80e-17
9:	0.00e+00	7.43e-15
10:	-1.18e+00	-5.00e-01
11:	0.00e+00	-5.00e-01
12:	0.00e+00	7.23e-15
13:	-1.18e+00	-5.00e-01
14:	0.00e+00	-5.00e-01
15:	0.00e+00	6.69e-15
16:	6.84e-01	6.68e-15
17:	0.00e+00	2.13e-17
18:	0.00e+00	4.92e-15
19:	-6.84e-01	4.91e-15
20:	0.00e+00	-2.86e-17
21:	0.00e+00	6.03e-15
22:	1.18e+00	6.02e-15
23:	0.00e+00	1.39e-17
24:	0.00e+00	-1.66e-18
25:	1.87e+00	-1.66e-18
26:	0.00e+00	5.50e-17
27:	-1.37e+00	5.50e-17
28:	0.00e+00	-5.00e-01
29:	1.87e+00	-5.00e-01
30:	0.00e+00	-7.07e-17
31:	4.34e-17	-2.00e+00
32:	0.00e+00	-5.00e-01
33:	-1.87e+00	-5.00e-01
34:	0.00e+00	-7.37e-18
35:	1.37e+00	-7.37e-18
36:	0.00e+00	-1.47e-17
37:	-1.87e+00	-1.47e-17
New op index: 1
Current grad: 80.31828065332417
New op index: 25
Current grad: 19.1065627606453
New op index: 29
Current grad: 14.072519594819624
New op index: 10
Current grad: 88.12819687181968
New op index: 29
Current grad: 14.887957270952638
New op index: 33
Current grad: 9.837192502302365
New op index: 13
Current grad: 71.96035167906304
New op index: 33
Current grad: 11.22325256617809
New op index: 37
Current grad: 5.236041275506399
New op index: 19
Current grad: 72.42716129146491
New op index: 37
Current grad: 5.955439638042089
New op index: 29
Current grad: 0.00022984142886795254
Precision cutoff reached.
Calculating energies for FreeWilson2D(N_x=2, N_y=2, mass=0.531, r=1.000)
h_im: 0.0
New op index: 25
Current grad: 19.306122448979586
0:	0.00e+00	5.55e-15
1:	1.27e+00	5.62e-15
2:	0.00e+00	8.07e-17
3:	0.00e+00	5.71e-15
4:	-7.65e-01	5.66e-15
5:	0.00e+00	-5.77e-17
6:	0.00e+00	4.55e-15
7:	7.65e-01	4.62e-15
8:	0.00e+00	8.80e-17
9:	0.00e+00	7.42e-15
10:	-1.27e+00	-5.00e-01
11:	0.00e+00	-5.00e-01
12:	0.00e+00	7.22e-15
13:	-1.27e+00	-5.00e-01
14:	0.00e+00	-5.00e-01
15:	0.00e+00	6.69e-15
16:	7.65e-01	6.68e-15
17:	0.00e+00	2.13e-17
18:	0.00e+00	4.91e-15
19:	-7.65e-01	4.91e-15
20:	0.00e+00	-2.86e-17
21:	0.00e+00	6.03e-15
22:	1.27e+00	6.02e-15
23:	0.00e+00	1.39e-17
24:	0.00e+00	-3.35e-18
25:	2.03e+00	-3.35e-18
26:	0.00e+00	5.67e-17
27:	-1.53e+00	5.67e-17
28:	0.00e+00	-5.00e-01
29:	2.03e+00	-5.00e-01
30:	0.00e+00	-7.07e-17
31:	4.34e-17	-2.00e+00
32:	0.00e+00	-5.00e-01
33:	-2.03e+00	-5.00e-01
34:	0.00e+00	-7.37e-18
35:	1.53e+00	-7.37e-18
36:	0.00e+00	-1.47e-17
37:	-2.03e+00	-1.47e-17
New op index: 1
Current grad: 82.12325460253732
New op index: 25
Current grad: 20.619702947892186
New op index: 29
Current grad: 15.215487513683657
New op index: 10
Current grad: 88.68951683692327
New op index: 29
Current grad: 16.068253396424833
New op index: 33
Current grad: 10.654088958609835
New op index: 13
Current grad: 72.98351452775944
New op index: 33
Current grad: 11.918120138558134
New op index: 37
Current grad: 5.563518616246158
New op index: 19
Current grad: 72.51339980902733
New op index: 37
Current grad: 6.307736242203653
New op index: 10
Current grad: 0.023965215537336753
New op index: 33
Current grad: 0.011898166811589067
Adding the same operator twice is not sensible, terminating.
Calculating energies for FreeWilson2D(N_x=2, N_y=2, mass=0.694, r=1.000)
h_im: 0.0
New op index: 25
Current grad: 20.938775510204074
0:	0.00e+00	5.56e-15
1:	1.35e+00	5.63e-15
2:	0.00e+00	8.07e-17
3:	0.00e+00	5.70e-15
4:	-8.47e-01	5.65e-15
5:	0.00e+00	-5.77e-17
6:	0.00e+00	4.56e-15
7:	8.47e-01	4.63e-15
8:	0.00e+00	8.80e-17
9:	0.00e+00	7.41e-15
10:	-1.35e+00	-5.00e-01
11:	0.00e+00	-5.00e-01
12:	0.00e+00	7.21e-15
13:	-1.35e+00	-5.00e-01
14:	0.00e+00	-5.00e-01
15:	0.00e+00	6.70e-15
16:	8.47e-01	6.68e-15
17:	0.00e+00	2.13e-17
18:	0.00e+00	4.91e-15
19:	-8.47e-01	4.91e-15
20:	0.00e+00	-2.86e-17
21:	0.00e+00	6.03e-15
22:	1.35e+00	6.02e-15
23:	0.00e+00	1.39e-17
24:	0.00e+00	-5.05e-18
25:	2.19e+00	-5.05e-18
26:	0.00e+00	5.84e-17
27:	-1.69e+00	5.84e-17
28:	0.00e+00	-5.00e-01
29:	2.19e+00	-5.00e-01
30:	0.00e+00	-7.07e-17
31:	4.34e-17	-2.00e+00
32:	0.00e+00	-5.00e-01
33:	-2.19e+00	-5.00e-01
34:	0.00e+00	-7.37e-18
35:	1.69e+00	-7.37e-18
36:	0.00e+00	-1.47e-17
37:	-2.19e+00	-1.47e-17
New op index: 1
Current grad: 83.85641140522678
New op index: 25
Current grad: 22.14296308579455
New op index: 29
Current grad: 16.359974318875146
New op index: 10
Current grad: 89.29412631465463
New op index: 29
Current grad: 17.251869887717266
New op index: 33
Current grad: 11.472771734192412
New op index: 13
Current grad: 73.89777992070347
New op index: 33
Current grad: 12.61359644336652
New op index: 37
Current grad: 5.8931299294276664
New op index: 22
Current grad: 72.63461782284725
New op index: 37
Current grad: 6.667760975930767
New op index: 16
Current grad: 0.0253722355436183
New op index: 33
Current grad: 0.009670879404367377
New op index: 16
Current grad: 0.005513787317140592
New op index: 33
Current grad: 0.003964081265539985
New op index: 16
Current grad: 0.003199999969147649
New op index: 16
Current grad: 0.002774067645609444
Adding the same operator twice is not sensible, terminating.
Calculating energies for FreeWilson2D(N_x=2, N_y=2, mass=0.857, r=1.000)
h_im: 0.0
New op index: 25
Current grad: 22.57142857142857
0:	0.00e+00	5.57e-15
1:	1.43e+00	5.64e-15
2:	0.00e+00	8.07e-17
3:	0.00e+00	5.69e-15
4:	-9.29e-01	5.64e-15
5:	0.00e+00	-5.77e-17
6:	0.00e+00	4.58e-15
7:	9.29e-01	4.64e-15
8:	0.00e+00	8.80e-17
9:	0.00e+00	7.39e-15
10:	-1.43e+00	-5.00e-01
11:	0.00e+00	-5.00e-01
12:	0.00e+00	7.20e-15
13:	-1.43e+00	-5.00e-01
14:	0.00e+00	-5.00e-01
15:	0.00e+00	6.70e-15
16:	9.29e-01	6.68e-15
17:	0.00e+00	2.13e-17
18:	0.00e+00	4.91e-15
19:	-9.29e-01	4.90e-15
20:	0.00e+00	-2.86e-17
21:	0.00e+00	6.03e-15
22:	1.43e+00	6.02e-15
23:	0.00e+00	1.39e-17
24:	0.00e+00	-6.75e-18
25:	2.36e+00	-6.75e-18
26:	0.00e+00	6.01e-17
27:	-1.86e+00	6.01e-17
28:	0.00e+00	-5.00e-01
29:	2.36e+00	-5.00e-01
30:	0.00e+00	-7.07e-17
31:	4.34e-17	-2.00e+00
32:	0.00e+00	-5.00e-01
33:	-2.36e+00	-5.00e-01
34:	0.00e+00	-7.37e-18
35:	1.86e+00	-7.37e-18
36:	0.00e+00	-1.47e-17
37:	-2.36e+00	-1.47e-17
New op index: 1
Current grad: 85.59041360369136
New op index: 25
Current grad: 23.664815689121056
New op index: 29
Current grad: 17.500203342874574
New op index: 10
Current grad: 89.93730850655001
New op index: 29
Current grad: 18.437187747292846
New op index: 37
Current grad: 12.28577187309012
New op index: 22
Current grad: 75.31881000970594
New op index: 37
Current grad: 13.383589032722506
New op index: 33
Current grad: 7.219465249607469
New op index: 13
Current grad: 73.24710896339408
New op index: 33
Current grad: 7.966466302348492
New op index: 13
Current grad: 0.0015089982359140068
New op index: 13
Current grad: 0.0015089982359140068
Adding the same operator twice is not sensible, terminating.
Calculating energies for FreeWilson2D(N_x=2, N_y=2, mass=1.020, r=1.000)
h_im: 0.0
New op index: 25
Current grad: 24.204081632653057
0:	0.00e+00	5.59e-15
1:	1.51e+00	5.65e-15
2:	0.00e+00	8.07e-17
3:	0.00e+00	5.68e-15
4:	-1.01e+00	5.63e-15
5:	0.00e+00	-5.77e-17
6:	0.00e+00	4.59e-15
7:	1.01e+00	4.65e-15
8:	0.00e+00	8.80e-17
9:	0.00e+00	7.38e-15
10:	-1.51e+00	-5.00e-01
11:	0.00e+00	-5.00e-01
12:	0.00e+00	7.19e-15
13:	-1.51e+00	-5.00e-01
14:	0.00e+00	-5.00e-01
15:	0.00e+00	6.70e-15
16:	1.01e+00	6.69e-15
17:	0.00e+00	2.13e-17
18:	0.00e+00	4.91e-15
19:	-1.01e+00	4.90e-15
20:	0.00e+00	-2.86e-17
21:	0.00e+00	6.04e-15
22:	1.51e+00	6.03e-15
23:	0.00e+00	1.39e-17
24:	0.00e+00	-8.45e-18
25:	2.52e+00	-8.45e-18
26:	0.00e+00	6.18e-17
27:	-2.02e+00	6.18e-17
28:	0.00e+00	-5.00e-01
29:	2.52e+00	-5.00e-01
30:	0.00e+00	-7.07e-17
31:	4.34e-17	-2.00e+00
32:	0.00e+00	-5.00e-01
33:	-2.52e+00	-5.00e-01
34:	0.00e+00	-7.37e-18
35:	2.02e+00	-7.37e-18
36:	0.00e+00	-1.47e-17
37:	-2.52e+00	-1.47e-17
New op index: 1
Current grad: 87.2558647532207
New op index: 25
Current grad: 25.1764580253341
New op index: 29
Current grad: 18.644361606624443
New op index: 10
Current grad: 90.61298995694598
New op index: 29
Current grad: 19.611435163379344
New op index: 33
Current grad: 13.102597240586626
New op index: 13
Current grad: 75.65694441332238
New op index: 33
Current grad: 14.025369569163201
New op index: 37
Current grad: 6.543659512857003
New op index: 22
Current grad: 72.85749450765609
New op index: 37
Current grad: 7.384560398445512
New op index: 10
Current grad: 0.024861611096625356
New op index: 37
Current grad: 0.013626820290434754
Adding the same operator twice is not sensible, terminating.
Calculating energies for FreeWilson2D(N_x=2, N_y=2, mass=1.184, r=1.000)
h_im: 0.0
New op index: 25
Current grad: 25.836734693877546
0:	0.00e+00	5.60e-15
1:	1.59e+00	5.66e-15
2:	0.00e+00	8.07e-17
3:	0.00e+00	5.67e-15
4:	-1.09e+00	5.62e-15
5:	0.00e+00	-5.77e-17
6:	0.00e+00	4.60e-15
7:	1.09e+00	4.66e-15
8:	0.00e+00	8.80e-17
9:	0.00e+00	7.37e-15
10:	-1.59e+00	-5.00e-01
11:	0.00e+00	-5.00e-01
12:	0.00e+00	7.18e-15
13:	-1.59e+00	-5.00e-01
14:	0.00e+00	-5.00e-01
15:	0.00e+00	6.70e-15
16:	1.09e+00	6.69e-15
17:	0.00e+00	2.13e-17
18:	0.00e+00	4.91e-15
19:	-1.09e+00	4.90e-15
20:	0.00e+00	-2.86e-17
21:	0.00e+00	6.04e-15
22:	1.59e+00	6.03e-15
23:	0.00e+00	1.39e-17
24:	0.00e+00	-1.02e-17
25:	2.68e+00	-1.02e-17
26:	0.00e+00	6.35e-17
27:	-2.18e+00	6.35e-17
28:	0.00e+00	-5.00e-01
29:	2.68e+00	-5.00e-01
30:	0.00e+00	-7.07e-17
31:	4.34e-17	-2.00e+00
32:	0.00e+00	-5.00e-01
33:	-2.68e+00	-5.00e-01
34:	0.00e+00	-7.37e-18
35:	2.18e+00	-7.37e-18
36:	0.00e+00	-1.47e-17
37:	-2.68e+00	-1.47e-17
New op index: 1
Current grad: 88.88498865210137
New op index: 25
Current grad: 26.70096168801315
New op index: 29
Current grad: 19.78573956464923
New op index: 7
Current grad: 81.823991622195
New op index: 29
Current grad: 20.795532365282792
New op index: 37
Current grad: 13.939176392142047
New op index: 22
Current grad: 76.9653210691456
New op index: 37
Current grad: 14.793970922048322
New op index: 33
Current grad: 7.876562307344053
New op index: 13
Current grad: 73.52022013114798
New op index: 33
Current grad: 8.685229510198656
New op index: 37
Current grad: 0.01510809734800726
Adding the same operator twice is not sensible, terminating.
Calculating energies for FreeWilson2D(N_x=2, N_y=2, mass=1.347, r=1.000)
h_im: 0.0
New op index: 25
Current grad: 27.469387755102034
0:	0.00e+00	5.61e-15
1:	1.67e+00	5.68e-15
2:	0.00e+00	8.07e-17
3:	0.00e+00	5.66e-15
4:	-1.17e+00	5.60e-15
5:	0.00e+00	-5.77e-17
6:	0.00e+00	4.61e-15
7:	1.17e+00	4.68e-15
8:	0.00e+00	8.80e-17
9:	0.00e+00	7.35e-15
10:	-1.67e+00	-5.00e-01
11:	0.00e+00	-5.00e-01
12:	0.00e+00	7.18e-15
13:	-1.67e+00	-5.00e-01
14:	0.00e+00	-5.00e-01
15:	0.00e+00	6.70e-15
16:	1.17e+00	6.69e-15
17:	0.00e+00	2.13e-17
18:	0.00e+00	4.90e-15
19:	-1.17e+00	4.90e-15
20:	0.00e+00	-2.86e-17
21:	0.00e+00	6.04e-15
22:	1.67e+00	6.03e-15
23:	0.00e+00	1.39e-17
24:	0.00e+00	-1.19e-17
25:	2.85e+00	-1.19e-17
26:	0.00e+00	6.52e-17
27:	-2.35e+00	6.52e-17
28:	0.00e+00	-5.00e-01
29:	2.85e+00	-5.00e-01
30:	0.00e+00	-7.07e-17
31:	4.34e-17	-2.00e+00
32:	0.00e+00	-5.00e-01
33:	-2.85e+00	-5.00e-01
34:	0.00e+00	-7.37e-18
35:	2.35e+00	-7.37e-18
36:	0.00e+00	-1.47e-17
37:	-2.85e+00	-1.47e-17
New op index: 1
Current grad: 90.48415606670936
New op index: 25
Current grad: 28.238487678102636
New op index: 29
Current grad: 20.93513481296584
New op index: 7
Current grad: 82.9360678586817
New op index: 29
Current grad: 21.980666710791727
New op index: 37
Current grad: 14.760451632769112
New op index: 22
Current grad: 77.76494850072703
New op index: 37
Current grad: 15.505255142929958
New op index: 33
Current grad: 8.202878656400198
New op index: 16
Current grad: 73.61032462070615
New op index: 33
Current grad: 9.047369414337854
New op index: 37
Current grad: 0.03170317385216472
Adding the same operator twice is not sensible, terminating.
Calculating energies for FreeWilson2D(N_x=2, N_y=2, mass=1.510, r=1.000)
h_im: 0.0
New op index: 25
Current grad: 29.10204081632652
0:	0.00e+00	5.62e-15
1:	1.76e+00	5.69e-15
2:	0.00e+00	8.07e-17
3:	0.00e+00	5.65e-15
4:	-1.26e+00	5.59e-15
5:	0.00e+00	-5.77e-17
6:	0.00e+00	4.62e-15
7:	1.26e+00	4.69e-15
8:	0.00e+00	8.80e-17
9:	0.00e+00	7.34e-15
10:	-1.76e+00	-5.00e-01
11:	0.00e+00	-5.00e-01
12:	0.00e+00	7.17e-15
13:	-1.76e+00	-5.00e-01
14:	0.00e+00	-5.00e-01
15:	0.00e+00	6.71e-15
16:	1.26e+00	6.69e-15
17:	0.00e+00	2.13e-17
18:	0.00e+00	4.90e-15
19:	-1.26e+00	4.89e-15
20:	0.00e+00	-2.86e-17
21:	0.00e+00	6.04e-15
22:	1.76e+00	6.03e-15
23:	0.00e+00	1.39e-17
24:	0.00e+00	-1.36e-17
25:	3.01e+00	-1.36e-17
26:	0.00e+00	6.69e-17
27:	-2.51e+00	6.69e-17
28:	0.00e+00	-5.00e-01
29:	3.01e+00	-5.00e-01
30:	0.00e+00	-7.07e-17
31:	4.34e-17	-2.00e+00
32:	0.00e+00	-5.00e-01
33:	-3.01e+00	-5.00e-01
34:	0.00e+00	-7.37e-18
35:	2.51e+00	-7.37e-18
36:	0.00e+00	-1.47e-17
37:	-3.01e+00	-1.47e-17
New op index: 1
Current grad: 92.0786090367513
New op index: 25
Current grad: 29.76823342190813
New op index: 29
Current grad: 22.071466622772512
New op index: 7
Current grad: 84.02990834225777
New op index: 29
Current grad: 23.174809819895525
New op index: 33
Current grad: 15.552866521488767
New op index: 13
Current grad: 78.03674561176062
New op index: 33
Current grad: 16.148572977207735
New op index: 37
Current grad: 7.521702031135931
New op index: 22
Current grad: 73.20949582041563
New op index: 37
Current grad: 8.48484769909943
New op index: 29
Current grad: 0.0007584336389997127
Precision cutoff reached.
Calculating energies for FreeWilson2D(N_x=2, N_y=2, mass=1.673, r=1.000)
h_im: 0.0
New op index: 25
Current grad: 30.734693877551017
0:	0.00e+00	5.63e-15
1:	1.84e+00	5.70e-15
2:	0.00e+00	8.07e-17
3:	0.00e+00	5.64e-15
4:	-1.34e+00	5.58e-15
5:	0.00e+00	-5.77e-17
6:	0.00e+00	4.64e-15
7:	1.34e+00	4.70e-15
8:	0.00e+00	8.80e-17
9:	0.00e+00	7.32e-15
10:	-1.84e+00	-5.00e-01
11:	0.00e+00	-5.00e-01
12:	0.00e+00	7.16e-15
13:	-1.84e+00	-5.00e-01
14:	0.00e+00	-5.00e-01
15:	0.00e+00	6.71e-15
16:	1.34e+00	6.69e-15
17:	0.00e+00	2.13e-17
18:	0.00e+00	4.90e-15
19:	-1.34e+00	4.89e-15
20:	0.00e+00	-2.86e-17
21:	0.00e+00	6.04e-15
22:	1.84e+00	6.03e-15
23:	0.00e+00	1.39e-17
24:	0.00e+00	-1.52e-17
25:	3.17e+00	-1.52e-17
26:	0.00e+00	6.86e-17
27:	-2.67e+00	6.86e-17
28:	0.00e+00	-5.00e-01
29:	3.17e+00	-5.00e-01
30:	0.00e+00	-7.07e-17
31:	4.34e-17	-2.00e+00
32:	0.00e+00	-5.00e-01
33:	-3.17e+00	-5.00e-01
34:	0.00e+00	-7.37e-18
35:	2.67e+00	-7.37e-18
36:	0.00e+00	-1.47e-17
37:	-3.17e+00	-1.47e-17
New op index: 1
Current grad: 93.64150174084425
New op index: 25
Current grad: 31.301037003933736
New op index: 29
Current grad: 23.214941922967665
New op index: 7
Current grad: 85.10768237893507
New op index: 29
Current grad: 24.358828746758256
New op index: 37
Current grad: 16.369109288917965
New op index: 22
Current grad: 79.28587381586995
New op index: 37
Current grad: 16.924011862121937
New op index: 33
Current grad: 8.849212983057035
New op index: 16
Current grad: 73.82617561638232
New op index: 33
Current grad: 9.775644211266982
New op index: 4
Current grad: 0.003397223712119174
New op index: 33
Current grad: 0.0017518717295461504
Adding the same operator twice is not sensible, terminating.
Calculating energies for FreeWilson2D(N_x=2, N_y=2, mass=1.837, r=1.000)
h_im: 0.0
New op index: 25
Current grad: 32.36734693877551
0:	0.00e+00	5.64e-15
1:	1.92e+00	5.71e-15
2:	0.00e+00	8.07e-17
3:	0.00e+00	5.62e-15
4:	-1.42e+00	5.57e-15
5:	0.00e+00	-5.77e-17
6:	0.00e+00	4.65e-15
7:	1.42e+00	4.71e-15
8:	0.00e+00	8.80e-17
9:	0.00e+00	7.31e-15
10:	-1.92e+00	-5.00e-01
11:	0.00e+00	-5.00e-01
12:	0.00e+00	7.15e-15
13:	-1.92e+00	-5.00e-01
14:	0.00e+00	-5.00e-01
15:	0.00e+00	6.71e-15
16:	1.42e+00	6.70e-15
17:	0.00e+00	2.13e-17
18:	0.00e+00	4.90e-15
19:	-1.42e+00	4.89e-15
20:	0.00e+00	-2.86e-17
21:	0.00e+00	6.05e-15
22:	1.92e+00	6.04e-15
23:	0.00e+00	1.39e-17
24:	0.00e+00	-1.69e-17
25:	3.34e+00	-1.69e-17
26:	0.00e+00	7.03e-17
27:	-2.84e+00	7.03e-17
28:	0.00e+00	-5.00e-01
29:	3.34e+00	-5.00e-01
30:	0.00e+00	-7.07e-17
31:	4.34e-17	-2.00e+00
32:	0.00e+00	-5.00e-01
33:	-3.34e+00	-5.00e-01
34:	0.00e+00	-7.37e-18
35:	2.84e+00	-7.37e-18
36:	0.00e+00	-1.47e-17
37:	-3.34e+00	-1.47e-17
New op index: 1
Current grad: 95.21250240253282
New op index: 25
Current grad: 32.82681457302181
New op index: 29
Current grad: 24.357505761711923
New op index: 7
Current grad: 86.16982513584432
New op index: 29
Current grad: 25.550786441101003
New op index: 33
Current grad: 17.195850794134863
New op index: 13
Current grad: 79.48272763587904
New op index: 33
Current grad: 17.5676948187092
New op index: 37
Current grad: 8.210405803211398
New op index: 22
Current grad: 73.44752942790834
New op index: 37
Current grad: 9.220833190932213
New op index: 19
Current grad: 0.027886024225640127
New op index: 33
Current grad: 0.004046242884032611
Adding the same operator twice is not sensible, terminating.
Calculating energies for FreeWilson2D(N_x=2, N_y=2, mass=2.000, r=1.000)
h_im: 0.0
New op index: 25
Current grad: 34.0
0:	0.00e+00	5.65e-15
1:	2.00e+00	5.72e-15
2:	0.00e+00	8.07e-17
3:	0.00e+00	5.61e-15
4:	-1.50e+00	5.56e-15
5:	0.00e+00	-5.77e-17
6:	0.00e+00	4.66e-15
7:	1.50e+00	4.72e-15
8:	0.00e+00	8.80e-17
9:	0.00e+00	7.30e-15
10:	-2.00e+00	-5.00e-01
11:	0.00e+00	-5.00e-01
12:	0.00e+00	7.14e-15
13:	-2.00e+00	-5.00e-01
14:	0.00e+00	-5.00e-01
15:	0.00e+00	6.71e-15
16:	1.50e+00	6.70e-15
17:	0.00e+00	2.13e-17
18:	0.00e+00	4.89e-15
19:	-1.50e+00	4.89e-15
20:	0.00e+00	-2.86e-17
21:	0.00e+00	6.05e-15
22:	2.00e+00	6.04e-15
23:	0.00e+00	1.39e-17
24:	0.00e+00	-1.86e-17
25:	3.50e+00	-1.86e-17
26:	0.00e+00	7.20e-17
27:	-3.00e+00	7.20e-17
28:	0.00e+00	-5.00e-01
29:	3.50e+00	-5.00e-01
30:	0.00e+00	-7.07e-17
31:	4.34e-17	-2.00e+00
32:	0.00e+00	-5.00e-01
33:	-3.50e+00	-5.00e-01
34:	0.00e+00	-7.37e-18
35:	3.00e+00	-7.37e-18
36:	0.00e+00	-1.47e-17
37:	-3.50e+00	-1.47e-17
New op index: 4
Current grad: 105.43557049991573
New op index: 25
Current grad: 34.39028411760884
New op index: 29
Current grad: 25.500022900687444
New op index: 7
Current grad: 87.2341718134678
New op index: 29
Current grad: 26.751929862286826
New op index: 37
Current grad: 18.021134541047775
New op index: 19
Current grad: 89.41782661566737
New op index: 37
Current grad: 18.395087930244998
New op index: 33
Current grad: 9.532759643914835
New op index: 13
Current grad: 74.05605407648395
New op index: 33
Current grad: 10.540337291022404
New op index: 16
Current grad: 0.0375965599025188
New op index: 25
Current grad: 0.004030884117145584
Adding the same operator twice is not sensible, terminating.
-----Beginning pprint-----
/:
	Attributes:
		ProcessId: 23862126
	2025-11-13_14-54-02-23862126:
		Attributes:
			HamiltonianType: ZeroChargePenalty
			Last-Modified: 2025-11-13_14-54-02
			ProcessId: 23862126
			SimulatorType: Aer
			SolverName: AdaptVQE
			SystemName: FreeWilson2D
			n_x: 2
			n_y: 2
			r: 1.0
		AdaptOptions:
			Attributes:
				gradient_hamiltonian_type: HamiltonianType.ZeroChargePenalty
				max_depth: 30
				prec_cutoff: 0.001
				precision: 0
		AnsatzOperatorDerivatives: Dataset (dtype=float64, shape=(50, 19, 38), maxshape=(50, None, 38))
			Attributes:
				DIMENSION_LABELS: ['mass' 'AnsatzOperatorAxis' 'AnsatzPoolOperatorAxis']
				NDataDims: 2
		AnsatzOperatorSecondDerivatives: Dataset (dtype=float64, shape=(50, 19, 38), maxshape=(50, None, 38))
			Attributes:
				DIMENSION_LABELS: ['mass' 'AnsatzOperatorAxis' 'AnsatzPoolOperatorAxis']
				NDataDims: 2
		AnsatzOperators: Dataset (dtype=int64, shape=(50, 18), maxshape=(50, None))
			Attributes:
				DIMENSION_LABELS: ['mass' 'AnsatzOperatorAxis']
				NDataDims: 1
		Circuit:
			Attributes:
				Ansatz: HardwareAdaptAnsatz7
			AnsatzOptions:
				Attributes:
					num_qubits: 8
		CircuitParameters: Dataset (dtype=float64, shape=(50, 1220, 18), maxshape=(50, None, None))
			Attributes:
				DIMENSION_LABELS: ['mass' 'IterationAxis' 'CircuitParameterAxis']
				NDataDims: 2
		Data:
			Attributes:
			evs:
				Attributes:
				Hamiltonian: Dataset (dtype=float64, shape=(50, 1220), maxshape=(50, None))
					Attributes:
						DIMENSION_LABELS: ['mass' 'IterationAxis']
						NDataDims: 1
			stds:
				Attributes:
				Hamiltonian: Dataset (dtype=float64, shape=(50, 1220), maxshape=(50, None))
					Attributes:
						DIMENSION_LABELS: ['mass' 'IterationAxis']
						NDataDims: 1
		EstimatorOptions:
			Attributes:
				_VERSION: 2
				default_precision: Unset
				default_shots: Unset
				experimental: Unset
				max_execution_time: Unset
				resilience_level: Unset
				seed_estimator: 23862126
			dynamical_decoupling:
				Attributes:
					enable: Unset
					extra_slack_distribution: Unset
					scheduling_method: Unset
					sequence_type: Unset
					skip_reset_qubits: Unset
			environment:
				Attributes:
					callback: None
					job_tags: None
					log_level: WARNING
					private: False
			execution:
				Attributes:
					init_qubits: Unset
					rep_delay: Unset
			resilience:
				Attributes:
					layer_noise_model: Unset
					measure_mitigation: Unset
					pec_mitigation: Unset
					zne_mitigation: Unset
				layer_noise_learning:
					Attributes:
						layer_pair_depths: Unset
						max_layers_to_learn: Unset
						num_randomizations: Unset
						shots_per_randomization: Unset
				measure_noise_learning:
					Attributes:
						num_randomizations: Unset
						shots_per_randomization: Unset
				pec:
					Attributes:
						max_overhead: Unset
						noise_gain: Unset
				zne:
					Attributes:
						amplifier: Unset
						extrapolated_noise_factors: Unset
						extrapolator: Unset
						noise_factors: Unset
			simulator:
				Attributes:
					basis_gates: Unset
					coupling_map: Unset
					noise_model: Unset
					seed_simulator: Unset
			twirling:
				Attributes:
					enable_gates: Unset
					enable_measure: Unset
					num_randomizations: Unset
					shots_per_randomization: Unset
					strategy: Unset
		MetaData:
			Attributes:
			circuit_metadata: Dataset (dtype=object, shape=(50, 1220), maxshape=(50, None))
				Attributes:
					DIMENSION_LABELS: ['mass' 'IterationAxis']
					NDataDims: 1
			simulator_metadata: Dataset (dtype=object, shape=(50, 1220), maxshape=(50, None))
				Attributes:
					DIMENSION_LABELS: ['mass' 'IterationAxis']
					NDataDims: 1
			target_precision: Dataset (dtype=float64, shape=(50, 1220), maxshape=(50, None))
				Attributes:
					DIMENSION_LABELS: ['mass' 'IterationAxis']
					NDataDims: 1
			version: Dataset (dtype=int64, shape=(50, 1220), maxshape=(50, None))
				Attributes:
					DIMENSION_LABELS: ['mass' 'IterationAxis']
					NDataDims: 1
		NIterations: Dataset (dtype=int64, shape=(50,), maxshape=(50,))
			Attributes:
				DIMENSION_LABELS: ['mass']
				NDataDims: 0
		OptimizerOptions:
			Attributes:
				bounds: None
				callback: None
				constraints: []
				method: slsqp
				tol: None
				x0Seed: 23862126
			options:
				Attributes:
					disp: 0
					maxiter: 20000
		PresetPassManagerOptions:
			Attributes:
		SimulatorOptions:
			Attributes:
		StartIterations: Dataset (dtype=int64, shape=(50, 18), maxshape=(50, None))
			Attributes:
				DIMENSION_LABELS: ['mass' 'AnsatzOperatorAxis']
				NDataDims: 1
		VersionInfo:
			Attributes:
				QiskitAerVersion: 0.17.1
				QiskitIBMRuntimeVersion: 0.41.1
				QiskitVersion: 2.1.2
		mass: Dataset (dtype=float64, shape=(50,), maxshape=(50,))
			Attributes:
-----Ending pprint-----
End 2025-11-13 15:03:03 | 23862126 MyPyJob | node074 | /home/s6nidich_hpc/PycharmProjects/QC-MasterThesis 

