Start 2025-10-28 14:20:44 | 23770879 MyPyJob | node073 | /home/s6nidich_hpc/PycharmProjects/QC-MasterThesis 

Used python interpreter:
/home/s6nidich_hpc/PycharmProjects/QC-MasterThesis/.venv_intel_3_12_3/bin/python
Python version:
Python 3.12.3

Currently Loaded Modules:
  1) GCCcore/13.3.0                   7) Tcl/8.6.14-GCCcore-13.3.0
  2) zlib/1.3.1-GCCcore-13.3.0        8) SQLite/3.45.3-GCCcore-13.3.0
  3) binutils/2.42-GCCcore-13.3.0     9) XZ/5.4.5-GCCcore-13.3.0
  4) bzip2/1.0.8-GCCcore-13.3.0      10) libffi/3.4.5-GCCcore-13.3.0
  5) ncurses/6.5-GCCcore-13.3.0      11) OpenSSL/3
  6) libreadline/8.2-GCCcore-13.3.0  12) Python/3.12.3-GCCcore-13.3.0

 

Start of Program:

-----Beginning pprint-----
/:
	Attributes:
-----Ending pprint-----
Calculating energies for FreeWilson2D(N_x=2, N_y=2, mass=-6.000, r=1.000)
h: 0.0
Prec 0.0
New op index: 31
Current grad: 51.99999999999996
0:	0.00e+00	0.00e+00
1:	-2.00e+00	0.00e+00
2:	0.00e+00	0.00e+00
3:	0.00e+00	0.00e+00
4:	2.50e+00	0.00e+00
5:	0.00e+00	0.00e+00
6:	0.00e+00	0.00e+00
7:	-2.50e+00	0.00e+00
8:	0.00e+00	0.00e+00
9:	0.00e+00	0.00e+00
10:	2.00e+00	-5.00e-01
11:	0.00e+00	-5.00e-01
12:	0.00e+00	0.00e+00
13:	2.00e+00	-5.00e-01
14:	0.00e+00	-5.00e-01
15:	0.00e+00	4.16e-17
16:	-2.50e+00	1.39e-17
17:	0.00e+00	1.39e-17
18:	0.00e+00	0.00e+00
19:	2.50e+00	6.94e-18
20:	0.00e+00	6.94e-18
21:	0.00e+00	3.47e-17
22:	-2.00e+00	6.94e-18
23:	0.00e+00	1.39e-17
24:	0.00e+00	0.00e+00
25:	0.00e+00	0.00e+00
26:	5.00e-01	0.00e+00
27:	-4.50e+00	0.00e+00
28:	0.00e+00	0.00e+00
29:	0.00e+00	0.00e+00
30:	0.00e+00	0.00e+00
31:	5.00e+00	0.00e+00
32:	0.00e+00	-5.00e-01
33:	0.00e+00	-5.00e-01
34:	-5.00e-01	-5.00e-01
35:	-4.50e+00	-5.00e-01
36:	0.00e+00	6.94e-18
37:	0.00e+00	6.94e-18
38:	4.00e+00	6.94e-18
39:	0.00e+00	-2.00e+00
40:	0.00e+00	-5.00e-01
41:	0.00e+00	-5.00e-01
42:	-5.00e-01	-5.00e-01
43:	4.50e+00	-5.00e-01
44:	0.00e+00	2.08e-17
45:	0.00e+00	2.08e-17
46:	-6.94e-18	2.08e-17
47:	-5.00e+00	2.08e-17
48:	0.00e+00	2.08e-17
49:	0.00e+00	2.08e-17
50:	5.00e-01	2.08e-17
51:	4.50e+00	2.08e-17
New op index: 47
Current grad: 41.02556920488712
New op index: 38
Current grad: 30.055980094111348
New op index: 27
Current grad: 24.217881068818
New op index: 35
Current grad: 21.731909282959414
New op index: 43
Current grad: 19.995429423964033
New op index: 51
Current grad: 16.98292981306229
New op index: 22
Current grad: 14.41038006657511
New op index: 51
Current grad: 22.420467627357155
New op index: 47
Current grad: 16.965276697828504
New op index: 1
Current grad: 13.046837150759142
New op index: 27
Current grad: 20.400232630399167
New op index: 31
Current grad: 14.927711510125803
New op index: 13
Current grad: 11.57908470733268
New op index: 43
Current grad: 13.147973859440103
New op index: 7
Current grad: 5.977552704185801
New op index: 35
Current grad: 7.964654099643938
New op index: 31
Current grad: 0.00024233483725567058
Precision cutoff reached.
Calculating energies for FreeWilson2D(N_x=2, N_y=2, mass=-5.111, r=1.000)
h: 0.0
Prec 0.0
New op index: 31
Current grad: 42.22222222222218
0:	0.00e+00	0.00e+00
1:	-1.56e+00	0.00e+00
2:	0.00e+00	0.00e+00
3:	0.00e+00	0.00e+00
4:	2.06e+00	0.00e+00
5:	0.00e+00	0.00e+00
6:	0.00e+00	0.00e+00
7:	-2.06e+00	0.00e+00
8:	0.00e+00	0.00e+00
9:	0.00e+00	0.00e+00
10:	1.56e+00	-5.00e-01
11:	0.00e+00	-5.00e-01
12:	0.00e+00	0.00e+00
13:	1.56e+00	-5.00e-01
14:	0.00e+00	-5.00e-01
15:	0.00e+00	3.85e-17
16:	-2.06e+00	1.08e-17
17:	0.00e+00	1.39e-17
18:	0.00e+00	3.08e-18
19:	2.06e+00	1.00e-17
20:	0.00e+00	6.94e-18
21:	0.00e+00	3.16e-17
22:	-1.56e+00	3.85e-18
23:	0.00e+00	1.39e-17
24:	0.00e+00	0.00e+00
25:	0.00e+00	0.00e+00
26:	5.00e-01	0.00e+00
27:	-3.61e+00	0.00e+00
28:	0.00e+00	0.00e+00
29:	0.00e+00	0.00e+00
30:	0.00e+00	0.00e+00
31:	4.11e+00	0.00e+00
32:	0.00e+00	-5.00e-01
33:	0.00e+00	-5.00e-01
34:	-5.00e-01	-5.00e-01
35:	-3.61e+00	-5.00e-01
36:	0.00e+00	6.94e-18
37:	0.00e+00	6.94e-18
38:	3.11e+00	6.94e-18
39:	0.00e+00	-2.00e+00
40:	0.00e+00	-5.00e-01
41:	0.00e+00	-5.00e-01
42:	-5.00e-01	-5.00e-01
43:	3.61e+00	-5.00e-01
44:	0.00e+00	2.08e-17
45:	0.00e+00	2.08e-17
46:	-6.94e-18	2.08e-17
47:	-4.11e+00	2.08e-17
48:	0.00e+00	2.08e-17
49:	0.00e+00	2.08e-17
50:	5.00e-01	2.08e-17
51:	3.61e+00	2.08e-17
New op index: 47
Current grad: 32.865527682027036
New op index: 38
Current grad: 23.50976628086205
New op index: 27
Current grad: 19.13830364642954
New op index: 35
Current grad: 17.34173159659425
New op index: 43
Current grad: 16.206202464455163
New op index: 51
Current grad: 13.69139434249065
New op index: 22
Current grad: 11.854961943306481
New op index: 51
Current grad: 18.3754514384313
New op index: 47
Current grad: 13.873795762248443
New op index: 13
Current grad: 10.886678503425877
New op index: 43
Current grad: 10.913569052460392
New op index: 31
Current grad: 8.726133299308684
New op index: 4
Current grad: 6.957012565680396
New op index: 31
Current grad: 8.033343164755468
New op index: 35
Current grad: 5.614028478825699
New op index: 27
Current grad: 4.353953282517524
New op index: 1
Current grad: 3.142780288013549
New op index: 27
Current grad: 5.726718684928785
New op index: 47
Current grad: 0.00042404495435822195
Precision cutoff reached.
Calculating energies for FreeWilson2D(N_x=2, N_y=2, mass=-4.222, r=1.000)
h: 0.0
Prec 0.0
New op index: 31
Current grad: 32.44444444444442
0:	0.00e+00	0.00e+00
1:	-1.11e+00	0.00e+00
2:	0.00e+00	0.00e+00
3:	0.00e+00	0.00e+00
4:	1.61e+00	0.00e+00
5:	0.00e+00	0.00e+00
6:	0.00e+00	0.00e+00
7:	-1.61e+00	0.00e+00
8:	0.00e+00	0.00e+00
9:	0.00e+00	0.00e+00
10:	1.11e+00	-5.00e-01
11:	0.00e+00	-5.00e-01
12:	0.00e+00	0.00e+00
13:	1.11e+00	-5.00e-01
14:	0.00e+00	-5.00e-01
15:	0.00e+00	3.55e-17
16:	-1.61e+00	7.71e-18
17:	0.00e+00	1.39e-17
18:	0.00e+00	6.17e-18
19:	1.61e+00	1.31e-17
20:	0.00e+00	6.94e-18
21:	0.00e+00	2.85e-17
22:	-1.11e+00	7.71e-19
23:	0.00e+00	1.39e-17
24:	0.00e+00	0.00e+00
25:	0.00e+00	0.00e+00
26:	5.00e-01	0.00e+00
27:	-2.72e+00	0.00e+00
28:	0.00e+00	0.00e+00
29:	0.00e+00	0.00e+00
30:	0.00e+00	0.00e+00
31:	3.22e+00	0.00e+00
32:	0.00e+00	-5.00e-01
33:	0.00e+00	-5.00e-01
34:	-5.00e-01	-5.00e-01
35:	-2.72e+00	-5.00e-01
36:	0.00e+00	6.94e-18
37:	0.00e+00	6.94e-18
38:	2.22e+00	6.94e-18
39:	0.00e+00	-2.00e+00
40:	0.00e+00	-5.00e-01
41:	0.00e+00	-5.00e-01
42:	-5.00e-01	-5.00e-01
43:	2.72e+00	-5.00e-01
44:	0.00e+00	2.08e-17
45:	0.00e+00	2.08e-17
46:	-6.94e-18	2.08e-17
47:	-3.22e+00	2.08e-17
48:	0.00e+00	2.08e-17
49:	0.00e+00	2.08e-17
50:	5.00e-01	2.08e-17
51:	2.72e+00	2.08e-17
New op index: 47
Current grad: 24.671148139176676
New op index: 38
Current grad: 16.898630308413114
New op index: 43
Current grad: 13.947366596252518
New op index: 35
Current grad: 12.988322143571882
New op index: 51
Current grad: 11.161300287657797
New op index: 27
Current grad: 10.39142373897542
New op index: 22
Current grad: 9.213765771336409
New op index: 51
Current grad: 14.269759136667163
New op index: 47
Current grad: 9.477293844932618
New op index: 38
Current grad: 7.724613054633302
New op index: 31
Current grad: 8.022813208850057
New op index: 1
Current grad: 5.974437516439007
New op index: 27
Current grad: 7.843298093816727
New op index: 13
Current grad: 6.867190628322477
New op index: 39
Current grad: 4.312803860842801
New op index: 31
Current grad: 3.383482452145618
New op index: 43
Current grad: 2.5693598420840593
New op index: 22
Current grad: 2.0693500046194693
New op index: 38
Current grad: 2.2244786493519686
New op index: 35
Current grad: 1.3722882430446222
New op index: 31
Current grad: 0.002297412304140102
New op index: 31
Current grad: 0.002180194209777301
Adding the same operator twice is not sensible, terminating.
Calculating energies for FreeWilson2D(N_x=2, N_y=2, mass=-3.333, r=1.000)
h: 0.0
Prec 0.0
New op index: 31
Current grad: 22.66666666666665
0:	0.00e+00	0.00e+00
1:	-6.67e-01	0.00e+00
2:	0.00e+00	0.00e+00
3:	0.00e+00	0.00e+00
4:	1.17e+00	0.00e+00
5:	0.00e+00	0.00e+00
6:	0.00e+00	0.00e+00
7:	-1.17e+00	0.00e+00
8:	0.00e+00	0.00e+00
9:	0.00e+00	0.00e+00
10:	6.67e-01	-5.00e-01
11:	0.00e+00	-5.00e-01
12:	0.00e+00	0.00e+00
13:	6.67e-01	-5.00e-01
14:	0.00e+00	-5.00e-01
15:	0.00e+00	3.24e-17
16:	-1.17e+00	4.63e-18
17:	0.00e+00	1.39e-17
18:	0.00e+00	9.25e-18
19:	1.17e+00	1.62e-17
20:	0.00e+00	6.94e-18
21:	0.00e+00	2.54e-17
22:	-6.67e-01	-2.31e-18
23:	0.00e+00	1.39e-17
24:	0.00e+00	0.00e+00
25:	0.00e+00	0.00e+00
26:	5.00e-01	0.00e+00
27:	-1.83e+00	0.00e+00
28:	0.00e+00	0.00e+00
29:	0.00e+00	0.00e+00
30:	0.00e+00	0.00e+00
31:	2.33e+00	0.00e+00
32:	0.00e+00	-5.00e-01
33:	0.00e+00	-5.00e-01
34:	-5.00e-01	-5.00e-01
35:	-1.83e+00	-5.00e-01
36:	0.00e+00	6.94e-18
37:	0.00e+00	6.94e-18
38:	1.33e+00	6.94e-18
39:	0.00e+00	-2.00e+00
40:	0.00e+00	-5.00e-01
41:	0.00e+00	-5.00e-01
42:	-5.00e-01	-5.00e-01
43:	1.83e+00	-5.00e-01
44:	0.00e+00	2.08e-17
45:	0.00e+00	2.08e-17
46:	-6.94e-18	2.08e-17
47:	-2.33e+00	2.08e-17
48:	0.00e+00	2.08e-17
49:	0.00e+00	2.08e-17
50:	5.00e-01	2.08e-17
51:	1.83e+00	2.08e-17
New op index: 47
Current grad: 16.397378920241994
New op index: 38
Current grad: 10.128080598089664
New op index: 35
Current grad: 8.48658959315497
New op index: 43
Current grad: 8.190969347596234
New op index: 27
Current grad: 7.021963610219226
New op index: 51
Current grad: 6.7025312557469725
New op index: 38
Current grad: 5.863307081723162
New op index: 35
Current grad: 4.7753244762741405
New op index: 31
Current grad: 7.306968311457998
New op index: 35
Current grad: 5.192219134705207
New op index: 22
Current grad: 3.8388532886817477
New op index: 43
Current grad: 6.624319027585345
New op index: 19
Current grad: 4.997976412944043
New op index: 47
Current grad: 3.1695487183974134
New op index: 39
Current grad: 2.9595828011943768
New op index: 16
Current grad: 2.7479955424389937
New op index: 47
Current grad: 8.07596576426794
New op index: 27
Current grad: 4.625320264631485
New op index: 4
Current grad: 2.7155672529901373
New op index: 27
Current grad: 4.29465475581599
New op index: 31
Current grad: 0.5635776500016048
New op index: 51
Current grad: 0.32452290257506405
New op index: 47
Current grad: 0.8583095846061009
New op index: 27
Current grad: 0.06287236630193647
New op index: 35
Current grad: 0.13341901406956921
New op index: 31
Current grad: 0.11226879976189534
New op index: 27
Current grad: 0.30916412064501486
New op index: 27
Current grad: 0.0007929414544509809
Precision cutoff reached.
Calculating energies for FreeWilson2D(N_x=2, N_y=2, mass=-2.444, r=1.000)
h: 0.0
Prec 0.0
New op index: 31
Current grad: 12.888888888888879
0:	0.00e+00	0.00e+00
1:	-2.22e-01	0.00e+00
2:	0.00e+00	0.00e+00
3:	0.00e+00	0.00e+00
4:	7.22e-01	0.00e+00
5:	0.00e+00	0.00e+00
6:	0.00e+00	0.00e+00
7:	-7.22e-01	0.00e+00
8:	0.00e+00	0.00e+00
9:	0.00e+00	0.00e+00
10:	2.22e-01	-5.00e-01
11:	0.00e+00	-5.00e-01
12:	0.00e+00	0.00e+00
13:	2.22e-01	-5.00e-01
14:	0.00e+00	-5.00e-01
15:	0.00e+00	2.93e-17
16:	-7.22e-01	1.54e-18
17:	0.00e+00	1.39e-17
18:	0.00e+00	1.23e-17
19:	7.22e-01	1.93e-17
20:	0.00e+00	6.94e-18
21:	0.00e+00	2.24e-17
22:	-2.22e-01	-5.40e-18
23:	0.00e+00	1.39e-17
24:	0.00e+00	0.00e+00
25:	0.00e+00	0.00e+00
26:	5.00e-01	0.00e+00
27:	-9.44e-01	0.00e+00
28:	0.00e+00	0.00e+00
29:	0.00e+00	0.00e+00
30:	0.00e+00	0.00e+00
31:	1.44e+00	0.00e+00
32:	0.00e+00	-5.00e-01
33:	0.00e+00	-5.00e-01
34:	-5.00e-01	-5.00e-01
35:	-9.44e-01	-5.00e-01
36:	0.00e+00	6.94e-18
37:	0.00e+00	6.94e-18
38:	4.44e-01	6.94e-18
39:	0.00e+00	-2.00e+00
40:	0.00e+00	-5.00e-01
41:	0.00e+00	-5.00e-01
42:	-5.00e-01	-5.00e-01
43:	9.44e-01	-5.00e-01
44:	0.00e+00	2.08e-17
45:	0.00e+00	2.08e-17
46:	-6.94e-18	2.08e-17
47:	-1.44e+00	2.08e-17
48:	0.00e+00	2.08e-17
49:	0.00e+00	2.08e-17
50:	5.00e-01	2.08e-17
51:	9.44e-01	2.08e-17
New op index: 47
Current grad: 8.8433249925433
New op index: 42
Current grad: 4.797615342062459
New op index: 43
Current grad: 8.110754846779281
New op index: 34
Current grad: 5.352794436650928
New op index: 35
Current grad: 6.487792527407461
New op index: 1
Current grad: 0.44448415722623613
New op index: 22
Current grad: 0.2243088036599664
New op index: 22
Current grad: 1.0051968016017332
Adding the same operator twice is not sensible, terminating.
Calculating energies for FreeWilson2D(N_x=2, N_y=2, mass=-1.556, r=1.000)
h: 0.0
Prec 0.0
New op index: 31
Current grad: 5.7777777777777715
0:	0.00e+00	0.00e+00
1:	2.22e-01	0.00e+00
2:	0.00e+00	0.00e+00
3:	0.00e+00	0.00e+00
4:	2.78e-01	0.00e+00
5:	0.00e+00	0.00e+00
6:	0.00e+00	0.00e+00
7:	-2.78e-01	0.00e+00
8:	0.00e+00	0.00e+00
9:	0.00e+00	0.00e+00
10:	-2.22e-01	-5.00e-01
11:	0.00e+00	-5.00e-01
12:	0.00e+00	0.00e+00
13:	-2.22e-01	-5.00e-01
14:	0.00e+00	-5.00e-01
15:	0.00e+00	2.62e-17
16:	-2.78e-01	-1.54e-18
17:	0.00e+00	1.39e-17
18:	0.00e+00	1.54e-17
19:	2.78e-01	2.24e-17
20:	0.00e+00	6.94e-18
21:	0.00e+00	1.93e-17
22:	2.22e-01	-8.48e-18
23:	0.00e+00	1.39e-17
24:	0.00e+00	0.00e+00
25:	0.00e+00	0.00e+00
26:	5.00e-01	0.00e+00
27:	-5.56e-02	0.00e+00
28:	0.00e+00	0.00e+00
29:	0.00e+00	0.00e+00
30:	0.00e+00	0.00e+00
31:	5.56e-01	0.00e+00
32:	0.00e+00	-5.00e-01
33:	0.00e+00	-5.00e-01
34:	-5.00e-01	-5.00e-01
35:	-5.56e-02	-5.00e-01
36:	0.00e+00	6.94e-18
37:	0.00e+00	6.94e-18
38:	-4.44e-01	6.94e-18
39:	0.00e+00	-2.00e+00
40:	0.00e+00	-5.00e-01
41:	0.00e+00	-5.00e-01
42:	-5.00e-01	-5.00e-01
43:	5.56e-02	-5.00e-01
44:	0.00e+00	2.08e-17
45:	0.00e+00	2.08e-17
46:	-6.94e-18	2.08e-17
47:	-5.56e-01	2.08e-17
48:	0.00e+00	2.08e-17
49:	0.00e+00	2.08e-17
50:	5.00e-01	2.08e-17
51:	5.56e-02	2.08e-17
New op index: 47
Current grad: 5.287706522548409
New op index: 42
Current grad: 4.797563004360942
New op index: 43
Current grad: 8.110754875582256
New op index: 34
Current grad: 5.352836661847096
New op index: 35
Current grad: 6.487783051528142
New op index: 1
Current grad: 0.44448060341028206
New op index: 22
Current grad: 0.2229319944725709
New op index: 22
Current grad: 1.0006055963885834
Adding the same operator twice is not sensible, terminating.
Calculating energies for FreeWilson2D(N_x=2, N_y=2, mass=-0.667, r=1.000)
h: 0.0
Prec 0.0
New op index: 38
Current grad: 10.666666666666655
0:	0.00e+00	0.00e+00
1:	6.67e-01	0.00e+00
2:	0.00e+00	0.00e+00
3:	0.00e+00	0.00e+00
4:	-1.67e-01	0.00e+00
5:	0.00e+00	0.00e+00
6:	0.00e+00	0.00e+00
7:	1.67e-01	0.00e+00
8:	0.00e+00	0.00e+00
9:	0.00e+00	0.00e+00
10:	-6.67e-01	-5.00e-01
11:	0.00e+00	-5.00e-01
12:	0.00e+00	0.00e+00
13:	-6.67e-01	-5.00e-01
14:	0.00e+00	-5.00e-01
15:	0.00e+00	2.31e-17
16:	1.67e-01	-4.63e-18
17:	0.00e+00	1.39e-17
18:	0.00e+00	1.85e-17
19:	-1.67e-01	2.54e-17
20:	0.00e+00	6.94e-18
21:	0.00e+00	1.62e-17
22:	6.67e-01	-1.16e-17
23:	0.00e+00	1.39e-17
24:	0.00e+00	0.00e+00
25:	0.00e+00	0.00e+00
26:	5.00e-01	0.00e+00
27:	8.33e-01	0.00e+00
28:	0.00e+00	0.00e+00
29:	0.00e+00	0.00e+00
30:	0.00e+00	0.00e+00
31:	-3.33e-01	0.00e+00
32:	0.00e+00	-5.00e-01
33:	0.00e+00	-5.00e-01
34:	-5.00e-01	-5.00e-01
35:	8.33e-01	-5.00e-01
36:	0.00e+00	6.94e-18
37:	0.00e+00	6.94e-18
38:	-1.33e+00	6.94e-18
39:	0.00e+00	-2.00e+00
40:	0.00e+00	-5.00e-01
41:	0.00e+00	-5.00e-01
42:	-5.00e-01	-5.00e-01
43:	-8.33e-01	-5.00e-01
44:	0.00e+00	2.08e-17
45:	0.00e+00	2.08e-17
46:	-6.94e-18	2.08e-17
47:	3.33e-01	2.08e-17
48:	0.00e+00	2.08e-17
49:	0.00e+00	2.08e-17
50:	5.00e-01	2.08e-17
51:	-8.33e-01	2.08e-17
New op index: 34
Current grad: 13.28303649031623
New op index: 27
Current grad: 14.512590667367531
New op index: 43
Current grad: 10.94731679500913
New op index: 51
Current grad: 7.853663417963594
New op index: 38
Current grad: 7.263250317315934
New op index: 31
Current grad: 7.298019036284761
New op index: 47
Current grad: 7.140072755593379
New op index: 30
Current grad: 5.398297390684568
New op index: 39
Current grad: 5.43606992711957
New op index: 27
Current grad: 4.773051898398384
New op index: 42
Current grad: 5.354078281236572
New op index: 35
Current grad: 7.0772105031923545
New op index: 51
Current grad: 5.946181410091336
New op index: 47
Current grad: 6.419282011123076
New op index: 43
Current grad: 4.8802836817349355
New op index: 51
Current grad: 2.061884166538838
New op index: 31
Current grad: 2.1922540460818642
New op index: 38
Current grad: 1.0024879977239207
New op index: 38
Current grad: 1.0020602357999104
Adding the same operator twice is not sensible, terminating.
Calculating energies for FreeWilson2D(N_x=2, N_y=2, mass=0.222, r=1.000)
h: 0.0
Prec 0.0
New op index: 38
Current grad: 20.44444444444442
0:	0.00e+00	0.00e+00
1:	1.11e+00	0.00e+00
2:	0.00e+00	0.00e+00
3:	0.00e+00	0.00e+00
4:	-6.11e-01	0.00e+00
5:	0.00e+00	0.00e+00
6:	0.00e+00	0.00e+00
7:	6.11e-01	0.00e+00
8:	0.00e+00	0.00e+00
9:	0.00e+00	0.00e+00
10:	-1.11e+00	-5.00e-01
11:	0.00e+00	-5.00e-01
12:	0.00e+00	0.00e+00
13:	-1.11e+00	-5.00e-01
14:	0.00e+00	-5.00e-01
15:	0.00e+00	2.00e-17
16:	6.11e-01	-7.71e-18
17:	0.00e+00	1.39e-17
18:	0.00e+00	2.16e-17
19:	-6.11e-01	2.85e-17
20:	0.00e+00	6.94e-18
21:	0.00e+00	1.31e-17
22:	1.11e+00	-1.46e-17
23:	0.00e+00	1.39e-17
24:	0.00e+00	0.00e+00
25:	0.00e+00	0.00e+00
26:	5.00e-01	0.00e+00
27:	1.72e+00	0.00e+00
28:	0.00e+00	0.00e+00
29:	0.00e+00	0.00e+00
30:	0.00e+00	0.00e+00
31:	-1.22e+00	0.00e+00
32:	0.00e+00	-5.00e-01
33:	0.00e+00	-5.00e-01
34:	-5.00e-01	-5.00e-01
35:	1.72e+00	-5.00e-01
36:	0.00e+00	6.94e-18
37:	0.00e+00	6.94e-18
38:	-2.22e+00	6.94e-18
39:	0.00e+00	-2.00e+00
40:	0.00e+00	-5.00e-01
41:	0.00e+00	-5.00e-01
42:	-5.00e-01	-5.00e-01
43:	-1.72e+00	-5.00e-01
44:	0.00e+00	2.08e-17
45:	0.00e+00	2.08e-17
46:	-6.94e-18	2.08e-17
47:	1.22e+00	2.08e-17
48:	0.00e+00	2.08e-17
49:	0.00e+00	2.08e-17
50:	5.00e-01	2.08e-17
51:	-1.72e+00	2.08e-17
New op index: 35
Current grad: 21.393011996645658
New op index: 43
Current grad: 19.798261940766633
New op index: 51
Current grad: 16.44216331105584
New op index: 27
Current grad: 13.526808453172759
New op index: 31
Current grad: 10.579528738769644
New op index: 47
Current grad: 9.326369089871207
New op index: 22
Current grad: 8.316671795743927
New op index: 38
Current grad: 10.04690955757821
New op index: 35
Current grad: 9.014452290352773
New op index: 39
Current grad: 8.534556909564259
New op index: 38
Current grad: 6.720838324911068
New op index: 27
Current grad: 6.99999205870019
New op index: 30
Current grad: 4.505160791639199
New op index: 27
Current grad: 9.712618527123862
New op index: 35
Current grad: 6.781718426132344
New op index: 39
Current grad: 3.4193913149593453
New op index: 31
Current grad: 3.34079599867692
New op index: 7
Current grad: 3.0026911747591516
New op index: 7
Current grad: 4.314340913569836
Adding the same operator twice is not sensible, terminating.
Calculating energies for FreeWilson2D(N_x=2, N_y=2, mass=1.111, r=1.000)
h: 0.0
Prec 0.0
New op index: 38
Current grad: 30.222222222222193
0:	0.00e+00	0.00e+00
1:	1.56e+00	0.00e+00
2:	0.00e+00	0.00e+00
3:	0.00e+00	0.00e+00
4:	-1.06e+00	0.00e+00
5:	0.00e+00	0.00e+00
6:	0.00e+00	0.00e+00
7:	1.06e+00	0.00e+00
8:	0.00e+00	0.00e+00
9:	0.00e+00	0.00e+00
10:	-1.56e+00	-5.00e-01
11:	0.00e+00	-5.00e-01
12:	0.00e+00	0.00e+00
13:	-1.56e+00	-5.00e-01
14:	0.00e+00	-5.00e-01
15:	0.00e+00	1.70e-17
16:	1.06e+00	-1.08e-17
17:	0.00e+00	1.39e-17
18:	0.00e+00	2.47e-17
19:	-1.06e+00	3.16e-17
20:	0.00e+00	6.94e-18
21:	0.00e+00	1.00e-17
22:	1.56e+00	-1.77e-17
23:	0.00e+00	1.39e-17
24:	0.00e+00	0.00e+00
25:	0.00e+00	0.00e+00
26:	5.00e-01	0.00e+00
27:	2.61e+00	0.00e+00
28:	0.00e+00	0.00e+00
29:	0.00e+00	0.00e+00
30:	0.00e+00	0.00e+00
31:	-2.11e+00	0.00e+00
32:	0.00e+00	-5.00e-01
33:	0.00e+00	-5.00e-01
34:	-5.00e-01	-5.00e-01
35:	2.61e+00	-5.00e-01
36:	0.00e+00	6.94e-18
37:	0.00e+00	6.94e-18
38:	-3.11e+00	6.94e-18
39:	0.00e+00	-2.00e+00
40:	0.00e+00	-5.00e-01
41:	0.00e+00	-5.00e-01
42:	-5.00e-01	-5.00e-01
43:	-2.61e+00	-5.00e-01
44:	0.00e+00	2.08e-17
45:	0.00e+00	2.08e-17
46:	-6.94e-18	2.08e-17
47:	2.11e+00	2.08e-17
48:	0.00e+00	2.08e-17
49:	0.00e+00	2.08e-17
50:	5.00e-01	2.08e-17
51:	-2.61e+00	2.08e-17
New op index: 27
Current grad: 29.500526160812573
New op index: 51
Current grad: 25.947817909775296
New op index: 35
Current grad: 22.394524677297273
New op index: 43
Current grad: 19.37151681290714
New op index: 31
Current grad: 13.925804629771113
New op index: 47
Current grad: 12.427079293082897
New op index: 1
Current grad: 10.976270097536876
New op index: 38
Current grad: 12.983824748519352
New op index: 27
Current grad: 13.615813961237032
New op index: 22
Current grad: 7.9452885760949385
New op index: 51
Current grad: 11.828588977682138
New op index: 16
Current grad: 5.941517907878575
New op index: 7
Current grad: 5.743381607842422
New op index: 43
Current grad: 13.770429848739735
New op index: 35
Current grad: 7.9281937732485375
New op index: 38
Current grad: 0.0007713151272213209
Precision cutoff reached.
Calculating energies for FreeWilson2D(N_x=2, N_y=2, mass=2.000, r=1.000)
h: 0.0
Prec 0.0
New op index: 38
Current grad: 39.99999999999997
0:	0.00e+00	0.00e+00
1:	2.00e+00	0.00e+00
2:	0.00e+00	0.00e+00
3:	0.00e+00	0.00e+00
4:	-1.50e+00	0.00e+00
5:	0.00e+00	0.00e+00
6:	0.00e+00	0.00e+00
7:	1.50e+00	0.00e+00
8:	0.00e+00	0.00e+00
9:	0.00e+00	0.00e+00
10:	-2.00e+00	-5.00e-01
11:	0.00e+00	-5.00e-01
12:	0.00e+00	0.00e+00
13:	-2.00e+00	-5.00e-01
14:	0.00e+00	-5.00e-01
15:	0.00e+00	1.39e-17
16:	1.50e+00	-1.39e-17
17:	0.00e+00	1.39e-17
18:	0.00e+00	2.78e-17
19:	-1.50e+00	3.47e-17
20:	0.00e+00	6.94e-18
21:	0.00e+00	6.94e-18
22:	2.00e+00	-2.08e-17
23:	0.00e+00	1.39e-17
24:	0.00e+00	0.00e+00
25:	0.00e+00	0.00e+00
26:	5.00e-01	0.00e+00
27:	3.50e+00	0.00e+00
28:	0.00e+00	0.00e+00
29:	0.00e+00	0.00e+00
30:	0.00e+00	0.00e+00
31:	-3.00e+00	0.00e+00
32:	0.00e+00	-5.00e-01
33:	0.00e+00	-5.00e-01
34:	-5.00e-01	-5.00e-01
35:	3.50e+00	-5.00e-01
36:	0.00e+00	6.94e-18
37:	0.00e+00	6.94e-18
38:	-4.00e+00	6.94e-18
39:	0.00e+00	-2.00e+00
40:	0.00e+00	-5.00e-01
41:	0.00e+00	-5.00e-01
42:	-5.00e-01	-5.00e-01
43:	-3.50e+00	-5.00e-01
44:	0.00e+00	2.08e-17
45:	0.00e+00	2.08e-17
46:	-6.94e-18	2.08e-17
47:	3.00e+00	2.08e-17
48:	0.00e+00	2.08e-17
49:	0.00e+00	2.08e-17
50:	5.00e-01	2.08e-17
51:	-3.50e+00	2.08e-17
New op index: 43
Current grad: 41.84925828147731
New op index: 35
Current grad: 36.35047300899689
New op index: 27
Current grad: 28.582110543304466
New op index: 51
Current grad: 23.84838986268637
New op index: 31
Current grad: 19.134327560618225
New op index: 47
Current grad: 15.692245973834844
New op index: 22
Current grad: 13.14119181477398
New op index: 38
Current grad: 14.322325074522611
New op index: 35
Current grad: 13.388787843029506
New op index: 1
Current grad: 11.387014532373312
New op index: 38
Current grad: 8.000675660656436
New op index: 31
Current grad: 7.401907977726722
New op index: 13
Current grad: 3.714462126424303
New op index: 7
Current grad: 5.3368376502072925
New op index: 31
Current grad: 7.809150597260461
New op index: 39
Current grad: 2.768857229823294
New op index: 35
Current grad: 2.364210482869822
New op index: 13
Current grad: 1.5028024822048984
New op index: 27
Current grad: 4.75125177715609
New op index: 39
Current grad: 1.6912109780210316
New op index: 51
Current grad: 0.0009950874357898623
Precision cutoff reached.
-----Beginning pprint-----
/:
	Attributes:
		ProcessId: 23770879
	2025-10-28_14-20-46-23770879:
		Attributes:
			HamiltonianType: ZeroChargePenalty
			Last-Modified: 2025-10-28_14-20-46
			ProcessId: 23770879
			SimulatorType: Statevector
			SolverName: AdaptVQE
			SystemName: FreeWilson2D
			n_x: 2
			n_y: 2
			r: 1.0
		AdaptOptions:
			Attributes:
				gradient_hamiltonian_type: HamiltonianType.Full
				max_depth: 30
				prec_cutoff: 0.001
				precision: 0
		AnsatzOperatorDerivatives: Dataset (dtype=float64, shape=(10, 29, 52), maxshape=(10, None, 52))
			Attributes:
				DIMENSION_LABELS: ['mass' 'AnsatzOperatorAxis' 'AnsatzPoolOperatorAxis']
				NDataDims: 2
		AnsatzOperatorSecondDerivatives: Dataset (dtype=float64, shape=(10, 29, 52), maxshape=(10, None, 52))
			Attributes:
				DIMENSION_LABELS: ['mass' 'AnsatzOperatorAxis' 'AnsatzPoolOperatorAxis']
				NDataDims: 2
		AnsatzOperators: Dataset (dtype=int64, shape=(10, 28), maxshape=(10, None))
			Attributes:
				DIMENSION_LABELS: ['mass' 'AnsatzOperatorAxis']
				NDataDims: 1
		Circuit:
			Attributes:
				Ansatz: HardwareAdaptAnsatz5
			AnsatzOptions:
				Attributes:
					num_qubits: 8
		CircuitParameters: Dataset (dtype=float64, shape=(10, 15450, 28), maxshape=(10, None, None))
			Attributes:
				DIMENSION_LABELS: ['mass' 'IterationAxis' 'CircuitParameterAxis']
				NDataDims: 2
		Data:
			Attributes:
			evs:
				Attributes:
				Hamiltonian: Dataset (dtype=float64, shape=(10, 15450), maxshape=(10, None))
					Attributes:
						DIMENSION_LABELS: ['mass' 'IterationAxis']
						NDataDims: 1
			stds:
				Attributes:
				Hamiltonian: Dataset (dtype=float64, shape=(10, 15450), maxshape=(10, None))
					Attributes:
						DIMENSION_LABELS: ['mass' 'IterationAxis']
						NDataDims: 1
		EstimatorOptions:
			Attributes:
				_VERSION: 2
				default_precision: Unset
				default_shots: Unset
				experimental: Unset
				max_execution_time: Unset
				resilience_level: Unset
				seed_estimator: 23770879
			dynamical_decoupling:
				Attributes:
					enable: Unset
					extra_slack_distribution: Unset
					scheduling_method: Unset
					sequence_type: Unset
					skip_reset_qubits: Unset
			environment:
				Attributes:
					callback: None
					job_tags: None
					log_level: WARNING
					private: False
			execution:
				Attributes:
					init_qubits: Unset
					rep_delay: Unset
			resilience:
				Attributes:
					layer_noise_model: Unset
					measure_mitigation: Unset
					pec_mitigation: Unset
					zne_mitigation: Unset
				layer_noise_learning:
					Attributes:
						layer_pair_depths: Unset
						max_layers_to_learn: Unset
						num_randomizations: Unset
						shots_per_randomization: Unset
				measure_noise_learning:
					Attributes:
						num_randomizations: Unset
						shots_per_randomization: Unset
				pec:
					Attributes:
						max_overhead: Unset
						noise_gain: Unset
				zne:
					Attributes:
						amplifier: Unset
						extrapolated_noise_factors: Unset
						extrapolator: Unset
						noise_factors: Unset
			simulator:
				Attributes:
					basis_gates: Unset
					coupling_map: Unset
					noise_model: Unset
					seed_simulator: Unset
			twirling:
				Attributes:
					enable_gates: Unset
					enable_measure: Unset
					num_randomizations: Unset
					shots_per_randomization: Unset
					strategy: Unset
		MetaData:
			Attributes:
			circuit_metadata: Dataset (dtype=object, shape=(10, 15450), maxshape=(10, None))
				Attributes:
					DIMENSION_LABELS: ['mass' 'IterationAxis']
					NDataDims: 1
			target_precision: Dataset (dtype=float64, shape=(10, 15450), maxshape=(10, None))
				Attributes:
					DIMENSION_LABELS: ['mass' 'IterationAxis']
					NDataDims: 1
			version: Dataset (dtype=int64, shape=(10, 15450), maxshape=(10, None))
				Attributes:
					DIMENSION_LABELS: ['mass' 'IterationAxis']
					NDataDims: 1
		NIterations: Dataset (dtype=int64, shape=(10,), maxshape=(10,))
			Attributes:
				DIMENSION_LABELS: ['mass']
				NDataDims: 0
		OptimizerOptions:
			Attributes:
				bounds: None
				callback: None
				constraints: []
				method: slsqp
				tol: None
				x0Seed: 23770879
			options:
				Attributes:
					disp: 0
					maxiter: 20000
		PresetPassManagerOptions:
			Attributes:
		SimulatorOptions:
			Attributes:
		StartIterations: Dataset (dtype=int64, shape=(10, 28), maxshape=(10, None))
			Attributes:
				DIMENSION_LABELS: ['mass' 'AnsatzOperatorAxis']
				NDataDims: 1
		VersionInfo:
			Attributes:
				QiskitAerVersion: 0.17.1
				QiskitIBMRuntimeVersion: 0.41.1
				QiskitVersion: 2.1.2
		mass: Dataset (dtype=float64, shape=(10,), maxshape=(10,))
			Attributes:
-----Ending pprint-----
End 2025-10-28 14:29:26 | 23770879 MyPyJob | node073 | /home/s6nidich_hpc/PycharmProjects/QC-MasterThesis 

