Start 2026-08-03 13:14:02 | 26810307 MyPyJob | lmnode194 | /home/s6nidich_hpc/PycharmProjects/QC-MasterThesis 

Used python interpreter:
/home/s6nidich_hpc/PycharmProjects/QC-MasterThesis/.venv_intel_3_12_3/bin/python
Python version:
Python 3.12.3

Currently Loaded Modules:
  1) GCCcore/14.3.0                    8) Tcl/9.0.1-GCCcore-14.3.0
  2) zlib/1.3.1-GCCcore-14.3.0         9) SQLite/3.50.1-GCCcore-14.3.0
  3) binutils/2.44-GCCcore-14.3.0     10) XZ/5.8.1-GCCcore-14.3.0
  4) bzip2/1.0.8-GCCcore-14.3.0       11) libffi/3.5.1-GCCcore-14.3.0
  5) ncurses/6.5-GCCcore-14.3.0       12) OpenSSL/3
  6) libreadline/8.2-GCCcore-14.3.0   13) Python/3.13.5-GCCcore-14.3.0
  7) libtommath/1.3.0-GCCcore-14.3.0

 

Start of Program:

Traceback (most recent call last):
  File "/home/s6nidich_hpc/PycharmProjects/QC-MasterThesis/main.py", line 15, in <module>
    from plotter import ResultLoader
  File "/home/s6nidich_hpc/PycharmProjects/QC-MasterThesis/plotter.py", line 20, in <module>
    from solver.adapt_vqe import AdaptVQE
  File "/home/s6nidich_hpc/PycharmProjects/QC-MasterThesis/solver/adapt_vqe.py", line 12, in <module>
    from solver.base import SimulatorType, BaseVQE, BaseCostFunction
  File "/home/s6nidich_hpc/PycharmProjects/QC-MasterThesis/solver/base.py", line 27, in <module>
    from solver.circuits import BaseAnsatz
  File "/home/s6nidich_hpc/PycharmProjects/QC-MasterThesis/solver/circuits.py", line 11, in <module>
    from qiskit.circuit.library import n_local, XXPlusYYGate, RZGate, RYGate, RXGate, XXMinusYYGate, RXXGate, RYYGate, \
ImportError: cannot import name 'PauliProductRotationGate' from 'qiskit.circuit.library' (/home/s6nidich_hpc/PycharmProjects/QC-MasterThesis/.venv_intel_3_12_3/lib/python3.12/site-packages/qiskit/circuit/library/__init__.py)
End 2026-08-03 13:14:03 | 26810307 MyPyJob | lmnode194 | /home/s6nidich_hpc/PycharmProjects/QC-MasterThesis 

