Start 2025-10-21 14:40:29 | 23707377 MyPyJob | node017 | /home/s6nidich_hpc/PycharmProjects/QC-MasterThesis 

Used python interpreter:
/home/s6nidich_hpc/PycharmProjects/QC-MasterThesis/.venv_intel_3_12_3/bin/python
Python version:
Python 3.12.3

Currently Loaded Modules:
  1) GCCcore/13.3.0                   7) Tcl/8.6.14-GCCcore-13.3.0
  2) zlib/1.3.1-GCCcore-13.3.0        8) SQLite/3.45.3-GCCcore-13.3.0
  3) binutils/2.42-GCCcore-13.3.0     9) XZ/5.4.5-GCCcore-13.3.0
  4) bzip2/1.0.8-GCCcore-13.3.0      10) libffi/3.4.5-GCCcore-13.3.0
  5) ncurses/6.5-GCCcore-13.3.0      11) OpenSSL/3
  6) libreadline/8.2-GCCcore-13.3.0  12) Python/3.12.3-GCCcore-13.3.0

 

Start of Program:

-----Beginning pprint-----
/:
	Attributes:
-----Ending pprint-----
Calculating energies for FreeWilson2D(N_x=2, N_y=2, mass=-6.000, r=1.000)
h: 0.0
New op index: 1
Current grad: 17.999999999999986
0:	-2.00e+00	0.00e+00
1:	2.50e+00	0.00e+00
2:	-2.50e+00	0.00e+00
3:	2.00e+00	-5.00e-01
4:	2.00e+00	-5.00e-01
5:	-2.50e+00	2.10e-15
6:	2.50e+00	2.09e-15
7:	-2.00e+00	2.09e-15
Return from COBYLA because the trust region radius reaches its lower bound.
Number of function values = 31   Least value of F = 198.0000000000168
The corresponding X is: [-1.5708]

New op index: 5
Current grad: 352.00000734404864
Return from COBYLA because the trust region radius reaches its lower bound.
Number of function values = 46   Least value of F = 145.5000000006685
The corresponding X is: [-1.57080095  1.5707943 ]

New op index: 6
Current grad: 12.000347971038572
Return from COBYLA because the trust region radius reaches its lower bound.
Number of function values = 339   Least value of F = 143.9372780762228
The corresponding X is:
[-1.57077393  1.56597914 -1.3258076 ]

New op index: 2
Current grad: 244.53880718194637
Return from COBYLA because the trust region radius reaches its lower bound.
Number of function values = 86   Least value of F = 92.49038551334776
The corresponding X is:
[-1.56118521  1.56118266 -1.56117862  1.56118145]

New op index: 3
Current grad: 8.000405547818904
Return from COBYLA because the trust region radius reaches its lower bound.
Number of function values = 945   Least value of F = 89.89504592247866
The corresponding X is:
[-1.59617113  1.56589598 -1.39726003  1.56581709 -1.75398395]

New op index: 7
Current grad: 146.70709852258582
Return from COBYLA because the trust region radius reaches its lower bound.
Number of function values = 118   Least value of F = 37.99278830134317
The corresponding X is:
[-1.57089126  1.57080394 -1.56117854  1.56118256 -1.58041491  1.57079737]

New op index: 4
Current grad: 4.000961834590088
Return from COBYLA because the trust region radius reaches its lower bound.
Number of function values = 1576   Least value of F = 35.99754916526996
The corresponding X is:
[-1.571132    1.57074679 -1.5704746   1.56589241 -1.57110221  1.56588995
 -1.57046443]

New op index: 0
Current grad: 52.003270462280774
Return from COBYLA because the trust region radius reaches its lower bound.
Number of function values = 149   Least value of F = -15.999999999056158
The corresponding X is:
[-1.57079344  1.57079513 -1.57079586  1.57079952 -1.57079768  1.57079929
 -1.57079413  1.57079569]

New op index: 2
Current grad: 0.0007832815844848119
Precision cutoff reached.
Calculating energies for FreeWilson2D(N_x=2, N_y=2, mass=2.000, r=1.000)
h: 0.0
New op index: 0
Current grad: 13.999999999999988
0:	2.00e+00	0.00e+00
1:	-1.50e+00	0.00e+00
2:	1.50e+00	0.00e+00
3:	-2.00e+00	-5.00e-01
4:	-2.00e+00	-5.00e-01
5:	1.50e+00	2.07e-15
6:	-1.50e+00	2.12e-15
7:	2.00e+00	2.06e-15
Return from COBYLA because the trust region radius reaches its lower bound.
Number of function values = 30   Least value of F = 198.5000000000131
The corresponding X is: [-1.5708]

New op index: 1
Current grad: 352.5000091806513
Return from COBYLA because the trust region radius reaches its lower bound.
Number of function values = 47   Least value of F = 146.49759620980237
The corresponding X is: [-1.58040881  1.57079342]

New op index: 7
Current grad: 11.000285312946579
Return from COBYLA because the trust region radius reaches its lower bound.
Number of function values = 334   Least value of F = 144.43844731295005
The corresponding X is:
[-1.81543168  1.57079174 -1.57075339]

New op index: 3
Current grad: 245.05772621036292
Return from COBYLA because the trust region radius reaches its lower bound.
Number of function values = 87   Least value of F = 91.99519231340642
The corresponding X is:
[-1.58041089  1.57079515 -1.57079188  1.58041761]

New op index: 4
Current grad: 8.00061680909342
Return from COBYLA because the trust region radius reaches its lower bound.
Number of function values = 639   Least value of F = 89.49877460783597
The corresponding X is:
[-1.57569828  1.57085943 -1.57080015  1.57098131  1.5705698 ]

New op index: 2
Current grad: 152.00302260528935
Return from COBYLA because the trust region radius reaches its lower bound.
Number of function values = 130   Least value of F = 37.99759598844981
The corresponding X is:
[-1.57089123  1.57079913 -1.5707981   1.57079491  1.57079925 -1.56117564]

New op index: 5
Current grad: 4.000831604498805
Return from COBYLA because the trust region radius reaches its lower bound.
Number of function values = 1414   Least value of F = 35.99754912146117
The corresponding X is:
[-1.57103812  1.57570132 -1.57080256  1.57074909  1.57570136 -1.57042749
 -1.57054384]

New op index: 6
Current grad: 52.00301507287281
Return from COBYLA because the trust region radius reaches its lower bound.
Number of function values = 175   Least value of F = -15.999999997309489
The corresponding X is:
[-1.57079561  1.57078964 -1.57079872  1.57079351  1.5707943  -1.57079444
 -1.57080165  1.57079363]

New op index: 1
Current grad: 0.0013004564853006909
Adding the same operator twice is not sensible, terminating.
-----Beginning pprint-----
/:
	Attributes:
		ProcessId: 23707377
	2025-10-21_14-40-31-23707377:
		Attributes:
			HamiltonianType: ZeroChargePenalty
			Last-Modified: 2025-10-21_14-40-31
			ProcessId: 23707377
			SimulatorType: Statevector
			SolverName: AdaptVQE
			SystemName: FreeWilson2D
			n_x: 2
			n_y: 2
			r: 1.0
		AdaptOptions:
			Attributes:
				prec_cutoff: 0.001
		AnsatzOperatorDerivatives: Dataset (dtype=float64, shape=(2, 9, 8), maxshape=(2, None, 8))
			Attributes:
				DIMENSION_LABELS: ['mass' 'AnsatzOperatorAxis' 'AnsatzPoolOperatorAxis']
				NDataDims: 2
		AnsatzOperators: Dataset (dtype=int64, shape=(2, 8), maxshape=(2, None))
			Attributes:
				DIMENSION_LABELS: ['mass' 'AnsatzOperatorAxis']
				NDataDims: 1
		Circuit:
			Attributes:
				Ansatz: YXPlusXYRYAdaptAnsatz1
			AnsatzOptions:
				Attributes:
					num_qubits: 8
		CircuitParameters: Dataset (dtype=float64, shape=(2, 3290, 8), maxshape=(2, None, None))
			Attributes:
				DIMENSION_LABELS: ['mass' 'IterationAxis' 'CircuitParameterAxis']
				NDataDims: 2
		Data:
			Attributes:
			evs:
				Attributes:
				Hamiltonian: Dataset (dtype=float64, shape=(2, 3290), maxshape=(2, None))
					Attributes:
						DIMENSION_LABELS: ['mass' 'IterationAxis']
						NDataDims: 1
			stds:
				Attributes:
				Hamiltonian: Dataset (dtype=float64, shape=(2, 3290), maxshape=(2, None))
					Attributes:
						DIMENSION_LABELS: ['mass' 'IterationAxis']
						NDataDims: 1
		EstimatorOptions:
			Attributes:
				_VERSION: 2
				default_precision: Unset
				default_shots: Unset
				experimental: Unset
				max_execution_time: Unset
				resilience_level: Unset
				seed_estimator: 23707377
			dynamical_decoupling:
				Attributes:
					enable: Unset
					extra_slack_distribution: Unset
					scheduling_method: Unset
					sequence_type: Unset
					skip_reset_qubits: Unset
			environment:
				Attributes:
					callback: None
					job_tags: None
					log_level: WARNING
					private: False
			execution:
				Attributes:
					init_qubits: Unset
					rep_delay: Unset
			resilience:
				Attributes:
					layer_noise_model: Unset
					measure_mitigation: Unset
					pec_mitigation: Unset
					zne_mitigation: Unset
				layer_noise_learning:
					Attributes:
						layer_pair_depths: Unset
						max_layers_to_learn: Unset
						num_randomizations: Unset
						shots_per_randomization: Unset
				measure_noise_learning:
					Attributes:
						num_randomizations: Unset
						shots_per_randomization: Unset
				pec:
					Attributes:
						max_overhead: Unset
						noise_gain: Unset
				zne:
					Attributes:
						amplifier: Unset
						extrapolated_noise_factors: Unset
						extrapolator: Unset
						noise_factors: Unset
			simulator:
				Attributes:
					basis_gates: Unset
					coupling_map: Unset
					noise_model: Unset
					seed_simulator: Unset
			twirling:
				Attributes:
					enable_gates: Unset
					enable_measure: Unset
					num_randomizations: Unset
					shots_per_randomization: Unset
					strategy: Unset
		MetaData:
			Attributes:
			circuit_metadata: Dataset (dtype=object, shape=(2, 3290), maxshape=(2, None))
				Attributes:
					DIMENSION_LABELS: ['mass' 'IterationAxis']
					NDataDims: 1
			target_precision: Dataset (dtype=float64, shape=(2, 3290), maxshape=(2, None))
				Attributes:
					DIMENSION_LABELS: ['mass' 'IterationAxis']
					NDataDims: 1
			version: Dataset (dtype=int64, shape=(2, 3290), maxshape=(2, None))
				Attributes:
					DIMENSION_LABELS: ['mass' 'IterationAxis']
					NDataDims: 1
		NIterations: Dataset (dtype=int64, shape=(2,), maxshape=(2,))
			Attributes:
				DIMENSION_LABELS: ['mass']
				NDataDims: 0
		OptimizerOptions:
			Attributes:
				bounds: None
				callback: None
				constraints: []
				method: cobyla
				tol: 1e-05
				x0Seed: 23707377
			options:
				Attributes:
					disp: 1
					maxiter: 20000
		PresetPassManagerOptions:
			Attributes:
		SimulatorOptions:
			Attributes:
		StartIterations: Dataset (dtype=int64, shape=(2, 8), maxshape=(2, None))
			Attributes:
				DIMENSION_LABELS: ['mass' 'AnsatzOperatorAxis']
				NDataDims: 1
		VersionInfo:
			Attributes:
				QiskitAerVersion: 0.17.1
				QiskitIBMRuntimeVersion: 0.41.1
				QiskitVersion: 2.1.2
		mass: Dataset (dtype=float64, shape=(2,), maxshape=(2,))
			Attributes:
-----Ending pprint-----
End 2025-10-21 14:41:02 | 23707377 MyPyJob | node017 | /home/s6nidich_hpc/PycharmProjects/QC-MasterThesis 

