Start 2026-07-30 13:15:40 | 26737529 MyPyJob | lmnode193 | /home/s6nidich_hpc/PycharmProjects/QC-MasterThesis 

Used python interpreter:
/home/s6nidich_hpc/PycharmProjects/QC-MasterThesis/.venv_intel_3_12_3/bin/python
Python version:
Python 3.12.3

Currently Loaded Modules:
  1) GCCcore/14.3.0                    8) Tcl/9.0.1-GCCcore-14.3.0
  2) zlib/1.3.1-GCCcore-14.3.0         9) SQLite/3.50.1-GCCcore-14.3.0
  3) binutils/2.44-GCCcore-14.3.0     10) XZ/5.8.1-GCCcore-14.3.0
  4) bzip2/1.0.8-GCCcore-14.3.0       11) libffi/3.5.1-GCCcore-14.3.0
  5) ncurses/6.5-GCCcore-14.3.0       12) OpenSSL/3
  6) libreadline/8.2-GCCcore-14.3.0   13) Python/3.13.5-GCCcore-14.3.0
  7) libtommath/1.3.0-GCCcore-14.3.0

 

Start of Program:

-----Beginning pprint-----
/:
	Attributes:
-----Ending pprint-----
Calculating energies for FreeWilson2D(N_x=2, N_y=2, mass=-6.000, r=1.000)
h_im: 0.0
New op index: 13	$R_Y$[4]
Current grad: 17.999999999999986
242.49999999999991 
 [42.         43.99999999 42.         42.         44.49999999 42.
 42.         44.49999999 42.         42.         44.56155281 43.
 42.         44.56155281 43.         42.         44.49999999 42.
 42.         44.49999999 42.         42.         43.99999999 42.
 42.         42.         42.         42.         42.         42.
 42.         43.         43.         42.         42.         42.
 42.         43.         43.         42.         42.         42.
 42.         42.         42.        ]
Optimization terminated successfully    (Exit mode 0)
            Current function value: 197.9384471871961
            Iterations: 1
            Function evaluations: 2
            Gradient evaluations: 1
New op index: 7	$R_Y$[2]
Current grad: 340.44373009671204
197.9384471871961 
 [ 8.52651283e-14  5.05071519e+01  8.52651283e-14  8.52651283e-14
  4.60071517e+01  8.52651283e-14  8.52651283e-14  5.10071518e+01
  8.52651283e-14  8.52651283e-14  4.59009731e+01  0.00000000e+00
  0.00000000e+00 -9.76842784e-09  0.00000000e+00  8.52651283e-14
  5.03858852e+01  8.52651283e-14  8.52651283e-14  4.60071517e+01
  8.52651283e-14  8.52651283e-14  5.05071519e+01  8.52651283e-14
  8.52651283e-14  8.52651283e-14  8.52651283e-14  8.52651283e-14
  8.52651283e-14  8.52651283e-14  8.52651283e-14  0.00000000e+00
  0.00000000e+00  0.00000000e+00  0.00000000e+00  0.00000000e+00
  0.00000000e+00  0.00000000e+00  0.00000000e+00  8.52651283e-14
  8.52651283e-14  8.52651283e-14  8.52651283e-14  8.52651283e-14
  8.52651283e-14]
Optimization terminated successfully    (Exit mode 0)
            Current function value: 145.49759620940668
            Iterations: 6
            Function evaluations: 23
            Gradient evaluations: 6
New op index: 19	$R_Y$[6]
Current grad: 12.49520587990076
145.49759620940668 
 [ 0.00000000e+00  1.99768884e+00  0.00000000e+00  2.84217094e-14
  1.56379507e+00  0.00000000e+00 -2.45546573e-07 -1.12400414e-07
 -2.45454686e-07  0.00000000e+00  1.56015764e+00  0.00000000e+00
 -1.69408423e-07 -1.81192178e-07 -1.69408423e-07  0.00000000e+00
  1.99288146e+00  0.00000000e+00  0.00000000e+00  2.50231114e+00
  0.00000000e+00  0.00000000e+00  1.99768884e+00  0.00000000e+00
  2.84217094e-14  0.00000000e+00  0.00000000e+00 -2.45546573e-07
 -2.45545721e-07 -2.45454686e-07 -2.45546573e-07 -2.45545721e-07
 -2.45454686e-07 -1.69408423e-07 -1.69408423e-07 -1.69408423e-07
 -1.69408423e-07 -1.69408423e-07 -1.69408423e-07  0.00000000e+00
  0.00000000e+00  0.00000000e+00  0.00000000e+00  0.00000000e+00
  0.00000000e+00]
Optimization terminated successfully    (Exit mode 0)
            Current function value: 142.93844718801907
            Iterations: 2
            Function evaluations: 12
            Gradient evaluations: 2
New op index: 1	$R_Y$[0]
Current grad: 244.53560416552264
142.93844718801907 
 [ 0.00000000e+00  5.05071017e+01  0.00000000e+00  5.68434189e-14
  4.60097894e+01  0.00000000e+00 -2.58625079e-07 -3.13851871e-07
 -2.57568558e-07  0.00000000e+00  4.58899824e+01  0.00000000e+00
 -1.47792889e-12 -1.05667084e-08 -1.47792889e-12  8.52651283e-14
  5.00095739e+01  0.00000000e+00  8.21046342e-10  8.23462187e-10
  8.21046342e-10  8.52651283e-14  5.00095764e+01  0.00000000e+00
  5.68434189e-14  0.00000000e+00  0.00000000e+00 -2.58625079e-07
 -2.58621611e-07 -2.57922892e-07 -2.58625079e-07 -2.58622464e-07
 -2.57922892e-07 -1.47792889e-12 -1.47792889e-12 -1.47792889e-12
 -1.47792889e-12 -1.47792889e-12 -1.47792889e-12  8.21046342e-10
  8.21046342e-10  8.21046342e-10  8.21046342e-10  8.21046342e-10
  8.21046342e-10]
Optimization terminated successfully    (Exit mode 0)
            Current function value: 90.99760183101985
            Iterations: 3
            Function evaluations: 21
            Gradient evaluations: 3
New op index: 4	$R_Y$[1]
Current grad: 8.028847023715205
90.99760183101985 
 [-1.67890420e-07 -1.04548633e-07 -1.67890420e-07  8.52651283e-14
  1.56401501e+00  0.00000000e+00 -2.36744086e-07 -1.12174831e-07
 -2.44900420e-07  0.00000000e+00  1.56020569e+00  0.00000000e+00
  5.34396122e-06  5.33316283e-06  5.34396122e-06  8.52651283e-14
  1.55909097e+00  0.00000000e+00 -2.03080361e-07 -7.69548052e-08
 -2.10868976e-07  2.84217094e-14  1.55909079e+00  0.00000000e+00
 -1.67890420e-07 -1.67890420e-07 -1.67890420e-07 -2.36744086e-07
 -2.36261329e-07 -2.45235597e-07 -2.36744086e-07 -2.36259297e-07
 -2.45235597e-07  5.34396122e-06  5.34396122e-06  5.34396122e-06
  5.34396122e-06  5.34396122e-06  5.34396122e-06 -2.03080361e-07
 -2.07663234e-07 -2.10868976e-07 -2.22616762e-07 -2.07581664e-07
 -2.10868976e-07]
Optimization terminated successfully    (Exit mode 0)
            Current function value: 89.3986209093363
            Iterations: 7
            Function evaluations: 48
            Gradient evaluations: 7
New op index: 22	$R_Y$[7]
Current grad: 147.279386310525
89.3986209093363 
 [-9.00133870e-08 -5.77770152e-08 -8.71393411e-08  2.75674665e-08
 -9.21155277e-08  2.72100920e-08 -1.13612643e-07 -1.08515266e-07
 -1.13612643e-07  2.84217094e-14  4.62495320e+01  0.00000000e+00
  3.43102755e-08  3.65340469e-08  3.43102755e-08  0.00000000e+00
  4.99283974e+01  0.00000000e+00  1.46198857e-08  5.66348035e-09
  1.47937271e-08  0.00000000e+00  4.99284050e+01  0.00000000e+00
 -2.87369062e-08  2.77468217e-08 -5.31170826e-07 -1.40635677e-07
 -1.45955880e-07  2.33362556e-08 -1.13612643e-07 -1.13612643e-07
 -1.13612643e-07  3.43102755e-08  3.43102755e-08  3.43102755e-08
  3.43102755e-08  3.43102755e-08  3.43102755e-08  1.46198857e-08
  1.46453800e-08  1.47937271e-08  1.44181200e-08  1.45160186e-08
  1.47937271e-08]
Optimization terminated successfully    (Exit mode 0)
            Current function value: 37.992788888733074
            Iterations: 5
            Function evaluations: 41
            Gradient evaluations: 5
New op index: 16	$R_Y$[5]
Current grad: 4.013427986958286
37.992788888733074 
 [-2.13297980e-07 -1.48884858e-07 -2.12729226e-07 -1.92247413e-07
 -3.89604793e-09 -1.72942698e-07 -2.32999049e-07 -1.64399118e-07
 -2.28363184e-07  0.00000000e+00  1.99269744e+00  0.00000000e+00
 -5.20213490e-08 -3.75353864e-08 -2.67097633e-08  0.00000000e+00
  1.99282368e+00  0.00000000e+00 -2.24141715e-07 -1.72948567e-07
 -2.36166194e-07 -2.18883265e-07  1.86946636e-08 -1.06134124e-07
  1.05282268e-07  1.05332390e-07  5.40181304e-08  8.97891397e-08
  8.92606451e-08  2.14511857e-08 -2.16370474e-07 -2.16364292e-07
 -2.29405750e-07 -5.20213490e-08 -5.29847668e-08 -2.67097633e-08
 -5.20461114e-08 -5.20673638e-08 -2.67097633e-08 -2.24141715e-07
 -2.24144237e-07 -2.36166194e-07  1.06118648e-07  1.06123160e-07
  4.30703935e-08]
Optimization terminated successfully    (Exit mode 0)
            Current function value: 35.99754904579512
            Iterations: 6
            Function evaluations: 56
            Gradient evaluations: 6
New op index: 10	$R_Y$[3]
Current grad: 52.00498114618415
35.99754904579512 
 [-1.03546682e-08 -2.51532128e-12 -1.03687370e-08 -4.09808088e-07
 -1.75624429e-07  2.49835352e-09 -9.37710354e-09  4.97379915e-14
 -9.32258359e-09  5.68434189e-14  5.19963088e+01  0.00000000e+00
 -4.28665089e-07 -2.99895412e-07 -2.57383896e-07 -9.82488046e-09
  4.80667950e-10 -9.82488046e-09 -3.82466546e-07 -3.42812463e-07
 -3.93705612e-07 -1.02633422e-08  3.84119403e-11 -1.02633493e-08
 -2.40759263e-06 -6.90692090e-08 -3.18275681e-08  1.07988001e-08
  1.07585194e-08 -9.95381768e-08 -9.37710354e-09 -9.37710354e-09
 -9.37305344e-09 -4.28665089e-07 -4.28646807e-07 -2.57383896e-07
  1.08105667e-08  1.09247367e-08  1.66976619e-08  3.93043820e-10
  3.34559047e-10 -2.42224161e-08 -9.54827684e-08 -5.89668048e-09
 -1.82843536e-08]
Optimization terminated successfully    (Exit mode 0)
            Current function value: -15.999999999997872
            Iterations: 2
            Function evaluations: 23
            Gradient evaluations: 2
New op index: 26	$R_{ZZ}$[0, 1]
Current grad: 3.1361047600101175e-05
-15.999999999997872 
 [-2.40230399e-07 -1.75428566e-07 -2.39793842e-07 -2.40212705e-07
 -1.75635058e-07 -2.40212705e-07 -2.31475019e-07 -1.76064034e-07
 -2.40034048e-07 -2.46063820e-07 -1.76016814e-07 -2.40023745e-07
 -2.35180124e-07 -1.75872280e-07 -2.40338691e-07 -2.44776366e-07
 -1.75922317e-07 -2.40317966e-07 -2.34819979e-07 -1.75489674e-07
 -2.40272612e-07 -2.29074939e-07 -1.75815220e-07 -2.40133170e-07
 -1.53202251e-09 -1.53202251e-09  1.08713039e-12 -4.84519092e-11
 -4.84519092e-11 -3.59663531e-07 -4.48589077e-09 -4.48589077e-09
 -1.56120450e-10  6.89226454e-13  6.89226454e-13 -3.40193651e-08
 -3.01803027e-10 -3.01803027e-10 -1.48915547e-10 -3.62613122e-08
 -3.62613122e-08 -1.48077106e-11 -3.19072768e-10 -3.19072768e-10
 -1.58095759e-13]
Precision cutoff reached.
Calculating energies for FreeWilson2D(N_x=2, N_y=2, mass=-5.111, r=1.000)
h_im: 0.0
New op index: 10	$R_Y$[3]
Current grad: 14.44444444444443
242.49999999999991 
 [42.         43.55555555 42.         42.         44.05555556 42.
 42.         44.05555556 42.         42.         44.1339378  43.
 42.         44.1339378  43.         42.         44.05555556 42.
 42.         44.05555556 42.         42.         43.55555555 42.
 42.         42.         42.         42.         42.         42.
 42.         43.         43.         42.         42.         42.
 42.         43.         43.         42.         42.         42.
 42.         42.         42.        ]
Optimization terminated successfully    (Exit mode 0)
            Current function value: 198.36606220399625
            Iterations: 1
            Function evaluations: 2
            Gradient evaluations: 1
New op index: 16	$R_Y$[5]
Current grad: 333.59738211025973
198.36606220399625 
 [0.00000000e+00 4.91513213e+01 0.00000000e+00 0.00000000e+00
 4.55402100e+01 0.00000000e+00 0.00000000e+00 4.89981407e+01
 0.00000000e+00 0.00000000e+00 1.11383713e-07 0.00000000e+00
 0.00000000e+00 4.54113291e+01 0.00000000e+00 0.00000000e+00
 4.96513213e+01 0.00000000e+00 0.00000000e+00 4.55402100e+01
 0.00000000e+00 0.00000000e+00 4.91513213e+01 0.00000000e+00
 0.00000000e+00 0.00000000e+00 0.00000000e+00 0.00000000e+00
 0.00000000e+00 0.00000000e+00 0.00000000e+00 0.00000000e+00
 0.00000000e+00 0.00000000e+00 0.00000000e+00 0.00000000e+00
 0.00000000e+00 0.00000000e+00 0.00000000e+00 0.00000000e+00
 0.00000000e+00 0.00000000e+00 0.00000000e+00 0.00000000e+00
 0.00000000e+00]
Optimization terminated successfully    (Exit mode 0)
            Current function value: 146.38646437696437
            Iterations: 5
            Function evaluations: 21
            Gradient evaluations: 5
New op index: 4	$R_Y$[1]
Current grad: 9.828559582273298
146.38646437696437 
 [ 0.00000000e+00  1.55320381e+00  0.00000000e+00  5.68434189e-14
  2.05790730e+00  5.68434189e-14  0.00000000e+00  1.54835439e+00
  0.00000000e+00 -1.18999253e-07 -1.49545542e-07 -1.18999253e-07
  0.00000000e+00  1.13281553e+00  0.00000000e+00 -2.40466392e-07
 -1.70085372e-07 -2.40466392e-07  0.00000000e+00  1.13617652e+00
  0.00000000e+00  0.00000000e+00  1.55320381e+00  0.00000000e+00
  5.68434189e-14  5.68434189e-14  5.68434189e-14  0.00000000e+00
  0.00000000e+00  0.00000000e+00 -1.18999253e-07 -1.18999253e-07
 -1.18999253e-07 -1.18999253e-07 -1.18999253e-07 -1.18999253e-07
 -2.40466392e-07 -2.40466392e-07 -2.40466392e-07 -2.40466392e-07
 -2.40466392e-07 -2.40466392e-07  0.00000000e+00  0.00000000e+00
  0.00000000e+00]
Optimization terminated successfully    (Exit mode 0)
            Current function value: 144.254951076664
            Iterations: 5
            Function evaluations: 22
            Gradient evaluations: 5
New op index: 22	$R_Y$[7]
Current grad: 239.56222746400783
144.254951076664 
 [ 0.00000000e+00  4.86592201e+01  0.00000000e+00  9.51748973e-08
  5.14803560e-08  9.51519894e-08  0.00000000e+00  4.86592518e+01
  0.00000000e+00 -1.15516059e-07  6.63078481e-11 -1.15515178e-07
  5.68434189e-14  4.53971828e+01  0.00000000e+00 -5.99382588e-09
 -1.98659222e-09 -4.31242597e-10  2.84217094e-14  4.55482811e+01
  0.00000000e+00  2.84217094e-14  4.91566773e+01  2.84217094e-14
  9.51748973e-08  9.51748973e-08  9.51748973e-08  9.51748973e-08
  9.51748973e-08  9.51748973e-08 -1.15516059e-07 -1.15516514e-07
 -1.15515178e-07 -1.15516059e-07 -1.15516400e-07 -1.15515178e-07
 -5.99382588e-09 -5.75744252e-09 -4.31242597e-10 -5.98907945e-09
 -5.74391379e-09 -4.31242597e-10  2.84217094e-14  0.00000000e+00
  0.00000000e+00]
Optimization terminated successfully    (Exit mode 0)
            Current function value: 92.77535328401065
            Iterations: 5
            Function evaluations: 30
            Gradient evaluations: 5
New op index: 19	$R_Y$[6]
Current grad: 6.223881617316309
92.77535328401065 
 [ 0.00000000e+00  1.13171147e+00  0.00000000e+00 -2.68369661e-07
 -1.70073690e-07 -2.41257851e-07  0.00000000e+00  1.13171147e+00
  0.00000000e+00 -9.65360130e-08 -1.32243628e-07 -1.00295438e-07
  0.00000000e+00  1.13281368e+00  0.00000000e+00 -2.33492841e-07
 -1.70522611e-07 -2.41426221e-07  0.00000000e+00  1.13616415e+00
  0.00000000e+00 -2.15986546e-07 -2.02714460e-07 -2.22247564e-07
 -2.68369661e-07 -2.33592061e-07 -2.41532774e-07 -2.68369661e-07
 -2.32330251e-07 -2.41532774e-07 -9.65360130e-08 -9.65883373e-08
 -1.00295438e-07 -9.65314797e-08 -9.66608127e-08 -1.00295438e-07
 -2.33492841e-07 -2.60316099e-07 -2.41426221e-07 -2.33312960e-07
 -2.46388282e-07 -2.41426221e-07 -2.15986546e-07 -2.16102677e-07
 -2.22247564e-07]
Optimization terminated successfully    (Exit mode 0)
            Current function value: 91.60537130511209
            Iterations: 8
            Function evaluations: 54
            Gradient evaluations: 8
New op index: 1	$R_Y$[0]
Current grad: 145.80639903117338
91.60537130511209 
 [ 1.42108547e-14  4.91411094e+01  0.00000000e+00  1.28063959e-09
  1.23463906e-09  1.28063959e-09  4.26325641e-14  4.91411070e+01
  0.00000000e+00  5.07516944e-08 -2.20162221e-07  5.07697848e-08
  4.26325641e-14  4.63330238e+01  0.00000000e+00 -1.69129493e-08
 -1.52278133e-07 -1.02615161e-09 -1.04923132e-07  2.56883794e-08
 -5.93181824e-08 -1.34658549e-07 -1.47756040e-07  6.78113565e-10
  1.28063959e-09  1.28063959e-09  1.28063959e-09  1.28063959e-09
  1.28063959e-09  1.28063959e-09  5.07516944e-08  5.07474311e-08
  5.07697848e-08  5.07516944e-08  5.07509839e-08  5.07697848e-08
 -1.69129493e-08 -1.69747381e-08 -1.07435483e-09 -6.35693304e-06
 -1.09398925e-07  4.87229244e-08 -8.62451088e-09 -1.44912690e-07
  4.92224643e-08]
Optimization terminated successfully    (Exit mode 0)
            Current function value: 40.659393663493255
            Iterations: 5
            Function evaluations: 41
            Gradient evaluations: 5
New op index: 7	$R_Y$[2]
Current grad: 3.127670105577853
40.659393663493255 
 [-6.96971441e-08  5.21506678e-08  2.43293385e-09 -1.83244289e-07
 -1.63050686e-07 -1.83960367e-07  1.06581410e-13  1.54827677e+00
  0.00000000e+00  2.42161491e-08 -1.04584927e-08  2.04116262e-08
  1.13686838e-13  1.54818914e+00  0.00000000e+00 -2.11913346e-07
 -2.00272979e-07 -2.19912621e-07 -1.61903912e-08  1.17701994e-07
  4.07925853e-08 -2.22214965e-07 -1.99755405e-07 -2.20436448e-07
  2.35955824e-07  2.35955817e-07  1.56174828e-07 -1.83244289e-07
 -1.83244289e-07 -1.83244289e-07  2.42161491e-08  1.47936987e-08
  2.04116262e-08  2.64677524e-08  2.64677524e-08  2.04116262e-08
 -2.11913346e-07 -2.11915129e-07 -2.19912621e-07  2.64964115e-07
  2.64964115e-07  1.68447727e-07  2.64466607e-07  2.64467729e-07
  1.80109716e-07]
Optimization terminated successfully    (Exit mode 0)
            Current function value: 39.10864939721333
            Iterations: 6
            Function evaluations: 56
            Gradient evaluations: 6
New op index: 13	$R_Y$[4]
Current grad: 51.55724126225668
39.10864939721333 
 [-2.88127211e-09 -2.16637190e-07 -3.18374305e-09 -3.55594530e-07
 -3.58327732e-07 -3.55550213e-07 -2.64880384e-09 -2.15630422e-07
 -2.76040169e-09 -2.24144578e-07 -1.99798286e-07 -1.60468197e-07
  7.10542736e-15  5.15518453e+01  0.00000000e+00 -3.28471117e-09
 -2.17242757e-07 -3.46494744e-09 -4.33477396e-07 -3.05644441e-07
 -1.01769189e-08 -3.15431237e-09 -2.13454015e-07 -2.87155899e-09
 -2.74038428e-08 -7.05043846e-09 -4.86945524e-08 -3.26465759e-07
 -1.74421430e-07 -6.18634033e-08 -6.39447251e-08 -2.24203028e-07
  1.96550332e-10 -2.24129828e-07 -2.23070927e-07 -1.60468197e-07
 -3.28471117e-09 -3.31624506e-09 -3.46494744e-09  2.12487805e-10
  2.16225260e-10  1.94241068e-10 -8.44624282e-09 -4.64524419e-10
 -2.43652520e-06]
Optimization terminated successfully    (Exit mode 0)
            Current function value: -12.444444444442269
            Iterations: 2
            Function evaluations: 23
            Gradient evaluations: 2
New op index: 44	$R_{ZZ}$[6, 7]
Current grad: 3.428553026717579e-05
-12.444444444442269 
 [-2.18614559e-07 -2.02251691e-07 -2.22731387e-07 -2.36206823e-07
 -2.03386975e-07 -2.22056364e-07 -2.72536141e-07 -2.02422065e-07
 -2.22723626e-07 -2.19554153e-07 -2.02619077e-07 -2.22141040e-07
 -2.13228176e-07 -2.02664339e-07 -2.23027868e-07 -2.12262563e-07
 -2.02470254e-07 -2.22981853e-07 -2.23976336e-07 -2.02311135e-07
 -2.22269406e-07 -2.36199423e-07 -2.02924141e-07 -2.22659999e-07
 -4.97209385e-10 -4.97209385e-10 -3.89022148e-13 -1.61284675e-09
 -1.61284675e-09 -1.42108547e-12 -3.02513570e-12 -3.02513570e-12
 -9.59232693e-13 -7.50326024e-09 -7.50326024e-09 -2.73351475e-09
 -4.57571758e-11 -4.57571758e-11  6.11066753e-13 -1.06110171e-07
 -1.06110171e-07 -2.24971544e-07 -7.88631915e-09 -7.88631915e-09
  9.82325332e-13]
Precision cutoff reached.
Calculating energies for FreeWilson2D(N_x=2, N_y=2, mass=-4.222, r=1.000)
h_im: 0.0
New op index: 13	$R_Y$[4]
Current grad: 10.88888888888888
242.49999999999991 
 [42.         43.11111111 42.         42.         43.61111111 42.
 42.         43.6111111  42.         42.         43.71842845 43.
 42.         43.71842845 43.         42.         43.6111111  42.
 42.         43.61111111 42.         42.         43.11111111 42.
 42.         42.         42.         42.         42.         42.
 42.         43.         43.         42.         42.         42.
 42.         43.         43.         42.         42.         42.
 42.         42.         42.        ]
Optimization terminated successfully    (Exit mode 0)
            Current function value: 198.78157154535168
            Iterations: 1
            Function evaluations: 2
            Gradient evaluations: 1
New op index: 7	$R_Y$[2]
Current grad: 319.1170797268737
198.78157154535168 
 [0.00000000e+00 4.67064075e+01 0.00000000e+00 0.00000000e+00
 4.39841851e+01 0.00000000e+00 0.00000000e+00 4.72064075e+01
 0.00000000e+00 0.00000000e+00 4.38235107e+01 0.00000000e+00
 0.00000000e+00 7.12788051e-10 0.00000000e+00 0.00000000e+00
 4.65012079e+01 0.00000000e+00 0.00000000e+00 4.39841851e+01
 0.00000000e+00 0.00000000e+00 4.67064075e+01 0.00000000e+00
 0.00000000e+00 0.00000000e+00 0.00000000e+00 0.00000000e+00
 0.00000000e+00 0.00000000e+00 0.00000000e+00 0.00000000e+00
 0.00000000e+00 0.00000000e+00 0.00000000e+00 0.00000000e+00
 0.00000000e+00 0.00000000e+00 0.00000000e+00 0.00000000e+00
 0.00000000e+00 0.00000000e+00 0.00000000e+00 0.00000000e+00
 0.00000000e+00]
Optimization terminated successfully    (Exit mode 0)
            Current function value: 147.2753321846557
            Iterations: 6
            Function evaluations: 23
            Gradient evaluations: 6
New op index: 19	$R_Y$[6]
Current grad: 7.162079032291231
147.2753321846557 
 [ 8.52651283e-14  1.10871671e+00  8.52651283e-14  1.13686838e-13
  7.20611572e-01  0.00000000e+00 -2.25745339e-07 -2.01522596e-07
 -2.25745339e-07  8.52651283e-14  7.17730923e-01  0.00000000e+00
 -5.25523092e-08 -4.92528898e-08 -5.25523092e-08  8.52651283e-14
  1.10382350e+00  8.52651283e-14  8.52651283e-14  1.61350551e+00
  8.52651283e-14  8.52651283e-14  1.10871671e+00  8.52651283e-14
  1.13686838e-13  0.00000000e+00  0.00000000e+00 -2.25745339e-07
 -2.25745339e-07 -2.25745339e-07 -2.25745339e-07 -2.25745339e-07
 -2.25745339e-07 -5.25523092e-08 -5.25523092e-08 -5.25523092e-08
 -5.25523092e-08 -5.25523092e-08 -5.25523092e-08  8.52651283e-14
  8.52651283e-14  8.52651283e-14  8.52651283e-14  8.52651283e-14
  8.52651283e-14]
Optimization terminated successfully    (Exit mode 0)
            Current function value: 145.55934944370608
            Iterations: 4
            Function evaluations: 21
            Gradient evaluations: 4
New op index: 1	$R_Y$[0]
Current grad: 229.05647492960105
145.55934944370608 
 [ 0.00000000e+00  4.66995472e+01  0.00000000e+00  0.00000000e+00
  4.39801221e+01  0.00000000e+00  3.23430243e-08 -4.06602766e-07
  3.23430243e-08  0.00000000e+00  4.37775535e+01  0.00000000e+00
  8.39035579e-08  8.42307770e-08  8.38223855e-08  0.00000000e+00
  4.62022319e+01  0.00000000e+00  1.23444011e-09  3.24354232e-09
  1.40315137e-09  0.00000000e+00  4.62022238e+01  0.00000000e+00
  0.00000000e+00  0.00000000e+00  0.00000000e+00  3.23430243e-08
  3.23430243e-08  3.23430243e-08  3.23430243e-08  3.23430243e-08
  3.23430243e-08  8.39035579e-08  8.38866754e-08  8.38223855e-08
  8.38216465e-08  8.37672474e-08  8.38223855e-08  1.23444011e-09
  1.23529276e-09  1.24475719e-09  1.23449695e-09  1.23534960e-09
  1.24475719e-09]
Optimization terminated successfully    (Exit mode 0)
            Current function value: 94.5531105117644
            Iterations: 5
            Function evaluations: 32
            Gradient evaluations: 5
New op index: 4	$R_Y$[1]
Current grad: 4.456089944314055
94.5531105117644 
 [-1.63330569e-07 -1.74440103e-07 -1.58578828e-07  9.94759830e-14
  7.20594105e-01  0.00000000e+00 -2.20531803e-07 -1.90826555e-07
 -2.13918327e-07  7.10542736e-14  7.17734904e-01  0.00000000e+00
 -1.65660907e-08 -1.34287603e-08 -1.65660907e-08  7.10542736e-14
  7.16262985e-01  0.00000000e+00  2.49375134e-07  2.76475930e-07
  2.50743611e-07  1.13686838e-13  7.16263588e-01  0.00000000e+00
 -1.69472656e-07 -1.52503148e-07 -1.58514766e-07 -2.20531803e-07
 -2.34085647e-07 -2.14620158e-07 -2.26337932e-07 -2.14705366e-07
 -2.14620158e-07 -1.65660907e-08 -1.65660907e-08 -1.65660907e-08
 -1.65660907e-08 -1.65660907e-08 -1.65660907e-08  2.49375134e-07
  2.61007173e-07  2.50743611e-07  2.58123521e-07  2.48131954e-07
  2.50743611e-07]
Optimization terminated successfully    (Exit mode 0)
            Current function value: 93.80875776868058
            Iterations: 12
            Function evaluations: 78
            Gradient evaluations: 12
New op index: 16	$R_Y$[5]
Current grad: 144.13360726647886
93.80875776868058 
 [ 2.62381832e-08 -4.42197035e-07  2.68869513e-08 -1.20538459e-07
  2.37679387e-08 -8.41804138e-08  1.41058365e-09 -4.59395068e-07
  2.42541347e-08  2.84217094e-14  4.63470796e+01  0.00000000e+00
 -2.05007495e-08 -3.16537410e-08 -2.05006501e-08  9.94759830e-14
  4.82858934e+01  0.00000000e+00  3.60580827e-08  3.42845254e-08
  3.60684567e-08  0.00000000e+00  4.82858791e+01  0.00000000e+00
 -9.31109412e-08 -5.21436760e-08  5.45517764e-08 -2.78232335e-08
 -2.60567816e-08  3.67830921e-08  2.42535805e-08  9.13459530e-09
  2.42541347e-08 -2.05007495e-08 -2.05008774e-08 -2.05006501e-08
 -2.05007780e-08 -2.05007780e-08 -2.05006501e-08  3.60580827e-08
  3.60204950e-08  3.60547574e-08  3.56819072e-08  3.59885064e-08
  3.60547574e-08]
Optimization terminated successfully    (Exit mode 0)
            Current function value: 43.32599620711941
            Iterations: 6
            Function evaluations: 52
            Gradient evaluations: 6
New op index: 22	$R_Y$[7]
Current grad: 2.2230711163245562
43.32599620711941 
 [-1.80889153e-07 -2.01603008e-07 -1.85822586e-07 -2.58028201e-07
 -1.99218647e-07 -1.69710894e-07 -1.87397518e-07 -2.02418185e-07
 -1.86073130e-07  4.97379915e-14  1.10376442e+00  0.00000000e+00
 -5.79938302e-08 -4.93081984e-08 -5.21126111e-08 -2.58033666e-07
 -2.02742640e-07 -2.10357051e-07 -1.79700827e-07 -2.00163853e-07
 -1.85322676e-07  0.00000000e+00  1.10383366e+00  0.00000000e+00
  2.74356893e-09  2.69510991e-09 -5.71148817e-08  2.70135558e-09
  2.70138401e-09 -8.38245384e-08 -1.87397518e-07 -1.80343513e-07
 -1.86073130e-07 -5.79938302e-08 -5.79009409e-08 -5.21126111e-08
 -6.13979978e-11 -2.69082534e-11  5.56354962e-11  3.47192497e-10
  3.47547768e-10 -1.16878603e-07 -1.80114874e-07 -1.80089650e-07
 -1.85322676e-07]
Optimization terminated successfully    (Exit mode 0)
            Current function value: 42.21974972802666
            Iterations: 6
            Function evaluations: 55
            Gradient evaluations: 6
New op index: 10	$R_Y$[3]
Current grad: 51.11528572710785
42.21974972802666 
 [-7.55306928e-12 -1.68871068e-08  1.81898940e-12 -4.18695272e-07
 -3.59658934e-07 -4.03521483e-07 -6.07514039e-12 -1.97743546e-08
  1.85451654e-12  0.00000000e+00  5.11073814e+01  0.00000000e+00
 -4.67699017e-07  1.12041931e-09 -3.73306861e-08  1.82028401e-08
  1.37636391e-09  1.63699738e-08 -2.79032335e-07 -3.29063248e-07
 -2.78988274e-07  7.21691151e-10 -1.61528675e-08 -4.46821957e-09
 -9.51630156e-07 -6.02830625e-06 -9.40210039e-04 -9.64460035e-06
 -3.51243763e-07 -1.60341251e-07  1.66977543e-12 -3.80850906e-12
  1.85451654e-12 -4.67699017e-07 -4.67739966e-07 -3.73306861e-08
 -1.79917926e-07 -1.35454705e-07 -2.76389144e-07 -3.48015874e-08
 -3.58033247e-08 -2.47617173e-07 -4.92113571e-07 -4.43059292e-07
 -5.08331865e-08]
Optimization terminated successfully    (Exit mode 0)
            Current function value: -8.88888888888603
            Iterations: 2
            Function evaluations: 23
            Gradient evaluations: 2
New op index: 29	$R_{ZZ}$[1, 2]
Current grad: 3.4185244582400284e-05
-8.88888888888603 
 [-1.79517158e-07 -2.01864864e-07 -1.85652439e-07 -1.81398406e-07
 -2.02148740e-07 -1.86126968e-07 -2.26539818e-07 -2.02001303e-07
 -1.85980845e-07 -1.85576667e-07 -2.02097738e-07 -1.86213157e-07
 -1.83498251e-07 -2.02084770e-07 -1.86229030e-07 -1.78054862e-07
 -2.02130366e-07 -1.86851594e-07 -1.82252919e-07 -2.02024303e-07
 -1.85986650e-07 -1.93570820e-07 -2.01375531e-07 -1.86030064e-07
 -3.78321374e-10 -3.78321374e-10 -1.02858166e-10 -4.36983782e-12
 -4.36983782e-12  2.18136620e-12 -5.87618842e-12 -5.87618842e-12
 -1.13068666e-10 -2.26094699e-11 -2.26094699e-11 -1.56217794e-09
 -2.80095946e-11 -2.80095946e-11  8.52651283e-14 -2.39754115e-07
 -2.39754115e-07 -4.02912057e-07 -2.11564100e-12 -2.11564100e-12
 -1.82431847e-12]
Precision cutoff reached.
Calculating energies for FreeWilson2D(N_x=2, N_y=2, mass=-3.333, r=1.000)
h_im: 0.0
New op index: 10	$R_Y$[3]
Current grad: 7.333333333333327
242.49999999999991 
 [42.         42.66666666 42.         42.         43.16666667 42.
 42.         43.16666667 42.         42.         43.33333333 43.
 42.         43.33333333 43.         42.         43.16666667 42.
 42.         43.16666667 42.         42.         42.66666666 42.
 42.         42.         42.         42.         42.         42.
 42.         43.         43.         42.         42.         42.
 42.         43.         43.         42.         42.         42.
 42.         42.         42.        ]
Optimization terminated successfully    (Exit mode 0)
            Current function value: 199.16666666795544
            Iterations: 1
            Function evaluations: 2
            Gradient evaluations: 1
New op index: 16	$R_Y$[5]
Current grad: 279.4550257169319
199.16666666795544 
 [ 0.00000000e+00  4.06649976e+01  0.00000000e+00  0.00000000e+00
  3.88316643e+01  0.00000000e+00  0.00000000e+00  4.03649753e+01
  0.00000000e+00  0.00000000e+00 -4.77086814e-10  0.00000000e+00
  0.00000000e+00  3.86328147e+01  0.00000000e+00  0.00000000e+00
  4.11649976e+01  0.00000000e+00  0.00000000e+00  3.88316643e+01
  0.00000000e+00  0.00000000e+00  4.06649976e+01  0.00000000e+00
  0.00000000e+00  0.00000000e+00  0.00000000e+00  0.00000000e+00
  0.00000000e+00  0.00000000e+00  0.00000000e+00  0.00000000e+00
  0.00000000e+00  0.00000000e+00  0.00000000e+00  0.00000000e+00
  0.00000000e+00  0.00000000e+00  0.00000000e+00  0.00000000e+00
  0.00000000e+00  0.00000000e+00  0.00000000e+00  0.00000000e+00
  0.00000000e+00]
Optimization terminated successfully    (Exit mode 0)
            Current function value: 148.16419962232968
            Iterations: 5
            Function evaluations: 21
            Gradient evaluations: 5
New op index: 4	$R_Y$[1]
Current grad: 4.495442240584858
148.16419962232968 
 [ 1.13686838e-13  6.64234930e-01  1.13686838e-13  1.98951966e-13
  1.16909840e+00  1.98951966e-13  1.13686838e-13  6.59303726e-01
  1.13686838e-13 -1.30583828e-08  6.72827127e-10 -9.47710532e-09
  1.98951966e-13  3.33309094e-01  0.00000000e+00 -1.91457815e-07
 -2.03522234e-07 -1.91457815e-07  1.98951966e-13  3.35279149e-01
  0.00000000e+00  1.70530257e-13  6.64234930e-01  1.70530257e-13
  1.98951966e-13  1.98951966e-13  1.98951966e-13  1.13686838e-13
  1.13686838e-13  1.13686838e-13 -1.30583828e-08 -1.30611681e-08
 -9.47710532e-09 -1.29405748e-08 -1.31090303e-08 -9.47710532e-09
 -1.91457815e-07 -1.91457815e-07 -1.91457815e-07 -1.91457815e-07
 -1.91457815e-07 -1.91457815e-07  1.70530257e-13  0.00000000e+00
  0.00000000e+00]
Optimization terminated successfully    (Exit mode 0)
            Current function value: 146.83333335170437
            Iterations: 5
            Function evaluations: 23
            Gradient evaluations: 5
New op index: 22	$R_Y$[7]
Current grad: 200.66550611380953
146.83333335170437 
 [ 0.00000000e+00  4.01693143e+01  0.00000000e+00  1.77157062e-08
 -3.43512056e-07  1.77244601e-08  0.00000000e+00  4.01693312e+01
  0.00000000e+00 -2.43625209e-09 -1.20652999e-09 -2.43625209e-09
  0.00000000e+00  3.85410378e+01  0.00000000e+00 -4.59463593e-07
 -4.11000656e-07 -4.49495957e-07  5.68434189e-14  3.88360868e+01
  0.00000000e+00  5.68434189e-14  4.06662406e+01  5.68434189e-14
  1.77157062e-08  1.77157062e-08  1.77157062e-08  1.77157062e-08
  1.77157062e-08  1.77157062e-08 -2.43625209e-09 -2.43625209e-09
 -2.43625209e-09 -2.43625209e-09 -2.43625209e-09 -2.43625209e-09
 -4.59463593e-07 -4.60089780e-07 -4.50433873e-07 -4.59913252e-07
 -4.59745365e-07 -4.50433873e-07  5.68434189e-14  0.00000000e+00
  0.00000000e+00]
Optimization terminated successfully    (Exit mode 0)
            Current function value: 96.33086668503117
            Iterations: 7
            Function evaluations: 43
            Gradient evaluations: 7
New op index: 19	$R_Y$[6]
Current grad: 2.6770784799704455
96.33086668503117 
 [ 0.00000000e+00  3.31373492e-01  0.00000000e+00  6.28901518e-08
  5.08254061e-08  6.07535640e-08  2.84217094e-14  3.31373886e-01
  0.00000000e+00  1.58312616e-08  2.88202102e-08  1.90152747e-08
  2.84217094e-14  3.33319226e-01  0.00000000e+00 -1.87513677e-07
 -2.03700637e-07 -1.91351589e-07  0.00000000e+00  3.35295562e-01
  0.00000000e+00 -8.37293612e-09 -4.73218194e-08 -1.05705737e-08
  6.28901518e-08  6.34334896e-08  6.06163582e-08  6.28734682e-08
  6.34458388e-08  6.06163582e-08  1.58312616e-08  6.63472122e-09
  1.90152747e-08  1.58301248e-08  7.25921723e-09  1.90152747e-08
 -1.87513677e-07 -1.84120495e-07 -1.90691225e-07 -1.87503687e-07
 -1.83959244e-07 -1.90691225e-07 -8.37293612e-09 -8.51430570e-09
 -1.13472396e-08]
Optimization terminated successfully    (Exit mode 0)
            Current function value: 95.98748965283846
            Iterations: 9
            Function evaluations: 60
            Gradient evaluations: 9
New op index: 1	$R_Y$[0]
Current grad: 124.71783976054242
95.98748965283846 
 [ 4.26325641e-14  4.15199878e+01  0.00000000e+00 -1.68201097e-09
 -5.82249555e-08 -5.58486590e-12  7.10542736e-14  4.15199877e+01
  0.00000000e+00 -5.50606671e-09 -1.36189300e-08 -5.50606671e-09
  4.26325641e-14  4.03778162e+01  0.00000000e+00 -4.29461082e-07
 -4.58039878e-07 -4.29461082e-07 -6.67352111e-08  5.73407988e-11
 -7.15814963e-10 -4.31094747e-07 -4.35085909e-07 -4.33520299e-07
 -1.68201097e-09 -3.31070282e-10  1.86162197e-12 -1.68201097e-09
 -4.90160801e-10  1.86162197e-12 -5.50606671e-09 -5.50606671e-09
 -5.50606671e-09 -5.50606671e-09 -5.50606671e-09 -5.50606671e-09
 -4.29461082e-07 -4.29461082e-07 -4.29461082e-07 -9.12815779e-09
 -2.80891996e-07 -1.94479810e-09 -2.08209912e-08 -4.86984675e-08
 -3.05816599e-07]
Optimization terminated successfully    (Exit mode 0)
            Current function value: 45.99259882981241
            Iterations: 6
            Function evaluations: 50
            Gradient evaluations: 6
New op index: 7	$R_Y$[2]
Current grad: 1.3369742742188544
45.99259882981241 
 [-2.43247101e-07 -2.27654084e-07 -1.01117131e-07 -1.29810765e-07
 -1.63284454e-07 -1.26507338e-07  2.06057393e-13  6.59347414e-01
  0.00000000e+00  6.97204214e-08  8.18904695e-08  7.20830400e-08
  2.06057393e-13  6.59301892e-01  0.00000000e+00 -1.21459905e-07
 -1.62930426e-07 -1.26110770e-07 -2.47593817e-07 -2.27961692e-07
 -8.47775112e-08 -1.19596862e-07 -1.61525307e-07 -1.25204892e-07
  1.02472342e-09  1.02472342e-09 -1.01099381e-07 -1.30021768e-07
 -1.30014662e-07 -1.26512347e-07  6.97204214e-08  7.21590467e-08
  7.20830400e-08  6.97303193e-08  6.96750106e-08  7.20830400e-08
 -1.21459905e-07 -1.21475573e-07 -1.25647922e-07  8.22872437e-10
  8.22900859e-10 -8.66842527e-08  8.58797478e-10  8.58747740e-10
 -6.83002739e-08]
Optimization terminated successfully    (Exit mode 0)
            Current function value: 45.330863958688376
            Iterations: 2
            Function evaluations: 21
            Gradient evaluations: 2
New op index: 13	$R_Y$[4]
Current grad: 50.67688829101797
45.330863958688376 
 [ 6.03562589e-06  6.03817708e-06 -1.56491903e-06  5.79285810e-08
 -1.35052318e-07 -1.00499641e-07 -9.79810011e-10  6.44035936e-10
 -1.33679008e-05  4.68210928e-08  5.06210185e-08  4.86253242e-08
  7.81597009e-14  5.06592040e+01  0.00000000e+00 -1.45081458e-09
 -1.57889701e-10 -1.66451031e-09 -3.14704415e-07 -3.25049001e-07
 -7.75594984e-08 -1.37599443e-09 -1.07171161e-10 -1.83996463e-09
 -1.62894135e-05 -1.63164164e-05 -5.26293931e-07 -5.86854370e-08
  3.31328778e-08 -1.11326610e-05 -1.17112757e+00 -1.17112757e+00
 -1.17112754e+00 -4.24002060e-07 -4.26676344e-07  4.86253242e-08
 -1.45081458e-09 -1.34753719e-09 -1.55465329e-09 -1.17355245e+00
 -1.17355245e+00 -1.17355218e+00  3.34893642e-08  5.23641503e-08
 -2.02108835e-05]
Optimization terminated successfully    (Exit mode 0)
            Current function value: -5.3333333331629005
            Iterations: 2
            Function evaluations: 23
            Gradient evaluations: 2
New op index: 38	$R_{ZZ}$[4, 5]
Current grad: 0.00033946897656835716
-5.3333333331629005 
 [-1.24303746e-07 -1.62434254e-07 -1.25005535e-07 -1.34506990e-07
 -1.62703728e-07 -1.25354305e-07 -1.30658755e-07 -1.62271370e-07
 -1.25691855e-07 -1.67016481e-07 -1.62831186e-07 -1.25328491e-07
 -1.29851870e-07 -1.61853393e-07 -1.25098062e-07 -1.23667604e-07
 -1.62286398e-07 -1.25630471e-07 -1.44513166e-07 -1.62975198e-07
 -1.25217767e-07 -1.36302641e-07 -1.62977521e-07 -1.25587733e-07
  4.76836348e-11  4.76836348e-11  4.76836348e-11  2.25384156e-11
  2.25384156e-11  3.66213726e-11  3.61737307e-11  3.61737307e-11
 -2.60446456e-08 -1.90549585e-08 -1.90549585e-08 -3.59003227e-09
  5.35536060e-11  5.35536060e-11  5.88329385e-11  5.41282574e-11
  5.41282574e-11  5.69286840e-11  2.56035193e-11  2.56035193e-11
 -2.09010011e-07]
Precision cutoff reached.
Calculating energies for FreeWilson2D(N_x=2, N_y=2, mass=-2.444, r=1.000)
h_im: 0.0
New op index: 10	$R_Y$[3]
Current grad: 3.777777777777775
242.49999999999991 
 [42.         42.22222214 42.         42.         42.72222222 42.
 42.         42.72222222 42.         42.         43.04715871 43.
 42.         43.04715871 43.         42.         42.72222222 42.
 42.         42.72222222 42.         42.         42.22222213 42.
 42.         42.         42.         42.         42.         42.
 42.         43.         43.         42.         42.         42.
 42.         43.         43.         42.         42.         42.
 42.         42.         42.        ]
Optimization terminated successfully    (Exit mode 0)
            Current function value: 199.45284129006737
            Iterations: 1
            Function evaluations: 2
            Gradient evaluations: 1
New op index: 16	$R_Y$[5]
Current grad: 141.35660567247663
199.45284129006737 
 [ 0.00000000e+00  2.05499686e+01  0.00000000e+00  0.00000000e+00
  1.96055241e+01  0.00000000e+00  0.00000000e+00  2.00931553e+01
  0.00000000e+00  0.00000000e+00 -2.10452669e-07  0.00000000e+00
  0.00000000e+00  1.94506754e+01  0.00000000e+00  0.00000000e+00
  2.10499686e+01  0.00000000e+00  0.00000000e+00  1.96055240e+01
  0.00000000e+00  0.00000000e+00  2.05499686e+01  0.00000000e+00
  0.00000000e+00  0.00000000e+00  0.00000000e+00  0.00000000e+00
  0.00000000e+00  0.00000000e+00  0.00000000e+00  0.00000000e+00
  0.00000000e+00  0.00000000e+00  0.00000000e+00  0.00000000e+00
  0.00000000e+00  0.00000000e+00  0.00000000e+00  0.00000000e+00
  0.00000000e+00  0.00000000e+00  0.00000000e+00  0.00000000e+00
  0.00000000e+00]
Optimization terminated successfully    (Exit mode 0)
            Current function value: 149.05306667917387
            Iterations: 7
            Function evaluations: 27
            Gradient evaluations: 7
New op index: 4	$R_Y$[1]
Current grad: 1.8283647853189249
149.05306667917387 
 [ 0.00000000e+00  2.19744405e-01  0.00000000e+00  5.68434189e-14
  7.24699978e-01  5.68434189e-14  0.00000000e+00  2.14766785e-01
  0.00000000e+00 -5.19236210e-10  1.13686838e-13 -5.19236210e-10
  0.00000000e+00  4.77360853e-02  0.00000000e+00 -1.32524832e-07
 -1.72824116e-07 -1.35312121e-07  0.00000000e+00  4.81697226e-02
  0.00000000e+00  0.00000000e+00  2.19744400e-01  0.00000000e+00
  5.68434189e-14  5.68434189e-14  5.68434189e-14  0.00000000e+00
  0.00000000e+00  0.00000000e+00 -5.19236210e-10 -5.19236210e-10
 -5.19236210e-10 -5.19236210e-10 -5.19236210e-10 -5.19236210e-10
 -1.32524832e-07 -1.32279951e-07 -1.35312121e-07 -1.31713023e-07
 -1.31513048e-07 -1.35312121e-07  0.00000000e+00  0.00000000e+00
  0.00000000e+00]
Optimization terminated successfully    (Exit mode 0)
            Current function value: 148.00839679516264
            Iterations: 8
            Function evaluations: 36
            Gradient evaluations: 8
New op index: 22	$R_Y$[7]
Current grad: 101.72269280740821
148.00839679516264 
 [ 0.00000000e+00  2.00283529e+01  0.00000000e+00 -6.98451004e-08
 -1.26855952e-07 -6.94141988e-08  0.00000000e+00  2.00283520e+01
  0.00000000e+00 -5.69840495e-08 -2.55027402e-07 -5.69840495e-08
  0.00000000e+00  1.91436741e+01  0.00000000e+00 -2.48117516e-07
 -1.71694438e-07 -2.48117516e-07  0.00000000e+00  1.95840442e+01
  0.00000000e+00  0.00000000e+00  2.05222630e+01  0.00000000e+00
 -6.98451004e-08 -6.98451004e-08 -6.98451004e-08 -6.98451004e-08
 -6.98451004e-08 -6.98451004e-08 -5.69840495e-08 -5.69840495e-08
 -5.69840495e-08 -5.69840495e-08 -5.69840495e-08 -5.69840495e-08
 -2.48117516e-07 -2.48117516e-07 -2.48117516e-07 -2.48117516e-07
 -2.48117516e-07 -2.48117516e-07  0.00000000e+00  0.00000000e+00
  0.00000000e+00]
Optimization terminated successfully    (Exit mode 0)
            Current function value: 98.1086222360484
            Iterations: 8
            Function evaluations: 48
            Gradient evaluations: 8
New op index: 19	$R_Y$[6]
Current grad: 0.8893847659675982
98.1086222360484 
 [ 0.00000000e+00  4.61573262e-02  0.00000000e+00 -1.34533764e-07
 -1.70500371e-07 -1.34511779e-07  0.00000000e+00  4.61573300e-02
  0.00000000e+00 -1.48087054e-09  1.85451654e-11 -5.12315523e-10
  0.00000000e+00  4.77373802e-02  0.00000000e+00 -1.40618894e-07
 -1.68632212e-07 -1.32437009e-07  0.00000000e+00  4.81695716e-02
  0.00000000e+00 -5.51703607e-08 -4.58836951e-08 -5.29359880e-08
 -1.34533764e-07 -1.34533536e-07 -1.34511779e-07 -1.34533764e-07
 -1.34533536e-07 -1.34511779e-07 -1.48087054e-09 -4.08558236e-08
 -5.12315523e-10 -8.26996569e-08 -4.46573978e-08 -5.12315523e-10
 -1.40618894e-07 -1.32185178e-07 -1.32437009e-07 -1.47897012e-07
 -1.31820102e-07 -1.32437009e-07 -5.51703607e-08 -5.07480422e-08
 -5.29359880e-08]
Optimization terminated successfully    (Exit mode 0)
            Current function value: 98.0597390129939
            Iterations: 4
            Function evaluations: 29
            Gradient evaluations: 4
New op index: 1	$R_Y$[0]
Current grad: 62.796958565101235
98.0597390129939 
 [ 8.52651283e-14  2.05777555e+01  0.00000000e+00  6.83784819e-07
  5.96634351e-07  6.84200131e-07  8.52651283e-14  2.05777535e+01
  0.00000000e+00 -1.03746189e-07 -3.21590790e-08 -1.03746189e-07
  8.52651283e-14  2.01696432e+01  0.00000000e+00 -3.22258032e-07
 -1.64588641e-07 -3.29734874e-07 -2.33218643e-07 -1.89190658e-07
 -3.55854013e-10  2.20633341e-06  2.29181822e-06  2.20633341e-06
  6.83784819e-07  6.83790219e-07  6.84109537e-07  6.83784819e-07
  6.83790219e-07  6.84109537e-07 -1.03746189e-07 -1.03746189e-07
 -1.03746189e-07 -1.03746189e-07 -1.03746189e-07 -1.03746189e-07
 -3.22258032e-07 -3.22191482e-07 -3.29734874e-07 -9.11678910e-09
 -2.18548266e-07 -7.30232017e-08  2.37692539e-06  2.01232196e-06
  2.42855501e-06]
Optimization terminated successfully    (Exit mode 0)
            Current function value: 48.65919991549344
            Iterations: 10
            Function evaluations: 87
            Gradient evaluations: 10
New op index: 13	$R_Y$[4]
Current grad: 0.44483582341266575
48.65919991549344 
 [-1.99368216e-07 -2.25044168e-07 -6.75090064e-08 -5.40582619e-08
 -4.87591336e-08 -5.39716893e-08  0.00000000e+00  2.14826719e-01
  0.00000000e+00 -1.15870336e-09  6.80294931e-10  1.11540999e-10
  0.00000000e+00  2.14964219e-01  0.00000000e+00 -5.70731302e-08
 -4.71560497e-08 -5.32895044e-08 -2.06576864e-07 -2.25289554e-07
 -9.54158210e-08 -5.40962617e-08 -4.62773428e-08 -5.24393826e-08
 -4.90985030e-11 -1.53816714e-07 -6.96341758e-08 -5.40582619e-08
 -5.40582619e-08 -5.39716893e-08 -1.15870336e-09 -1.15895915e-09
  1.11540999e-10 -1.14004450e-09 -1.14018661e-09  1.11540999e-10
 -5.70731302e-08 -5.72682737e-08 -5.33018323e-08  1.61364255e-11
 -1.39643760e-07 -5.93117448e-08  8.46611670e-11 -1.37603706e-10
 -6.24060803e-08]
Optimization terminated successfully    (Exit mode 0)
            Current function value: 48.43803666786959
            Iterations: 10
            Function evaluations: 87
            Gradient evaluations: 10
New op index: 7	$R_Y$[2]
Current grad: 49.37522716602973
48.43803666786959 
 [-4.81226294e-08 -4.30760849e-09 -2.13693632e-07 -1.96679366e-07
 -5.09800202e-10 -1.93794847e-07  2.13162821e-14  4.93684278e+01
  0.00000000e+00  2.55464201e-08  2.46141312e-08  2.55464201e-08
 -1.18416750e-07 -1.53694288e-07 -3.25777947e-08 -4.27890328e-08
 -3.62656749e-09 -1.01474299e-07  4.10683114e-08  1.39965550e-08
 -3.64626182e-07  3.82430443e-09  4.19628776e-09 -1.89134752e-08
 -7.15246198e-01 -7.15246182e-01 -7.15246197e-01 -1.96679366e-07
 -1.96679366e-07 -1.96679366e-07  2.55464201e-08  2.55464201e-08
  2.55464201e-08 -4.32858464e-07 -4.31527447e-07  2.67461502e-08
 -4.83629465e-01 -4.83629468e-01 -4.83629466e-01  1.24929045e-08
  9.17769682e-09 -6.80986990e-01 -2.21439642e-07 -4.42835812e-08
  3.18992974e-08]
Optimization terminated successfully    (Exit mode 0)
            Current function value: -1.7777777050767205
            Iterations: 6
            Function evaluations: 63
            Gradient evaluations: 6
New op index: 35	$R_{ZZ}$[3, 4]
Current grad: 0.005746952723609057
-1.7777777050767205 
 [-5.20121830e-08 -4.54925555e-08 -5.18553946e-08 -5.14176932e-08
 -4.60741489e-08 -5.25402442e-08 -6.64747546e-08 -4.61313405e-08
 -5.24107762e-08 -4.55524116e-08 -2.74007022e-08 -3.37741568e-08
 -2.57915715e-08 -1.59874105e-08 -2.22482939e-08 -5.14720426e-08
 -4.57984868e-08 -5.20761390e-08 -5.57728654e-08 -2.73015601e-08
 -3.35708918e-08 -6.14415090e-08 -4.60085332e-08 -5.25017239e-08
  1.23873178e-09  1.23873178e-09  1.24026656e-09  7.77696130e-10
  7.77696130e-10  7.96667621e-10  1.93010479e-08  1.93010479e-08
  1.93010479e-08  4.88063776e-08  4.87856298e-08  4.93512573e-08
  2.94457863e-08  2.94457863e-08  3.13216191e-08 -5.77064938e-08
 -5.77064938e-08  2.03623713e-08  1.98925496e-08  1.98925496e-08
  1.98899053e-08]
Precision cutoff reached.
Calculating energies for FreeWilson2D(N_x=2, N_y=2, mass=-1.556, r=1.000)
h_im: 0.0
New op index: 13	$R_Y$[4]
Current grad: 1.9999999999999984
242.49999999999991 
 [42.         42.22222215 42.         42.         42.2777777  42.
 42.         42.2777777  42.         42.         43.0471587  43.
 42.         43.04715871 43.         42.         42.27777768 42.
 42.         42.27777771 42.         42.         42.22222214 42.
 42.         42.         42.         42.         42.         42.
 42.         43.         43.         42.         42.         42.
 42.         43.         43.         42.         42.         42.
 42.         42.         42.        ]
Optimization terminated successfully    (Exit mode 0)
            Current function value: 199.4528412941388
            Iterations: 1
            Function evaluations: 2
            Gradient evaluations: 1
New op index: 16	$R_Y$[5]
Current grad: 143.27536035336314
199.4528412941388 
 [ 8.52651283e-14  2.05507015e+01  8.52651283e-14  8.52651283e-14
  2.06062570e+01  8.52651283e-14  8.52651283e-14  2.00507013e+01
  8.52651283e-14  8.52651283e-14  1.94514040e+01  0.00000000e+00
  0.00000000e+00 -2.11311118e-07  0.00000000e+00  8.52651283e-14
  2.10075114e+01  8.52651283e-14  8.52651283e-14  2.06062570e+01
  8.52651283e-14  8.52651283e-14  2.05507015e+01  8.52651283e-14
  8.52651283e-14  8.52651283e-14  8.52651283e-14  8.52651283e-14
  8.52651283e-14  8.52651283e-14  8.52651283e-14  0.00000000e+00
  0.00000000e+00  0.00000000e+00  0.00000000e+00  0.00000000e+00
  0.00000000e+00  0.00000000e+00  0.00000000e+00  8.52651283e-14
  8.52651283e-14  8.52651283e-14  8.52651283e-14  8.52651283e-14
  8.52651283e-14]
Optimization terminated successfully    (Exit mode 0)
            Current function value: 149.54560087828875
            Iterations: 6
            Function evaluations: 24
            Gradient evaluations: 6
New op index: 7	$R_Y$[2]
Current grad: 1.4476993130977656
149.54560087828875 
 [ 1.98951966e-13  2.12254609e-01  1.98951966e-13  1.70530257e-13
  2.67810087e-01  1.70530257e-13  1.98951966e-13  2.87745297e-01
  1.98951966e-13  1.98951966e-13  2.22417955e-01  0.00000000e+00
  8.75219541e-08 -1.03210112e-07  8.75219541e-08 -5.08988478e-08
 -4.58023237e-08 -5.08988478e-08  1.70530257e-13  2.22423717e-01
  0.00000000e+00  1.98951966e-13  2.12254610e-01  1.98951966e-13
  1.70530257e-13  1.70530257e-13  1.70530257e-13  1.98951966e-13
  1.98951966e-13  1.98951966e-13  1.98951966e-13  0.00000000e+00
  0.00000000e+00  8.75219541e-08  8.75219541e-08  8.75219541e-08
  8.82362485e-08  8.82362485e-08  8.82362485e-08 -5.08988478e-08
 -5.08988478e-08 -5.08988478e-08  1.98951966e-13  0.00000000e+00
  0.00000000e+00]
Optimization terminated successfully    (Exit mode 0)
            Current function value: 148.47560617418432
            Iterations: 7
            Function evaluations: 33
            Gradient evaluations: 7
New op index: 22	$R_Y$[7]
Current grad: 53.89972621384879
148.47560617418432 
 [ 0.00000000e+00  1.10681554e+01  0.00000000e+00  0.00000000e+00
  1.01354751e+01  0.00000000e+00 -2.54893422e-07 -2.15095525e-07
 -2.54893422e-07  0.00000000e+00  9.57347924e+00  0.00000000e+00
  6.84963197e-12 -1.93743688e-08  2.48121523e-11 -1.62724859e-07
 -3.47194145e-07 -1.68225739e-07  0.00000000e+00  1.01468256e+01
  0.00000000e+00  0.00000000e+00  1.10681554e+01  0.00000000e+00
  0.00000000e+00  0.00000000e+00  0.00000000e+00 -2.54893422e-07
 -2.54893422e-07 -2.54893422e-07 -2.54893422e-07 -2.54893422e-07
 -2.54893422e-07  6.84963197e-12  3.38786776e-11  2.48121523e-11
 -2.53154155e-08 -3.57687497e-08 -2.22173725e-07 -1.73072721e-07
 -1.62441324e-07 -1.67599211e-07  0.00000000e+00  0.00000000e+00
  0.00000000e+00]
Optimization terminated successfully    (Exit mode 0)
            Current function value: 99.0456007906531
            Iterations: 8
            Function evaluations: 48
            Gradient evaluations: 8
New op index: 10	$R_Y$[3]
Current grad: 1.4090610926152625
99.0456007906531 
 [ 4.26325641e-14  2.12316673e-01  4.26325641e-14  7.10542736e-14
  5.12562775e-02  0.00000000e+00 -6.11125159e-08 -6.63542750e-08
 -6.25436627e-08  5.68434189e-14  3.82189715e-01  0.00000000e+00
  2.62033950e-10 -1.90292141e-07  2.62033950e-10 -5.22282875e-08
 -4.67346837e-08 -5.30372972e-08  5.68434189e-14  2.22388626e-01
  0.00000000e+00 -5.09252800e-08 -4.34153691e-08 -5.09252800e-08
  7.10542736e-14  0.00000000e+00  0.00000000e+00 -6.11125159e-08
 -6.45309655e-08 -6.25436627e-08 -6.03769621e-08 -6.50075123e-08
 -6.25436627e-08  2.62033950e-10  2.62033950e-10  2.62033950e-10
  1.50961910e-10  1.38996370e-10  1.57555746e-10 -5.19681720e-08
 -5.19278842e-08 -5.30372972e-08 -5.09252800e-08 -5.09252800e-08
 -5.09252800e-08]
Optimization terminated successfully    (Exit mode 0)
            Current function value: 98.64181147372379
            Iterations: 9
            Function evaluations: 61
            Gradient evaluations: 9
New op index: 1	$R_Y$[0]
Current grad: 130.50768875641214
98.64181147372379 
 [ 0.00000000e+00  4.37986696e+01  0.00000000e+00  1.42108547e-13
  4.26835004e+01  0.00000000e+00 -2.96624023e-08 -4.11444603e-08
 -2.98649354e-08  3.37516326e-09 -1.52660945e-07 -1.48452301e-07
  2.10590656e-09  2.98328473e-09  2.60926925e-09 -4.27035232e-07
 -4.26167276e-07 -4.26418282e-07  0.00000000e+00  4.28667287e+01
  0.00000000e+00 -4.19471732e-07 -4.26849610e-07 -4.24574921e-07
  1.42108547e-13  0.00000000e+00  0.00000000e+00 -2.96624023e-08
 -2.93808142e-08 -2.98649354e-08 -1.46215996e-07 -1.29654907e-07
 -4.02211526e-08  1.65442771e-10 -2.33333651e-07 -7.45303055e-08
 -4.21877644e-09 -4.11108658e-09 -3.86170029e-09 -4.27035232e-07
 -4.27033314e-07 -4.26663590e-07 -4.19471732e-07 -4.19540370e-07
 -4.24574921e-07]
Optimization terminated successfully    (Exit mode 0)
            Current function value: 48.60613348883389
            Iterations: 6
            Function evaluations: 49
            Gradient evaluations: 6
New op index: 4	$R_Y$[1]
Current grad: 0.45576473082912516
48.60613348883389 
 [-5.19890477e-08 -4.49290951e-08 -5.19890477e-08  0.00000000e+00
  4.87480146e-02  0.00000000e+00 -6.28814192e-08 -6.63852902e-08
 -6.23918197e-08 -2.62489777e-07 -2.21207024e-07 -1.32050275e-07
 -1.35694052e-08  1.63753100e-09 -1.07749614e-08 -1.29421068e-07
 -1.70958181e-07 -1.34258407e-07  0.00000000e+00  4.87477571e-02
  0.00000000e+00 -5.21813135e-08 -4.51749145e-08 -5.18557073e-08
 -5.19890477e-08 -5.19890477e-08 -5.19890477e-08 -6.28814192e-08
 -6.28790318e-08 -6.23918197e-08 -1.73286253e-07 -1.68642920e-07
 -2.69489313e-07  7.50382867e-09  7.51138174e-09  7.36596206e-09
  1.98613748e-09  1.98900096e-09  1.98794226e-09 -1.38457459e-07
 -1.40608748e-07 -1.33916323e-07 -5.21813135e-08 -5.21813135e-08
 -5.21813135e-08]
Optimization terminated successfully    (Exit mode 0)
            Current function value: 48.55620455213753
            Iterations: 6
            Function evaluations: 56
            Gradient evaluations: 6
New op index: 19	$R_Y$[6]
Current grad: 20.79710640148633
48.55620455213753 
 [-2.67761202e-07 -1.56947316e-07 -2.67538951e-07  5.94894516e-08
 -2.72556171e-07  5.91555533e-08 -1.02234551e-07 -1.27475843e-07
 -1.05081142e-07 -1.04062046e-07 -1.53598748e-07 -7.99649058e-09
 -9.50567625e-08 -4.80791371e-08 -9.33546431e-08 -3.65391180e-07
 -1.63538104e-07 -3.64887562e-07  9.23705556e-14  2.03373328e+01
  0.00000000e+00 -2.78388612e-07 -1.67428823e-07 -2.78388612e-07
  4.34078871e-08  7.08349148e-08  6.98355009e-08 -2.37043409e-07
  4.65511221e-08 -3.02952259e-08  5.85743010e-10  6.02973671e-10
 -5.88681104e-09 -1.70978916e-05 -1.70955887e-05  1.70334147e-09
 -1.02319149e-08 -1.02641380e-08 -1.03404147e-08 -3.65391095e-07
 -3.65387848e-07 -3.64887562e-07 -2.78388612e-07 -2.78388612e-07
 -2.78388612e-07]
Optimization terminated successfully    (Exit mode 0)
            Current function value: -0.8888882245873879
            Iterations: 10
            Function evaluations: 105
            Gradient evaluations: 10
New op index: 24	$R_{XX}$[0, 1]
Current grad: 0.021483943350524122
-0.8888882245873879 
 [ 1.25591249e-07  2.05337422e-07  1.99153199e-07 -2.07095354e-08
 -1.45605483e-08 -2.06963050e-08  5.23754562e-09  1.88102902e-08
  9.56235624e-09  2.89818445e-08  3.63563188e-08  2.95181551e-08
 -4.24422808e-09  1.52622520e-08  8.85582829e-09 -7.16449466e-09
 -1.24693145e-09 -7.65358266e-09  3.58493892e-08  6.07207724e-08
  5.14615266e-08  5.50967236e-08  6.30896213e-08  5.67407639e-08
  2.84039515e-07  2.84039515e-07  2.84012501e-07  5.08786615e-08
  5.08786615e-08  5.09791462e-08  1.01421229e-07  1.01413313e-07
  1.01421755e-07  1.42861040e-07  1.42861040e-07  1.38855811e-07
  1.07237916e-07  1.07237916e-07  1.07236538e-07  1.06157771e-07
  1.06155376e-07  1.06196275e-07  1.70460964e-07  1.70461331e-07
  1.70461423e-07]
Precision cutoff reached.
Calculating energies for FreeWilson2D(N_x=2, N_y=2, mass=-0.667, r=1.000)
h_im: 0.0
New op index: 13	$R_Y$[4]
Current grad: 3.3333333333333295
242.49999999999991 
 [42.         42.66666666 42.         42.         42.16666667 42.
 42.         42.16666667 42.         42.         43.33333333 43.
 42.         43.33333333 43.         42.         42.16666666 42.
 42.         42.16666667 42.         42.         42.66666667 42.
 42.         42.         42.         42.         42.         42.
 42.         43.         43.         42.         42.         42.
 42.         43.         43.         42.         42.         42.
 42.         42.         42.        ]
Optimization terminated successfully    (Exit mode 0)
            Current function value: 199.16666666799753
            Iterations: 1
            Function evaluations: 2
            Gradient evaluations: 1
New op index: 16	$R_Y$[5]
Current grad: 281.0548837308413
199.16666666799753 
 [0.00000000e+00 4.06649708e+01 0.00000000e+00 0.00000000e+00
 3.98316374e+01 0.00000000e+00 0.00000000e+00 4.01649707e+01
 0.00000000e+00 0.00000000e+00 3.86327878e+01 0.00000000e+00
 0.00000000e+00 3.48279627e-10 0.00000000e+00 0.00000000e+00
 4.09649934e+01 0.00000000e+00 0.00000000e+00 3.98316374e+01
 0.00000000e+00 0.00000000e+00 4.06649708e+01 0.00000000e+00
 0.00000000e+00 0.00000000e+00 0.00000000e+00 0.00000000e+00
 0.00000000e+00 0.00000000e+00 0.00000000e+00 0.00000000e+00
 0.00000000e+00 0.00000000e+00 0.00000000e+00 0.00000000e+00
 0.00000000e+00 0.00000000e+00 0.00000000e+00 0.00000000e+00
 0.00000000e+00 0.00000000e+00 0.00000000e+00 0.00000000e+00
 0.00000000e+00]
Optimization terminated successfully    (Exit mode 0)
            Current function value: 148.65679920677616
            Iterations: 5
            Function evaluations: 21
            Gradient evaluations: 5
New op index: 19	$R_Y$[6]
Current grad: 3.000244296841603
148.65679920677616 
 [ 0.00000000e+00  6.56933788e-01  0.00000000e+00  5.68434189e-14
  1.76399071e-01  5.68434189e-14  0.00000000e+00  1.56933790e-01
  0.00000000e+00  0.00000000e+00  6.66605458e-01  0.00000000e+00
  2.03897343e-10 -3.88078547e-09  2.03897343e-10 -1.25006721e-07
 -1.62121694e-07 -1.25006721e-07  5.68434189e-14  6.66607387e-01
  0.00000000e+00  0.00000000e+00  6.56933788e-01  0.00000000e+00
  5.68434189e-14  5.68434189e-14  5.68434189e-14  0.00000000e+00
  0.00000000e+00  0.00000000e+00  0.00000000e+00  0.00000000e+00
  0.00000000e+00  2.03897343e-10  2.03897343e-10  2.03897343e-10
  1.82581061e-10  1.82581061e-10  1.82581061e-10 -1.25006721e-07
 -1.25006721e-07 -1.25006721e-07  0.00000000e+00  0.00000000e+00
  0.00000000e+00]
Optimization terminated successfully    (Exit mode 0)
            Current function value: 147.82773765506684
            Iterations: 7
            Function evaluations: 32
            Gradient evaluations: 7
New op index: 1	$R_Y$[0]
Current grad: 200.59882441993128
147.82773765506684 
 [ 2.84217094e-14  4.06526173e+01  2.84217094e-14  8.52651283e-14
  3.98192840e+01  8.52651283e-14  2.84217094e-14  4.01526173e+01
  2.84217094e-14  2.84217094e-14  3.90226991e+01  0.00000000e+00
 -8.90224783e-10 -1.41247369e-09 -8.88945806e-10 -4.12393916e-07
 -3.82071960e-07 -4.12234698e-07 -1.40929046e-09 -4.82241632e-07
 -2.34002101e-07  2.84217094e-14  4.06498625e+01  0.00000000e+00
  8.52651283e-14  8.52651283e-14  8.52651283e-14  2.84217094e-14
  2.84217094e-14  2.84217094e-14  2.84217094e-14  0.00000000e+00
  0.00000000e+00 -8.90224783e-10 -8.90224783e-10 -8.88945806e-10
 -1.04745084e-08 -1.17084653e-08 -3.65521373e-08 -2.87056423e-09
 -2.87056423e-09 -2.87056423e-09 -1.40929046e-09 -1.41025680e-09
 -5.51013564e-03]
Optimization terminated successfully    (Exit mode 0)
            Current function value: 97.32839888785324
            Iterations: 7
            Function evaluations: 43
            Gradient evaluations: 7
New op index: 4	$R_Y$[1]
Current grad: 2.162390574254828
97.32839888785324 
 [-1.19744072e-07 -1.58439718e-07 -1.21577614e-07  0.00000000e+00
  6.66673363e-01  0.00000000e+00  0.00000000e+00  1.66666008e-01
  0.00000000e+00  0.00000000e+00  6.56816882e-01  0.00000000e+00
 -1.04066089e-08 -1.04563469e-10 -9.93985338e-09 -5.41909060e-08
 -9.53264134e-11 -9.79370895e-09 -1.22821774e-07 -1.64255894e-07
 -3.05957883e-07  0.00000000e+00  6.61749943e-01  0.00000000e+00
 -1.19437502e-07 -1.19437502e-07 -1.21890707e-07  0.00000000e+00
  0.00000000e+00  0.00000000e+00  0.00000000e+00  0.00000000e+00
  0.00000000e+00 -1.04066089e-08 -1.04066089e-08 -9.93985338e-09
 -2.60058641e-12 -1.31308298e-11  8.24229573e-13 -5.03916908e-11
 -3.91224830e-11 -3.50297569e-11 -1.22926807e-07 -1.22921790e-07
 -1.27369418e-07]
Optimization terminated successfully    (Exit mode 0)
            Current function value: 96.49302533782516
            Iterations: 8
            Function evaluations: 56
            Gradient evaluations: 8
New op index: 22	$R_Y$[7]
Current grad: 120.57210592302184
96.49302533782516 
 [-4.69022069e-07 -3.80713033e-07 -4.10427646e-07  5.94610583e-10
 -1.71797410e-07  5.94610583e-10  0.00000000e+00  4.06311867e+01
  0.00000000e+00  0.00000000e+00  3.90037694e+01  0.00000000e+00
  4.60514116e-09  3.97263022e-09  4.60514116e-09 -4.60222452e-07
 -3.80602899e-07 -4.10278432e-07  8.97102836e-10  1.73746173e-09
 -3.65263261e-07  0.00000000e+00  4.06311942e+01  0.00000000e+00
 -1.26212285e-09 -1.23506538e-09 -1.36674316e-09  5.94610583e-10
  5.94610583e-10  5.94610583e-10  0.00000000e+00  0.00000000e+00
  0.00000000e+00  4.60514116e-09  4.60514116e-09  4.60514116e-09
  6.65089317e-09  6.73627198e-09 -6.14574418e-08  2.19728236e-10
 -1.98312478e-10  3.24021698e-10 -1.12430598e-09  3.70874886e-10
 -5.50683783e-03]
Optimization terminated successfully    (Exit mode 0)
            Current function value: 45.995065721698694
            Iterations: 9
            Function evaluations: 76
            Gradient evaluations: 9
New op index: 7	$R_Y$[2]
Current grad: 1.3412798382351192
45.995065721698694 
 [-3.16791926e-09  6.35579056e-09 -3.40092754e-09 -1.72740656e-07
 -1.62660029e-07 -1.25985459e-07  0.00000000e+00  6.61777034e-01
  0.00000000e+00  0.00000000e+00  6.61734614e-01  0.00000000e+00
  6.59756054e-08  7.54213403e-08  6.55501680e-08 -7.68671384e-08
 -1.03177022e-07 -6.61728237e-08 -1.21199335e-07 -1.63327279e-07
 -3.02284917e-07 -9.93476519e-08 -1.34049273e-07 -9.73974679e-08
  6.41147579e-09  6.41150422e-09  6.41428954e-09 -1.72740656e-07
 -1.71294730e-07 -1.25985459e-07  0.00000000e+00  0.00000000e+00
  0.00000000e+00  6.59756054e-08  6.59756054e-08  6.55501680e-08
  1.34521635e-07  1.34521635e-07  1.34521635e-07  5.97486292e-08
  5.97486292e-08 -1.41196047e-07  1.78632646e-08  1.78632646e-08
 -1.53355060e-07]
Optimization terminated successfully    (Exit mode 0)
            Current function value: 45.33086395532547
            Iterations: 2
            Function evaluations: 21
            Gradient evaluations: 2
New op index: 10	$R_Y$[3]
Current grad: 50.676896171746954
45.33086395532547 
 [ 6.07631490e-06  6.07745345e-06  6.07554667e-06  5.04344868e-08
  5.04348137e-08  4.84754992e-08 -1.48281032e-09  4.56559235e-10
 -1.32538430e-05  0.00000000e+00  5.06592177e+01  0.00000000e+00
  4.39883507e-08  4.89320300e-08  4.69460844e-08 -1.16199317e-09
 -5.30775424e-11 -1.02902220e-09 -2.57293657e-07 -1.36741285e-07
 -1.21267504e-07 -1.99132444e-09 -1.20941479e-10 -3.15812088e-09
 -1.16923021e+00 -1.16923021e+00 -1.16923041e+00  2.47544563e-08
 -5.22687884e-08 -3.94618311e-08 -1.48263979e-09 -1.48266821e-09
 -1.47316825e-09  4.39883507e-08  4.39882655e-08  4.69460844e-08
 -1.17346640e+00 -1.17346640e+00 -1.17346638e+00 -1.94632759e-05
 -1.94725298e-05  6.00254992e-08 -9.70464953e-08 -1.50356719e-07
  2.71869283e-09]
Optimization terminated successfully    (Exit mode 0)
            Current function value: -5.333333333145029
            Iterations: 2
            Function evaluations: 23
            Gradient evaluations: 2
New op index: 36	$R_{XX}$[4, 5]
Current grad: 0.0003531482080851789
-5.333333333145029 
 [-1.22080912e-07 -1.62256000e-07 -1.25638074e-07 -1.23951458e-07
 -1.61918052e-07 -1.25341528e-07 -1.24697515e-07 -1.62398571e-07
 -1.24954879e-07 -1.23866187e-07 -1.62498494e-07 -1.25377291e-07
 -1.28715143e-07 -1.62508569e-07 -1.25103789e-07 -1.23514617e-07
 -1.62428222e-07 -1.25192854e-07 -1.28668312e-07 -1.62362148e-07
 -1.24834749e-07 -1.25299351e-07 -1.61905708e-07 -1.25574088e-07
  3.05888648e-11  3.05888648e-11  3.54356544e-11  3.64650532e-11
  3.64650532e-11  3.68061137e-11  3.76658704e-11  3.76658704e-11
  3.96491728e-11  1.39621648e-11  1.39621648e-11 -1.77670323e-10
  6.74100775e-11  6.74100775e-11 -4.50484094e-11 -6.10267392e-12
 -6.10267392e-12  6.70539180e-11 -1.93598026e-10 -1.93598026e-10
  2.57207589e-11]
Precision cutoff reached.
Calculating energies for FreeWilson2D(N_x=2, N_y=2, mass=0.222, r=1.000)
h_im: 0.0
New op index: 10	$R_Y$[3]
Current grad: 6.88888888888888
242.49999999999991 
 [42.         43.11111111 42.         42.         42.61111111 42.
 42.         42.6111111  42.         42.         43.71842846 43.
 42.         43.71842845 43.         42.         42.61111111 42.
 42.         42.61111111 42.         42.         43.11111111 42.
 42.         42.         42.         42.         42.         42.
 42.         43.         43.         42.         42.         42.
 42.         43.         43.         42.         42.         42.
 42.         42.         42.        ]
Optimization terminated successfully    (Exit mode 0)
            Current function value: 198.7815715446309
            Iterations: 1
            Function evaluations: 2
            Gradient evaluations: 1
New op index: 7	$R_Y$[2]
Current grad: 320.53058397706263
198.7815715446309 
 [ 0.00000000e+00  4.67068570e+01  0.00000000e+00  0.00000000e+00
  4.49846345e+01  0.00000000e+00  0.00000000e+00  4.69120465e+01
  0.00000000e+00  0.00000000e+00 -8.29913915e-12  0.00000000e+00
  0.00000000e+00  4.38239655e+01  0.00000000e+00  0.00000000e+00
  4.62068567e+01  0.00000000e+00  0.00000000e+00  4.49846345e+01
  0.00000000e+00  0.00000000e+00  4.67068570e+01  0.00000000e+00
  0.00000000e+00  0.00000000e+00  0.00000000e+00  0.00000000e+00
  0.00000000e+00  0.00000000e+00  0.00000000e+00  0.00000000e+00
  0.00000000e+00  0.00000000e+00  0.00000000e+00  0.00000000e+00
  0.00000000e+00  0.00000000e+00  0.00000000e+00  0.00000000e+00
  0.00000000e+00  0.00000000e+00  0.00000000e+00  0.00000000e+00
  0.00000000e+00]
Optimization terminated successfully    (Exit mode 0)
            Current function value: 147.7679961051041
            Iterations: 5
            Function evaluations: 20
            Gradient evaluations: 5
New op index: 4	$R_Y$[1]
Current grad: 5.666707832350525
147.7679961051041 
 [ 0.00000000e+00  1.10154376e+00  0.00000000e+00  0.00000000e+00
  1.11094065e+00  0.00000000e+00 -1.86723639e-07 -2.01414053e-07
 -1.86723639e-07 -1.05546860e-09 -1.33582034e-12 -6.65380639e-10
  0.00000000e+00  1.11094000e+00  0.00000000e+00  0.00000000e+00
  6.01543757e-01  0.00000000e+00  0.00000000e+00  6.20678457e-01
  0.00000000e+00  0.00000000e+00  1.10154376e+00  0.00000000e+00
  0.00000000e+00  0.00000000e+00  0.00000000e+00 -1.86723639e-07
 -1.86723639e-07 -1.86723639e-07 -6.99174052e-11 -6.99174052e-11
 -6.99174052e-11 -1.04753894e-09 -1.05785602e-09 -6.65380639e-10
  0.00000000e+00  0.00000000e+00  0.00000000e+00  0.00000000e+00
  0.00000000e+00  0.00000000e+00  0.00000000e+00  0.00000000e+00
  0.00000000e+00]
Optimization terminated successfully    (Exit mode 0)
            Current function value: 146.55423895819547
            Iterations: 5
            Function evaluations: 25
            Gradient evaluations: 5
New op index: 22	$R_Y$[7]
Current grad: 228.67110077458304
146.55423895819547 
 [ 1.70530257e-13  4.66200443e+01  0.00000000e+00 -2.93300673e-09
 -7.31262162e-10 -3.46162665e-07 -4.05399504e-07 -3.93118967e-07
 -4.05399504e-07 -6.00834937e-11 -4.31157332e-11 -6.00834937e-11
  1.98951966e-13  4.41969291e+01  0.00000000e+00  1.98951966e-13
  4.61226276e+01  1.98951966e-13  1.98951966e-13  4.49004055e+01
  1.98951966e-13  1.98951966e-13  4.66226279e+01  1.98951966e-13
 -2.93300673e-09 -2.93300673e-09 -5.16734452e-03 -4.41216059e+00
 -4.41216059e+00 -4.41216061e+00 -1.38425094e-09 -2.06668460e-09
 -1.09622533e-10 -6.00834937e-11 -6.00834937e-11 -6.00834937e-11
  1.98951966e-13  0.00000000e+00  0.00000000e+00  1.98951966e-13
  1.98951966e-13  1.98951966e-13  1.98951966e-13  1.98951966e-13
  1.98951966e-13]
Optimization terminated successfully    (Exit mode 0)
            Current function value: 95.55066401977903
            Iterations: 7
            Function evaluations: 42
            Gradient evaluations: 7
New op index: 19	$R_Y$[6]
Current grad: 3.9396464306906447
95.55066401977903 
 [ 0.00000000e+00  1.10622970e+00  0.00000000e+00 -1.88248364e-07
 -2.01717413e-07 -3.61462568e-07 -5.23761230e-08 -4.93663350e-08
 -5.23761230e-08 -5.16732115e-08 -4.91041448e-08 -5.19408871e-08
  0.00000000e+00  1.10133984e+00  0.00000000e+00  0.00000000e+00
  6.11110198e-01  0.00000000e+00  0.00000000e+00  1.11111134e+00
  0.00000000e+00 -1.94432005e-07 -2.00804678e-07 -1.88784199e-07
 -1.88248364e-07 -1.88248308e-07 -1.88047423e-07 -8.28777047e-11
 -8.32045544e-11 -3.12212478e-11 -6.89936996e-11 -2.17681873e-10
  3.65218966e-12 -5.16732115e-08 -5.16732115e-08 -5.19408871e-08
  0.00000000e+00  0.00000000e+00  0.00000000e+00  0.00000000e+00
  0.00000000e+00  0.00000000e+00 -1.94432005e-07 -1.94432005e-07
 -1.88784199e-07]
Optimization terminated successfully    (Exit mode 0)
            Current function value: 94.33072315248951
            Iterations: 9
            Function evaluations: 60
            Gradient evaluations: 9
New op index: 16	$R_Y$[5]
Current grad: 137.6305952169074
94.33072315248951 
 [ 2.84217094e-14  4.66125461e+01  0.00000000e+00  4.87729466e-08
  5.10711544e-08  5.00054966e-08  1.89847356e-08 -3.76753917e-07
 -3.86611049e-07  1.86586675e-08  1.89014315e-08  1.86153244e-08
  0.00000000e+00  4.41892265e+01  0.00000000e+00  0.00000000e+00
  4.66125736e+01  0.00000000e+00  1.03726023e-08  1.11653407e-08
  1.03543840e-08 -3.90231847e-07 -3.77195349e-07 -3.90231847e-07
  4.87729466e-08  4.75026809e-08 -5.14787399e-03  6.12424031e-08
  1.34311193e-08 -4.41224739e+00  3.72014028e-08 -3.25788861e-07
 -4.58421979e-07  1.86586675e-08  1.86586675e-08  1.86153244e-08
  0.00000000e+00  0.00000000e+00  0.00000000e+00  1.03726023e-08
  1.03726023e-08  1.03726023e-08 -4.40901569e+00 -4.40901569e+00
 -4.40901572e+00]
Optimization terminated successfully    (Exit mode 0)
            Current function value: 43.32599657866389
            Iterations: 10
            Function evaluations: 81
            Gradient evaluations: 10
New op index: 1	$R_Y$[0]
Current grad: 2.2335791541380585
43.32599657866389 
 [ 5.68434189e-14  1.10387682e+00  0.00000000e+00 -2.03075103e-07
 -2.02299873e-07 -3.58461875e-07 -3.31660317e-08 -2.94350002e-08
 -3.27664011e-08  1.10587912e-07  1.17640703e-07  1.14621372e-07
  5.68434189e-14  1.10373742e+00  0.00000000e+00 -1.67906343e-07
 -1.83871443e-07 -1.68334680e-07 -5.30494333e-08 -4.97090582e-08
 -5.22656904e-08 -1.18360362e-08 -3.36063763e-08 -1.78100592e-08
 -2.03075103e-07 -2.03715025e-07 -1.87355454e-07  1.96571648e-08
  1.96595948e-08  1.96666363e-08  1.86132482e-07  1.86132247e-07
  1.86146160e-07  1.07973960e-07  1.07973364e-07  1.14621372e-07
 -1.67906343e-07 -1.67906343e-07 -1.67884082e-07  1.82999500e-08
  1.83269648e-08  1.83311215e-08  1.68216651e-07  1.68216651e-07
  1.68216651e-07]
Optimization terminated successfully    (Exit mode 0)
            Current function value: 42.219749732232444
            Iterations: 6
            Function evaluations: 55
            Gradient evaluations: 6
New op index: 13	$R_Y$[4]
Current grad: 51.11528311078863
42.219749732232444 
 [ 1.40776990e-09 -1.54572177e-08 -4.52832438e-09 -3.70087413e-07
 -3.30478315e-07 -3.02341057e-07  1.97320418e-08  2.89229973e-09
  1.97338181e-08 -5.93959228e-08  1.05252695e-10 -3.82480536e-08
  0.00000000e+00  5.11073811e+01  0.00000000e+00 -6.71462885e-11
 -1.96371346e-08  3.40421025e-11 -3.62423407e-08  1.47884549e-09
 -3.68858650e-08 -4.10693701e-12 -1.68786585e-08  1.64490643e-11
 -4.55641427e-08 -4.92639742e-08 -2.57628230e-08 -1.11510374e-08
 -7.23969151e-09  8.45483328e-09 -4.87931260e-08 -2.76994903e-07
 -3.39258598e-07 -5.85744360e-08 -5.85801914e-08 -3.82480536e-08
 -6.71462885e-11  2.77609047e-11  2.89190893e-12 -1.09001054e-05
 -1.08825470e-05 -1.23540408e-03  4.85528773e-09 -4.82514082e-08
  6.20700291e-09]
Optimization terminated successfully    (Exit mode 0)
            Current function value: -8.888888888883615
            Iterations: 2
            Function evaluations: 23
            Gradient evaluations: 2
New op index: 41	$R_{ZZ}$[5, 6]
Current grad: 6.28120521330717e-05
-8.888888888883615 
 [-1.86231816e-07 -2.01749934e-07 -1.85768442e-07 -1.91696969e-07
 -2.01864999e-07 -1.86186938e-07 -2.00605996e-07 -2.01641853e-07
 -1.85846353e-07 -1.83176404e-07 -2.02050209e-07 -1.86013381e-07
 -2.44808923e-07 -2.02138281e-07 -1.86535800e-07 -1.87308643e-07
 -2.02117505e-07 -1.86221683e-07 -2.14945473e-07 -2.01772389e-07
 -1.86654226e-07 -1.80385349e-07 -2.01943514e-07 -1.85755859e-07
 -1.50350843e-11 -1.50350843e-11 -6.75512979e-11 -2.83272072e-10
 -2.83272072e-10  5.25801624e-13 -3.00914849e-11 -3.00914849e-11
  1.58273394e-12 -7.97974806e-08 -7.97974806e-08 -8.67572680e-11
 -4.93827201e-12 -4.93827201e-12 -1.85430338e-10 -1.57747593e-10
 -1.57747593e-10  1.64845915e-12 -6.96811497e-11 -6.96811497e-11
 -5.53157520e-12]
Precision cutoff reached.
Calculating energies for FreeWilson2D(N_x=2, N_y=2, mass=1.111, r=1.000)
h_im: 0.0
New op index: 13	$R_Y$[4]
Current grad: 10.444444444444434
242.49999999999991 
 [42.         43.55555555 42.         42.         43.05555554 42.
 42.         43.05555553 42.         42.         44.13393778 43.
 42.         44.13393779 43.         42.         43.05555554 42.
 42.         43.05555554 42.         42.         43.55555555 42.
 42.         42.         42.         42.         42.         42.
 42.         43.         43.         42.         42.         42.
 42.         43.         43.         42.         42.         42.
 42.         42.         42.        ]
Optimization terminated successfully    (Exit mode 0)
            Current function value: 198.36606220963344
            Iterations: 1
            Function evaluations: 2
            Gradient evaluations: 1
New op index: 16	$R_Y$[5]
Current grad: 334.9027763591754
198.36606220963344 
 [2.84217094e-13 4.91511802e+01 2.84217094e-13 2.84217094e-13
 4.65400691e+01 2.84217094e-13 2.84217094e-13 4.86511802e+01
 2.84217094e-13 2.84217094e-13 4.54111850e+01 0.00000000e+00
 0.00000000e+00 1.17370462e-07 0.00000000e+00 3.12638804e-13
 4.93043652e+01 3.12638804e-13 5.68434189e-14 4.65400691e+01
 5.68434189e-14 5.68434189e-14 4.91511802e+01 5.68434189e-14
 2.84217094e-13 2.84217094e-13 2.84217094e-13 2.84217094e-13
 2.84217094e-13 2.84217094e-13 2.84217094e-13 0.00000000e+00
 0.00000000e+00 0.00000000e+00 0.00000000e+00 0.00000000e+00
 0.00000000e+00 0.00000000e+00 0.00000000e+00 5.68434189e-14
 5.68434189e-14 5.68434189e-14 5.68434189e-14 5.68434189e-14
 5.68434189e-14]
Optimization terminated successfully    (Exit mode 0)
            Current function value: 146.8791915381588
            Iterations: 4
            Function evaluations: 18
            Gradient evaluations: 4
New op index: 10	$R_Y$[3]
Current grad: 8.334669448668485
146.8791915381588 
 [ 0.00000000e+00  1.54617412e+00  0.00000000e+00  1.13686838e-13
  1.06493690e+00  1.13686838e-13  0.00000000e+00  1.04617399e+00
  0.00000000e+00  0.00000000e+00  1.55528346e+00  0.00000000e+00
  2.27763053e-09  1.26152599e-08  2.27763053e-09 -2.30301737e-07
 -2.02100779e-07 -2.22815970e-07  0.00000000e+00  1.55527980e+00
  0.00000000e+00  0.00000000e+00  1.54617412e+00  0.00000000e+00
  1.13686838e-13  1.13686838e-13  1.13686838e-13  0.00000000e+00
  0.00000000e+00  0.00000000e+00  0.00000000e+00  0.00000000e+00
  0.00000000e+00  2.27763053e-09  2.27763053e-09  2.27763053e-09
  1.30460194e-08  1.30460194e-08  1.30511921e-08 -2.29510277e-07
 -2.29503826e-07 -2.22815970e-07  0.00000000e+00  0.00000000e+00
  0.00000000e+00]
Optimization terminated successfully    (Exit mode 0)
            Current function value: 145.25084042073564
            Iterations: 5
            Function evaluations: 24
            Gradient evaluations: 5
New op index: 22	$R_Y$[7]
Current grad: 239.08325471323417
145.25084042073564 
 [ 1.13686838e-13  4.90590489e+01  1.13686838e-13  2.27373675e-13
  4.64479375e+01  2.27373675e-13  1.13686838e-13  4.85626710e+01
  0.00000000e+00  3.31589888e-07  3.29355743e-07  1.82011121e-07
 -6.48392700e-08  2.76170056e-08 -6.48392700e-08 -1.41955638e-08
 -5.57065505e-12 -2.08075335e-10  1.13686838e-13  4.57956693e+01
  0.00000000e+00  1.13686838e-13  4.90590489e+01  1.13686838e-13
  2.27373675e-13  2.27373675e-13  2.27373675e-13  1.13686838e-13
  0.00000000e+00  0.00000000e+00  3.31589888e-07  3.31589888e-07
 -5.64041436e-03  3.57006030e-07  3.55642925e-07  3.33886021e-07
 -5.87723150e-08 -1.11288159e-07 -4.02943613e-07 -1.41955638e-08
 -1.41955638e-08 -1.88169906e-08  1.13686838e-13  0.00000000e+00
  0.00000000e+00]
Optimization terminated successfully    (Exit mode 0)
            Current function value: 93.77292887257089
            Iterations: 3
            Function evaluations: 20
            Gradient evaluations: 3
New op index: 1	$R_Y$[0]
Current grad: 5.22264705364805
93.77292887257089 
 [ 0.00000000e+00  1.55555813e+00  0.00000000e+00  4.26325641e-14
  1.05555296e+00  4.26325641e-14  0.00000000e+00  1.05072164e+00
  0.00000000e+00 -2.17122150e-07 -2.01683903e-07 -3.93298691e-07
 -1.38249433e-07 -1.48735992e-07 -1.16979848e-07 -2.71855995e-07
 -1.43756864e-07 -2.13253472e-07  0.00000000e+00  1.55071531e+00
  0.00000000e+00 -2.23019839e-07 -2.02827948e-07 -2.22265626e-07
  4.26325641e-14  4.26325641e-14  4.26325641e-14  0.00000000e+00
  0.00000000e+00  0.00000000e+00 -2.17122150e-07 -2.17122121e-07
 -2.24097917e-07  1.17231025e-09  1.16594379e-09  1.16118315e-09
  1.03847242e-09  8.14040391e-10  1.03692344e-09 -2.71855967e-07
 -2.67937608e-07 -8.46504662e-08 -2.23019839e-07 -2.23019839e-07
 -2.23019839e-07]
Optimization terminated successfully    (Exit mode 0)
            Current function value: 92.14269893272306
            Iterations: 5
            Function evaluations: 35
            Gradient evaluations: 5
New op index: 4	$R_Y$[1]
Current grad: 144.85570738576243
92.14269893272306 
 [ 6.54409860e-11 -8.08540790e-10  1.06652465e-10  1.27897692e-13
  4.91634993e+01  1.27897692e-13  9.94759830e-14  4.63758978e+01
  0.00000000e+00 -3.55271368e-13  9.49285095e-12 -2.16762857e-08
 -8.65287149e-08 -4.09062736e-07 -8.58088356e-08 -2.61436966e-07
  1.58881619e-09 -5.37898487e-07  7.10542736e-14  4.91612144e+01
  0.00000000e+00  1.82893700e-11 -9.04904596e-10  1.57029945e-11
  6.54409860e-11  6.54409860e-11  1.06652465e-10  9.94759830e-14
  0.00000000e+00  0.00000000e+00 -3.55271368e-13 -2.27373675e-13
  4.84590146e-12 -2.01780139e-07 -2.01780139e-07 -2.01780139e-07
 -2.34432207e-08 -6.89100546e-08 -1.09328326e-07 -2.61436966e-07
 -2.61437918e-07 -4.56263528e-03  1.82893700e-11  1.82893700e-11
  1.82893700e-11]
Optimization terminated successfully    (Exit mode 0)
            Current function value: 40.65939324820241
            Iterations: 6
            Function evaluations: 53
            Gradient evaluations: 6
New op index: 19	$R_Y$[6]
Current grad: 3.111124089841793
40.65939324820241 
 [-1.30677336e-07 -1.49763395e-07 -1.17528707e-07 -2.22708437e-07
 -2.02307774e-07 -2.22708437e-07  0.00000000e+00  1.54823896e+00
  0.00000000e+00 -2.83600251e-07 -2.02434386e-07 -3.92593137e-07
 -1.15013691e-07 -1.50007502e-07 -1.18014775e-07 -2.80966049e-07
 -1.44116228e-07 -2.48767307e-07  0.00000000e+00  1.54836414e+00
  0.00000000e+00 -2.26689124e-07 -2.02988907e-07 -2.25245010e-07
 -1.29205091e-10 -2.43289833e-10 -3.23367999e-11 -2.22708437e-07
 -2.22708437e-07 -2.22708437e-07 -2.83600251e-07 -2.82863866e-07
 -2.23873940e-07 -9.81330572e-11 -9.81543735e-11 -9.65485469e-11
 -3.19481330e-10 -2.34265940e-10 -1.95285565e-10 -2.63894272e-07
 -2.63894293e-07 -1.68158415e-07 -2.26689124e-07 -2.26689259e-07
 -2.25245010e-07]
Optimization terminated successfully    (Exit mode 0)
            Current function value: 39.10864960753661
            Iterations: 6
            Function evaluations: 56
            Gradient evaluations: 6
New op index: 7	$R_Y$[2]
Current grad: 51.55908801597018
39.10864960753661 
 [-2.25734247e-07 -1.98556378e-07 -1.60554571e-07 -3.67811026e-09
 -2.18364498e-07 -3.67811026e-09  0.00000000e+00  5.15518345e+01
  0.00000000e+00  1.00597326e-07 -1.11794478e-07  9.88202373e-08
  1.15618946e-08 -2.00930288e-07  1.22502684e-08 -4.24975354e-07
 -3.03173856e-07 -1.14455872e-07  7.86144128e-08 -1.31707807e-07
  7.70255326e-08 -3.56348870e-07 -3.58289206e-07 -3.55639891e-07
 -2.60734367e-09 -2.79167175e-07 -4.08769031e-05 -3.67811026e-09
 -3.67811026e-09 -3.67811026e-09  1.00597326e-07  1.00597326e-07
  1.00907272e-07  1.60635132e-07  1.60630421e-07  1.55969033e-07
 -1.22692470e-08 -2.28836754e-08 -2.05668940e-08  4.80384443e-08
  6.91096957e-08 -2.34363621e-06  5.90872347e-08  5.27708934e-08
  1.86349496e-08]
Optimization terminated successfully    (Exit mode 0)
            Current function value: -12.44444444444208
            Iterations: 2
            Function evaluations: 23
            Gradient evaluations: 2
New op index: 38	$R_{ZZ}$[4, 5]
Current grad: 3.314077915428504e-05
-12.44444444444208 
 [-2.16833826e-07 -2.03089629e-07 -2.22602409e-07 -2.17975499e-07
 -2.02737162e-07 -2.23032032e-07 -2.31085105e-07 -2.02443211e-07
 -2.21754860e-07 -2.18678878e-07 -2.02839013e-07 -2.22776876e-07
 -2.16276860e-07 -2.02905570e-07 -2.22962136e-07 -2.28266423e-07
 -2.02628252e-07 -2.22466015e-07 -2.17201503e-07 -2.02676539e-07
 -2.22675851e-07 -2.35030832e-07 -2.02828138e-07 -2.22900582e-07
 -3.00278913e-09 -3.00278913e-09 -2.25668373e-10 -9.35287403e-11
 -9.35287403e-11 -5.68434189e-13 -8.51798632e-11 -8.51798632e-11
 -1.27127814e-07 -2.09610107e-12 -2.09610107e-12 -5.09497688e-09
 -2.97019625e-07 -2.97019625e-07  5.61328761e-13 -5.32409672e-11
 -5.32409672e-11  4.05009359e-13 -1.34225075e-10 -1.34225075e-10
 -1.37286451e-07]
Precision cutoff reached.
Calculating energies for FreeWilson2D(N_x=2, N_y=2, mass=2.000, r=1.000)
h_im: 0.0
New op index: 13	$R_Y$[4]
Current grad: 13.999999999999988
242.49999999999991 
 [42.         43.99999999 42.         42.         43.5        42.
 42.         43.5        42.         42.         44.56155281 43.
 42.         44.56155281 43.         42.         43.5        42.
 42.         43.5        42.         42.         43.99999999 42.
 42.         42.         42.         42.         42.         42.
 42.         43.         43.         42.         42.         42.
 42.         43.         43.         42.         42.         42.
 42.         42.         42.        ]
Optimization terminated successfully    (Exit mode 0)
            Current function value: 197.93844718719595
            Iterations: 1
            Function evaluations: 2
            Gradient evaluations: 1
New op index: 16	$R_Y$[5]
Current grad: 341.6862606346577
197.93844718719595 
 [ 8.52651283e-14  5.05071515e+01  8.52651283e-14  8.52651283e-14
  4.70071515e+01  8.52651283e-14  8.52651283e-14  5.00071515e+01
  8.52651283e-14  8.52651283e-14  4.59009727e+01  0.00000000e+00
  0.00000000e+00 -1.14782210e-08  0.00000000e+00  8.52651283e-14
  5.06284182e+01  8.52651283e-14  8.52651283e-14  4.70071515e+01
  8.52651283e-14  8.52651283e-14  5.05071515e+01  8.52651283e-14
  8.52651283e-14  8.52651283e-14  8.52651283e-14  8.52651283e-14
  8.52651283e-14  8.52651283e-14  8.52651283e-14  0.00000000e+00
  0.00000000e+00  0.00000000e+00  0.00000000e+00  0.00000000e+00
  0.00000000e+00  0.00000000e+00  0.00000000e+00  8.52651283e-14
  8.52651283e-14  8.52651283e-14  8.52651283e-14  8.52651283e-14
  8.52651283e-14]
Optimization terminated successfully    (Exit mode 0)
            Current function value: 145.9903856614228
            Iterations: 3
            Function evaluations: 15
            Gradient evaluations: 3
New op index: 10	$R_Y$[3]
Current grad: 11.0041833950248
145.9903856614228 
 [ 0.00000000e+00  1.99068214e+00  0.00000000e+00  0.00000000e+00
  1.50931785e+00  0.00000000e+00  0.00000000e+00  1.49068215e+00
  0.00000000e+00  0.00000000e+00  1.99968994e+00  0.00000000e+00
  9.96696485e-08  1.04862465e-07  1.05008610e-07 -2.39575286e-07
 -1.77186905e-07 -2.39575286e-07  0.00000000e+00  1.99968721e+00
  0.00000000e+00  0.00000000e+00  1.99068214e+00  0.00000000e+00
  0.00000000e+00  0.00000000e+00  0.00000000e+00  0.00000000e+00
  0.00000000e+00  0.00000000e+00  0.00000000e+00  0.00000000e+00
  0.00000000e+00  9.96696485e-08  9.96695633e-08  1.05008610e-07
  1.57120326e-07  1.57120326e-07  1.57120326e-07 -2.39575286e-07
 -2.39575286e-07 -2.39575286e-07  0.00000000e+00  0.00000000e+00
  0.00000000e+00]
Optimization terminated successfully    (Exit mode 0)
            Current function value: 143.93515508594282
            Iterations: 5
            Function evaluations: 24
            Gradient evaluations: 5
New op index: 22	$R_Y$[7]
Current grad: 244.12703171141652
143.93515508594282 
 [ 2.84217094e-14  5.04250260e+01  2.84217094e-14  1.13686838e-13
  4.69250260e+01  1.13686838e-13  2.84217094e-14  4.99211969e+01
  0.00000000e+00  1.15607577e-07  6.66490507e-08  5.92010849e-08
 -7.62554464e-11 -9.75674652e-09 -7.62554464e-11 -3.50842640e-07
 -3.72947056e-07 -5.00812689e-08  1.13686838e-13  4.63042339e+01
  0.00000000e+00  1.13686838e-13  5.04250260e+01  1.13686838e-13
  1.13686838e-13  1.13686838e-13  1.13686838e-13  2.84217094e-14
  0.00000000e+00  0.00000000e+00  1.15607577e-07  1.15607577e-07
 -5.10934855e-03 -1.08542903e-06 -1.08674834e-06  1.08177716e-07
 -3.59161163e-08 -3.85718124e-08 -1.31344194e-07 -3.50842640e-07
 -3.50842640e-07 -3.87504429e-09  1.13686838e-13  0.00000000e+00
  0.00000000e+00]
Optimization terminated successfully    (Exit mode 0)
            Current function value: 91.99519258525359
            Iterations: 4
            Function evaluations: 25
            Gradient evaluations: 4
New op index: 1	$R_Y$[0]
Current grad: 7.0032698030469565
91.99519258525359 
 [ 5.68434189e-14  1.99997955e+00  5.68434189e-14  1.42108547e-13
  1.50002044e+00  1.42108547e-13  5.68434189e-14  1.49517690e+00
  0.00000000e+00 -2.32730002e-07 -1.74169045e-07 -4.07487065e-07
 -1.25933553e-07 -1.36530133e-07 -1.25569443e-07 -2.74031393e-07
 -8.24779534e-08 -2.04002987e-07  5.68434189e-14  1.99519846e+00
  0.00000000e+00 -2.35602300e-07 -1.70845610e-07 -2.34321291e-07
  1.42108547e-13  1.42108547e-13  1.42108547e-13  5.68434189e-14
  0.00000000e+00  0.00000000e+00 -2.32730002e-07 -2.32733669e-07
 -2.39349390e-07  3.67438417e-08  3.67438275e-08  3.67509898e-08
  4.37606644e-08  4.39542589e-08  4.39621601e-08 -2.74031393e-07
 -2.74031351e-07 -5.42871703e-08 -2.35602300e-07 -2.35602300e-07
 -2.35602300e-07]
Optimization terminated successfully    (Exit mode 0)
            Current function value: 89.93727799452758
            Iterations: 5
            Function evaluations: 35
            Gradient evaluations: 5
New op index: 4	$R_Y$[1]
Current grad: 148.01798898998663
89.93727799452758 
 [-1.13715259e-10 -1.75860180e-08  1.32928335e-10  4.26325641e-14
  5.05108912e+01  4.26325641e-14  4.26325641e-14  4.68750135e+01
  0.00000000e+00 -1.55912915e-07 -1.80235119e-07 -1.70917332e-07
 -2.98955172e-09  1.03028697e-11 -1.83409554e-09 -3.36716255e-09
  1.48293111e-09 -8.22974329e-08  4.26325641e-14  5.05085490e+01
  0.00000000e+00  1.70814474e-11 -1.74278654e-08  1.70814474e-11
 -1.13715259e-10 -1.13715259e-10  1.32871492e-10  4.26325641e-14
  0.00000000e+00  0.00000000e+00 -1.55912915e-07 -1.55899272e-07
 -1.50776330e-07 -2.16361130e-07 -2.16362324e-07 -2.17485777e-07
 -2.76655570e-07 -6.50426415e-08 -3.58211878e-08 -3.36716255e-09
 -3.36719097e-09 -4.67631661e-03  1.70814474e-11  1.70814474e-11
  1.70814474e-11]
Optimization terminated successfully    (Exit mode 0)
            Current function value: 37.99278874866757
            Iterations: 9
            Function evaluations: 72
            Gradient evaluations: 9
New op index: 19	$R_Y$[6]
Current grad: 4.001465264996963
37.99278874866757 
 [-1.69922458e-07 -1.80935075e-07 -1.69831509e-07 -2.40056636e-07
 -1.75573035e-07 -2.39388868e-07  0.00000000e+00  1.99272098e+00
  0.00000000e+00 -2.42842475e-07 -1.73930630e-07 -4.06330471e-07
 -1.64022616e-07 -1.80316810e-07 -1.69069736e-07 -2.72481557e-07
 -8.21362960e-08 -1.82808016e-07  0.00000000e+00  1.99289168e+00
  0.00000000e+00 -2.57671360e-07 -1.71451418e-07 -2.36328489e-07
  4.30020464e-11  4.30020464e-11  4.27462510e-11 -2.40056636e-07
 -2.40056636e-07 -2.40056636e-07 -2.42842475e-07 -2.42842475e-07
 -2.40390456e-07 -8.07672507e-09 -7.79756704e-09 -8.06128497e-09
  1.17559296e-09  8.92697471e-10  1.19067778e-09 -2.65759915e-07
 -2.65781765e-07 -7.06271450e-08 -2.57671360e-07 -2.57675403e-07
 -2.38121103e-07]
Optimization terminated successfully    (Exit mode 0)
            Current function value: 35.997549080425365
            Iterations: 6
            Function evaluations: 56
            Gradient evaluations: 6
New op index: 7	$R_Y$[2]
Current grad: 52.00457729204579
35.997549080425365 
 [-3.23745496e-07 -3.07765760e-07 -2.64842782e-07 -9.40136857e-09
 -1.19371180e-12 -9.40136857e-09  0.00000000e+00  5.19963050e+01
  0.00000000e+00  1.43012642e-08  2.36978721e-08  1.43286059e-08
 -8.07301603e-09  1.15880283e-09 -8.07301603e-09 -4.27866524e-07
 -1.83598942e-07 -4.96811481e-11  1.54564148e-08  2.57987125e-08
  1.54633852e-08 -7.74491582e-13 -3.43962611e-07 -3.93140837e-07
  2.59029775e-09 -5.87602500e-08 -3.38666574e-07 -9.40136857e-09
 -9.40136857e-09 -9.40136857e-09  1.43012642e-08  1.43012642e-08
  1.43036516e-08  2.80255179e-08  2.81513053e-08  2.69396949e-08
 -7.05078236e-08 -7.03418905e-08 -1.20238951e-07  2.56109800e-08
  3.40795339e-08 -2.79051804e-08 -7.66490444e-08 -5.52278934e-08
  8.36244851e-10]
Optimization terminated successfully    (Exit mode 0)
            Current function value: -15.999999999996387
            Iterations: 2
            Function evaluations: 23
            Gradient evaluations: 2
New op index: 26	$R_{ZZ}$[0, 1]
Current grad: 4.257132055492542e-05
-15.999999999996387 
 [-2.39951463e-07 -1.75763645e-07 -2.39942560e-07 -2.31672871e-07
 -1.76099197e-07 -2.40293389e-07 -2.37096133e-07 -1.75675938e-07
 -2.41608051e-07 -2.50052617e-07 -1.76133902e-07 -2.40875622e-07
 -2.33215872e-07 -1.76366292e-07 -2.39969943e-07 -2.30976859e-07
 -1.75282402e-07 -2.39746088e-07 -2.43946474e-07 -1.75833513e-07
 -2.40694810e-07 -2.61878828e-07 -1.75606901e-07 -2.40014757e-07
 -3.56870089e-12 -3.56870089e-12  1.49213975e-12 -5.73821879e-10
 -5.73821879e-10 -2.57074362e-11 -8.69222916e-10 -8.69222916e-10
  2.84217094e-14 -1.87050375e-12 -1.87050375e-12 -4.67819206e-08
 -1.51008805e-09 -1.51008805e-09  1.01607611e-12 -2.48016718e-10
 -2.48016718e-10  7.86926080e-13 -5.74118530e-12 -5.74118530e-12
 -5.74118530e-12]
Precision cutoff reached.
-----Beginning pprint-----
/:
	Attributes:
		ProcessId: 26737529
	2026-07-30_13-15-42-26737529:
		Attributes:
			HamiltonianType: ZeroChargePenalty
			Last-Modified: 2026-07-30_13-15-42
			ProcessId: 26737529
			SimulatorType: Statevector
			SolverName: AdaptVQE
			SystemName: FreeWilson2D
			n_x: 2
			n_y: 2
			r: 1.0
		AdaptOptions:
			Attributes:
				SelSeed: 26737529
				allow_duplicate_gates: False
				gradient_hamiltonian_type: HamiltonianType.ZeroChargePenalty
				max_depth: 50
				parameter_prec_cutoff: 0.001
				prec_cutoff: 0.001
				precision: 0
		AnsatzOperatorDerivatives: Dataset (dtype=float64, shape=(10, 9, 45), maxshape=(10, None, 45))
			Attributes:
				DIMENSION_LABELS: ['mass' 'AnsatzOperatorAxis' 'AnsatzPoolOperatorAxis']
				NDataDims: 2
		AnsatzOperatorSecondDerivatives: Dataset (dtype=float64, shape=(10, 9, 45), maxshape=(10, None, 45))
			Attributes:
				DIMENSION_LABELS: ['mass' 'AnsatzOperatorAxis' 'AnsatzPoolOperatorAxis']
				NDataDims: 2
		AnsatzOperators: Dataset (dtype=int64, shape=(10, 8), maxshape=(10, None))
			Attributes:
				DIMENSION_LABELS: ['mass' 'AnsatzOperatorAxis']
				NDataDims: 1
		Circuit:
			Attributes:
				Ansatz: HardwareAdaptAnsatz22
			AnsatzOptions:
				Attributes:
					num_qubits: 8
		CircuitParameters: Dataset (dtype=float64, shape=(10, 380, 8), maxshape=(10, None, None))
			Attributes:
				DIMENSION_LABELS: ['mass' 'IterationAxis' 'CircuitParameterAxis']
				NDataDims: 2
		Data:
			Attributes:
			evs:
				Attributes:
				Hamiltonian: Dataset (dtype=float64, shape=(10, 380), maxshape=(10, None))
					Attributes:
						DIMENSION_LABELS: ['mass' 'IterationAxis']
						NDataDims: 1
			stds:
				Attributes:
				Hamiltonian: Dataset (dtype=float64, shape=(10, 380), maxshape=(10, None))
					Attributes:
						DIMENSION_LABELS: ['mass' 'IterationAxis']
						NDataDims: 1
		EstimatorOptions:
			Attributes:
				_VERSION: 2
				default_precision: Unset
				default_shots: Unset
				experimental: Unset
				max_execution_time: Unset
				resilience_level: Unset
				seed_estimator: 26737529
			dynamical_decoupling:
				Attributes:
					enable: Unset
					extra_slack_distribution: Unset
					scheduling_method: Unset
					sequence_type: Unset
					skip_reset_qubits: Unset
			environment:
				Attributes:
					callback: None
					job_tags: None
					log_level: WARNING
					private: False
			execution:
				Attributes:
					init_qubits: Unset
					rep_delay: Unset
			resilience:
				Attributes:
					layer_noise_model: Unset
					measure_mitigation: Unset
					pec_mitigation: Unset
					zne_mitigation: Unset
				layer_noise_learning:
					Attributes:
						layer_pair_depths: Unset
						max_layers_to_learn: Unset
						num_randomizations: Unset
						shots_per_randomization: Unset
				measure_noise_learning:
					Attributes:
						num_randomizations: Unset
						shots_per_randomization: Unset
				pec:
					Attributes:
						max_overhead: Unset
						noise_gain: Unset
				zne:
					Attributes:
						amplifier: Unset
						extrapolated_noise_factors: Unset
						extrapolator: Unset
						noise_factors: Unset
			simulator:
				Attributes:
					basis_gates: Unset
					coupling_map: Unset
					noise_model: Unset
					seed_simulator: Unset
			twirling:
				Attributes:
					enable_gates: Unset
					enable_measure: Unset
					num_randomizations: Unset
					shots_per_randomization: Unset
					strategy: Unset
		MetaData:
			Attributes:
			circuit_metadata: Dataset (dtype=object, shape=(10, 380), maxshape=(10, None))
				Attributes:
					DIMENSION_LABELS: ['mass' 'IterationAxis']
					NDataDims: 1
			target_precision: Dataset (dtype=float64, shape=(10, 380), maxshape=(10, None))
				Attributes:
					DIMENSION_LABELS: ['mass' 'IterationAxis']
					NDataDims: 1
			version: Dataset (dtype=int64, shape=(10, 380), maxshape=(10, None))
				Attributes:
					DIMENSION_LABELS: ['mass' 'IterationAxis']
					NDataDims: 1
		NIterations: Dataset (dtype=int64, shape=(10,), maxshape=(10,))
			Attributes:
				DIMENSION_LABELS: ['mass']
				NDataDims: 0
		OptimizerOptions:
			Attributes:
				bounds: None
				callback: None
				constraints: []
				method: slsqp
				tol: None
				x0Seed: 26737529
			options:
				Attributes:
					disp: 1
					maxiter: 20000
		PresetPassManagerOptions:
			Attributes:
		SimulatorOptions:
			Attributes:
		StartIterations: Dataset (dtype=int64, shape=(10, 8), maxshape=(10, None))
			Attributes:
				DIMENSION_LABELS: ['mass' 'AnsatzOperatorAxis']
				NDataDims: 1
		VersionInfo:
			Attributes:
				QiskitAerVersion: 0.17.1
				QiskitIBMRuntimeVersion: 0.41.1
				QiskitVersion: 2.1.2
		mass: Dataset (dtype=float64, shape=(10,), maxshape=(10,))
			Attributes:
-----Ending pprint-----
End 2026-07-30 13:20:08 | 26737529 MyPyJob | lmnode193 | /home/s6nidich_hpc/PycharmProjects/QC-MasterThesis 

