Start 2025-11-21 14:44:38 | 23971072 MyPyJob | lmnode200 | /home/s6nidich_hpc/PycharmProjects/QC-MasterThesis 

Used python interpreter:
/home/s6nidich_hpc/PycharmProjects/QC-MasterThesis/.venv_intel_3_12_3/bin/python
Python version:
Python 3.12.3

Currently Loaded Modules:
  1) GCCcore/13.3.0                   7) Tcl/8.6.14-GCCcore-13.3.0
  2) zlib/1.3.1-GCCcore-13.3.0        8) SQLite/3.45.3-GCCcore-13.3.0
  3) binutils/2.42-GCCcore-13.3.0     9) XZ/5.4.5-GCCcore-13.3.0
  4) bzip2/1.0.8-GCCcore-13.3.0      10) libffi/3.4.5-GCCcore-13.3.0
  5) ncurses/6.5-GCCcore-13.3.0      11) OpenSSL/3
  6) libreadline/8.2-GCCcore-13.3.0  12) Python/3.12.3-GCCcore-13.3.0

 

Start of Program:

-----Beginning pprint-----
/:
	Attributes:
-----Ending pprint-----
     
q_0: 
     
q_1: 
     
q_2: 
     
q_3: 
     
q_4: 
     
q_5: 
     
q_6: 
     
q_7: 
     
{<HamiltonianParameters.XExtend: 'n_x'>: 2, <HamiltonianParameters.YExtend: 'n_y'>: 2, <HamiltonianParameters.Mass: 'mass'>: -6.0, <HamiltonianParameters.WilsonParameter: 'r'>: 1.0} ()
<solver.circuits.HardwareAdaptAnsatz14 object at 0x1544c6e0d760>
     
q_0: 
     
q_1: 
     
q_2: 
     
q_3: 
     
q_4: 
     
q_5: 
     
q_6: 
     
q_7: 
     
[]
Calculating energies for FreeWilson2D(N_x=2, N_y=2, mass=-6.000, r=1.000)
Traceback (most recent call last):
  File "/home/s6nidich_hpc/PycharmProjects/QC-MasterThesis/main.py", line 117, in <module>
    rerun_vqe(f, sf["2025-11-20_18-55-43-23964375"])
  File "/home/s6nidich_hpc/PycharmProjects/QC-MasterThesis/main.py", line 89, in rerun_vqe
    my_vqe.run({HamiltonianParameters.XExtend: [2],
  File "/home/s6nidich_hpc/PycharmProjects/QC-MasterThesis/solver/variational_quantum_eigensolver.py", line 52, in run
    minimize(fun=self.cost_function(circuit, h_operator, estimator, local_group, non_singular_index),
  File "/home/s6nidich_hpc/PycharmProjects/QC-MasterThesis/.venv_intel_3_12_3/lib/python3.12/site-packages/scipy/optimize/_minimize.py", line 790, in minimize
    res = _minimize_cobyla(fun, x0, args, constraints, callback=callback,
          ^^^^^^^^^^^^^^^^^^^^^^^^^^^^^^^^^^^^^^^^^^^^^^^^^^^^^^^^^^^^^^^
  File "/home/s6nidich_hpc/PycharmProjects/QC-MasterThesis/.venv_intel_3_12_3/lib/python3.12/site-packages/scipy/optimize/_cobyla_py.py", line 278, in _minimize_cobyla
    result = minimize(sf.fun, x0, method='cobyla', bounds=bounds,
             ^^^^^^^^^^^^^^^^^^^^^^^^^^^^^^^^^^^^^^^^^^^^^^^^^^^^
  File "/home/s6nidich_hpc/PycharmProjects/QC-MasterThesis/.venv_intel_3_12_3/lib/python3.12/site-packages/scipy/_lib/pyprima/__init__.py", line 191, in minimize
    result = cobyla(
             ^^^^^^^
  File "/home/s6nidich_hpc/PycharmProjects/QC-MasterThesis/.venv_intel_3_12_3/lib/python3.12/site-packages/scipy/_lib/pyprima/cobyla/cobyla.py", line 461, in cobyla
    x, f, constr, cstrv, nf, xhist, fhist, chist, conhist, info = cobylb(
                                                                  ^^^^^^^
  File "/home/s6nidich_hpc/PycharmProjects/QC-MasterThesis/.venv_intel_3_12_3/lib/python3.12/site-packages/scipy/_lib/pyprima/cobyla/cobylb.py", line 192, in cobylb
    cpen = getcpen(amat, bvec, conmat, cpen, cval, delta, fval, rho, sim, simi)
           ^^^^^^^^^^^^^^^^^^^^^^^^^^^^^^^^^^^^^^^^^^^^^^^^^^^^^^^^^^^^^^^^^^^^
  File "/home/s6nidich_hpc/PycharmProjects/QC-MasterThesis/.venv_intel_3_12_3/lib/python3.12/site-packages/scipy/_lib/pyprima/cobyla/cobylb.py", line 630, in getcpen
    conmat, cval, fval, sim, simi, info = updatepole(cpen, conmat, cval, fval, sim,
                                          ^^^^^^^^^^^^^^^^^^^^^^^^^^^^^^^^^^^^^^^^^
  File "/home/s6nidich_hpc/PycharmProjects/QC-MasterThesis/.venv_intel_3_12_3/lib/python3.12/site-packages/scipy/_lib/pyprima/cobyla/update.py", line 248, in updatepole
    erri = np.max(abs(matprod(simi, sim[:, :num_vars]) - np.eye(num_vars)))  # np.max returns NaN if any input is NaN
           ^^^^^^^^^^^^^^^^^^^^^^^^^^^^^^^^^^^^^^^^^^^^^^^^^^^^^^^^^^^^^^^^
  File "/home/s6nidich_hpc/PycharmProjects/QC-MasterThesis/.venv_intel_3_12_3/lib/python3.12/site-packages/numpy/_core/fromnumeric.py", line 3164, in max
    return _wrapreduction(a, np.maximum, 'max', axis, None, out,
           ^^^^^^^^^^^^^^^^^^^^^^^^^^^^^^^^^^^^^^^^^^^^^^^^^^^^^
  File "/home/s6nidich_hpc/PycharmProjects/QC-MasterThesis/.venv_intel_3_12_3/lib/python3.12/site-packages/numpy/_core/fromnumeric.py", line 86, in _wrapreduction
    return ufunc.reduce(obj, axis, dtype, out, **passkwargs)
           ^^^^^^^^^^^^^^^^^^^^^^^^^^^^^^^^^^^^^^^^^^^^^^^^^
ValueError: zero-size array to reduction operation maximum which has no identity
End 2025-11-21 14:44:41 | 23971072 MyPyJob | lmnode200 | /home/s6nidich_hpc/PycharmProjects/QC-MasterThesis 

