Start 2025-11-18 14:02:52 | 23954477 MyPyJob | lmnode204 | /home/s6nidich_hpc/PycharmProjects/QC-MasterThesis 

Used python interpreter:
/home/s6nidich_hpc/PycharmProjects/QC-MasterThesis/.venv_intel_3_12_3/bin/python
Python version:
Python 3.12.3

Currently Loaded Modules:
  1) GCCcore/13.3.0                   7) Tcl/8.6.14-GCCcore-13.3.0
  2) zlib/1.3.1-GCCcore-13.3.0        8) SQLite/3.45.3-GCCcore-13.3.0
  3) binutils/2.42-GCCcore-13.3.0     9) XZ/5.4.5-GCCcore-13.3.0
  4) bzip2/1.0.8-GCCcore-13.3.0      10) libffi/3.4.5-GCCcore-13.3.0
  5) ncurses/6.5-GCCcore-13.3.0      11) OpenSSL/3
  6) libreadline/8.2-GCCcore-13.3.0  12) Python/3.12.3-GCCcore-13.3.0

 

Start of Program:

-----Beginning pprint-----
/:
	Attributes:
-----Ending pprint-----
Calculating energies for FreeWilson2D(N_x=2, N_y=2, mass=-6.000, r=1.000)
h_im: 0.0
New op index: 11	$R_{YX-XY}$[0, 2]
Current grad: 4.996003610813204e-16
0:	0.00e+00	0.00e+00
1:	0.00e+00	0.00e+00
2:	0.00e+00	0.00e+00
3:	0.00e+00	0.00e+00
4:	0.00e+00	0.00e+00
5:	0.00e+00	0.00e+00
6:	0.00e+00	0.00e+00
7:	0.00e+00	0.00e+00
8:	0.00e+00	0.00e+00
9:	0.00e+00	0.00e+00
10:	0.00e+00	0.00e+00
11:	1.11e-16	0.00e+00
12:	0.00e+00	0.00e+00
13:	0.00e+00	0.00e+00
14:	0.00e+00	0.00e+00
15:	0.00e+00	0.00e+00
16:	0.00e+00	0.00e+00
17:	0.00e+00	0.00e+00
18:	0.00e+00	2.22e-16
19:	0.00e+00	2.22e-16
20:	0.00e+00	0.00e+00
21:	-2.78e-17	0.00e+00
22:	0.00e+00	0.00e+00
23:	0.00e+00	0.00e+00
24:	0.00e+00	0.00e+00
25:	1.11e-16	0.00e+00
26:	0.00e+00	0.00e+00
27:	0.00e+00	0.00e+00
28:	0.00e+00	0.00e+00
29:	0.00e+00	0.00e+00
30:	0.00e+00	0.00e+00
31:	-2.78e-17	0.00e+00
32:	0.00e+00	-2.22e-16
33:	0.00e+00	-2.22e-16
34:	0.00e+00	0.00e+00
35:	0.00e+00	0.00e+00
36:	0.00e+00	0.00e+00
37:	0.00e+00	0.00e+00
38:	0.00e+00	0.00e+00
39:	0.00e+00	0.00e+00
40:	0.00e+00	2.22e-16
41:	0.00e+00	2.22e-16
42:	0.00e+00	0.00e+00
43:	0.00e+00	0.00e+00
44:	0.00e+00	0.00e+00
45:	0.00e+00	0.00e+00
46:	0.00e+00	0.00e+00
47:	0.00e+00	0.00e+00
48:	0.00e+00	0.00e+00
49:	0.00e+00	0.00e+00
50:	0.00e+00	-2.22e-16
51:	0.00e+00	-2.22e-16
52:	0.00e+00	0.00e+00
53:	0.00e+00	0.00e+00
54:	0.00e+00	0.00e+00
55:	-1.11e-16	0.00e+00
56:	0.00e+00	-2.22e-16
57:	0.00e+00	-2.22e-16
58:	0.00e+00	2.22e-16
59:	0.00e+00	2.22e-16
60:	0.00e+00	0.00e+00
61:	-1.11e-16	0.00e+00
62:	0.00e+00	0.00e+00
63:	0.00e+00	0.00e+00
Parameter value cutoff reached.
Calculating energies for FreeWilson2D(N_x=2, N_y=2, mass=-5.837, r=1.000)
h_im: 0.0
New op index: 11	$R_{YX-XY}$[0, 2]
Current grad: 4.996003610813204e-16
0:	0.00e+00	0.00e+00
1:	0.00e+00	0.00e+00
2:	0.00e+00	0.00e+00
3:	0.00e+00	0.00e+00
4:	0.00e+00	0.00e+00
5:	0.00e+00	0.00e+00
6:	0.00e+00	0.00e+00
7:	0.00e+00	0.00e+00
8:	0.00e+00	0.00e+00
9:	0.00e+00	0.00e+00
10:	0.00e+00	0.00e+00
11:	1.11e-16	0.00e+00
12:	0.00e+00	0.00e+00
13:	0.00e+00	0.00e+00
14:	0.00e+00	0.00e+00
15:	0.00e+00	0.00e+00
16:	0.00e+00	0.00e+00
17:	0.00e+00	0.00e+00
18:	0.00e+00	2.13e-16
19:	0.00e+00	2.13e-16
20:	0.00e+00	0.00e+00
21:	-2.78e-17	0.00e+00
22:	0.00e+00	0.00e+00
23:	0.00e+00	0.00e+00
24:	0.00e+00	0.00e+00
25:	1.11e-16	0.00e+00
26:	0.00e+00	0.00e+00
27:	0.00e+00	0.00e+00
28:	0.00e+00	0.00e+00
29:	0.00e+00	0.00e+00
30:	0.00e+00	0.00e+00
31:	-2.78e-17	0.00e+00
32:	0.00e+00	-2.13e-16
33:	0.00e+00	-2.13e-16
34:	0.00e+00	0.00e+00
35:	0.00e+00	0.00e+00
36:	0.00e+00	0.00e+00
37:	0.00e+00	0.00e+00
38:	0.00e+00	0.00e+00
39:	0.00e+00	0.00e+00
40:	0.00e+00	2.13e-16
41:	0.00e+00	2.13e-16
42:	0.00e+00	0.00e+00
43:	0.00e+00	0.00e+00
44:	0.00e+00	0.00e+00
45:	0.00e+00	0.00e+00
46:	0.00e+00	0.00e+00
47:	0.00e+00	0.00e+00
48:	0.00e+00	0.00e+00
49:	0.00e+00	0.00e+00
50:	0.00e+00	-2.13e-16
51:	0.00e+00	-2.13e-16
52:	0.00e+00	0.00e+00
53:	0.00e+00	0.00e+00
54:	0.00e+00	0.00e+00
55:	-1.11e-16	0.00e+00
56:	0.00e+00	-2.13e-16
57:	0.00e+00	-2.13e-16
58:	0.00e+00	2.13e-16
59:	0.00e+00	2.13e-16
60:	0.00e+00	0.00e+00
61:	-1.11e-16	0.00e+00
62:	0.00e+00	0.00e+00
63:	0.00e+00	0.00e+00
Parameter value cutoff reached.
Calculating energies for FreeWilson2D(N_x=2, N_y=2, mass=-5.673, r=1.000)
h_im: 0.0
New op index: 11	$R_{YX-XY}$[0, 2]
Current grad: 4.996003610813204e-16
0:	0.00e+00	0.00e+00
1:	0.00e+00	0.00e+00
2:	0.00e+00	0.00e+00
3:	0.00e+00	0.00e+00
4:	0.00e+00	0.00e+00
5:	0.00e+00	0.00e+00
6:	0.00e+00	0.00e+00
7:	0.00e+00	0.00e+00
8:	0.00e+00	0.00e+00
9:	0.00e+00	0.00e+00
10:	0.00e+00	0.00e+00
11:	1.11e-16	0.00e+00
12:	0.00e+00	0.00e+00
13:	0.00e+00	0.00e+00
14:	0.00e+00	0.00e+00
15:	0.00e+00	0.00e+00
16:	0.00e+00	0.00e+00
17:	0.00e+00	0.00e+00
18:	0.00e+00	2.04e-16
19:	0.00e+00	2.04e-16
20:	0.00e+00	0.00e+00
21:	-2.78e-17	0.00e+00
22:	0.00e+00	0.00e+00
23:	0.00e+00	0.00e+00
24:	0.00e+00	0.00e+00
25:	1.11e-16	0.00e+00
26:	0.00e+00	0.00e+00
27:	0.00e+00	0.00e+00
28:	0.00e+00	0.00e+00
29:	0.00e+00	0.00e+00
30:	0.00e+00	0.00e+00
31:	-2.78e-17	0.00e+00
32:	0.00e+00	-2.04e-16
33:	0.00e+00	-2.04e-16
34:	0.00e+00	0.00e+00
35:	0.00e+00	0.00e+00
36:	0.00e+00	0.00e+00
37:	0.00e+00	0.00e+00
38:	0.00e+00	0.00e+00
39:	0.00e+00	0.00e+00
40:	0.00e+00	2.04e-16
41:	0.00e+00	2.04e-16
42:	0.00e+00	0.00e+00
43:	0.00e+00	0.00e+00
44:	0.00e+00	0.00e+00
45:	0.00e+00	0.00e+00
46:	0.00e+00	0.00e+00
47:	0.00e+00	0.00e+00
48:	0.00e+00	0.00e+00
49:	0.00e+00	0.00e+00
50:	0.00e+00	-2.04e-16
51:	0.00e+00	-2.04e-16
52:	0.00e+00	0.00e+00
53:	0.00e+00	0.00e+00
54:	0.00e+00	0.00e+00
55:	-1.11e-16	0.00e+00
56:	0.00e+00	-2.04e-16
57:	0.00e+00	-2.04e-16
58:	0.00e+00	2.04e-16
59:	0.00e+00	2.04e-16
60:	0.00e+00	0.00e+00
61:	-1.11e-16	0.00e+00
62:	0.00e+00	0.00e+00
63:	0.00e+00	0.00e+00
Parameter value cutoff reached.
Calculating energies for FreeWilson2D(N_x=2, N_y=2, mass=-5.510, r=1.000)
h_im: 0.0
New op index: 11	$R_{YX-XY}$[0, 2]
Current grad: 4.996003610813204e-16
0:	0.00e+00	0.00e+00
1:	0.00e+00	0.00e+00
2:	0.00e+00	0.00e+00
3:	0.00e+00	0.00e+00
4:	0.00e+00	0.00e+00
5:	0.00e+00	0.00e+00
6:	0.00e+00	0.00e+00
7:	0.00e+00	0.00e+00
8:	0.00e+00	0.00e+00
9:	0.00e+00	0.00e+00
10:	0.00e+00	0.00e+00
11:	1.11e-16	0.00e+00
12:	0.00e+00	0.00e+00
13:	0.00e+00	0.00e+00
14:	0.00e+00	0.00e+00
15:	0.00e+00	0.00e+00
16:	0.00e+00	0.00e+00
17:	0.00e+00	0.00e+00
18:	0.00e+00	1.95e-16
19:	0.00e+00	1.95e-16
20:	0.00e+00	0.00e+00
21:	-2.78e-17	0.00e+00
22:	0.00e+00	0.00e+00
23:	0.00e+00	0.00e+00
24:	0.00e+00	0.00e+00
25:	1.11e-16	0.00e+00
26:	0.00e+00	0.00e+00
27:	0.00e+00	0.00e+00
28:	0.00e+00	0.00e+00
29:	0.00e+00	0.00e+00
30:	0.00e+00	0.00e+00
31:	-2.78e-17	0.00e+00
32:	0.00e+00	-1.95e-16
33:	0.00e+00	-1.95e-16
34:	0.00e+00	0.00e+00
35:	0.00e+00	0.00e+00
36:	0.00e+00	0.00e+00
37:	0.00e+00	0.00e+00
38:	0.00e+00	0.00e+00
39:	0.00e+00	0.00e+00
40:	0.00e+00	1.95e-16
41:	0.00e+00	1.95e-16
42:	0.00e+00	0.00e+00
43:	0.00e+00	0.00e+00
44:	0.00e+00	0.00e+00
45:	0.00e+00	0.00e+00
46:	0.00e+00	0.00e+00
47:	0.00e+00	0.00e+00
48:	0.00e+00	0.00e+00
49:	0.00e+00	0.00e+00
50:	0.00e+00	-1.95e-16
51:	0.00e+00	-1.95e-16
52:	0.00e+00	0.00e+00
53:	0.00e+00	0.00e+00
54:	0.00e+00	0.00e+00
55:	-1.11e-16	0.00e+00
56:	0.00e+00	-1.95e-16
57:	0.00e+00	-1.95e-16
58:	0.00e+00	1.95e-16
59:	0.00e+00	1.95e-16
60:	0.00e+00	0.00e+00
61:	-1.11e-16	0.00e+00
62:	0.00e+00	0.00e+00
63:	0.00e+00	0.00e+00
Parameter value cutoff reached.
Calculating energies for FreeWilson2D(N_x=2, N_y=2, mass=-5.347, r=1.000)
h_im: 0.0
New op index: 11	$R_{YX-XY}$[0, 2]
Current grad: 4.996003610813204e-16
0:	0.00e+00	0.00e+00
1:	0.00e+00	0.00e+00
2:	0.00e+00	0.00e+00
3:	0.00e+00	0.00e+00
4:	0.00e+00	0.00e+00
5:	0.00e+00	0.00e+00
6:	0.00e+00	0.00e+00
7:	0.00e+00	0.00e+00
8:	0.00e+00	0.00e+00
9:	0.00e+00	0.00e+00
10:	0.00e+00	0.00e+00
11:	1.11e-16	0.00e+00
12:	0.00e+00	0.00e+00
13:	0.00e+00	0.00e+00
14:	0.00e+00	0.00e+00
15:	0.00e+00	0.00e+00
16:	0.00e+00	0.00e+00
17:	0.00e+00	0.00e+00
18:	0.00e+00	1.86e-16
19:	0.00e+00	1.86e-16
20:	0.00e+00	0.00e+00
21:	-2.78e-17	0.00e+00
22:	0.00e+00	0.00e+00
23:	0.00e+00	0.00e+00
24:	0.00e+00	0.00e+00
25:	1.11e-16	0.00e+00
26:	0.00e+00	0.00e+00
27:	0.00e+00	0.00e+00
28:	0.00e+00	0.00e+00
29:	0.00e+00	0.00e+00
30:	0.00e+00	0.00e+00
31:	-2.78e-17	0.00e+00
32:	0.00e+00	-1.86e-16
33:	0.00e+00	-1.86e-16
34:	0.00e+00	0.00e+00
35:	0.00e+00	0.00e+00
36:	0.00e+00	0.00e+00
37:	0.00e+00	0.00e+00
38:	0.00e+00	0.00e+00
39:	0.00e+00	0.00e+00
40:	0.00e+00	1.86e-16
41:	0.00e+00	1.86e-16
42:	0.00e+00	0.00e+00
43:	0.00e+00	0.00e+00
44:	0.00e+00	0.00e+00
45:	0.00e+00	0.00e+00
46:	0.00e+00	0.00e+00
47:	0.00e+00	0.00e+00
48:	0.00e+00	0.00e+00
49:	0.00e+00	0.00e+00
50:	0.00e+00	-1.86e-16
51:	0.00e+00	-1.86e-16
52:	0.00e+00	0.00e+00
53:	0.00e+00	0.00e+00
54:	0.00e+00	0.00e+00
55:	-1.11e-16	0.00e+00
56:	0.00e+00	-1.86e-16
57:	0.00e+00	-1.86e-16
58:	0.00e+00	1.86e-16
59:	0.00e+00	1.86e-16
60:	0.00e+00	0.00e+00
61:	-1.11e-16	0.00e+00
62:	0.00e+00	0.00e+00
63:	0.00e+00	0.00e+00
Parameter value cutoff reached.
Calculating energies for FreeWilson2D(N_x=2, N_y=2, mass=-5.184, r=1.000)
h_im: 0.0
New op index: 11	$R_{YX-XY}$[0, 2]
Current grad: 4.996003610813204e-16
0:	0.00e+00	0.00e+00
1:	0.00e+00	0.00e+00
2:	0.00e+00	0.00e+00
3:	0.00e+00	0.00e+00
4:	0.00e+00	0.00e+00
5:	0.00e+00	0.00e+00
6:	0.00e+00	0.00e+00
7:	0.00e+00	0.00e+00
8:	0.00e+00	0.00e+00
9:	0.00e+00	0.00e+00
10:	0.00e+00	0.00e+00
11:	1.11e-16	0.00e+00
12:	0.00e+00	0.00e+00
13:	0.00e+00	0.00e+00
14:	0.00e+00	0.00e+00
15:	0.00e+00	0.00e+00
16:	0.00e+00	0.00e+00
17:	0.00e+00	0.00e+00
18:	0.00e+00	1.77e-16
19:	0.00e+00	1.77e-16
20:	0.00e+00	0.00e+00
21:	-2.78e-17	0.00e+00
22:	0.00e+00	0.00e+00
23:	0.00e+00	0.00e+00
24:	0.00e+00	0.00e+00
25:	1.11e-16	0.00e+00
26:	0.00e+00	0.00e+00
27:	0.00e+00	0.00e+00
28:	0.00e+00	0.00e+00
29:	0.00e+00	0.00e+00
30:	0.00e+00	0.00e+00
31:	-2.78e-17	0.00e+00
32:	0.00e+00	-1.77e-16
33:	0.00e+00	-1.77e-16
34:	0.00e+00	0.00e+00
35:	0.00e+00	0.00e+00
36:	0.00e+00	0.00e+00
37:	0.00e+00	0.00e+00
38:	0.00e+00	0.00e+00
39:	0.00e+00	0.00e+00
40:	0.00e+00	1.77e-16
41:	0.00e+00	1.77e-16
42:	0.00e+00	0.00e+00
43:	0.00e+00	0.00e+00
44:	0.00e+00	0.00e+00
45:	0.00e+00	0.00e+00
46:	0.00e+00	0.00e+00
47:	0.00e+00	0.00e+00
48:	0.00e+00	0.00e+00
49:	0.00e+00	0.00e+00
50:	0.00e+00	-1.77e-16
51:	0.00e+00	-1.77e-16
52:	0.00e+00	0.00e+00
53:	0.00e+00	0.00e+00
54:	0.00e+00	0.00e+00
55:	-1.11e-16	0.00e+00
56:	0.00e+00	-1.77e-16
57:	0.00e+00	-1.77e-16
58:	0.00e+00	1.77e-16
59:	0.00e+00	1.77e-16
60:	0.00e+00	0.00e+00
61:	-1.11e-16	0.00e+00
62:	0.00e+00	0.00e+00
63:	0.00e+00	0.00e+00
Parameter value cutoff reached.
Calculating energies for FreeWilson2D(N_x=2, N_y=2, mass=-5.020, r=1.000)
h_im: 0.0
New op index: 11	$R_{YX-XY}$[0, 2]
Current grad: 4.996003610813204e-16
0:	0.00e+00	0.00e+00
1:	0.00e+00	0.00e+00
2:	0.00e+00	0.00e+00
3:	0.00e+00	0.00e+00
4:	0.00e+00	0.00e+00
5:	0.00e+00	0.00e+00
6:	0.00e+00	0.00e+00
7:	0.00e+00	0.00e+00
8:	0.00e+00	0.00e+00
9:	0.00e+00	0.00e+00
10:	0.00e+00	0.00e+00
11:	1.11e-16	0.00e+00
12:	0.00e+00	0.00e+00
13:	0.00e+00	0.00e+00
14:	0.00e+00	0.00e+00
15:	0.00e+00	0.00e+00
16:	0.00e+00	0.00e+00
17:	0.00e+00	0.00e+00
18:	0.00e+00	1.68e-16
19:	0.00e+00	1.68e-16
20:	0.00e+00	0.00e+00
21:	-2.78e-17	0.00e+00
22:	0.00e+00	0.00e+00
23:	0.00e+00	0.00e+00
24:	0.00e+00	0.00e+00
25:	1.11e-16	0.00e+00
26:	0.00e+00	0.00e+00
27:	0.00e+00	0.00e+00
28:	0.00e+00	0.00e+00
29:	0.00e+00	0.00e+00
30:	0.00e+00	0.00e+00
31:	-2.78e-17	0.00e+00
32:	0.00e+00	-1.68e-16
33:	0.00e+00	-1.68e-16
34:	0.00e+00	0.00e+00
35:	0.00e+00	0.00e+00
36:	0.00e+00	0.00e+00
37:	0.00e+00	0.00e+00
38:	0.00e+00	0.00e+00
39:	0.00e+00	0.00e+00
40:	0.00e+00	1.68e-16
41:	0.00e+00	1.68e-16
42:	0.00e+00	0.00e+00
43:	0.00e+00	0.00e+00
44:	0.00e+00	0.00e+00
45:	0.00e+00	0.00e+00
46:	0.00e+00	0.00e+00
47:	0.00e+00	0.00e+00
48:	0.00e+00	0.00e+00
49:	0.00e+00	0.00e+00
50:	0.00e+00	-1.68e-16
51:	0.00e+00	-1.68e-16
52:	0.00e+00	0.00e+00
53:	0.00e+00	0.00e+00
54:	0.00e+00	0.00e+00
55:	-1.11e-16	0.00e+00
56:	0.00e+00	-1.68e-16
57:	0.00e+00	-1.68e-16
58:	0.00e+00	1.68e-16
59:	0.00e+00	1.68e-16
60:	0.00e+00	0.00e+00
61:	-1.11e-16	0.00e+00
62:	0.00e+00	0.00e+00
63:	0.00e+00	0.00e+00
Parameter value cutoff reached.
Calculating energies for FreeWilson2D(N_x=2, N_y=2, mass=-4.857, r=1.000)
h_im: 0.0
New op index: 11	$R_{YX-XY}$[0, 2]
Current grad: 4.996003610813204e-16
0:	0.00e+00	0.00e+00
1:	0.00e+00	0.00e+00
2:	0.00e+00	0.00e+00
3:	0.00e+00	0.00e+00
4:	0.00e+00	0.00e+00
5:	0.00e+00	0.00e+00
6:	0.00e+00	0.00e+00
7:	0.00e+00	0.00e+00
8:	0.00e+00	0.00e+00
9:	0.00e+00	0.00e+00
10:	0.00e+00	0.00e+00
11:	1.11e-16	0.00e+00
12:	0.00e+00	0.00e+00
13:	0.00e+00	0.00e+00
14:	0.00e+00	0.00e+00
15:	0.00e+00	0.00e+00
16:	0.00e+00	0.00e+00
17:	0.00e+00	0.00e+00
18:	0.00e+00	1.59e-16
19:	0.00e+00	1.59e-16
20:	0.00e+00	0.00e+00
21:	-2.78e-17	0.00e+00
22:	0.00e+00	0.00e+00
23:	0.00e+00	0.00e+00
24:	0.00e+00	0.00e+00
25:	1.11e-16	0.00e+00
26:	0.00e+00	0.00e+00
27:	0.00e+00	0.00e+00
28:	0.00e+00	0.00e+00
29:	0.00e+00	0.00e+00
30:	0.00e+00	0.00e+00
31:	-2.78e-17	0.00e+00
32:	0.00e+00	-1.59e-16
33:	0.00e+00	-1.59e-16
34:	0.00e+00	0.00e+00
35:	0.00e+00	0.00e+00
36:	0.00e+00	0.00e+00
37:	0.00e+00	0.00e+00
38:	0.00e+00	0.00e+00
39:	0.00e+00	0.00e+00
40:	0.00e+00	1.59e-16
41:	0.00e+00	1.59e-16
42:	0.00e+00	0.00e+00
43:	0.00e+00	0.00e+00
44:	0.00e+00	0.00e+00
45:	0.00e+00	0.00e+00
46:	0.00e+00	0.00e+00
47:	0.00e+00	0.00e+00
48:	0.00e+00	0.00e+00
49:	0.00e+00	0.00e+00
50:	0.00e+00	-1.59e-16
51:	0.00e+00	-1.59e-16
52:	0.00e+00	0.00e+00
53:	0.00e+00	0.00e+00
54:	0.00e+00	0.00e+00
55:	-1.11e-16	0.00e+00
56:	0.00e+00	-1.59e-16
57:	0.00e+00	-1.59e-16
58:	0.00e+00	1.59e-16
59:	0.00e+00	1.59e-16
60:	0.00e+00	0.00e+00
61:	-1.11e-16	0.00e+00
62:	0.00e+00	0.00e+00
63:	0.00e+00	0.00e+00
Parameter value cutoff reached.
Calculating energies for FreeWilson2D(N_x=2, N_y=2, mass=-4.694, r=1.000)
h_im: 0.0
New op index: 11	$R_{YX-XY}$[0, 2]
Current grad: 4.996003610813204e-16
0:	0.00e+00	0.00e+00
1:	0.00e+00	0.00e+00
2:	0.00e+00	0.00e+00
3:	0.00e+00	0.00e+00
4:	0.00e+00	0.00e+00
5:	0.00e+00	0.00e+00
6:	0.00e+00	0.00e+00
7:	0.00e+00	0.00e+00
8:	0.00e+00	0.00e+00
9:	0.00e+00	0.00e+00
10:	0.00e+00	0.00e+00
11:	1.11e-16	0.00e+00
12:	0.00e+00	0.00e+00
13:	0.00e+00	0.00e+00
14:	0.00e+00	0.00e+00
15:	0.00e+00	0.00e+00
16:	0.00e+00	0.00e+00
17:	0.00e+00	0.00e+00
18:	0.00e+00	1.50e-16
19:	0.00e+00	1.50e-16
20:	0.00e+00	0.00e+00
21:	-2.78e-17	0.00e+00
22:	0.00e+00	0.00e+00
23:	0.00e+00	0.00e+00
24:	0.00e+00	0.00e+00
25:	1.11e-16	0.00e+00
26:	0.00e+00	0.00e+00
27:	0.00e+00	0.00e+00
28:	0.00e+00	0.00e+00
29:	0.00e+00	0.00e+00
30:	0.00e+00	0.00e+00
31:	-2.78e-17	0.00e+00
32:	0.00e+00	-1.50e-16
33:	0.00e+00	-1.50e-16
34:	0.00e+00	0.00e+00
35:	0.00e+00	0.00e+00
36:	0.00e+00	0.00e+00
37:	0.00e+00	0.00e+00
38:	0.00e+00	0.00e+00
39:	0.00e+00	0.00e+00
40:	0.00e+00	1.50e-16
41:	0.00e+00	1.50e-16
42:	0.00e+00	0.00e+00
43:	0.00e+00	0.00e+00
44:	0.00e+00	0.00e+00
45:	0.00e+00	0.00e+00
46:	0.00e+00	0.00e+00
47:	0.00e+00	0.00e+00
48:	0.00e+00	0.00e+00
49:	0.00e+00	0.00e+00
50:	0.00e+00	-1.50e-16
51:	0.00e+00	-1.50e-16
52:	0.00e+00	0.00e+00
53:	0.00e+00	0.00e+00
54:	0.00e+00	0.00e+00
55:	-1.11e-16	0.00e+00
56:	0.00e+00	-1.50e-16
57:	0.00e+00	-1.50e-16
58:	0.00e+00	1.50e-16
59:	0.00e+00	1.50e-16
60:	0.00e+00	0.00e+00
61:	-1.11e-16	0.00e+00
62:	0.00e+00	0.00e+00
63:	0.00e+00	0.00e+00
Parameter value cutoff reached.
Calculating energies for FreeWilson2D(N_x=2, N_y=2, mass=-4.531, r=1.000)
h_im: 0.0
New op index: 11	$R_{YX-XY}$[0, 2]
Current grad: 4.996003610813204e-16
0:	0.00e+00	0.00e+00
1:	0.00e+00	0.00e+00
2:	0.00e+00	0.00e+00
3:	0.00e+00	0.00e+00
4:	0.00e+00	0.00e+00
5:	0.00e+00	0.00e+00
6:	0.00e+00	0.00e+00
7:	0.00e+00	0.00e+00
8:	0.00e+00	0.00e+00
9:	0.00e+00	0.00e+00
10:	0.00e+00	0.00e+00
11:	1.11e-16	0.00e+00
12:	0.00e+00	0.00e+00
13:	0.00e+00	0.00e+00
14:	0.00e+00	0.00e+00
15:	0.00e+00	0.00e+00
16:	0.00e+00	0.00e+00
17:	0.00e+00	0.00e+00
18:	0.00e+00	1.40e-16
19:	0.00e+00	1.40e-16
20:	0.00e+00	0.00e+00
21:	-2.78e-17	0.00e+00
22:	0.00e+00	0.00e+00
23:	0.00e+00	0.00e+00
24:	0.00e+00	0.00e+00
25:	1.11e-16	0.00e+00
26:	0.00e+00	0.00e+00
27:	0.00e+00	0.00e+00
28:	0.00e+00	0.00e+00
29:	0.00e+00	0.00e+00
30:	0.00e+00	0.00e+00
31:	-2.78e-17	0.00e+00
32:	0.00e+00	-1.40e-16
33:	0.00e+00	-1.40e-16
34:	0.00e+00	0.00e+00
35:	0.00e+00	0.00e+00
36:	0.00e+00	0.00e+00
37:	0.00e+00	0.00e+00
38:	0.00e+00	0.00e+00
39:	0.00e+00	0.00e+00
40:	0.00e+00	1.40e-16
41:	0.00e+00	1.40e-16
42:	0.00e+00	0.00e+00
43:	0.00e+00	0.00e+00
44:	0.00e+00	0.00e+00
45:	0.00e+00	0.00e+00
46:	0.00e+00	0.00e+00
47:	0.00e+00	0.00e+00
48:	0.00e+00	0.00e+00
49:	0.00e+00	0.00e+00
50:	0.00e+00	-1.40e-16
51:	0.00e+00	-1.40e-16
52:	0.00e+00	0.00e+00
53:	0.00e+00	0.00e+00
54:	0.00e+00	0.00e+00
55:	-1.11e-16	0.00e+00
56:	0.00e+00	-1.40e-16
57:	0.00e+00	-1.40e-16
58:	0.00e+00	1.40e-16
59:	0.00e+00	1.40e-16
60:	0.00e+00	0.00e+00
61:	-1.11e-16	0.00e+00
62:	0.00e+00	0.00e+00
63:	0.00e+00	0.00e+00
Parameter value cutoff reached.
Calculating energies for FreeWilson2D(N_x=2, N_y=2, mass=-4.367, r=1.000)
h_im: 0.0
New op index: 11	$R_{YX-XY}$[0, 2]
Current grad: 4.996003610813204e-16
0:	0.00e+00	0.00e+00
1:	0.00e+00	0.00e+00
2:	0.00e+00	0.00e+00
3:	0.00e+00	0.00e+00
4:	0.00e+00	0.00e+00
5:	0.00e+00	0.00e+00
6:	0.00e+00	0.00e+00
7:	0.00e+00	0.00e+00
8:	0.00e+00	0.00e+00
9:	0.00e+00	0.00e+00
10:	0.00e+00	0.00e+00
11:	1.11e-16	0.00e+00
12:	0.00e+00	0.00e+00
13:	0.00e+00	0.00e+00
14:	0.00e+00	0.00e+00
15:	0.00e+00	0.00e+00
16:	0.00e+00	0.00e+00
17:	0.00e+00	0.00e+00
18:	0.00e+00	1.31e-16
19:	0.00e+00	1.31e-16
20:	0.00e+00	0.00e+00
21:	-2.78e-17	0.00e+00
22:	0.00e+00	0.00e+00
23:	0.00e+00	0.00e+00
24:	0.00e+00	0.00e+00
25:	1.11e-16	0.00e+00
26:	0.00e+00	0.00e+00
27:	0.00e+00	0.00e+00
28:	0.00e+00	0.00e+00
29:	0.00e+00	0.00e+00
30:	0.00e+00	0.00e+00
31:	-2.78e-17	0.00e+00
32:	0.00e+00	-1.31e-16
33:	0.00e+00	-1.31e-16
34:	0.00e+00	0.00e+00
35:	0.00e+00	0.00e+00
36:	0.00e+00	0.00e+00
37:	0.00e+00	0.00e+00
38:	0.00e+00	0.00e+00
39:	0.00e+00	0.00e+00
40:	0.00e+00	1.31e-16
41:	0.00e+00	1.31e-16
42:	0.00e+00	0.00e+00
43:	0.00e+00	0.00e+00
44:	0.00e+00	0.00e+00
45:	0.00e+00	0.00e+00
46:	0.00e+00	0.00e+00
47:	0.00e+00	0.00e+00
48:	0.00e+00	0.00e+00
49:	0.00e+00	0.00e+00
50:	0.00e+00	-1.31e-16
51:	0.00e+00	-1.31e-16
52:	0.00e+00	0.00e+00
53:	0.00e+00	0.00e+00
54:	0.00e+00	0.00e+00
55:	-1.11e-16	0.00e+00
56:	0.00e+00	-1.31e-16
57:	0.00e+00	-1.31e-16
58:	0.00e+00	1.31e-16
59:	0.00e+00	1.31e-16
60:	0.00e+00	0.00e+00
61:	-1.11e-16	0.00e+00
62:	0.00e+00	0.00e+00
63:	0.00e+00	0.00e+00
Parameter value cutoff reached.
Calculating energies for FreeWilson2D(N_x=2, N_y=2, mass=-4.204, r=1.000)
h_im: 0.0
New op index: 11	$R_{YX-XY}$[0, 2]
Current grad: 4.996003610813204e-16
0:	0.00e+00	0.00e+00
1:	0.00e+00	0.00e+00
2:	0.00e+00	0.00e+00
3:	0.00e+00	0.00e+00
4:	0.00e+00	0.00e+00
5:	0.00e+00	0.00e+00
6:	0.00e+00	0.00e+00
7:	0.00e+00	0.00e+00
8:	0.00e+00	0.00e+00
9:	0.00e+00	0.00e+00
10:	0.00e+00	0.00e+00
11:	1.11e-16	0.00e+00
12:	0.00e+00	0.00e+00
13:	0.00e+00	0.00e+00
14:	0.00e+00	0.00e+00
15:	0.00e+00	0.00e+00
16:	0.00e+00	0.00e+00
17:	0.00e+00	0.00e+00
18:	0.00e+00	1.22e-16
19:	0.00e+00	1.22e-16
20:	0.00e+00	0.00e+00
21:	-2.78e-17	0.00e+00
22:	0.00e+00	0.00e+00
23:	0.00e+00	0.00e+00
24:	0.00e+00	0.00e+00
25:	1.11e-16	0.00e+00
26:	0.00e+00	0.00e+00
27:	0.00e+00	0.00e+00
28:	0.00e+00	0.00e+00
29:	0.00e+00	0.00e+00
30:	0.00e+00	0.00e+00
31:	-2.78e-17	0.00e+00
32:	0.00e+00	-1.22e-16
33:	0.00e+00	-1.22e-16
34:	0.00e+00	0.00e+00
35:	0.00e+00	0.00e+00
36:	0.00e+00	0.00e+00
37:	0.00e+00	0.00e+00
38:	0.00e+00	0.00e+00
39:	0.00e+00	0.00e+00
40:	0.00e+00	1.22e-16
41:	0.00e+00	1.22e-16
42:	0.00e+00	0.00e+00
43:	0.00e+00	0.00e+00
44:	0.00e+00	0.00e+00
45:	0.00e+00	0.00e+00
46:	0.00e+00	0.00e+00
47:	0.00e+00	0.00e+00
48:	0.00e+00	0.00e+00
49:	0.00e+00	0.00e+00
50:	0.00e+00	-1.22e-16
51:	0.00e+00	-1.22e-16
52:	0.00e+00	0.00e+00
53:	0.00e+00	0.00e+00
54:	0.00e+00	0.00e+00
55:	-1.11e-16	0.00e+00
56:	0.00e+00	-1.22e-16
57:	0.00e+00	-1.22e-16
58:	0.00e+00	1.22e-16
59:	0.00e+00	1.22e-16
60:	0.00e+00	0.00e+00
61:	-1.11e-16	0.00e+00
62:	0.00e+00	0.00e+00
63:	0.00e+00	0.00e+00
Parameter value cutoff reached.
Calculating energies for FreeWilson2D(N_x=2, N_y=2, mass=-4.041, r=1.000)
h_im: 0.0
New op index: 11	$R_{YX-XY}$[0, 2]
Current grad: 4.996003610813204e-16
0:	0.00e+00	0.00e+00
1:	0.00e+00	0.00e+00
2:	0.00e+00	0.00e+00
3:	0.00e+00	0.00e+00
4:	0.00e+00	0.00e+00
5:	0.00e+00	0.00e+00
6:	0.00e+00	0.00e+00
7:	0.00e+00	0.00e+00
8:	0.00e+00	0.00e+00
9:	0.00e+00	0.00e+00
10:	0.00e+00	0.00e+00
11:	1.11e-16	0.00e+00
12:	0.00e+00	0.00e+00
13:	0.00e+00	0.00e+00
14:	0.00e+00	0.00e+00
15:	0.00e+00	0.00e+00
16:	0.00e+00	0.00e+00
17:	0.00e+00	0.00e+00
18:	0.00e+00	1.13e-16
19:	0.00e+00	1.13e-16
20:	0.00e+00	0.00e+00
21:	-2.78e-17	0.00e+00
22:	0.00e+00	0.00e+00
23:	0.00e+00	0.00e+00
24:	0.00e+00	0.00e+00
25:	1.11e-16	0.00e+00
26:	0.00e+00	0.00e+00
27:	0.00e+00	0.00e+00
28:	0.00e+00	0.00e+00
29:	0.00e+00	0.00e+00
30:	0.00e+00	0.00e+00
31:	-2.78e-17	0.00e+00
32:	0.00e+00	-1.13e-16
33:	0.00e+00	-1.13e-16
34:	0.00e+00	0.00e+00
35:	0.00e+00	0.00e+00
36:	0.00e+00	0.00e+00
37:	0.00e+00	0.00e+00
38:	0.00e+00	0.00e+00
39:	0.00e+00	0.00e+00
40:	0.00e+00	1.13e-16
41:	0.00e+00	1.13e-16
42:	0.00e+00	0.00e+00
43:	0.00e+00	0.00e+00
44:	0.00e+00	0.00e+00
45:	0.00e+00	0.00e+00
46:	0.00e+00	0.00e+00
47:	0.00e+00	0.00e+00
48:	0.00e+00	0.00e+00
49:	0.00e+00	0.00e+00
50:	0.00e+00	-1.13e-16
51:	0.00e+00	-1.13e-16
52:	0.00e+00	0.00e+00
53:	0.00e+00	0.00e+00
54:	0.00e+00	0.00e+00
55:	-1.11e-16	0.00e+00
56:	0.00e+00	-1.13e-16
57:	0.00e+00	-1.13e-16
58:	0.00e+00	1.13e-16
59:	0.00e+00	1.13e-16
60:	0.00e+00	0.00e+00
61:	-1.11e-16	0.00e+00
62:	0.00e+00	0.00e+00
63:	0.00e+00	0.00e+00
Parameter value cutoff reached.
Calculating energies for FreeWilson2D(N_x=2, N_y=2, mass=-3.878, r=1.000)
h_im: 0.0
New op index: 11	$R_{YX-XY}$[0, 2]
Current grad: 4.996003610813204e-16
0:	0.00e+00	0.00e+00
1:	0.00e+00	0.00e+00
2:	0.00e+00	0.00e+00
3:	0.00e+00	0.00e+00
4:	0.00e+00	0.00e+00
5:	0.00e+00	0.00e+00
6:	0.00e+00	0.00e+00
7:	0.00e+00	0.00e+00
8:	0.00e+00	0.00e+00
9:	0.00e+00	0.00e+00
10:	0.00e+00	0.00e+00
11:	1.11e-16	0.00e+00
12:	0.00e+00	0.00e+00
13:	0.00e+00	0.00e+00
14:	0.00e+00	0.00e+00
15:	0.00e+00	0.00e+00
16:	0.00e+00	0.00e+00
17:	0.00e+00	0.00e+00
18:	0.00e+00	1.04e-16
19:	0.00e+00	1.04e-16
20:	0.00e+00	0.00e+00
21:	-2.78e-17	0.00e+00
22:	0.00e+00	0.00e+00
23:	0.00e+00	0.00e+00
24:	0.00e+00	0.00e+00
25:	1.11e-16	0.00e+00
26:	0.00e+00	0.00e+00
27:	0.00e+00	0.00e+00
28:	0.00e+00	0.00e+00
29:	0.00e+00	0.00e+00
30:	0.00e+00	0.00e+00
31:	-2.78e-17	0.00e+00
32:	0.00e+00	-1.04e-16
33:	0.00e+00	-1.04e-16
34:	0.00e+00	0.00e+00
35:	0.00e+00	0.00e+00
36:	0.00e+00	0.00e+00
37:	0.00e+00	0.00e+00
38:	0.00e+00	0.00e+00
39:	0.00e+00	0.00e+00
40:	0.00e+00	1.04e-16
41:	0.00e+00	1.04e-16
42:	0.00e+00	0.00e+00
43:	0.00e+00	0.00e+00
44:	0.00e+00	0.00e+00
45:	0.00e+00	0.00e+00
46:	0.00e+00	0.00e+00
47:	0.00e+00	0.00e+00
48:	0.00e+00	0.00e+00
49:	0.00e+00	0.00e+00
50:	0.00e+00	-1.04e-16
51:	0.00e+00	-1.04e-16
52:	0.00e+00	0.00e+00
53:	0.00e+00	0.00e+00
54:	0.00e+00	0.00e+00
55:	-1.11e-16	0.00e+00
56:	0.00e+00	-1.04e-16
57:	0.00e+00	-1.04e-16
58:	0.00e+00	1.04e-16
59:	0.00e+00	1.04e-16
60:	0.00e+00	0.00e+00
61:	-1.11e-16	0.00e+00
62:	0.00e+00	0.00e+00
63:	0.00e+00	0.00e+00
Parameter value cutoff reached.
Calculating energies for FreeWilson2D(N_x=2, N_y=2, mass=-3.714, r=1.000)
h_im: 0.0
New op index: 11	$R_{YX-XY}$[0, 2]
Current grad: 4.996003610813204e-16
0:	0.00e+00	0.00e+00
1:	0.00e+00	0.00e+00
2:	0.00e+00	0.00e+00
3:	0.00e+00	0.00e+00
4:	0.00e+00	0.00e+00
5:	0.00e+00	0.00e+00
6:	0.00e+00	0.00e+00
7:	0.00e+00	0.00e+00
8:	0.00e+00	0.00e+00
9:	0.00e+00	0.00e+00
10:	0.00e+00	0.00e+00
11:	1.11e-16	0.00e+00
12:	0.00e+00	0.00e+00
13:	0.00e+00	0.00e+00
14:	0.00e+00	0.00e+00
15:	0.00e+00	0.00e+00
16:	0.00e+00	0.00e+00
17:	0.00e+00	0.00e+00
18:	0.00e+00	9.52e-17
19:	0.00e+00	9.52e-17
20:	0.00e+00	0.00e+00
21:	-2.78e-17	0.00e+00
22:	0.00e+00	0.00e+00
23:	0.00e+00	0.00e+00
24:	0.00e+00	0.00e+00
25:	1.11e-16	0.00e+00
26:	0.00e+00	0.00e+00
27:	0.00e+00	0.00e+00
28:	0.00e+00	0.00e+00
29:	0.00e+00	0.00e+00
30:	0.00e+00	0.00e+00
31:	-2.78e-17	0.00e+00
32:	0.00e+00	-9.52e-17
33:	0.00e+00	-9.52e-17
34:	0.00e+00	0.00e+00
35:	0.00e+00	0.00e+00
36:	0.00e+00	0.00e+00
37:	0.00e+00	0.00e+00
38:	0.00e+00	0.00e+00
39:	0.00e+00	0.00e+00
40:	0.00e+00	9.52e-17
41:	0.00e+00	9.52e-17
42:	0.00e+00	0.00e+00
43:	0.00e+00	0.00e+00
44:	0.00e+00	0.00e+00
45:	0.00e+00	0.00e+00
46:	0.00e+00	0.00e+00
47:	0.00e+00	0.00e+00
48:	0.00e+00	0.00e+00
49:	0.00e+00	0.00e+00
50:	0.00e+00	-9.52e-17
51:	0.00e+00	-9.52e-17
52:	0.00e+00	0.00e+00
53:	0.00e+00	0.00e+00
54:	0.00e+00	0.00e+00
55:	-1.11e-16	0.00e+00
56:	0.00e+00	-9.52e-17
57:	0.00e+00	-9.52e-17
58:	0.00e+00	9.52e-17
59:	0.00e+00	9.52e-17
60:	0.00e+00	0.00e+00
61:	-1.11e-16	0.00e+00
62:	0.00e+00	0.00e+00
63:	0.00e+00	0.00e+00
Parameter value cutoff reached.
Calculating energies for FreeWilson2D(N_x=2, N_y=2, mass=-3.551, r=1.000)
h_im: 0.0
New op index: 11	$R_{YX-XY}$[0, 2]
Current grad: 4.996003610813204e-16
0:	0.00e+00	0.00e+00
1:	0.00e+00	0.00e+00
2:	0.00e+00	0.00e+00
3:	0.00e+00	0.00e+00
4:	0.00e+00	0.00e+00
5:	0.00e+00	0.00e+00
6:	0.00e+00	0.00e+00
7:	0.00e+00	0.00e+00
8:	0.00e+00	0.00e+00
9:	0.00e+00	0.00e+00
10:	0.00e+00	0.00e+00
11:	1.11e-16	0.00e+00
12:	0.00e+00	0.00e+00
13:	0.00e+00	0.00e+00
14:	0.00e+00	0.00e+00
15:	0.00e+00	0.00e+00
16:	0.00e+00	0.00e+00
17:	0.00e+00	0.00e+00
18:	0.00e+00	8.61e-17
19:	0.00e+00	8.61e-17
20:	0.00e+00	0.00e+00
21:	-2.78e-17	0.00e+00
22:	0.00e+00	0.00e+00
23:	0.00e+00	0.00e+00
24:	0.00e+00	0.00e+00
25:	1.11e-16	0.00e+00
26:	0.00e+00	0.00e+00
27:	0.00e+00	0.00e+00
28:	0.00e+00	0.00e+00
29:	0.00e+00	0.00e+00
30:	0.00e+00	0.00e+00
31:	-2.78e-17	0.00e+00
32:	0.00e+00	-8.61e-17
33:	0.00e+00	-8.61e-17
34:	0.00e+00	0.00e+00
35:	0.00e+00	0.00e+00
36:	0.00e+00	0.00e+00
37:	0.00e+00	0.00e+00
38:	0.00e+00	0.00e+00
39:	0.00e+00	0.00e+00
40:	0.00e+00	8.61e-17
41:	0.00e+00	8.61e-17
42:	0.00e+00	0.00e+00
43:	0.00e+00	0.00e+00
44:	0.00e+00	0.00e+00
45:	0.00e+00	0.00e+00
46:	0.00e+00	0.00e+00
47:	0.00e+00	0.00e+00
48:	0.00e+00	0.00e+00
49:	0.00e+00	0.00e+00
50:	0.00e+00	-8.61e-17
51:	0.00e+00	-8.61e-17
52:	0.00e+00	0.00e+00
53:	0.00e+00	0.00e+00
54:	0.00e+00	0.00e+00
55:	-1.11e-16	0.00e+00
56:	0.00e+00	-8.61e-17
57:	0.00e+00	-8.61e-17
58:	0.00e+00	8.61e-17
59:	0.00e+00	8.61e-17
60:	0.00e+00	0.00e+00
61:	-1.11e-16	0.00e+00
62:	0.00e+00	0.00e+00
63:	0.00e+00	0.00e+00
Parameter value cutoff reached.
Calculating energies for FreeWilson2D(N_x=2, N_y=2, mass=-3.388, r=1.000)
h_im: 0.0
New op index: 11	$R_{YX-XY}$[0, 2]
Current grad: 4.996003610813204e-16
0:	0.00e+00	0.00e+00
1:	0.00e+00	0.00e+00
2:	0.00e+00	0.00e+00
3:	0.00e+00	0.00e+00
4:	0.00e+00	0.00e+00
5:	0.00e+00	0.00e+00
6:	0.00e+00	0.00e+00
7:	0.00e+00	0.00e+00
8:	0.00e+00	0.00e+00
9:	0.00e+00	0.00e+00
10:	0.00e+00	0.00e+00
11:	1.11e-16	0.00e+00
12:	0.00e+00	0.00e+00
13:	0.00e+00	0.00e+00
14:	0.00e+00	0.00e+00
15:	0.00e+00	0.00e+00
16:	0.00e+00	0.00e+00
17:	0.00e+00	0.00e+00
18:	0.00e+00	7.70e-17
19:	0.00e+00	7.70e-17
20:	0.00e+00	0.00e+00
21:	-2.78e-17	0.00e+00
22:	0.00e+00	0.00e+00
23:	0.00e+00	0.00e+00
24:	0.00e+00	0.00e+00
25:	1.11e-16	0.00e+00
26:	0.00e+00	0.00e+00
27:	0.00e+00	0.00e+00
28:	0.00e+00	0.00e+00
29:	0.00e+00	0.00e+00
30:	0.00e+00	0.00e+00
31:	-2.78e-17	0.00e+00
32:	0.00e+00	-7.70e-17
33:	0.00e+00	-7.70e-17
34:	0.00e+00	0.00e+00
35:	0.00e+00	0.00e+00
36:	0.00e+00	0.00e+00
37:	0.00e+00	0.00e+00
38:	0.00e+00	0.00e+00
39:	0.00e+00	0.00e+00
40:	0.00e+00	7.70e-17
41:	0.00e+00	7.70e-17
42:	0.00e+00	0.00e+00
43:	0.00e+00	0.00e+00
44:	0.00e+00	0.00e+00
45:	0.00e+00	0.00e+00
46:	0.00e+00	0.00e+00
47:	0.00e+00	0.00e+00
48:	0.00e+00	0.00e+00
49:	0.00e+00	0.00e+00
50:	0.00e+00	-7.70e-17
51:	0.00e+00	-7.70e-17
52:	0.00e+00	0.00e+00
53:	0.00e+00	0.00e+00
54:	0.00e+00	0.00e+00
55:	-1.11e-16	0.00e+00
56:	0.00e+00	-7.70e-17
57:	0.00e+00	-7.70e-17
58:	0.00e+00	7.70e-17
59:	0.00e+00	7.70e-17
60:	0.00e+00	0.00e+00
61:	-1.11e-16	0.00e+00
62:	0.00e+00	0.00e+00
63:	0.00e+00	0.00e+00
Parameter value cutoff reached.
Calculating energies for FreeWilson2D(N_x=2, N_y=2, mass=-3.224, r=1.000)
h_im: 0.0
New op index: 11	$R_{YX-XY}$[0, 2]
Current grad: 4.996003610813204e-16
0:	0.00e+00	0.00e+00
1:	0.00e+00	0.00e+00
2:	0.00e+00	0.00e+00
3:	0.00e+00	0.00e+00
4:	0.00e+00	0.00e+00
5:	0.00e+00	0.00e+00
6:	0.00e+00	0.00e+00
7:	0.00e+00	0.00e+00
8:	0.00e+00	0.00e+00
9:	0.00e+00	0.00e+00
10:	0.00e+00	0.00e+00
11:	1.11e-16	0.00e+00
12:	0.00e+00	0.00e+00
13:	0.00e+00	0.00e+00
14:	0.00e+00	0.00e+00
15:	0.00e+00	0.00e+00
16:	0.00e+00	0.00e+00
17:	0.00e+00	0.00e+00
18:	0.00e+00	6.80e-17
19:	0.00e+00	6.80e-17
20:	0.00e+00	0.00e+00
21:	-2.78e-17	0.00e+00
22:	0.00e+00	0.00e+00
23:	0.00e+00	0.00e+00
24:	0.00e+00	0.00e+00
25:	1.11e-16	0.00e+00
26:	0.00e+00	0.00e+00
27:	0.00e+00	0.00e+00
28:	0.00e+00	0.00e+00
29:	0.00e+00	0.00e+00
30:	0.00e+00	0.00e+00
31:	-2.78e-17	0.00e+00
32:	0.00e+00	-6.80e-17
33:	0.00e+00	-6.80e-17
34:	0.00e+00	0.00e+00
35:	0.00e+00	0.00e+00
36:	0.00e+00	0.00e+00
37:	0.00e+00	0.00e+00
38:	0.00e+00	0.00e+00
39:	0.00e+00	0.00e+00
40:	0.00e+00	6.80e-17
41:	0.00e+00	6.80e-17
42:	0.00e+00	0.00e+00
43:	0.00e+00	0.00e+00
44:	0.00e+00	0.00e+00
45:	0.00e+00	0.00e+00
46:	0.00e+00	0.00e+00
47:	0.00e+00	0.00e+00
48:	0.00e+00	0.00e+00
49:	0.00e+00	0.00e+00
50:	0.00e+00	-6.80e-17
51:	0.00e+00	-6.80e-17
52:	0.00e+00	0.00e+00
53:	0.00e+00	0.00e+00
54:	0.00e+00	0.00e+00
55:	-1.11e-16	0.00e+00
56:	0.00e+00	-6.80e-17
57:	0.00e+00	-6.80e-17
58:	0.00e+00	6.80e-17
59:	0.00e+00	6.80e-17
60:	0.00e+00	0.00e+00
61:	-1.11e-16	0.00e+00
62:	0.00e+00	0.00e+00
63:	0.00e+00	0.00e+00
Parameter value cutoff reached.
Calculating energies for FreeWilson2D(N_x=2, N_y=2, mass=-3.061, r=1.000)
h_im: 0.0
New op index: 11	$R_{YX-XY}$[0, 2]
Current grad: 4.996003610813204e-16
0:	0.00e+00	0.00e+00
1:	0.00e+00	0.00e+00
2:	0.00e+00	0.00e+00
3:	0.00e+00	0.00e+00
4:	0.00e+00	0.00e+00
5:	0.00e+00	0.00e+00
6:	0.00e+00	0.00e+00
7:	0.00e+00	0.00e+00
8:	0.00e+00	0.00e+00
9:	0.00e+00	0.00e+00
10:	0.00e+00	0.00e+00
11:	1.11e-16	0.00e+00
12:	0.00e+00	0.00e+00
13:	0.00e+00	0.00e+00
14:	0.00e+00	0.00e+00
15:	0.00e+00	0.00e+00
16:	0.00e+00	0.00e+00
17:	0.00e+00	0.00e+00
18:	0.00e+00	5.89e-17
19:	0.00e+00	5.89e-17
20:	0.00e+00	0.00e+00
21:	-2.78e-17	0.00e+00
22:	0.00e+00	0.00e+00
23:	0.00e+00	0.00e+00
24:	0.00e+00	0.00e+00
25:	1.11e-16	0.00e+00
26:	0.00e+00	0.00e+00
27:	0.00e+00	0.00e+00
28:	0.00e+00	0.00e+00
29:	0.00e+00	0.00e+00
30:	0.00e+00	0.00e+00
31:	-2.78e-17	0.00e+00
32:	0.00e+00	-5.89e-17
33:	0.00e+00	-5.89e-17
34:	0.00e+00	0.00e+00
35:	0.00e+00	0.00e+00
36:	0.00e+00	0.00e+00
37:	0.00e+00	0.00e+00
38:	0.00e+00	0.00e+00
39:	0.00e+00	0.00e+00
40:	0.00e+00	5.89e-17
41:	0.00e+00	5.89e-17
42:	0.00e+00	0.00e+00
43:	0.00e+00	0.00e+00
44:	0.00e+00	0.00e+00
45:	0.00e+00	0.00e+00
46:	0.00e+00	0.00e+00
47:	0.00e+00	0.00e+00
48:	0.00e+00	0.00e+00
49:	0.00e+00	0.00e+00
50:	0.00e+00	-5.89e-17
51:	0.00e+00	-5.89e-17
52:	0.00e+00	0.00e+00
53:	0.00e+00	0.00e+00
54:	0.00e+00	0.00e+00
55:	-1.11e-16	0.00e+00
56:	0.00e+00	-5.89e-17
57:	0.00e+00	-5.89e-17
58:	0.00e+00	5.89e-17
59:	0.00e+00	5.89e-17
60:	0.00e+00	0.00e+00
61:	-1.11e-16	0.00e+00
62:	0.00e+00	0.00e+00
63:	0.00e+00	0.00e+00
Parameter value cutoff reached.
Calculating energies for FreeWilson2D(N_x=2, N_y=2, mass=-2.898, r=1.000)
h_im: 0.0
New op index: 11	$R_{YX-XY}$[0, 2]
Current grad: 4.996003610813204e-16
0:	0.00e+00	0.00e+00
1:	0.00e+00	0.00e+00
2:	0.00e+00	0.00e+00
3:	0.00e+00	0.00e+00
4:	0.00e+00	0.00e+00
5:	0.00e+00	0.00e+00
6:	0.00e+00	0.00e+00
7:	0.00e+00	0.00e+00
8:	0.00e+00	0.00e+00
9:	0.00e+00	0.00e+00
10:	0.00e+00	0.00e+00
11:	1.11e-16	0.00e+00
12:	0.00e+00	0.00e+00
13:	0.00e+00	0.00e+00
14:	0.00e+00	0.00e+00
15:	0.00e+00	0.00e+00
16:	0.00e+00	0.00e+00
17:	0.00e+00	0.00e+00
18:	0.00e+00	4.98e-17
19:	0.00e+00	4.98e-17
20:	0.00e+00	0.00e+00
21:	-2.78e-17	0.00e+00
22:	0.00e+00	0.00e+00
23:	0.00e+00	0.00e+00
24:	0.00e+00	0.00e+00
25:	1.11e-16	0.00e+00
26:	0.00e+00	0.00e+00
27:	0.00e+00	0.00e+00
28:	0.00e+00	0.00e+00
29:	0.00e+00	0.00e+00
30:	0.00e+00	0.00e+00
31:	-2.78e-17	0.00e+00
32:	0.00e+00	-4.98e-17
33:	0.00e+00	-4.98e-17
34:	0.00e+00	0.00e+00
35:	0.00e+00	0.00e+00
36:	0.00e+00	0.00e+00
37:	0.00e+00	0.00e+00
38:	0.00e+00	0.00e+00
39:	0.00e+00	0.00e+00
40:	0.00e+00	4.98e-17
41:	0.00e+00	4.98e-17
42:	0.00e+00	0.00e+00
43:	0.00e+00	0.00e+00
44:	0.00e+00	0.00e+00
45:	0.00e+00	0.00e+00
46:	0.00e+00	0.00e+00
47:	0.00e+00	0.00e+00
48:	0.00e+00	0.00e+00
49:	0.00e+00	0.00e+00
50:	0.00e+00	-4.98e-17
51:	0.00e+00	-4.98e-17
52:	0.00e+00	0.00e+00
53:	0.00e+00	0.00e+00
54:	0.00e+00	0.00e+00
55:	-1.11e-16	0.00e+00
56:	0.00e+00	-4.98e-17
57:	0.00e+00	-4.98e-17
58:	0.00e+00	4.98e-17
59:	0.00e+00	4.98e-17
60:	0.00e+00	0.00e+00
61:	-1.11e-16	0.00e+00
62:	0.00e+00	0.00e+00
63:	0.00e+00	0.00e+00
Parameter value cutoff reached.
Calculating energies for FreeWilson2D(N_x=2, N_y=2, mass=-2.735, r=1.000)
h_im: 0.0
New op index: 11	$R_{YX-XY}$[0, 2]
Current grad: 4.996003610813204e-16
0:	0.00e+00	0.00e+00
1:	0.00e+00	0.00e+00
2:	0.00e+00	0.00e+00
3:	0.00e+00	0.00e+00
4:	0.00e+00	0.00e+00
5:	0.00e+00	0.00e+00
6:	0.00e+00	0.00e+00
7:	0.00e+00	0.00e+00
8:	0.00e+00	0.00e+00
9:	0.00e+00	0.00e+00
10:	0.00e+00	0.00e+00
11:	1.11e-16	0.00e+00
12:	0.00e+00	0.00e+00
13:	0.00e+00	0.00e+00
14:	0.00e+00	0.00e+00
15:	0.00e+00	0.00e+00
16:	0.00e+00	0.00e+00
17:	0.00e+00	0.00e+00
18:	0.00e+00	4.08e-17
19:	0.00e+00	4.08e-17
20:	0.00e+00	0.00e+00
21:	-2.78e-17	0.00e+00
22:	0.00e+00	0.00e+00
23:	0.00e+00	0.00e+00
24:	0.00e+00	0.00e+00
25:	1.11e-16	0.00e+00
26:	0.00e+00	0.00e+00
27:	0.00e+00	0.00e+00
28:	0.00e+00	0.00e+00
29:	0.00e+00	0.00e+00
30:	0.00e+00	0.00e+00
31:	-2.78e-17	0.00e+00
32:	0.00e+00	-4.08e-17
33:	0.00e+00	-4.08e-17
34:	0.00e+00	0.00e+00
35:	0.00e+00	0.00e+00
36:	0.00e+00	0.00e+00
37:	0.00e+00	0.00e+00
38:	0.00e+00	0.00e+00
39:	0.00e+00	0.00e+00
40:	0.00e+00	4.08e-17
41:	0.00e+00	4.08e-17
42:	0.00e+00	0.00e+00
43:	0.00e+00	0.00e+00
44:	0.00e+00	0.00e+00
45:	0.00e+00	0.00e+00
46:	0.00e+00	0.00e+00
47:	0.00e+00	0.00e+00
48:	0.00e+00	0.00e+00
49:	0.00e+00	0.00e+00
50:	0.00e+00	-4.08e-17
51:	0.00e+00	-4.08e-17
52:	0.00e+00	0.00e+00
53:	0.00e+00	0.00e+00
54:	0.00e+00	0.00e+00
55:	-1.11e-16	0.00e+00
56:	0.00e+00	-4.08e-17
57:	0.00e+00	-4.08e-17
58:	0.00e+00	4.08e-17
59:	0.00e+00	4.08e-17
60:	0.00e+00	0.00e+00
61:	-1.11e-16	0.00e+00
62:	0.00e+00	0.00e+00
63:	0.00e+00	0.00e+00
Parameter value cutoff reached.
Calculating energies for FreeWilson2D(N_x=2, N_y=2, mass=-2.571, r=1.000)
h_im: 0.0
New op index: 11	$R_{YX-XY}$[0, 2]
Current grad: 4.996003610813204e-16
0:	0.00e+00	0.00e+00
1:	0.00e+00	0.00e+00
2:	0.00e+00	0.00e+00
3:	0.00e+00	0.00e+00
4:	0.00e+00	0.00e+00
5:	0.00e+00	0.00e+00
6:	0.00e+00	0.00e+00
7:	0.00e+00	0.00e+00
8:	0.00e+00	0.00e+00
9:	0.00e+00	0.00e+00
10:	0.00e+00	0.00e+00
11:	1.11e-16	0.00e+00
12:	0.00e+00	0.00e+00
13:	0.00e+00	0.00e+00
14:	0.00e+00	0.00e+00
15:	0.00e+00	0.00e+00
16:	0.00e+00	0.00e+00
17:	0.00e+00	0.00e+00
18:	0.00e+00	3.17e-17
19:	0.00e+00	3.17e-17
20:	0.00e+00	0.00e+00
21:	-2.78e-17	0.00e+00
22:	0.00e+00	0.00e+00
23:	0.00e+00	0.00e+00
24:	0.00e+00	0.00e+00
25:	1.11e-16	0.00e+00
26:	0.00e+00	0.00e+00
27:	0.00e+00	0.00e+00
28:	0.00e+00	0.00e+00
29:	0.00e+00	0.00e+00
30:	0.00e+00	0.00e+00
31:	-2.78e-17	0.00e+00
32:	0.00e+00	-3.17e-17
33:	0.00e+00	-3.17e-17
34:	0.00e+00	0.00e+00
35:	0.00e+00	0.00e+00
36:	0.00e+00	0.00e+00
37:	0.00e+00	0.00e+00
38:	0.00e+00	0.00e+00
39:	0.00e+00	0.00e+00
40:	0.00e+00	3.17e-17
41:	0.00e+00	3.17e-17
42:	0.00e+00	0.00e+00
43:	0.00e+00	0.00e+00
44:	0.00e+00	0.00e+00
45:	0.00e+00	0.00e+00
46:	0.00e+00	0.00e+00
47:	0.00e+00	0.00e+00
48:	0.00e+00	0.00e+00
49:	0.00e+00	0.00e+00
50:	0.00e+00	-3.17e-17
51:	0.00e+00	-3.17e-17
52:	0.00e+00	0.00e+00
53:	0.00e+00	0.00e+00
54:	0.00e+00	0.00e+00
55:	-1.11e-16	0.00e+00
56:	0.00e+00	-3.17e-17
57:	0.00e+00	-3.17e-17
58:	0.00e+00	3.17e-17
59:	0.00e+00	3.17e-17
60:	0.00e+00	0.00e+00
61:	-1.11e-16	0.00e+00
62:	0.00e+00	0.00e+00
63:	0.00e+00	0.00e+00
Parameter value cutoff reached.
Calculating energies for FreeWilson2D(N_x=2, N_y=2, mass=-2.408, r=1.000)
h_im: 0.0
New op index: 11	$R_{YX-XY}$[0, 2]
Current grad: 4.996003610813204e-16
0:	0.00e+00	0.00e+00
1:	0.00e+00	0.00e+00
2:	0.00e+00	0.00e+00
3:	0.00e+00	0.00e+00
4:	0.00e+00	0.00e+00
5:	0.00e+00	0.00e+00
6:	0.00e+00	0.00e+00
7:	0.00e+00	0.00e+00
8:	0.00e+00	0.00e+00
9:	0.00e+00	0.00e+00
10:	0.00e+00	0.00e+00
11:	1.11e-16	0.00e+00
12:	0.00e+00	0.00e+00
13:	0.00e+00	0.00e+00
14:	0.00e+00	0.00e+00
15:	0.00e+00	0.00e+00
16:	0.00e+00	0.00e+00
17:	0.00e+00	0.00e+00
18:	0.00e+00	2.27e-17
19:	0.00e+00	2.27e-17
20:	0.00e+00	0.00e+00
21:	-2.78e-17	0.00e+00
22:	0.00e+00	0.00e+00
23:	0.00e+00	0.00e+00
24:	0.00e+00	0.00e+00
25:	1.11e-16	0.00e+00
26:	0.00e+00	0.00e+00
27:	0.00e+00	0.00e+00
28:	0.00e+00	0.00e+00
29:	0.00e+00	0.00e+00
30:	0.00e+00	0.00e+00
31:	-2.78e-17	0.00e+00
32:	0.00e+00	-2.27e-17
33:	0.00e+00	-2.27e-17
34:	0.00e+00	0.00e+00
35:	0.00e+00	0.00e+00
36:	0.00e+00	0.00e+00
37:	0.00e+00	0.00e+00
38:	0.00e+00	0.00e+00
39:	0.00e+00	0.00e+00
40:	0.00e+00	2.27e-17
41:	0.00e+00	2.27e-17
42:	0.00e+00	0.00e+00
43:	0.00e+00	0.00e+00
44:	0.00e+00	0.00e+00
45:	0.00e+00	0.00e+00
46:	0.00e+00	0.00e+00
47:	0.00e+00	0.00e+00
48:	0.00e+00	0.00e+00
49:	0.00e+00	0.00e+00
50:	0.00e+00	-2.27e-17
51:	0.00e+00	-2.27e-17
52:	0.00e+00	0.00e+00
53:	0.00e+00	0.00e+00
54:	0.00e+00	0.00e+00
55:	-1.11e-16	0.00e+00
56:	0.00e+00	-2.27e-17
57:	0.00e+00	-2.27e-17
58:	0.00e+00	2.27e-17
59:	0.00e+00	2.27e-17
60:	0.00e+00	0.00e+00
61:	-1.11e-16	0.00e+00
62:	0.00e+00	0.00e+00
63:	0.00e+00	0.00e+00
Parameter value cutoff reached.
Calculating energies for FreeWilson2D(N_x=2, N_y=2, mass=-2.245, r=1.000)
h_im: 0.0
New op index: 11	$R_{YX-XY}$[0, 2]
Current grad: 4.996003610813204e-16
0:	0.00e+00	0.00e+00
1:	0.00e+00	0.00e+00
2:	0.00e+00	0.00e+00
3:	0.00e+00	0.00e+00
4:	0.00e+00	0.00e+00
5:	0.00e+00	0.00e+00
6:	0.00e+00	0.00e+00
7:	0.00e+00	0.00e+00
8:	0.00e+00	0.00e+00
9:	0.00e+00	0.00e+00
10:	0.00e+00	0.00e+00
11:	1.11e-16	0.00e+00
12:	0.00e+00	0.00e+00
13:	0.00e+00	0.00e+00
14:	0.00e+00	0.00e+00
15:	0.00e+00	0.00e+00
16:	0.00e+00	0.00e+00
17:	0.00e+00	0.00e+00
18:	0.00e+00	1.36e-17
19:	0.00e+00	1.36e-17
20:	0.00e+00	0.00e+00
21:	-2.78e-17	0.00e+00
22:	0.00e+00	0.00e+00
23:	0.00e+00	0.00e+00
24:	0.00e+00	0.00e+00
25:	1.11e-16	0.00e+00
26:	0.00e+00	0.00e+00
27:	0.00e+00	0.00e+00
28:	0.00e+00	0.00e+00
29:	0.00e+00	0.00e+00
30:	0.00e+00	0.00e+00
31:	-2.78e-17	0.00e+00
32:	0.00e+00	-1.36e-17
33:	0.00e+00	-1.36e-17
34:	0.00e+00	0.00e+00
35:	0.00e+00	0.00e+00
36:	0.00e+00	0.00e+00
37:	0.00e+00	0.00e+00
38:	0.00e+00	0.00e+00
39:	0.00e+00	0.00e+00
40:	0.00e+00	1.36e-17
41:	0.00e+00	1.36e-17
42:	0.00e+00	0.00e+00
43:	0.00e+00	0.00e+00
44:	0.00e+00	0.00e+00
45:	0.00e+00	0.00e+00
46:	0.00e+00	0.00e+00
47:	0.00e+00	0.00e+00
48:	0.00e+00	0.00e+00
49:	0.00e+00	0.00e+00
50:	0.00e+00	-1.36e-17
51:	0.00e+00	-1.36e-17
52:	0.00e+00	0.00e+00
53:	0.00e+00	0.00e+00
54:	0.00e+00	0.00e+00
55:	-1.11e-16	0.00e+00
56:	0.00e+00	-1.36e-17
57:	0.00e+00	-1.36e-17
58:	0.00e+00	1.36e-17
59:	0.00e+00	1.36e-17
60:	0.00e+00	0.00e+00
61:	-1.11e-16	0.00e+00
62:	0.00e+00	0.00e+00
63:	0.00e+00	0.00e+00
Parameter value cutoff reached.
Calculating energies for FreeWilson2D(N_x=2, N_y=2, mass=-2.082, r=1.000)
h_im: 0.0
New op index: 11	$R_{YX-XY}$[0, 2]
Current grad: 4.996003610813204e-16
0:	0.00e+00	0.00e+00
1:	0.00e+00	0.00e+00
2:	0.00e+00	0.00e+00
3:	0.00e+00	0.00e+00
4:	0.00e+00	0.00e+00
5:	0.00e+00	0.00e+00
6:	0.00e+00	0.00e+00
7:	0.00e+00	0.00e+00
8:	0.00e+00	0.00e+00
9:	0.00e+00	0.00e+00
10:	0.00e+00	0.00e+00
11:	1.11e-16	0.00e+00
12:	0.00e+00	0.00e+00
13:	0.00e+00	0.00e+00
14:	0.00e+00	0.00e+00
15:	0.00e+00	0.00e+00
16:	0.00e+00	0.00e+00
17:	0.00e+00	0.00e+00
18:	0.00e+00	4.53e-18
19:	0.00e+00	4.53e-18
20:	0.00e+00	0.00e+00
21:	-2.78e-17	0.00e+00
22:	0.00e+00	0.00e+00
23:	0.00e+00	0.00e+00
24:	0.00e+00	0.00e+00
25:	1.11e-16	0.00e+00
26:	0.00e+00	0.00e+00
27:	0.00e+00	0.00e+00
28:	0.00e+00	0.00e+00
29:	0.00e+00	0.00e+00
30:	0.00e+00	0.00e+00
31:	-2.78e-17	0.00e+00
32:	0.00e+00	-4.53e-18
33:	0.00e+00	-4.53e-18
34:	0.00e+00	0.00e+00
35:	0.00e+00	0.00e+00
36:	0.00e+00	0.00e+00
37:	0.00e+00	0.00e+00
38:	0.00e+00	0.00e+00
39:	0.00e+00	0.00e+00
40:	0.00e+00	4.53e-18
41:	0.00e+00	4.53e-18
42:	0.00e+00	0.00e+00
43:	0.00e+00	0.00e+00
44:	0.00e+00	0.00e+00
45:	0.00e+00	0.00e+00
46:	0.00e+00	0.00e+00
47:	0.00e+00	0.00e+00
48:	0.00e+00	0.00e+00
49:	0.00e+00	0.00e+00
50:	0.00e+00	-4.53e-18
51:	0.00e+00	-4.53e-18
52:	0.00e+00	0.00e+00
53:	0.00e+00	0.00e+00
54:	0.00e+00	0.00e+00
55:	-1.11e-16	0.00e+00
56:	0.00e+00	-4.53e-18
57:	0.00e+00	-4.53e-18
58:	0.00e+00	4.53e-18
59:	0.00e+00	4.53e-18
60:	0.00e+00	0.00e+00
61:	-1.11e-16	0.00e+00
62:	0.00e+00	0.00e+00
63:	0.00e+00	0.00e+00
Parameter value cutoff reached.
Calculating energies for FreeWilson2D(N_x=2, N_y=2, mass=-1.918, r=1.000)
h_im: 0.0
New op index: 11	$R_{YX-XY}$[0, 2]
Current grad: 4.996003610813204e-16
0:	0.00e+00	0.00e+00
1:	0.00e+00	0.00e+00
2:	0.00e+00	0.00e+00
3:	0.00e+00	0.00e+00
4:	0.00e+00	0.00e+00
5:	0.00e+00	0.00e+00
6:	0.00e+00	0.00e+00
7:	0.00e+00	0.00e+00
8:	0.00e+00	0.00e+00
9:	0.00e+00	0.00e+00
10:	0.00e+00	0.00e+00
11:	1.11e-16	0.00e+00
12:	0.00e+00	0.00e+00
13:	0.00e+00	0.00e+00
14:	0.00e+00	0.00e+00
15:	0.00e+00	0.00e+00
16:	0.00e+00	0.00e+00
17:	0.00e+00	0.00e+00
18:	0.00e+00	-4.53e-18
19:	0.00e+00	-4.53e-18
20:	0.00e+00	0.00e+00
21:	-2.78e-17	0.00e+00
22:	0.00e+00	0.00e+00
23:	0.00e+00	0.00e+00
24:	0.00e+00	0.00e+00
25:	1.11e-16	0.00e+00
26:	0.00e+00	0.00e+00
27:	0.00e+00	0.00e+00
28:	0.00e+00	0.00e+00
29:	0.00e+00	0.00e+00
30:	0.00e+00	0.00e+00
31:	-2.78e-17	0.00e+00
32:	0.00e+00	4.53e-18
33:	0.00e+00	4.53e-18
34:	0.00e+00	0.00e+00
35:	0.00e+00	0.00e+00
36:	0.00e+00	0.00e+00
37:	0.00e+00	0.00e+00
38:	0.00e+00	0.00e+00
39:	0.00e+00	0.00e+00
40:	0.00e+00	-4.53e-18
41:	0.00e+00	-4.53e-18
42:	0.00e+00	0.00e+00
43:	0.00e+00	0.00e+00
44:	0.00e+00	0.00e+00
45:	0.00e+00	0.00e+00
46:	0.00e+00	0.00e+00
47:	0.00e+00	0.00e+00
48:	0.00e+00	0.00e+00
49:	0.00e+00	0.00e+00
50:	0.00e+00	4.53e-18
51:	0.00e+00	4.53e-18
52:	0.00e+00	0.00e+00
53:	0.00e+00	0.00e+00
54:	0.00e+00	0.00e+00
55:	-1.11e-16	0.00e+00
56:	0.00e+00	4.53e-18
57:	0.00e+00	4.53e-18
58:	0.00e+00	-4.53e-18
59:	0.00e+00	-4.53e-18
60:	0.00e+00	0.00e+00
61:	-1.11e-16	0.00e+00
62:	0.00e+00	0.00e+00
63:	0.00e+00	0.00e+00
Parameter value cutoff reached.
Calculating energies for FreeWilson2D(N_x=2, N_y=2, mass=-1.755, r=1.000)
h_im: 0.0
New op index: 11	$R_{YX-XY}$[0, 2]
Current grad: 4.996003610813204e-16
0:	0.00e+00	0.00e+00
1:	0.00e+00	0.00e+00
2:	0.00e+00	0.00e+00
3:	0.00e+00	0.00e+00
4:	0.00e+00	0.00e+00
5:	0.00e+00	0.00e+00
6:	0.00e+00	0.00e+00
7:	0.00e+00	0.00e+00
8:	0.00e+00	0.00e+00
9:	0.00e+00	0.00e+00
10:	0.00e+00	0.00e+00
11:	1.11e-16	0.00e+00
12:	0.00e+00	0.00e+00
13:	0.00e+00	0.00e+00
14:	0.00e+00	0.00e+00
15:	0.00e+00	0.00e+00
16:	0.00e+00	0.00e+00
17:	0.00e+00	0.00e+00
18:	0.00e+00	-1.36e-17
19:	0.00e+00	-1.36e-17
20:	0.00e+00	0.00e+00
21:	-2.78e-17	0.00e+00
22:	0.00e+00	0.00e+00
23:	0.00e+00	0.00e+00
24:	0.00e+00	0.00e+00
25:	1.11e-16	0.00e+00
26:	0.00e+00	0.00e+00
27:	0.00e+00	0.00e+00
28:	0.00e+00	0.00e+00
29:	0.00e+00	0.00e+00
30:	0.00e+00	0.00e+00
31:	-2.78e-17	0.00e+00
32:	0.00e+00	1.36e-17
33:	0.00e+00	1.36e-17
34:	0.00e+00	0.00e+00
35:	0.00e+00	0.00e+00
36:	0.00e+00	0.00e+00
37:	0.00e+00	0.00e+00
38:	0.00e+00	0.00e+00
39:	0.00e+00	0.00e+00
40:	0.00e+00	-1.36e-17
41:	0.00e+00	-1.36e-17
42:	0.00e+00	0.00e+00
43:	0.00e+00	0.00e+00
44:	0.00e+00	0.00e+00
45:	0.00e+00	0.00e+00
46:	0.00e+00	0.00e+00
47:	0.00e+00	0.00e+00
48:	0.00e+00	0.00e+00
49:	0.00e+00	0.00e+00
50:	0.00e+00	1.36e-17
51:	0.00e+00	1.36e-17
52:	0.00e+00	0.00e+00
53:	0.00e+00	0.00e+00
54:	0.00e+00	0.00e+00
55:	-1.11e-16	0.00e+00
56:	0.00e+00	1.36e-17
57:	0.00e+00	1.36e-17
58:	0.00e+00	-1.36e-17
59:	0.00e+00	-1.36e-17
60:	0.00e+00	0.00e+00
61:	-1.11e-16	0.00e+00
62:	0.00e+00	0.00e+00
63:	0.00e+00	0.00e+00
Parameter value cutoff reached.
Calculating energies for FreeWilson2D(N_x=2, N_y=2, mass=-1.592, r=1.000)
h_im: 0.0
New op index: 11	$R_{YX-XY}$[0, 2]
Current grad: 4.996003610813204e-16
0:	0.00e+00	0.00e+00
1:	0.00e+00	0.00e+00
2:	0.00e+00	0.00e+00
3:	0.00e+00	0.00e+00
4:	0.00e+00	0.00e+00
5:	0.00e+00	0.00e+00
6:	0.00e+00	0.00e+00
7:	0.00e+00	0.00e+00
8:	0.00e+00	0.00e+00
9:	0.00e+00	0.00e+00
10:	0.00e+00	0.00e+00
11:	1.11e-16	0.00e+00
12:	0.00e+00	0.00e+00
13:	0.00e+00	0.00e+00
14:	0.00e+00	0.00e+00
15:	0.00e+00	0.00e+00
16:	0.00e+00	0.00e+00
17:	0.00e+00	0.00e+00
18:	0.00e+00	-2.27e-17
19:	0.00e+00	-2.27e-17
20:	0.00e+00	0.00e+00
21:	-2.78e-17	0.00e+00
22:	0.00e+00	0.00e+00
23:	0.00e+00	0.00e+00
24:	0.00e+00	0.00e+00
25:	1.11e-16	0.00e+00
26:	0.00e+00	0.00e+00
27:	0.00e+00	0.00e+00
28:	0.00e+00	0.00e+00
29:	0.00e+00	0.00e+00
30:	0.00e+00	0.00e+00
31:	-2.78e-17	0.00e+00
32:	0.00e+00	2.27e-17
33:	0.00e+00	2.27e-17
34:	0.00e+00	0.00e+00
35:	0.00e+00	0.00e+00
36:	0.00e+00	0.00e+00
37:	0.00e+00	0.00e+00
38:	0.00e+00	0.00e+00
39:	0.00e+00	0.00e+00
40:	0.00e+00	-2.27e-17
41:	0.00e+00	-2.27e-17
42:	0.00e+00	0.00e+00
43:	0.00e+00	0.00e+00
44:	0.00e+00	0.00e+00
45:	0.00e+00	0.00e+00
46:	0.00e+00	0.00e+00
47:	0.00e+00	0.00e+00
48:	0.00e+00	0.00e+00
49:	0.00e+00	0.00e+00
50:	0.00e+00	2.27e-17
51:	0.00e+00	2.27e-17
52:	0.00e+00	0.00e+00
53:	0.00e+00	0.00e+00
54:	0.00e+00	0.00e+00
55:	-1.11e-16	0.00e+00
56:	0.00e+00	2.27e-17
57:	0.00e+00	2.27e-17
58:	0.00e+00	-2.27e-17
59:	0.00e+00	-2.27e-17
60:	0.00e+00	0.00e+00
61:	-1.11e-16	0.00e+00
62:	0.00e+00	0.00e+00
63:	0.00e+00	0.00e+00
Parameter value cutoff reached.
Calculating energies for FreeWilson2D(N_x=2, N_y=2, mass=-1.429, r=1.000)
h_im: 0.0
New op index: 11	$R_{YX-XY}$[0, 2]
Current grad: 4.996003610813204e-16
0:	0.00e+00	0.00e+00
1:	0.00e+00	0.00e+00
2:	0.00e+00	0.00e+00
3:	0.00e+00	0.00e+00
4:	0.00e+00	0.00e+00
5:	0.00e+00	0.00e+00
6:	0.00e+00	0.00e+00
7:	0.00e+00	0.00e+00
8:	0.00e+00	0.00e+00
9:	0.00e+00	0.00e+00
10:	0.00e+00	0.00e+00
11:	1.11e-16	0.00e+00
12:	0.00e+00	0.00e+00
13:	0.00e+00	0.00e+00
14:	0.00e+00	0.00e+00
15:	0.00e+00	0.00e+00
16:	0.00e+00	0.00e+00
17:	0.00e+00	0.00e+00
18:	0.00e+00	-3.17e-17
19:	0.00e+00	-3.17e-17
20:	0.00e+00	0.00e+00
21:	-2.78e-17	0.00e+00
22:	0.00e+00	0.00e+00
23:	0.00e+00	0.00e+00
24:	0.00e+00	0.00e+00
25:	1.11e-16	0.00e+00
26:	0.00e+00	0.00e+00
27:	0.00e+00	0.00e+00
28:	0.00e+00	0.00e+00
29:	0.00e+00	0.00e+00
30:	0.00e+00	0.00e+00
31:	-2.78e-17	0.00e+00
32:	0.00e+00	3.17e-17
33:	0.00e+00	3.17e-17
34:	0.00e+00	0.00e+00
35:	0.00e+00	0.00e+00
36:	0.00e+00	0.00e+00
37:	0.00e+00	0.00e+00
38:	0.00e+00	0.00e+00
39:	0.00e+00	0.00e+00
40:	0.00e+00	-3.17e-17
41:	0.00e+00	-3.17e-17
42:	0.00e+00	0.00e+00
43:	0.00e+00	0.00e+00
44:	0.00e+00	0.00e+00
45:	0.00e+00	0.00e+00
46:	0.00e+00	0.00e+00
47:	0.00e+00	0.00e+00
48:	0.00e+00	0.00e+00
49:	0.00e+00	0.00e+00
50:	0.00e+00	3.17e-17
51:	0.00e+00	3.17e-17
52:	0.00e+00	0.00e+00
53:	0.00e+00	0.00e+00
54:	0.00e+00	0.00e+00
55:	-1.11e-16	0.00e+00
56:	0.00e+00	3.17e-17
57:	0.00e+00	3.17e-17
58:	0.00e+00	-3.17e-17
59:	0.00e+00	-3.17e-17
60:	0.00e+00	0.00e+00
61:	-1.11e-16	0.00e+00
62:	0.00e+00	0.00e+00
63:	0.00e+00	0.00e+00
Parameter value cutoff reached.
Calculating energies for FreeWilson2D(N_x=2, N_y=2, mass=-1.265, r=1.000)
h_im: 0.0
New op index: 11	$R_{YX-XY}$[0, 2]
Current grad: 4.996003610813204e-16
0:	0.00e+00	0.00e+00
1:	0.00e+00	0.00e+00
2:	0.00e+00	0.00e+00
3:	0.00e+00	0.00e+00
4:	0.00e+00	0.00e+00
5:	0.00e+00	0.00e+00
6:	0.00e+00	0.00e+00
7:	0.00e+00	0.00e+00
8:	0.00e+00	0.00e+00
9:	0.00e+00	0.00e+00
10:	0.00e+00	0.00e+00
11:	1.11e-16	0.00e+00
12:	0.00e+00	0.00e+00
13:	0.00e+00	0.00e+00
14:	0.00e+00	0.00e+00
15:	0.00e+00	0.00e+00
16:	0.00e+00	0.00e+00
17:	0.00e+00	0.00e+00
18:	0.00e+00	-4.08e-17
19:	0.00e+00	-4.08e-17
20:	0.00e+00	0.00e+00
21:	-2.78e-17	0.00e+00
22:	0.00e+00	0.00e+00
23:	0.00e+00	0.00e+00
24:	0.00e+00	0.00e+00
25:	1.11e-16	0.00e+00
26:	0.00e+00	0.00e+00
27:	0.00e+00	0.00e+00
28:	0.00e+00	0.00e+00
29:	0.00e+00	0.00e+00
30:	0.00e+00	0.00e+00
31:	-2.78e-17	0.00e+00
32:	0.00e+00	4.08e-17
33:	0.00e+00	4.08e-17
34:	0.00e+00	0.00e+00
35:	0.00e+00	0.00e+00
36:	0.00e+00	0.00e+00
37:	0.00e+00	0.00e+00
38:	0.00e+00	0.00e+00
39:	0.00e+00	0.00e+00
40:	0.00e+00	-4.08e-17
41:	0.00e+00	-4.08e-17
42:	0.00e+00	0.00e+00
43:	0.00e+00	0.00e+00
44:	0.00e+00	0.00e+00
45:	0.00e+00	0.00e+00
46:	0.00e+00	0.00e+00
47:	0.00e+00	0.00e+00
48:	0.00e+00	0.00e+00
49:	0.00e+00	0.00e+00
50:	0.00e+00	4.08e-17
51:	0.00e+00	4.08e-17
52:	0.00e+00	0.00e+00
53:	0.00e+00	0.00e+00
54:	0.00e+00	0.00e+00
55:	-1.11e-16	0.00e+00
56:	0.00e+00	4.08e-17
57:	0.00e+00	4.08e-17
58:	0.00e+00	-4.08e-17
59:	0.00e+00	-4.08e-17
60:	0.00e+00	0.00e+00
61:	-1.11e-16	0.00e+00
62:	0.00e+00	0.00e+00
63:	0.00e+00	0.00e+00
Parameter value cutoff reached.
Calculating energies for FreeWilson2D(N_x=2, N_y=2, mass=-1.102, r=1.000)
h_im: 0.0
New op index: 11	$R_{YX-XY}$[0, 2]
Current grad: 4.996003610813204e-16
0:	0.00e+00	0.00e+00
1:	0.00e+00	0.00e+00
2:	0.00e+00	0.00e+00
3:	0.00e+00	0.00e+00
4:	0.00e+00	0.00e+00
5:	0.00e+00	0.00e+00
6:	0.00e+00	0.00e+00
7:	0.00e+00	0.00e+00
8:	0.00e+00	0.00e+00
9:	0.00e+00	0.00e+00
10:	0.00e+00	0.00e+00
11:	1.11e-16	0.00e+00
12:	0.00e+00	0.00e+00
13:	0.00e+00	0.00e+00
14:	0.00e+00	0.00e+00
15:	0.00e+00	0.00e+00
16:	0.00e+00	0.00e+00
17:	0.00e+00	0.00e+00
18:	0.00e+00	-4.98e-17
19:	0.00e+00	-4.98e-17
20:	0.00e+00	0.00e+00
21:	-2.78e-17	0.00e+00
22:	0.00e+00	0.00e+00
23:	0.00e+00	0.00e+00
24:	0.00e+00	0.00e+00
25:	1.11e-16	0.00e+00
26:	0.00e+00	0.00e+00
27:	0.00e+00	0.00e+00
28:	0.00e+00	0.00e+00
29:	0.00e+00	0.00e+00
30:	0.00e+00	0.00e+00
31:	-2.78e-17	0.00e+00
32:	0.00e+00	4.98e-17
33:	0.00e+00	4.98e-17
34:	0.00e+00	0.00e+00
35:	0.00e+00	0.00e+00
36:	0.00e+00	0.00e+00
37:	0.00e+00	0.00e+00
38:	0.00e+00	0.00e+00
39:	0.00e+00	0.00e+00
40:	0.00e+00	-4.98e-17
41:	0.00e+00	-4.98e-17
42:	0.00e+00	0.00e+00
43:	0.00e+00	0.00e+00
44:	0.00e+00	0.00e+00
45:	0.00e+00	0.00e+00
46:	0.00e+00	0.00e+00
47:	0.00e+00	0.00e+00
48:	0.00e+00	0.00e+00
49:	0.00e+00	0.00e+00
50:	0.00e+00	4.98e-17
51:	0.00e+00	4.98e-17
52:	0.00e+00	0.00e+00
53:	0.00e+00	0.00e+00
54:	0.00e+00	0.00e+00
55:	-1.11e-16	0.00e+00
56:	0.00e+00	4.98e-17
57:	0.00e+00	4.98e-17
58:	0.00e+00	-4.98e-17
59:	0.00e+00	-4.98e-17
60:	0.00e+00	0.00e+00
61:	-1.11e-16	0.00e+00
62:	0.00e+00	0.00e+00
63:	0.00e+00	0.00e+00
Parameter value cutoff reached.
Calculating energies for FreeWilson2D(N_x=2, N_y=2, mass=-0.939, r=1.000)
h_im: 0.0
New op index: 11	$R_{YX-XY}$[0, 2]
Current grad: 4.996003610813204e-16
0:	0.00e+00	0.00e+00
1:	0.00e+00	0.00e+00
2:	0.00e+00	0.00e+00
3:	0.00e+00	0.00e+00
4:	0.00e+00	0.00e+00
5:	0.00e+00	0.00e+00
6:	0.00e+00	0.00e+00
7:	0.00e+00	0.00e+00
8:	0.00e+00	0.00e+00
9:	0.00e+00	0.00e+00
10:	0.00e+00	0.00e+00
11:	1.11e-16	0.00e+00
12:	0.00e+00	0.00e+00
13:	0.00e+00	0.00e+00
14:	0.00e+00	0.00e+00
15:	0.00e+00	0.00e+00
16:	0.00e+00	0.00e+00
17:	0.00e+00	0.00e+00
18:	0.00e+00	-5.89e-17
19:	0.00e+00	-5.89e-17
20:	0.00e+00	0.00e+00
21:	-2.78e-17	0.00e+00
22:	0.00e+00	0.00e+00
23:	0.00e+00	0.00e+00
24:	0.00e+00	0.00e+00
25:	1.11e-16	0.00e+00
26:	0.00e+00	0.00e+00
27:	0.00e+00	0.00e+00
28:	0.00e+00	0.00e+00
29:	0.00e+00	0.00e+00
30:	0.00e+00	0.00e+00
31:	-2.78e-17	0.00e+00
32:	0.00e+00	5.89e-17
33:	0.00e+00	5.89e-17
34:	0.00e+00	0.00e+00
35:	0.00e+00	0.00e+00
36:	0.00e+00	0.00e+00
37:	0.00e+00	0.00e+00
38:	0.00e+00	0.00e+00
39:	0.00e+00	0.00e+00
40:	0.00e+00	-5.89e-17
41:	0.00e+00	-5.89e-17
42:	0.00e+00	0.00e+00
43:	0.00e+00	0.00e+00
44:	0.00e+00	0.00e+00
45:	0.00e+00	0.00e+00
46:	0.00e+00	0.00e+00
47:	0.00e+00	0.00e+00
48:	0.00e+00	0.00e+00
49:	0.00e+00	0.00e+00
50:	0.00e+00	5.89e-17
51:	0.00e+00	5.89e-17
52:	0.00e+00	0.00e+00
53:	0.00e+00	0.00e+00
54:	0.00e+00	0.00e+00
55:	-1.11e-16	0.00e+00
56:	0.00e+00	5.89e-17
57:	0.00e+00	5.89e-17
58:	0.00e+00	-5.89e-17
59:	0.00e+00	-5.89e-17
60:	0.00e+00	0.00e+00
61:	-1.11e-16	0.00e+00
62:	0.00e+00	0.00e+00
63:	0.00e+00	0.00e+00
Parameter value cutoff reached.
Calculating energies for FreeWilson2D(N_x=2, N_y=2, mass=-0.776, r=1.000)
h_im: 0.0
New op index: 11	$R_{YX-XY}$[0, 2]
Current grad: 4.996003610813204e-16
0:	0.00e+00	0.00e+00
1:	0.00e+00	0.00e+00
2:	0.00e+00	0.00e+00
3:	0.00e+00	0.00e+00
4:	0.00e+00	0.00e+00
5:	0.00e+00	0.00e+00
6:	0.00e+00	0.00e+00
7:	0.00e+00	0.00e+00
8:	0.00e+00	0.00e+00
9:	0.00e+00	0.00e+00
10:	0.00e+00	0.00e+00
11:	1.11e-16	0.00e+00
12:	0.00e+00	0.00e+00
13:	0.00e+00	0.00e+00
14:	0.00e+00	0.00e+00
15:	0.00e+00	0.00e+00
16:	0.00e+00	0.00e+00
17:	0.00e+00	0.00e+00
18:	0.00e+00	-6.80e-17
19:	0.00e+00	-6.80e-17
20:	0.00e+00	0.00e+00
21:	-2.78e-17	0.00e+00
22:	0.00e+00	0.00e+00
23:	0.00e+00	0.00e+00
24:	0.00e+00	0.00e+00
25:	1.11e-16	0.00e+00
26:	0.00e+00	0.00e+00
27:	0.00e+00	0.00e+00
28:	0.00e+00	0.00e+00
29:	0.00e+00	0.00e+00
30:	0.00e+00	0.00e+00
31:	-2.78e-17	0.00e+00
32:	0.00e+00	6.80e-17
33:	0.00e+00	6.80e-17
34:	0.00e+00	0.00e+00
35:	0.00e+00	0.00e+00
36:	0.00e+00	0.00e+00
37:	0.00e+00	0.00e+00
38:	0.00e+00	0.00e+00
39:	0.00e+00	0.00e+00
40:	0.00e+00	-6.80e-17
41:	0.00e+00	-6.80e-17
42:	0.00e+00	0.00e+00
43:	0.00e+00	0.00e+00
44:	0.00e+00	0.00e+00
45:	0.00e+00	0.00e+00
46:	0.00e+00	0.00e+00
47:	0.00e+00	0.00e+00
48:	0.00e+00	0.00e+00
49:	0.00e+00	0.00e+00
50:	0.00e+00	6.80e-17
51:	0.00e+00	6.80e-17
52:	0.00e+00	0.00e+00
53:	0.00e+00	0.00e+00
54:	0.00e+00	0.00e+00
55:	-1.11e-16	0.00e+00
56:	0.00e+00	6.80e-17
57:	0.00e+00	6.80e-17
58:	0.00e+00	-6.80e-17
59:	0.00e+00	-6.80e-17
60:	0.00e+00	0.00e+00
61:	-1.11e-16	0.00e+00
62:	0.00e+00	0.00e+00
63:	0.00e+00	0.00e+00
Parameter value cutoff reached.
Calculating energies for FreeWilson2D(N_x=2, N_y=2, mass=-0.612, r=1.000)
h_im: 0.0
New op index: 11	$R_{YX-XY}$[0, 2]
Current grad: 4.996003610813204e-16
0:	0.00e+00	0.00e+00
1:	0.00e+00	0.00e+00
2:	0.00e+00	0.00e+00
3:	0.00e+00	0.00e+00
4:	0.00e+00	0.00e+00
5:	0.00e+00	0.00e+00
6:	0.00e+00	0.00e+00
7:	0.00e+00	0.00e+00
8:	0.00e+00	0.00e+00
9:	0.00e+00	0.00e+00
10:	0.00e+00	0.00e+00
11:	1.11e-16	0.00e+00
12:	0.00e+00	0.00e+00
13:	0.00e+00	0.00e+00
14:	0.00e+00	0.00e+00
15:	0.00e+00	0.00e+00
16:	0.00e+00	0.00e+00
17:	0.00e+00	0.00e+00
18:	0.00e+00	-7.70e-17
19:	0.00e+00	-7.70e-17
20:	0.00e+00	0.00e+00
21:	-2.78e-17	0.00e+00
22:	0.00e+00	0.00e+00
23:	0.00e+00	0.00e+00
24:	0.00e+00	0.00e+00
25:	1.11e-16	0.00e+00
26:	0.00e+00	0.00e+00
27:	0.00e+00	0.00e+00
28:	0.00e+00	0.00e+00
29:	0.00e+00	0.00e+00
30:	0.00e+00	0.00e+00
31:	-2.78e-17	0.00e+00
32:	0.00e+00	7.70e-17
33:	0.00e+00	7.70e-17
34:	0.00e+00	0.00e+00
35:	0.00e+00	0.00e+00
36:	0.00e+00	0.00e+00
37:	0.00e+00	0.00e+00
38:	0.00e+00	0.00e+00
39:	0.00e+00	0.00e+00
40:	0.00e+00	-7.70e-17
41:	0.00e+00	-7.70e-17
42:	0.00e+00	0.00e+00
43:	0.00e+00	0.00e+00
44:	0.00e+00	0.00e+00
45:	0.00e+00	0.00e+00
46:	0.00e+00	0.00e+00
47:	0.00e+00	0.00e+00
48:	0.00e+00	0.00e+00
49:	0.00e+00	0.00e+00
50:	0.00e+00	7.70e-17
51:	0.00e+00	7.70e-17
52:	0.00e+00	0.00e+00
53:	0.00e+00	0.00e+00
54:	0.00e+00	0.00e+00
55:	-1.11e-16	0.00e+00
56:	0.00e+00	7.70e-17
57:	0.00e+00	7.70e-17
58:	0.00e+00	-7.70e-17
59:	0.00e+00	-7.70e-17
60:	0.00e+00	0.00e+00
61:	-1.11e-16	0.00e+00
62:	0.00e+00	0.00e+00
63:	0.00e+00	0.00e+00
Parameter value cutoff reached.
Calculating energies for FreeWilson2D(N_x=2, N_y=2, mass=-0.449, r=1.000)
h_im: 0.0
New op index: 11	$R_{YX-XY}$[0, 2]
Current grad: 4.996003610813204e-16
0:	0.00e+00	0.00e+00
1:	0.00e+00	0.00e+00
2:	0.00e+00	0.00e+00
3:	0.00e+00	0.00e+00
4:	0.00e+00	0.00e+00
5:	0.00e+00	0.00e+00
6:	0.00e+00	0.00e+00
7:	0.00e+00	0.00e+00
8:	0.00e+00	0.00e+00
9:	0.00e+00	0.00e+00
10:	0.00e+00	0.00e+00
11:	1.11e-16	0.00e+00
12:	0.00e+00	0.00e+00
13:	0.00e+00	0.00e+00
14:	0.00e+00	0.00e+00
15:	0.00e+00	0.00e+00
16:	0.00e+00	0.00e+00
17:	0.00e+00	0.00e+00
18:	0.00e+00	-8.61e-17
19:	0.00e+00	-8.61e-17
20:	0.00e+00	0.00e+00
21:	-2.78e-17	0.00e+00
22:	0.00e+00	0.00e+00
23:	0.00e+00	0.00e+00
24:	0.00e+00	0.00e+00
25:	1.11e-16	0.00e+00
26:	0.00e+00	0.00e+00
27:	0.00e+00	0.00e+00
28:	0.00e+00	0.00e+00
29:	0.00e+00	0.00e+00
30:	0.00e+00	0.00e+00
31:	-2.78e-17	0.00e+00
32:	0.00e+00	8.61e-17
33:	0.00e+00	8.61e-17
34:	0.00e+00	0.00e+00
35:	0.00e+00	0.00e+00
36:	0.00e+00	0.00e+00
37:	0.00e+00	0.00e+00
38:	0.00e+00	0.00e+00
39:	0.00e+00	0.00e+00
40:	0.00e+00	-8.61e-17
41:	0.00e+00	-8.61e-17
42:	0.00e+00	0.00e+00
43:	0.00e+00	0.00e+00
44:	0.00e+00	0.00e+00
45:	0.00e+00	0.00e+00
46:	0.00e+00	0.00e+00
47:	0.00e+00	0.00e+00
48:	0.00e+00	0.00e+00
49:	0.00e+00	0.00e+00
50:	0.00e+00	8.61e-17
51:	0.00e+00	8.61e-17
52:	0.00e+00	0.00e+00
53:	0.00e+00	0.00e+00
54:	0.00e+00	0.00e+00
55:	-1.11e-16	0.00e+00
56:	0.00e+00	8.61e-17
57:	0.00e+00	8.61e-17
58:	0.00e+00	-8.61e-17
59:	0.00e+00	-8.61e-17
60:	0.00e+00	0.00e+00
61:	-1.11e-16	0.00e+00
62:	0.00e+00	0.00e+00
63:	0.00e+00	0.00e+00
Parameter value cutoff reached.
Calculating energies for FreeWilson2D(N_x=2, N_y=2, mass=-0.286, r=1.000)
h_im: 0.0
New op index: 11	$R_{YX-XY}$[0, 2]
Current grad: 4.996003610813204e-16
0:	0.00e+00	0.00e+00
1:	0.00e+00	0.00e+00
2:	0.00e+00	0.00e+00
3:	0.00e+00	0.00e+00
4:	0.00e+00	0.00e+00
5:	0.00e+00	0.00e+00
6:	0.00e+00	0.00e+00
7:	0.00e+00	0.00e+00
8:	0.00e+00	0.00e+00
9:	0.00e+00	0.00e+00
10:	0.00e+00	0.00e+00
11:	1.11e-16	0.00e+00
12:	0.00e+00	0.00e+00
13:	0.00e+00	0.00e+00
14:	0.00e+00	0.00e+00
15:	0.00e+00	0.00e+00
16:	0.00e+00	0.00e+00
17:	0.00e+00	0.00e+00
18:	0.00e+00	-9.52e-17
19:	0.00e+00	-9.52e-17
20:	0.00e+00	0.00e+00
21:	-2.78e-17	0.00e+00
22:	0.00e+00	0.00e+00
23:	0.00e+00	0.00e+00
24:	0.00e+00	0.00e+00
25:	1.11e-16	0.00e+00
26:	0.00e+00	0.00e+00
27:	0.00e+00	0.00e+00
28:	0.00e+00	0.00e+00
29:	0.00e+00	0.00e+00
30:	0.00e+00	0.00e+00
31:	-2.78e-17	0.00e+00
32:	0.00e+00	9.52e-17
33:	0.00e+00	9.52e-17
34:	0.00e+00	0.00e+00
35:	0.00e+00	0.00e+00
36:	0.00e+00	0.00e+00
37:	0.00e+00	0.00e+00
38:	0.00e+00	0.00e+00
39:	0.00e+00	0.00e+00
40:	0.00e+00	-9.52e-17
41:	0.00e+00	-9.52e-17
42:	0.00e+00	0.00e+00
43:	0.00e+00	0.00e+00
44:	0.00e+00	0.00e+00
45:	0.00e+00	0.00e+00
46:	0.00e+00	0.00e+00
47:	0.00e+00	0.00e+00
48:	0.00e+00	0.00e+00
49:	0.00e+00	0.00e+00
50:	0.00e+00	9.52e-17
51:	0.00e+00	9.52e-17
52:	0.00e+00	0.00e+00
53:	0.00e+00	0.00e+00
54:	0.00e+00	0.00e+00
55:	-1.11e-16	0.00e+00
56:	0.00e+00	9.52e-17
57:	0.00e+00	9.52e-17
58:	0.00e+00	-9.52e-17
59:	0.00e+00	-9.52e-17
60:	0.00e+00	0.00e+00
61:	-1.11e-16	0.00e+00
62:	0.00e+00	0.00e+00
63:	0.00e+00	0.00e+00
Parameter value cutoff reached.
Calculating energies for FreeWilson2D(N_x=2, N_y=2, mass=-0.122, r=1.000)
h_im: 0.0
New op index: 11	$R_{YX-XY}$[0, 2]
Current grad: 4.996003610813204e-16
0:	0.00e+00	0.00e+00
1:	0.00e+00	0.00e+00
2:	0.00e+00	0.00e+00
3:	0.00e+00	0.00e+00
4:	0.00e+00	0.00e+00
5:	0.00e+00	0.00e+00
6:	0.00e+00	0.00e+00
7:	0.00e+00	0.00e+00
8:	0.00e+00	0.00e+00
9:	0.00e+00	0.00e+00
10:	0.00e+00	0.00e+00
11:	1.11e-16	0.00e+00
12:	0.00e+00	0.00e+00
13:	0.00e+00	0.00e+00
14:	0.00e+00	0.00e+00
15:	0.00e+00	0.00e+00
16:	0.00e+00	0.00e+00
17:	0.00e+00	0.00e+00
18:	0.00e+00	-1.04e-16
19:	0.00e+00	-1.04e-16
20:	0.00e+00	0.00e+00
21:	-2.78e-17	0.00e+00
22:	0.00e+00	0.00e+00
23:	0.00e+00	0.00e+00
24:	0.00e+00	0.00e+00
25:	1.11e-16	0.00e+00
26:	0.00e+00	0.00e+00
27:	0.00e+00	0.00e+00
28:	0.00e+00	0.00e+00
29:	0.00e+00	0.00e+00
30:	0.00e+00	0.00e+00
31:	-2.78e-17	0.00e+00
32:	0.00e+00	1.04e-16
33:	0.00e+00	1.04e-16
34:	0.00e+00	0.00e+00
35:	0.00e+00	0.00e+00
36:	0.00e+00	0.00e+00
37:	0.00e+00	0.00e+00
38:	0.00e+00	0.00e+00
39:	0.00e+00	0.00e+00
40:	0.00e+00	-1.04e-16
41:	0.00e+00	-1.04e-16
42:	0.00e+00	0.00e+00
43:	0.00e+00	0.00e+00
44:	0.00e+00	0.00e+00
45:	0.00e+00	0.00e+00
46:	0.00e+00	0.00e+00
47:	0.00e+00	0.00e+00
48:	0.00e+00	0.00e+00
49:	0.00e+00	0.00e+00
50:	0.00e+00	1.04e-16
51:	0.00e+00	1.04e-16
52:	0.00e+00	0.00e+00
53:	0.00e+00	0.00e+00
54:	0.00e+00	0.00e+00
55:	-1.11e-16	0.00e+00
56:	0.00e+00	1.04e-16
57:	0.00e+00	1.04e-16
58:	0.00e+00	-1.04e-16
59:	0.00e+00	-1.04e-16
60:	0.00e+00	0.00e+00
61:	-1.11e-16	0.00e+00
62:	0.00e+00	0.00e+00
63:	0.00e+00	0.00e+00
Parameter value cutoff reached.
Calculating energies for FreeWilson2D(N_x=2, N_y=2, mass=0.041, r=1.000)
h_im: 0.0
New op index: 11	$R_{YX-XY}$[0, 2]
Current grad: 4.996003610813204e-16
0:	0.00e+00	0.00e+00
1:	0.00e+00	0.00e+00
2:	0.00e+00	0.00e+00
3:	0.00e+00	0.00e+00
4:	0.00e+00	0.00e+00
5:	0.00e+00	0.00e+00
6:	0.00e+00	0.00e+00
7:	0.00e+00	0.00e+00
8:	0.00e+00	0.00e+00
9:	0.00e+00	0.00e+00
10:	0.00e+00	0.00e+00
11:	1.11e-16	0.00e+00
12:	0.00e+00	0.00e+00
13:	0.00e+00	0.00e+00
14:	0.00e+00	0.00e+00
15:	0.00e+00	0.00e+00
16:	0.00e+00	0.00e+00
17:	0.00e+00	0.00e+00
18:	0.00e+00	-1.13e-16
19:	0.00e+00	-1.13e-16
20:	0.00e+00	0.00e+00
21:	-2.78e-17	0.00e+00
22:	0.00e+00	0.00e+00
23:	0.00e+00	0.00e+00
24:	0.00e+00	0.00e+00
25:	1.11e-16	0.00e+00
26:	0.00e+00	0.00e+00
27:	0.00e+00	0.00e+00
28:	0.00e+00	0.00e+00
29:	0.00e+00	0.00e+00
30:	0.00e+00	0.00e+00
31:	-2.78e-17	0.00e+00
32:	0.00e+00	1.13e-16
33:	0.00e+00	1.13e-16
34:	0.00e+00	0.00e+00
35:	0.00e+00	0.00e+00
36:	0.00e+00	0.00e+00
37:	0.00e+00	0.00e+00
38:	0.00e+00	0.00e+00
39:	0.00e+00	0.00e+00
40:	0.00e+00	-1.13e-16
41:	0.00e+00	-1.13e-16
42:	0.00e+00	0.00e+00
43:	0.00e+00	0.00e+00
44:	0.00e+00	0.00e+00
45:	0.00e+00	0.00e+00
46:	0.00e+00	0.00e+00
47:	0.00e+00	0.00e+00
48:	0.00e+00	0.00e+00
49:	0.00e+00	0.00e+00
50:	0.00e+00	1.13e-16
51:	0.00e+00	1.13e-16
52:	0.00e+00	0.00e+00
53:	0.00e+00	0.00e+00
54:	0.00e+00	0.00e+00
55:	-1.11e-16	0.00e+00
56:	0.00e+00	1.13e-16
57:	0.00e+00	1.13e-16
58:	0.00e+00	-1.13e-16
59:	0.00e+00	-1.13e-16
60:	0.00e+00	0.00e+00
61:	-1.11e-16	0.00e+00
62:	0.00e+00	0.00e+00
63:	0.00e+00	0.00e+00
Parameter value cutoff reached.
Calculating energies for FreeWilson2D(N_x=2, N_y=2, mass=0.204, r=1.000)
h_im: 0.0
New op index: 11	$R_{YX-XY}$[0, 2]
Current grad: 4.996003610813204e-16
0:	0.00e+00	0.00e+00
1:	0.00e+00	0.00e+00
2:	0.00e+00	0.00e+00
3:	0.00e+00	0.00e+00
4:	0.00e+00	0.00e+00
5:	0.00e+00	0.00e+00
6:	0.00e+00	0.00e+00
7:	0.00e+00	0.00e+00
8:	0.00e+00	0.00e+00
9:	0.00e+00	0.00e+00
10:	0.00e+00	0.00e+00
11:	1.11e-16	0.00e+00
12:	0.00e+00	0.00e+00
13:	0.00e+00	0.00e+00
14:	0.00e+00	0.00e+00
15:	0.00e+00	0.00e+00
16:	0.00e+00	0.00e+00
17:	0.00e+00	0.00e+00
18:	0.00e+00	-1.22e-16
19:	0.00e+00	-1.22e-16
20:	0.00e+00	0.00e+00
21:	-2.78e-17	0.00e+00
22:	0.00e+00	0.00e+00
23:	0.00e+00	0.00e+00
24:	0.00e+00	0.00e+00
25:	1.11e-16	0.00e+00
26:	0.00e+00	0.00e+00
27:	0.00e+00	0.00e+00
28:	0.00e+00	0.00e+00
29:	0.00e+00	0.00e+00
30:	0.00e+00	0.00e+00
31:	-2.78e-17	0.00e+00
32:	0.00e+00	1.22e-16
33:	0.00e+00	1.22e-16
34:	0.00e+00	0.00e+00
35:	0.00e+00	0.00e+00
36:	0.00e+00	0.00e+00
37:	0.00e+00	0.00e+00
38:	0.00e+00	0.00e+00
39:	0.00e+00	0.00e+00
40:	0.00e+00	-1.22e-16
41:	0.00e+00	-1.22e-16
42:	0.00e+00	0.00e+00
43:	0.00e+00	0.00e+00
44:	0.00e+00	0.00e+00
45:	0.00e+00	0.00e+00
46:	0.00e+00	0.00e+00
47:	0.00e+00	0.00e+00
48:	0.00e+00	0.00e+00
49:	0.00e+00	0.00e+00
50:	0.00e+00	1.22e-16
51:	0.00e+00	1.22e-16
52:	0.00e+00	0.00e+00
53:	0.00e+00	0.00e+00
54:	0.00e+00	0.00e+00
55:	-1.11e-16	0.00e+00
56:	0.00e+00	1.22e-16
57:	0.00e+00	1.22e-16
58:	0.00e+00	-1.22e-16
59:	0.00e+00	-1.22e-16
60:	0.00e+00	0.00e+00
61:	-1.11e-16	0.00e+00
62:	0.00e+00	0.00e+00
63:	0.00e+00	0.00e+00
Parameter value cutoff reached.
Calculating energies for FreeWilson2D(N_x=2, N_y=2, mass=0.367, r=1.000)
h_im: 0.0
New op index: 11	$R_{YX-XY}$[0, 2]
Current grad: 4.996003610813204e-16
0:	0.00e+00	0.00e+00
1:	0.00e+00	0.00e+00
2:	0.00e+00	0.00e+00
3:	0.00e+00	0.00e+00
4:	0.00e+00	0.00e+00
5:	0.00e+00	0.00e+00
6:	0.00e+00	0.00e+00
7:	0.00e+00	0.00e+00
8:	0.00e+00	0.00e+00
9:	0.00e+00	0.00e+00
10:	0.00e+00	0.00e+00
11:	1.11e-16	0.00e+00
12:	0.00e+00	0.00e+00
13:	0.00e+00	0.00e+00
14:	0.00e+00	0.00e+00
15:	0.00e+00	0.00e+00
16:	0.00e+00	0.00e+00
17:	0.00e+00	0.00e+00
18:	0.00e+00	-1.31e-16
19:	0.00e+00	-1.31e-16
20:	0.00e+00	0.00e+00
21:	-2.78e-17	0.00e+00
22:	0.00e+00	0.00e+00
23:	0.00e+00	0.00e+00
24:	0.00e+00	0.00e+00
25:	1.11e-16	0.00e+00
26:	0.00e+00	0.00e+00
27:	0.00e+00	0.00e+00
28:	0.00e+00	0.00e+00
29:	0.00e+00	0.00e+00
30:	0.00e+00	0.00e+00
31:	-2.78e-17	0.00e+00
32:	0.00e+00	1.31e-16
33:	0.00e+00	1.31e-16
34:	0.00e+00	0.00e+00
35:	0.00e+00	0.00e+00
36:	0.00e+00	0.00e+00
37:	0.00e+00	0.00e+00
38:	0.00e+00	0.00e+00
39:	0.00e+00	0.00e+00
40:	0.00e+00	-1.31e-16
41:	0.00e+00	-1.31e-16
42:	0.00e+00	0.00e+00
43:	0.00e+00	0.00e+00
44:	0.00e+00	0.00e+00
45:	0.00e+00	0.00e+00
46:	0.00e+00	0.00e+00
47:	0.00e+00	0.00e+00
48:	0.00e+00	0.00e+00
49:	0.00e+00	0.00e+00
50:	0.00e+00	1.31e-16
51:	0.00e+00	1.31e-16
52:	0.00e+00	0.00e+00
53:	0.00e+00	0.00e+00
54:	0.00e+00	0.00e+00
55:	-1.11e-16	0.00e+00
56:	0.00e+00	1.31e-16
57:	0.00e+00	1.31e-16
58:	0.00e+00	-1.31e-16
59:	0.00e+00	-1.31e-16
60:	0.00e+00	0.00e+00
61:	-1.11e-16	0.00e+00
62:	0.00e+00	0.00e+00
63:	0.00e+00	0.00e+00
Parameter value cutoff reached.
Calculating energies for FreeWilson2D(N_x=2, N_y=2, mass=0.531, r=1.000)
h_im: 0.0
New op index: 11	$R_{YX-XY}$[0, 2]
Current grad: 4.996003610813204e-16
0:	0.00e+00	0.00e+00
1:	0.00e+00	0.00e+00
2:	0.00e+00	0.00e+00
3:	0.00e+00	0.00e+00
4:	0.00e+00	0.00e+00
5:	0.00e+00	0.00e+00
6:	0.00e+00	0.00e+00
7:	0.00e+00	0.00e+00
8:	0.00e+00	0.00e+00
9:	0.00e+00	0.00e+00
10:	0.00e+00	0.00e+00
11:	1.11e-16	0.00e+00
12:	0.00e+00	0.00e+00
13:	0.00e+00	0.00e+00
14:	0.00e+00	0.00e+00
15:	0.00e+00	0.00e+00
16:	0.00e+00	0.00e+00
17:	0.00e+00	0.00e+00
18:	0.00e+00	-1.40e-16
19:	0.00e+00	-1.40e-16
20:	0.00e+00	0.00e+00
21:	-2.78e-17	0.00e+00
22:	0.00e+00	0.00e+00
23:	0.00e+00	0.00e+00
24:	0.00e+00	0.00e+00
25:	1.11e-16	0.00e+00
26:	0.00e+00	0.00e+00
27:	0.00e+00	0.00e+00
28:	0.00e+00	0.00e+00
29:	0.00e+00	0.00e+00
30:	0.00e+00	0.00e+00
31:	-2.78e-17	0.00e+00
32:	0.00e+00	1.40e-16
33:	0.00e+00	1.40e-16
34:	0.00e+00	0.00e+00
35:	0.00e+00	0.00e+00
36:	0.00e+00	0.00e+00
37:	0.00e+00	0.00e+00
38:	0.00e+00	0.00e+00
39:	0.00e+00	0.00e+00
40:	0.00e+00	-1.40e-16
41:	0.00e+00	-1.40e-16
42:	0.00e+00	0.00e+00
43:	0.00e+00	0.00e+00
44:	0.00e+00	0.00e+00
45:	0.00e+00	0.00e+00
46:	0.00e+00	0.00e+00
47:	0.00e+00	0.00e+00
48:	0.00e+00	0.00e+00
49:	0.00e+00	0.00e+00
50:	0.00e+00	1.40e-16
51:	0.00e+00	1.40e-16
52:	0.00e+00	0.00e+00
53:	0.00e+00	0.00e+00
54:	0.00e+00	0.00e+00
55:	-1.11e-16	0.00e+00
56:	0.00e+00	1.40e-16
57:	0.00e+00	1.40e-16
58:	0.00e+00	-1.40e-16
59:	0.00e+00	-1.40e-16
60:	0.00e+00	0.00e+00
61:	-1.11e-16	0.00e+00
62:	0.00e+00	0.00e+00
63:	0.00e+00	0.00e+00
Parameter value cutoff reached.
Calculating energies for FreeWilson2D(N_x=2, N_y=2, mass=0.694, r=1.000)
h_im: 0.0
New op index: 11	$R_{YX-XY}$[0, 2]
Current grad: 4.996003610813204e-16
0:	0.00e+00	0.00e+00
1:	0.00e+00	0.00e+00
2:	0.00e+00	0.00e+00
3:	0.00e+00	0.00e+00
4:	0.00e+00	0.00e+00
5:	0.00e+00	0.00e+00
6:	0.00e+00	0.00e+00
7:	0.00e+00	0.00e+00
8:	0.00e+00	0.00e+00
9:	0.00e+00	0.00e+00
10:	0.00e+00	0.00e+00
11:	1.11e-16	0.00e+00
12:	0.00e+00	0.00e+00
13:	0.00e+00	0.00e+00
14:	0.00e+00	0.00e+00
15:	0.00e+00	0.00e+00
16:	0.00e+00	0.00e+00
17:	0.00e+00	0.00e+00
18:	0.00e+00	-1.50e-16
19:	0.00e+00	-1.50e-16
20:	0.00e+00	0.00e+00
21:	-2.78e-17	0.00e+00
22:	0.00e+00	0.00e+00
23:	0.00e+00	0.00e+00
24:	0.00e+00	0.00e+00
25:	1.11e-16	0.00e+00
26:	0.00e+00	0.00e+00
27:	0.00e+00	0.00e+00
28:	0.00e+00	0.00e+00
29:	0.00e+00	0.00e+00
30:	0.00e+00	0.00e+00
31:	-2.78e-17	0.00e+00
32:	0.00e+00	1.50e-16
33:	0.00e+00	1.50e-16
34:	0.00e+00	0.00e+00
35:	0.00e+00	0.00e+00
36:	0.00e+00	0.00e+00
37:	0.00e+00	0.00e+00
38:	0.00e+00	0.00e+00
39:	0.00e+00	0.00e+00
40:	0.00e+00	-1.50e-16
41:	0.00e+00	-1.50e-16
42:	0.00e+00	0.00e+00
43:	0.00e+00	0.00e+00
44:	0.00e+00	0.00e+00
45:	0.00e+00	0.00e+00
46:	0.00e+00	0.00e+00
47:	0.00e+00	0.00e+00
48:	0.00e+00	0.00e+00
49:	0.00e+00	0.00e+00
50:	0.00e+00	1.50e-16
51:	0.00e+00	1.50e-16
52:	0.00e+00	0.00e+00
53:	0.00e+00	0.00e+00
54:	0.00e+00	0.00e+00
55:	-1.11e-16	0.00e+00
56:	0.00e+00	1.50e-16
57:	0.00e+00	1.50e-16
58:	0.00e+00	-1.50e-16
59:	0.00e+00	-1.50e-16
60:	0.00e+00	0.00e+00
61:	-1.11e-16	0.00e+00
62:	0.00e+00	0.00e+00
63:	0.00e+00	0.00e+00
Parameter value cutoff reached.
Calculating energies for FreeWilson2D(N_x=2, N_y=2, mass=0.857, r=1.000)
h_im: 0.0
New op index: 11	$R_{YX-XY}$[0, 2]
Current grad: 4.996003610813204e-16
0:	0.00e+00	0.00e+00
1:	0.00e+00	0.00e+00
2:	0.00e+00	0.00e+00
3:	0.00e+00	0.00e+00
4:	0.00e+00	0.00e+00
5:	0.00e+00	0.00e+00
6:	0.00e+00	0.00e+00
7:	0.00e+00	0.00e+00
8:	0.00e+00	0.00e+00
9:	0.00e+00	0.00e+00
10:	0.00e+00	0.00e+00
11:	1.11e-16	0.00e+00
12:	0.00e+00	0.00e+00
13:	0.00e+00	0.00e+00
14:	0.00e+00	0.00e+00
15:	0.00e+00	0.00e+00
16:	0.00e+00	0.00e+00
17:	0.00e+00	0.00e+00
18:	0.00e+00	-1.59e-16
19:	0.00e+00	-1.59e-16
20:	0.00e+00	0.00e+00
21:	-2.78e-17	0.00e+00
22:	0.00e+00	0.00e+00
23:	0.00e+00	0.00e+00
24:	0.00e+00	0.00e+00
25:	1.11e-16	0.00e+00
26:	0.00e+00	0.00e+00
27:	0.00e+00	0.00e+00
28:	0.00e+00	0.00e+00
29:	0.00e+00	0.00e+00
30:	0.00e+00	0.00e+00
31:	-2.78e-17	0.00e+00
32:	0.00e+00	1.59e-16
33:	0.00e+00	1.59e-16
34:	0.00e+00	0.00e+00
35:	0.00e+00	0.00e+00
36:	0.00e+00	0.00e+00
37:	0.00e+00	0.00e+00
38:	0.00e+00	0.00e+00
39:	0.00e+00	0.00e+00
40:	0.00e+00	-1.59e-16
41:	0.00e+00	-1.59e-16
42:	0.00e+00	0.00e+00
43:	0.00e+00	0.00e+00
44:	0.00e+00	0.00e+00
45:	0.00e+00	0.00e+00
46:	0.00e+00	0.00e+00
47:	0.00e+00	0.00e+00
48:	0.00e+00	0.00e+00
49:	0.00e+00	0.00e+00
50:	0.00e+00	1.59e-16
51:	0.00e+00	1.59e-16
52:	0.00e+00	0.00e+00
53:	0.00e+00	0.00e+00
54:	0.00e+00	0.00e+00
55:	-1.11e-16	0.00e+00
56:	0.00e+00	1.59e-16
57:	0.00e+00	1.59e-16
58:	0.00e+00	-1.59e-16
59:	0.00e+00	-1.59e-16
60:	0.00e+00	0.00e+00
61:	-1.11e-16	0.00e+00
62:	0.00e+00	0.00e+00
63:	0.00e+00	0.00e+00
Parameter value cutoff reached.
Calculating energies for FreeWilson2D(N_x=2, N_y=2, mass=1.020, r=1.000)
h_im: 0.0
New op index: 11	$R_{YX-XY}$[0, 2]
Current grad: 4.996003610813204e-16
0:	0.00e+00	0.00e+00
1:	0.00e+00	0.00e+00
2:	0.00e+00	0.00e+00
3:	0.00e+00	0.00e+00
4:	0.00e+00	0.00e+00
5:	0.00e+00	0.00e+00
6:	0.00e+00	0.00e+00
7:	0.00e+00	0.00e+00
8:	0.00e+00	0.00e+00
9:	0.00e+00	0.00e+00
10:	0.00e+00	0.00e+00
11:	1.11e-16	0.00e+00
12:	0.00e+00	0.00e+00
13:	0.00e+00	0.00e+00
14:	0.00e+00	0.00e+00
15:	0.00e+00	0.00e+00
16:	0.00e+00	0.00e+00
17:	0.00e+00	0.00e+00
18:	0.00e+00	-1.68e-16
19:	0.00e+00	-1.68e-16
20:	0.00e+00	0.00e+00
21:	-2.78e-17	0.00e+00
22:	0.00e+00	0.00e+00
23:	0.00e+00	0.00e+00
24:	0.00e+00	0.00e+00
25:	1.11e-16	0.00e+00
26:	0.00e+00	0.00e+00
27:	0.00e+00	0.00e+00
28:	0.00e+00	0.00e+00
29:	0.00e+00	0.00e+00
30:	0.00e+00	0.00e+00
31:	-2.78e-17	0.00e+00
32:	0.00e+00	1.68e-16
33:	0.00e+00	1.68e-16
34:	0.00e+00	0.00e+00
35:	0.00e+00	0.00e+00
36:	0.00e+00	0.00e+00
37:	0.00e+00	0.00e+00
38:	0.00e+00	0.00e+00
39:	0.00e+00	0.00e+00
40:	0.00e+00	-1.68e-16
41:	0.00e+00	-1.68e-16
42:	0.00e+00	0.00e+00
43:	0.00e+00	0.00e+00
44:	0.00e+00	0.00e+00
45:	0.00e+00	0.00e+00
46:	0.00e+00	0.00e+00
47:	0.00e+00	0.00e+00
48:	0.00e+00	0.00e+00
49:	0.00e+00	0.00e+00
50:	0.00e+00	1.68e-16
51:	0.00e+00	1.68e-16
52:	0.00e+00	0.00e+00
53:	0.00e+00	0.00e+00
54:	0.00e+00	0.00e+00
55:	-1.11e-16	0.00e+00
56:	0.00e+00	1.68e-16
57:	0.00e+00	1.68e-16
58:	0.00e+00	-1.68e-16
59:	0.00e+00	-1.68e-16
60:	0.00e+00	0.00e+00
61:	-1.11e-16	0.00e+00
62:	0.00e+00	0.00e+00
63:	0.00e+00	0.00e+00
Parameter value cutoff reached.
Calculating energies for FreeWilson2D(N_x=2, N_y=2, mass=1.184, r=1.000)
h_im: 0.0
New op index: 11	$R_{YX-XY}$[0, 2]
Current grad: 4.996003610813204e-16
0:	0.00e+00	0.00e+00
1:	0.00e+00	0.00e+00
2:	0.00e+00	0.00e+00
3:	0.00e+00	0.00e+00
4:	0.00e+00	0.00e+00
5:	0.00e+00	0.00e+00
6:	0.00e+00	0.00e+00
7:	0.00e+00	0.00e+00
8:	0.00e+00	0.00e+00
9:	0.00e+00	0.00e+00
10:	0.00e+00	0.00e+00
11:	1.11e-16	0.00e+00
12:	0.00e+00	0.00e+00
13:	0.00e+00	0.00e+00
14:	0.00e+00	0.00e+00
15:	0.00e+00	0.00e+00
16:	0.00e+00	0.00e+00
17:	0.00e+00	0.00e+00
18:	0.00e+00	-1.77e-16
19:	0.00e+00	-1.77e-16
20:	0.00e+00	0.00e+00
21:	-2.78e-17	0.00e+00
22:	0.00e+00	0.00e+00
23:	0.00e+00	0.00e+00
24:	0.00e+00	0.00e+00
25:	1.11e-16	0.00e+00
26:	0.00e+00	0.00e+00
27:	0.00e+00	0.00e+00
28:	0.00e+00	0.00e+00
29:	0.00e+00	0.00e+00
30:	0.00e+00	0.00e+00
31:	-2.78e-17	0.00e+00
32:	0.00e+00	1.77e-16
33:	0.00e+00	1.77e-16
34:	0.00e+00	0.00e+00
35:	0.00e+00	0.00e+00
36:	0.00e+00	0.00e+00
37:	0.00e+00	0.00e+00
38:	0.00e+00	0.00e+00
39:	0.00e+00	0.00e+00
40:	0.00e+00	-1.77e-16
41:	0.00e+00	-1.77e-16
42:	0.00e+00	0.00e+00
43:	0.00e+00	0.00e+00
44:	0.00e+00	0.00e+00
45:	0.00e+00	0.00e+00
46:	0.00e+00	0.00e+00
47:	0.00e+00	0.00e+00
48:	0.00e+00	0.00e+00
49:	0.00e+00	0.00e+00
50:	0.00e+00	1.77e-16
51:	0.00e+00	1.77e-16
52:	0.00e+00	0.00e+00
53:	0.00e+00	0.00e+00
54:	0.00e+00	0.00e+00
55:	-1.11e-16	0.00e+00
56:	0.00e+00	1.77e-16
57:	0.00e+00	1.77e-16
58:	0.00e+00	-1.77e-16
59:	0.00e+00	-1.77e-16
60:	0.00e+00	0.00e+00
61:	-1.11e-16	0.00e+00
62:	0.00e+00	0.00e+00
63:	0.00e+00	0.00e+00
Parameter value cutoff reached.
Calculating energies for FreeWilson2D(N_x=2, N_y=2, mass=1.347, r=1.000)
h_im: 0.0
New op index: 11	$R_{YX-XY}$[0, 2]
Current grad: 4.996003610813204e-16
0:	0.00e+00	0.00e+00
1:	0.00e+00	0.00e+00
2:	0.00e+00	0.00e+00
3:	0.00e+00	0.00e+00
4:	0.00e+00	0.00e+00
5:	0.00e+00	0.00e+00
6:	0.00e+00	0.00e+00
7:	0.00e+00	0.00e+00
8:	0.00e+00	0.00e+00
9:	0.00e+00	0.00e+00
10:	0.00e+00	0.00e+00
11:	1.11e-16	0.00e+00
12:	0.00e+00	0.00e+00
13:	0.00e+00	0.00e+00
14:	0.00e+00	0.00e+00
15:	0.00e+00	0.00e+00
16:	0.00e+00	0.00e+00
17:	0.00e+00	0.00e+00
18:	0.00e+00	-1.86e-16
19:	0.00e+00	-1.86e-16
20:	0.00e+00	0.00e+00
21:	-2.78e-17	0.00e+00
22:	0.00e+00	0.00e+00
23:	0.00e+00	0.00e+00
24:	0.00e+00	0.00e+00
25:	1.11e-16	0.00e+00
26:	0.00e+00	0.00e+00
27:	0.00e+00	0.00e+00
28:	0.00e+00	0.00e+00
29:	0.00e+00	0.00e+00
30:	0.00e+00	0.00e+00
31:	-2.78e-17	0.00e+00
32:	0.00e+00	1.86e-16
33:	0.00e+00	1.86e-16
34:	0.00e+00	0.00e+00
35:	0.00e+00	0.00e+00
36:	0.00e+00	0.00e+00
37:	0.00e+00	0.00e+00
38:	0.00e+00	0.00e+00
39:	0.00e+00	0.00e+00
40:	0.00e+00	-1.86e-16
41:	0.00e+00	-1.86e-16
42:	0.00e+00	0.00e+00
43:	0.00e+00	0.00e+00
44:	0.00e+00	0.00e+00
45:	0.00e+00	0.00e+00
46:	0.00e+00	0.00e+00
47:	0.00e+00	0.00e+00
48:	0.00e+00	0.00e+00
49:	0.00e+00	0.00e+00
50:	0.00e+00	1.86e-16
51:	0.00e+00	1.86e-16
52:	0.00e+00	0.00e+00
53:	0.00e+00	0.00e+00
54:	0.00e+00	0.00e+00
55:	-1.11e-16	0.00e+00
56:	0.00e+00	1.86e-16
57:	0.00e+00	1.86e-16
58:	0.00e+00	-1.86e-16
59:	0.00e+00	-1.86e-16
60:	0.00e+00	0.00e+00
61:	-1.11e-16	0.00e+00
62:	0.00e+00	0.00e+00
63:	0.00e+00	0.00e+00
Parameter value cutoff reached.
Calculating energies for FreeWilson2D(N_x=2, N_y=2, mass=1.510, r=1.000)
h_im: 0.0
New op index: 11	$R_{YX-XY}$[0, 2]
Current grad: 4.996003610813204e-16
0:	0.00e+00	0.00e+00
1:	0.00e+00	0.00e+00
2:	0.00e+00	0.00e+00
3:	0.00e+00	0.00e+00
4:	0.00e+00	0.00e+00
5:	0.00e+00	0.00e+00
6:	0.00e+00	0.00e+00
7:	0.00e+00	0.00e+00
8:	0.00e+00	0.00e+00
9:	0.00e+00	0.00e+00
10:	0.00e+00	0.00e+00
11:	1.11e-16	0.00e+00
12:	0.00e+00	0.00e+00
13:	0.00e+00	0.00e+00
14:	0.00e+00	0.00e+00
15:	0.00e+00	0.00e+00
16:	0.00e+00	0.00e+00
17:	0.00e+00	0.00e+00
18:	0.00e+00	-1.95e-16
19:	0.00e+00	-1.95e-16
20:	0.00e+00	0.00e+00
21:	-2.78e-17	0.00e+00
22:	0.00e+00	0.00e+00
23:	0.00e+00	0.00e+00
24:	0.00e+00	0.00e+00
25:	1.11e-16	0.00e+00
26:	0.00e+00	0.00e+00
27:	0.00e+00	0.00e+00
28:	0.00e+00	0.00e+00
29:	0.00e+00	0.00e+00
30:	0.00e+00	0.00e+00
31:	-2.78e-17	0.00e+00
32:	0.00e+00	1.95e-16
33:	0.00e+00	1.95e-16
34:	0.00e+00	0.00e+00
35:	0.00e+00	0.00e+00
36:	0.00e+00	0.00e+00
37:	0.00e+00	0.00e+00
38:	0.00e+00	0.00e+00
39:	0.00e+00	0.00e+00
40:	0.00e+00	-1.95e-16
41:	0.00e+00	-1.95e-16
42:	0.00e+00	0.00e+00
43:	0.00e+00	0.00e+00
44:	0.00e+00	0.00e+00
45:	0.00e+00	0.00e+00
46:	0.00e+00	0.00e+00
47:	0.00e+00	0.00e+00
48:	0.00e+00	0.00e+00
49:	0.00e+00	0.00e+00
50:	0.00e+00	1.95e-16
51:	0.00e+00	1.95e-16
52:	0.00e+00	0.00e+00
53:	0.00e+00	0.00e+00
54:	0.00e+00	0.00e+00
55:	-1.11e-16	0.00e+00
56:	0.00e+00	1.95e-16
57:	0.00e+00	1.95e-16
58:	0.00e+00	-1.95e-16
59:	0.00e+00	-1.95e-16
60:	0.00e+00	0.00e+00
61:	-1.11e-16	0.00e+00
62:	0.00e+00	0.00e+00
63:	0.00e+00	0.00e+00
Parameter value cutoff reached.
Calculating energies for FreeWilson2D(N_x=2, N_y=2, mass=1.673, r=1.000)
h_im: 0.0
New op index: 11	$R_{YX-XY}$[0, 2]
Current grad: 4.996003610813204e-16
0:	0.00e+00	0.00e+00
1:	0.00e+00	0.00e+00
2:	0.00e+00	0.00e+00
3:	0.00e+00	0.00e+00
4:	0.00e+00	0.00e+00
5:	0.00e+00	0.00e+00
6:	0.00e+00	0.00e+00
7:	0.00e+00	0.00e+00
8:	0.00e+00	0.00e+00
9:	0.00e+00	0.00e+00
10:	0.00e+00	0.00e+00
11:	1.11e-16	0.00e+00
12:	0.00e+00	0.00e+00
13:	0.00e+00	0.00e+00
14:	0.00e+00	0.00e+00
15:	0.00e+00	0.00e+00
16:	0.00e+00	0.00e+00
17:	0.00e+00	0.00e+00
18:	0.00e+00	-2.04e-16
19:	0.00e+00	-2.04e-16
20:	0.00e+00	0.00e+00
21:	-2.78e-17	0.00e+00
22:	0.00e+00	0.00e+00
23:	0.00e+00	0.00e+00
24:	0.00e+00	0.00e+00
25:	1.11e-16	0.00e+00
26:	0.00e+00	0.00e+00
27:	0.00e+00	0.00e+00
28:	0.00e+00	0.00e+00
29:	0.00e+00	0.00e+00
30:	0.00e+00	0.00e+00
31:	-2.78e-17	0.00e+00
32:	0.00e+00	2.04e-16
33:	0.00e+00	2.04e-16
34:	0.00e+00	0.00e+00
35:	0.00e+00	0.00e+00
36:	0.00e+00	0.00e+00
37:	0.00e+00	0.00e+00
38:	0.00e+00	0.00e+00
39:	0.00e+00	0.00e+00
40:	0.00e+00	-2.04e-16
41:	0.00e+00	-2.04e-16
42:	0.00e+00	0.00e+00
43:	0.00e+00	0.00e+00
44:	0.00e+00	0.00e+00
45:	0.00e+00	0.00e+00
46:	0.00e+00	0.00e+00
47:	0.00e+00	0.00e+00
48:	0.00e+00	0.00e+00
49:	0.00e+00	0.00e+00
50:	0.00e+00	2.04e-16
51:	0.00e+00	2.04e-16
52:	0.00e+00	0.00e+00
53:	0.00e+00	0.00e+00
54:	0.00e+00	0.00e+00
55:	-1.11e-16	0.00e+00
56:	0.00e+00	2.04e-16
57:	0.00e+00	2.04e-16
58:	0.00e+00	-2.04e-16
59:	0.00e+00	-2.04e-16
60:	0.00e+00	0.00e+00
61:	-1.11e-16	0.00e+00
62:	0.00e+00	0.00e+00
63:	0.00e+00	0.00e+00
Parameter value cutoff reached.
Calculating energies for FreeWilson2D(N_x=2, N_y=2, mass=1.837, r=1.000)
h_im: 0.0
New op index: 11	$R_{YX-XY}$[0, 2]
Current grad: 4.996003610813204e-16
0:	0.00e+00	0.00e+00
1:	0.00e+00	0.00e+00
2:	0.00e+00	0.00e+00
3:	0.00e+00	0.00e+00
4:	0.00e+00	0.00e+00
5:	0.00e+00	0.00e+00
6:	0.00e+00	0.00e+00
7:	0.00e+00	0.00e+00
8:	0.00e+00	0.00e+00
9:	0.00e+00	0.00e+00
10:	0.00e+00	0.00e+00
11:	1.11e-16	0.00e+00
12:	0.00e+00	0.00e+00
13:	0.00e+00	0.00e+00
14:	0.00e+00	0.00e+00
15:	0.00e+00	0.00e+00
16:	0.00e+00	0.00e+00
17:	0.00e+00	0.00e+00
18:	0.00e+00	-2.13e-16
19:	0.00e+00	-2.13e-16
20:	0.00e+00	0.00e+00
21:	-2.78e-17	0.00e+00
22:	0.00e+00	0.00e+00
23:	0.00e+00	0.00e+00
24:	0.00e+00	0.00e+00
25:	1.11e-16	0.00e+00
26:	0.00e+00	0.00e+00
27:	0.00e+00	0.00e+00
28:	0.00e+00	0.00e+00
29:	0.00e+00	0.00e+00
30:	0.00e+00	0.00e+00
31:	-2.78e-17	0.00e+00
32:	0.00e+00	2.13e-16
33:	0.00e+00	2.13e-16
34:	0.00e+00	0.00e+00
35:	0.00e+00	0.00e+00
36:	0.00e+00	0.00e+00
37:	0.00e+00	0.00e+00
38:	0.00e+00	0.00e+00
39:	0.00e+00	0.00e+00
40:	0.00e+00	-2.13e-16
41:	0.00e+00	-2.13e-16
42:	0.00e+00	0.00e+00
43:	0.00e+00	0.00e+00
44:	0.00e+00	0.00e+00
45:	0.00e+00	0.00e+00
46:	0.00e+00	0.00e+00
47:	0.00e+00	0.00e+00
48:	0.00e+00	0.00e+00
49:	0.00e+00	0.00e+00
50:	0.00e+00	2.13e-16
51:	0.00e+00	2.13e-16
52:	0.00e+00	0.00e+00
53:	0.00e+00	0.00e+00
54:	0.00e+00	0.00e+00
55:	-1.11e-16	0.00e+00
56:	0.00e+00	2.13e-16
57:	0.00e+00	2.13e-16
58:	0.00e+00	-2.13e-16
59:	0.00e+00	-2.13e-16
60:	0.00e+00	0.00e+00
61:	-1.11e-16	0.00e+00
62:	0.00e+00	0.00e+00
63:	0.00e+00	0.00e+00
Parameter value cutoff reached.
Calculating energies for FreeWilson2D(N_x=2, N_y=2, mass=2.000, r=1.000)
h_im: 0.0
New op index: 11	$R_{YX-XY}$[0, 2]
Current grad: 4.996003610813204e-16
0:	0.00e+00	0.00e+00
1:	0.00e+00	0.00e+00
2:	0.00e+00	0.00e+00
3:	0.00e+00	0.00e+00
4:	0.00e+00	0.00e+00
5:	0.00e+00	0.00e+00
6:	0.00e+00	0.00e+00
7:	0.00e+00	0.00e+00
8:	0.00e+00	0.00e+00
9:	0.00e+00	0.00e+00
10:	0.00e+00	0.00e+00
11:	1.11e-16	0.00e+00
12:	0.00e+00	0.00e+00
13:	0.00e+00	0.00e+00
14:	0.00e+00	0.00e+00
15:	0.00e+00	0.00e+00
16:	0.00e+00	0.00e+00
17:	0.00e+00	0.00e+00
18:	0.00e+00	-2.22e-16
19:	0.00e+00	-2.22e-16
20:	0.00e+00	0.00e+00
21:	-2.78e-17	0.00e+00
22:	0.00e+00	0.00e+00
23:	0.00e+00	0.00e+00
24:	0.00e+00	0.00e+00
25:	1.11e-16	0.00e+00
26:	0.00e+00	0.00e+00
27:	0.00e+00	0.00e+00
28:	0.00e+00	0.00e+00
29:	0.00e+00	0.00e+00
30:	0.00e+00	0.00e+00
31:	-2.78e-17	0.00e+00
32:	0.00e+00	2.22e-16
33:	0.00e+00	2.22e-16
34:	0.00e+00	0.00e+00
35:	0.00e+00	0.00e+00
36:	0.00e+00	0.00e+00
37:	0.00e+00	0.00e+00
38:	0.00e+00	0.00e+00
39:	0.00e+00	0.00e+00
40:	0.00e+00	-2.22e-16
41:	0.00e+00	-2.22e-16
42:	0.00e+00	0.00e+00
43:	0.00e+00	0.00e+00
44:	0.00e+00	0.00e+00
45:	0.00e+00	0.00e+00
46:	0.00e+00	0.00e+00
47:	0.00e+00	0.00e+00
48:	0.00e+00	0.00e+00
49:	0.00e+00	0.00e+00
50:	0.00e+00	2.22e-16
51:	0.00e+00	2.22e-16
52:	0.00e+00	0.00e+00
53:	0.00e+00	0.00e+00
54:	0.00e+00	0.00e+00
55:	-1.11e-16	0.00e+00
56:	0.00e+00	2.22e-16
57:	0.00e+00	2.22e-16
58:	0.00e+00	-2.22e-16
59:	0.00e+00	-2.22e-16
60:	0.00e+00	0.00e+00
61:	-1.11e-16	0.00e+00
62:	0.00e+00	0.00e+00
63:	0.00e+00	0.00e+00
Parameter value cutoff reached.
-----Beginning pprint-----
/:
	Attributes:
		ProcessId: 23954477
	2025-11-18_14-02-54-23954477:
		Attributes:
			HamiltonianType: ZeroChargePenalty
			Last-Modified: 2025-11-18_14-02-54
			ProcessId: 23954477
			SimulatorType: Statevector
			SolverName: AdaptVQE
			SystemName: FreeWilson2D
			n_x: 2
			n_y: 2
			r: 1.0
		AdaptOptions:
			Attributes:
				gradient_hamiltonian_type: HamiltonianType.ZeroChargePenalty
				max_depth: 50
				prec_cutoff: 0.001
				precision: 0
		AnsatzOperatorDerivatives: Dataset (dtype=float64, shape=(50, 1, 64), maxshape=(50, None, 64))
			Attributes:
				DIMENSION_LABELS: ['mass' 'AnsatzOperatorAxis' 'AnsatzPoolOperatorAxis']
				NDataDims: 2
		AnsatzOperatorSecondDerivatives: Dataset (dtype=float64, shape=(50, 1, 64), maxshape=(50, None, 64))
			Attributes:
				DIMENSION_LABELS: ['mass' 'AnsatzOperatorAxis' 'AnsatzPoolOperatorAxis']
				NDataDims: 2
		AnsatzOperators: Dataset (dtype=int64, shape=(50, 1), maxshape=(50, None))
			Attributes:
				DIMENSION_LABELS: ['mass' 'AnsatzOperatorAxis']
				NDataDims: 1
		Circuit:
			Attributes:
				Ansatz: HardwareAdaptAnsatz17
			AnsatzOptions:
				Attributes:
					num_qubits: 8
		CircuitParameters: Dataset (dtype=float64, shape=(50, 10, 1), maxshape=(50, None, None))
			Attributes:
				DIMENSION_LABELS: ['mass' 'IterationAxis' 'CircuitParameterAxis']
				NDataDims: 2
		Data:
			Attributes:
			evs:
				Attributes:
				Hamiltonian: Dataset (dtype=float64, shape=(50, 10), maxshape=(50, None))
					Attributes:
						DIMENSION_LABELS: ['mass' 'IterationAxis']
						NDataDims: 1
			stds:
				Attributes:
				Hamiltonian: Dataset (dtype=float64, shape=(50, 10), maxshape=(50, None))
					Attributes:
						DIMENSION_LABELS: ['mass' 'IterationAxis']
						NDataDims: 1
		EstimatorOptions:
			Attributes:
				_VERSION: 2
				default_precision: Unset
				default_shots: Unset
				experimental: Unset
				max_execution_time: Unset
				resilience_level: Unset
				seed_estimator: 23954477
			dynamical_decoupling:
				Attributes:
					enable: Unset
					extra_slack_distribution: Unset
					scheduling_method: Unset
					sequence_type: Unset
					skip_reset_qubits: Unset
			environment:
				Attributes:
					callback: None
					job_tags: None
					log_level: WARNING
					private: False
			execution:
				Attributes:
					init_qubits: Unset
					rep_delay: Unset
			resilience:
				Attributes:
					layer_noise_model: Unset
					measure_mitigation: Unset
					pec_mitigation: Unset
					zne_mitigation: Unset
				layer_noise_learning:
					Attributes:
						layer_pair_depths: Unset
						max_layers_to_learn: Unset
						num_randomizations: Unset
						shots_per_randomization: Unset
				measure_noise_learning:
					Attributes:
						num_randomizations: Unset
						shots_per_randomization: Unset
				pec:
					Attributes:
						max_overhead: Unset
						noise_gain: Unset
				zne:
					Attributes:
						amplifier: Unset
						extrapolated_noise_factors: Unset
						extrapolator: Unset
						noise_factors: Unset
			simulator:
				Attributes:
					basis_gates: Unset
					coupling_map: Unset
					noise_model: Unset
					seed_simulator: Unset
			twirling:
				Attributes:
					enable_gates: Unset
					enable_measure: Unset
					num_randomizations: Unset
					shots_per_randomization: Unset
					strategy: Unset
		MetaData:
			Attributes:
			circuit_metadata: Dataset (dtype=object, shape=(50, 10), maxshape=(50, None))
				Attributes:
					DIMENSION_LABELS: ['mass' 'IterationAxis']
					NDataDims: 1
			target_precision: Dataset (dtype=float64, shape=(50, 10), maxshape=(50, None))
				Attributes:
					DIMENSION_LABELS: ['mass' 'IterationAxis']
					NDataDims: 1
			version: Dataset (dtype=int64, shape=(50, 10), maxshape=(50, None))
				Attributes:
					DIMENSION_LABELS: ['mass' 'IterationAxis']
					NDataDims: 1
		NIterations: Dataset (dtype=int64, shape=(50,), maxshape=(50,))
			Attributes:
				DIMENSION_LABELS: ['mass']
				NDataDims: 0
		OptimizerOptions:
			Attributes:
				bounds: None
				callback: None
				constraints: []
				method: slsqp
				tol: None
				x0Seed: 23954477
			options:
				Attributes:
					disp: 0
					maxiter: 20000
		PresetPassManagerOptions:
			Attributes:
		SimulatorOptions:
			Attributes:
		StartIterations: Dataset (dtype=int64, shape=(50, 1), maxshape=(50, None))
			Attributes:
				DIMENSION_LABELS: ['mass' 'AnsatzOperatorAxis']
				NDataDims: 1
		VersionInfo:
			Attributes:
				QiskitAerVersion: 0.17.1
				QiskitIBMRuntimeVersion: 0.41.1
				QiskitVersion: 2.1.2
		mass: Dataset (dtype=float64, shape=(50,), maxshape=(50,))
			Attributes:
-----Ending pprint-----
End 2025-11-18 14:03:01 | 23954477 MyPyJob | lmnode204 | /home/s6nidich_hpc/PycharmProjects/QC-MasterThesis 

