Start 2025-11-18 11:42:47 | 23954272 MyPyJob | lmnode197 | /home/s6nidich_hpc/PycharmProjects/QC-MasterThesis 

Used python interpreter:
/home/s6nidich_hpc/PycharmProjects/QC-MasterThesis/.venv_intel_3_12_3/bin/python
Python version:
Python 3.12.3

Currently Loaded Modules:
  1) GCCcore/13.3.0                   7) Tcl/8.6.14-GCCcore-13.3.0
  2) zlib/1.3.1-GCCcore-13.3.0        8) SQLite/3.45.3-GCCcore-13.3.0
  3) binutils/2.42-GCCcore-13.3.0     9) XZ/5.4.5-GCCcore-13.3.0
  4) bzip2/1.0.8-GCCcore-13.3.0      10) libffi/3.4.5-GCCcore-13.3.0
  5) ncurses/6.5-GCCcore-13.3.0      11) OpenSSL/3
  6) libreadline/8.2-GCCcore-13.3.0  12) Python/3.12.3-GCCcore-13.3.0

 

Start of Program:

-----Beginning pprint-----
/:
	Attributes:
-----Ending pprint-----
0 1
0 2
0 3
0 4
0 5
0 6
0 7
1 2
1 3
1 4
1 5
1 6
1 7
2 3
2 4
2 5
2 6
2 7
3 4
3 5
3 6
3 7
4 5
4 6
4 7
5 6
5 7
6 7
Calculating energies for FreeWilson2D(N_x=2, N_y=2, mass=-6.000, r=1.000)
h_im: 0.0
New op index: 26	$R_{YX+XY}$(0)
Current grad: 6.563360965827769e-13
0:	0.00e+00	-5.00e+01
1:	0.00e+00	-5.00e+01
2:	0.00e+00	0.00e+00
3:	0.00e+00	-5.00e+01
4:	0.00e+00	-5.00e+01
5:	0.00e+00	0.00e+00
6:	0.00e+00	-5.00e+01
7:	0.00e+00	-5.00e+01
8:	0.00e+00	0.00e+00
9:	0.00e+00	-5.00e+01
10:	0.00e+00	-5.00e+01
11:	0.00e+00	0.00e+00
12:	0.00e+00	-5.00e+01
13:	0.00e+00	-5.00e+01
14:	0.00e+00	0.00e+00
15:	0.00e+00	-5.00e+01
16:	0.00e+00	-5.00e+01
17:	0.00e+00	0.00e+00
18:	0.00e+00	-5.00e+01
19:	0.00e+00	-5.00e+01
20:	0.00e+00	0.00e+00
21:	0.00e+00	-5.00e+01
22:	0.00e+00	-5.00e+01
23:	0.00e+00	0.00e+00
24:	0.00e+00	0.00e+00
25:	0.00e+00	3.33e-14
26:	-1.64e-13	3.33e-14
27:	0.00e+00	0.00e+00
28:	0.00e+00	0.00e+00
29:	0.00e+00	-4.00e+02
30:	0.00e+00	-4.00e+02
31:	-1.39e-17	0.00e+00
32:	0.00e+00	0.00e+00
33:	0.00e+00	-4.00e+02
34:	0.00e+00	-4.00e+02
35:	0.00e+00	0.00e+00
36:	0.00e+00	2.22e-16
37:	0.00e+00	-4.00e+02
38:	0.00e+00	-4.00e+02
39:	0.00e+00	2.22e-16
40:	0.00e+00	0.00e+00
41:	0.00e+00	-4.00e+02
42:	0.00e+00	-4.00e+02
43:	0.00e+00	0.00e+00
44:	0.00e+00	2.22e-16
45:	0.00e+00	-4.00e+02
46:	2.36e-16	-4.00e+02
47:	0.00e+00	2.22e-16
48:	0.00e+00	0.00e+00
49:	0.00e+00	-4.00e+02
50:	0.00e+00	-4.00e+02
51:	-2.78e-17	0.00e+00
52:	0.00e+00	0.00e+00
53:	0.00e+00	-4.00e+02
54:	0.00e+00	-4.00e+02
55:	0.00e+00	0.00e+00
56:	0.00e+00	0.00e+00
57:	0.00e+00	-4.00e+02
58:	0.00e+00	-4.00e+02
59:	0.00e+00	0.00e+00
60:	0.00e+00	0.00e+00
61:	0.00e+00	-4.00e+02
62:	0.00e+00	-4.00e+02
63:	0.00e+00	0.00e+00
64:	0.00e+00	-2.22e-16
65:	0.00e+00	-4.00e+02
66:	0.00e+00	-4.00e+02
67:	0.00e+00	-2.22e-16
68:	0.00e+00	0.00e+00
69:	0.00e+00	-4.00e+02
70:	0.00e+00	-4.00e+02
71:	-2.78e-17	0.00e+00
72:	0.00e+00	-2.22e-16
73:	0.00e+00	-4.00e+02
74:	2.36e-16	-4.00e+02
75:	0.00e+00	-2.22e-16
76:	0.00e+00	0.00e+00
77:	0.00e+00	3.33e-14
78:	-1.64e-13	3.33e-14
79:	0.00e+00	0.00e+00
80:	0.00e+00	2.22e-16
81:	0.00e+00	-4.00e+02
82:	3.47e-16	-4.00e+02
83:	0.00e+00	2.22e-16
84:	0.00e+00	0.00e+00
85:	0.00e+00	-4.00e+02
86:	0.00e+00	-4.00e+02
87:	-2.78e-17	0.00e+00
88:	0.00e+00	2.22e-16
89:	0.00e+00	-4.00e+02
90:	0.00e+00	-4.00e+02
91:	0.00e+00	2.22e-16
92:	0.00e+00	0.00e+00
93:	0.00e+00	-4.00e+02
94:	0.00e+00	-4.00e+02
95:	0.00e+00	0.00e+00
96:	0.00e+00	0.00e+00
97:	0.00e+00	-4.00e+02
98:	0.00e+00	-4.00e+02
99:	-2.78e-17	0.00e+00
100:	0.00e+00	-2.22e-16
101:	0.00e+00	-4.00e+02
102:	3.47e-16	-4.00e+02
103:	0.00e+00	-2.22e-16
104:	0.00e+00	0.00e+00
105:	0.00e+00	-4.00e+02
106:	0.00e+00	-4.00e+02
107:	0.00e+00	0.00e+00
108:	0.00e+00	-2.22e-16
109:	0.00e+00	-4.00e+02
110:	0.00e+00	-4.00e+02
111:	0.00e+00	-2.22e-16
112:	0.00e+00	0.00e+00
113:	0.00e+00	1.11e-14
114:	-1.64e-13	1.11e-14
115:	0.00e+00	0.00e+00
116:	0.00e+00	0.00e+00
117:	0.00e+00	-4.00e+02
118:	0.00e+00	-4.00e+02
119:	-1.39e-17	0.00e+00
120:	0.00e+00	0.00e+00
121:	0.00e+00	-4.00e+02
122:	0.00e+00	-4.00e+02
123:	0.00e+00	0.00e+00
124:	0.00e+00	0.00e+00
125:	0.00e+00	-4.00e+02
126:	0.00e+00	-4.00e+02
127:	0.00e+00	0.00e+00
128:	0.00e+00	0.00e+00
129:	0.00e+00	-4.00e+02
130:	0.00e+00	-4.00e+02
131:	0.00e+00	0.00e+00
132:	0.00e+00	0.00e+00
133:	0.00e+00	1.11e-14
134:	-1.64e-13	1.11e-14
135:	0.00e+00	0.00e+00
Selecting saddle point: 0 with second gradient of -50.0
New op index: 27	$R_{YX-XY}$(0)
Current grad: 16.000000000000295
New op index: 54	$R_{YX+XY}$(1)
Current grad: 8.000083610347836
New op index: 107	$R_{YX-XY}$(3)
Current grad: 4.018635980909796
New op index: 43	$R_{YX-XY}$(0)
Current grad: 2.000522562689569
New op index: 126	$R_{YX+XY}$(5)
Current grad: 6.8596618786668415
New op index: 38	$R_{YX+XY}$(0)
Current grad: 0.01458855057667948
New op index: 110	$R_{YX+XY}$(3)
Current grad: 0.003956517422831941
New op index: 0	$R_X$(0)
Current grad: 0.0009338448039494864
Precision cutoff reached.
Calculating energies for FreeWilson2D(N_x=2, N_y=2, mass=-5.837, r=1.000)
h_im: 0.0
New op index: 26	$R_{YX+XY}$(0)
Current grad: 6.563360965827769e-13
0:	0.00e+00	-5.00e+01
1:	0.00e+00	-5.00e+01
2:	0.00e+00	0.00e+00
3:	0.00e+00	-5.00e+01
4:	0.00e+00	-5.00e+01
5:	0.00e+00	0.00e+00
6:	0.00e+00	-5.00e+01
7:	0.00e+00	-5.00e+01
8:	0.00e+00	0.00e+00
9:	0.00e+00	-5.00e+01
10:	0.00e+00	-5.00e+01
11:	0.00e+00	0.00e+00
12:	0.00e+00	-5.00e+01
13:	0.00e+00	-5.00e+01
14:	0.00e+00	0.00e+00
15:	0.00e+00	-5.00e+01
16:	0.00e+00	-5.00e+01
17:	0.00e+00	0.00e+00
18:	0.00e+00	-5.00e+01
19:	0.00e+00	-5.00e+01
20:	0.00e+00	0.00e+00
21:	0.00e+00	-5.00e+01
22:	0.00e+00	-5.00e+01
23:	0.00e+00	0.00e+00
24:	0.00e+00	0.00e+00
25:	0.00e+00	3.33e-14
26:	-1.64e-13	3.33e-14
27:	0.00e+00	0.00e+00
28:	0.00e+00	0.00e+00
29:	0.00e+00	-4.00e+02
30:	0.00e+00	-4.00e+02
31:	-1.39e-17	0.00e+00
32:	0.00e+00	0.00e+00
33:	0.00e+00	-4.00e+02
34:	0.00e+00	-4.00e+02
35:	0.00e+00	0.00e+00
36:	0.00e+00	2.13e-16
37:	0.00e+00	-4.00e+02
38:	0.00e+00	-4.00e+02
39:	0.00e+00	2.13e-16
40:	0.00e+00	0.00e+00
41:	0.00e+00	-4.00e+02
42:	0.00e+00	-4.00e+02
43:	0.00e+00	0.00e+00
44:	0.00e+00	2.13e-16
45:	0.00e+00	-4.00e+02
46:	2.36e-16	-4.00e+02
47:	0.00e+00	2.13e-16
48:	0.00e+00	0.00e+00
49:	0.00e+00	-4.00e+02
50:	0.00e+00	-4.00e+02
51:	-2.78e-17	0.00e+00
52:	0.00e+00	0.00e+00
53:	0.00e+00	-4.00e+02
54:	0.00e+00	-4.00e+02
55:	0.00e+00	0.00e+00
56:	0.00e+00	0.00e+00
57:	0.00e+00	-4.00e+02
58:	0.00e+00	-4.00e+02
59:	0.00e+00	0.00e+00
60:	0.00e+00	0.00e+00
61:	0.00e+00	-4.00e+02
62:	0.00e+00	-4.00e+02
63:	0.00e+00	0.00e+00
64:	0.00e+00	-2.13e-16
65:	0.00e+00	-4.00e+02
66:	0.00e+00	-4.00e+02
67:	0.00e+00	-2.13e-16
68:	0.00e+00	0.00e+00
69:	0.00e+00	-4.00e+02
70:	0.00e+00	-4.00e+02
71:	-2.78e-17	0.00e+00
72:	0.00e+00	-2.13e-16
73:	0.00e+00	-4.00e+02
74:	2.36e-16	-4.00e+02
75:	0.00e+00	-2.13e-16
76:	0.00e+00	0.00e+00
77:	0.00e+00	3.33e-14
78:	-1.64e-13	3.33e-14
79:	0.00e+00	0.00e+00
80:	0.00e+00	2.13e-16
81:	0.00e+00	-4.00e+02
82:	3.47e-16	-4.00e+02
83:	0.00e+00	2.13e-16
84:	0.00e+00	0.00e+00
85:	0.00e+00	-4.00e+02
86:	0.00e+00	-4.00e+02
87:	-2.78e-17	0.00e+00
88:	0.00e+00	2.13e-16
89:	0.00e+00	-4.00e+02
90:	0.00e+00	-4.00e+02
91:	0.00e+00	2.13e-16
92:	0.00e+00	0.00e+00
93:	0.00e+00	-4.00e+02
94:	0.00e+00	-4.00e+02
95:	0.00e+00	0.00e+00
96:	0.00e+00	0.00e+00
97:	0.00e+00	-4.00e+02
98:	0.00e+00	-4.00e+02
99:	-2.78e-17	0.00e+00
100:	0.00e+00	-2.13e-16
101:	0.00e+00	-4.00e+02
102:	3.47e-16	-4.00e+02
103:	0.00e+00	-2.13e-16
104:	0.00e+00	0.00e+00
105:	0.00e+00	-4.00e+02
106:	0.00e+00	-4.00e+02
107:	0.00e+00	0.00e+00
108:	0.00e+00	-2.13e-16
109:	0.00e+00	-4.00e+02
110:	0.00e+00	-4.00e+02
111:	0.00e+00	-2.13e-16
112:	0.00e+00	0.00e+00
113:	0.00e+00	1.11e-14
114:	-1.64e-13	1.11e-14
115:	0.00e+00	0.00e+00
116:	0.00e+00	0.00e+00
117:	0.00e+00	-4.00e+02
118:	0.00e+00	-4.00e+02
119:	-1.39e-17	0.00e+00
120:	0.00e+00	0.00e+00
121:	0.00e+00	-4.00e+02
122:	0.00e+00	-4.00e+02
123:	0.00e+00	0.00e+00
124:	0.00e+00	0.00e+00
125:	0.00e+00	-4.00e+02
126:	0.00e+00	-4.00e+02
127:	0.00e+00	0.00e+00
128:	0.00e+00	0.00e+00
129:	0.00e+00	-4.00e+02
130:	0.00e+00	-4.00e+02
131:	0.00e+00	0.00e+00
132:	0.00e+00	0.00e+00
133:	0.00e+00	1.11e-14
134:	-1.64e-13	1.11e-14
135:	0.00e+00	0.00e+00
Selecting saddle point: 0 with second gradient of -50.0
New op index: 27	$R_{YX-XY}$(0)
Current grad: 15.673469387755398
New op index: 31	$R_{YX-XY}$(0)
Current grad: 8.0000843878834
New op index: 59	$R_{YX-XY}$(1)
Current grad: 6.828535087916059
New op index: 107	$R_{YX-XY}$(3)
Current grad: 8.000012544573625
New op index: 110	$R_{YX+XY}$(3)
Current grad: 430.19432048362773
New op index: 126	$R_{YX+XY}$(5)
Current grad: 4.9006963580996405
New op index: 74	$R_{YX+XY}$(1)
Current grad: 3.498057125438491
New op index: 59	$R_{YX-XY}$(1)
Current grad: 0.18701454755422797
New op index: 107	$R_{YX-XY}$(3)
Current grad: 1.9107030295692446
New op index: 95	$R_{YX-XY}$(2)
Current grad: 1.91324078004669
New op index: 51	$R_{YX-XY}$(0)
Current grad: 2.7096363908232615
New op index: 131	$R_{YX-XY}$(5)
Current grad: 3.1631977644058913
New op index: 31	$R_{YX-XY}$(0)
Current grad: 0.008744428616705152
New op index: 126	$R_{YX+XY}$(5)
Current grad: 0.03869547601906895
New op index: 54	$R_{YX+XY}$(1)
Current grad: 0.013589908742702519
New op index: 122	$R_{YX+XY}$(4)
Current grad: 0.005166060356074236
New op index: 31	$R_{YX-XY}$(0)
Current grad: 0.002471195863914268
New op index: 54	$R_{YX+XY}$(1)
Current grad: 0.005001706490987526
New op index: 31	$R_{YX-XY}$(0)
Current grad: 0.0022546563988322284
New op index: 54	$R_{YX+XY}$(1)
Current grad: 0.0024640052637652475
New op index: 31	$R_{YX-XY}$(0)
Current grad: 0.0017271391675705967
New op index: 54	$R_{YX+XY}$(1)
Current grad: 0.001707433010134812
New op index: 54	$R_{YX+XY}$(1)
Current grad: 0.0016810626559259612
Adding the same operator twice is not sensible, terminating.
Calculating energies for FreeWilson2D(N_x=2, N_y=2, mass=-5.673, r=1.000)
h_im: 0.0
New op index: 26	$R_{YX+XY}$(0)
Current grad: 6.563360965827769e-13
0:	0.00e+00	-5.00e+01
1:	0.00e+00	-5.00e+01
2:	0.00e+00	0.00e+00
3:	0.00e+00	-5.00e+01
4:	0.00e+00	-5.00e+01
5:	0.00e+00	0.00e+00
6:	0.00e+00	-5.00e+01
7:	0.00e+00	-5.00e+01
8:	0.00e+00	0.00e+00
9:	0.00e+00	-5.00e+01
10:	0.00e+00	-5.00e+01
11:	0.00e+00	0.00e+00
12:	0.00e+00	-5.00e+01
13:	0.00e+00	-5.00e+01
14:	0.00e+00	0.00e+00
15:	0.00e+00	-5.00e+01
16:	0.00e+00	-5.00e+01
17:	0.00e+00	0.00e+00
18:	0.00e+00	-5.00e+01
19:	0.00e+00	-5.00e+01
20:	0.00e+00	0.00e+00
21:	0.00e+00	-5.00e+01
22:	0.00e+00	-5.00e+01
23:	0.00e+00	0.00e+00
24:	0.00e+00	0.00e+00
25:	0.00e+00	3.33e-14
26:	-1.64e-13	3.33e-14
27:	0.00e+00	0.00e+00
28:	0.00e+00	0.00e+00
29:	0.00e+00	-4.00e+02
30:	0.00e+00	-4.00e+02
31:	-1.39e-17	0.00e+00
32:	0.00e+00	0.00e+00
33:	0.00e+00	-4.00e+02
34:	0.00e+00	-4.00e+02
35:	0.00e+00	0.00e+00
36:	0.00e+00	2.04e-16
37:	0.00e+00	-4.00e+02
38:	0.00e+00	-4.00e+02
39:	0.00e+00	2.04e-16
40:	0.00e+00	0.00e+00
41:	0.00e+00	-4.00e+02
42:	0.00e+00	-4.00e+02
43:	0.00e+00	0.00e+00
44:	0.00e+00	2.04e-16
45:	0.00e+00	-4.00e+02
46:	2.36e-16	-4.00e+02
47:	0.00e+00	2.04e-16
48:	0.00e+00	0.00e+00
49:	0.00e+00	-4.00e+02
50:	0.00e+00	-4.00e+02
51:	-2.78e-17	0.00e+00
52:	0.00e+00	0.00e+00
53:	0.00e+00	-4.00e+02
54:	0.00e+00	-4.00e+02
55:	0.00e+00	0.00e+00
56:	0.00e+00	0.00e+00
57:	0.00e+00	-4.00e+02
58:	0.00e+00	-4.00e+02
59:	0.00e+00	0.00e+00
60:	0.00e+00	0.00e+00
61:	0.00e+00	-4.00e+02
62:	0.00e+00	-4.00e+02
63:	0.00e+00	0.00e+00
64:	0.00e+00	-2.04e-16
65:	0.00e+00	-4.00e+02
66:	0.00e+00	-4.00e+02
67:	0.00e+00	-2.04e-16
68:	0.00e+00	0.00e+00
69:	0.00e+00	-4.00e+02
70:	0.00e+00	-4.00e+02
71:	-2.78e-17	0.00e+00
72:	0.00e+00	-2.04e-16
73:	0.00e+00	-4.00e+02
74:	2.36e-16	-4.00e+02
75:	0.00e+00	-2.04e-16
76:	0.00e+00	0.00e+00
77:	0.00e+00	3.33e-14
78:	-1.64e-13	3.33e-14
79:	0.00e+00	0.00e+00
80:	0.00e+00	2.04e-16
81:	0.00e+00	-4.00e+02
82:	3.47e-16	-4.00e+02
83:	0.00e+00	2.04e-16
84:	0.00e+00	0.00e+00
85:	0.00e+00	-4.00e+02
86:	0.00e+00	-4.00e+02
87:	-2.78e-17	0.00e+00
88:	0.00e+00	2.04e-16
89:	0.00e+00	-4.00e+02
90:	0.00e+00	-4.00e+02
91:	0.00e+00	2.04e-16
92:	0.00e+00	0.00e+00
93:	0.00e+00	-4.00e+02
94:	0.00e+00	-4.00e+02
95:	0.00e+00	0.00e+00
96:	0.00e+00	0.00e+00
97:	0.00e+00	-4.00e+02
98:	0.00e+00	-4.00e+02
99:	-2.78e-17	0.00e+00
100:	0.00e+00	-2.04e-16
101:	0.00e+00	-4.00e+02
102:	3.47e-16	-4.00e+02
103:	0.00e+00	-2.04e-16
104:	0.00e+00	0.00e+00
105:	0.00e+00	-4.00e+02
106:	0.00e+00	-4.00e+02
107:	0.00e+00	0.00e+00
108:	0.00e+00	-2.04e-16
109:	0.00e+00	-4.00e+02
110:	0.00e+00	-4.00e+02
111:	0.00e+00	-2.04e-16
112:	0.00e+00	0.00e+00
113:	0.00e+00	1.11e-14
114:	-1.64e-13	1.11e-14
115:	0.00e+00	0.00e+00
116:	0.00e+00	0.00e+00
117:	0.00e+00	-4.00e+02
118:	0.00e+00	-4.00e+02
119:	-1.39e-17	0.00e+00
120:	0.00e+00	0.00e+00
121:	0.00e+00	-4.00e+02
122:	0.00e+00	-4.00e+02
123:	0.00e+00	0.00e+00
124:	0.00e+00	0.00e+00
125:	0.00e+00	-4.00e+02
126:	0.00e+00	-4.00e+02
127:	0.00e+00	0.00e+00
128:	0.00e+00	0.00e+00
129:	0.00e+00	-4.00e+02
130:	0.00e+00	-4.00e+02
131:	0.00e+00	0.00e+00
132:	0.00e+00	0.00e+00
133:	0.00e+00	1.11e-14
134:	-1.64e-13	1.11e-14
135:	0.00e+00	0.00e+00
Selecting saddle point: 0 with second gradient of -50.0
New op index: 27	$R_{YX-XY}$(0)
Current grad: 15.3469387755105
New op index: 31	$R_{YX-XY}$(0)
Current grad: 8.000285891002726
New op index: 59	$R_{YX-XY}$(1)
Current grad: 6.828484454895609
New op index: 51	$R_{YX-XY}$(0)
Current grad: 8.00165466669339
New op index: 110	$R_{YX+XY}$(3)
Current grad: 231.39283346537906
New op index: 119	$R_{YX-XY}$(4)
Current grad: 4.421707083535571
New op index: 122	$R_{YX+XY}$(4)
Current grad: 4.40581741411915
New op index: 51	$R_{YX-XY}$(0)
Current grad: 2.2181672697537946
New op index: 99	$R_{YX-XY}$(3)
Current grad: 2.89010612196549
New op index: 74	$R_{YX+XY}$(1)
Current grad: 2.935988062535592
New op index: 110	$R_{YX+XY}$(3)
Current grad: 3.945723317485188
New op index: 134	$R_{YX+XY}$(6)
Current grad: 7.6698677573169185
New op index: 66	$R_{YX+XY}$(1)
Current grad: 6.179590980515875
New op index: 38	$R_{YX+XY}$(0)
Current grad: 5.011419834138563
New op index: 78	$R_{YX+XY}$(2)
Current grad: 4.547836148444022
New op index: 59	$R_{YX-XY}$(1)
Current grad: 4.0234510019464205
New op index: 99	$R_{YX-XY}$(3)
Current grad: 1.110338821487021
New op index: 54	$R_{YX+XY}$(1)
Current grad: 0.22519477408878086
New op index: 99	$R_{YX-XY}$(3)
Current grad: 0.04332814539787806
Adding the same operator twice is not sensible, terminating.
Calculating energies for FreeWilson2D(N_x=2, N_y=2, mass=-5.510, r=1.000)
h_im: 0.0
New op index: 26	$R_{YX+XY}$(0)
Current grad: 6.563360965827769e-13
0:	0.00e+00	-5.00e+01
1:	0.00e+00	-5.00e+01
2:	0.00e+00	0.00e+00
3:	0.00e+00	-5.00e+01
4:	0.00e+00	-5.00e+01
5:	0.00e+00	0.00e+00
6:	0.00e+00	-5.00e+01
7:	0.00e+00	-5.00e+01
8:	0.00e+00	0.00e+00
9:	0.00e+00	-5.00e+01
10:	0.00e+00	-5.00e+01
11:	0.00e+00	0.00e+00
12:	0.00e+00	-5.00e+01
13:	0.00e+00	-5.00e+01
14:	0.00e+00	0.00e+00
15:	0.00e+00	-5.00e+01
16:	0.00e+00	-5.00e+01
17:	0.00e+00	0.00e+00
18:	0.00e+00	-5.00e+01
19:	0.00e+00	-5.00e+01
20:	0.00e+00	0.00e+00
21:	0.00e+00	-5.00e+01
22:	0.00e+00	-5.00e+01
23:	0.00e+00	0.00e+00
24:	0.00e+00	0.00e+00
25:	0.00e+00	3.33e-14
26:	-1.64e-13	3.33e-14
27:	0.00e+00	0.00e+00
28:	0.00e+00	0.00e+00
29:	0.00e+00	-4.00e+02
30:	0.00e+00	-4.00e+02
31:	-1.39e-17	0.00e+00
32:	0.00e+00	0.00e+00
33:	0.00e+00	-4.00e+02
34:	0.00e+00	-4.00e+02
35:	0.00e+00	0.00e+00
36:	0.00e+00	1.95e-16
37:	0.00e+00	-4.00e+02
38:	0.00e+00	-4.00e+02
39:	0.00e+00	1.95e-16
40:	0.00e+00	0.00e+00
41:	0.00e+00	-4.00e+02
42:	0.00e+00	-4.00e+02
43:	0.00e+00	0.00e+00
44:	0.00e+00	1.95e-16
45:	0.00e+00	-4.00e+02
46:	2.36e-16	-4.00e+02
47:	0.00e+00	1.95e-16
48:	0.00e+00	0.00e+00
49:	0.00e+00	-4.00e+02
50:	0.00e+00	-4.00e+02
51:	-2.78e-17	0.00e+00
52:	0.00e+00	0.00e+00
53:	0.00e+00	-4.00e+02
54:	0.00e+00	-4.00e+02
55:	0.00e+00	0.00e+00
56:	0.00e+00	0.00e+00
57:	0.00e+00	-4.00e+02
58:	0.00e+00	-4.00e+02
59:	0.00e+00	0.00e+00
60:	0.00e+00	0.00e+00
61:	0.00e+00	-4.00e+02
62:	0.00e+00	-4.00e+02
63:	0.00e+00	0.00e+00
64:	0.00e+00	-1.95e-16
65:	0.00e+00	-4.00e+02
66:	0.00e+00	-4.00e+02
67:	0.00e+00	-1.95e-16
68:	0.00e+00	0.00e+00
69:	0.00e+00	-4.00e+02
70:	0.00e+00	-4.00e+02
71:	-2.78e-17	0.00e+00
72:	0.00e+00	-1.95e-16
73:	0.00e+00	-4.00e+02
74:	2.36e-16	-4.00e+02
75:	0.00e+00	-1.95e-16
76:	0.00e+00	0.00e+00
77:	0.00e+00	3.33e-14
78:	-1.64e-13	3.33e-14
79:	0.00e+00	0.00e+00
80:	0.00e+00	1.95e-16
81:	0.00e+00	-4.00e+02
82:	3.47e-16	-4.00e+02
83:	0.00e+00	1.95e-16
84:	0.00e+00	0.00e+00
85:	0.00e+00	-4.00e+02
86:	0.00e+00	-4.00e+02
87:	-2.78e-17	0.00e+00
88:	0.00e+00	1.95e-16
89:	0.00e+00	-4.00e+02
90:	0.00e+00	-4.00e+02
91:	0.00e+00	1.95e-16
92:	0.00e+00	0.00e+00
93:	0.00e+00	-4.00e+02
94:	0.00e+00	-4.00e+02
95:	0.00e+00	0.00e+00
96:	0.00e+00	0.00e+00
97:	0.00e+00	-4.00e+02
98:	0.00e+00	-4.00e+02
99:	-2.78e-17	0.00e+00
100:	0.00e+00	-1.95e-16
101:	0.00e+00	-4.00e+02
102:	3.47e-16	-4.00e+02
103:	0.00e+00	-1.95e-16
104:	0.00e+00	0.00e+00
105:	0.00e+00	-4.00e+02
106:	0.00e+00	-4.00e+02
107:	0.00e+00	0.00e+00
108:	0.00e+00	-1.95e-16
109:	0.00e+00	-4.00e+02
110:	0.00e+00	-4.00e+02
111:	0.00e+00	-1.95e-16
112:	0.00e+00	0.00e+00
113:	0.00e+00	1.11e-14
114:	-1.64e-13	1.11e-14
115:	0.00e+00	0.00e+00
116:	0.00e+00	0.00e+00
117:	0.00e+00	-4.00e+02
118:	0.00e+00	-4.00e+02
119:	-1.39e-17	0.00e+00
120:	0.00e+00	0.00e+00
121:	0.00e+00	-4.00e+02
122:	0.00e+00	-4.00e+02
123:	0.00e+00	0.00e+00
124:	0.00e+00	0.00e+00
125:	0.00e+00	-4.00e+02
126:	0.00e+00	-4.00e+02
127:	0.00e+00	0.00e+00
128:	0.00e+00	0.00e+00
129:	0.00e+00	-4.00e+02
130:	0.00e+00	-4.00e+02
131:	0.00e+00	0.00e+00
132:	0.00e+00	0.00e+00
133:	0.00e+00	1.11e-14
134:	-1.64e-13	1.11e-14
135:	0.00e+00	0.00e+00
Selecting saddle point: 0 with second gradient of -50.0
New op index: 27	$R_{YX-XY}$(0)
Current grad: 15.020408163265602
New op index: 31	$R_{YX-XY}$(0)
Current grad: 8.000643082151836
New op index: 59	$R_{YX-XY}$(1)
Current grad: 6.828446493392148
New op index: 51	$R_{YX-XY}$(0)
Current grad: 8.000132061952579
New op index: 110	$R_{YX+XY}$(3)
Current grad: 231.20196552092798
New op index: 126	$R_{YX+XY}$(5)
Current grad: 4.415686161435776
New op index: 74	$R_{YX+XY}$(1)
Current grad: 6.632301777117711
New op index: 78	$R_{YX+XY}$(2)
Current grad: 3.6134972253809825
New op index: 71	$R_{YX-XY}$(1)
Current grad: 0.8881668875137633
New op index: 126	$R_{YX+XY}$(5)
Current grad: 0.005181554477429646
New op index: 26	$R_{YX+XY}$(0)
Current grad: 0.0026867901830637656
New op index: 34	$R_{YX+XY}$(0)
Current grad: 0.0021898961079795604
New op index: 26	$R_{YX+XY}$(0)
Current grad: 0.0025582090691630473
New op index: 71	$R_{YX-XY}$(1)
Current grad: 0.0015998053277678252
New op index: 26	$R_{YX+XY}$(0)
Current grad: 0.0020459352672438052
New op index: 71	$R_{YX-XY}$(1)
Current grad: 0.0013887837095190349
New op index: 26	$R_{YX+XY}$(0)
Current grad: 0.0019075837566757488
New op index: 26	$R_{YX+XY}$(0)
Current grad: 0.0016805125419298472
Adding the same operator twice is not sensible, terminating.
Calculating energies for FreeWilson2D(N_x=2, N_y=2, mass=-5.347, r=1.000)
h_im: 0.0
New op index: 26	$R_{YX+XY}$(0)
Current grad: 6.563360965827769e-13
0:	0.00e+00	-5.00e+01
1:	0.00e+00	-5.00e+01
2:	0.00e+00	0.00e+00
3:	0.00e+00	-5.00e+01
4:	0.00e+00	-5.00e+01
5:	0.00e+00	0.00e+00
6:	0.00e+00	-5.00e+01
7:	0.00e+00	-5.00e+01
8:	0.00e+00	0.00e+00
9:	0.00e+00	-5.00e+01
10:	0.00e+00	-5.00e+01
11:	0.00e+00	0.00e+00
12:	0.00e+00	-5.00e+01
13:	0.00e+00	-5.00e+01
14:	0.00e+00	0.00e+00
15:	0.00e+00	-5.00e+01
16:	0.00e+00	-5.00e+01
17:	0.00e+00	0.00e+00
18:	0.00e+00	-5.00e+01
19:	0.00e+00	-5.00e+01
20:	0.00e+00	0.00e+00
21:	0.00e+00	-5.00e+01
22:	0.00e+00	-5.00e+01
23:	0.00e+00	0.00e+00
24:	0.00e+00	0.00e+00
25:	0.00e+00	3.33e-14
26:	-1.64e-13	3.33e-14
27:	0.00e+00	0.00e+00
28:	0.00e+00	0.00e+00
29:	0.00e+00	-4.00e+02
30:	0.00e+00	-4.00e+02
31:	-1.39e-17	0.00e+00
32:	0.00e+00	0.00e+00
33:	0.00e+00	-4.00e+02
34:	0.00e+00	-4.00e+02
35:	0.00e+00	0.00e+00
36:	0.00e+00	1.86e-16
37:	0.00e+00	-4.00e+02
38:	0.00e+00	-4.00e+02
39:	0.00e+00	1.86e-16
40:	0.00e+00	0.00e+00
41:	0.00e+00	-4.00e+02
42:	0.00e+00	-4.00e+02
43:	0.00e+00	0.00e+00
44:	0.00e+00	1.86e-16
45:	0.00e+00	-4.00e+02
46:	2.36e-16	-4.00e+02
47:	0.00e+00	1.86e-16
48:	0.00e+00	0.00e+00
49:	0.00e+00	-4.00e+02
50:	0.00e+00	-4.00e+02
51:	-2.78e-17	0.00e+00
52:	0.00e+00	0.00e+00
53:	0.00e+00	-4.00e+02
54:	0.00e+00	-4.00e+02
55:	0.00e+00	0.00e+00
56:	0.00e+00	0.00e+00
57:	0.00e+00	-4.00e+02
58:	0.00e+00	-4.00e+02
59:	0.00e+00	0.00e+00
60:	0.00e+00	0.00e+00
61:	0.00e+00	-4.00e+02
62:	0.00e+00	-4.00e+02
63:	0.00e+00	0.00e+00
64:	0.00e+00	-1.86e-16
65:	0.00e+00	-4.00e+02
66:	0.00e+00	-4.00e+02
67:	0.00e+00	-1.86e-16
68:	0.00e+00	0.00e+00
69:	0.00e+00	-4.00e+02
70:	0.00e+00	-4.00e+02
71:	-2.78e-17	0.00e+00
72:	0.00e+00	-1.86e-16
73:	0.00e+00	-4.00e+02
74:	2.36e-16	-4.00e+02
75:	0.00e+00	-1.86e-16
76:	0.00e+00	0.00e+00
77:	0.00e+00	3.33e-14
78:	-1.64e-13	3.33e-14
79:	0.00e+00	0.00e+00
80:	0.00e+00	1.86e-16
81:	0.00e+00	-4.00e+02
82:	3.47e-16	-4.00e+02
83:	0.00e+00	1.86e-16
84:	0.00e+00	0.00e+00
85:	0.00e+00	-4.00e+02
86:	0.00e+00	-4.00e+02
87:	-2.78e-17	0.00e+00
88:	0.00e+00	1.86e-16
89:	0.00e+00	-4.00e+02
90:	0.00e+00	-4.00e+02
91:	0.00e+00	1.86e-16
92:	0.00e+00	0.00e+00
93:	0.00e+00	-4.00e+02
94:	0.00e+00	-4.00e+02
95:	0.00e+00	0.00e+00
96:	0.00e+00	0.00e+00
97:	0.00e+00	-4.00e+02
98:	0.00e+00	-4.00e+02
99:	-2.78e-17	0.00e+00
100:	0.00e+00	-1.86e-16
101:	0.00e+00	-4.00e+02
102:	3.47e-16	-4.00e+02
103:	0.00e+00	-1.86e-16
104:	0.00e+00	0.00e+00
105:	0.00e+00	-4.00e+02
106:	0.00e+00	-4.00e+02
107:	0.00e+00	0.00e+00
108:	0.00e+00	-1.86e-16
109:	0.00e+00	-4.00e+02
110:	0.00e+00	-4.00e+02
111:	0.00e+00	-1.86e-16
112:	0.00e+00	0.00e+00
113:	0.00e+00	1.11e-14
114:	-1.64e-13	1.11e-14
115:	0.00e+00	0.00e+00
116:	0.00e+00	0.00e+00
117:	0.00e+00	-4.00e+02
118:	0.00e+00	-4.00e+02
119:	-1.39e-17	0.00e+00
120:	0.00e+00	0.00e+00
121:	0.00e+00	-4.00e+02
122:	0.00e+00	-4.00e+02
123:	0.00e+00	0.00e+00
124:	0.00e+00	0.00e+00
125:	0.00e+00	-4.00e+02
126:	0.00e+00	-4.00e+02
127:	0.00e+00	0.00e+00
128:	0.00e+00	0.00e+00
129:	0.00e+00	-4.00e+02
130:	0.00e+00	-4.00e+02
131:	0.00e+00	0.00e+00
132:	0.00e+00	0.00e+00
133:	0.00e+00	1.11e-14
134:	-1.64e-13	1.11e-14
135:	0.00e+00	0.00e+00
Selecting saddle point: 0 with second gradient of -50.0
New op index: 27	$R_{YX-XY}$(0)
Current grad: 14.693877551020703
New op index: 31	$R_{YX-XY}$(0)
Current grad: 8.0001396311547
New op index: 59	$R_{YX-XY}$(1)
Current grad: 6.828624101701971
New op index: 51	$R_{YX-XY}$(0)
Current grad: 8.000028853047045
New op index: 110	$R_{YX+XY}$(3)
Current grad: 231.26773640198212
New op index: 126	$R_{YX+XY}$(5)
Current grad: 4.447693743104684
New op index: 74	$R_{YX+XY}$(1)
Current grad: 6.668222670243518
New op index: 78	$R_{YX+XY}$(2)
Current grad: 3.6244429623893417
New op index: 71	$R_{YX-XY}$(1)
Current grad: 1.0274056782252134
New op index: 26	$R_{YX+XY}$(0)
Current grad: 0.022672110677379467
New op index: 26	$R_{YX+XY}$(0)
Current grad: 0.009487290044962605
Adding the same operator twice is not sensible, terminating.
Calculating energies for FreeWilson2D(N_x=2, N_y=2, mass=-5.184, r=1.000)
h_im: 0.0
New op index: 26	$R_{YX+XY}$(0)
Current grad: 6.563360965827769e-13
0:	0.00e+00	-5.00e+01
1:	0.00e+00	-5.00e+01
2:	0.00e+00	0.00e+00
3:	0.00e+00	-5.00e+01
4:	0.00e+00	-5.00e+01
5:	0.00e+00	0.00e+00
6:	0.00e+00	-5.00e+01
7:	0.00e+00	-5.00e+01
8:	0.00e+00	0.00e+00
9:	0.00e+00	-5.00e+01
10:	0.00e+00	-5.00e+01
11:	0.00e+00	0.00e+00
12:	0.00e+00	-5.00e+01
13:	0.00e+00	-5.00e+01
14:	0.00e+00	0.00e+00
15:	0.00e+00	-5.00e+01
16:	0.00e+00	-5.00e+01
17:	0.00e+00	0.00e+00
18:	0.00e+00	-5.00e+01
19:	0.00e+00	-5.00e+01
20:	0.00e+00	0.00e+00
21:	0.00e+00	-5.00e+01
22:	0.00e+00	-5.00e+01
23:	0.00e+00	0.00e+00
24:	0.00e+00	0.00e+00
25:	0.00e+00	3.33e-14
26:	-1.64e-13	3.33e-14
27:	0.00e+00	0.00e+00
28:	0.00e+00	0.00e+00
29:	0.00e+00	-4.00e+02
30:	0.00e+00	-4.00e+02
31:	-1.39e-17	0.00e+00
32:	0.00e+00	0.00e+00
33:	0.00e+00	-4.00e+02
34:	0.00e+00	-4.00e+02
35:	0.00e+00	0.00e+00
36:	0.00e+00	1.77e-16
37:	0.00e+00	-4.00e+02
38:	0.00e+00	-4.00e+02
39:	0.00e+00	1.77e-16
40:	0.00e+00	0.00e+00
41:	0.00e+00	-4.00e+02
42:	0.00e+00	-4.00e+02
43:	0.00e+00	0.00e+00
44:	0.00e+00	1.77e-16
45:	0.00e+00	-4.00e+02
46:	2.36e-16	-4.00e+02
47:	0.00e+00	1.77e-16
48:	0.00e+00	0.00e+00
49:	0.00e+00	-4.00e+02
50:	0.00e+00	-4.00e+02
51:	-2.78e-17	0.00e+00
52:	0.00e+00	0.00e+00
53:	0.00e+00	-4.00e+02
54:	0.00e+00	-4.00e+02
55:	0.00e+00	0.00e+00
56:	0.00e+00	0.00e+00
57:	0.00e+00	-4.00e+02
58:	0.00e+00	-4.00e+02
59:	0.00e+00	0.00e+00
60:	0.00e+00	0.00e+00
61:	0.00e+00	-4.00e+02
62:	0.00e+00	-4.00e+02
63:	0.00e+00	0.00e+00
64:	0.00e+00	-1.77e-16
65:	0.00e+00	-4.00e+02
66:	0.00e+00	-4.00e+02
67:	0.00e+00	-1.77e-16
68:	0.00e+00	0.00e+00
69:	0.00e+00	-4.00e+02
70:	0.00e+00	-4.00e+02
71:	-2.78e-17	0.00e+00
72:	0.00e+00	-1.77e-16
73:	0.00e+00	-4.00e+02
74:	2.36e-16	-4.00e+02
75:	0.00e+00	-1.77e-16
76:	0.00e+00	0.00e+00
77:	0.00e+00	3.33e-14
78:	-1.64e-13	3.33e-14
79:	0.00e+00	0.00e+00
80:	0.00e+00	1.77e-16
81:	0.00e+00	-4.00e+02
82:	3.47e-16	-4.00e+02
83:	0.00e+00	1.77e-16
84:	0.00e+00	0.00e+00
85:	0.00e+00	-4.00e+02
86:	0.00e+00	-4.00e+02
87:	-2.78e-17	0.00e+00
88:	0.00e+00	1.77e-16
89:	0.00e+00	-4.00e+02
90:	0.00e+00	-4.00e+02
91:	0.00e+00	1.77e-16
92:	0.00e+00	0.00e+00
93:	0.00e+00	-4.00e+02
94:	0.00e+00	-4.00e+02
95:	0.00e+00	0.00e+00
96:	0.00e+00	0.00e+00
97:	0.00e+00	-4.00e+02
98:	0.00e+00	-4.00e+02
99:	-2.78e-17	0.00e+00
100:	0.00e+00	-1.77e-16
101:	0.00e+00	-4.00e+02
102:	3.47e-16	-4.00e+02
103:	0.00e+00	-1.77e-16
104:	0.00e+00	0.00e+00
105:	0.00e+00	-4.00e+02
106:	0.00e+00	-4.00e+02
107:	0.00e+00	0.00e+00
108:	0.00e+00	-1.77e-16
109:	0.00e+00	-4.00e+02
110:	0.00e+00	-4.00e+02
111:	0.00e+00	-1.77e-16
112:	0.00e+00	0.00e+00
113:	0.00e+00	1.11e-14
114:	-1.64e-13	1.11e-14
115:	0.00e+00	0.00e+00
116:	0.00e+00	0.00e+00
117:	0.00e+00	-4.00e+02
118:	0.00e+00	-4.00e+02
119:	-1.39e-17	0.00e+00
120:	0.00e+00	0.00e+00
121:	0.00e+00	-4.00e+02
122:	0.00e+00	-4.00e+02
123:	0.00e+00	0.00e+00
124:	0.00e+00	0.00e+00
125:	0.00e+00	-4.00e+02
126:	0.00e+00	-4.00e+02
127:	0.00e+00	0.00e+00
128:	0.00e+00	0.00e+00
129:	0.00e+00	-4.00e+02
130:	0.00e+00	-4.00e+02
131:	0.00e+00	0.00e+00
132:	0.00e+00	0.00e+00
133:	0.00e+00	1.11e-14
134:	-1.64e-13	1.11e-14
135:	0.00e+00	0.00e+00
Selecting saddle point: 0 with second gradient of -50.0
New op index: 27	$R_{YX-XY}$(0)
Current grad: 14.367346938775805
New op index: 54	$R_{YX+XY}$(1)
Current grad: 8.000364018856628
New op index: 110	$R_{YX+XY}$(3)
Current grad: 4.0005371545011545
New op index: 38	$R_{YX+XY}$(0)
Current grad: 2.684446737055492
New op index: 126	$R_{YX+XY}$(5)
Current grad: 6.005201524657981
New op index: 38	$R_{YX+XY}$(0)
Current grad: 0.03165306318580928
Adding the same operator twice is not sensible, terminating.
Calculating energies for FreeWilson2D(N_x=2, N_y=2, mass=-5.020, r=1.000)
h_im: 0.0
New op index: 26	$R_{YX+XY}$(0)
Current grad: 6.563360965827769e-13
0:	0.00e+00	-5.00e+01
1:	0.00e+00	-5.00e+01
2:	0.00e+00	0.00e+00
3:	0.00e+00	-5.00e+01
4:	0.00e+00	-5.00e+01
5:	0.00e+00	0.00e+00
6:	0.00e+00	-5.00e+01
7:	0.00e+00	-5.00e+01
8:	0.00e+00	0.00e+00
9:	0.00e+00	-5.00e+01
10:	0.00e+00	-5.00e+01
11:	0.00e+00	0.00e+00
12:	0.00e+00	-5.00e+01
13:	0.00e+00	-5.00e+01
14:	0.00e+00	0.00e+00
15:	0.00e+00	-5.00e+01
16:	0.00e+00	-5.00e+01
17:	0.00e+00	0.00e+00
18:	0.00e+00	-5.00e+01
19:	0.00e+00	-5.00e+01
20:	0.00e+00	0.00e+00
21:	0.00e+00	-5.00e+01
22:	0.00e+00	-5.00e+01
23:	0.00e+00	0.00e+00
24:	0.00e+00	0.00e+00
25:	0.00e+00	3.33e-14
26:	-1.64e-13	3.33e-14
27:	0.00e+00	0.00e+00
28:	0.00e+00	0.00e+00
29:	0.00e+00	-4.00e+02
30:	0.00e+00	-4.00e+02
31:	-1.39e-17	0.00e+00
32:	0.00e+00	0.00e+00
33:	0.00e+00	-4.00e+02
34:	0.00e+00	-4.00e+02
35:	0.00e+00	0.00e+00
36:	0.00e+00	1.68e-16
37:	0.00e+00	-4.00e+02
38:	0.00e+00	-4.00e+02
39:	0.00e+00	1.68e-16
40:	0.00e+00	0.00e+00
41:	0.00e+00	-4.00e+02
42:	0.00e+00	-4.00e+02
43:	0.00e+00	0.00e+00
44:	0.00e+00	1.68e-16
45:	0.00e+00	-4.00e+02
46:	2.36e-16	-4.00e+02
47:	0.00e+00	1.68e-16
48:	0.00e+00	0.00e+00
49:	0.00e+00	-4.00e+02
50:	0.00e+00	-4.00e+02
51:	-2.78e-17	0.00e+00
52:	0.00e+00	0.00e+00
53:	0.00e+00	-4.00e+02
54:	0.00e+00	-4.00e+02
55:	0.00e+00	0.00e+00
56:	0.00e+00	0.00e+00
57:	0.00e+00	-4.00e+02
58:	0.00e+00	-4.00e+02
59:	0.00e+00	0.00e+00
60:	0.00e+00	0.00e+00
61:	0.00e+00	-4.00e+02
62:	0.00e+00	-4.00e+02
63:	0.00e+00	0.00e+00
64:	0.00e+00	-1.68e-16
65:	0.00e+00	-4.00e+02
66:	0.00e+00	-4.00e+02
67:	0.00e+00	-1.68e-16
68:	0.00e+00	0.00e+00
69:	0.00e+00	-4.00e+02
70:	0.00e+00	-4.00e+02
71:	-2.78e-17	0.00e+00
72:	0.00e+00	-1.68e-16
73:	0.00e+00	-4.00e+02
74:	2.36e-16	-4.00e+02
75:	0.00e+00	-1.68e-16
76:	0.00e+00	0.00e+00
77:	0.00e+00	3.33e-14
78:	-1.64e-13	3.33e-14
79:	0.00e+00	0.00e+00
80:	0.00e+00	1.68e-16
81:	0.00e+00	-4.00e+02
82:	3.47e-16	-4.00e+02
83:	0.00e+00	1.68e-16
84:	0.00e+00	0.00e+00
85:	0.00e+00	-4.00e+02
86:	0.00e+00	-4.00e+02
87:	-2.78e-17	0.00e+00
88:	0.00e+00	1.68e-16
89:	0.00e+00	-4.00e+02
90:	0.00e+00	-4.00e+02
91:	0.00e+00	1.68e-16
92:	0.00e+00	0.00e+00
93:	0.00e+00	-4.00e+02
94:	0.00e+00	-4.00e+02
95:	0.00e+00	0.00e+00
96:	0.00e+00	0.00e+00
97:	0.00e+00	-4.00e+02
98:	0.00e+00	-4.00e+02
99:	-2.78e-17	0.00e+00
100:	0.00e+00	-1.68e-16
101:	0.00e+00	-4.00e+02
102:	3.47e-16	-4.00e+02
103:	0.00e+00	-1.68e-16
104:	0.00e+00	0.00e+00
105:	0.00e+00	-4.00e+02
106:	0.00e+00	-4.00e+02
107:	0.00e+00	0.00e+00
108:	0.00e+00	-1.68e-16
109:	0.00e+00	-4.00e+02
110:	0.00e+00	-4.00e+02
111:	0.00e+00	-1.68e-16
112:	0.00e+00	0.00e+00
113:	0.00e+00	1.11e-14
114:	-1.64e-13	1.11e-14
115:	0.00e+00	0.00e+00
116:	0.00e+00	0.00e+00
117:	0.00e+00	-4.00e+02
118:	0.00e+00	-4.00e+02
119:	-1.39e-17	0.00e+00
120:	0.00e+00	0.00e+00
121:	0.00e+00	-4.00e+02
122:	0.00e+00	-4.00e+02
123:	0.00e+00	0.00e+00
124:	0.00e+00	0.00e+00
125:	0.00e+00	-4.00e+02
126:	0.00e+00	-4.00e+02
127:	0.00e+00	0.00e+00
128:	0.00e+00	0.00e+00
129:	0.00e+00	-4.00e+02
130:	0.00e+00	-4.00e+02
131:	0.00e+00	0.00e+00
132:	0.00e+00	0.00e+00
133:	0.00e+00	1.11e-14
134:	-1.64e-13	1.11e-14
135:	0.00e+00	0.00e+00
Selecting saddle point: 0 with second gradient of -50.0
New op index: 27	$R_{YX-XY}$(0)
Current grad: 14.040816326530907
New op index: 54	$R_{YX+XY}$(1)
Current grad: 8.002819834695568
New op index: 107	$R_{YX-XY}$(3)
Current grad: 4.01004558995313
New op index: 119	$R_{YX-XY}$(4)
Current grad: 6.829165982793704
New op index: 122	$R_{YX+XY}$(4)
Current grad: 441.4379619183234
New op index: 110	$R_{YX+XY}$(3)
Current grad: 0.016970330849201676
New op index: 119	$R_{YX-XY}$(4)
Current grad: 0.011358273876659972
New op index: 126	$R_{YX+XY}$(5)
Current grad: 0.02507491332917425
New op index: 119	$R_{YX-XY}$(4)
Current grad: 0.012371387538628511
New op index: 122	$R_{YX+XY}$(4)
Current grad: 0.018700733921317755
New op index: 119	$R_{YX-XY}$(4)
Current grad: 0.014340103116090255
New op index: 119	$R_{YX-XY}$(4)
Current grad: 0.013146364880647944
Adding the same operator twice is not sensible, terminating.
Calculating energies for FreeWilson2D(N_x=2, N_y=2, mass=-4.857, r=1.000)
h_im: 0.0
New op index: 26	$R_{YX+XY}$(0)
Current grad: 6.563360965827769e-13
0:	0.00e+00	-5.00e+01
1:	0.00e+00	-5.00e+01
2:	0.00e+00	0.00e+00
3:	0.00e+00	-5.00e+01
4:	0.00e+00	-5.00e+01
5:	0.00e+00	0.00e+00
6:	0.00e+00	-5.00e+01
7:	0.00e+00	-5.00e+01
8:	0.00e+00	0.00e+00
9:	0.00e+00	-5.00e+01
10:	0.00e+00	-5.00e+01
11:	0.00e+00	0.00e+00
12:	0.00e+00	-5.00e+01
13:	0.00e+00	-5.00e+01
14:	0.00e+00	0.00e+00
15:	0.00e+00	-5.00e+01
16:	0.00e+00	-5.00e+01
17:	0.00e+00	0.00e+00
18:	0.00e+00	-5.00e+01
19:	0.00e+00	-5.00e+01
20:	0.00e+00	0.00e+00
21:	0.00e+00	-5.00e+01
22:	0.00e+00	-5.00e+01
23:	0.00e+00	0.00e+00
24:	0.00e+00	0.00e+00
25:	0.00e+00	3.33e-14
26:	-1.64e-13	3.33e-14
27:	0.00e+00	0.00e+00
28:	0.00e+00	0.00e+00
29:	0.00e+00	-4.00e+02
30:	0.00e+00	-4.00e+02
31:	-1.39e-17	0.00e+00
32:	0.00e+00	0.00e+00
33:	0.00e+00	-4.00e+02
34:	0.00e+00	-4.00e+02
35:	0.00e+00	0.00e+00
36:	0.00e+00	1.59e-16
37:	0.00e+00	-4.00e+02
38:	0.00e+00	-4.00e+02
39:	0.00e+00	1.59e-16
40:	0.00e+00	0.00e+00
41:	0.00e+00	-4.00e+02
42:	0.00e+00	-4.00e+02
43:	0.00e+00	0.00e+00
44:	0.00e+00	1.59e-16
45:	0.00e+00	-4.00e+02
46:	2.36e-16	-4.00e+02
47:	0.00e+00	1.59e-16
48:	0.00e+00	0.00e+00
49:	0.00e+00	-4.00e+02
50:	0.00e+00	-4.00e+02
51:	-2.78e-17	0.00e+00
52:	0.00e+00	0.00e+00
53:	0.00e+00	-4.00e+02
54:	0.00e+00	-4.00e+02
55:	0.00e+00	0.00e+00
56:	0.00e+00	0.00e+00
57:	0.00e+00	-4.00e+02
58:	0.00e+00	-4.00e+02
59:	0.00e+00	0.00e+00
60:	0.00e+00	0.00e+00
61:	0.00e+00	-4.00e+02
62:	0.00e+00	-4.00e+02
63:	0.00e+00	0.00e+00
64:	0.00e+00	-1.59e-16
65:	0.00e+00	-4.00e+02
66:	0.00e+00	-4.00e+02
67:	0.00e+00	-1.59e-16
68:	0.00e+00	0.00e+00
69:	0.00e+00	-4.00e+02
70:	0.00e+00	-4.00e+02
71:	-2.78e-17	0.00e+00
72:	0.00e+00	-1.59e-16
73:	0.00e+00	-4.00e+02
74:	2.36e-16	-4.00e+02
75:	0.00e+00	-1.59e-16
76:	0.00e+00	0.00e+00
77:	0.00e+00	3.33e-14
78:	-1.64e-13	3.33e-14
79:	0.00e+00	0.00e+00
80:	0.00e+00	1.59e-16
81:	0.00e+00	-4.00e+02
82:	3.47e-16	-4.00e+02
83:	0.00e+00	1.59e-16
84:	0.00e+00	0.00e+00
85:	0.00e+00	-4.00e+02
86:	0.00e+00	-4.00e+02
87:	-2.78e-17	0.00e+00
88:	0.00e+00	1.59e-16
89:	0.00e+00	-4.00e+02
90:	0.00e+00	-4.00e+02
91:	0.00e+00	1.59e-16
92:	0.00e+00	0.00e+00
93:	0.00e+00	-4.00e+02
94:	0.00e+00	-4.00e+02
95:	0.00e+00	0.00e+00
96:	0.00e+00	0.00e+00
97:	0.00e+00	-4.00e+02
98:	0.00e+00	-4.00e+02
99:	-2.78e-17	0.00e+00
100:	0.00e+00	-1.59e-16
101:	0.00e+00	-4.00e+02
102:	3.47e-16	-4.00e+02
103:	0.00e+00	-1.59e-16
104:	0.00e+00	0.00e+00
105:	0.00e+00	-4.00e+02
106:	0.00e+00	-4.00e+02
107:	0.00e+00	0.00e+00
108:	0.00e+00	-1.59e-16
109:	0.00e+00	-4.00e+02
110:	0.00e+00	-4.00e+02
111:	0.00e+00	-1.59e-16
112:	0.00e+00	0.00e+00
113:	0.00e+00	1.11e-14
114:	-1.64e-13	1.11e-14
115:	0.00e+00	0.00e+00
116:	0.00e+00	0.00e+00
117:	0.00e+00	-4.00e+02
118:	0.00e+00	-4.00e+02
119:	-1.39e-17	0.00e+00
120:	0.00e+00	0.00e+00
121:	0.00e+00	-4.00e+02
122:	0.00e+00	-4.00e+02
123:	0.00e+00	0.00e+00
124:	0.00e+00	0.00e+00
125:	0.00e+00	-4.00e+02
126:	0.00e+00	-4.00e+02
127:	0.00e+00	0.00e+00
128:	0.00e+00	0.00e+00
129:	0.00e+00	-4.00e+02
130:	0.00e+00	-4.00e+02
131:	0.00e+00	0.00e+00
132:	0.00e+00	0.00e+00
133:	0.00e+00	1.11e-14
134:	-1.64e-13	1.11e-14
135:	0.00e+00	0.00e+00
Selecting saddle point: 0 with second gradient of -50.0
New op index: 27	$R_{YX-XY}$(0)
Current grad: 13.714285714286012
New op index: 31	$R_{YX-XY}$(0)
Current grad: 8.000939961730788
New op index: 59	$R_{YX-XY}$(1)
Current grad: 6.828438371259887
New op index: 82	$R_{YX+XY}$(2)
Current grad: 8.001904084859747
New op index: 99	$R_{YX-XY}$(3)
Current grad: 9.028853052583646
New op index: 46	$R_{YX+XY}$(0)
Current grad: 7.016428640646554
New op index: 46	$R_{YX+XY}$(0)
Current grad: 0.009232591158557884
Adding the same operator twice is not sensible, terminating.
Calculating energies for FreeWilson2D(N_x=2, N_y=2, mass=-4.694, r=1.000)
h_im: 0.0
New op index: 26	$R_{YX+XY}$(0)
Current grad: 6.563360965827769e-13
0:	0.00e+00	-5.00e+01
1:	0.00e+00	-5.00e+01
2:	0.00e+00	0.00e+00
3:	0.00e+00	-5.00e+01
4:	0.00e+00	-5.00e+01
5:	0.00e+00	0.00e+00
6:	0.00e+00	-5.00e+01
7:	0.00e+00	-5.00e+01
8:	0.00e+00	0.00e+00
9:	0.00e+00	-5.00e+01
10:	0.00e+00	-5.00e+01
11:	0.00e+00	0.00e+00
12:	0.00e+00	-5.00e+01
13:	0.00e+00	-5.00e+01
14:	0.00e+00	0.00e+00
15:	0.00e+00	-5.00e+01
16:	0.00e+00	-5.00e+01
17:	0.00e+00	0.00e+00
18:	0.00e+00	-5.00e+01
19:	0.00e+00	-5.00e+01
20:	0.00e+00	0.00e+00
21:	0.00e+00	-5.00e+01
22:	0.00e+00	-5.00e+01
23:	0.00e+00	0.00e+00
24:	0.00e+00	0.00e+00
25:	0.00e+00	3.33e-14
26:	-1.64e-13	3.33e-14
27:	0.00e+00	0.00e+00
28:	0.00e+00	0.00e+00
29:	0.00e+00	-4.00e+02
30:	0.00e+00	-4.00e+02
31:	-1.39e-17	0.00e+00
32:	0.00e+00	0.00e+00
33:	0.00e+00	-4.00e+02
34:	0.00e+00	-4.00e+02
35:	0.00e+00	0.00e+00
36:	0.00e+00	1.50e-16
37:	0.00e+00	-4.00e+02
38:	0.00e+00	-4.00e+02
39:	0.00e+00	1.50e-16
40:	0.00e+00	0.00e+00
41:	0.00e+00	-4.00e+02
42:	0.00e+00	-4.00e+02
43:	0.00e+00	0.00e+00
44:	0.00e+00	1.50e-16
45:	0.00e+00	-4.00e+02
46:	2.36e-16	-4.00e+02
47:	0.00e+00	1.50e-16
48:	0.00e+00	0.00e+00
49:	0.00e+00	-4.00e+02
50:	0.00e+00	-4.00e+02
51:	-2.78e-17	0.00e+00
52:	0.00e+00	0.00e+00
53:	0.00e+00	-4.00e+02
54:	0.00e+00	-4.00e+02
55:	0.00e+00	0.00e+00
56:	0.00e+00	0.00e+00
57:	0.00e+00	-4.00e+02
58:	0.00e+00	-4.00e+02
59:	0.00e+00	0.00e+00
60:	0.00e+00	0.00e+00
61:	0.00e+00	-4.00e+02
62:	0.00e+00	-4.00e+02
63:	0.00e+00	0.00e+00
64:	0.00e+00	-1.50e-16
65:	0.00e+00	-4.00e+02
66:	0.00e+00	-4.00e+02
67:	0.00e+00	-1.50e-16
68:	0.00e+00	0.00e+00
69:	0.00e+00	-4.00e+02
70:	0.00e+00	-4.00e+02
71:	-2.78e-17	0.00e+00
72:	0.00e+00	-1.50e-16
73:	0.00e+00	-4.00e+02
74:	2.36e-16	-4.00e+02
75:	0.00e+00	-1.50e-16
76:	0.00e+00	0.00e+00
77:	0.00e+00	3.33e-14
78:	-1.64e-13	3.33e-14
79:	0.00e+00	0.00e+00
80:	0.00e+00	1.50e-16
81:	0.00e+00	-4.00e+02
82:	3.47e-16	-4.00e+02
83:	0.00e+00	1.50e-16
84:	0.00e+00	0.00e+00
85:	0.00e+00	-4.00e+02
86:	0.00e+00	-4.00e+02
87:	-2.78e-17	0.00e+00
88:	0.00e+00	1.50e-16
89:	0.00e+00	-4.00e+02
90:	0.00e+00	-4.00e+02
91:	0.00e+00	1.50e-16
92:	0.00e+00	0.00e+00
93:	0.00e+00	-4.00e+02
94:	0.00e+00	-4.00e+02
95:	0.00e+00	0.00e+00
96:	0.00e+00	0.00e+00
97:	0.00e+00	-4.00e+02
98:	0.00e+00	-4.00e+02
99:	-2.78e-17	0.00e+00
100:	0.00e+00	-1.50e-16
101:	0.00e+00	-4.00e+02
102:	3.47e-16	-4.00e+02
103:	0.00e+00	-1.50e-16
104:	0.00e+00	0.00e+00
105:	0.00e+00	-4.00e+02
106:	0.00e+00	-4.00e+02
107:	0.00e+00	0.00e+00
108:	0.00e+00	-1.50e-16
109:	0.00e+00	-4.00e+02
110:	0.00e+00	-4.00e+02
111:	0.00e+00	-1.50e-16
112:	0.00e+00	0.00e+00
113:	0.00e+00	1.11e-14
114:	-1.64e-13	1.11e-14
115:	0.00e+00	0.00e+00
116:	0.00e+00	0.00e+00
117:	0.00e+00	-4.00e+02
118:	0.00e+00	-4.00e+02
119:	-1.39e-17	0.00e+00
120:	0.00e+00	0.00e+00
121:	0.00e+00	-4.00e+02
122:	0.00e+00	-4.00e+02
123:	0.00e+00	0.00e+00
124:	0.00e+00	0.00e+00
125:	0.00e+00	-4.00e+02
126:	0.00e+00	-4.00e+02
127:	0.00e+00	0.00e+00
128:	0.00e+00	0.00e+00
129:	0.00e+00	-4.00e+02
130:	0.00e+00	-4.00e+02
131:	0.00e+00	0.00e+00
132:	0.00e+00	0.00e+00
133:	0.00e+00	1.11e-14
134:	-1.64e-13	1.11e-14
135:	0.00e+00	0.00e+00
Selecting saddle point: 0 with second gradient of -50.0
New op index: 27	$R_{YX-XY}$(0)
Current grad: 13.387755102041114
New op index: 31	$R_{YX-XY}$(0)
Current grad: 8.00002179984503
New op index: 59	$R_{YX-XY}$(1)
Current grad: 6.830609201818211
New op index: 51	$R_{YX-XY}$(0)
Current grad: 8.004549908483316
New op index: 110	$R_{YX+XY}$(3)
Current grad: 231.34322718554714
New op index: 119	$R_{YX-XY}$(4)
Current grad: 4.415411397744453
New op index: 122	$R_{YX+XY}$(4)
Current grad: 4.416706576274094
New op index: 38	$R_{YX+XY}$(0)
Current grad: 2.2028644297658744
New op index: 51	$R_{YX-XY}$(0)
Current grad: 2.2054648480853256
New op index: 99	$R_{YX-XY}$(3)
Current grad: 2.6400562532981264
New op index: 82	$R_{YX+XY}$(2)
Current grad: 2.890780460957042
New op index: 95	$R_{YX-XY}$(2)
Current grad: 3.141659854699849
New op index: 26	$R_{YX+XY}$(0)
Current grad: 2.762778549727772
New op index: 63	$R_{YX-XY}$(1)
Current grad: 1.3170269323945554
New op index: 99	$R_{YX-XY}$(3)
Current grad: 2.0067158265471132
New op index: 71	$R_{YX-XY}$(1)
Current grad: 0.8841303104261016
New op index: 126	$R_{YX+XY}$(5)
Current grad: 0.034953134166212686
New op index: 71	$R_{YX-XY}$(1)
Current grad: 0.007967143962127051
New op index: 74	$R_{YX+XY}$(1)
Current grad: 0.02242327528611232
New op index: 71	$R_{YX-XY}$(1)
Current grad: 0.009977673191828103
New op index: 74	$R_{YX+XY}$(1)
Current grad: 0.022777385547481772
New op index: 71	$R_{YX-XY}$(1)
Current grad: 0.009675109239935902
New op index: 74	$R_{YX+XY}$(1)
Current grad: 0.01525539718350538
New op index: 71	$R_{YX-XY}$(1)
Current grad: 0.010114191432095345
New op index: 74	$R_{YX+XY}$(1)
Current grad: 0.014836715108529948
New op index: 74	$R_{YX+XY}$(1)
Current grad: 0.013893992195144379
Adding the same operator twice is not sensible, terminating.
Calculating energies for FreeWilson2D(N_x=2, N_y=2, mass=-4.531, r=1.000)
h_im: 0.0
New op index: 26	$R_{YX+XY}$(0)
Current grad: 6.563360965827769e-13
0:	0.00e+00	-5.00e+01
1:	0.00e+00	-5.00e+01
2:	0.00e+00	0.00e+00
3:	0.00e+00	-5.00e+01
4:	0.00e+00	-5.00e+01
5:	0.00e+00	0.00e+00
6:	0.00e+00	-5.00e+01
7:	0.00e+00	-5.00e+01
8:	0.00e+00	0.00e+00
9:	0.00e+00	-5.00e+01
10:	0.00e+00	-5.00e+01
11:	0.00e+00	0.00e+00
12:	0.00e+00	-5.00e+01
13:	0.00e+00	-5.00e+01
14:	0.00e+00	0.00e+00
15:	0.00e+00	-5.00e+01
16:	0.00e+00	-5.00e+01
17:	0.00e+00	0.00e+00
18:	0.00e+00	-5.00e+01
19:	0.00e+00	-5.00e+01
20:	0.00e+00	0.00e+00
21:	0.00e+00	-5.00e+01
22:	0.00e+00	-5.00e+01
23:	0.00e+00	0.00e+00
24:	0.00e+00	0.00e+00
25:	0.00e+00	3.33e-14
26:	-1.64e-13	3.33e-14
27:	0.00e+00	0.00e+00
28:	0.00e+00	0.00e+00
29:	0.00e+00	-4.00e+02
30:	0.00e+00	-4.00e+02
31:	-1.39e-17	0.00e+00
32:	0.00e+00	0.00e+00
33:	0.00e+00	-4.00e+02
34:	0.00e+00	-4.00e+02
35:	0.00e+00	0.00e+00
36:	0.00e+00	1.40e-16
37:	0.00e+00	-4.00e+02
38:	0.00e+00	-4.00e+02
39:	0.00e+00	1.40e-16
40:	0.00e+00	0.00e+00
41:	0.00e+00	-4.00e+02
42:	0.00e+00	-4.00e+02
43:	0.00e+00	0.00e+00
44:	0.00e+00	1.40e-16
45:	0.00e+00	-4.00e+02
46:	2.36e-16	-4.00e+02
47:	0.00e+00	1.40e-16
48:	0.00e+00	0.00e+00
49:	0.00e+00	-4.00e+02
50:	0.00e+00	-4.00e+02
51:	-2.78e-17	0.00e+00
52:	0.00e+00	0.00e+00
53:	0.00e+00	-4.00e+02
54:	0.00e+00	-4.00e+02
55:	0.00e+00	0.00e+00
56:	0.00e+00	0.00e+00
57:	0.00e+00	-4.00e+02
58:	0.00e+00	-4.00e+02
59:	0.00e+00	0.00e+00
60:	0.00e+00	0.00e+00
61:	0.00e+00	-4.00e+02
62:	0.00e+00	-4.00e+02
63:	0.00e+00	0.00e+00
64:	0.00e+00	-1.40e-16
65:	0.00e+00	-4.00e+02
66:	0.00e+00	-4.00e+02
67:	0.00e+00	-1.40e-16
68:	0.00e+00	0.00e+00
69:	0.00e+00	-4.00e+02
70:	0.00e+00	-4.00e+02
71:	-2.78e-17	0.00e+00
72:	0.00e+00	-1.40e-16
73:	0.00e+00	-4.00e+02
74:	2.36e-16	-4.00e+02
75:	0.00e+00	-1.40e-16
76:	0.00e+00	0.00e+00
77:	0.00e+00	3.33e-14
78:	-1.64e-13	3.33e-14
79:	0.00e+00	0.00e+00
80:	0.00e+00	1.40e-16
81:	0.00e+00	-4.00e+02
82:	3.47e-16	-4.00e+02
83:	0.00e+00	1.40e-16
84:	0.00e+00	0.00e+00
85:	0.00e+00	-4.00e+02
86:	0.00e+00	-4.00e+02
87:	-2.78e-17	0.00e+00
88:	0.00e+00	1.40e-16
89:	0.00e+00	-4.00e+02
90:	0.00e+00	-4.00e+02
91:	0.00e+00	1.40e-16
92:	0.00e+00	0.00e+00
93:	0.00e+00	-4.00e+02
94:	0.00e+00	-4.00e+02
95:	0.00e+00	0.00e+00
96:	0.00e+00	0.00e+00
97:	0.00e+00	-4.00e+02
98:	0.00e+00	-4.00e+02
99:	-2.78e-17	0.00e+00
100:	0.00e+00	-1.40e-16
101:	0.00e+00	-4.00e+02
102:	3.47e-16	-4.00e+02
103:	0.00e+00	-1.40e-16
104:	0.00e+00	0.00e+00
105:	0.00e+00	-4.00e+02
106:	0.00e+00	-4.00e+02
107:	0.00e+00	0.00e+00
108:	0.00e+00	-1.40e-16
109:	0.00e+00	-4.00e+02
110:	0.00e+00	-4.00e+02
111:	0.00e+00	-1.40e-16
112:	0.00e+00	0.00e+00
113:	0.00e+00	1.11e-14
114:	-1.64e-13	1.11e-14
115:	0.00e+00	0.00e+00
116:	0.00e+00	0.00e+00
117:	0.00e+00	-4.00e+02
118:	0.00e+00	-4.00e+02
119:	-1.39e-17	0.00e+00
120:	0.00e+00	0.00e+00
121:	0.00e+00	-4.00e+02
122:	0.00e+00	-4.00e+02
123:	0.00e+00	0.00e+00
124:	0.00e+00	0.00e+00
125:	0.00e+00	-4.00e+02
126:	0.00e+00	-4.00e+02
127:	0.00e+00	0.00e+00
128:	0.00e+00	0.00e+00
129:	0.00e+00	-4.00e+02
130:	0.00e+00	-4.00e+02
131:	0.00e+00	0.00e+00
132:	0.00e+00	0.00e+00
133:	0.00e+00	1.11e-14
134:	-1.64e-13	1.11e-14
135:	0.00e+00	0.00e+00
Selecting saddle point: 0 with second gradient of -50.0
New op index: 27	$R_{YX-XY}$(0)
Current grad: 13.061224489796215
New op index: 34	$R_{YX+XY}$(0)
Current grad: 8.000072868795282
New op index: 43	$R_{YX-XY}$(0)
Current grad: 4.0029953689290565
New op index: 126	$R_{YX+XY}$(5)
Current grad: 6.836086361975355
New op index: 38	$R_{YX+XY}$(0)
Current grad: 0.00018656759407849783
Precision cutoff reached.
Calculating energies for FreeWilson2D(N_x=2, N_y=2, mass=-4.367, r=1.000)
h_im: 0.0
New op index: 26	$R_{YX+XY}$(0)
Current grad: 6.563360965827769e-13
0:	0.00e+00	-5.00e+01
1:	0.00e+00	-5.00e+01
2:	0.00e+00	0.00e+00
3:	0.00e+00	-5.00e+01
4:	0.00e+00	-5.00e+01
5:	0.00e+00	0.00e+00
6:	0.00e+00	-5.00e+01
7:	0.00e+00	-5.00e+01
8:	0.00e+00	0.00e+00
9:	0.00e+00	-5.00e+01
10:	0.00e+00	-5.00e+01
11:	0.00e+00	0.00e+00
12:	0.00e+00	-5.00e+01
13:	0.00e+00	-5.00e+01
14:	0.00e+00	0.00e+00
15:	0.00e+00	-5.00e+01
16:	0.00e+00	-5.00e+01
17:	0.00e+00	0.00e+00
18:	0.00e+00	-5.00e+01
19:	0.00e+00	-5.00e+01
20:	0.00e+00	0.00e+00
21:	0.00e+00	-5.00e+01
22:	0.00e+00	-5.00e+01
23:	0.00e+00	0.00e+00
24:	0.00e+00	0.00e+00
25:	0.00e+00	3.33e-14
26:	-1.64e-13	3.33e-14
27:	0.00e+00	0.00e+00
28:	0.00e+00	0.00e+00
29:	0.00e+00	-4.00e+02
30:	0.00e+00	-4.00e+02
31:	-1.39e-17	0.00e+00
32:	0.00e+00	0.00e+00
33:	0.00e+00	-4.00e+02
34:	0.00e+00	-4.00e+02
35:	0.00e+00	0.00e+00
36:	0.00e+00	1.31e-16
37:	0.00e+00	-4.00e+02
38:	0.00e+00	-4.00e+02
39:	0.00e+00	1.31e-16
40:	0.00e+00	0.00e+00
41:	0.00e+00	-4.00e+02
42:	0.00e+00	-4.00e+02
43:	0.00e+00	0.00e+00
44:	0.00e+00	1.31e-16
45:	0.00e+00	-4.00e+02
46:	2.36e-16	-4.00e+02
47:	0.00e+00	1.31e-16
48:	0.00e+00	0.00e+00
49:	0.00e+00	-4.00e+02
50:	0.00e+00	-4.00e+02
51:	-2.78e-17	0.00e+00
52:	0.00e+00	0.00e+00
53:	0.00e+00	-4.00e+02
54:	0.00e+00	-4.00e+02
55:	0.00e+00	0.00e+00
56:	0.00e+00	0.00e+00
57:	0.00e+00	-4.00e+02
58:	0.00e+00	-4.00e+02
59:	0.00e+00	0.00e+00
60:	0.00e+00	0.00e+00
61:	0.00e+00	-4.00e+02
62:	0.00e+00	-4.00e+02
63:	0.00e+00	0.00e+00
64:	0.00e+00	-1.31e-16
65:	0.00e+00	-4.00e+02
66:	0.00e+00	-4.00e+02
67:	0.00e+00	-1.31e-16
68:	0.00e+00	0.00e+00
69:	0.00e+00	-4.00e+02
70:	0.00e+00	-4.00e+02
71:	-2.78e-17	0.00e+00
72:	0.00e+00	-1.31e-16
73:	0.00e+00	-4.00e+02
74:	2.36e-16	-4.00e+02
75:	0.00e+00	-1.31e-16
76:	0.00e+00	0.00e+00
77:	0.00e+00	3.33e-14
78:	-1.64e-13	3.33e-14
79:	0.00e+00	0.00e+00
80:	0.00e+00	1.31e-16
81:	0.00e+00	-4.00e+02
82:	3.47e-16	-4.00e+02
83:	0.00e+00	1.31e-16
84:	0.00e+00	0.00e+00
85:	0.00e+00	-4.00e+02
86:	0.00e+00	-4.00e+02
87:	-2.78e-17	0.00e+00
88:	0.00e+00	1.31e-16
89:	0.00e+00	-4.00e+02
90:	0.00e+00	-4.00e+02
91:	0.00e+00	1.31e-16
92:	0.00e+00	0.00e+00
93:	0.00e+00	-4.00e+02
94:	0.00e+00	-4.00e+02
95:	0.00e+00	0.00e+00
96:	0.00e+00	0.00e+00
97:	0.00e+00	-4.00e+02
98:	0.00e+00	-4.00e+02
99:	-2.78e-17	0.00e+00
100:	0.00e+00	-1.31e-16
101:	0.00e+00	-4.00e+02
102:	3.47e-16	-4.00e+02
103:	0.00e+00	-1.31e-16
104:	0.00e+00	0.00e+00
105:	0.00e+00	-4.00e+02
106:	0.00e+00	-4.00e+02
107:	0.00e+00	0.00e+00
108:	0.00e+00	-1.31e-16
109:	0.00e+00	-4.00e+02
110:	0.00e+00	-4.00e+02
111:	0.00e+00	-1.31e-16
112:	0.00e+00	0.00e+00
113:	0.00e+00	1.11e-14
114:	-1.64e-13	1.11e-14
115:	0.00e+00	0.00e+00
116:	0.00e+00	0.00e+00
117:	0.00e+00	-4.00e+02
118:	0.00e+00	-4.00e+02
119:	-1.39e-17	0.00e+00
120:	0.00e+00	0.00e+00
121:	0.00e+00	-4.00e+02
122:	0.00e+00	-4.00e+02
123:	0.00e+00	0.00e+00
124:	0.00e+00	0.00e+00
125:	0.00e+00	-4.00e+02
126:	0.00e+00	-4.00e+02
127:	0.00e+00	0.00e+00
128:	0.00e+00	0.00e+00
129:	0.00e+00	-4.00e+02
130:	0.00e+00	-4.00e+02
131:	0.00e+00	0.00e+00
132:	0.00e+00	0.00e+00
133:	0.00e+00	1.11e-14
134:	-1.64e-13	1.11e-14
135:	0.00e+00	0.00e+00
Selecting saddle point: 0 with second gradient of -50.0
New op index: 27	$R_{YX-XY}$(0)
Current grad: 12.734693877551317
New op index: 31	$R_{YX-XY}$(0)
Current grad: 8.000071004150847
New op index: 59	$R_{YX-XY}$(1)
Current grad: 6.830554758439884
New op index: 38	$R_{YX+XY}$(0)
Current grad: 8.004547399265517
New op index: 126	$R_{YX+XY}$(5)
Current grad: 6.424693785307827
New op index: 82	$R_{YX+XY}$(2)
Current grad: 5.304743414326464
New op index: 99	$R_{YX-XY}$(3)
Current grad: 2.911578208371512
New op index: 26	$R_{YX+XY}$(0)
Current grad: 3.8672302265601934
New op index: 51	$R_{YX-XY}$(0)
Current grad: 1.782623391819048
New op index: 31	$R_{YX-XY}$(0)
Current grad: 3.999790676185999
New op index: 51	$R_{YX-XY}$(0)
Current grad: 1.6613601672250438
New op index: 95	$R_{YX-XY}$(2)
Current grad: 0.0016042558591613987
New op index: 78	$R_{YX+XY}$(2)
Current grad: 0.004794095278116312
New op index: 95	$R_{YX-XY}$(2)
Current grad: 0.001443426663480088
New op index: 95	$R_{YX-XY}$(2)
Current grad: 0.0014434266634557017
Adding the same operator twice is not sensible, terminating.
Calculating energies for FreeWilson2D(N_x=2, N_y=2, mass=-4.204, r=1.000)
h_im: 0.0
New op index: 26	$R_{YX+XY}$(0)
Current grad: 6.563360965827769e-13
0:	0.00e+00	-5.00e+01
1:	0.00e+00	-5.00e+01
2:	0.00e+00	0.00e+00
3:	0.00e+00	-5.00e+01
4:	0.00e+00	-5.00e+01
5:	0.00e+00	0.00e+00
6:	0.00e+00	-5.00e+01
7:	0.00e+00	-5.00e+01
8:	0.00e+00	0.00e+00
9:	0.00e+00	-5.00e+01
10:	0.00e+00	-5.00e+01
11:	0.00e+00	0.00e+00
12:	0.00e+00	-5.00e+01
13:	0.00e+00	-5.00e+01
14:	0.00e+00	0.00e+00
15:	0.00e+00	-5.00e+01
16:	0.00e+00	-5.00e+01
17:	0.00e+00	0.00e+00
18:	0.00e+00	-5.00e+01
19:	0.00e+00	-5.00e+01
20:	0.00e+00	0.00e+00
21:	0.00e+00	-5.00e+01
22:	0.00e+00	-5.00e+01
23:	0.00e+00	0.00e+00
24:	0.00e+00	0.00e+00
25:	0.00e+00	3.33e-14
26:	-1.64e-13	3.33e-14
27:	0.00e+00	0.00e+00
28:	0.00e+00	0.00e+00
29:	0.00e+00	-4.00e+02
30:	0.00e+00	-4.00e+02
31:	-1.39e-17	0.00e+00
32:	0.00e+00	0.00e+00
33:	0.00e+00	-4.00e+02
34:	0.00e+00	-4.00e+02
35:	0.00e+00	0.00e+00
36:	0.00e+00	1.22e-16
37:	0.00e+00	-4.00e+02
38:	0.00e+00	-4.00e+02
39:	0.00e+00	1.22e-16
40:	0.00e+00	0.00e+00
41:	0.00e+00	-4.00e+02
42:	0.00e+00	-4.00e+02
43:	0.00e+00	0.00e+00
44:	0.00e+00	1.22e-16
45:	0.00e+00	-4.00e+02
46:	2.36e-16	-4.00e+02
47:	0.00e+00	1.22e-16
48:	0.00e+00	0.00e+00
49:	0.00e+00	-4.00e+02
50:	0.00e+00	-4.00e+02
51:	-2.78e-17	0.00e+00
52:	0.00e+00	0.00e+00
53:	0.00e+00	-4.00e+02
54:	0.00e+00	-4.00e+02
55:	0.00e+00	0.00e+00
56:	0.00e+00	0.00e+00
57:	0.00e+00	-4.00e+02
58:	0.00e+00	-4.00e+02
59:	0.00e+00	0.00e+00
60:	0.00e+00	0.00e+00
61:	0.00e+00	-4.00e+02
62:	0.00e+00	-4.00e+02
63:	0.00e+00	0.00e+00
64:	0.00e+00	-1.22e-16
65:	0.00e+00	-4.00e+02
66:	0.00e+00	-4.00e+02
67:	0.00e+00	-1.22e-16
68:	0.00e+00	0.00e+00
69:	0.00e+00	-4.00e+02
70:	0.00e+00	-4.00e+02
71:	-2.78e-17	0.00e+00
72:	0.00e+00	-1.22e-16
73:	0.00e+00	-4.00e+02
74:	2.36e-16	-4.00e+02
75:	0.00e+00	-1.22e-16
76:	0.00e+00	0.00e+00
77:	0.00e+00	3.33e-14
78:	-1.64e-13	3.33e-14
79:	0.00e+00	0.00e+00
80:	0.00e+00	1.22e-16
81:	0.00e+00	-4.00e+02
82:	3.47e-16	-4.00e+02
83:	0.00e+00	1.22e-16
84:	0.00e+00	0.00e+00
85:	0.00e+00	-4.00e+02
86:	0.00e+00	-4.00e+02
87:	-2.78e-17	0.00e+00
88:	0.00e+00	1.22e-16
89:	0.00e+00	-4.00e+02
90:	0.00e+00	-4.00e+02
91:	0.00e+00	1.22e-16
92:	0.00e+00	0.00e+00
93:	0.00e+00	-4.00e+02
94:	0.00e+00	-4.00e+02
95:	0.00e+00	0.00e+00
96:	0.00e+00	0.00e+00
97:	0.00e+00	-4.00e+02
98:	0.00e+00	-4.00e+02
99:	-2.78e-17	0.00e+00
100:	0.00e+00	-1.22e-16
101:	0.00e+00	-4.00e+02
102:	3.47e-16	-4.00e+02
103:	0.00e+00	-1.22e-16
104:	0.00e+00	0.00e+00
105:	0.00e+00	-4.00e+02
106:	0.00e+00	-4.00e+02
107:	0.00e+00	0.00e+00
108:	0.00e+00	-1.22e-16
109:	0.00e+00	-4.00e+02
110:	0.00e+00	-4.00e+02
111:	0.00e+00	-1.22e-16
112:	0.00e+00	0.00e+00
113:	0.00e+00	1.11e-14
114:	-1.64e-13	1.11e-14
115:	0.00e+00	0.00e+00
116:	0.00e+00	0.00e+00
117:	0.00e+00	-4.00e+02
118:	0.00e+00	-4.00e+02
119:	-1.39e-17	0.00e+00
120:	0.00e+00	0.00e+00
121:	0.00e+00	-4.00e+02
122:	0.00e+00	-4.00e+02
123:	0.00e+00	0.00e+00
124:	0.00e+00	0.00e+00
125:	0.00e+00	-4.00e+02
126:	0.00e+00	-4.00e+02
127:	0.00e+00	0.00e+00
128:	0.00e+00	0.00e+00
129:	0.00e+00	-4.00e+02
130:	0.00e+00	-4.00e+02
131:	0.00e+00	0.00e+00
132:	0.00e+00	0.00e+00
133:	0.00e+00	1.11e-14
134:	-1.64e-13	1.11e-14
135:	0.00e+00	0.00e+00
Selecting saddle point: 0 with second gradient of -50.0
New op index: 27	$R_{YX-XY}$(0)
Current grad: 12.408163265306419
New op index: 31	$R_{YX-XY}$(0)
Current grad: 8.000080388293068
New op index: 59	$R_{YX-XY}$(1)
Current grad: 6.828437078226985
New op index: 82	$R_{YX+XY}$(2)
Current grad: 8.022626916317297
New op index: 46	$R_{YX+XY}$(0)
Current grad: 7.008147876551218
New op index: 99	$R_{YX-XY}$(3)
Current grad: 2.3721322003398284
New op index: 46	$R_{YX+XY}$(0)
Current grad: 0.015150269975488094
Adding the same operator twice is not sensible, terminating.
Calculating energies for FreeWilson2D(N_x=2, N_y=2, mass=-4.041, r=1.000)
h_im: 0.0
New op index: 26	$R_{YX+XY}$(0)
Current grad: 6.563360965827769e-13
0:	0.00e+00	-5.00e+01
1:	0.00e+00	-5.00e+01
2:	0.00e+00	0.00e+00
3:	0.00e+00	-5.00e+01
4:	0.00e+00	-5.00e+01
5:	0.00e+00	0.00e+00
6:	0.00e+00	-5.00e+01
7:	0.00e+00	-5.00e+01
8:	0.00e+00	0.00e+00
9:	0.00e+00	-5.00e+01
10:	0.00e+00	-5.00e+01
11:	0.00e+00	0.00e+00
12:	0.00e+00	-5.00e+01
13:	0.00e+00	-5.00e+01
14:	0.00e+00	0.00e+00
15:	0.00e+00	-5.00e+01
16:	0.00e+00	-5.00e+01
17:	0.00e+00	0.00e+00
18:	0.00e+00	-5.00e+01
19:	0.00e+00	-5.00e+01
20:	0.00e+00	0.00e+00
21:	0.00e+00	-5.00e+01
22:	0.00e+00	-5.00e+01
23:	0.00e+00	0.00e+00
24:	0.00e+00	0.00e+00
25:	0.00e+00	3.33e-14
26:	-1.64e-13	3.33e-14
27:	0.00e+00	0.00e+00
28:	0.00e+00	0.00e+00
29:	0.00e+00	-4.00e+02
30:	0.00e+00	-4.00e+02
31:	-1.39e-17	0.00e+00
32:	0.00e+00	0.00e+00
33:	0.00e+00	-4.00e+02
34:	0.00e+00	-4.00e+02
35:	0.00e+00	0.00e+00
36:	0.00e+00	1.13e-16
37:	0.00e+00	-4.00e+02
38:	0.00e+00	-4.00e+02
39:	0.00e+00	1.13e-16
40:	0.00e+00	0.00e+00
41:	0.00e+00	-4.00e+02
42:	0.00e+00	-4.00e+02
43:	0.00e+00	0.00e+00
44:	0.00e+00	1.13e-16
45:	0.00e+00	-4.00e+02
46:	2.36e-16	-4.00e+02
47:	0.00e+00	1.13e-16
48:	0.00e+00	0.00e+00
49:	0.00e+00	-4.00e+02
50:	0.00e+00	-4.00e+02
51:	-2.78e-17	0.00e+00
52:	0.00e+00	0.00e+00
53:	0.00e+00	-4.00e+02
54:	0.00e+00	-4.00e+02
55:	0.00e+00	0.00e+00
56:	0.00e+00	0.00e+00
57:	0.00e+00	-4.00e+02
58:	0.00e+00	-4.00e+02
59:	0.00e+00	0.00e+00
60:	0.00e+00	0.00e+00
61:	0.00e+00	-4.00e+02
62:	0.00e+00	-4.00e+02
63:	0.00e+00	0.00e+00
64:	0.00e+00	-1.13e-16
65:	0.00e+00	-4.00e+02
66:	0.00e+00	-4.00e+02
67:	0.00e+00	-1.13e-16
68:	0.00e+00	0.00e+00
69:	0.00e+00	-4.00e+02
70:	0.00e+00	-4.00e+02
71:	-2.78e-17	0.00e+00
72:	0.00e+00	-1.13e-16
73:	0.00e+00	-4.00e+02
74:	2.36e-16	-4.00e+02
75:	0.00e+00	-1.13e-16
76:	0.00e+00	0.00e+00
77:	0.00e+00	3.33e-14
78:	-1.64e-13	3.33e-14
79:	0.00e+00	0.00e+00
80:	0.00e+00	1.13e-16
81:	0.00e+00	-4.00e+02
82:	3.47e-16	-4.00e+02
83:	0.00e+00	1.13e-16
84:	0.00e+00	0.00e+00
85:	0.00e+00	-4.00e+02
86:	0.00e+00	-4.00e+02
87:	-2.78e-17	0.00e+00
88:	0.00e+00	1.13e-16
89:	0.00e+00	-4.00e+02
90:	0.00e+00	-4.00e+02
91:	0.00e+00	1.13e-16
92:	0.00e+00	0.00e+00
93:	0.00e+00	-4.00e+02
94:	0.00e+00	-4.00e+02
95:	0.00e+00	0.00e+00
96:	0.00e+00	0.00e+00
97:	0.00e+00	-4.00e+02
98:	0.00e+00	-4.00e+02
99:	-2.78e-17	0.00e+00
100:	0.00e+00	-1.13e-16
101:	0.00e+00	-4.00e+02
102:	3.47e-16	-4.00e+02
103:	0.00e+00	-1.13e-16
104:	0.00e+00	0.00e+00
105:	0.00e+00	-4.00e+02
106:	0.00e+00	-4.00e+02
107:	0.00e+00	0.00e+00
108:	0.00e+00	-1.13e-16
109:	0.00e+00	-4.00e+02
110:	0.00e+00	-4.00e+02
111:	0.00e+00	-1.13e-16
112:	0.00e+00	0.00e+00
113:	0.00e+00	1.11e-14
114:	-1.64e-13	1.11e-14
115:	0.00e+00	0.00e+00
116:	0.00e+00	0.00e+00
117:	0.00e+00	-4.00e+02
118:	0.00e+00	-4.00e+02
119:	-1.39e-17	0.00e+00
120:	0.00e+00	0.00e+00
121:	0.00e+00	-4.00e+02
122:	0.00e+00	-4.00e+02
123:	0.00e+00	0.00e+00
124:	0.00e+00	0.00e+00
125:	0.00e+00	-4.00e+02
126:	0.00e+00	-4.00e+02
127:	0.00e+00	0.00e+00
128:	0.00e+00	0.00e+00
129:	0.00e+00	-4.00e+02
130:	0.00e+00	-4.00e+02
131:	0.00e+00	0.00e+00
132:	0.00e+00	0.00e+00
133:	0.00e+00	1.11e-14
134:	-1.64e-13	1.11e-14
135:	0.00e+00	0.00e+00
Selecting saddle point: 0 with second gradient of -50.0
New op index: 27	$R_{YX-XY}$(0)
Current grad: 12.08163265306152
New op index: 31	$R_{YX-XY}$(0)
Current grad: 8.005744733578933
New op index: 59	$R_{YX-XY}$(1)
Current grad: 6.8284239598342795
New op index: 82	$R_{YX+XY}$(2)
Current grad: 8.022729897067872
New op index: 51	$R_{YX-XY}$(0)
Current grad: 7.013487177153652
New op index: 71	$R_{YX-XY}$(1)
Current grad: 5.537055997389821
New op index: 26	$R_{YX+XY}$(0)
Current grad: 3.945800022820253
New op index: 82	$R_{YX+XY}$(2)
Current grad: 0.0036262690209823145
Adding the same operator twice is not sensible, terminating.
Calculating energies for FreeWilson2D(N_x=2, N_y=2, mass=-3.878, r=1.000)
h_im: 0.0
New op index: 26	$R_{YX+XY}$(0)
Current grad: 6.563360965827769e-13
0:	0.00e+00	-5.00e+01
1:	0.00e+00	-5.00e+01
2:	0.00e+00	0.00e+00
3:	0.00e+00	-5.00e+01
4:	0.00e+00	-5.00e+01
5:	0.00e+00	0.00e+00
6:	0.00e+00	-5.00e+01
7:	0.00e+00	-5.00e+01
8:	0.00e+00	0.00e+00
9:	0.00e+00	-5.00e+01
10:	0.00e+00	-5.00e+01
11:	0.00e+00	0.00e+00
12:	0.00e+00	-5.00e+01
13:	0.00e+00	-5.00e+01
14:	0.00e+00	0.00e+00
15:	0.00e+00	-5.00e+01
16:	0.00e+00	-5.00e+01
17:	0.00e+00	0.00e+00
18:	0.00e+00	-5.00e+01
19:	0.00e+00	-5.00e+01
20:	0.00e+00	0.00e+00
21:	0.00e+00	-5.00e+01
22:	0.00e+00	-5.00e+01
23:	0.00e+00	0.00e+00
24:	0.00e+00	0.00e+00
25:	0.00e+00	3.33e-14
26:	-1.64e-13	3.33e-14
27:	0.00e+00	0.00e+00
28:	0.00e+00	0.00e+00
29:	0.00e+00	-4.00e+02
30:	0.00e+00	-4.00e+02
31:	-1.39e-17	0.00e+00
32:	0.00e+00	0.00e+00
33:	0.00e+00	-4.00e+02
34:	0.00e+00	-4.00e+02
35:	0.00e+00	0.00e+00
36:	0.00e+00	1.04e-16
37:	0.00e+00	-4.00e+02
38:	0.00e+00	-4.00e+02
39:	0.00e+00	1.04e-16
40:	0.00e+00	0.00e+00
41:	0.00e+00	-4.00e+02
42:	0.00e+00	-4.00e+02
43:	0.00e+00	0.00e+00
44:	0.00e+00	1.04e-16
45:	0.00e+00	-4.00e+02
46:	2.36e-16	-4.00e+02
47:	0.00e+00	1.04e-16
48:	0.00e+00	0.00e+00
49:	0.00e+00	-4.00e+02
50:	0.00e+00	-4.00e+02
51:	-2.78e-17	0.00e+00
52:	0.00e+00	0.00e+00
53:	0.00e+00	-4.00e+02
54:	0.00e+00	-4.00e+02
55:	0.00e+00	0.00e+00
56:	0.00e+00	0.00e+00
57:	0.00e+00	-4.00e+02
58:	0.00e+00	-4.00e+02
59:	0.00e+00	0.00e+00
60:	0.00e+00	0.00e+00
61:	0.00e+00	-4.00e+02
62:	0.00e+00	-4.00e+02
63:	0.00e+00	0.00e+00
64:	0.00e+00	-1.04e-16
65:	0.00e+00	-4.00e+02
66:	0.00e+00	-4.00e+02
67:	0.00e+00	-1.04e-16
68:	0.00e+00	0.00e+00
69:	0.00e+00	-4.00e+02
70:	0.00e+00	-4.00e+02
71:	-2.78e-17	0.00e+00
72:	0.00e+00	-1.04e-16
73:	0.00e+00	-4.00e+02
74:	2.36e-16	-4.00e+02
75:	0.00e+00	-1.04e-16
76:	0.00e+00	0.00e+00
77:	0.00e+00	3.33e-14
78:	-1.64e-13	3.33e-14
79:	0.00e+00	0.00e+00
80:	0.00e+00	1.04e-16
81:	0.00e+00	-4.00e+02
82:	3.47e-16	-4.00e+02
83:	0.00e+00	1.04e-16
84:	0.00e+00	0.00e+00
85:	0.00e+00	-4.00e+02
86:	0.00e+00	-4.00e+02
87:	-2.78e-17	0.00e+00
88:	0.00e+00	1.04e-16
89:	0.00e+00	-4.00e+02
90:	0.00e+00	-4.00e+02
91:	0.00e+00	1.04e-16
92:	0.00e+00	0.00e+00
93:	0.00e+00	-4.00e+02
94:	0.00e+00	-4.00e+02
95:	0.00e+00	0.00e+00
96:	0.00e+00	0.00e+00
97:	0.00e+00	-4.00e+02
98:	0.00e+00	-4.00e+02
99:	-2.78e-17	0.00e+00
100:	0.00e+00	-1.04e-16
101:	0.00e+00	-4.00e+02
102:	3.47e-16	-4.00e+02
103:	0.00e+00	-1.04e-16
104:	0.00e+00	0.00e+00
105:	0.00e+00	-4.00e+02
106:	0.00e+00	-4.00e+02
107:	0.00e+00	0.00e+00
108:	0.00e+00	-1.04e-16
109:	0.00e+00	-4.00e+02
110:	0.00e+00	-4.00e+02
111:	0.00e+00	-1.04e-16
112:	0.00e+00	0.00e+00
113:	0.00e+00	1.11e-14
114:	-1.64e-13	1.11e-14
115:	0.00e+00	0.00e+00
116:	0.00e+00	0.00e+00
117:	0.00e+00	-4.00e+02
118:	0.00e+00	-4.00e+02
119:	-1.39e-17	0.00e+00
120:	0.00e+00	0.00e+00
121:	0.00e+00	-4.00e+02
122:	0.00e+00	-4.00e+02
123:	0.00e+00	0.00e+00
124:	0.00e+00	0.00e+00
125:	0.00e+00	-4.00e+02
126:	0.00e+00	-4.00e+02
127:	0.00e+00	0.00e+00
128:	0.00e+00	0.00e+00
129:	0.00e+00	-4.00e+02
130:	0.00e+00	-4.00e+02
131:	0.00e+00	0.00e+00
132:	0.00e+00	0.00e+00
133:	0.00e+00	1.11e-14
134:	-1.64e-13	1.11e-14
135:	0.00e+00	0.00e+00
Selecting saddle point: 0 with second gradient of -50.0
New op index: 27	$R_{YX-XY}$(0)
Current grad: 11.755102040816624
New op index: 31	$R_{YX-XY}$(0)
Current grad: 8.001682943335574
New op index: 59	$R_{YX-XY}$(1)
Current grad: 6.828454762512077
New op index: 82	$R_{YX+XY}$(2)
Current grad: 8.000415303154853
New op index: 63	$R_{YX-XY}$(1)
Current grad: 8.00024261095421
New op index: 51	$R_{YX-XY}$(0)
Current grad: 7.00310491326333
New op index: 71	$R_{YX-XY}$(1)
Current grad: 5.549662822538881
New op index: 134	$R_{YX+XY}$(6)
Current grad: 5.1947468220567
New op index: 26	$R_{YX+XY}$(0)
Current grad: 4.910334546797601
New op index: 71	$R_{YX-XY}$(1)
Current grad: 3.32965100783579
New op index: 110	$R_{YX+XY}$(3)
Current grad: 3.8190334483746864
New op index: 59	$R_{YX-XY}$(1)
Current grad: 4.012387620123587
New op index: 99	$R_{YX-XY}$(3)
Current grad: 0.6380534161537381
New op index: 38	$R_{YX+XY}$(0)
Current grad: 0.007394938922557475
New op index: 122	$R_{YX+XY}$(4)
Current grad: 0.005272190728834274
New op index: 38	$R_{YX+XY}$(0)
Current grad: 0.004322670037734911
New op index: 122	$R_{YX+XY}$(4)
Current grad: 0.0036319843712811677
New op index: 119	$R_{YX-XY}$(4)
Current grad: 0.0034813518833755304
New op index: 122	$R_{YX+XY}$(4)
Current grad: 0.003832194639659813
New op index: 38	$R_{YX+XY}$(0)
Current grad: 0.004081407575063361
New op index: 119	$R_{YX-XY}$(4)
Current grad: 0.002695246715093973
New op index: 38	$R_{YX+XY}$(0)
Current grad: 0.004370822136659751
New op index: 119	$R_{YX-XY}$(4)
Current grad: 0.002512917901370716
New op index: 38	$R_{YX+XY}$(0)
Current grad: 0.0046070124571180125
New op index: 119	$R_{YX-XY}$(4)
Current grad: 0.002340641247971052
New op index: 38	$R_{YX+XY}$(0)
Current grad: 0.004670803863909902
New op index: 119	$R_{YX-XY}$(4)
Current grad: 0.0021882922285275694
New op index: 38	$R_{YX+XY}$(0)
Current grad: 0.004656066415548722
New op index: 99	$R_{YX-XY}$(3)
Current grad: 0.002049255752348258
New op index: 38	$R_{YX+XY}$(0)
Current grad: 0.004715762427402622
New op index: 99	$R_{YX-XY}$(3)
Current grad: 0.0019156992963502704
New op index: 38	$R_{YX+XY}$(0)
Current grad: 0.004688409508342359
New op index: 99	$R_{YX-XY}$(3)
Current grad: 0.0018380208089731715
New op index: 38	$R_{YX+XY}$(0)
Current grad: 0.0048502784955056335
New op index: 107	$R_{YX-XY}$(3)
Current grad: 0.0017067189410813583
New op index: 38	$R_{YX+XY}$(0)
Current grad: 0.004970013831612843
Adding the same operator twice is not sensible, terminating.
Calculating energies for FreeWilson2D(N_x=2, N_y=2, mass=-3.714, r=1.000)
h_im: 0.0
New op index: 26	$R_{YX+XY}$(0)
Current grad: 6.563360965827769e-13
0:	0.00e+00	-5.00e+01
1:	0.00e+00	-5.00e+01
2:	0.00e+00	0.00e+00
3:	0.00e+00	-5.00e+01
4:	0.00e+00	-5.00e+01
5:	0.00e+00	0.00e+00
6:	0.00e+00	-5.00e+01
7:	0.00e+00	-5.00e+01
8:	0.00e+00	0.00e+00
9:	0.00e+00	-5.00e+01
10:	0.00e+00	-5.00e+01
11:	0.00e+00	0.00e+00
12:	0.00e+00	-5.00e+01
13:	0.00e+00	-5.00e+01
14:	0.00e+00	0.00e+00
15:	0.00e+00	-5.00e+01
16:	0.00e+00	-5.00e+01
17:	0.00e+00	0.00e+00
18:	0.00e+00	-5.00e+01
19:	0.00e+00	-5.00e+01
20:	0.00e+00	0.00e+00
21:	0.00e+00	-5.00e+01
22:	0.00e+00	-5.00e+01
23:	0.00e+00	0.00e+00
24:	0.00e+00	0.00e+00
25:	0.00e+00	3.33e-14
26:	-1.64e-13	3.33e-14
27:	0.00e+00	0.00e+00
28:	0.00e+00	0.00e+00
29:	0.00e+00	-4.00e+02
30:	0.00e+00	-4.00e+02
31:	-1.39e-17	0.00e+00
32:	0.00e+00	0.00e+00
33:	0.00e+00	-4.00e+02
34:	0.00e+00	-4.00e+02
35:	0.00e+00	0.00e+00
36:	0.00e+00	9.52e-17
37:	0.00e+00	-4.00e+02
38:	0.00e+00	-4.00e+02
39:	0.00e+00	9.52e-17
40:	0.00e+00	0.00e+00
41:	0.00e+00	-4.00e+02
42:	0.00e+00	-4.00e+02
43:	0.00e+00	0.00e+00
44:	0.00e+00	9.52e-17
45:	0.00e+00	-4.00e+02
46:	2.36e-16	-4.00e+02
47:	0.00e+00	9.52e-17
48:	0.00e+00	0.00e+00
49:	0.00e+00	-4.00e+02
50:	0.00e+00	-4.00e+02
51:	-2.78e-17	0.00e+00
52:	0.00e+00	0.00e+00
53:	0.00e+00	-4.00e+02
54:	0.00e+00	-4.00e+02
55:	0.00e+00	0.00e+00
56:	0.00e+00	0.00e+00
57:	0.00e+00	-4.00e+02
58:	0.00e+00	-4.00e+02
59:	0.00e+00	0.00e+00
60:	0.00e+00	0.00e+00
61:	0.00e+00	-4.00e+02
62:	0.00e+00	-4.00e+02
63:	0.00e+00	0.00e+00
64:	0.00e+00	-9.52e-17
65:	0.00e+00	-4.00e+02
66:	0.00e+00	-4.00e+02
67:	0.00e+00	-9.52e-17
68:	0.00e+00	0.00e+00
69:	0.00e+00	-4.00e+02
70:	0.00e+00	-4.00e+02
71:	-2.78e-17	0.00e+00
72:	0.00e+00	-9.52e-17
73:	0.00e+00	-4.00e+02
74:	2.36e-16	-4.00e+02
75:	0.00e+00	-9.52e-17
76:	0.00e+00	0.00e+00
77:	0.00e+00	3.33e-14
78:	-1.64e-13	3.33e-14
79:	0.00e+00	0.00e+00
80:	0.00e+00	9.52e-17
81:	0.00e+00	-4.00e+02
82:	3.47e-16	-4.00e+02
83:	0.00e+00	9.52e-17
84:	0.00e+00	0.00e+00
85:	0.00e+00	-4.00e+02
86:	0.00e+00	-4.00e+02
87:	-2.78e-17	0.00e+00
88:	0.00e+00	9.52e-17
89:	0.00e+00	-4.00e+02
90:	0.00e+00	-4.00e+02
91:	0.00e+00	9.52e-17
92:	0.00e+00	0.00e+00
93:	0.00e+00	-4.00e+02
94:	0.00e+00	-4.00e+02
95:	0.00e+00	0.00e+00
96:	0.00e+00	0.00e+00
97:	0.00e+00	-4.00e+02
98:	0.00e+00	-4.00e+02
99:	-2.78e-17	0.00e+00
100:	0.00e+00	-9.52e-17
101:	0.00e+00	-4.00e+02
102:	3.47e-16	-4.00e+02
103:	0.00e+00	-9.52e-17
104:	0.00e+00	0.00e+00
105:	0.00e+00	-4.00e+02
106:	0.00e+00	-4.00e+02
107:	0.00e+00	0.00e+00
108:	0.00e+00	-9.52e-17
109:	0.00e+00	-4.00e+02
110:	0.00e+00	-4.00e+02
111:	0.00e+00	-9.52e-17
112:	0.00e+00	0.00e+00
113:	0.00e+00	1.11e-14
114:	-1.64e-13	1.11e-14
115:	0.00e+00	0.00e+00
116:	0.00e+00	0.00e+00
117:	0.00e+00	-4.00e+02
118:	0.00e+00	-4.00e+02
119:	-1.39e-17	0.00e+00
120:	0.00e+00	0.00e+00
121:	0.00e+00	-4.00e+02
122:	0.00e+00	-4.00e+02
123:	0.00e+00	0.00e+00
124:	0.00e+00	0.00e+00
125:	0.00e+00	-4.00e+02
126:	0.00e+00	-4.00e+02
127:	0.00e+00	0.00e+00
128:	0.00e+00	0.00e+00
129:	0.00e+00	-4.00e+02
130:	0.00e+00	-4.00e+02
131:	0.00e+00	0.00e+00
132:	0.00e+00	0.00e+00
133:	0.00e+00	1.11e-14
134:	-1.64e-13	1.11e-14
135:	0.00e+00	0.00e+00
Selecting saddle point: 0 with second gradient of -50.0
New op index: 27	$R_{YX-XY}$(0)
Current grad: 11.428571428571725
New op index: 54	$R_{YX+XY}$(1)
Current grad: 8.00021332332431
New op index: 107	$R_{YX-XY}$(3)
Current grad: 4.001394539920348
New op index: 38	$R_{YX+XY}$(0)
Current grad: 2.000071371598156
New op index: 126	$R_{YX+XY}$(5)
Current grad: 6.007188516643053
New op index: 38	$R_{YX+XY}$(0)
Current grad: 0.014865815653888361
Adding the same operator twice is not sensible, terminating.
Calculating energies for FreeWilson2D(N_x=2, N_y=2, mass=-3.551, r=1.000)
h_im: 0.0
New op index: 26	$R_{YX+XY}$(0)
Current grad: 6.563360965827769e-13
0:	0.00e+00	-5.00e+01
1:	0.00e+00	-5.00e+01
2:	0.00e+00	0.00e+00
3:	0.00e+00	-5.00e+01
4:	0.00e+00	-5.00e+01
5:	0.00e+00	0.00e+00
6:	0.00e+00	-5.00e+01
7:	0.00e+00	-5.00e+01
8:	0.00e+00	0.00e+00
9:	0.00e+00	-5.00e+01
10:	0.00e+00	-5.00e+01
11:	0.00e+00	0.00e+00
12:	0.00e+00	-5.00e+01
13:	0.00e+00	-5.00e+01
14:	0.00e+00	0.00e+00
15:	0.00e+00	-5.00e+01
16:	0.00e+00	-5.00e+01
17:	0.00e+00	0.00e+00
18:	0.00e+00	-5.00e+01
19:	0.00e+00	-5.00e+01
20:	0.00e+00	0.00e+00
21:	0.00e+00	-5.00e+01
22:	0.00e+00	-5.00e+01
23:	0.00e+00	0.00e+00
24:	0.00e+00	0.00e+00
25:	0.00e+00	3.33e-14
26:	-1.64e-13	3.33e-14
27:	0.00e+00	0.00e+00
28:	0.00e+00	0.00e+00
29:	0.00e+00	-4.00e+02
30:	0.00e+00	-4.00e+02
31:	-1.39e-17	0.00e+00
32:	0.00e+00	0.00e+00
33:	0.00e+00	-4.00e+02
34:	0.00e+00	-4.00e+02
35:	0.00e+00	0.00e+00
36:	0.00e+00	8.61e-17
37:	0.00e+00	-4.00e+02
38:	0.00e+00	-4.00e+02
39:	0.00e+00	8.61e-17
40:	0.00e+00	0.00e+00
41:	0.00e+00	-4.00e+02
42:	0.00e+00	-4.00e+02
43:	0.00e+00	0.00e+00
44:	0.00e+00	8.61e-17
45:	0.00e+00	-4.00e+02
46:	2.36e-16	-4.00e+02
47:	0.00e+00	8.61e-17
48:	0.00e+00	0.00e+00
49:	0.00e+00	-4.00e+02
50:	0.00e+00	-4.00e+02
51:	-2.78e-17	0.00e+00
52:	0.00e+00	0.00e+00
53:	0.00e+00	-4.00e+02
54:	0.00e+00	-4.00e+02
55:	0.00e+00	0.00e+00
56:	0.00e+00	0.00e+00
57:	0.00e+00	-4.00e+02
58:	0.00e+00	-4.00e+02
59:	0.00e+00	0.00e+00
60:	0.00e+00	0.00e+00
61:	0.00e+00	-4.00e+02
62:	0.00e+00	-4.00e+02
63:	0.00e+00	0.00e+00
64:	0.00e+00	-8.61e-17
65:	0.00e+00	-4.00e+02
66:	0.00e+00	-4.00e+02
67:	0.00e+00	-8.61e-17
68:	0.00e+00	0.00e+00
69:	0.00e+00	-4.00e+02
70:	0.00e+00	-4.00e+02
71:	-2.78e-17	0.00e+00
72:	0.00e+00	-8.61e-17
73:	0.00e+00	-4.00e+02
74:	2.36e-16	-4.00e+02
75:	0.00e+00	-8.61e-17
76:	0.00e+00	0.00e+00
77:	0.00e+00	3.33e-14
78:	-1.64e-13	3.33e-14
79:	0.00e+00	0.00e+00
80:	0.00e+00	8.61e-17
81:	0.00e+00	-4.00e+02
82:	3.47e-16	-4.00e+02
83:	0.00e+00	8.61e-17
84:	0.00e+00	0.00e+00
85:	0.00e+00	-4.00e+02
86:	0.00e+00	-4.00e+02
87:	-2.78e-17	0.00e+00
88:	0.00e+00	8.61e-17
89:	0.00e+00	-4.00e+02
90:	0.00e+00	-4.00e+02
91:	0.00e+00	8.61e-17
92:	0.00e+00	0.00e+00
93:	0.00e+00	-4.00e+02
94:	0.00e+00	-4.00e+02
95:	0.00e+00	0.00e+00
96:	0.00e+00	0.00e+00
97:	0.00e+00	-4.00e+02
98:	0.00e+00	-4.00e+02
99:	-2.78e-17	0.00e+00
100:	0.00e+00	-8.61e-17
101:	0.00e+00	-4.00e+02
102:	3.47e-16	-4.00e+02
103:	0.00e+00	-8.61e-17
104:	0.00e+00	0.00e+00
105:	0.00e+00	-4.00e+02
106:	0.00e+00	-4.00e+02
107:	0.00e+00	0.00e+00
108:	0.00e+00	-8.61e-17
109:	0.00e+00	-4.00e+02
110:	0.00e+00	-4.00e+02
111:	0.00e+00	-8.61e-17
112:	0.00e+00	0.00e+00
113:	0.00e+00	1.11e-14
114:	-1.64e-13	1.11e-14
115:	0.00e+00	0.00e+00
116:	0.00e+00	0.00e+00
117:	0.00e+00	-4.00e+02
118:	0.00e+00	-4.00e+02
119:	-1.39e-17	0.00e+00
120:	0.00e+00	0.00e+00
121:	0.00e+00	-4.00e+02
122:	0.00e+00	-4.00e+02
123:	0.00e+00	0.00e+00
124:	0.00e+00	0.00e+00
125:	0.00e+00	-4.00e+02
126:	0.00e+00	-4.00e+02
127:	0.00e+00	0.00e+00
128:	0.00e+00	0.00e+00
129:	0.00e+00	-4.00e+02
130:	0.00e+00	-4.00e+02
131:	0.00e+00	0.00e+00
132:	0.00e+00	0.00e+00
133:	0.00e+00	1.11e-14
134:	-1.64e-13	1.11e-14
135:	0.00e+00	0.00e+00
Selecting saddle point: 0 with second gradient of -50.0
New op index: 27	$R_{YX-XY}$(0)
Current grad: 11.102040816326827
New op index: 31	$R_{YX-XY}$(0)
Current grad: 8.004009969094277
New op index: 59	$R_{YX-XY}$(1)
Current grad: 6.828446672496609
New op index: 51	$R_{YX-XY}$(0)
Current grad: 8.00039193243056
New op index: 110	$R_{YX+XY}$(3)
Current grad: 231.28325901551682
New op index: 119	$R_{YX-XY}$(4)
Current grad: 4.443081235228608
New op index: 122	$R_{YX+XY}$(4)
Current grad: 4.404931507879752
New op index: 51	$R_{YX-XY}$(0)
Current grad: 2.219135696737481
New op index: 99	$R_{YX-XY}$(3)
Current grad: 2.875773493838987
New op index: 74	$R_{YX+XY}$(1)
Current grad: 2.943711113926809
New op index: 110	$R_{YX+XY}$(3)
Current grad: 3.957139671777018
New op index: 134	$R_{YX+XY}$(6)
Current grad: 7.6944164887828705
New op index: 66	$R_{YX+XY}$(1)
Current grad: 6.188654958488305
New op index: 38	$R_{YX+XY}$(0)
Current grad: 5.022512541106535
New op index: 78	$R_{YX+XY}$(2)
Current grad: 4.5466101976169435
New op index: 59	$R_{YX-XY}$(1)
Current grad: 8.027504783140898
New op index: 66	$R_{YX+XY}$(1)
Current grad: 0.17596131360517897
New op index: 21	$R_X$(7)
Current grad: 0.06510433053809117
New op index: 119	$R_{YX-XY}$(4)
Current grad: 0.06310920329199293
New op index: 119	$R_{YX-XY}$(4)
Current grad: 0.04630498258886885
Adding the same operator twice is not sensible, terminating.
Calculating energies for FreeWilson2D(N_x=2, N_y=2, mass=-3.388, r=1.000)
h_im: 0.0
New op index: 26	$R_{YX+XY}$(0)
Current grad: 6.563360965827769e-13
0:	0.00e+00	-5.00e+01
1:	0.00e+00	-5.00e+01
2:	0.00e+00	0.00e+00
3:	0.00e+00	-5.00e+01
4:	0.00e+00	-5.00e+01
5:	0.00e+00	0.00e+00
6:	0.00e+00	-5.00e+01
7:	0.00e+00	-5.00e+01
8:	0.00e+00	0.00e+00
9:	0.00e+00	-5.00e+01
10:	0.00e+00	-5.00e+01
11:	0.00e+00	0.00e+00
12:	0.00e+00	-5.00e+01
13:	0.00e+00	-5.00e+01
14:	0.00e+00	0.00e+00
15:	0.00e+00	-5.00e+01
16:	0.00e+00	-5.00e+01
17:	0.00e+00	0.00e+00
18:	0.00e+00	-5.00e+01
19:	0.00e+00	-5.00e+01
20:	0.00e+00	0.00e+00
21:	0.00e+00	-5.00e+01
22:	0.00e+00	-5.00e+01
23:	0.00e+00	0.00e+00
24:	0.00e+00	0.00e+00
25:	0.00e+00	3.33e-14
26:	-1.64e-13	3.33e-14
27:	0.00e+00	0.00e+00
28:	0.00e+00	0.00e+00
29:	0.00e+00	-4.00e+02
30:	0.00e+00	-4.00e+02
31:	-1.39e-17	0.00e+00
32:	0.00e+00	0.00e+00
33:	0.00e+00	-4.00e+02
34:	0.00e+00	-4.00e+02
35:	0.00e+00	0.00e+00
36:	0.00e+00	7.70e-17
37:	0.00e+00	-4.00e+02
38:	0.00e+00	-4.00e+02
39:	0.00e+00	7.70e-17
40:	0.00e+00	0.00e+00
41:	0.00e+00	-4.00e+02
42:	0.00e+00	-4.00e+02
43:	0.00e+00	0.00e+00
44:	0.00e+00	7.70e-17
45:	0.00e+00	-4.00e+02
46:	2.36e-16	-4.00e+02
47:	0.00e+00	7.70e-17
48:	0.00e+00	0.00e+00
49:	0.00e+00	-4.00e+02
50:	0.00e+00	-4.00e+02
51:	-2.78e-17	0.00e+00
52:	0.00e+00	0.00e+00
53:	0.00e+00	-4.00e+02
54:	0.00e+00	-4.00e+02
55:	0.00e+00	0.00e+00
56:	0.00e+00	0.00e+00
57:	0.00e+00	-4.00e+02
58:	0.00e+00	-4.00e+02
59:	0.00e+00	0.00e+00
60:	0.00e+00	0.00e+00
61:	0.00e+00	-4.00e+02
62:	0.00e+00	-4.00e+02
63:	0.00e+00	0.00e+00
64:	0.00e+00	-7.70e-17
65:	0.00e+00	-4.00e+02
66:	0.00e+00	-4.00e+02
67:	0.00e+00	-7.70e-17
68:	0.00e+00	0.00e+00
69:	0.00e+00	-4.00e+02
70:	0.00e+00	-4.00e+02
71:	-2.78e-17	0.00e+00
72:	0.00e+00	-7.70e-17
73:	0.00e+00	-4.00e+02
74:	2.36e-16	-4.00e+02
75:	0.00e+00	-7.70e-17
76:	0.00e+00	0.00e+00
77:	0.00e+00	3.33e-14
78:	-1.64e-13	3.33e-14
79:	0.00e+00	0.00e+00
80:	0.00e+00	7.70e-17
81:	0.00e+00	-4.00e+02
82:	3.47e-16	-4.00e+02
83:	0.00e+00	7.70e-17
84:	0.00e+00	0.00e+00
85:	0.00e+00	-4.00e+02
86:	0.00e+00	-4.00e+02
87:	-2.78e-17	0.00e+00
88:	0.00e+00	7.70e-17
89:	0.00e+00	-4.00e+02
90:	0.00e+00	-4.00e+02
91:	0.00e+00	7.70e-17
92:	0.00e+00	0.00e+00
93:	0.00e+00	-4.00e+02
94:	0.00e+00	-4.00e+02
95:	0.00e+00	0.00e+00
96:	0.00e+00	0.00e+00
97:	0.00e+00	-4.00e+02
98:	0.00e+00	-4.00e+02
99:	-2.78e-17	0.00e+00
100:	0.00e+00	-7.70e-17
101:	0.00e+00	-4.00e+02
102:	3.47e-16	-4.00e+02
103:	0.00e+00	-7.70e-17
104:	0.00e+00	0.00e+00
105:	0.00e+00	-4.00e+02
106:	0.00e+00	-4.00e+02
107:	0.00e+00	0.00e+00
108:	0.00e+00	-7.70e-17
109:	0.00e+00	-4.00e+02
110:	0.00e+00	-4.00e+02
111:	0.00e+00	-7.70e-17
112:	0.00e+00	0.00e+00
113:	0.00e+00	1.11e-14
114:	-1.64e-13	1.11e-14
115:	0.00e+00	0.00e+00
116:	0.00e+00	0.00e+00
117:	0.00e+00	-4.00e+02
118:	0.00e+00	-4.00e+02
119:	-1.39e-17	0.00e+00
120:	0.00e+00	0.00e+00
121:	0.00e+00	-4.00e+02
122:	0.00e+00	-4.00e+02
123:	0.00e+00	0.00e+00
124:	0.00e+00	0.00e+00
125:	0.00e+00	-4.00e+02
126:	0.00e+00	-4.00e+02
127:	0.00e+00	0.00e+00
128:	0.00e+00	0.00e+00
129:	0.00e+00	-4.00e+02
130:	0.00e+00	-4.00e+02
131:	0.00e+00	0.00e+00
132:	0.00e+00	0.00e+00
133:	0.00e+00	1.11e-14
134:	-1.64e-13	1.11e-14
135:	0.00e+00	0.00e+00
Selecting saddle point: 0 with second gradient of -50.0
New op index: 27	$R_{YX-XY}$(0)
Current grad: 10.775510204081929
New op index: 31	$R_{YX-XY}$(0)
Current grad: 8.000010560986768
New op index: 59	$R_{YX-XY}$(1)
Current grad: 6.835212817673259
New op index: 51	$R_{YX-XY}$(0)
Current grad: 8.00197528962578
New op index: 110	$R_{YX+XY}$(3)
Current grad: 231.26841442788927
New op index: 119	$R_{YX-XY}$(4)
Current grad: 4.420898275136983
New op index: 122	$R_{YX+XY}$(4)
Current grad: 4.41731382411111
New op index: 51	$R_{YX-XY}$(0)
Current grad: 2.199455297989786
New op index: 99	$R_{YX-XY}$(3)
Current grad: 2.8730744318220562
New op index: 74	$R_{YX+XY}$(1)
Current grad: 2.932282482271995
New op index: 110	$R_{YX+XY}$(3)
Current grad: 3.926824565795356
New op index: 134	$R_{YX+XY}$(6)
Current grad: 7.676527017085357
New op index: 66	$R_{YX+XY}$(1)
Current grad: 6.185518451990065
New op index: 38	$R_{YX+XY}$(0)
Current grad: 5.021783980936048
New op index: 78	$R_{YX+XY}$(2)
