Start 2025-10-28 15:29:18 | 23771123 MyPyJob | node073 | /home/s6nidich_hpc/PycharmProjects/QC-MasterThesis 

Used python interpreter:
/home/s6nidich_hpc/PycharmProjects/QC-MasterThesis/.venv_intel_3_12_3/bin/python
Python version:
Python 3.12.3

Currently Loaded Modules:
  1) GCCcore/13.3.0                   7) Tcl/8.6.14-GCCcore-13.3.0
  2) zlib/1.3.1-GCCcore-13.3.0        8) SQLite/3.45.3-GCCcore-13.3.0
  3) binutils/2.42-GCCcore-13.3.0     9) XZ/5.4.5-GCCcore-13.3.0
  4) bzip2/1.0.8-GCCcore-13.3.0      10) libffi/3.4.5-GCCcore-13.3.0
  5) ncurses/6.5-GCCcore-13.3.0      11) OpenSSL/3
  6) libreadline/8.2-GCCcore-13.3.0  12) Python/3.12.3-GCCcore-13.3.0

 

Start of Program:

-----Beginning pprint-----
/:
	Attributes:
-----Ending pprint-----
Calculating energies for FreeWilson2D(N_x=2, N_y=2, mass=-6.000, r=1.000)
h: 0.0
Prec 0.0
New op index: 27
Current grad: 45.99999999999997
0:	2.00e+00	0.00e+00
1:	-1.22e-16	0.00e+00
2:	-2.89e-34	0.00e+00
3:	-2.50e+00	0.00e+00
4:	1.53e-16	0.00e+00
5:	-7.90e-33	0.00e+00
6:	2.50e+00	0.00e+00
7:	-1.53e-16	0.00e+00
8:	6.84e-33	0.00e+00
9:	-2.00e+00	-5.00e-01
10:	1.22e-16	0.00e+00
11:	6.16e-33	-5.00e-01
12:	-2.00e+00	-5.00e-01
13:	1.22e-16	0.00e+00
14:	4.62e-33	-5.00e-01
15:	2.50e+00	2.10e-15
16:	-1.53e-16	2.12e-15
17:	-5.78e-34	1.39e-17
18:	-2.50e+00	2.09e-15
19:	1.53e-16	2.08e-15
20:	-2.12e-33	6.94e-18
21:	2.00e+00	2.09e-15
22:	-1.22e-16	2.12e-15
23:	-5.97e-33	1.39e-17
24:	-7.70e-34	0.00e+00
25:	-4.50e+00	0.00e+00
26:	3.08e-33	0.00e+00
27:	5.00e+00	0.00e+00
28:	-2.70e-33	-5.00e-01
29:	-4.50e+00	-5.00e-01
30:	-1.54e-33	6.94e-18
31:	0.00e+00	-2.00e+00
32:	0.00e+00	-5.00e-01
33:	4.50e+00	-5.00e-01
34:	0.00e+00	2.08e-17
35:	-5.00e+00	2.08e-17
36:	0.00e+00	2.08e-17
37:	4.50e+00	2.08e-17
New op index: 3
Current grad: 111.24429526351695
New op index: 27
Current grad: 38.592258529018444
New op index: 35
Current grad: 27.925406051101405
New op index: 15
Current grad: 93.17020340714647
New op index: 35
Current grad: 20.525219543702516
New op index: 0
Current grad: 9.850800360466366
New op index: 9
Current grad: 148.44107927735234
New op index: 12
Current grad: 5.927229209500004
New op index: 21
Current grad: 52.00834915469936
New op index: 21
Current grad: 0.0019677468380444275
Adding the same operator twice is not sensible, terminating.
Calculating energies for FreeWilson2D(N_x=2, N_y=2, mass=-5.111, r=1.000)
h: 0.0
Prec 0.0
New op index: 27
Current grad: 37.11111111111107
0:	1.56e+00	0.00e+00
1:	-9.53e-17	0.00e+00
2:	-2.89e-34	0.00e+00
3:	-2.06e+00	0.00e+00
4:	1.26e-16	0.00e+00
5:	-7.90e-33	0.00e+00
6:	2.06e+00	0.00e+00
7:	-1.26e-16	0.00e+00
8:	6.84e-33	0.00e+00
9:	-1.56e+00	-5.00e-01
10:	9.53e-17	0.00e+00
11:	6.16e-33	-5.00e-01
12:	-1.56e+00	-5.00e-01
13:	9.53e-17	0.00e+00
14:	4.62e-33	-5.00e-01
15:	2.06e+00	2.09e-15
16:	-1.26e-16	2.12e-15
17:	-5.78e-34	1.39e-17
18:	-2.06e+00	2.09e-15
19:	1.26e-16	2.08e-15
20:	-2.12e-33	6.94e-18
21:	1.56e+00	2.09e-15
22:	-9.53e-17	2.11e-15
23:	-5.97e-33	1.39e-17
24:	-7.70e-34	0.00e+00
25:	-3.61e+00	0.00e+00
26:	3.08e-33	0.00e+00
27:	4.11e+00	0.00e+00
28:	-2.70e-33	-5.00e-01
29:	-3.61e+00	-5.00e-01
30:	-1.54e-33	6.94e-18
31:	0.00e+00	-2.00e+00
32:	0.00e+00	-5.00e-01
33:	3.61e+00	-5.00e-01
34:	0.00e+00	2.08e-17
35:	-4.11e+00	2.08e-17
36:	-2.47e-32	2.08e-17
37:	3.61e+00	2.08e-17
New op index: 3
Current grad: 105.30838079445394
New op index: 27
Current grad: 31.254679947571972
New op index: 35
Current grad: 22.629485600368987
New op index: 15
Current grad: 90.80709231245544
New op index: 35
Current grad: 16.75444208014098
New op index: 0
Current grad: 8.128794693171512
New op index: 9
Current grad: 145.16429636189363
New op index: 12
Current grad: 5.0602205706708
New op index: 21
Current grad: 51.56307013507
New op index: 15
Current grad: 0.03352305458534855
New op index: 35
Current grad: 0.011842254645315483
New op index: 15
Current grad: 0.00560649205043522
New op index: 15
Current grad: 0.0035674907070339314
Adding the same operator twice is not sensible, terminating.
Calculating energies for FreeWilson2D(N_x=2, N_y=2, mass=-4.222, r=1.000)
h: 0.0
Prec 0.0
New op index: 27
Current grad: 28.2222222222222
0:	1.11e+00	0.00e+00
1:	-6.80e-17	0.00e+00
2:	-2.89e-34	0.00e+00
3:	-1.61e+00	0.00e+00
4:	9.87e-17	0.00e+00
5:	-7.90e-33	0.00e+00
6:	1.61e+00	0.00e+00
7:	-9.87e-17	0.00e+00
8:	6.84e-33	0.00e+00
9:	-1.11e+00	-5.00e-01
10:	6.80e-17	0.00e+00
11:	6.16e-33	-5.00e-01
12:	-1.11e+00	-5.00e-01
13:	6.80e-17	0.00e+00
14:	4.62e-33	-5.00e-01
15:	1.61e+00	2.09e-15
16:	-9.87e-17	2.12e-15
17:	-5.78e-34	1.39e-17
18:	-1.61e+00	2.09e-15
19:	9.87e-17	2.09e-15
20:	-2.12e-33	6.94e-18
21:	1.11e+00	2.08e-15
22:	-6.80e-17	2.11e-15
23:	-5.97e-33	1.39e-17
24:	-7.70e-34	0.00e+00
25:	-2.72e+00	0.00e+00
26:	3.08e-33	0.00e+00
27:	3.22e+00	0.00e+00
28:	-2.70e-33	-5.00e-01
29:	-2.72e+00	-5.00e-01
30:	-1.54e-33	6.94e-18
31:	0.00e+00	-2.00e+00
32:	0.00e+00	-5.00e-01
33:	2.72e+00	-5.00e-01
34:	0.00e+00	2.08e-17
35:	-3.22e+00	2.08e-17
36:	0.00e+00	2.08e-17
37:	2.72e+00	2.08e-17
New op index: 3
Current grad: 100.19238494631884
New op index: 27
Current grad: 23.967598978386945
New op index: 35
Current grad: 17.29555497566677
New op index: 15
Current grad: 89.25823277245968
New op index: 35
Current grad: 13.03952563315214
New op index: 9
Current grad: 6.366179435252968
New op index: 0
Current grad: 144.4278671346001
New op index: 12
Current grad: 4.183117093391957
New op index: 21
Current grad: 51.115565796694035
New op index: 27
Current grad: 0.0004040222938669016
Precision cutoff reached.
Calculating energies for FreeWilson2D(N_x=2, N_y=2, mass=-3.333, r=1.000)
h: 0.0
Prec 0.0
New op index: 27
Current grad: 19.333333333333318
0:	6.67e-01	0.00e+00
1:	-4.08e-17	0.00e+00
2:	-2.89e-34	0.00e+00
3:	-1.17e+00	0.00e+00
4:	7.14e-17	0.00e+00
5:	-7.90e-33	0.00e+00
6:	1.17e+00	0.00e+00
7:	-7.14e-17	0.00e+00
8:	6.84e-33	0.00e+00
9:	-6.67e-01	-5.00e-01
10:	4.08e-17	0.00e+00
11:	6.16e-33	-5.00e-01
12:	-6.67e-01	-5.00e-01
13:	4.08e-17	0.00e+00
14:	4.62e-33	-5.00e-01
15:	1.17e+00	2.09e-15
16:	-7.14e-17	2.11e-15
17:	-5.78e-34	1.39e-17
18:	-1.17e+00	2.10e-15
19:	7.14e-17	2.09e-15
20:	-2.12e-33	6.94e-18
21:	6.67e-01	2.08e-15
22:	-4.08e-17	2.11e-15
23:	-5.97e-33	1.39e-17
24:	-7.70e-34	0.00e+00
25:	-1.83e+00	0.00e+00
26:	3.08e-33	0.00e+00
27:	2.33e+00	0.00e+00
28:	9.63e-33	-5.00e-01
29:	-1.83e+00	-5.00e-01
30:	-1.54e-33	6.94e-18
31:	0.00e+00	-2.00e+00
32:	0.00e+00	-5.00e-01
33:	1.83e+00	-5.00e-01
34:	1.23e-32	2.08e-17
35:	-2.33e+00	2.08e-17
36:	-1.23e-32	2.08e-17
37:	1.83e+00	2.08e-17
New op index: 3
Current grad: 96.97143744225744
New op index: 27
Current grad: 16.744047291984206
New op index: 35
Current grad: 11.98167495080039
New op index: 15
Current grad: 89.62233258070793
New op index: 35
Current grad: 9.38343934596953
New op index: 9
Current grad: 4.630557938323854
New op index: 21
Current grad: 122.96623324617133
New op index: 31
Current grad: 2.356481334380555
New op index: 0
Current grad: 1.6066267149013753
New op index: 12
Current grad: 70.95383347234288
New op index: 35
Current grad: 0.00423994528549563
Adding the same operator twice is not sensible, terminating.
Calculating energies for FreeWilson2D(N_x=2, N_y=2, mass=-2.444, r=1.000)
h: 0.0
Prec 0.0
New op index: 27
Current grad: 10.444444444444436
0:	2.22e-01	0.00e+00
1:	-1.36e-17	0.00e+00
2:	-2.89e-34	0.00e+00
3:	-7.22e-01	0.00e+00
4:	4.42e-17	0.00e+00
5:	-7.90e-33	0.00e+00
6:	7.22e-01	0.00e+00
7:	-4.42e-17	0.00e+00
8:	6.84e-33	0.00e+00
9:	-2.22e-01	-5.00e-01
10:	1.36e-17	0.00e+00
11:	6.16e-33	-5.00e-01
12:	-2.22e-01	-5.00e-01
13:	1.36e-17	0.00e+00
14:	4.62e-33	-5.00e-01
15:	7.22e-01	2.08e-15
16:	-4.42e-17	2.11e-15
17:	-5.78e-34	1.39e-17
18:	-7.22e-01	2.10e-15
19:	4.42e-17	2.09e-15
20:	-2.12e-33	6.94e-18
21:	2.22e-01	2.08e-15
22:	-1.36e-17	2.10e-15
23:	-5.97e-33	1.39e-17
24:	-7.70e-34	0.00e+00
25:	-9.44e-01	0.00e+00
26:	3.08e-33	0.00e+00
27:	1.44e+00	0.00e+00
28:	3.47e-33	-5.00e-01
29:	-9.44e-01	-5.00e-01
30:	-1.54e-33	6.94e-18
31:	0.00e+00	-2.00e+00
32:	-6.16e-33	-5.00e-01
33:	9.44e-01	-5.00e-01
34:	6.16e-33	2.08e-17
35:	-1.44e+00	2.08e-17
36:	-1.23e-32	2.08e-17
37:	9.44e-01	2.08e-17
New op index: 6
Current grad: 100.40408700575412
New op index: 29
Current grad: 9.562886627471972
New op index: 35
Current grad: 5.90829074658933
New op index: 18
Current grad: 96.62314235398274
New op index: 33
Current grad: 5.948310533017941
New op index: 21
Current grad: 0.47297358847926735
New op index: 0
Current grad: 20.084372862222494
New op index: 3
Current grad: 0.002096168773271261
New op index: 3
Current grad: 0.0007029000918240404
Precision cutoff reached.
Calculating energies for FreeWilson2D(N_x=2, N_y=2, mass=-1.556, r=1.000)
h: 0.0
Prec 0.0
New op index: 27
Current grad: 3.3333333333333295
0:	-2.22e-01	0.00e+00
1:	1.36e-17	0.00e+00
2:	-2.89e-34	0.00e+00
3:	-2.78e-01	0.00e+00
4:	1.70e-17	0.00e+00
5:	-7.90e-33	0.00e+00
6:	2.78e-01	0.00e+00
7:	-1.70e-17	0.00e+00
8:	6.84e-33	0.00e+00
9:	2.22e-01	-5.00e-01
10:	-1.36e-17	0.00e+00
11:	6.16e-33	-5.00e-01
12:	2.22e-01	-5.00e-01
13:	-1.36e-17	0.00e+00
14:	4.62e-33	-5.00e-01
15:	2.78e-01	2.08e-15
16:	-1.70e-17	2.11e-15
17:	-5.78e-34	1.39e-17
18:	-2.78e-01	2.10e-15
19:	1.70e-17	2.10e-15
20:	-2.12e-33	6.94e-18
21:	-2.22e-01	2.07e-15
22:	1.36e-17	2.10e-15
23:	-5.97e-33	1.39e-17
24:	-7.70e-34	0.00e+00
25:	-5.56e-02	0.00e+00
26:	3.08e-33	0.00e+00
27:	5.56e-01	0.00e+00
28:	3.47e-33	-5.00e-01
29:	-5.56e-02	-5.00e-01
30:	-1.54e-33	6.94e-18
31:	0.00e+00	-2.00e+00
32:	-6.16e-33	-5.00e-01
33:	5.56e-02	-5.00e-01
34:	6.16e-33	2.08e-17
35:	-5.56e-01	2.08e-17
36:	-1.23e-32	2.08e-17
37:	5.56e-02	2.08e-17
New op index: 3
Current grad: 96.84760144649641
New op index: 25
Current grad: 6.007331239176856
New op index: 35
Current grad: 1.890120340732697
New op index: 18
Current grad: 95.40326403540134
New op index: 37
Current grad: 4.554338499098999
New op index: 9
Current grad: 0.4457356253894529
New op index: 12
Current grad: 50.79055609376357
New op index: 31
Current grad: 1.9988525652036746
New op index: 31
Current grad: 0.0033990183758467168
Adding the same operator twice is not sensible, terminating.
Calculating energies for FreeWilson2D(N_x=2, N_y=2, mass=-0.667, r=1.000)
h: 0.0
Prec 0.0
New op index: 25
Current grad: 7.333333333333324
0:	-6.67e-01	0.00e+00
1:	4.08e-17	0.00e+00
2:	-2.89e-34	0.00e+00
3:	1.67e-01	0.00e+00
4:	-1.02e-17	0.00e+00
5:	-7.90e-33	0.00e+00
6:	-1.67e-01	0.00e+00
7:	1.02e-17	0.00e+00
8:	6.84e-33	0.00e+00
9:	6.67e-01	-5.00e-01
10:	-4.08e-17	0.00e+00
11:	6.16e-33	-5.00e-01
12:	6.67e-01	-5.00e-01
13:	-4.08e-17	0.00e+00
14:	4.62e-33	-5.00e-01
15:	-1.67e-01	2.08e-15
16:	1.02e-17	2.10e-15
17:	-5.78e-34	1.39e-17
18:	1.67e-01	2.11e-15
19:	-1.02e-17	2.10e-15
20:	-2.12e-33	6.94e-18
21:	-6.67e-01	2.07e-15
22:	4.08e-17	2.10e-15
23:	-5.97e-33	1.39e-17
24:	-7.70e-34	0.00e+00
25:	8.33e-01	0.00e+00
26:	3.08e-33	0.00e+00
27:	-3.33e-01	0.00e+00
28:	9.63e-33	-5.00e-01
29:	8.33e-01	-5.00e-01
30:	-1.54e-33	6.94e-18
31:	0.00e+00	-2.00e+00
32:	0.00e+00	-5.00e-01
33:	-8.33e-01	-5.00e-01
34:	1.23e-32	2.08e-17
35:	3.33e-01	2.08e-17
36:	-1.23e-32	2.08e-17
37:	-8.33e-01	2.08e-17
New op index: 0
Current grad: 65.76120529744567
New op index: 25
Current grad: 9.59077234498234
New op index: 29
Current grad: 6.837491850661438
New op index: 9
Current grad: 86.82281317306304
New op index: 29
Current grad: 7.464989238851858
New op index: 31
Current grad: 4.670372195618844
New op index: 37
Current grad: 3.139112644903062
New op index: 21
Current grad: 61.52703530672881
New op index: 37
Current grad: 5.256083656678058
New op index: 15
Current grad: 2.2279240901100525
New op index: 9
Current grad: 70.95450894973727
New op index: 6
Current grad: 0.009742333798401373
New op index: 12
Current grad: 0.009572499524971174
New op index: 9
Current grad: 0.0064093601721712055
Adding the same operator twice is not sensible, terminating.
Calculating energies for FreeWilson2D(N_x=2, N_y=2, mass=0.222, r=1.000)
h: 0.0
Prec 0.0
New op index: 25
Current grad: 16.222222222222204
0:	-1.11e+00	0.00e+00
1:	6.80e-17	0.00e+00
2:	-2.89e-34	0.00e+00
3:	6.11e-01	0.00e+00
4:	-3.74e-17	0.00e+00
5:	-7.90e-33	0.00e+00
6:	-6.11e-01	0.00e+00
7:	3.74e-17	0.00e+00
8:	6.84e-33	0.00e+00
9:	1.11e+00	-5.00e-01
10:	-6.80e-17	0.00e+00
11:	6.16e-33	-5.00e-01
12:	1.11e+00	-5.00e-01
13:	-6.80e-17	0.00e+00
14:	4.62e-33	-5.00e-01
15:	-6.11e-01	2.07e-15
16:	3.74e-17	2.10e-15
17:	-5.78e-34	1.39e-17
18:	6.11e-01	2.11e-15
19:	-3.74e-17	2.10e-15
20:	-2.12e-33	6.94e-18
21:	-1.11e+00	2.07e-15
22:	6.80e-17	2.09e-15
23:	-5.97e-33	1.39e-17
24:	-7.70e-34	0.00e+00
25:	1.72e+00	0.00e+00
26:	3.08e-33	0.00e+00
27:	-1.22e+00	0.00e+00
28:	-2.70e-33	-5.00e-01
29:	1.72e+00	-5.00e-01
30:	-1.54e-33	6.94e-18
31:	0.00e+00	-2.00e+00
32:	0.00e+00	-5.00e-01
33:	-1.72e+00	-5.00e-01
34:	0.00e+00	2.08e-17
35:	1.22e+00	2.08e-17
36:	0.00e+00	2.08e-17
37:	-1.72e+00	2.08e-17
New op index: 0
Current grad: 78.64174262485206
New op index: 25
Current grad: 17.612731152031376
New op index: 29
Current grad: 13.057050993739514
New op index: 9
Current grad: 87.67529969881338
New op index: 29
Current grad: 13.840932889413002
New op index: 33
Current grad: 9.114255118846039
New op index: 12
Current grad: 71.04466206377563
New op index: 33
Current grad: 10.463265071228253
New op index: 37
Current grad: 4.944540541737483
New op index: 21
Current grad: 72.29771650619907
New op index: 37
Current grad: 5.634260466925323
New op index: 9
Current grad: 0.0293451841580052
New op index: 9
Current grad: 0.010773258595819455
Adding the same operator twice is not sensible, terminating.
Calculating energies for FreeWilson2D(N_x=2, N_y=2, mass=1.111, r=1.000)
h: 0.0
Prec 0.0
New op index: 25
Current grad: 25.111111111111086
0:	-1.56e+00	0.00e+00
1:	9.53e-17	0.00e+00
2:	-2.89e-34	0.00e+00
3:	1.06e+00	0.00e+00
4:	-6.46e-17	0.00e+00
5:	-7.90e-33	0.00e+00
6:	-1.06e+00	0.00e+00
7:	6.46e-17	0.00e+00
8:	6.84e-33	0.00e+00
9:	1.56e+00	-5.00e-01
10:	-9.53e-17	0.00e+00
11:	6.16e-33	-5.00e-01
12:	1.56e+00	-5.00e-01
13:	-9.53e-17	0.00e+00
14:	4.62e-33	-5.00e-01
15:	-1.06e+00	2.07e-15
16:	6.46e-17	2.10e-15
17:	-5.78e-34	1.39e-17
18:	1.06e+00	2.11e-15
19:	-6.46e-17	2.11e-15
20:	-2.12e-33	6.94e-18
21:	-1.56e+00	2.06e-15
22:	9.53e-17	2.09e-15
23:	-5.97e-33	1.39e-17
24:	-7.70e-34	0.00e+00
25:	2.61e+00	0.00e+00
26:	3.08e-33	0.00e+00
27:	-2.11e+00	0.00e+00
28:	-2.70e-33	-5.00e-01
29:	2.61e+00	-5.00e-01
30:	-1.54e-33	6.94e-18
31:	0.00e+00	-2.00e+00
32:	0.00e+00	-5.00e-01
33:	-2.61e+00	-5.00e-01
34:	0.00e+00	2.08e-17
35:	2.11e+00	2.08e-17
36:	-2.47e-32	2.08e-17
37:	-2.61e+00	2.08e-17
New op index: 0
Current grad: 88.16529615614841
New op index: 25
Current grad: 26.023062320005618
New op index: 29
Current grad: 19.289984884670346
New op index: 9
Current grad: 90.99978992062938
New op index: 29
Current grad: 20.274066218303766
New op index: 37
Current grad: 13.582302176922466
New op index: 21
Current grad: 76.65855537724323
New op index: 37
Current grad: 14.477850257415335
New op index: 33
Current grad: 7.732101878338039
New op index: 12
Current grad: 73.46685403758215
New op index: 33
Current grad: 8.529173293116427
New op index: 15
Current grad: 0.004524975785253571
New op index: 12
Current grad: 0.0013383020762665913
New op index: 33
Current grad: 0.00019620024484277518
Precision cutoff reached.
Calculating energies for FreeWilson2D(N_x=2, N_y=2, mass=2.000, r=1.000)
h: 0.0
Prec 0.0
New op index: 25
Current grad: 33.99999999999997
0:	-2.00e+00	0.00e+00
1:	1.22e-16	0.00e+00
2:	-2.89e-34	0.00e+00
3:	1.50e+00	0.00e+00
4:	-9.18e-17	0.00e+00
5:	-7.90e-33	0.00e+00
6:	-1.50e+00	0.00e+00
7:	9.18e-17	0.00e+00
8:	6.84e-33	0.00e+00
9:	2.00e+00	-5.00e-01
10:	-1.22e-16	0.00e+00
11:	6.16e-33	-5.00e-01
12:	2.00e+00	-5.00e-01
13:	-1.22e-16	0.00e+00
14:	4.62e-33	-5.00e-01
15:	-1.50e+00	2.07e-15
16:	9.18e-17	2.10e-15
17:	-5.78e-34	1.39e-17
18:	1.50e+00	2.12e-15
19:	-9.18e-17	2.11e-15
20:	-2.12e-33	6.94e-18
21:	-2.00e+00	2.06e-15
22:	1.22e-16	2.09e-15
23:	-5.97e-33	1.39e-17
24:	-7.70e-34	0.00e+00
25:	3.50e+00	0.00e+00
26:	3.08e-33	0.00e+00
27:	-3.00e+00	0.00e+00
28:	-2.70e-33	-5.00e-01
29:	3.50e+00	-5.00e-01
30:	-1.54e-33	6.94e-18
31:	0.00e+00	-2.00e+00
32:	0.00e+00	-5.00e-01
33:	-3.50e+00	-5.00e-01
34:	0.00e+00	2.08e-17
35:	3.00e+00	2.08e-17
36:	0.00e+00	2.08e-17
37:	-3.50e+00	2.08e-17
New op index: 3
Current grad: 105.435717474921
New op index: 25
Current grad: 34.39032680644675
New op index: 29
Current grad: 25.500023028986597
New op index: 6
Current grad: 87.23423885673967
New op index: 29
Current grad: 26.751987589915064
New op index: 37
Current grad: 18.021217815882274
New op index: 18
Current grad: 89.41806049092327
New op index: 37
Current grad: 18.394817473517076
New op index: 33
Current grad: 9.525799334402485
New op index: 12
Current grad: 74.05679102185407
New op index: 33
Current grad: 10.5184362293078
New op index: 0
Current grad: 0.0017449868528272103
New op index: 0
Current grad: 0.0017449868528272103
Adding the same operator twice is not sensible, terminating.
-----Beginning pprint-----
/:
	Attributes:
		ProcessId: 23771123
	2025-10-28_15-29-20-23771123:
		Attributes:
			HamiltonianType: ZeroChargePenalty
			Last-Modified: 2025-10-28_15-29-20
			ProcessId: 23771123
			SimulatorType: Statevector
			SolverName: AdaptVQE
			SystemName: FreeWilson2D
			n_x: 2
			n_y: 2
			r: 1.0
		AdaptOptions:
			Attributes:
				gradient_hamiltonian_type: HamiltonianType.ZeroChargePenalty
				max_depth: 30
				prec_cutoff: 0.001
				precision: 0
		AnsatzOperatorDerivatives: Dataset (dtype=float64, shape=(10, 15, 38), maxshape=(10, None, 38))
			Attributes:
				DIMENSION_LABELS: ['mass' 'AnsatzOperatorAxis' 'AnsatzPoolOperatorAxis']
				NDataDims: 2
		AnsatzOperatorSecondDerivatives: Dataset (dtype=float64, shape=(10, 15, 38), maxshape=(10, None, 38))
			Attributes:
				DIMENSION_LABELS: ['mass' 'AnsatzOperatorAxis' 'AnsatzPoolOperatorAxis']
				NDataDims: 2
		AnsatzOperators: Dataset (dtype=int64, shape=(10, 14), maxshape=(10, None))
			Attributes:
				DIMENSION_LABELS: ['mass' 'AnsatzOperatorAxis']
				NDataDims: 1
		Circuit:
			Attributes:
				Ansatz: HardwareAdaptAnsatz8
			AnsatzOptions:
				Attributes:
					num_qubits: 8
		CircuitParameters: Dataset (dtype=float64, shape=(10, 1260, 14), maxshape=(10, None, None))
			Attributes:
				DIMENSION_LABELS: ['mass' 'IterationAxis' 'CircuitParameterAxis']
				NDataDims: 2
		Data:
			Attributes:
			evs:
				Attributes:
				Hamiltonian: Dataset (dtype=float64, shape=(10, 1260), maxshape=(10, None))
					Attributes:
						DIMENSION_LABELS: ['mass' 'IterationAxis']
						NDataDims: 1
			stds:
				Attributes:
				Hamiltonian: Dataset (dtype=float64, shape=(10, 1260), maxshape=(10, None))
					Attributes:
						DIMENSION_LABELS: ['mass' 'IterationAxis']
						NDataDims: 1
		EstimatorOptions:
			Attributes:
				_VERSION: 2
				default_precision: Unset
				default_shots: Unset
				experimental: Unset
				max_execution_time: Unset
				resilience_level: Unset
				seed_estimator: 23771123
			dynamical_decoupling:
				Attributes:
					enable: Unset
					extra_slack_distribution: Unset
					scheduling_method: Unset
					sequence_type: Unset
					skip_reset_qubits: Unset
			environment:
				Attributes:
					callback: None
					job_tags: None
					log_level: WARNING
					private: False
			execution:
				Attributes:
					init_qubits: Unset
					rep_delay: Unset
			resilience:
				Attributes:
					layer_noise_model: Unset
					measure_mitigation: Unset
					pec_mitigation: Unset
					zne_mitigation: Unset
				layer_noise_learning:
					Attributes:
						layer_pair_depths: Unset
						max_layers_to_learn: Unset
						num_randomizations: Unset
						shots_per_randomization: Unset
				measure_noise_learning:
					Attributes:
						num_randomizations: Unset
						shots_per_randomization: Unset
				pec:
					Attributes:
						max_overhead: Unset
						noise_gain: Unset
				zne:
					Attributes:
						amplifier: Unset
						extrapolated_noise_factors: Unset
						extrapolator: Unset
						noise_factors: Unset
			simulator:
				Attributes:
					basis_gates: Unset
					coupling_map: Unset
					noise_model: Unset
					seed_simulator: Unset
			twirling:
				Attributes:
					enable_gates: Unset
					enable_measure: Unset
					num_randomizations: Unset
					shots_per_randomization: Unset
					strategy: Unset
		MetaData:
			Attributes:
			circuit_metadata: Dataset (dtype=object, shape=(10, 1260), maxshape=(10, None))
				Attributes:
					DIMENSION_LABELS: ['mass' 'IterationAxis']
					NDataDims: 1
			target_precision: Dataset (dtype=float64, shape=(10, 1260), maxshape=(10, None))
				Attributes:
					DIMENSION_LABELS: ['mass' 'IterationAxis']
					NDataDims: 1
			version: Dataset (dtype=int64, shape=(10, 1260), maxshape=(10, None))
				Attributes:
					DIMENSION_LABELS: ['mass' 'IterationAxis']
					NDataDims: 1
		NIterations: Dataset (dtype=int64, shape=(10,), maxshape=(10,))
			Attributes:
				DIMENSION_LABELS: ['mass']
				NDataDims: 0
		OptimizerOptions:
			Attributes:
				bounds: None
				callback: None
				constraints: []
				method: slsqp
				tol: None
				x0Seed: 23771123
			options:
				Attributes:
					disp: 0
					maxiter: 20000
		PresetPassManagerOptions:
			Attributes:
		SimulatorOptions:
			Attributes:
		StartIterations: Dataset (dtype=int64, shape=(10, 14), maxshape=(10, None))
			Attributes:
				DIMENSION_LABELS: ['mass' 'AnsatzOperatorAxis']
				NDataDims: 1
		VersionInfo:
			Attributes:
				QiskitAerVersion: 0.17.1
				QiskitIBMRuntimeVersion: 0.41.1
				QiskitVersion: 2.1.2
		mass: Dataset (dtype=float64, shape=(10,), maxshape=(10,))
			Attributes:
-----Ending pprint-----
End 2025-10-28 15:30:29 | 23771123 MyPyJob | node073 | /home/s6nidich_hpc/PycharmProjects/QC-MasterThesis 

