Start 2025-11-14 17:47:22 | 23886472 MyPyJob | lmnode197 | /home/s6nidich_hpc/PycharmProjects/QC-MasterThesis 

Used python interpreter:
/home/s6nidich_hpc/PycharmProjects/QC-MasterThesis/.venv_intel_3_12_3/bin/python
Python version:
Python 3.12.3

Currently Loaded Modules:
  1) GCCcore/13.3.0                   7) Tcl/8.6.14-GCCcore-13.3.0
  2) zlib/1.3.1-GCCcore-13.3.0        8) SQLite/3.45.3-GCCcore-13.3.0
  3) binutils/2.42-GCCcore-13.3.0     9) XZ/5.4.5-GCCcore-13.3.0
  4) bzip2/1.0.8-GCCcore-13.3.0      10) libffi/3.4.5-GCCcore-13.3.0
  5) ncurses/6.5-GCCcore-13.3.0      11) OpenSSL/3
  6) libreadline/8.2-GCCcore-13.3.0  12) Python/3.12.3-GCCcore-13.3.0

 

Start of Program:

-----Beginning pprint-----
/:
	Attributes:
-----Ending pprint-----
Calculating energies for FreeWilson2D(N_x=2, N_y=2, mass=-6.000, r=1.000)
h_im: 0.0
New op index: 39	$R_{YX-XY}$(3)
Current grad: 4.440892098500626e-16
0:	0.00e+00	5.00e+01
1:	0.00e+00	5.00e+01
2:	0.00e+00	0.00e+00
3:	0.00e+00	5.00e+01
4:	0.00e+00	5.00e+01
5:	0.00e+00	0.00e+00
6:	0.00e+00	5.00e+01
7:	0.00e+00	5.00e+01
8:	0.00e+00	0.00e+00
9:	0.00e+00	5.00e+01
10:	0.00e+00	5.00e+01
11:	0.00e+00	0.00e+00
12:	0.00e+00	5.00e+01
13:	0.00e+00	5.00e+01
14:	0.00e+00	0.00e+00
15:	0.00e+00	5.00e+01
16:	0.00e+00	5.00e+01
17:	0.00e+00	0.00e+00
18:	0.00e+00	5.00e+01
19:	0.00e+00	5.00e+01
20:	0.00e+00	0.00e+00
21:	0.00e+00	5.00e+01
22:	0.00e+00	5.00e+01
23:	0.00e+00	0.00e+00
24:	0.00e+00	0.00e+00
25:	0.00e+00	8.00e+02
26:	0.00e+00	8.00e+02
27:	0.00e+00	0.00e+00
28:	0.00e+00	0.00e+00
29:	0.00e+00	8.00e+02
30:	0.00e+00	8.00e+02
31:	0.00e+00	0.00e+00
32:	0.00e+00	0.00e+00
33:	0.00e+00	8.00e+02
34:	0.00e+00	8.00e+02
35:	0.00e+00	0.00e+00
36:	0.00e+00	0.00e+00
37:	0.00e+00	0.00e+00
38:	0.00e+00	0.00e+00
39:	4.44e-16	0.00e+00
40:	0.00e+00	0.00e+00
41:	0.00e+00	8.00e+02
42:	0.00e+00	8.00e+02
43:	0.00e+00	0.00e+00
44:	0.00e+00	0.00e+00
45:	0.00e+00	8.00e+02
46:	0.00e+00	8.00e+02
47:	0.00e+00	0.00e+00
48:	0.00e+00	0.00e+00
49:	0.00e+00	8.00e+02
50:	0.00e+00	8.00e+02
51:	0.00e+00	0.00e+00
New op index: 10	$R_Y$(3)
Current grad: 1.6215659195163508e-14
Precision cutoff reached.
Calculating energies for FreeWilson2D(N_x=2, N_y=2, mass=-5.837, r=1.000)
h_im: 0.0
New op index: 39	$R_{YX-XY}$(3)
Current grad: 4.440892098500626e-16
0:	0.00e+00	5.00e+01
1:	0.00e+00	5.00e+01
2:	0.00e+00	0.00e+00
3:	0.00e+00	5.00e+01
4:	0.00e+00	5.00e+01
5:	0.00e+00	0.00e+00
6:	0.00e+00	5.00e+01
7:	0.00e+00	5.00e+01
8:	0.00e+00	0.00e+00
9:	0.00e+00	5.00e+01
10:	0.00e+00	5.00e+01
11:	0.00e+00	0.00e+00
12:	0.00e+00	5.00e+01
13:	0.00e+00	5.00e+01
14:	0.00e+00	0.00e+00
15:	0.00e+00	5.00e+01
16:	0.00e+00	5.00e+01
17:	0.00e+00	0.00e+00
18:	0.00e+00	5.00e+01
19:	0.00e+00	5.00e+01
20:	0.00e+00	0.00e+00
21:	0.00e+00	5.00e+01
22:	0.00e+00	5.00e+01
23:	0.00e+00	0.00e+00
24:	0.00e+00	0.00e+00
25:	0.00e+00	8.00e+02
26:	0.00e+00	8.00e+02
27:	0.00e+00	0.00e+00
28:	0.00e+00	0.00e+00
29:	0.00e+00	8.00e+02
30:	0.00e+00	8.00e+02
31:	0.00e+00	0.00e+00
32:	0.00e+00	0.00e+00
33:	0.00e+00	8.00e+02
34:	0.00e+00	8.00e+02
35:	0.00e+00	0.00e+00
36:	0.00e+00	0.00e+00
37:	0.00e+00	0.00e+00
38:	0.00e+00	0.00e+00
39:	4.44e-16	0.00e+00
40:	0.00e+00	0.00e+00
41:	0.00e+00	8.00e+02
42:	0.00e+00	8.00e+02
43:	0.00e+00	0.00e+00
44:	0.00e+00	0.00e+00
45:	0.00e+00	8.00e+02
46:	0.00e+00	8.00e+02
47:	0.00e+00	0.00e+00
48:	0.00e+00	0.00e+00
49:	0.00e+00	8.00e+02
50:	0.00e+00	8.00e+02
51:	0.00e+00	0.00e+00
New op index: 10	$R_Y$(3)
Current grad: 1.62220677358112e-14
Precision cutoff reached.
Calculating energies for FreeWilson2D(N_x=2, N_y=2, mass=-5.673, r=1.000)
h_im: 0.0
New op index: 39	$R_{YX-XY}$(3)
Current grad: 4.440892098500626e-16
0:	0.00e+00	5.00e+01
1:	0.00e+00	5.00e+01
2:	0.00e+00	0.00e+00
3:	0.00e+00	5.00e+01
4:	0.00e+00	5.00e+01
5:	0.00e+00	0.00e+00
6:	0.00e+00	5.00e+01
7:	0.00e+00	5.00e+01
8:	0.00e+00	0.00e+00
9:	0.00e+00	5.00e+01
10:	0.00e+00	5.00e+01
11:	0.00e+00	0.00e+00
12:	0.00e+00	5.00e+01
13:	0.00e+00	5.00e+01
14:	0.00e+00	0.00e+00
15:	0.00e+00	5.00e+01
16:	0.00e+00	5.00e+01
17:	0.00e+00	0.00e+00
18:	0.00e+00	5.00e+01
19:	0.00e+00	5.00e+01
20:	0.00e+00	0.00e+00
21:	0.00e+00	5.00e+01
22:	0.00e+00	5.00e+01
23:	0.00e+00	0.00e+00
24:	0.00e+00	0.00e+00
25:	0.00e+00	8.00e+02
26:	0.00e+00	8.00e+02
27:	0.00e+00	0.00e+00
28:	0.00e+00	0.00e+00
29:	0.00e+00	8.00e+02
30:	0.00e+00	8.00e+02
31:	0.00e+00	0.00e+00
32:	0.00e+00	0.00e+00
33:	0.00e+00	8.00e+02
34:	0.00e+00	8.00e+02
35:	0.00e+00	0.00e+00
36:	0.00e+00	0.00e+00
37:	0.00e+00	0.00e+00
38:	0.00e+00	0.00e+00
39:	4.44e-16	0.00e+00
40:	0.00e+00	0.00e+00
41:	0.00e+00	8.00e+02
42:	0.00e+00	8.00e+02
43:	0.00e+00	0.00e+00
44:	0.00e+00	0.00e+00
45:	0.00e+00	8.00e+02
46:	0.00e+00	8.00e+02
47:	0.00e+00	0.00e+00
48:	0.00e+00	0.00e+00
49:	0.00e+00	8.00e+02
50:	0.00e+00	8.00e+02
51:	0.00e+00	0.00e+00
New op index: 10	$R_Y$(3)
Current grad: 1.6228476276458886e-14
Precision cutoff reached.
Calculating energies for FreeWilson2D(N_x=2, N_y=2, mass=-5.510, r=1.000)
h_im: 0.0
New op index: 39	$R_{YX-XY}$(3)
Current grad: 4.440892098500626e-16
0:	0.00e+00	5.00e+01
1:	0.00e+00	5.00e+01
2:	0.00e+00	0.00e+00
3:	0.00e+00	5.00e+01
4:	0.00e+00	5.00e+01
5:	0.00e+00	0.00e+00
6:	0.00e+00	5.00e+01
7:	0.00e+00	5.00e+01
8:	0.00e+00	0.00e+00
9:	0.00e+00	5.00e+01
10:	0.00e+00	5.00e+01
11:	0.00e+00	0.00e+00
12:	0.00e+00	5.00e+01
13:	0.00e+00	5.00e+01
14:	0.00e+00	0.00e+00
15:	0.00e+00	5.00e+01
16:	0.00e+00	5.00e+01
17:	0.00e+00	0.00e+00
18:	0.00e+00	5.00e+01
19:	0.00e+00	5.00e+01
20:	0.00e+00	0.00e+00
21:	0.00e+00	5.00e+01
22:	0.00e+00	5.00e+01
23:	0.00e+00	0.00e+00
24:	0.00e+00	0.00e+00
25:	0.00e+00	8.00e+02
26:	0.00e+00	8.00e+02
27:	0.00e+00	0.00e+00
28:	0.00e+00	0.00e+00
29:	0.00e+00	8.00e+02
30:	0.00e+00	8.00e+02
31:	0.00e+00	0.00e+00
32:	0.00e+00	0.00e+00
33:	0.00e+00	8.00e+02
34:	0.00e+00	8.00e+02
35:	0.00e+00	0.00e+00
36:	0.00e+00	0.00e+00
37:	0.00e+00	0.00e+00
38:	0.00e+00	0.00e+00
39:	4.44e-16	0.00e+00
40:	0.00e+00	0.00e+00
41:	0.00e+00	8.00e+02
42:	0.00e+00	8.00e+02
43:	0.00e+00	0.00e+00
44:	0.00e+00	0.00e+00
45:	0.00e+00	8.00e+02
46:	0.00e+00	8.00e+02
47:	0.00e+00	0.00e+00
48:	0.00e+00	0.00e+00
49:	0.00e+00	8.00e+02
50:	0.00e+00	8.00e+02
51:	0.00e+00	0.00e+00
New op index: 10	$R_Y$(3)
Current grad: 1.6234884817106576e-14
Precision cutoff reached.
Calculating energies for FreeWilson2D(N_x=2, N_y=2, mass=-5.347, r=1.000)
h_im: 0.0
New op index: 39	$R_{YX-XY}$(3)
Current grad: 4.440892098500626e-16
0:	0.00e+00	5.00e+01
1:	0.00e+00	5.00e+01
2:	0.00e+00	0.00e+00
3:	0.00e+00	5.00e+01
4:	0.00e+00	5.00e+01
5:	0.00e+00	0.00e+00
6:	0.00e+00	5.00e+01
7:	0.00e+00	5.00e+01
8:	0.00e+00	0.00e+00
9:	0.00e+00	5.00e+01
10:	0.00e+00	5.00e+01
11:	0.00e+00	0.00e+00
12:	0.00e+00	5.00e+01
13:	0.00e+00	5.00e+01
14:	0.00e+00	0.00e+00
15:	0.00e+00	5.00e+01
16:	0.00e+00	5.00e+01
17:	0.00e+00	0.00e+00
18:	0.00e+00	5.00e+01
19:	0.00e+00	5.00e+01
20:	0.00e+00	0.00e+00
21:	0.00e+00	5.00e+01
22:	0.00e+00	5.00e+01
23:	0.00e+00	0.00e+00
24:	0.00e+00	0.00e+00
25:	0.00e+00	8.00e+02
26:	0.00e+00	8.00e+02
27:	0.00e+00	0.00e+00
28:	0.00e+00	0.00e+00
29:	0.00e+00	8.00e+02
30:	0.00e+00	8.00e+02
31:	0.00e+00	0.00e+00
32:	0.00e+00	0.00e+00
33:	0.00e+00	8.00e+02
34:	0.00e+00	8.00e+02
35:	0.00e+00	0.00e+00
36:	0.00e+00	0.00e+00
37:	0.00e+00	0.00e+00
38:	0.00e+00	0.00e+00
39:	4.44e-16	0.00e+00
40:	0.00e+00	0.00e+00
41:	0.00e+00	8.00e+02
42:	0.00e+00	8.00e+02
43:	0.00e+00	0.00e+00
44:	0.00e+00	0.00e+00
45:	0.00e+00	8.00e+02
46:	0.00e+00	8.00e+02
47:	0.00e+00	0.00e+00
48:	0.00e+00	0.00e+00
49:	0.00e+00	8.00e+02
50:	0.00e+00	8.00e+02
51:	0.00e+00	0.00e+00
New op index: 10	$R_Y$(3)
Current grad: 1.6241293357754264e-14
Precision cutoff reached.
Calculating energies for FreeWilson2D(N_x=2, N_y=2, mass=-5.184, r=1.000)
h_im: 0.0
New op index: 39	$R_{YX-XY}$(3)
Current grad: 4.440892098500626e-16
0:	0.00e+00	5.00e+01
1:	0.00e+00	5.00e+01
2:	0.00e+00	0.00e+00
3:	0.00e+00	5.00e+01
4:	0.00e+00	5.00e+01
5:	0.00e+00	0.00e+00
6:	0.00e+00	5.00e+01
7:	0.00e+00	5.00e+01
8:	0.00e+00	0.00e+00
9:	0.00e+00	5.00e+01
10:	0.00e+00	5.00e+01
11:	0.00e+00	0.00e+00
12:	0.00e+00	5.00e+01
13:	0.00e+00	5.00e+01
14:	0.00e+00	0.00e+00
15:	0.00e+00	5.00e+01
16:	0.00e+00	5.00e+01
17:	0.00e+00	0.00e+00
18:	0.00e+00	5.00e+01
19:	0.00e+00	5.00e+01
20:	0.00e+00	0.00e+00
21:	0.00e+00	5.00e+01
22:	0.00e+00	5.00e+01
23:	0.00e+00	0.00e+00
24:	0.00e+00	0.00e+00
25:	0.00e+00	8.00e+02
26:	0.00e+00	8.00e+02
27:	0.00e+00	0.00e+00
28:	0.00e+00	0.00e+00
29:	0.00e+00	8.00e+02
30:	0.00e+00	8.00e+02
31:	0.00e+00	0.00e+00
32:	0.00e+00	0.00e+00
33:	0.00e+00	8.00e+02
34:	0.00e+00	8.00e+02
35:	0.00e+00	0.00e+00
36:	0.00e+00	0.00e+00
37:	0.00e+00	0.00e+00
38:	0.00e+00	0.00e+00
39:	4.44e-16	0.00e+00
40:	0.00e+00	0.00e+00
41:	0.00e+00	8.00e+02
42:	0.00e+00	8.00e+02
43:	0.00e+00	0.00e+00
44:	0.00e+00	0.00e+00
45:	0.00e+00	8.00e+02
46:	0.00e+00	8.00e+02
47:	0.00e+00	0.00e+00
48:	0.00e+00	0.00e+00
49:	0.00e+00	8.00e+02
50:	0.00e+00	8.00e+02
51:	0.00e+00	0.00e+00
New op index: 10	$R_Y$(3)
Current grad: 1.6247701898401955e-14
Precision cutoff reached.
Calculating energies for FreeWilson2D(N_x=2, N_y=2, mass=-5.020, r=1.000)
h_im: 0.0
New op index: 39	$R_{YX-XY}$(3)
Current grad: 4.440892098500626e-16
0:	0.00e+00	5.00e+01
1:	0.00e+00	5.00e+01
2:	0.00e+00	0.00e+00
3:	0.00e+00	5.00e+01
4:	0.00e+00	5.00e+01
5:	0.00e+00	0.00e+00
6:	0.00e+00	5.00e+01
7:	0.00e+00	5.00e+01
8:	0.00e+00	0.00e+00
9:	0.00e+00	5.00e+01
10:	0.00e+00	5.00e+01
11:	0.00e+00	0.00e+00
12:	0.00e+00	5.00e+01
13:	0.00e+00	5.00e+01
14:	0.00e+00	0.00e+00
15:	0.00e+00	5.00e+01
16:	0.00e+00	5.00e+01
17:	0.00e+00	0.00e+00
18:	0.00e+00	5.00e+01
19:	0.00e+00	5.00e+01
20:	0.00e+00	0.00e+00
21:	0.00e+00	5.00e+01
22:	0.00e+00	5.00e+01
23:	0.00e+00	0.00e+00
24:	0.00e+00	0.00e+00
25:	0.00e+00	8.00e+02
26:	0.00e+00	8.00e+02
27:	0.00e+00	0.00e+00
28:	0.00e+00	0.00e+00
29:	0.00e+00	8.00e+02
30:	0.00e+00	8.00e+02
31:	0.00e+00	0.00e+00
32:	0.00e+00	0.00e+00
33:	0.00e+00	8.00e+02
34:	0.00e+00	8.00e+02
35:	0.00e+00	0.00e+00
36:	0.00e+00	0.00e+00
37:	0.00e+00	0.00e+00
38:	0.00e+00	0.00e+00
39:	4.44e-16	0.00e+00
40:	0.00e+00	0.00e+00
41:	0.00e+00	8.00e+02
42:	0.00e+00	8.00e+02
43:	0.00e+00	0.00e+00
44:	0.00e+00	0.00e+00
45:	0.00e+00	8.00e+02
46:	0.00e+00	8.00e+02
47:	0.00e+00	0.00e+00
48:	0.00e+00	0.00e+00
49:	0.00e+00	8.00e+02
50:	0.00e+00	8.00e+02
51:	0.00e+00	0.00e+00
New op index: 10	$R_Y$(3)
Current grad: 1.6254110439049642e-14
Precision cutoff reached.
Calculating energies for FreeWilson2D(N_x=2, N_y=2, mass=-4.857, r=1.000)
h_im: 0.0
New op index: 39	$R_{YX-XY}$(3)
Current grad: 4.440892098500626e-16
0:	0.00e+00	5.00e+01
1:	0.00e+00	5.00e+01
2:	0.00e+00	0.00e+00
3:	0.00e+00	5.00e+01
4:	0.00e+00	5.00e+01
5:	0.00e+00	0.00e+00
6:	0.00e+00	5.00e+01
7:	0.00e+00	5.00e+01
8:	0.00e+00	0.00e+00
9:	0.00e+00	5.00e+01
10:	0.00e+00	5.00e+01
11:	0.00e+00	0.00e+00
12:	0.00e+00	5.00e+01
13:	0.00e+00	5.00e+01
14:	0.00e+00	0.00e+00
15:	0.00e+00	5.00e+01
16:	0.00e+00	5.00e+01
17:	0.00e+00	0.00e+00
18:	0.00e+00	5.00e+01
19:	0.00e+00	5.00e+01
20:	0.00e+00	0.00e+00
21:	0.00e+00	5.00e+01
22:	0.00e+00	5.00e+01
23:	0.00e+00	0.00e+00
24:	0.00e+00	0.00e+00
25:	0.00e+00	8.00e+02
26:	0.00e+00	8.00e+02
27:	0.00e+00	0.00e+00
28:	0.00e+00	0.00e+00
29:	0.00e+00	8.00e+02
30:	0.00e+00	8.00e+02
31:	0.00e+00	0.00e+00
32:	0.00e+00	0.00e+00
33:	0.00e+00	8.00e+02
34:	0.00e+00	8.00e+02
35:	0.00e+00	0.00e+00
36:	0.00e+00	0.00e+00
37:	0.00e+00	0.00e+00
38:	0.00e+00	0.00e+00
39:	4.44e-16	0.00e+00
40:	0.00e+00	0.00e+00
41:	0.00e+00	8.00e+02
42:	0.00e+00	8.00e+02
43:	0.00e+00	0.00e+00
44:	0.00e+00	0.00e+00
45:	0.00e+00	8.00e+02
46:	0.00e+00	8.00e+02
47:	0.00e+00	0.00e+00
48:	0.00e+00	0.00e+00
49:	0.00e+00	8.00e+02
50:	0.00e+00	8.00e+02
51:	0.00e+00	0.00e+00
New op index: 10	$R_Y$(3)
Current grad: 1.6260518979697333e-14
Precision cutoff reached.
Calculating energies for FreeWilson2D(N_x=2, N_y=2, mass=-4.694, r=1.000)
h_im: 0.0
New op index: 39	$R_{YX-XY}$(3)
Current grad: 4.440892098500626e-16
0:	0.00e+00	5.00e+01
1:	0.00e+00	5.00e+01
2:	0.00e+00	0.00e+00
3:	0.00e+00	5.00e+01
4:	0.00e+00	5.00e+01
5:	0.00e+00	0.00e+00
6:	0.00e+00	5.00e+01
7:	0.00e+00	5.00e+01
8:	0.00e+00	0.00e+00
9:	0.00e+00	5.00e+01
10:	0.00e+00	5.00e+01
11:	0.00e+00	0.00e+00
12:	0.00e+00	5.00e+01
13:	0.00e+00	5.00e+01
14:	0.00e+00	0.00e+00
15:	0.00e+00	5.00e+01
16:	0.00e+00	5.00e+01
17:	0.00e+00	0.00e+00
18:	0.00e+00	5.00e+01
19:	0.00e+00	5.00e+01
20:	0.00e+00	0.00e+00
21:	0.00e+00	5.00e+01
22:	0.00e+00	5.00e+01
23:	0.00e+00	0.00e+00
24:	0.00e+00	0.00e+00
25:	0.00e+00	8.00e+02
26:	0.00e+00	8.00e+02
27:	0.00e+00	0.00e+00
28:	0.00e+00	0.00e+00
29:	0.00e+00	8.00e+02
30:	0.00e+00	8.00e+02
31:	0.00e+00	0.00e+00
32:	0.00e+00	0.00e+00
33:	0.00e+00	8.00e+02
34:	0.00e+00	8.00e+02
35:	0.00e+00	0.00e+00
36:	0.00e+00	0.00e+00
37:	0.00e+00	0.00e+00
38:	0.00e+00	0.00e+00
39:	4.44e-16	0.00e+00
40:	0.00e+00	0.00e+00
41:	0.00e+00	8.00e+02
42:	0.00e+00	8.00e+02
43:	0.00e+00	0.00e+00
44:	0.00e+00	0.00e+00
45:	0.00e+00	8.00e+02
46:	0.00e+00	8.00e+02
47:	0.00e+00	0.00e+00
48:	0.00e+00	0.00e+00
49:	0.00e+00	8.00e+02
50:	0.00e+00	8.00e+02
51:	0.00e+00	0.00e+00
New op index: 10	$R_Y$(3)
Current grad: 1.626692752034502e-14
Precision cutoff reached.
Calculating energies for FreeWilson2D(N_x=2, N_y=2, mass=-4.531, r=1.000)
h_im: 0.0
New op index: 39	$R_{YX-XY}$(3)
Current grad: 4.440892098500626e-16
0:	0.00e+00	5.00e+01
1:	0.00e+00	5.00e+01
2:	0.00e+00	0.00e+00
3:	0.00e+00	5.00e+01
4:	0.00e+00	5.00e+01
5:	0.00e+00	0.00e+00
6:	0.00e+00	5.00e+01
7:	0.00e+00	5.00e+01
8:	0.00e+00	0.00e+00
9:	0.00e+00	5.00e+01
10:	0.00e+00	5.00e+01
11:	0.00e+00	0.00e+00
12:	0.00e+00	5.00e+01
13:	0.00e+00	5.00e+01
14:	0.00e+00	0.00e+00
15:	0.00e+00	5.00e+01
16:	0.00e+00	5.00e+01
17:	0.00e+00	0.00e+00
18:	0.00e+00	5.00e+01
19:	0.00e+00	5.00e+01
20:	0.00e+00	0.00e+00
21:	0.00e+00	5.00e+01
22:	0.00e+00	5.00e+01
23:	0.00e+00	0.00e+00
24:	0.00e+00	0.00e+00
25:	0.00e+00	8.00e+02
26:	0.00e+00	8.00e+02
27:	0.00e+00	0.00e+00
28:	0.00e+00	0.00e+00
29:	0.00e+00	8.00e+02
30:	0.00e+00	8.00e+02
31:	0.00e+00	0.00e+00
32:	0.00e+00	0.00e+00
33:	0.00e+00	8.00e+02
34:	0.00e+00	8.00e+02
35:	0.00e+00	0.00e+00
36:	0.00e+00	0.00e+00
37:	0.00e+00	0.00e+00
38:	0.00e+00	0.00e+00
39:	4.44e-16	0.00e+00
40:	0.00e+00	0.00e+00
41:	0.00e+00	8.00e+02
42:	0.00e+00	8.00e+02
43:	0.00e+00	0.00e+00
44:	0.00e+00	0.00e+00
45:	0.00e+00	8.00e+02
46:	0.00e+00	8.00e+02
47:	0.00e+00	0.00e+00
48:	0.00e+00	0.00e+00
49:	0.00e+00	8.00e+02
50:	0.00e+00	8.00e+02
51:	0.00e+00	0.00e+00
New op index: 10	$R_Y$(3)
Current grad: 1.6273336060992707e-14
Precision cutoff reached.
Calculating energies for FreeWilson2D(N_x=2, N_y=2, mass=-4.367, r=1.000)
h_im: 0.0
New op index: 39	$R_{YX-XY}$(3)
Current grad: 4.440892098500626e-16
0:	0.00e+00	5.00e+01
1:	0.00e+00	5.00e+01
2:	0.00e+00	0.00e+00
3:	0.00e+00	5.00e+01
4:	0.00e+00	5.00e+01
5:	0.00e+00	0.00e+00
6:	0.00e+00	5.00e+01
7:	0.00e+00	5.00e+01
8:	0.00e+00	0.00e+00
9:	0.00e+00	5.00e+01
10:	0.00e+00	5.00e+01
11:	0.00e+00	0.00e+00
12:	0.00e+00	5.00e+01
13:	0.00e+00	5.00e+01
14:	0.00e+00	0.00e+00
15:	0.00e+00	5.00e+01
16:	0.00e+00	5.00e+01
17:	0.00e+00	0.00e+00
18:	0.00e+00	5.00e+01
19:	0.00e+00	5.00e+01
20:	0.00e+00	0.00e+00
21:	0.00e+00	5.00e+01
22:	0.00e+00	5.00e+01
23:	0.00e+00	0.00e+00
24:	0.00e+00	0.00e+00
25:	0.00e+00	8.00e+02
26:	0.00e+00	8.00e+02
27:	0.00e+00	0.00e+00
28:	0.00e+00	0.00e+00
29:	0.00e+00	8.00e+02
30:	0.00e+00	8.00e+02
31:	0.00e+00	0.00e+00
32:	0.00e+00	0.00e+00
33:	0.00e+00	8.00e+02
34:	0.00e+00	8.00e+02
35:	0.00e+00	0.00e+00
36:	0.00e+00	0.00e+00
37:	0.00e+00	0.00e+00
38:	0.00e+00	0.00e+00
39:	4.44e-16	0.00e+00
40:	0.00e+00	0.00e+00
41:	0.00e+00	8.00e+02
42:	0.00e+00	8.00e+02
43:	0.00e+00	0.00e+00
44:	0.00e+00	0.00e+00
45:	0.00e+00	8.00e+02
46:	0.00e+00	8.00e+02
47:	0.00e+00	0.00e+00
48:	0.00e+00	0.00e+00
49:	0.00e+00	8.00e+02
50:	0.00e+00	8.00e+02
51:	0.00e+00	0.00e+00
New op index: 10	$R_Y$(3)
Current grad: 1.6279744601640398e-14
Precision cutoff reached.
Calculating energies for FreeWilson2D(N_x=2, N_y=2, mass=-4.204, r=1.000)
h_im: 0.0
New op index: 39	$R_{YX-XY}$(3)
Current grad: 4.440892098500626e-16
0:	0.00e+00	5.00e+01
1:	0.00e+00	5.00e+01
2:	0.00e+00	0.00e+00
3:	0.00e+00	5.00e+01
4:	0.00e+00	5.00e+01
5:	0.00e+00	0.00e+00
6:	0.00e+00	5.00e+01
7:	0.00e+00	5.00e+01
8:	0.00e+00	0.00e+00
9:	0.00e+00	5.00e+01
10:	0.00e+00	5.00e+01
11:	0.00e+00	0.00e+00
12:	0.00e+00	5.00e+01
13:	0.00e+00	5.00e+01
14:	0.00e+00	0.00e+00
15:	0.00e+00	5.00e+01
16:	0.00e+00	5.00e+01
17:	0.00e+00	0.00e+00
18:	0.00e+00	5.00e+01
19:	0.00e+00	5.00e+01
20:	0.00e+00	0.00e+00
21:	0.00e+00	5.00e+01
22:	0.00e+00	5.00e+01
23:	0.00e+00	0.00e+00
24:	0.00e+00	0.00e+00
25:	0.00e+00	8.00e+02
26:	0.00e+00	8.00e+02
27:	0.00e+00	0.00e+00
28:	0.00e+00	0.00e+00
29:	0.00e+00	8.00e+02
30:	0.00e+00	8.00e+02
31:	0.00e+00	0.00e+00
32:	0.00e+00	0.00e+00
33:	0.00e+00	8.00e+02
34:	0.00e+00	8.00e+02
35:	0.00e+00	0.00e+00
36:	0.00e+00	0.00e+00
37:	0.00e+00	0.00e+00
38:	0.00e+00	0.00e+00
39:	4.44e-16	0.00e+00
40:	0.00e+00	0.00e+00
41:	0.00e+00	8.00e+02
42:	0.00e+00	8.00e+02
43:	0.00e+00	0.00e+00
44:	0.00e+00	0.00e+00
45:	0.00e+00	8.00e+02
46:	0.00e+00	8.00e+02
47:	0.00e+00	0.00e+00
48:	0.00e+00	0.00e+00
49:	0.00e+00	8.00e+02
50:	0.00e+00	8.00e+02
51:	0.00e+00	0.00e+00
New op index: 10	$R_Y$(3)
Current grad: 1.6286153142288086e-14
Precision cutoff reached.
Calculating energies for FreeWilson2D(N_x=2, N_y=2, mass=-4.041, r=1.000)
h_im: 0.0
New op index: 39	$R_{YX-XY}$(3)
Current grad: 4.440892098500626e-16
0:	0.00e+00	5.00e+01
1:	0.00e+00	5.00e+01
2:	0.00e+00	0.00e+00
3:	0.00e+00	5.00e+01
4:	0.00e+00	5.00e+01
5:	0.00e+00	0.00e+00
6:	0.00e+00	5.00e+01
7:	0.00e+00	5.00e+01
8:	0.00e+00	0.00e+00
9:	0.00e+00	5.00e+01
10:	0.00e+00	5.00e+01
11:	0.00e+00	0.00e+00
12:	0.00e+00	5.00e+01
13:	0.00e+00	5.00e+01
14:	0.00e+00	0.00e+00
15:	0.00e+00	5.00e+01
16:	0.00e+00	5.00e+01
17:	0.00e+00	0.00e+00
18:	0.00e+00	5.00e+01
19:	0.00e+00	5.00e+01
20:	0.00e+00	0.00e+00
21:	0.00e+00	5.00e+01
22:	0.00e+00	5.00e+01
23:	0.00e+00	0.00e+00
24:	0.00e+00	0.00e+00
25:	0.00e+00	8.00e+02
26:	0.00e+00	8.00e+02
27:	0.00e+00	0.00e+00
28:	0.00e+00	0.00e+00
29:	0.00e+00	8.00e+02
30:	0.00e+00	8.00e+02
31:	0.00e+00	0.00e+00
32:	0.00e+00	0.00e+00
33:	0.00e+00	8.00e+02
34:	0.00e+00	8.00e+02
35:	0.00e+00	0.00e+00
36:	0.00e+00	0.00e+00
37:	0.00e+00	0.00e+00
38:	0.00e+00	0.00e+00
39:	4.44e-16	0.00e+00
40:	0.00e+00	0.00e+00
41:	0.00e+00	8.00e+02
42:	0.00e+00	8.00e+02
43:	0.00e+00	0.00e+00
44:	0.00e+00	0.00e+00
45:	0.00e+00	8.00e+02
46:	0.00e+00	8.00e+02
47:	0.00e+00	0.00e+00
48:	0.00e+00	0.00e+00
49:	0.00e+00	8.00e+02
50:	0.00e+00	8.00e+02
51:	0.00e+00	0.00e+00
New op index: 10	$R_Y$(3)
Current grad: 1.6292561682935776e-14
Precision cutoff reached.
Calculating energies for FreeWilson2D(N_x=2, N_y=2, mass=-3.878, r=1.000)
h_im: 0.0
New op index: 39	$R_{YX-XY}$(3)
Current grad: 4.440892098500626e-16
0:	0.00e+00	5.00e+01
1:	0.00e+00	5.00e+01
2:	0.00e+00	0.00e+00
3:	0.00e+00	5.00e+01
4:	0.00e+00	5.00e+01
5:	0.00e+00	0.00e+00
6:	0.00e+00	5.00e+01
7:	0.00e+00	5.00e+01
8:	0.00e+00	0.00e+00
9:	0.00e+00	5.00e+01
10:	0.00e+00	5.00e+01
11:	0.00e+00	0.00e+00
12:	0.00e+00	5.00e+01
13:	0.00e+00	5.00e+01
14:	0.00e+00	0.00e+00
15:	0.00e+00	5.00e+01
16:	0.00e+00	5.00e+01
17:	0.00e+00	0.00e+00
18:	0.00e+00	5.00e+01
19:	0.00e+00	5.00e+01
20:	0.00e+00	0.00e+00
21:	0.00e+00	5.00e+01
22:	0.00e+00	5.00e+01
23:	0.00e+00	0.00e+00
24:	0.00e+00	0.00e+00
25:	0.00e+00	8.00e+02
26:	0.00e+00	8.00e+02
27:	0.00e+00	0.00e+00
28:	0.00e+00	0.00e+00
29:	0.00e+00	8.00e+02
30:	0.00e+00	8.00e+02
31:	0.00e+00	0.00e+00
32:	0.00e+00	0.00e+00
33:	0.00e+00	8.00e+02
34:	0.00e+00	8.00e+02
35:	0.00e+00	0.00e+00
36:	0.00e+00	0.00e+00
37:	0.00e+00	0.00e+00
38:	0.00e+00	0.00e+00
39:	4.44e-16	0.00e+00
40:	0.00e+00	0.00e+00
41:	0.00e+00	8.00e+02
42:	0.00e+00	8.00e+02
43:	0.00e+00	0.00e+00
44:	0.00e+00	0.00e+00
45:	0.00e+00	8.00e+02
46:	0.00e+00	8.00e+02
47:	0.00e+00	0.00e+00
48:	0.00e+00	0.00e+00
49:	0.00e+00	8.00e+02
50:	0.00e+00	8.00e+02
51:	0.00e+00	0.00e+00
New op index: 10	$R_Y$(3)
Current grad: 1.6298970223583464e-14
Precision cutoff reached.
Calculating energies for FreeWilson2D(N_x=2, N_y=2, mass=-3.714, r=1.000)
h_im: 0.0
New op index: 39	$R_{YX-XY}$(3)
Current grad: 4.440892098500626e-16
0:	0.00e+00	5.00e+01
1:	0.00e+00	5.00e+01
2:	0.00e+00	0.00e+00
3:	0.00e+00	5.00e+01
4:	0.00e+00	5.00e+01
5:	0.00e+00	0.00e+00
6:	0.00e+00	5.00e+01
7:	0.00e+00	5.00e+01
8:	0.00e+00	0.00e+00
9:	0.00e+00	5.00e+01
10:	0.00e+00	5.00e+01
11:	0.00e+00	0.00e+00
12:	0.00e+00	5.00e+01
13:	0.00e+00	5.00e+01
14:	0.00e+00	0.00e+00
15:	0.00e+00	5.00e+01
16:	0.00e+00	5.00e+01
17:	0.00e+00	0.00e+00
18:	0.00e+00	5.00e+01
19:	0.00e+00	5.00e+01
20:	0.00e+00	0.00e+00
21:	0.00e+00	5.00e+01
22:	0.00e+00	5.00e+01
23:	0.00e+00	0.00e+00
24:	0.00e+00	0.00e+00
25:	0.00e+00	8.00e+02
26:	0.00e+00	8.00e+02
27:	0.00e+00	0.00e+00
28:	0.00e+00	0.00e+00
29:	0.00e+00	8.00e+02
30:	0.00e+00	8.00e+02
31:	0.00e+00	0.00e+00
32:	0.00e+00	0.00e+00
33:	0.00e+00	8.00e+02
34:	0.00e+00	8.00e+02
35:	0.00e+00	0.00e+00
36:	0.00e+00	0.00e+00
37:	0.00e+00	0.00e+00
38:	0.00e+00	0.00e+00
39:	4.44e-16	0.00e+00
40:	0.00e+00	0.00e+00
41:	0.00e+00	8.00e+02
42:	0.00e+00	8.00e+02
43:	0.00e+00	0.00e+00
44:	0.00e+00	0.00e+00
45:	0.00e+00	8.00e+02
46:	0.00e+00	8.00e+02
47:	0.00e+00	0.00e+00
48:	0.00e+00	0.00e+00
49:	0.00e+00	8.00e+02
50:	0.00e+00	8.00e+02
51:	0.00e+00	0.00e+00
New op index: 10	$R_Y$(3)
Current grad: 1.6305378764231154e-14
Precision cutoff reached.
Calculating energies for FreeWilson2D(N_x=2, N_y=2, mass=-3.551, r=1.000)
h_im: 0.0
New op index: 39	$R_{YX-XY}$(3)
Current grad: 4.440892098500626e-16
0:	0.00e+00	5.00e+01
1:	0.00e+00	5.00e+01
2:	0.00e+00	0.00e+00
3:	0.00e+00	5.00e+01
4:	0.00e+00	5.00e+01
5:	0.00e+00	0.00e+00
6:	0.00e+00	5.00e+01
7:	0.00e+00	5.00e+01
8:	0.00e+00	0.00e+00
9:	0.00e+00	5.00e+01
10:	0.00e+00	5.00e+01
11:	0.00e+00	0.00e+00
12:	0.00e+00	5.00e+01
13:	0.00e+00	5.00e+01
14:	0.00e+00	0.00e+00
15:	0.00e+00	5.00e+01
16:	0.00e+00	5.00e+01
17:	0.00e+00	0.00e+00
18:	0.00e+00	5.00e+01
19:	0.00e+00	5.00e+01
20:	0.00e+00	0.00e+00
21:	0.00e+00	5.00e+01
22:	0.00e+00	5.00e+01
23:	0.00e+00	0.00e+00
24:	0.00e+00	0.00e+00
25:	0.00e+00	8.00e+02
26:	0.00e+00	8.00e+02
27:	0.00e+00	0.00e+00
28:	0.00e+00	0.00e+00
29:	0.00e+00	8.00e+02
30:	0.00e+00	8.00e+02
31:	0.00e+00	0.00e+00
32:	0.00e+00	0.00e+00
33:	0.00e+00	8.00e+02
34:	0.00e+00	8.00e+02
35:	0.00e+00	0.00e+00
36:	0.00e+00	0.00e+00
37:	0.00e+00	0.00e+00
38:	0.00e+00	0.00e+00
39:	4.44e-16	0.00e+00
40:	0.00e+00	0.00e+00
41:	0.00e+00	8.00e+02
42:	0.00e+00	8.00e+02
43:	0.00e+00	0.00e+00
44:	0.00e+00	0.00e+00
45:	0.00e+00	8.00e+02
46:	0.00e+00	8.00e+02
47:	0.00e+00	0.00e+00
48:	0.00e+00	0.00e+00
49:	0.00e+00	8.00e+02
50:	0.00e+00	8.00e+02
51:	0.00e+00	0.00e+00
New op index: 10	$R_Y$(3)
Current grad: 1.6311787304878842e-14
Precision cutoff reached.
Calculating energies for FreeWilson2D(N_x=2, N_y=2, mass=-3.388, r=1.000)
h_im: 0.0
New op index: 39	$R_{YX-XY}$(3)
Current grad: 4.440892098500626e-16
0:	0.00e+00	5.00e+01
1:	0.00e+00	5.00e+01
2:	0.00e+00	0.00e+00
3:	0.00e+00	5.00e+01
4:	0.00e+00	5.00e+01
5:	0.00e+00	0.00e+00
6:	0.00e+00	5.00e+01
7:	0.00e+00	5.00e+01
8:	0.00e+00	0.00e+00
9:	0.00e+00	5.00e+01
10:	0.00e+00	5.00e+01
11:	0.00e+00	0.00e+00
12:	0.00e+00	5.00e+01
13:	0.00e+00	5.00e+01
14:	0.00e+00	0.00e+00
15:	0.00e+00	5.00e+01
16:	0.00e+00	5.00e+01
17:	0.00e+00	0.00e+00
18:	0.00e+00	5.00e+01
19:	0.00e+00	5.00e+01
20:	0.00e+00	0.00e+00
21:	0.00e+00	5.00e+01
22:	0.00e+00	5.00e+01
23:	0.00e+00	0.00e+00
24:	0.00e+00	0.00e+00
25:	0.00e+00	8.00e+02
26:	0.00e+00	8.00e+02
27:	0.00e+00	0.00e+00
28:	0.00e+00	0.00e+00
29:	0.00e+00	8.00e+02
30:	0.00e+00	8.00e+02
31:	0.00e+00	0.00e+00
32:	0.00e+00	0.00e+00
33:	0.00e+00	8.00e+02
34:	0.00e+00	8.00e+02
35:	0.00e+00	0.00e+00
36:	0.00e+00	0.00e+00
37:	0.00e+00	0.00e+00
38:	0.00e+00	0.00e+00
39:	4.44e-16	0.00e+00
40:	0.00e+00	0.00e+00
41:	0.00e+00	8.00e+02
42:	0.00e+00	8.00e+02
43:	0.00e+00	0.00e+00
44:	0.00e+00	0.00e+00
45:	0.00e+00	8.00e+02
46:	0.00e+00	8.00e+02
47:	0.00e+00	0.00e+00
48:	0.00e+00	0.00e+00
49:	0.00e+00	8.00e+02
50:	0.00e+00	8.00e+02
51:	0.00e+00	0.00e+00
New op index: 10	$R_Y$(3)
Current grad: 1.6318195845526532e-14
Precision cutoff reached.
Calculating energies for FreeWilson2D(N_x=2, N_y=2, mass=-3.224, r=1.000)
h_im: 0.0
New op index: 39	$R_{YX-XY}$(3)
Current grad: 4.440892098500626e-16
0:	0.00e+00	5.00e+01
1:	0.00e+00	5.00e+01
2:	0.00e+00	0.00e+00
3:	0.00e+00	5.00e+01
4:	0.00e+00	5.00e+01
5:	0.00e+00	0.00e+00
6:	0.00e+00	5.00e+01
7:	0.00e+00	5.00e+01
8:	0.00e+00	0.00e+00
9:	0.00e+00	5.00e+01
10:	0.00e+00	5.00e+01
11:	0.00e+00	0.00e+00
12:	0.00e+00	5.00e+01
13:	0.00e+00	5.00e+01
14:	0.00e+00	0.00e+00
15:	0.00e+00	5.00e+01
16:	0.00e+00	5.00e+01
17:	0.00e+00	0.00e+00
18:	0.00e+00	5.00e+01
19:	0.00e+00	5.00e+01
20:	0.00e+00	0.00e+00
21:	0.00e+00	5.00e+01
22:	0.00e+00	5.00e+01
23:	0.00e+00	0.00e+00
24:	0.00e+00	0.00e+00
25:	0.00e+00	8.00e+02
26:	0.00e+00	8.00e+02
27:	0.00e+00	0.00e+00
28:	0.00e+00	0.00e+00
29:	0.00e+00	8.00e+02
30:	0.00e+00	8.00e+02
31:	0.00e+00	0.00e+00
32:	0.00e+00	0.00e+00
33:	0.00e+00	8.00e+02
34:	0.00e+00	8.00e+02
35:	0.00e+00	0.00e+00
36:	0.00e+00	0.00e+00
37:	0.00e+00	0.00e+00
38:	0.00e+00	0.00e+00
39:	4.44e-16	0.00e+00
40:	0.00e+00	0.00e+00
41:	0.00e+00	8.00e+02
42:	0.00e+00	8.00e+02
43:	0.00e+00	0.00e+00
44:	0.00e+00	0.00e+00
45:	0.00e+00	8.00e+02
46:	0.00e+00	8.00e+02
47:	0.00e+00	0.00e+00
48:	0.00e+00	0.00e+00
49:	0.00e+00	8.00e+02
50:	0.00e+00	8.00e+02
51:	0.00e+00	0.00e+00
New op index: 10	$R_Y$(3)
Current grad: 1.632460438617422e-14
Precision cutoff reached.
Calculating energies for FreeWilson2D(N_x=2, N_y=2, mass=-3.061, r=1.000)
h_im: 0.0
New op index: 39	$R_{YX-XY}$(3)
Current grad: 4.440892098500626e-16
0:	0.00e+00	5.00e+01
1:	0.00e+00	5.00e+01
2:	0.00e+00	0.00e+00
3:	0.00e+00	5.00e+01
4:	0.00e+00	5.00e+01
5:	0.00e+00	0.00e+00
6:	0.00e+00	5.00e+01
7:	0.00e+00	5.00e+01
8:	0.00e+00	0.00e+00
9:	0.00e+00	5.00e+01
10:	0.00e+00	5.00e+01
11:	0.00e+00	0.00e+00
12:	0.00e+00	5.00e+01
13:	0.00e+00	5.00e+01
14:	0.00e+00	0.00e+00
15:	0.00e+00	5.00e+01
16:	0.00e+00	5.00e+01
17:	0.00e+00	0.00e+00
18:	0.00e+00	5.00e+01
19:	0.00e+00	5.00e+01
20:	0.00e+00	0.00e+00
21:	0.00e+00	5.00e+01
22:	0.00e+00	5.00e+01
23:	0.00e+00	0.00e+00
24:	0.00e+00	0.00e+00
25:	0.00e+00	8.00e+02
26:	0.00e+00	8.00e+02
27:	0.00e+00	0.00e+00
28:	0.00e+00	0.00e+00
29:	0.00e+00	8.00e+02
30:	0.00e+00	8.00e+02
31:	0.00e+00	0.00e+00
32:	0.00e+00	0.00e+00
33:	0.00e+00	8.00e+02
34:	0.00e+00	8.00e+02
35:	0.00e+00	0.00e+00
36:	0.00e+00	0.00e+00
37:	0.00e+00	0.00e+00
38:	0.00e+00	0.00e+00
39:	4.44e-16	0.00e+00
40:	0.00e+00	0.00e+00
41:	0.00e+00	8.00e+02
42:	0.00e+00	8.00e+02
43:	0.00e+00	0.00e+00
44:	0.00e+00	0.00e+00
45:	0.00e+00	8.00e+02
46:	0.00e+00	8.00e+02
47:	0.00e+00	0.00e+00
48:	0.00e+00	0.00e+00
49:	0.00e+00	8.00e+02
50:	0.00e+00	8.00e+02
51:	0.00e+00	0.00e+00
New op index: 10	$R_Y$(3)
Current grad: 1.633101292682191e-14
Precision cutoff reached.
Calculating energies for FreeWilson2D(N_x=2, N_y=2, mass=-2.898, r=1.000)
h_im: 0.0
New op index: 39	$R_{YX-XY}$(3)
Current grad: 4.440892098500626e-16
0:	0.00e+00	5.00e+01
1:	0.00e+00	5.00e+01
2:	0.00e+00	0.00e+00
3:	0.00e+00	5.00e+01
4:	0.00e+00	5.00e+01
5:	0.00e+00	0.00e+00
6:	0.00e+00	5.00e+01
7:	0.00e+00	5.00e+01
8:	0.00e+00	0.00e+00
9:	0.00e+00	5.00e+01
10:	0.00e+00	5.00e+01
11:	0.00e+00	0.00e+00
12:	0.00e+00	5.00e+01
13:	0.00e+00	5.00e+01
14:	0.00e+00	0.00e+00
15:	0.00e+00	5.00e+01
16:	0.00e+00	5.00e+01
17:	0.00e+00	0.00e+00
18:	0.00e+00	5.00e+01
19:	0.00e+00	5.00e+01
20:	0.00e+00	0.00e+00
21:	0.00e+00	5.00e+01
22:	0.00e+00	5.00e+01
23:	0.00e+00	0.00e+00
24:	0.00e+00	0.00e+00
25:	0.00e+00	8.00e+02
26:	0.00e+00	8.00e+02
27:	0.00e+00	0.00e+00
28:	0.00e+00	0.00e+00
29:	0.00e+00	8.00e+02
30:	0.00e+00	8.00e+02
31:	0.00e+00	0.00e+00
32:	0.00e+00	0.00e+00
33:	0.00e+00	8.00e+02
34:	0.00e+00	8.00e+02
35:	0.00e+00	0.00e+00
36:	0.00e+00	0.00e+00
37:	0.00e+00	0.00e+00
38:	0.00e+00	0.00e+00
39:	4.44e-16	0.00e+00
40:	0.00e+00	0.00e+00
41:	0.00e+00	8.00e+02
42:	0.00e+00	8.00e+02
43:	0.00e+00	0.00e+00
44:	0.00e+00	0.00e+00
45:	0.00e+00	8.00e+02
46:	0.00e+00	8.00e+02
47:	0.00e+00	0.00e+00
48:	0.00e+00	0.00e+00
49:	0.00e+00	8.00e+02
50:	0.00e+00	8.00e+02
51:	0.00e+00	0.00e+00
New op index: 10	$R_Y$(3)
Current grad: 1.6337421467469598e-14
Precision cutoff reached.
Calculating energies for FreeWilson2D(N_x=2, N_y=2, mass=-2.735, r=1.000)
h_im: 0.0
New op index: 39	$R_{YX-XY}$(3)
Current grad: 4.440892098500626e-16
0:	0.00e+00	5.00e+01
1:	0.00e+00	5.00e+01
2:	0.00e+00	0.00e+00
3:	0.00e+00	5.00e+01
4:	0.00e+00	5.00e+01
5:	0.00e+00	0.00e+00
6:	0.00e+00	5.00e+01
7:	0.00e+00	5.00e+01
8:	0.00e+00	0.00e+00
9:	0.00e+00	5.00e+01
10:	0.00e+00	5.00e+01
11:	0.00e+00	0.00e+00
12:	0.00e+00	5.00e+01
13:	0.00e+00	5.00e+01
14:	0.00e+00	0.00e+00
15:	0.00e+00	5.00e+01
16:	0.00e+00	5.00e+01
17:	0.00e+00	0.00e+00
18:	0.00e+00	5.00e+01
19:	0.00e+00	5.00e+01
20:	0.00e+00	0.00e+00
21:	0.00e+00	5.00e+01
22:	0.00e+00	5.00e+01
23:	0.00e+00	0.00e+00
24:	0.00e+00	0.00e+00
25:	0.00e+00	8.00e+02
26:	0.00e+00	8.00e+02
27:	0.00e+00	0.00e+00
28:	0.00e+00	0.00e+00
29:	0.00e+00	8.00e+02
30:	0.00e+00	8.00e+02
31:	0.00e+00	0.00e+00
32:	0.00e+00	0.00e+00
33:	0.00e+00	8.00e+02
34:	0.00e+00	8.00e+02
35:	0.00e+00	0.00e+00
36:	0.00e+00	0.00e+00
37:	0.00e+00	0.00e+00
38:	0.00e+00	0.00e+00
39:	4.44e-16	0.00e+00
40:	0.00e+00	0.00e+00
41:	0.00e+00	8.00e+02
42:	0.00e+00	8.00e+02
43:	0.00e+00	0.00e+00
44:	0.00e+00	0.00e+00
45:	0.00e+00	8.00e+02
46:	0.00e+00	8.00e+02
47:	0.00e+00	0.00e+00
48:	0.00e+00	0.00e+00
49:	0.00e+00	8.00e+02
50:	0.00e+00	8.00e+02
51:	0.00e+00	0.00e+00
New op index: 10	$R_Y$(3)
Current grad: 1.6343830008117285e-14
Precision cutoff reached.
Calculating energies for FreeWilson2D(N_x=2, N_y=2, mass=-2.571, r=1.000)
h_im: 0.0
New op index: 39	$R_{YX-XY}$(3)
Current grad: 4.440892098500626e-16
0:	0.00e+00	5.00e+01
1:	0.00e+00	5.00e+01
2:	0.00e+00	0.00e+00
3:	0.00e+00	5.00e+01
4:	0.00e+00	5.00e+01
5:	0.00e+00	0.00e+00
6:	0.00e+00	5.00e+01
7:	0.00e+00	5.00e+01
8:	0.00e+00	0.00e+00
9:	0.00e+00	5.00e+01
10:	0.00e+00	5.00e+01
11:	0.00e+00	0.00e+00
12:	0.00e+00	5.00e+01
13:	0.00e+00	5.00e+01
14:	0.00e+00	0.00e+00
15:	0.00e+00	5.00e+01
16:	0.00e+00	5.00e+01
17:	0.00e+00	0.00e+00
18:	0.00e+00	5.00e+01
19:	0.00e+00	5.00e+01
20:	0.00e+00	0.00e+00
21:	0.00e+00	5.00e+01
22:	0.00e+00	5.00e+01
23:	0.00e+00	0.00e+00
24:	0.00e+00	0.00e+00
25:	0.00e+00	8.00e+02
26:	0.00e+00	8.00e+02
27:	0.00e+00	0.00e+00
28:	0.00e+00	0.00e+00
29:	0.00e+00	8.00e+02
30:	0.00e+00	8.00e+02
31:	0.00e+00	0.00e+00
32:	0.00e+00	0.00e+00
33:	0.00e+00	8.00e+02
34:	0.00e+00	8.00e+02
35:	0.00e+00	0.00e+00
36:	0.00e+00	0.00e+00
37:	0.00e+00	0.00e+00
38:	0.00e+00	0.00e+00
39:	4.44e-16	0.00e+00
40:	0.00e+00	0.00e+00
41:	0.00e+00	8.00e+02
42:	0.00e+00	8.00e+02
43:	0.00e+00	0.00e+00
44:	0.00e+00	0.00e+00
45:	0.00e+00	8.00e+02
46:	0.00e+00	8.00e+02
47:	0.00e+00	0.00e+00
48:	0.00e+00	0.00e+00
49:	0.00e+00	8.00e+02
50:	0.00e+00	8.00e+02
51:	0.00e+00	0.00e+00
New op index: 10	$R_Y$(3)
Current grad: 1.6350238548764976e-14
Precision cutoff reached.
Calculating energies for FreeWilson2D(N_x=2, N_y=2, mass=-2.408, r=1.000)
h_im: 0.0
New op index: 39	$R_{YX-XY}$(3)
Current grad: 4.440892098500626e-16
0:	0.00e+00	5.00e+01
1:	0.00e+00	5.00e+01
2:	0.00e+00	0.00e+00
3:	0.00e+00	5.00e+01
4:	0.00e+00	5.00e+01
5:	0.00e+00	0.00e+00
6:	0.00e+00	5.00e+01
7:	0.00e+00	5.00e+01
8:	0.00e+00	0.00e+00
9:	0.00e+00	5.00e+01
10:	0.00e+00	5.00e+01
11:	0.00e+00	0.00e+00
12:	0.00e+00	5.00e+01
13:	0.00e+00	5.00e+01
14:	0.00e+00	0.00e+00
15:	0.00e+00	5.00e+01
16:	0.00e+00	5.00e+01
17:	0.00e+00	0.00e+00
18:	0.00e+00	5.00e+01
19:	0.00e+00	5.00e+01
20:	0.00e+00	0.00e+00
21:	0.00e+00	5.00e+01
22:	0.00e+00	5.00e+01
23:	0.00e+00	0.00e+00
24:	0.00e+00	0.00e+00
25:	0.00e+00	8.00e+02
26:	0.00e+00	8.00e+02
27:	0.00e+00	0.00e+00
28:	0.00e+00	0.00e+00
29:	0.00e+00	8.00e+02
30:	0.00e+00	8.00e+02
31:	0.00e+00	0.00e+00
32:	0.00e+00	0.00e+00
33:	0.00e+00	8.00e+02
34:	0.00e+00	8.00e+02
35:	0.00e+00	0.00e+00
36:	0.00e+00	0.00e+00
37:	0.00e+00	0.00e+00
38:	0.00e+00	0.00e+00
39:	4.44e-16	0.00e+00
40:	0.00e+00	0.00e+00
41:	0.00e+00	8.00e+02
42:	0.00e+00	8.00e+02
43:	0.00e+00	0.00e+00
44:	0.00e+00	0.00e+00
45:	0.00e+00	8.00e+02
46:	0.00e+00	8.00e+02
47:	0.00e+00	0.00e+00
48:	0.00e+00	0.00e+00
49:	0.00e+00	8.00e+02
50:	0.00e+00	8.00e+02
51:	0.00e+00	0.00e+00
New op index: 10	$R_Y$(3)
Current grad: 1.6356647089412663e-14
Precision cutoff reached.
Calculating energies for FreeWilson2D(N_x=2, N_y=2, mass=-2.245, r=1.000)
h_im: 0.0
New op index: 39	$R_{YX-XY}$(3)
Current grad: 4.440892098500626e-16
0:	0.00e+00	5.00e+01
1:	0.00e+00	5.00e+01
2:	0.00e+00	0.00e+00
3:	0.00e+00	5.00e+01
4:	0.00e+00	5.00e+01
5:	0.00e+00	0.00e+00
6:	0.00e+00	5.00e+01
7:	0.00e+00	5.00e+01
8:	0.00e+00	0.00e+00
9:	0.00e+00	5.00e+01
10:	0.00e+00	5.00e+01
11:	0.00e+00	0.00e+00
12:	0.00e+00	5.00e+01
13:	0.00e+00	5.00e+01
14:	0.00e+00	0.00e+00
15:	0.00e+00	5.00e+01
16:	0.00e+00	5.00e+01
17:	0.00e+00	0.00e+00
18:	0.00e+00	5.00e+01
19:	0.00e+00	5.00e+01
20:	0.00e+00	0.00e+00
21:	0.00e+00	5.00e+01
22:	0.00e+00	5.00e+01
23:	0.00e+00	0.00e+00
24:	0.00e+00	0.00e+00
25:	0.00e+00	8.00e+02
26:	0.00e+00	8.00e+02
27:	0.00e+00	0.00e+00
28:	0.00e+00	0.00e+00
29:	0.00e+00	8.00e+02
30:	0.00e+00	8.00e+02
31:	0.00e+00	0.00e+00
32:	0.00e+00	0.00e+00
33:	0.00e+00	8.00e+02
34:	0.00e+00	8.00e+02
35:	0.00e+00	0.00e+00
36:	0.00e+00	0.00e+00
37:	0.00e+00	0.00e+00
38:	0.00e+00	0.00e+00
39:	4.44e-16	0.00e+00
40:	0.00e+00	0.00e+00
41:	0.00e+00	8.00e+02
42:	0.00e+00	8.00e+02
43:	0.00e+00	0.00e+00
44:	0.00e+00	0.00e+00
45:	0.00e+00	8.00e+02
46:	0.00e+00	8.00e+02
47:	0.00e+00	0.00e+00
48:	0.00e+00	0.00e+00
49:	0.00e+00	8.00e+02
50:	0.00e+00	8.00e+02
51:	0.00e+00	0.00e+00
New op index: 10	$R_Y$(3)
Current grad: 1.6363055630060354e-14
Precision cutoff reached.
Calculating energies for FreeWilson2D(N_x=2, N_y=2, mass=-2.082, r=1.000)
h_im: 0.0
New op index: 39	$R_{YX-XY}$(3)
Current grad: 4.440892098500626e-16
0:	0.00e+00	5.00e+01
1:	0.00e+00	5.00e+01
2:	0.00e+00	0.00e+00
3:	0.00e+00	5.00e+01
4:	0.00e+00	5.00e+01
5:	0.00e+00	0.00e+00
6:	0.00e+00	5.00e+01
7:	0.00e+00	5.00e+01
8:	0.00e+00	0.00e+00
9:	0.00e+00	5.00e+01
10:	0.00e+00	5.00e+01
11:	0.00e+00	0.00e+00
12:	0.00e+00	5.00e+01
13:	0.00e+00	5.00e+01
14:	0.00e+00	0.00e+00
15:	0.00e+00	5.00e+01
16:	0.00e+00	5.00e+01
17:	0.00e+00	0.00e+00
18:	0.00e+00	5.00e+01
19:	0.00e+00	5.00e+01
20:	0.00e+00	0.00e+00
21:	0.00e+00	5.00e+01
22:	0.00e+00	5.00e+01
23:	0.00e+00	0.00e+00
24:	0.00e+00	0.00e+00
25:	0.00e+00	8.00e+02
26:	0.00e+00	8.00e+02
27:	0.00e+00	0.00e+00
28:	0.00e+00	0.00e+00
29:	0.00e+00	8.00e+02
30:	0.00e+00	8.00e+02
31:	0.00e+00	0.00e+00
32:	0.00e+00	0.00e+00
33:	0.00e+00	8.00e+02
34:	0.00e+00	8.00e+02
35:	0.00e+00	0.00e+00
36:	0.00e+00	0.00e+00
37:	0.00e+00	0.00e+00
38:	0.00e+00	0.00e+00
39:	4.44e-16	0.00e+00
40:	0.00e+00	0.00e+00
41:	0.00e+00	8.00e+02
42:	0.00e+00	8.00e+02
43:	0.00e+00	0.00e+00
44:	0.00e+00	0.00e+00
45:	0.00e+00	8.00e+02
46:	0.00e+00	8.00e+02
47:	0.00e+00	0.00e+00
48:	0.00e+00	0.00e+00
49:	0.00e+00	8.00e+02
50:	0.00e+00	8.00e+02
51:	0.00e+00	0.00e+00
New op index: 10	$R_Y$(3)
Current grad: 1.636946417070804e-14
Precision cutoff reached.
Calculating energies for FreeWilson2D(N_x=2, N_y=2, mass=-1.918, r=1.000)
h_im: 0.0
New op index: 39	$R_{YX-XY}$(3)
Current grad: 4.440892098500626e-16
0:	0.00e+00	5.00e+01
1:	0.00e+00	5.00e+01
2:	0.00e+00	0.00e+00
3:	0.00e+00	5.00e+01
4:	0.00e+00	5.00e+01
5:	0.00e+00	0.00e+00
6:	0.00e+00	5.00e+01
7:	0.00e+00	5.00e+01
8:	0.00e+00	0.00e+00
9:	0.00e+00	5.00e+01
10:	0.00e+00	5.00e+01
11:	0.00e+00	0.00e+00
12:	0.00e+00	5.00e+01
13:	0.00e+00	5.00e+01
14:	0.00e+00	0.00e+00
15:	0.00e+00	5.00e+01
16:	0.00e+00	5.00e+01
17:	0.00e+00	0.00e+00
18:	0.00e+00	5.00e+01
19:	0.00e+00	5.00e+01
20:	0.00e+00	0.00e+00
21:	0.00e+00	5.00e+01
22:	0.00e+00	5.00e+01
23:	0.00e+00	0.00e+00
24:	0.00e+00	0.00e+00
25:	0.00e+00	8.00e+02
26:	0.00e+00	8.00e+02
27:	0.00e+00	0.00e+00
28:	0.00e+00	0.00e+00
29:	0.00e+00	8.00e+02
30:	0.00e+00	8.00e+02
31:	0.00e+00	0.00e+00
32:	0.00e+00	0.00e+00
33:	0.00e+00	8.00e+02
34:	0.00e+00	8.00e+02
35:	0.00e+00	0.00e+00
36:	0.00e+00	0.00e+00
37:	0.00e+00	0.00e+00
38:	0.00e+00	0.00e+00
39:	4.44e-16	0.00e+00
40:	0.00e+00	0.00e+00
41:	0.00e+00	8.00e+02
42:	0.00e+00	8.00e+02
43:	0.00e+00	0.00e+00
44:	0.00e+00	0.00e+00
45:	0.00e+00	8.00e+02
46:	0.00e+00	8.00e+02
47:	0.00e+00	0.00e+00
48:	0.00e+00	0.00e+00
49:	0.00e+00	8.00e+02
50:	0.00e+00	8.00e+02
51:	0.00e+00	0.00e+00
New op index: 10	$R_Y$(3)
Current grad: 1.6375872711355732e-14
Precision cutoff reached.
Calculating energies for FreeWilson2D(N_x=2, N_y=2, mass=-1.755, r=1.000)
h_im: 0.0
New op index: 39	$R_{YX-XY}$(3)
Current grad: 4.440892098500626e-16
0:	0.00e+00	5.00e+01
1:	0.00e+00	5.00e+01
2:	0.00e+00	0.00e+00
3:	0.00e+00	5.00e+01
4:	0.00e+00	5.00e+01
5:	0.00e+00	0.00e+00
6:	0.00e+00	5.00e+01
7:	0.00e+00	5.00e+01
8:	0.00e+00	0.00e+00
9:	0.00e+00	5.00e+01
10:	0.00e+00	5.00e+01
11:	0.00e+00	0.00e+00
12:	0.00e+00	5.00e+01
13:	0.00e+00	5.00e+01
14:	0.00e+00	0.00e+00
15:	0.00e+00	5.00e+01
16:	0.00e+00	5.00e+01
17:	0.00e+00	0.00e+00
18:	0.00e+00	5.00e+01
19:	0.00e+00	5.00e+01
20:	0.00e+00	0.00e+00
21:	0.00e+00	5.00e+01
22:	0.00e+00	5.00e+01
23:	0.00e+00	0.00e+00
24:	0.00e+00	0.00e+00
25:	0.00e+00	8.00e+02
26:	0.00e+00	8.00e+02
27:	0.00e+00	0.00e+00
28:	0.00e+00	0.00e+00
29:	0.00e+00	8.00e+02
30:	0.00e+00	8.00e+02
31:	0.00e+00	0.00e+00
32:	0.00e+00	0.00e+00
33:	0.00e+00	8.00e+02
34:	0.00e+00	8.00e+02
35:	0.00e+00	0.00e+00
36:	0.00e+00	0.00e+00
37:	0.00e+00	0.00e+00
38:	0.00e+00	0.00e+00
39:	4.44e-16	0.00e+00
40:	0.00e+00	0.00e+00
41:	0.00e+00	8.00e+02
42:	0.00e+00	8.00e+02
43:	0.00e+00	0.00e+00
44:	0.00e+00	0.00e+00
45:	0.00e+00	8.00e+02
46:	0.00e+00	8.00e+02
47:	0.00e+00	0.00e+00
48:	0.00e+00	0.00e+00
49:	0.00e+00	8.00e+02
50:	0.00e+00	8.00e+02
51:	0.00e+00	0.00e+00
New op index: 10	$R_Y$(3)
Current grad: 1.638228125200342e-14
Precision cutoff reached.
Calculating energies for FreeWilson2D(N_x=2, N_y=2, mass=-1.592, r=1.000)
h_im: 0.0
New op index: 39	$R_{YX-XY}$(3)
Current grad: 4.440892098500626e-16
0:	0.00e+00	5.00e+01
1:	0.00e+00	5.00e+01
2:	0.00e+00	0.00e+00
3:	0.00e+00	5.00e+01
4:	0.00e+00	5.00e+01
5:	0.00e+00	0.00e+00
6:	0.00e+00	5.00e+01
7:	0.00e+00	5.00e+01
8:	0.00e+00	0.00e+00
9:	0.00e+00	5.00e+01
10:	0.00e+00	5.00e+01
11:	0.00e+00	0.00e+00
12:	0.00e+00	5.00e+01
13:	0.00e+00	5.00e+01
14:	0.00e+00	0.00e+00
15:	0.00e+00	5.00e+01
16:	0.00e+00	5.00e+01
17:	0.00e+00	0.00e+00
18:	0.00e+00	5.00e+01
19:	0.00e+00	5.00e+01
20:	0.00e+00	0.00e+00
21:	0.00e+00	5.00e+01
22:	0.00e+00	5.00e+01
23:	0.00e+00	0.00e+00
24:	0.00e+00	0.00e+00
25:	0.00e+00	8.00e+02
26:	0.00e+00	8.00e+02
27:	0.00e+00	0.00e+00
28:	0.00e+00	0.00e+00
29:	0.00e+00	8.00e+02
30:	0.00e+00	8.00e+02
31:	0.00e+00	0.00e+00
32:	0.00e+00	0.00e+00
33:	0.00e+00	8.00e+02
34:	0.00e+00	8.00e+02
35:	0.00e+00	0.00e+00
36:	0.00e+00	0.00e+00
37:	0.00e+00	0.00e+00
38:	0.00e+00	0.00e+00
39:	4.44e-16	0.00e+00
40:	0.00e+00	0.00e+00
41:	0.00e+00	8.00e+02
42:	0.00e+00	8.00e+02
43:	0.00e+00	0.00e+00
44:	0.00e+00	0.00e+00
45:	0.00e+00	8.00e+02
46:	0.00e+00	8.00e+02
47:	0.00e+00	0.00e+00
48:	0.00e+00	0.00e+00
49:	0.00e+00	8.00e+02
50:	0.00e+00	8.00e+02
51:	0.00e+00	0.00e+00
New op index: 10	$R_Y$(3)
Current grad: 1.638868979265111e-14
Precision cutoff reached.
Calculating energies for FreeWilson2D(N_x=2, N_y=2, mass=-1.429, r=1.000)
h_im: 0.0
New op index: 39	$R_{YX-XY}$(3)
Current grad: 4.440892098500626e-16
0:	0.00e+00	5.00e+01
1:	0.00e+00	5.00e+01
2:	0.00e+00	0.00e+00
3:	0.00e+00	5.00e+01
4:	0.00e+00	5.00e+01
5:	0.00e+00	0.00e+00
6:	0.00e+00	5.00e+01
7:	0.00e+00	5.00e+01
8:	0.00e+00	0.00e+00
9:	0.00e+00	5.00e+01
10:	0.00e+00	5.00e+01
11:	0.00e+00	0.00e+00
12:	0.00e+00	5.00e+01
13:	0.00e+00	5.00e+01
14:	0.00e+00	0.00e+00
15:	0.00e+00	5.00e+01
16:	0.00e+00	5.00e+01
17:	0.00e+00	0.00e+00
18:	0.00e+00	5.00e+01
19:	0.00e+00	5.00e+01
20:	0.00e+00	0.00e+00
21:	0.00e+00	5.00e+01
22:	0.00e+00	5.00e+01
23:	0.00e+00	0.00e+00
24:	0.00e+00	0.00e+00
25:	0.00e+00	8.00e+02
26:	0.00e+00	8.00e+02
27:	0.00e+00	0.00e+00
28:	0.00e+00	0.00e+00
29:	0.00e+00	8.00e+02
30:	0.00e+00	8.00e+02
31:	0.00e+00	0.00e+00
32:	0.00e+00	0.00e+00
33:	0.00e+00	8.00e+02
34:	0.00e+00	8.00e+02
35:	0.00e+00	0.00e+00
36:	0.00e+00	0.00e+00
37:	0.00e+00	0.00e+00
38:	0.00e+00	0.00e+00
39:	4.44e-16	0.00e+00
40:	0.00e+00	0.00e+00
41:	0.00e+00	8.00e+02
42:	0.00e+00	8.00e+02
43:	0.00e+00	0.00e+00
44:	0.00e+00	0.00e+00
45:	0.00e+00	8.00e+02
46:	0.00e+00	8.00e+02
47:	0.00e+00	0.00e+00
48:	0.00e+00	0.00e+00
49:	0.00e+00	8.00e+02
50:	0.00e+00	8.00e+02
51:	0.00e+00	0.00e+00
New op index: 10	$R_Y$(3)
Current grad: 1.6395098333298797e-14
Precision cutoff reached.
Calculating energies for FreeWilson2D(N_x=2, N_y=2, mass=-1.265, r=1.000)
h_im: 0.0
New op index: 39	$R_{YX-XY}$(3)
Current grad: 4.440892098500626e-16
0:	0.00e+00	5.00e+01
1:	0.00e+00	5.00e+01
2:	0.00e+00	0.00e+00
3:	0.00e+00	5.00e+01
4:	0.00e+00	5.00e+01
5:	0.00e+00	0.00e+00
6:	0.00e+00	5.00e+01
7:	0.00e+00	5.00e+01
8:	0.00e+00	0.00e+00
9:	0.00e+00	5.00e+01
10:	0.00e+00	5.00e+01
11:	0.00e+00	0.00e+00
12:	0.00e+00	5.00e+01
13:	0.00e+00	5.00e+01
14:	0.00e+00	0.00e+00
15:	0.00e+00	5.00e+01
16:	0.00e+00	5.00e+01
17:	0.00e+00	0.00e+00
18:	0.00e+00	5.00e+01
19:	0.00e+00	5.00e+01
20:	0.00e+00	0.00e+00
21:	0.00e+00	5.00e+01
22:	0.00e+00	5.00e+01
23:	0.00e+00	0.00e+00
24:	0.00e+00	0.00e+00
25:	0.00e+00	8.00e+02
26:	0.00e+00	8.00e+02
27:	0.00e+00	0.00e+00
28:	0.00e+00	0.00e+00
29:	0.00e+00	8.00e+02
30:	0.00e+00	8.00e+02
31:	0.00e+00	0.00e+00
32:	0.00e+00	0.00e+00
33:	0.00e+00	8.00e+02
34:	0.00e+00	8.00e+02
35:	0.00e+00	0.00e+00
36:	0.00e+00	0.00e+00
37:	0.00e+00	0.00e+00
38:	0.00e+00	0.00e+00
39:	4.44e-16	0.00e+00
40:	0.00e+00	0.00e+00
41:	0.00e+00	8.00e+02
42:	0.00e+00	8.00e+02
43:	0.00e+00	0.00e+00
44:	0.00e+00	0.00e+00
45:	0.00e+00	8.00e+02
46:	0.00e+00	8.00e+02
47:	0.00e+00	0.00e+00
48:	0.00e+00	0.00e+00
49:	0.00e+00	8.00e+02
50:	0.00e+00	8.00e+02
51:	0.00e+00	0.00e+00
New op index: 10	$R_Y$(3)
Current grad: 1.6401506873946488e-14
Precision cutoff reached.
Calculating energies for FreeWilson2D(N_x=2, N_y=2, mass=-1.102, r=1.000)
h_im: 0.0
New op index: 39	$R_{YX-XY}$(3)
Current grad: 4.440892098500626e-16
0:	0.00e+00	5.00e+01
1:	0.00e+00	5.00e+01
2:	0.00e+00	0.00e+00
3:	0.00e+00	5.00e+01
4:	0.00e+00	5.00e+01
5:	0.00e+00	0.00e+00
6:	0.00e+00	5.00e+01
7:	0.00e+00	5.00e+01
8:	0.00e+00	0.00e+00
9:	0.00e+00	5.00e+01
10:	0.00e+00	5.00e+01
11:	0.00e+00	0.00e+00
12:	0.00e+00	5.00e+01
13:	0.00e+00	5.00e+01
14:	0.00e+00	0.00e+00
15:	0.00e+00	5.00e+01
16:	0.00e+00	5.00e+01
17:	0.00e+00	0.00e+00
18:	0.00e+00	5.00e+01
19:	0.00e+00	5.00e+01
20:	0.00e+00	0.00e+00
21:	0.00e+00	5.00e+01
22:	0.00e+00	5.00e+01
23:	0.00e+00	0.00e+00
24:	0.00e+00	0.00e+00
25:	0.00e+00	8.00e+02
26:	0.00e+00	8.00e+02
27:	0.00e+00	0.00e+00
28:	0.00e+00	0.00e+00
29:	0.00e+00	8.00e+02
30:	0.00e+00	8.00e+02
31:	0.00e+00	0.00e+00
32:	0.00e+00	0.00e+00
33:	0.00e+00	8.00e+02
34:	0.00e+00	8.00e+02
35:	0.00e+00	0.00e+00
36:	0.00e+00	0.00e+00
37:	0.00e+00	0.00e+00
38:	0.00e+00	0.00e+00
39:	4.44e-16	0.00e+00
40:	0.00e+00	0.00e+00
41:	0.00e+00	8.00e+02
42:	0.00e+00	8.00e+02
43:	0.00e+00	0.00e+00
44:	0.00e+00	0.00e+00
45:	0.00e+00	8.00e+02
46:	0.00e+00	8.00e+02
47:	0.00e+00	0.00e+00
48:	0.00e+00	0.00e+00
49:	0.00e+00	8.00e+02
50:	0.00e+00	8.00e+02
51:	0.00e+00	0.00e+00
New op index: 10	$R_Y$(3)
Current grad: 1.6407915414594175e-14
Precision cutoff reached.
Calculating energies for FreeWilson2D(N_x=2, N_y=2, mass=-0.939, r=1.000)
h_im: 0.0
New op index: 39	$R_{YX-XY}$(3)
Current grad: 4.440892098500626e-16
0:	0.00e+00	5.00e+01
1:	0.00e+00	5.00e+01
2:	0.00e+00	0.00e+00
3:	0.00e+00	5.00e+01
4:	0.00e+00	5.00e+01
5:	0.00e+00	0.00e+00
6:	0.00e+00	5.00e+01
7:	0.00e+00	5.00e+01
8:	0.00e+00	0.00e+00
9:	0.00e+00	5.00e+01
10:	0.00e+00	5.00e+01
11:	0.00e+00	0.00e+00
12:	0.00e+00	5.00e+01
13:	0.00e+00	5.00e+01
14:	0.00e+00	0.00e+00
15:	0.00e+00	5.00e+01
16:	0.00e+00	5.00e+01
17:	0.00e+00	0.00e+00
18:	0.00e+00	5.00e+01
19:	0.00e+00	5.00e+01
20:	0.00e+00	0.00e+00
21:	0.00e+00	5.00e+01
22:	0.00e+00	5.00e+01
23:	0.00e+00	0.00e+00
24:	0.00e+00	0.00e+00
25:	0.00e+00	8.00e+02
26:	0.00e+00	8.00e+02
27:	0.00e+00	0.00e+00
28:	0.00e+00	0.00e+00
29:	0.00e+00	8.00e+02
30:	0.00e+00	8.00e+02
31:	0.00e+00	0.00e+00
32:	0.00e+00	0.00e+00
33:	0.00e+00	8.00e+02
34:	0.00e+00	8.00e+02
35:	0.00e+00	0.00e+00
36:	0.00e+00	0.00e+00
37:	0.00e+00	0.00e+00
38:	0.00e+00	0.00e+00
39:	4.44e-16	0.00e+00
40:	0.00e+00	0.00e+00
41:	0.00e+00	8.00e+02
42:	0.00e+00	8.00e+02
43:	0.00e+00	0.00e+00
44:	0.00e+00	0.00e+00
45:	0.00e+00	8.00e+02
46:	0.00e+00	8.00e+02
47:	0.00e+00	0.00e+00
48:	0.00e+00	0.00e+00
49:	0.00e+00	8.00e+02
50:	0.00e+00	8.00e+02
51:	0.00e+00	0.00e+00
New op index: 10	$R_Y$(3)
Current grad: 1.6414323955241863e-14
Precision cutoff reached.
Calculating energies for FreeWilson2D(N_x=2, N_y=2, mass=-0.776, r=1.000)
h_im: 0.0
New op index: 39	$R_{YX-XY}$(3)
Current grad: 4.440892098500626e-16
0:	0.00e+00	5.00e+01
1:	0.00e+00	5.00e+01
2:	0.00e+00	0.00e+00
3:	0.00e+00	5.00e+01
4:	0.00e+00	5.00e+01
5:	0.00e+00	0.00e+00
6:	0.00e+00	5.00e+01
7:	0.00e+00	5.00e+01
8:	0.00e+00	0.00e+00
9:	0.00e+00	5.00e+01
10:	0.00e+00	5.00e+01
11:	0.00e+00	0.00e+00
12:	0.00e+00	5.00e+01
13:	0.00e+00	5.00e+01
14:	0.00e+00	0.00e+00
15:	0.00e+00	5.00e+01
16:	0.00e+00	5.00e+01
17:	0.00e+00	0.00e+00
18:	0.00e+00	5.00e+01
19:	0.00e+00	5.00e+01
20:	0.00e+00	0.00e+00
21:	0.00e+00	5.00e+01
22:	0.00e+00	5.00e+01
23:	0.00e+00	0.00e+00
24:	0.00e+00	0.00e+00
25:	0.00e+00	8.00e+02
26:	0.00e+00	8.00e+02
27:	0.00e+00	0.00e+00
28:	0.00e+00	0.00e+00
29:	0.00e+00	8.00e+02
30:	0.00e+00	8.00e+02
31:	0.00e+00	0.00e+00
32:	0.00e+00	0.00e+00
33:	0.00e+00	8.00e+02
34:	0.00e+00	8.00e+02
35:	0.00e+00	0.00e+00
36:	0.00e+00	0.00e+00
37:	0.00e+00	0.00e+00
38:	0.00e+00	0.00e+00
39:	4.44e-16	0.00e+00
40:	0.00e+00	0.00e+00
41:	0.00e+00	8.00e+02
42:	0.00e+00	8.00e+02
43:	0.00e+00	0.00e+00
44:	0.00e+00	0.00e+00
45:	0.00e+00	8.00e+02
46:	0.00e+00	8.00e+02
47:	0.00e+00	0.00e+00
48:	0.00e+00	0.00e+00
49:	0.00e+00	8.00e+02
50:	0.00e+00	8.00e+02
51:	0.00e+00	0.00e+00
New op index: 10	$R_Y$(3)
Current grad: 1.6420732495889554e-14
Precision cutoff reached.
Calculating energies for FreeWilson2D(N_x=2, N_y=2, mass=-0.612, r=1.000)
h_im: 0.0
New op index: 39	$R_{YX-XY}$(3)
Current grad: 4.440892098500626e-16
0:	0.00e+00	5.00e+01
1:	0.00e+00	5.00e+01
2:	0.00e+00	0.00e+00
3:	0.00e+00	5.00e+01
4:	0.00e+00	5.00e+01
5:	0.00e+00	0.00e+00
6:	0.00e+00	5.00e+01
7:	0.00e+00	5.00e+01
8:	0.00e+00	0.00e+00
9:	0.00e+00	5.00e+01
10:	0.00e+00	5.00e+01
11:	0.00e+00	0.00e+00
12:	0.00e+00	5.00e+01
13:	0.00e+00	5.00e+01
14:	0.00e+00	0.00e+00
15:	0.00e+00	5.00e+01
16:	0.00e+00	5.00e+01
17:	0.00e+00	0.00e+00
18:	0.00e+00	5.00e+01
19:	0.00e+00	5.00e+01
20:	0.00e+00	0.00e+00
21:	0.00e+00	5.00e+01
22:	0.00e+00	5.00e+01
23:	0.00e+00	0.00e+00
24:	0.00e+00	0.00e+00
25:	0.00e+00	8.00e+02
26:	0.00e+00	8.00e+02
27:	0.00e+00	0.00e+00
28:	0.00e+00	0.00e+00
29:	0.00e+00	8.00e+02
30:	0.00e+00	8.00e+02
31:	0.00e+00	0.00e+00
32:	0.00e+00	0.00e+00
33:	0.00e+00	8.00e+02
34:	0.00e+00	8.00e+02
35:	0.00e+00	0.00e+00
36:	0.00e+00	0.00e+00
37:	0.00e+00	0.00e+00
38:	0.00e+00	0.00e+00
39:	4.44e-16	0.00e+00
40:	0.00e+00	0.00e+00
41:	0.00e+00	8.00e+02
42:	0.00e+00	8.00e+02
43:	0.00e+00	0.00e+00
44:	0.00e+00	0.00e+00
45:	0.00e+00	8.00e+02
46:	0.00e+00	8.00e+02
47:	0.00e+00	0.00e+00
48:	0.00e+00	0.00e+00
49:	0.00e+00	8.00e+02
50:	0.00e+00	8.00e+02
51:	0.00e+00	0.00e+00
New op index: 10	$R_Y$(3)
Current grad: 1.642714103653724e-14
Precision cutoff reached.
Calculating energies for FreeWilson2D(N_x=2, N_y=2, mass=-0.449, r=1.000)
h_im: 0.0
New op index: 39	$R_{YX-XY}$(3)
Current grad: 4.440892098500626e-16
0:	0.00e+00	5.00e+01
1:	0.00e+00	5.00e+01
2:	0.00e+00	0.00e+00
3:	0.00e+00	5.00e+01
4:	0.00e+00	5.00e+01
5:	0.00e+00	0.00e+00
6:	0.00e+00	5.00e+01
7:	0.00e+00	5.00e+01
8:	0.00e+00	0.00e+00
9:	0.00e+00	5.00e+01
10:	0.00e+00	5.00e+01
11:	0.00e+00	0.00e+00
12:	0.00e+00	5.00e+01
13:	0.00e+00	5.00e+01
14:	0.00e+00	0.00e+00
15:	0.00e+00	5.00e+01
16:	0.00e+00	5.00e+01
17:	0.00e+00	0.00e+00
18:	0.00e+00	5.00e+01
19:	0.00e+00	5.00e+01
20:	0.00e+00	0.00e+00
21:	0.00e+00	5.00e+01
22:	0.00e+00	5.00e+01
23:	0.00e+00	0.00e+00
24:	0.00e+00	0.00e+00
25:	0.00e+00	8.00e+02
26:	0.00e+00	8.00e+02
27:	0.00e+00	0.00e+00
28:	0.00e+00	0.00e+00
29:	0.00e+00	8.00e+02
30:	0.00e+00	8.00e+02
31:	0.00e+00	0.00e+00
32:	0.00e+00	0.00e+00
33:	0.00e+00	8.00e+02
34:	0.00e+00	8.00e+02
35:	0.00e+00	0.00e+00
36:	0.00e+00	0.00e+00
37:	0.00e+00	0.00e+00
38:	0.00e+00	0.00e+00
39:	4.44e-16	0.00e+00
40:	0.00e+00	0.00e+00
41:	0.00e+00	8.00e+02
42:	0.00e+00	8.00e+02
43:	0.00e+00	0.00e+00
44:	0.00e+00	0.00e+00
45:	0.00e+00	8.00e+02
46:	0.00e+00	8.00e+02
47:	0.00e+00	0.00e+00
48:	0.00e+00	0.00e+00
49:	0.00e+00	8.00e+02
50:	0.00e+00	8.00e+02
51:	0.00e+00	0.00e+00
New op index: 10	$R_Y$(3)
Current grad: 1.643354957718493e-14
Precision cutoff reached.
Calculating energies for FreeWilson2D(N_x=2, N_y=2, mass=-0.286, r=1.000)
h_im: 0.0
New op index: 39	$R_{YX-XY}$(3)
Current grad: 4.440892098500626e-16
0:	0.00e+00	5.00e+01
1:	0.00e+00	5.00e+01
2:	0.00e+00	0.00e+00
3:	0.00e+00	5.00e+01
4:	0.00e+00	5.00e+01
5:	0.00e+00	0.00e+00
6:	0.00e+00	5.00e+01
7:	0.00e+00	5.00e+01
8:	0.00e+00	0.00e+00
9:	0.00e+00	5.00e+01
10:	0.00e+00	5.00e+01
11:	0.00e+00	0.00e+00
12:	0.00e+00	5.00e+01
13:	0.00e+00	5.00e+01
14:	0.00e+00	0.00e+00
15:	0.00e+00	5.00e+01
16:	0.00e+00	5.00e+01
17:	0.00e+00	0.00e+00
18:	0.00e+00	5.00e+01
19:	0.00e+00	5.00e+01
20:	0.00e+00	0.00e+00
21:	0.00e+00	5.00e+01
22:	0.00e+00	5.00e+01
23:	0.00e+00	0.00e+00
24:	0.00e+00	0.00e+00
25:	0.00e+00	8.00e+02
26:	0.00e+00	8.00e+02
27:	0.00e+00	0.00e+00
28:	0.00e+00	0.00e+00
29:	0.00e+00	8.00e+02
30:	0.00e+00	8.00e+02
31:	0.00e+00	0.00e+00
32:	0.00e+00	0.00e+00
33:	0.00e+00	8.00e+02
34:	0.00e+00	8.00e+02
35:	0.00e+00	0.00e+00
36:	0.00e+00	0.00e+00
37:	0.00e+00	0.00e+00
38:	0.00e+00	0.00e+00
39:	4.44e-16	0.00e+00
40:	0.00e+00	0.00e+00
41:	0.00e+00	8.00e+02
42:	0.00e+00	8.00e+02
43:	0.00e+00	0.00e+00
44:	0.00e+00	0.00e+00
45:	0.00e+00	8.00e+02
46:	0.00e+00	8.00e+02
47:	0.00e+00	0.00e+00
48:	0.00e+00	0.00e+00
49:	0.00e+00	8.00e+02
50:	0.00e+00	8.00e+02
51:	0.00e+00	0.00e+00
New op index: 10	$R_Y$(3)
Current grad: 1.643995811783262e-14
Precision cutoff reached.
Calculating energies for FreeWilson2D(N_x=2, N_y=2, mass=-0.122, r=1.000)
h_im: 0.0
New op index: 39	$R_{YX-XY}$(3)
Current grad: 4.440892098500626e-16
0:	0.00e+00	5.00e+01
1:	0.00e+00	5.00e+01
2:	0.00e+00	0.00e+00
3:	0.00e+00	5.00e+01
4:	0.00e+00	5.00e+01
5:	0.00e+00	0.00e+00
6:	0.00e+00	5.00e+01
7:	0.00e+00	5.00e+01
8:	0.00e+00	0.00e+00
9:	0.00e+00	5.00e+01
10:	0.00e+00	5.00e+01
11:	0.00e+00	0.00e+00
12:	0.00e+00	5.00e+01
13:	0.00e+00	5.00e+01
14:	0.00e+00	0.00e+00
15:	0.00e+00	5.00e+01
16:	0.00e+00	5.00e+01
17:	0.00e+00	0.00e+00
18:	0.00e+00	5.00e+01
19:	0.00e+00	5.00e+01
20:	0.00e+00	0.00e+00
21:	0.00e+00	5.00e+01
22:	0.00e+00	5.00e+01
23:	0.00e+00	0.00e+00
24:	0.00e+00	0.00e+00
25:	0.00e+00	8.00e+02
26:	0.00e+00	8.00e+02
27:	0.00e+00	0.00e+00
28:	0.00e+00	0.00e+00
29:	0.00e+00	8.00e+02
30:	0.00e+00	8.00e+02
31:	0.00e+00	0.00e+00
32:	0.00e+00	0.00e+00
33:	0.00e+00	8.00e+02
34:	0.00e+00	8.00e+02
35:	0.00e+00	0.00e+00
36:	0.00e+00	0.00e+00
37:	0.00e+00	0.00e+00
38:	0.00e+00	0.00e+00
39:	4.44e-16	0.00e+00
40:	0.00e+00	0.00e+00
41:	0.00e+00	8.00e+02
42:	0.00e+00	8.00e+02
43:	0.00e+00	0.00e+00
44:	0.00e+00	0.00e+00
45:	0.00e+00	8.00e+02
46:	0.00e+00	8.00e+02
47:	0.00e+00	0.00e+00
48:	0.00e+00	0.00e+00
49:	0.00e+00	8.00e+02
50:	0.00e+00	8.00e+02
51:	0.00e+00	0.00e+00
New op index: 10	$R_Y$(3)
Current grad: 1.644636665848031e-14
Precision cutoff reached.
Calculating energies for FreeWilson2D(N_x=2, N_y=2, mass=0.041, r=1.000)
h_im: 0.0
New op index: 39	$R_{YX-XY}$(3)
Current grad: 4.440892098500626e-16
0:	0.00e+00	5.00e+01
1:	0.00e+00	5.00e+01
2:	0.00e+00	0.00e+00
3:	0.00e+00	5.00e+01
4:	0.00e+00	5.00e+01
5:	0.00e+00	0.00e+00
6:	0.00e+00	5.00e+01
7:	0.00e+00	5.00e+01
8:	0.00e+00	0.00e+00
9:	0.00e+00	5.00e+01
10:	0.00e+00	5.00e+01
11:	0.00e+00	0.00e+00
12:	0.00e+00	5.00e+01
13:	0.00e+00	5.00e+01
14:	0.00e+00	0.00e+00
15:	0.00e+00	5.00e+01
16:	0.00e+00	5.00e+01
17:	0.00e+00	0.00e+00
18:	0.00e+00	5.00e+01
19:	0.00e+00	5.00e+01
20:	0.00e+00	0.00e+00
21:	0.00e+00	5.00e+01
22:	0.00e+00	5.00e+01
23:	0.00e+00	0.00e+00
24:	0.00e+00	0.00e+00
25:	0.00e+00	8.00e+02
26:	0.00e+00	8.00e+02
27:	0.00e+00	0.00e+00
28:	0.00e+00	0.00e+00
29:	0.00e+00	8.00e+02
30:	0.00e+00	8.00e+02
31:	0.00e+00	0.00e+00
32:	0.00e+00	0.00e+00
33:	0.00e+00	8.00e+02
34:	0.00e+00	8.00e+02
35:	0.00e+00	0.00e+00
36:	0.00e+00	0.00e+00
37:	0.00e+00	0.00e+00
38:	0.00e+00	0.00e+00
39:	4.44e-16	0.00e+00
40:	0.00e+00	0.00e+00
41:	0.00e+00	8.00e+02
42:	0.00e+00	8.00e+02
43:	0.00e+00	0.00e+00
44:	0.00e+00	0.00e+00
45:	0.00e+00	8.00e+02
46:	0.00e+00	8.00e+02
47:	0.00e+00	0.00e+00
48:	0.00e+00	0.00e+00
49:	0.00e+00	8.00e+02
50:	0.00e+00	8.00e+02
51:	0.00e+00	0.00e+00
New op index: 10	$R_Y$(3)
Current grad: 1.6452775199127997e-14
Precision cutoff reached.
Calculating energies for FreeWilson2D(N_x=2, N_y=2, mass=0.204, r=1.000)
h_im: 0.0
New op index: 39	$R_{YX-XY}$(3)
Current grad: 4.440892098500626e-16
0:	0.00e+00	5.00e+01
1:	0.00e+00	5.00e+01
2:	0.00e+00	0.00e+00
3:	0.00e+00	5.00e+01
4:	0.00e+00	5.00e+01
5:	0.00e+00	0.00e+00
6:	0.00e+00	5.00e+01
7:	0.00e+00	5.00e+01
8:	0.00e+00	0.00e+00
9:	0.00e+00	5.00e+01
10:	0.00e+00	5.00e+01
11:	0.00e+00	0.00e+00
12:	0.00e+00	5.00e+01
13:	0.00e+00	5.00e+01
14:	0.00e+00	0.00e+00
15:	0.00e+00	5.00e+01
16:	0.00e+00	5.00e+01
17:	0.00e+00	0.00e+00
18:	0.00e+00	5.00e+01
19:	0.00e+00	5.00e+01
20:	0.00e+00	0.00e+00
21:	0.00e+00	5.00e+01
22:	0.00e+00	5.00e+01
23:	0.00e+00	0.00e+00
24:	0.00e+00	0.00e+00
25:	0.00e+00	8.00e+02
26:	0.00e+00	8.00e+02
27:	0.00e+00	0.00e+00
28:	0.00e+00	0.00e+00
29:	0.00e+00	8.00e+02
30:	0.00e+00	8.00e+02
31:	0.00e+00	0.00e+00
32:	0.00e+00	0.00e+00
33:	0.00e+00	8.00e+02
34:	0.00e+00	8.00e+02
35:	0.00e+00	0.00e+00
36:	0.00e+00	0.00e+00
37:	0.00e+00	0.00e+00
38:	0.00e+00	0.00e+00
39:	4.44e-16	0.00e+00
40:	0.00e+00	0.00e+00
41:	0.00e+00	8.00e+02
42:	0.00e+00	8.00e+02
43:	0.00e+00	0.00e+00
44:	0.00e+00	0.00e+00
45:	0.00e+00	8.00e+02
46:	0.00e+00	8.00e+02
47:	0.00e+00	0.00e+00
48:	0.00e+00	0.00e+00
49:	0.00e+00	8.00e+02
50:	0.00e+00	8.00e+02
51:	0.00e+00	0.00e+00
New op index: 10	$R_Y$(3)
Current grad: 1.6459183739775688e-14
Precision cutoff reached.
Calculating energies for FreeWilson2D(N_x=2, N_y=2, mass=0.367, r=1.000)
h_im: 0.0
New op index: 39	$R_{YX-XY}$(3)
Current grad: 4.440892098500626e-16
0:	0.00e+00	5.00e+01
1:	0.00e+00	5.00e+01
2:	0.00e+00	0.00e+00
3:	0.00e+00	5.00e+01
4:	0.00e+00	5.00e+01
5:	0.00e+00	0.00e+00
6:	0.00e+00	5.00e+01
7:	0.00e+00	5.00e+01
8:	0.00e+00	0.00e+00
9:	0.00e+00	5.00e+01
10:	0.00e+00	5.00e+01
11:	0.00e+00	0.00e+00
12:	0.00e+00	5.00e+01
13:	0.00e+00	5.00e+01
14:	0.00e+00	0.00e+00
15:	0.00e+00	5.00e+01
16:	0.00e+00	5.00e+01
17:	0.00e+00	0.00e+00
18:	0.00e+00	5.00e+01
19:	0.00e+00	5.00e+01
20:	0.00e+00	0.00e+00
21:	0.00e+00	5.00e+01
22:	0.00e+00	5.00e+01
23:	0.00e+00	0.00e+00
24:	0.00e+00	0.00e+00
25:	0.00e+00	8.00e+02
26:	0.00e+00	8.00e+02
27:	0.00e+00	0.00e+00
28:	0.00e+00	0.00e+00
29:	0.00e+00	8.00e+02
30:	0.00e+00	8.00e+02
31:	0.00e+00	0.00e+00
32:	0.00e+00	0.00e+00
33:	0.00e+00	8.00e+02
34:	0.00e+00	8.00e+02
35:	0.00e+00	0.00e+00
36:	0.00e+00	0.00e+00
37:	0.00e+00	0.00e+00
38:	0.00e+00	0.00e+00
39:	4.44e-16	0.00e+00
40:	0.00e+00	0.00e+00
41:	0.00e+00	8.00e+02
42:	0.00e+00	8.00e+02
43:	0.00e+00	0.00e+00
44:	0.00e+00	0.00e+00
45:	0.00e+00	8.00e+02
46:	0.00e+00	8.00e+02
47:	0.00e+00	0.00e+00
48:	0.00e+00	0.00e+00
49:	0.00e+00	8.00e+02
50:	0.00e+00	8.00e+02
51:	0.00e+00	0.00e+00
New op index: 10	$R_Y$(3)
Current grad: 1.6465592280423375e-14
Precision cutoff reached.
Calculating energies for FreeWilson2D(N_x=2, N_y=2, mass=0.531, r=1.000)
h_im: 0.0
New op index: 39	$R_{YX-XY}$(3)
Current grad: 4.440892098500626e-16
0:	0.00e+00	5.00e+01
1:	0.00e+00	5.00e+01
2:	0.00e+00	0.00e+00
3:	0.00e+00	5.00e+01
4:	0.00e+00	5.00e+01
5:	0.00e+00	0.00e+00
6:	0.00e+00	5.00e+01
7:	0.00e+00	5.00e+01
8:	0.00e+00	0.00e+00
9:	0.00e+00	5.00e+01
10:	0.00e+00	5.00e+01
11:	0.00e+00	0.00e+00
12:	0.00e+00	5.00e+01
13:	0.00e+00	5.00e+01
14:	0.00e+00	0.00e+00
15:	0.00e+00	5.00e+01
16:	0.00e+00	5.00e+01
17:	0.00e+00	0.00e+00
18:	0.00e+00	5.00e+01
19:	0.00e+00	5.00e+01
20:	0.00e+00	0.00e+00
21:	0.00e+00	5.00e+01
22:	0.00e+00	5.00e+01
23:	0.00e+00	0.00e+00
24:	0.00e+00	0.00e+00
25:	0.00e+00	8.00e+02
26:	0.00e+00	8.00e+02
27:	0.00e+00	0.00e+00
28:	0.00e+00	0.00e+00
29:	0.00e+00	8.00e+02
30:	0.00e+00	8.00e+02
31:	0.00e+00	0.00e+00
32:	0.00e+00	0.00e+00
33:	0.00e+00	8.00e+02
34:	0.00e+00	8.00e+02
35:	0.00e+00	0.00e+00
36:	0.00e+00	0.00e+00
37:	0.00e+00	0.00e+00
38:	0.00e+00	0.00e+00
39:	4.44e-16	0.00e+00
40:	0.00e+00	0.00e+00
41:	0.00e+00	8.00e+02
42:	0.00e+00	8.00e+02
43:	0.00e+00	0.00e+00
44:	0.00e+00	0.00e+00
45:	0.00e+00	8.00e+02
46:	0.00e+00	8.00e+02
47:	0.00e+00	0.00e+00
48:	0.00e+00	0.00e+00
49:	0.00e+00	8.00e+02
50:	0.00e+00	8.00e+02
51:	0.00e+00	0.00e+00
New op index: 10	$R_Y$(3)
Current grad: 1.6472000821071066e-14
Precision cutoff reached.
Calculating energies for FreeWilson2D(N_x=2, N_y=2, mass=0.694, r=1.000)
h_im: 0.0
New op index: 39	$R_{YX-XY}$(3)
Current grad: 4.440892098500626e-16
0:	0.00e+00	5.00e+01
1:	0.00e+00	5.00e+01
2:	0.00e+00	0.00e+00
3:	0.00e+00	5.00e+01
4:	0.00e+00	5.00e+01
5:	0.00e+00	0.00e+00
6:	0.00e+00	5.00e+01
7:	0.00e+00	5.00e+01
8:	0.00e+00	0.00e+00
9:	0.00e+00	5.00e+01
10:	0.00e+00	5.00e+01
11:	0.00e+00	0.00e+00
12:	0.00e+00	5.00e+01
13:	0.00e+00	5.00e+01
14:	0.00e+00	0.00e+00
15:	0.00e+00	5.00e+01
16:	0.00e+00	5.00e+01
17:	0.00e+00	0.00e+00
18:	0.00e+00	5.00e+01
19:	0.00e+00	5.00e+01
20:	0.00e+00	0.00e+00
21:	0.00e+00	5.00e+01
22:	0.00e+00	5.00e+01
23:	0.00e+00	0.00e+00
24:	0.00e+00	0.00e+00
25:	0.00e+00	8.00e+02
26:	0.00e+00	8.00e+02
27:	0.00e+00	0.00e+00
28:	0.00e+00	0.00e+00
29:	0.00e+00	8.00e+02
30:	0.00e+00	8.00e+02
31:	0.00e+00	0.00e+00
32:	0.00e+00	0.00e+00
33:	0.00e+00	8.00e+02
34:	0.00e+00	8.00e+02
35:	0.00e+00	0.00e+00
36:	0.00e+00	0.00e+00
37:	0.00e+00	0.00e+00
38:	0.00e+00	0.00e+00
39:	4.44e-16	0.00e+00
40:	0.00e+00	0.00e+00
41:	0.00e+00	8.00e+02
42:	0.00e+00	8.00e+02
43:	0.00e+00	0.00e+00
44:	0.00e+00	0.00e+00
45:	0.00e+00	8.00e+02
46:	0.00e+00	8.00e+02
47:	0.00e+00	0.00e+00
48:	0.00e+00	0.00e+00
49:	0.00e+00	8.00e+02
50:	0.00e+00	8.00e+02
51:	0.00e+00	0.00e+00
New op index: 10	$R_Y$(3)
Current grad: 1.6478409361718753e-14
Precision cutoff reached.
Calculating energies for FreeWilson2D(N_x=2, N_y=2, mass=0.857, r=1.000)
h_im: 0.0
New op index: 39	$R_{YX-XY}$(3)
Current grad: 4.440892098500626e-16
0:	0.00e+00	5.00e+01
1:	0.00e+00	5.00e+01
2:	0.00e+00	0.00e+00
3:	0.00e+00	5.00e+01
4:	0.00e+00	5.00e+01
5:	0.00e+00	0.00e+00
6:	0.00e+00	5.00e+01
7:	0.00e+00	5.00e+01
8:	0.00e+00	0.00e+00
9:	0.00e+00	5.00e+01
10:	0.00e+00	5.00e+01
11:	0.00e+00	0.00e+00
12:	0.00e+00	5.00e+01
13:	0.00e+00	5.00e+01
14:	0.00e+00	0.00e+00
15:	0.00e+00	5.00e+01
16:	0.00e+00	5.00e+01
17:	0.00e+00	0.00e+00
18:	0.00e+00	5.00e+01
19:	0.00e+00	5.00e+01
20:	0.00e+00	0.00e+00
21:	0.00e+00	5.00e+01
22:	0.00e+00	5.00e+01
23:	0.00e+00	0.00e+00
24:	0.00e+00	0.00e+00
25:	0.00e+00	8.00e+02
26:	0.00e+00	8.00e+02
27:	0.00e+00	0.00e+00
28:	0.00e+00	0.00e+00
29:	0.00e+00	8.00e+02
30:	0.00e+00	8.00e+02
31:	0.00e+00	0.00e+00
32:	0.00e+00	0.00e+00
33:	0.00e+00	8.00e+02
34:	0.00e+00	8.00e+02
35:	0.00e+00	0.00e+00
36:	0.00e+00	0.00e+00
37:	0.00e+00	0.00e+00
38:	0.00e+00	0.00e+00
39:	4.44e-16	0.00e+00
40:	0.00e+00	0.00e+00
41:	0.00e+00	8.00e+02
42:	0.00e+00	8.00e+02
43:	0.00e+00	0.00e+00
44:	0.00e+00	0.00e+00
45:	0.00e+00	8.00e+02
46:	0.00e+00	8.00e+02
47:	0.00e+00	0.00e+00
48:	0.00e+00	0.00e+00
49:	0.00e+00	8.00e+02
50:	0.00e+00	8.00e+02
51:	0.00e+00	0.00e+00
New op index: 10	$R_Y$(3)
Current grad: 1.648481790236644e-14
Precision cutoff reached.
Calculating energies for FreeWilson2D(N_x=2, N_y=2, mass=1.020, r=1.000)
h_im: 0.0
New op index: 39	$R_{YX-XY}$(3)
Current grad: 4.440892098500626e-16
0:	0.00e+00	5.00e+01
1:	0.00e+00	5.00e+01
2:	0.00e+00	0.00e+00
3:	0.00e+00	5.00e+01
4:	0.00e+00	5.00e+01
5:	0.00e+00	0.00e+00
6:	0.00e+00	5.00e+01
7:	0.00e+00	5.00e+01
8:	0.00e+00	0.00e+00
9:	0.00e+00	5.00e+01
10:	0.00e+00	5.00e+01
11:	0.00e+00	0.00e+00
12:	0.00e+00	5.00e+01
13:	0.00e+00	5.00e+01
14:	0.00e+00	0.00e+00
15:	0.00e+00	5.00e+01
16:	0.00e+00	5.00e+01
17:	0.00e+00	0.00e+00
18:	0.00e+00	5.00e+01
19:	0.00e+00	5.00e+01
20:	0.00e+00	0.00e+00
21:	0.00e+00	5.00e+01
22:	0.00e+00	5.00e+01
23:	0.00e+00	0.00e+00
24:	0.00e+00	0.00e+00
25:	0.00e+00	8.00e+02
26:	0.00e+00	8.00e+02
27:	0.00e+00	0.00e+00
28:	0.00e+00	0.00e+00
29:	0.00e+00	8.00e+02
30:	0.00e+00	8.00e+02
31:	0.00e+00	0.00e+00
32:	0.00e+00	0.00e+00
33:	0.00e+00	8.00e+02
34:	0.00e+00	8.00e+02
35:	0.00e+00	0.00e+00
36:	0.00e+00	0.00e+00
37:	0.00e+00	0.00e+00
38:	0.00e+00	0.00e+00
39:	4.44e-16	0.00e+00
40:	0.00e+00	0.00e+00
41:	0.00e+00	8.00e+02
42:	0.00e+00	8.00e+02
43:	0.00e+00	0.00e+00
44:	0.00e+00	0.00e+00
45:	0.00e+00	8.00e+02
46:	0.00e+00	8.00e+02
47:	0.00e+00	0.00e+00
48:	0.00e+00	0.00e+00
49:	0.00e+00	8.00e+02
50:	0.00e+00	8.00e+02
51:	0.00e+00	0.00e+00
New op index: 10	$R_Y$(3)
Current grad: 1.649122644301413e-14
Precision cutoff reached.
Calculating energies for FreeWilson2D(N_x=2, N_y=2, mass=1.184, r=1.000)
h_im: 0.0
New op index: 39	$R_{YX-XY}$(3)
Current grad: 4.440892098500626e-16
0:	0.00e+00	5.00e+01
1:	0.00e+00	5.00e+01
2:	0.00e+00	0.00e+00
3:	0.00e+00	5.00e+01
4:	0.00e+00	5.00e+01
5:	0.00e+00	0.00e+00
6:	0.00e+00	5.00e+01
7:	0.00e+00	5.00e+01
8:	0.00e+00	0.00e+00
9:	0.00e+00	5.00e+01
10:	0.00e+00	5.00e+01
11:	0.00e+00	0.00e+00
12:	0.00e+00	5.00e+01
13:	0.00e+00	5.00e+01
14:	0.00e+00	0.00e+00
15:	0.00e+00	5.00e+01
16:	0.00e+00	5.00e+01
17:	0.00e+00	0.00e+00
18:	0.00e+00	5.00e+01
19:	0.00e+00	5.00e+01
20:	0.00e+00	0.00e+00
21:	0.00e+00	5.00e+01
22:	0.00e+00	5.00e+01
23:	0.00e+00	0.00e+00
24:	0.00e+00	0.00e+00
25:	0.00e+00	8.00e+02
26:	0.00e+00	8.00e+02
27:	0.00e+00	0.00e+00
28:	0.00e+00	0.00e+00
29:	0.00e+00	8.00e+02
30:	0.00e+00	8.00e+02
31:	0.00e+00	0.00e+00
32:	0.00e+00	0.00e+00
33:	0.00e+00	8.00e+02
34:	0.00e+00	8.00e+02
35:	0.00e+00	0.00e+00
36:	0.00e+00	0.00e+00
37:	0.00e+00	0.00e+00
38:	0.00e+00	0.00e+00
39:	4.44e-16	0.00e+00
40:	0.00e+00	0.00e+00
41:	0.00e+00	8.00e+02
42:	0.00e+00	8.00e+02
43:	0.00e+00	0.00e+00
44:	0.00e+00	0.00e+00
45:	0.00e+00	8.00e+02
46:	0.00e+00	8.00e+02
47:	0.00e+00	0.00e+00
48:	0.00e+00	0.00e+00
49:	0.00e+00	8.00e+02
50:	0.00e+00	8.00e+02
51:	0.00e+00	0.00e+00
New op index: 10	$R_Y$(3)
Current grad: 1.649763498366182e-14
Precision cutoff reached.
Calculating energies for FreeWilson2D(N_x=2, N_y=2, mass=1.347, r=1.000)
h_im: 0.0
New op index: 39	$R_{YX-XY}$(3)
Current grad: 4.440892098500626e-16
0:	0.00e+00	5.00e+01
1:	0.00e+00	5.00e+01
2:	0.00e+00	0.00e+00
3:	0.00e+00	5.00e+01
4:	0.00e+00	5.00e+01
5:	0.00e+00	0.00e+00
6:	0.00e+00	5.00e+01
7:	0.00e+00	5.00e+01
8:	0.00e+00	0.00e+00
9:	0.00e+00	5.00e+01
10:	0.00e+00	5.00e+01
11:	0.00e+00	0.00e+00
12:	0.00e+00	5.00e+01
13:	0.00e+00	5.00e+01
14:	0.00e+00	0.00e+00
15:	0.00e+00	5.00e+01
16:	0.00e+00	5.00e+01
17:	0.00e+00	0.00e+00
18:	0.00e+00	5.00e+01
19:	0.00e+00	5.00e+01
20:	0.00e+00	0.00e+00
21:	0.00e+00	5.00e+01
22:	0.00e+00	5.00e+01
23:	0.00e+00	0.00e+00
24:	0.00e+00	0.00e+00
25:	0.00e+00	8.00e+02
26:	0.00e+00	8.00e+02
27:	0.00e+00	0.00e+00
28:	0.00e+00	0.00e+00
29:	0.00e+00	8.00e+02
30:	0.00e+00	8.00e+02
31:	0.00e+00	0.00e+00
32:	0.00e+00	0.00e+00
33:	0.00e+00	8.00e+02
34:	0.00e+00	8.00e+02
35:	0.00e+00	0.00e+00
36:	0.00e+00	0.00e+00
37:	0.00e+00	0.00e+00
38:	0.00e+00	0.00e+00
39:	4.44e-16	0.00e+00
40:	0.00e+00	0.00e+00
41:	0.00e+00	8.00e+02
42:	0.00e+00	8.00e+02
43:	0.00e+00	0.00e+00
44:	0.00e+00	0.00e+00
45:	0.00e+00	8.00e+02
46:	0.00e+00	8.00e+02
47:	0.00e+00	0.00e+00
48:	0.00e+00	0.00e+00
49:	0.00e+00	8.00e+02
50:	0.00e+00	8.00e+02
51:	0.00e+00	0.00e+00
New op index: 10	$R_Y$(3)
Current grad: 1.650404352430951e-14
Precision cutoff reached.
Calculating energies for FreeWilson2D(N_x=2, N_y=2, mass=1.510, r=1.000)
h_im: 0.0
New op index: 39	$R_{YX-XY}$(3)
Current grad: 4.440892098500626e-16
0:	0.00e+00	5.00e+01
1:	0.00e+00	5.00e+01
2:	0.00e+00	0.00e+00
3:	0.00e+00	5.00e+01
4:	0.00e+00	5.00e+01
5:	0.00e+00	0.00e+00
6:	0.00e+00	5.00e+01
7:	0.00e+00	5.00e+01
8:	0.00e+00	0.00e+00
9:	0.00e+00	5.00e+01
10:	0.00e+00	5.00e+01
11:	0.00e+00	0.00e+00
12:	0.00e+00	5.00e+01
13:	0.00e+00	5.00e+01
14:	0.00e+00	0.00e+00
15:	0.00e+00	5.00e+01
16:	0.00e+00	5.00e+01
17:	0.00e+00	0.00e+00
18:	0.00e+00	5.00e+01
19:	0.00e+00	5.00e+01
20:	0.00e+00	0.00e+00
21:	0.00e+00	5.00e+01
22:	0.00e+00	5.00e+01
23:	0.00e+00	0.00e+00
24:	0.00e+00	0.00e+00
25:	0.00e+00	8.00e+02
26:	0.00e+00	8.00e+02
27:	0.00e+00	0.00e+00
28:	0.00e+00	0.00e+00
29:	0.00e+00	8.00e+02
30:	0.00e+00	8.00e+02
31:	0.00e+00	0.00e+00
32:	0.00e+00	0.00e+00
33:	0.00e+00	8.00e+02
34:	0.00e+00	8.00e+02
35:	0.00e+00	0.00e+00
36:	0.00e+00	0.00e+00
37:	0.00e+00	0.00e+00
38:	0.00e+00	0.00e+00
39:	4.44e-16	0.00e+00
40:	0.00e+00	0.00e+00
41:	0.00e+00	8.00e+02
42:	0.00e+00	8.00e+02
43:	0.00e+00	0.00e+00
44:	0.00e+00	0.00e+00
45:	0.00e+00	8.00e+02
46:	0.00e+00	8.00e+02
47:	0.00e+00	0.00e+00
48:	0.00e+00	0.00e+00
49:	0.00e+00	8.00e+02
50:	0.00e+00	8.00e+02
51:	0.00e+00	0.00e+00
New op index: 10	$R_Y$(3)
Current grad: 1.6510452064957197e-14
Precision cutoff reached.
Calculating energies for FreeWilson2D(N_x=2, N_y=2, mass=1.673, r=1.000)
h_im: 0.0
New op index: 39	$R_{YX-XY}$(3)
Current grad: 4.440892098500626e-16
0:	0.00e+00	5.00e+01
1:	0.00e+00	5.00e+01
2:	0.00e+00	0.00e+00
3:	0.00e+00	5.00e+01
4:	0.00e+00	5.00e+01
5:	0.00e+00	0.00e+00
6:	0.00e+00	5.00e+01
7:	0.00e+00	5.00e+01
8:	0.00e+00	0.00e+00
9:	0.00e+00	5.00e+01
10:	0.00e+00	5.00e+01
11:	0.00e+00	0.00e+00
12:	0.00e+00	5.00e+01
13:	0.00e+00	5.00e+01
14:	0.00e+00	0.00e+00
15:	0.00e+00	5.00e+01
16:	0.00e+00	5.00e+01
17:	0.00e+00	0.00e+00
18:	0.00e+00	5.00e+01
19:	0.00e+00	5.00e+01
20:	0.00e+00	0.00e+00
21:	0.00e+00	5.00e+01
22:	0.00e+00	5.00e+01
23:	0.00e+00	0.00e+00
24:	0.00e+00	0.00e+00
25:	0.00e+00	8.00e+02
26:	0.00e+00	8.00e+02
27:	0.00e+00	0.00e+00
28:	0.00e+00	0.00e+00
29:	0.00e+00	8.00e+02
30:	0.00e+00	8.00e+02
31:	0.00e+00	0.00e+00
32:	0.00e+00	0.00e+00
33:	0.00e+00	8.00e+02
34:	0.00e+00	8.00e+02
35:	0.00e+00	0.00e+00
36:	0.00e+00	0.00e+00
37:	0.00e+00	0.00e+00
38:	0.00e+00	0.00e+00
39:	4.44e-16	0.00e+00
40:	0.00e+00	0.00e+00
41:	0.00e+00	8.00e+02
42:	0.00e+00	8.00e+02
43:	0.00e+00	0.00e+00
44:	0.00e+00	0.00e+00
45:	0.00e+00	8.00e+02
46:	0.00e+00	8.00e+02
47:	0.00e+00	0.00e+00
48:	0.00e+00	0.00e+00
49:	0.00e+00	8.00e+02
50:	0.00e+00	8.00e+02
51:	0.00e+00	0.00e+00
New op index: 10	$R_Y$(3)
Current grad: 1.6516860605604887e-14
Precision cutoff reached.
Calculating energies for FreeWilson2D(N_x=2, N_y=2, mass=1.837, r=1.000)
h_im: 0.0
New op index: 39	$R_{YX-XY}$(3)
Current grad: 4.440892098500626e-16
0:	0.00e+00	5.00e+01
1:	0.00e+00	5.00e+01
2:	0.00e+00	0.00e+00
3:	0.00e+00	5.00e+01
4:	0.00e+00	5.00e+01
5:	0.00e+00	0.00e+00
6:	0.00e+00	5.00e+01
7:	0.00e+00	5.00e+01
8:	0.00e+00	0.00e+00
9:	0.00e+00	5.00e+01
10:	0.00e+00	5.00e+01
11:	0.00e+00	0.00e+00
12:	0.00e+00	5.00e+01
13:	0.00e+00	5.00e+01
14:	0.00e+00	0.00e+00
15:	0.00e+00	5.00e+01
16:	0.00e+00	5.00e+01
17:	0.00e+00	0.00e+00
18:	0.00e+00	5.00e+01
19:	0.00e+00	5.00e+01
20:	0.00e+00	0.00e+00
21:	0.00e+00	5.00e+01
22:	0.00e+00	5.00e+01
23:	0.00e+00	0.00e+00
24:	0.00e+00	0.00e+00
25:	0.00e+00	8.00e+02
26:	0.00e+00	8.00e+02
27:	0.00e+00	0.00e+00
28:	0.00e+00	0.00e+00
29:	0.00e+00	8.00e+02
30:	0.00e+00	8.00e+02
31:	0.00e+00	0.00e+00
32:	0.00e+00	0.00e+00
33:	0.00e+00	8.00e+02
34:	0.00e+00	8.00e+02
35:	0.00e+00	0.00e+00
36:	0.00e+00	0.00e+00
37:	0.00e+00	0.00e+00
38:	0.00e+00	0.00e+00
39:	4.44e-16	0.00e+00
40:	0.00e+00	0.00e+00
41:	0.00e+00	8.00e+02
42:	0.00e+00	8.00e+02
43:	0.00e+00	0.00e+00
44:	0.00e+00	0.00e+00
45:	0.00e+00	8.00e+02
46:	0.00e+00	8.00e+02
47:	0.00e+00	0.00e+00
48:	0.00e+00	0.00e+00
49:	0.00e+00	8.00e+02
50:	0.00e+00	8.00e+02
51:	0.00e+00	0.00e+00
New op index: 10	$R_Y$(3)
Current grad: 1.6523269146252575e-14
Precision cutoff reached.
Calculating energies for FreeWilson2D(N_x=2, N_y=2, mass=2.000, r=1.000)
h_im: 0.0
New op index: 39	$R_{YX-XY}$(3)
Current grad: 4.440892098500626e-16
0:	0.00e+00	5.00e+01
1:	0.00e+00	5.00e+01
2:	0.00e+00	0.00e+00
3:	0.00e+00	5.00e+01
4:	0.00e+00	5.00e+01
5:	0.00e+00	0.00e+00
6:	0.00e+00	5.00e+01
7:	0.00e+00	5.00e+01
8:	0.00e+00	0.00e+00
9:	0.00e+00	5.00e+01
10:	0.00e+00	5.00e+01
11:	0.00e+00	0.00e+00
12:	0.00e+00	5.00e+01
13:	0.00e+00	5.00e+01
14:	0.00e+00	0.00e+00
15:	0.00e+00	5.00e+01
16:	0.00e+00	5.00e+01
17:	0.00e+00	0.00e+00
18:	0.00e+00	5.00e+01
19:	0.00e+00	5.00e+01
20:	0.00e+00	0.00e+00
21:	0.00e+00	5.00e+01
22:	0.00e+00	5.00e+01
23:	0.00e+00	0.00e+00
24:	0.00e+00	0.00e+00
25:	0.00e+00	8.00e+02
26:	0.00e+00	8.00e+02
27:	0.00e+00	0.00e+00
28:	0.00e+00	0.00e+00
29:	0.00e+00	8.00e+02
30:	0.00e+00	8.00e+02
31:	0.00e+00	0.00e+00
32:	0.00e+00	0.00e+00
33:	0.00e+00	8.00e+02
34:	0.00e+00	8.00e+02
35:	0.00e+00	0.00e+00
36:	0.00e+00	0.00e+00
37:	0.00e+00	0.00e+00
38:	0.00e+00	0.00e+00
39:	4.44e-16	0.00e+00
40:	0.00e+00	0.00e+00
41:	0.00e+00	8.00e+02
42:	0.00e+00	8.00e+02
43:	0.00e+00	0.00e+00
44:	0.00e+00	0.00e+00
45:	0.00e+00	8.00e+02
46:	0.00e+00	8.00e+02
47:	0.00e+00	0.00e+00
48:	0.00e+00	0.00e+00
49:	0.00e+00	8.00e+02
50:	0.00e+00	8.00e+02
51:	0.00e+00	0.00e+00
New op index: 10	$R_Y$(3)
Current grad: 1.6529677686900265e-14
Precision cutoff reached.
-----Beginning pprint-----
/:
	Attributes:
		ProcessId: 23886472
	2025-11-14_17-47-24-23886472:
		Attributes:
			HamiltonianType: ZeroChargePenalty
			Last-Modified: 2025-11-14_17-47-24
			ProcessId: 23886472
			SimulatorType: Aer
			SolverName: AdaptVQE
			SystemName: FreeWilson2D
			n_x: 2
			n_y: 2
			r: 1.0
		AdaptOptions:
			Attributes:
				gradient_hamiltonian_type: HamiltonianType.ZeroChargePenalty
				max_depth: 200
				prec_cutoff: 0.001
				precision: 0
		AnsatzOperatorDerivatives: Dataset (dtype=float64, shape=(50, 2, 52), maxshape=(50, None, 52))
			Attributes:
				DIMENSION_LABELS: ['mass' 'AnsatzOperatorAxis' 'AnsatzPoolOperatorAxis']
				NDataDims: 2
		AnsatzOperatorSecondDerivatives: Dataset (dtype=float64, shape=(50, 2, 52), maxshape=(50, None, 52))
			Attributes:
				DIMENSION_LABELS: ['mass' 'AnsatzOperatorAxis' 'AnsatzPoolOperatorAxis']
				NDataDims: 2
		AnsatzOperators: Dataset (dtype=int64, shape=(50, 1), maxshape=(50, None))
			Attributes:
				DIMENSION_LABELS: ['mass' 'AnsatzOperatorAxis']
				NDataDims: 1
		Circuit:
			Attributes:
				Ansatz: HardwareAdaptAnsatz12
			AnsatzOptions:
				Attributes:
					num_qubits: 8
		CircuitParameters: Dataset (dtype=float64, shape=(50, 10, 1), maxshape=(50, None, None))
			Attributes:
				DIMENSION_LABELS: ['mass' 'IterationAxis' 'CircuitParameterAxis']
				NDataDims: 2
		Data:
			Attributes:
			evs:
				Attributes:
				Hamiltonian: Dataset (dtype=float64, shape=(50, 10), maxshape=(50, None))
					Attributes:
						DIMENSION_LABELS: ['mass' 'IterationAxis']
						NDataDims: 1
			stds:
				Attributes:
				Hamiltonian: Dataset (dtype=float64, shape=(50, 10), maxshape=(50, None))
					Attributes:
						DIMENSION_LABELS: ['mass' 'IterationAxis']
						NDataDims: 1
		EstimatorOptions:
			Attributes:
				_VERSION: 2
				default_precision: Unset
				default_shots: Unset
				experimental: Unset
				max_execution_time: Unset
				resilience_level: Unset
				seed_estimator: 23886472
			dynamical_decoupling:
				Attributes:
					enable: Unset
					extra_slack_distribution: Unset
					scheduling_method: Unset
					sequence_type: Unset
					skip_reset_qubits: Unset
			environment:
				Attributes:
					callback: None
					job_tags: None
					log_level: WARNING
					private: False
			execution:
				Attributes:
					init_qubits: Unset
					rep_delay: Unset
			resilience:
				Attributes:
					layer_noise_model: Unset
					measure_mitigation: Unset
					pec_mitigation: Unset
					zne_mitigation: Unset
				layer_noise_learning:
					Attributes:
						layer_pair_depths: Unset
						max_layers_to_learn: Unset
						num_randomizations: Unset
						shots_per_randomization: Unset
				measure_noise_learning:
					Attributes:
						num_randomizations: Unset
						shots_per_randomization: Unset
				pec:
					Attributes:
						max_overhead: Unset
						noise_gain: Unset
				zne:
					Attributes:
						amplifier: Unset
						extrapolated_noise_factors: Unset
						extrapolator: Unset
						noise_factors: Unset
			simulator:
				Attributes:
					basis_gates: Unset
					coupling_map: Unset
					noise_model: Unset
					seed_simulator: Unset
			twirling:
				Attributes:
					enable_gates: Unset
					enable_measure: Unset
					num_randomizations: Unset
					shots_per_randomization: Unset
					strategy: Unset
		MetaData:
			Attributes:
			circuit_metadata: Dataset (dtype=object, shape=(50, 10), maxshape=(50, None))
				Attributes:
					DIMENSION_LABELS: ['mass' 'IterationAxis']
					NDataDims: 1
			simulator_metadata: Dataset (dtype=object, shape=(50, 10), maxshape=(50, None))
				Attributes:
					DIMENSION_LABELS: ['mass' 'IterationAxis']
					NDataDims: 1
			target_precision: Dataset (dtype=float64, shape=(50, 10), maxshape=(50, None))
				Attributes:
					DIMENSION_LABELS: ['mass' 'IterationAxis']
					NDataDims: 1
			version: Dataset (dtype=int64, shape=(50, 10), maxshape=(50, None))
				Attributes:
					DIMENSION_LABELS: ['mass' 'IterationAxis']
					NDataDims: 1
		NIterations: Dataset (dtype=int64, shape=(50,), maxshape=(50,))
			Attributes:
				DIMENSION_LABELS: ['mass']
				NDataDims: 0
		OptimizerOptions:
			Attributes:
				bounds: None
				callback: None
				constraints: []
				method: slsqp
				tol: None
				x0Seed: 23886472
			options:
				Attributes:
					disp: 0
					maxiter: 20000
		PresetPassManagerOptions:
			Attributes:
		SimulatorOptions:
			Attributes:
				method: statevector
		StartIterations: Dataset (dtype=int64, shape=(50, 1), maxshape=(50, None))
			Attributes:
				DIMENSION_LABELS: ['mass' 'AnsatzOperatorAxis']
				NDataDims: 1
		VersionInfo:
			Attributes:
				QiskitAerVersion: 0.17.1
				QiskitIBMRuntimeVersion: 0.41.1
				QiskitVersion: 2.1.2
		mass: Dataset (dtype=float64, shape=(50,), maxshape=(50,))
			Attributes:
-----Ending pprint-----
End 2025-11-14 17:47:37 | 23886472 MyPyJob | lmnode197 | /home/s6nidich_hpc/PycharmProjects/QC-MasterThesis 

