Start 2025-11-20 18:51:48 | 23964346 MyPyJob | lmnode209 | /home/s6nidich_hpc/PycharmProjects/QC-MasterThesis 

Used python interpreter:
/home/s6nidich_hpc/PycharmProjects/QC-MasterThesis/.venv_intel_3_12_3/bin/python
Python version:
Python 3.12.3

Currently Loaded Modules:
  1) GCCcore/13.3.0                   7) Tcl/8.6.14-GCCcore-13.3.0
  2) zlib/1.3.1-GCCcore-13.3.0        8) SQLite/3.45.3-GCCcore-13.3.0
  3) binutils/2.42-GCCcore-13.3.0     9) XZ/5.4.5-GCCcore-13.3.0
  4) bzip2/1.0.8-GCCcore-13.3.0      10) libffi/3.4.5-GCCcore-13.3.0
  5) ncurses/6.5-GCCcore-13.3.0      11) OpenSSL/3
  6) libreadline/8.2-GCCcore-13.3.0  12) Python/3.12.3-GCCcore-13.3.0

 

Start of Program:

-----Beginning pprint-----
/:
	Attributes:
-----Ending pprint-----
Calculating energies for FreeWilson2D(N_x=2, N_y=2, mass=-6.000, r=1.000)
h_im: 0.0
New op index: 26	$R_{YX+XY}$[0, 1]
Current grad: 1.1879386363489175e-14
0:	0.00e+00	-5.00e+01
1:	0.00e+00	-5.00e+01
2:	0.00e+00	0.00e+00
3:	0.00e+00	-5.00e+01
4:	0.00e+00	-5.00e+01
5:	0.00e+00	0.00e+00
6:	0.00e+00	-5.00e+01
7:	0.00e+00	-5.00e+01
8:	0.00e+00	0.00e+00
9:	0.00e+00	-5.00e+01
10:	0.00e+00	-5.00e+01
11:	0.00e+00	0.00e+00
12:	0.00e+00	-5.00e+01
13:	0.00e+00	-5.00e+01
14:	0.00e+00	0.00e+00
15:	0.00e+00	-5.00e+01
16:	0.00e+00	-5.00e+01
17:	0.00e+00	0.00e+00
18:	0.00e+00	-5.00e+01
19:	0.00e+00	-5.00e+01
20:	0.00e+00	0.00e+00
21:	0.00e+00	-5.00e+01
22:	0.00e+00	-5.00e+01
23:	0.00e+00	0.00e+00
24:	0.00e+00	0.00e+00
25:	0.00e+00	0.00e+00
26:	-1.11e-14	0.00e+00
27:	0.00e+00	0.00e+00
28:	0.00e+00	0.00e+00
29:	0.00e+00	-4.00e+02
30:	0.00e+00	-4.00e+02
31:	1.11e-16	0.00e+00
32:	0.00e+00	0.00e+00
33:	0.00e+00	-4.00e+02
34:	-1.11e-16	-4.00e+02
35:	0.00e+00	0.00e+00
36:	0.00e+00	0.00e+00
37:	0.00e+00	-4.00e+02
38:	0.00e+00	-4.00e+02
39:	0.00e+00	0.00e+00
40:	0.00e+00	0.00e+00
41:	0.00e+00	-4.00e+02
42:	0.00e+00	-4.00e+02
43:	0.00e+00	0.00e+00
44:	0.00e+00	2.22e-16
45:	0.00e+00	-4.00e+02
46:	2.78e-17	-4.00e+02
47:	0.00e+00	2.22e-16
48:	0.00e+00	0.00e+00
49:	0.00e+00	-4.00e+02
50:	0.00e+00	-4.00e+02
51:	-2.78e-17	0.00e+00
52:	0.00e+00	0.00e+00
53:	0.00e+00	-4.00e+02
54:	-1.11e-16	-4.00e+02
55:	0.00e+00	0.00e+00
56:	0.00e+00	0.00e+00
57:	0.00e+00	-4.00e+02
58:	0.00e+00	-4.00e+02
59:	1.11e-16	0.00e+00
60:	0.00e+00	0.00e+00
61:	0.00e+00	-4.00e+02
62:	0.00e+00	-4.00e+02
63:	0.00e+00	0.00e+00
64:	0.00e+00	0.00e+00
65:	0.00e+00	-4.00e+02
66:	0.00e+00	-4.00e+02
67:	0.00e+00	0.00e+00
68:	0.00e+00	0.00e+00
69:	0.00e+00	-4.00e+02
70:	0.00e+00	-4.00e+02
71:	-2.78e-17	0.00e+00
72:	0.00e+00	-2.22e-16
73:	0.00e+00	-4.00e+02
74:	2.78e-17	-4.00e+02
75:	0.00e+00	-2.22e-16
76:	0.00e+00	0.00e+00
77:	0.00e+00	0.00e+00
78:	0.00e+00	0.00e+00
79:	0.00e+00	0.00e+00
80:	0.00e+00	0.00e+00
81:	0.00e+00	-4.00e+02
82:	0.00e+00	-4.00e+02
83:	0.00e+00	0.00e+00
84:	0.00e+00	0.00e+00
85:	0.00e+00	-4.00e+02
86:	0.00e+00	-4.00e+02
87:	0.00e+00	0.00e+00
88:	0.00e+00	2.22e-16
89:	0.00e+00	-4.00e+02
90:	0.00e+00	-4.00e+02
91:	0.00e+00	2.22e-16
92:	0.00e+00	0.00e+00
93:	0.00e+00	-4.00e+02
94:	0.00e+00	-4.00e+02
95:	0.00e+00	0.00e+00
96:	0.00e+00	0.00e+00
97:	0.00e+00	-4.00e+02
98:	0.00e+00	-4.00e+02
99:	0.00e+00	0.00e+00
100:	0.00e+00	0.00e+00
101:	0.00e+00	-4.00e+02
102:	0.00e+00	-4.00e+02
103:	0.00e+00	0.00e+00
104:	0.00e+00	0.00e+00
105:	0.00e+00	-4.00e+02
106:	0.00e+00	-4.00e+02
107:	0.00e+00	0.00e+00
108:	0.00e+00	-2.22e-16
109:	0.00e+00	-4.00e+02
110:	0.00e+00	-4.00e+02
111:	0.00e+00	-2.22e-16
112:	0.00e+00	0.00e+00
113:	0.00e+00	0.00e+00
114:	0.00e+00	0.00e+00
115:	0.00e+00	0.00e+00
116:	0.00e+00	0.00e+00
117:	0.00e+00	-4.00e+02
118:	0.00e+00	-4.00e+02
119:	-1.11e-16	0.00e+00
120:	0.00e+00	-2.22e-16
121:	0.00e+00	-4.00e+02
122:	0.00e+00	-4.00e+02
123:	0.00e+00	-2.22e-16
124:	0.00e+00	2.22e-16
125:	0.00e+00	-4.00e+02
126:	0.00e+00	-4.00e+02
127:	0.00e+00	2.22e-16
128:	0.00e+00	0.00e+00
129:	0.00e+00	-4.00e+02
130:	0.00e+00	-4.00e+02
131:	-1.11e-16	0.00e+00
132:	0.00e+00	0.00e+00
133:	0.00e+00	0.00e+00
134:	0.00e+00	0.00e+00
135:	0.00e+00	0.00e+00
Selecting maximum: 0 with second gradient of -49.999999999999964
New op index: 27	$R_{YX-XY}$[0, 1]
Current grad: 16.0
New op index: 59	$R_{YX-XY}$[1, 3]
Current grad: 8.000005133336302
New op index: 31	$R_{YX-XY}$[0, 2]
Current grad: 13.656867847926527
New op index: 46	$R_{YX+XY}$[0, 6]
Current grad: 8.00003773143824
New op index: 126	$R_{YX+XY}$[5, 6]
Current grad: 6.000201865435682
New op index: 99	$R_{YX-XY}$[3, 4]
Current grad: 3.3027164829601574
New op index: 74	$R_{YX+XY}$[1, 7]
Current grad: 3.779480243164497
New op index: 110	$R_{YX+XY}$[3, 7]
Current grad: 4.238779864076024
New op index: 46	$R_{YX+XY}$[0, 6]
Current grad: 6.719848058366962
New op index: 134	$R_{YX+XY}$[6, 7]
Current grad: 5.718635923940928
Parameter value cutoff reached.
Calculating energies for FreeWilson2D(N_x=2, N_y=2, mass=-5.837, r=1.000)
h_im: 0.0
New op index: 26	$R_{YX+XY}$[0, 1]
Current grad: 1.1879386363489175e-14
0:	0.00e+00	-5.00e+01
1:	0.00e+00	-5.00e+01
2:	0.00e+00	0.00e+00
3:	0.00e+00	-5.00e+01
4:	0.00e+00	-5.00e+01
5:	0.00e+00	0.00e+00
6:	0.00e+00	-5.00e+01
7:	0.00e+00	-5.00e+01
8:	0.00e+00	0.00e+00
9:	0.00e+00	-5.00e+01
10:	0.00e+00	-5.00e+01
11:	0.00e+00	0.00e+00
12:	0.00e+00	-5.00e+01
13:	0.00e+00	-5.00e+01
14:	0.00e+00	0.00e+00
15:	0.00e+00	-5.00e+01
16:	0.00e+00	-5.00e+01
17:	0.00e+00	0.00e+00
18:	0.00e+00	-5.00e+01
19:	0.00e+00	-5.00e+01
20:	0.00e+00	0.00e+00
21:	0.00e+00	-5.00e+01
22:	0.00e+00	-5.00e+01
23:	0.00e+00	0.00e+00
24:	0.00e+00	0.00e+00
25:	0.00e+00	0.00e+00
26:	-1.11e-14	0.00e+00
27:	0.00e+00	0.00e+00
28:	0.00e+00	0.00e+00
29:	0.00e+00	-4.00e+02
30:	0.00e+00	-4.00e+02
31:	1.11e-16	0.00e+00
32:	0.00e+00	0.00e+00
33:	0.00e+00	-4.00e+02
34:	-1.11e-16	-4.00e+02
35:	0.00e+00	0.00e+00
36:	0.00e+00	0.00e+00
37:	0.00e+00	-4.00e+02
38:	0.00e+00	-4.00e+02
39:	0.00e+00	0.00e+00
40:	0.00e+00	0.00e+00
41:	0.00e+00	-4.00e+02
42:	0.00e+00	-4.00e+02
43:	0.00e+00	0.00e+00
44:	0.00e+00	2.13e-16
45:	0.00e+00	-4.00e+02
46:	2.78e-17	-4.00e+02
47:	0.00e+00	2.13e-16
48:	0.00e+00	0.00e+00
49:	0.00e+00	-4.00e+02
50:	0.00e+00	-4.00e+02
51:	-2.78e-17	0.00e+00
52:	0.00e+00	0.00e+00
53:	0.00e+00	-4.00e+02
54:	-1.11e-16	-4.00e+02
55:	0.00e+00	0.00e+00
56:	0.00e+00	0.00e+00
57:	0.00e+00	-4.00e+02
58:	0.00e+00	-4.00e+02
59:	1.11e-16	0.00e+00
60:	0.00e+00	0.00e+00
61:	0.00e+00	-4.00e+02
62:	0.00e+00	-4.00e+02
63:	0.00e+00	0.00e+00
64:	0.00e+00	0.00e+00
65:	0.00e+00	-4.00e+02
66:	0.00e+00	-4.00e+02
67:	0.00e+00	0.00e+00
68:	0.00e+00	0.00e+00
69:	0.00e+00	-4.00e+02
70:	0.00e+00	-4.00e+02
71:	-2.78e-17	0.00e+00
72:	0.00e+00	-2.13e-16
73:	0.00e+00	-4.00e+02
74:	2.78e-17	-4.00e+02
75:	0.00e+00	-2.13e-16
76:	0.00e+00	0.00e+00
77:	0.00e+00	0.00e+00
78:	0.00e+00	0.00e+00
79:	0.00e+00	0.00e+00
80:	0.00e+00	0.00e+00
81:	0.00e+00	-4.00e+02
82:	0.00e+00	-4.00e+02
83:	0.00e+00	0.00e+00
84:	0.00e+00	0.00e+00
85:	0.00e+00	-4.00e+02
86:	0.00e+00	-4.00e+02
87:	0.00e+00	0.00e+00
88:	0.00e+00	2.13e-16
89:	0.00e+00	-4.00e+02
90:	0.00e+00	-4.00e+02
91:	0.00e+00	2.13e-16
92:	0.00e+00	0.00e+00
93:	0.00e+00	-4.00e+02
94:	0.00e+00	-4.00e+02
95:	0.00e+00	0.00e+00
96:	0.00e+00	0.00e+00
97:	0.00e+00	-4.00e+02
98:	0.00e+00	-4.00e+02
99:	0.00e+00	0.00e+00
100:	0.00e+00	0.00e+00
101:	0.00e+00	-4.00e+02
102:	0.00e+00	-4.00e+02
103:	0.00e+00	0.00e+00
104:	0.00e+00	0.00e+00
105:	0.00e+00	-4.00e+02
106:	0.00e+00	-4.00e+02
107:	0.00e+00	0.00e+00
108:	0.00e+00	-2.13e-16
109:	0.00e+00	-4.00e+02
110:	0.00e+00	-4.00e+02
111:	0.00e+00	-2.13e-16
112:	0.00e+00	0.00e+00
113:	0.00e+00	0.00e+00
114:	0.00e+00	0.00e+00
115:	0.00e+00	0.00e+00
116:	0.00e+00	0.00e+00
117:	0.00e+00	-4.00e+02
118:	0.00e+00	-4.00e+02
119:	-1.11e-16	0.00e+00
120:	0.00e+00	-2.13e-16
121:	0.00e+00	-4.00e+02
122:	0.00e+00	-4.00e+02
123:	0.00e+00	-2.13e-16
124:	0.00e+00	2.13e-16
125:	0.00e+00	-4.00e+02
126:	0.00e+00	-4.00e+02
127:	0.00e+00	2.13e-16
128:	0.00e+00	0.00e+00
129:	0.00e+00	-4.00e+02
130:	0.00e+00	-4.00e+02
131:	-1.11e-16	0.00e+00
132:	0.00e+00	0.00e+00
133:	0.00e+00	0.00e+00
134:	0.00e+00	0.00e+00
135:	0.00e+00	0.00e+00
Selecting maximum: 0 with second gradient of -49.999999999999964
New op index: 27	$R_{YX-XY}$[0, 1]
Current grad: 15.673469387755102
New op index: 54	$R_{YX+XY}$[1, 2]
Current grad: 8.000008865172074
New op index: 107	$R_{YX-XY}$[3, 6]
Current grad: 4.000884870309893
New op index: 38	$R_{YX+XY}$[0, 4]
Current grad: 2.0000249052991173
New op index: 126	$R_{YX+XY}$[5, 6]
Current grad: 6.000119446231777
New op index: 34	$R_{YX+XY}$[0, 3]
Current grad: 0.00039093622175729583
Parameter value cutoff reached.
Calculating energies for FreeWilson2D(N_x=2, N_y=2, mass=-5.673, r=1.000)
h_im: 0.0
New op index: 26	$R_{YX+XY}$[0, 1]
Current grad: 1.1879386363489175e-14
0:	0.00e+00	-5.00e+01
1:	0.00e+00	-5.00e+01
2:	0.00e+00	0.00e+00
3:	0.00e+00	-5.00e+01
4:	0.00e+00	-5.00e+01
5:	0.00e+00	0.00e+00
6:	0.00e+00	-5.00e+01
7:	0.00e+00	-5.00e+01
8:	0.00e+00	0.00e+00
9:	0.00e+00	-5.00e+01
10:	0.00e+00	-5.00e+01
11:	0.00e+00	0.00e+00
12:	0.00e+00	-5.00e+01
13:	0.00e+00	-5.00e+01
14:	0.00e+00	0.00e+00
15:	0.00e+00	-5.00e+01
16:	0.00e+00	-5.00e+01
17:	0.00e+00	0.00e+00
18:	0.00e+00	-5.00e+01
19:	0.00e+00	-5.00e+01
20:	0.00e+00	0.00e+00
21:	0.00e+00	-5.00e+01
22:	0.00e+00	-5.00e+01
23:	0.00e+00	0.00e+00
24:	0.00e+00	0.00e+00
25:	0.00e+00	0.00e+00
26:	-1.11e-14	0.00e+00
27:	0.00e+00	0.00e+00
28:	0.00e+00	0.00e+00
29:	0.00e+00	-4.00e+02
30:	0.00e+00	-4.00e+02
31:	1.11e-16	0.00e+00
32:	0.00e+00	0.00e+00
33:	0.00e+00	-4.00e+02
34:	-1.11e-16	-4.00e+02
35:	0.00e+00	0.00e+00
36:	0.00e+00	0.00e+00
37:	0.00e+00	-4.00e+02
38:	0.00e+00	-4.00e+02
39:	0.00e+00	0.00e+00
40:	0.00e+00	0.00e+00
41:	0.00e+00	-4.00e+02
42:	0.00e+00	-4.00e+02
43:	0.00e+00	0.00e+00
44:	0.00e+00	2.04e-16
45:	0.00e+00	-4.00e+02
46:	2.78e-17	-4.00e+02
47:	0.00e+00	2.04e-16
48:	0.00e+00	0.00e+00
49:	0.00e+00	-4.00e+02
50:	0.00e+00	-4.00e+02
51:	-2.78e-17	0.00e+00
52:	0.00e+00	0.00e+00
53:	0.00e+00	-4.00e+02
54:	-1.11e-16	-4.00e+02
55:	0.00e+00	0.00e+00
56:	0.00e+00	0.00e+00
57:	0.00e+00	-4.00e+02
58:	0.00e+00	-4.00e+02
59:	1.11e-16	0.00e+00
60:	0.00e+00	0.00e+00
61:	0.00e+00	-4.00e+02
62:	0.00e+00	-4.00e+02
63:	0.00e+00	0.00e+00
64:	0.00e+00	0.00e+00
65:	0.00e+00	-4.00e+02
66:	0.00e+00	-4.00e+02
67:	0.00e+00	0.00e+00
68:	0.00e+00	0.00e+00
69:	0.00e+00	-4.00e+02
70:	0.00e+00	-4.00e+02
71:	-2.78e-17	0.00e+00
72:	0.00e+00	-2.04e-16
73:	0.00e+00	-4.00e+02
74:	2.78e-17	-4.00e+02
75:	0.00e+00	-2.04e-16
76:	0.00e+00	0.00e+00
77:	0.00e+00	0.00e+00
78:	0.00e+00	0.00e+00
79:	0.00e+00	0.00e+00
80:	0.00e+00	0.00e+00
81:	0.00e+00	-4.00e+02
82:	0.00e+00	-4.00e+02
83:	0.00e+00	0.00e+00
84:	0.00e+00	0.00e+00
85:	0.00e+00	-4.00e+02
86:	0.00e+00	-4.00e+02
87:	0.00e+00	0.00e+00
88:	0.00e+00	2.04e-16
89:	0.00e+00	-4.00e+02
90:	0.00e+00	-4.00e+02
91:	0.00e+00	2.04e-16
92:	0.00e+00	0.00e+00
93:	0.00e+00	-4.00e+02
94:	0.00e+00	-4.00e+02
95:	0.00e+00	0.00e+00
96:	0.00e+00	0.00e+00
97:	0.00e+00	-4.00e+02
98:	0.00e+00	-4.00e+02
99:	0.00e+00	0.00e+00
100:	0.00e+00	0.00e+00
101:	0.00e+00	-4.00e+02
102:	0.00e+00	-4.00e+02
103:	0.00e+00	0.00e+00
104:	0.00e+00	0.00e+00
105:	0.00e+00	-4.00e+02
106:	0.00e+00	-4.00e+02
107:	0.00e+00	0.00e+00
108:	0.00e+00	-2.04e-16
109:	0.00e+00	-4.00e+02
110:	0.00e+00	-4.00e+02
111:	0.00e+00	-2.04e-16
112:	0.00e+00	0.00e+00
113:	0.00e+00	0.00e+00
114:	0.00e+00	0.00e+00
115:	0.00e+00	0.00e+00
116:	0.00e+00	0.00e+00
117:	0.00e+00	-4.00e+02
118:	0.00e+00	-4.00e+02
119:	-1.11e-16	0.00e+00
120:	0.00e+00	-2.04e-16
121:	0.00e+00	-4.00e+02
122:	0.00e+00	-4.00e+02
123:	0.00e+00	-2.04e-16
124:	0.00e+00	2.04e-16
125:	0.00e+00	-4.00e+02
126:	0.00e+00	-4.00e+02
127:	0.00e+00	2.04e-16
128:	0.00e+00	0.00e+00
129:	0.00e+00	-4.00e+02
130:	0.00e+00	-4.00e+02
131:	-1.11e-16	0.00e+00
132:	0.00e+00	0.00e+00
133:	0.00e+00	0.00e+00
134:	0.00e+00	0.00e+00
135:	0.00e+00	0.00e+00
Selecting maximum: 0 with second gradient of -49.999999999999964
New op index: 27	$R_{YX-XY}$[0, 1]
Current grad: 15.346938775510203
New op index: 31	$R_{YX-XY}$[0, 2]
Current grad: 8.000022998886314
New op index: 59	$R_{YX-XY}$[1, 3]
Current grad: 6.828497357799205
New op index: 107	$R_{YX-XY}$[3, 6]
Current grad: 8.000014423654605
New op index: 110	$R_{YX+XY}$[3, 7]
Current grad: 430.1783848519177
New op index: 126	$R_{YX+XY}$[5, 6]
Current grad: 4.8950653829893405
New op index: 74	$R_{YX+XY}$[1, 7]
Current grad: 3.4979390413320335
New op index: 59	$R_{YX-XY}$[1, 3]
Current grad: 0.01713975950573001
New op index: 107	$R_{YX-XY}$[3, 6]
Current grad: 1.904054811893271
New op index: 95	$R_{YX-XY}$[2, 7]
Current grad: 1.9126333270436557
New op index: 51	$R_{YX-XY}$[0, 7]
Current grad: 2.708879412625837
New op index: 131	$R_{YX-XY}$[5, 7]
Current grad: 3.162020479933388
New op index: 126	$R_{YX+XY}$[5, 6]
Current grad: 0.00012458890680841966
Parameter value cutoff reached.
Calculating energies for FreeWilson2D(N_x=2, N_y=2, mass=-5.510, r=1.000)
h_im: 0.0
New op index: 26	$R_{YX+XY}$[0, 1]
Current grad: 1.1879386363489175e-14
0:	0.00e+00	-5.00e+01
1:	0.00e+00	-5.00e+01
2:	0.00e+00	0.00e+00
3:	0.00e+00	-5.00e+01
4:	0.00e+00	-5.00e+01
5:	0.00e+00	0.00e+00
6:	0.00e+00	-5.00e+01
7:	0.00e+00	-5.00e+01
8:	0.00e+00	0.00e+00
9:	0.00e+00	-5.00e+01
10:	0.00e+00	-5.00e+01
11:	0.00e+00	0.00e+00
12:	0.00e+00	-5.00e+01
13:	0.00e+00	-5.00e+01
14:	0.00e+00	0.00e+00
15:	0.00e+00	-5.00e+01
16:	0.00e+00	-5.00e+01
17:	0.00e+00	0.00e+00
18:	0.00e+00	-5.00e+01
19:	0.00e+00	-5.00e+01
20:	0.00e+00	0.00e+00
21:	0.00e+00	-5.00e+01
22:	0.00e+00	-5.00e+01
23:	0.00e+00	0.00e+00
24:	0.00e+00	0.00e+00
25:	0.00e+00	0.00e+00
26:	-1.11e-14	0.00e+00
27:	0.00e+00	0.00e+00
28:	0.00e+00	0.00e+00
29:	0.00e+00	-4.00e+02
30:	0.00e+00	-4.00e+02
31:	1.11e-16	0.00e+00
32:	0.00e+00	0.00e+00
33:	0.00e+00	-4.00e+02
34:	-1.11e-16	-4.00e+02
35:	0.00e+00	0.00e+00
36:	0.00e+00	0.00e+00
37:	0.00e+00	-4.00e+02
38:	0.00e+00	-4.00e+02
39:	0.00e+00	0.00e+00
40:	0.00e+00	0.00e+00
41:	0.00e+00	-4.00e+02
42:	0.00e+00	-4.00e+02
43:	0.00e+00	0.00e+00
44:	0.00e+00	1.95e-16
45:	0.00e+00	-4.00e+02
46:	2.78e-17	-4.00e+02
47:	0.00e+00	1.95e-16
48:	0.00e+00	0.00e+00
49:	0.00e+00	-4.00e+02
50:	0.00e+00	-4.00e+02
51:	-2.78e-17	0.00e+00
52:	0.00e+00	0.00e+00
53:	0.00e+00	-4.00e+02
54:	-1.11e-16	-4.00e+02
55:	0.00e+00	0.00e+00
56:	0.00e+00	0.00e+00
57:	0.00e+00	-4.00e+02
58:	0.00e+00	-4.00e+02
59:	1.11e-16	0.00e+00
60:	0.00e+00	0.00e+00
61:	0.00e+00	-4.00e+02
62:	0.00e+00	-4.00e+02
63:	0.00e+00	0.00e+00
64:	0.00e+00	0.00e+00
65:	0.00e+00	-4.00e+02
66:	0.00e+00	-4.00e+02
67:	0.00e+00	0.00e+00
68:	0.00e+00	0.00e+00
69:	0.00e+00	-4.00e+02
70:	0.00e+00	-4.00e+02
71:	-2.78e-17	0.00e+00
72:	0.00e+00	-1.95e-16
73:	0.00e+00	-4.00e+02
74:	2.78e-17	-4.00e+02
75:	0.00e+00	-1.95e-16
76:	0.00e+00	0.00e+00
77:	0.00e+00	0.00e+00
78:	0.00e+00	0.00e+00
79:	0.00e+00	0.00e+00
80:	0.00e+00	0.00e+00
81:	0.00e+00	-4.00e+02
82:	0.00e+00	-4.00e+02
83:	0.00e+00	0.00e+00
84:	0.00e+00	0.00e+00
85:	0.00e+00	-4.00e+02
86:	0.00e+00	-4.00e+02
87:	0.00e+00	0.00e+00
88:	0.00e+00	1.95e-16
89:	0.00e+00	-4.00e+02
90:	0.00e+00	-4.00e+02
91:	0.00e+00	1.95e-16
92:	0.00e+00	0.00e+00
93:	0.00e+00	-4.00e+02
94:	0.00e+00	-4.00e+02
95:	0.00e+00	0.00e+00
96:	0.00e+00	0.00e+00
97:	0.00e+00	-4.00e+02
98:	0.00e+00	-4.00e+02
99:	0.00e+00	0.00e+00
100:	0.00e+00	0.00e+00
101:	0.00e+00	-4.00e+02
102:	0.00e+00	-4.00e+02
103:	0.00e+00	0.00e+00
104:	0.00e+00	0.00e+00
105:	0.00e+00	-4.00e+02
106:	0.00e+00	-4.00e+02
107:	0.00e+00	0.00e+00
108:	0.00e+00	-1.95e-16
109:	0.00e+00	-4.00e+02
110:	0.00e+00	-4.00e+02
111:	0.00e+00	-1.95e-16
112:	0.00e+00	0.00e+00
113:	0.00e+00	0.00e+00
114:	0.00e+00	0.00e+00
115:	0.00e+00	0.00e+00
116:	0.00e+00	0.00e+00
117:	0.00e+00	-4.00e+02
118:	0.00e+00	-4.00e+02
119:	-1.11e-16	0.00e+00
120:	0.00e+00	-1.95e-16
121:	0.00e+00	-4.00e+02
122:	0.00e+00	-4.00e+02
123:	0.00e+00	-1.95e-16
124:	0.00e+00	1.95e-16
125:	0.00e+00	-4.00e+02
126:	0.00e+00	-4.00e+02
127:	0.00e+00	1.95e-16
128:	0.00e+00	0.00e+00
129:	0.00e+00	-4.00e+02
130:	0.00e+00	-4.00e+02
131:	-1.11e-16	0.00e+00
132:	0.00e+00	0.00e+00
133:	0.00e+00	0.00e+00
134:	0.00e+00	0.00e+00
135:	0.00e+00	0.00e+00
Selecting maximum: 0 with second gradient of -49.999999999999964
New op index: 27	$R_{YX-XY}$[0, 1]
Current grad: 15.020408163265309
New op index: 31	$R_{YX-XY}$[0, 2]
Current grad: 8.000038037947864
New op index: 59	$R_{YX-XY}$[1, 3]
Current grad: 6.828467268491286
New op index: 82	$R_{YX+XY}$[2, 4]
Current grad: 8.000417744927041
New op index: 63	$R_{YX-XY}$[1, 4]
Current grad: 8.000144052713818
New op index: 46	$R_{YX+XY}$[0, 6]
Current grad: 7.000139141854525
New op index: 99	$R_{YX-XY}$[3, 4]
Current grad: 1.414270603584798
New op index: 71	$R_{YX-XY}$[1, 6]
Current grad: 0.7504269362557795
New op index: 102	$R_{YX+XY}$[3, 5]
Current grad: 0.0002815496962847067
Parameter value cutoff reached.
Calculating energies for FreeWilson2D(N_x=2, N_y=2, mass=-5.347, r=1.000)
h_im: 0.0
New op index: 26	$R_{YX+XY}$[0, 1]
Current grad: 1.1879386363489175e-14
0:	0.00e+00	-5.00e+01
1:	0.00e+00	-5.00e+01
2:	0.00e+00	0.00e+00
3:	0.00e+00	-5.00e+01
4:	0.00e+00	-5.00e+01
5:	0.00e+00	0.00e+00
6:	0.00e+00	-5.00e+01
7:	0.00e+00	-5.00e+01
8:	0.00e+00	0.00e+00
9:	0.00e+00	-5.00e+01
10:	0.00e+00	-5.00e+01
11:	0.00e+00	0.00e+00
12:	0.00e+00	-5.00e+01
13:	0.00e+00	-5.00e+01
14:	0.00e+00	0.00e+00
15:	0.00e+00	-5.00e+01
16:	0.00e+00	-5.00e+01
17:	0.00e+00	0.00e+00
18:	0.00e+00	-5.00e+01
19:	0.00e+00	-5.00e+01
20:	0.00e+00	0.00e+00
21:	0.00e+00	-5.00e+01
22:	0.00e+00	-5.00e+01
23:	0.00e+00	0.00e+00
24:	0.00e+00	0.00e+00
25:	0.00e+00	0.00e+00
26:	-1.11e-14	0.00e+00
27:	0.00e+00	0.00e+00
28:	0.00e+00	0.00e+00
29:	0.00e+00	-4.00e+02
30:	0.00e+00	-4.00e+02
31:	1.11e-16	0.00e+00
32:	0.00e+00	0.00e+00
33:	0.00e+00	-4.00e+02
34:	-1.11e-16	-4.00e+02
35:	0.00e+00	0.00e+00
36:	0.00e+00	0.00e+00
37:	0.00e+00	-4.00e+02
38:	0.00e+00	-4.00e+02
39:	0.00e+00	0.00e+00
40:	0.00e+00	0.00e+00
41:	0.00e+00	-4.00e+02
42:	0.00e+00	-4.00e+02
43:	0.00e+00	0.00e+00
44:	0.00e+00	1.86e-16
45:	0.00e+00	-4.00e+02
46:	2.78e-17	-4.00e+02
47:	0.00e+00	1.86e-16
48:	0.00e+00	0.00e+00
49:	0.00e+00	-4.00e+02
50:	0.00e+00	-4.00e+02
51:	-2.78e-17	0.00e+00
52:	0.00e+00	0.00e+00
53:	0.00e+00	-4.00e+02
54:	-1.11e-16	-4.00e+02
55:	0.00e+00	0.00e+00
56:	0.00e+00	0.00e+00
57:	0.00e+00	-4.00e+02
58:	0.00e+00	-4.00e+02
59:	1.11e-16	0.00e+00
60:	0.00e+00	0.00e+00
61:	0.00e+00	-4.00e+02
62:	0.00e+00	-4.00e+02
63:	0.00e+00	0.00e+00
64:	0.00e+00	0.00e+00
65:	0.00e+00	-4.00e+02
66:	0.00e+00	-4.00e+02
67:	0.00e+00	0.00e+00
68:	0.00e+00	0.00e+00
69:	0.00e+00	-4.00e+02
70:	0.00e+00	-4.00e+02
71:	-2.78e-17	0.00e+00
72:	0.00e+00	-1.86e-16
73:	0.00e+00	-4.00e+02
74:	2.78e-17	-4.00e+02
75:	0.00e+00	-1.86e-16
76:	0.00e+00	0.00e+00
77:	0.00e+00	0.00e+00
78:	0.00e+00	0.00e+00
79:	0.00e+00	0.00e+00
80:	0.00e+00	0.00e+00
81:	0.00e+00	-4.00e+02
82:	0.00e+00	-4.00e+02
83:	0.00e+00	0.00e+00
84:	0.00e+00	0.00e+00
85:	0.00e+00	-4.00e+02
86:	0.00e+00	-4.00e+02
87:	0.00e+00	0.00e+00
88:	0.00e+00	1.86e-16
89:	0.00e+00	-4.00e+02
90:	0.00e+00	-4.00e+02
91:	0.00e+00	1.86e-16
92:	0.00e+00	0.00e+00
93:	0.00e+00	-4.00e+02
94:	0.00e+00	-4.00e+02
95:	0.00e+00	0.00e+00
96:	0.00e+00	0.00e+00
97:	0.00e+00	-4.00e+02
98:	0.00e+00	-4.00e+02
99:	0.00e+00	0.00e+00
100:	0.00e+00	0.00e+00
101:	0.00e+00	-4.00e+02
102:	0.00e+00	-4.00e+02
103:	0.00e+00	0.00e+00
104:	0.00e+00	0.00e+00
105:	0.00e+00	-4.00e+02
106:	0.00e+00	-4.00e+02
107:	0.00e+00	0.00e+00
108:	0.00e+00	-1.86e-16
109:	0.00e+00	-4.00e+02
110:	0.00e+00	-4.00e+02
111:	0.00e+00	-1.86e-16
112:	0.00e+00	0.00e+00
113:	0.00e+00	0.00e+00
114:	0.00e+00	0.00e+00
115:	0.00e+00	0.00e+00
116:	0.00e+00	0.00e+00
117:	0.00e+00	-4.00e+02
118:	0.00e+00	-4.00e+02
119:	-1.11e-16	0.00e+00
120:	0.00e+00	-1.86e-16
121:	0.00e+00	-4.00e+02
122:	0.00e+00	-4.00e+02
123:	0.00e+00	-1.86e-16
124:	0.00e+00	1.86e-16
125:	0.00e+00	-4.00e+02
126:	0.00e+00	-4.00e+02
127:	0.00e+00	1.86e-16
128:	0.00e+00	0.00e+00
129:	0.00e+00	-4.00e+02
130:	0.00e+00	-4.00e+02
131:	-1.11e-16	0.00e+00
132:	0.00e+00	0.00e+00
133:	0.00e+00	0.00e+00
134:	0.00e+00	0.00e+00
135:	0.00e+00	0.00e+00
Selecting maximum: 0 with second gradient of -49.999999999999964
New op index: 27	$R_{YX-XY}$[0, 1]
Current grad: 14.69387755102041
New op index: 54	$R_{YX+XY}$[1, 2]
Current grad: 8.000181753201163
New op index: 107	$R_{YX-XY}$[3, 6]
Current grad: 4.000024805978304
New op index: 38	$R_{YX+XY}$[0, 4]
Current grad: 2.0001329861502324
New op index: 63	$R_{YX-XY}$[1, 4]
Current grad: 6.000345215346674
New op index: 126	$R_{YX+XY}$[5, 6]
Current grad: 4.000017455384928
New op index: 126	$R_{YX+XY}$[5, 6]
Current grad: 0.00036558897368907026
Adding the same operator twice is not sensible, terminating.
Calculating energies for FreeWilson2D(N_x=2, N_y=2, mass=-5.184, r=1.000)
h_im: 0.0
New op index: 26	$R_{YX+XY}$[0, 1]
Current grad: 1.1879386363489175e-14
0:	0.00e+00	-5.00e+01
1:	0.00e+00	-5.00e+01
2:	0.00e+00	0.00e+00
3:	0.00e+00	-5.00e+01
4:	0.00e+00	-5.00e+01
5:	0.00e+00	0.00e+00
6:	0.00e+00	-5.00e+01
7:	0.00e+00	-5.00e+01
8:	0.00e+00	0.00e+00
9:	0.00e+00	-5.00e+01
10:	0.00e+00	-5.00e+01
11:	0.00e+00	0.00e+00
12:	0.00e+00	-5.00e+01
13:	0.00e+00	-5.00e+01
14:	0.00e+00	0.00e+00
15:	0.00e+00	-5.00e+01
16:	0.00e+00	-5.00e+01
17:	0.00e+00	0.00e+00
18:	0.00e+00	-5.00e+01
19:	0.00e+00	-5.00e+01
20:	0.00e+00	0.00e+00
21:	0.00e+00	-5.00e+01
22:	0.00e+00	-5.00e+01
23:	0.00e+00	0.00e+00
24:	0.00e+00	0.00e+00
25:	0.00e+00	0.00e+00
26:	-1.11e-14	0.00e+00
27:	0.00e+00	0.00e+00
28:	0.00e+00	0.00e+00
29:	0.00e+00	-4.00e+02
30:	0.00e+00	-4.00e+02
31:	1.11e-16	0.00e+00
32:	0.00e+00	0.00e+00
33:	0.00e+00	-4.00e+02
34:	-1.11e-16	-4.00e+02
35:	0.00e+00	0.00e+00
36:	0.00e+00	0.00e+00
37:	0.00e+00	-4.00e+02
38:	0.00e+00	-4.00e+02
39:	0.00e+00	0.00e+00
40:	0.00e+00	0.00e+00
41:	0.00e+00	-4.00e+02
42:	0.00e+00	-4.00e+02
43:	0.00e+00	0.00e+00
44:	0.00e+00	1.77e-16
45:	0.00e+00	-4.00e+02
46:	2.78e-17	-4.00e+02
47:	0.00e+00	1.77e-16
48:	0.00e+00	0.00e+00
49:	0.00e+00	-4.00e+02
50:	0.00e+00	-4.00e+02
51:	-2.78e-17	0.00e+00
52:	0.00e+00	0.00e+00
53:	0.00e+00	-4.00e+02
54:	-1.11e-16	-4.00e+02
55:	0.00e+00	0.00e+00
56:	0.00e+00	0.00e+00
57:	0.00e+00	-4.00e+02
58:	0.00e+00	-4.00e+02
59:	1.11e-16	0.00e+00
60:	0.00e+00	0.00e+00
61:	0.00e+00	-4.00e+02
62:	0.00e+00	-4.00e+02
63:	0.00e+00	0.00e+00
64:	0.00e+00	0.00e+00
65:	0.00e+00	-4.00e+02
66:	0.00e+00	-4.00e+02
67:	0.00e+00	0.00e+00
68:	0.00e+00	0.00e+00
69:	0.00e+00	-4.00e+02
70:	0.00e+00	-4.00e+02
71:	-2.78e-17	0.00e+00
72:	0.00e+00	-1.77e-16
73:	0.00e+00	-4.00e+02
74:	2.78e-17	-4.00e+02
75:	0.00e+00	-1.77e-16
76:	0.00e+00	0.00e+00
77:	0.00e+00	0.00e+00
78:	0.00e+00	0.00e+00
79:	0.00e+00	0.00e+00
80:	0.00e+00	0.00e+00
81:	0.00e+00	-4.00e+02
82:	0.00e+00	-4.00e+02
83:	0.00e+00	0.00e+00
84:	0.00e+00	0.00e+00
85:	0.00e+00	-4.00e+02
86:	0.00e+00	-4.00e+02
87:	0.00e+00	0.00e+00
88:	0.00e+00	1.77e-16
89:	0.00e+00	-4.00e+02
90:	0.00e+00	-4.00e+02
91:	0.00e+00	1.77e-16
92:	0.00e+00	0.00e+00
93:	0.00e+00	-4.00e+02
94:	0.00e+00	-4.00e+02
95:	0.00e+00	0.00e+00
96:	0.00e+00	0.00e+00
97:	0.00e+00	-4.00e+02
98:	0.00e+00	-4.00e+02
99:	0.00e+00	0.00e+00
100:	0.00e+00	0.00e+00
101:	0.00e+00	-4.00e+02
102:	0.00e+00	-4.00e+02
103:	0.00e+00	0.00e+00
104:	0.00e+00	0.00e+00
105:	0.00e+00	-4.00e+02
106:	0.00e+00	-4.00e+02
107:	0.00e+00	0.00e+00
108:	0.00e+00	-1.77e-16
109:	0.00e+00	-4.00e+02
110:	0.00e+00	-4.00e+02
111:	0.00e+00	-1.77e-16
112:	0.00e+00	0.00e+00
113:	0.00e+00	0.00e+00
114:	0.00e+00	0.00e+00
115:	0.00e+00	0.00e+00
116:	0.00e+00	0.00e+00
117:	0.00e+00	-4.00e+02
118:	0.00e+00	-4.00e+02
119:	-1.11e-16	0.00e+00
120:	0.00e+00	-1.77e-16
121:	0.00e+00	-4.00e+02
122:	0.00e+00	-4.00e+02
123:	0.00e+00	-1.77e-16
124:	0.00e+00	1.77e-16
125:	0.00e+00	-4.00e+02
126:	0.00e+00	-4.00e+02
127:	0.00e+00	1.77e-16
128:	0.00e+00	0.00e+00
129:	0.00e+00	-4.00e+02
130:	0.00e+00	-4.00e+02
131:	-1.11e-16	0.00e+00
132:	0.00e+00	0.00e+00
133:	0.00e+00	0.00e+00
134:	0.00e+00	0.00e+00
135:	0.00e+00	0.00e+00
Selecting maximum: 0 with second gradient of -49.999999999999964
New op index: 27	$R_{YX-XY}$[0, 1]
Current grad: 14.367346938775512
New op index: 31	$R_{YX-XY}$[0, 2]
Current grad: 8.00000445097534
New op index: 59	$R_{YX-XY}$[1, 3]
Current grad: 6.828446342944357
New op index: 107	$R_{YX-XY}$[3, 6]
Current grad: 8.000083306707026
New op index: 110	$R_{YX+XY}$[3, 7]
Current grad: 430.1779853124118
New op index: 119	$R_{YX-XY}$[4, 6]
Current grad: 4.888602003745474
New op index: 122	$R_{YX+XY}$[4, 7]
Current grad: 4.404835604744679
New op index: 99	$R_{YX-XY}$[3, 4]
Current grad: 2.146744285759697
New op index: 51	$R_{YX-XY}$[0, 7]
Current grad: 3.3027853059309225
New op index: 82	$R_{YX+XY}$[2, 4]
Current grad: 3.779798535778949
New op index: 38	$R_{YX+XY}$[0, 4]
Current grad: 4.241750252018777
New op index: 102	$R_{YX+XY}$[3, 5]
Current grad: 6.550338601523739
New op index: 26	$R_{YX+XY}$[0, 1]
Current grad: 6.029735083494339
New op index: 59	$R_{YX-XY}$[1, 3]
Current grad: 3.370929781891882
New op index: 63	$R_{YX-XY}$[1, 4]
Current grad: 1.7331660596395273
New op index: 31	$R_{YX-XY}$[0, 2]
Current grad: 0.5961972707581942
New op index: 51	$R_{YX-XY}$[0, 7]
Current grad: 0.7981536575506964
New op index: 99	$R_{YX-XY}$[3, 4]
Current grad: 0.3094375420577017
New op index: 82	$R_{YX+XY}$[2, 4]
Current grad: 0.0002118752127736903
Parameter value cutoff reached.
Calculating energies for FreeWilson2D(N_x=2, N_y=2, mass=-5.020, r=1.000)
h_im: 0.0
New op index: 26	$R_{YX+XY}$[0, 1]
Current grad: 1.1879386363489175e-14
0:	0.00e+00	-5.00e+01
1:	0.00e+00	-5.00e+01
2:	0.00e+00	0.00e+00
3:	0.00e+00	-5.00e+01
4:	0.00e+00	-5.00e+01
5:	0.00e+00	0.00e+00
6:	0.00e+00	-5.00e+01
7:	0.00e+00	-5.00e+01
8:	0.00e+00	0.00e+00
9:	0.00e+00	-5.00e+01
10:	0.00e+00	-5.00e+01
11:	0.00e+00	0.00e+00
12:	0.00e+00	-5.00e+01
13:	0.00e+00	-5.00e+01
14:	0.00e+00	0.00e+00
15:	0.00e+00	-5.00e+01
16:	0.00e+00	-5.00e+01
17:	0.00e+00	0.00e+00
18:	0.00e+00	-5.00e+01
19:	0.00e+00	-5.00e+01
20:	0.00e+00	0.00e+00
21:	0.00e+00	-5.00e+01
22:	0.00e+00	-5.00e+01
23:	0.00e+00	0.00e+00
24:	0.00e+00	0.00e+00
25:	0.00e+00	0.00e+00
26:	-1.11e-14	0.00e+00
27:	0.00e+00	0.00e+00
28:	0.00e+00	0.00e+00
29:	0.00e+00	-4.00e+02
30:	0.00e+00	-4.00e+02
31:	1.11e-16	0.00e+00
32:	0.00e+00	0.00e+00
33:	0.00e+00	-4.00e+02
34:	-1.11e-16	-4.00e+02
35:	0.00e+00	0.00e+00
36:	0.00e+00	0.00e+00
37:	0.00e+00	-4.00e+02
38:	0.00e+00	-4.00e+02
39:	0.00e+00	0.00e+00
40:	0.00e+00	0.00e+00
41:	0.00e+00	-4.00e+02
42:	0.00e+00	-4.00e+02
43:	0.00e+00	0.00e+00
44:	0.00e+00	1.68e-16
45:	0.00e+00	-4.00e+02
46:	2.78e-17	-4.00e+02
47:	0.00e+00	1.68e-16
48:	0.00e+00	0.00e+00
49:	0.00e+00	-4.00e+02
50:	0.00e+00	-4.00e+02
51:	-2.78e-17	0.00e+00
52:	0.00e+00	0.00e+00
53:	0.00e+00	-4.00e+02
54:	-1.11e-16	-4.00e+02
55:	0.00e+00	0.00e+00
56:	0.00e+00	0.00e+00
57:	0.00e+00	-4.00e+02
58:	0.00e+00	-4.00e+02
59:	1.11e-16	0.00e+00
60:	0.00e+00	0.00e+00
61:	0.00e+00	-4.00e+02
62:	0.00e+00	-4.00e+02
63:	0.00e+00	0.00e+00
64:	0.00e+00	0.00e+00
65:	0.00e+00	-4.00e+02
66:	0.00e+00	-4.00e+02
67:	0.00e+00	0.00e+00
68:	0.00e+00	0.00e+00
69:	0.00e+00	-4.00e+02
70:	0.00e+00	-4.00e+02
71:	-2.78e-17	0.00e+00
72:	0.00e+00	-1.68e-16
73:	0.00e+00	-4.00e+02
74:	2.78e-17	-4.00e+02
75:	0.00e+00	-1.68e-16
76:	0.00e+00	0.00e+00
77:	0.00e+00	0.00e+00
78:	0.00e+00	0.00e+00
79:	0.00e+00	0.00e+00
80:	0.00e+00	0.00e+00
81:	0.00e+00	-4.00e+02
82:	0.00e+00	-4.00e+02
83:	0.00e+00	0.00e+00
84:	0.00e+00	0.00e+00
85:	0.00e+00	-4.00e+02
86:	0.00e+00	-4.00e+02
87:	0.00e+00	0.00e+00
88:	0.00e+00	1.68e-16
89:	0.00e+00	-4.00e+02
90:	0.00e+00	-4.00e+02
91:	0.00e+00	1.68e-16
92:	0.00e+00	0.00e+00
93:	0.00e+00	-4.00e+02
94:	0.00e+00	-4.00e+02
95:	0.00e+00	0.00e+00
96:	0.00e+00	0.00e+00
97:	0.00e+00	-4.00e+02
98:	0.00e+00	-4.00e+02
99:	0.00e+00	0.00e+00
100:	0.00e+00	0.00e+00
101:	0.00e+00	-4.00e+02
102:	0.00e+00	-4.00e+02
103:	0.00e+00	0.00e+00
104:	0.00e+00	0.00e+00
105:	0.00e+00	-4.00e+02
106:	0.00e+00	-4.00e+02
107:	0.00e+00	0.00e+00
108:	0.00e+00	-1.68e-16
109:	0.00e+00	-4.00e+02
110:	0.00e+00	-4.00e+02
111:	0.00e+00	-1.68e-16
112:	0.00e+00	0.00e+00
113:	0.00e+00	0.00e+00
114:	0.00e+00	0.00e+00
115:	0.00e+00	0.00e+00
116:	0.00e+00	0.00e+00
117:	0.00e+00	-4.00e+02
118:	0.00e+00	-4.00e+02
119:	-1.11e-16	0.00e+00
120:	0.00e+00	-1.68e-16
121:	0.00e+00	-4.00e+02
122:	0.00e+00	-4.00e+02
123:	0.00e+00	-1.68e-16
124:	0.00e+00	1.68e-16
125:	0.00e+00	-4.00e+02
126:	0.00e+00	-4.00e+02
127:	0.00e+00	1.68e-16
128:	0.00e+00	0.00e+00
129:	0.00e+00	-4.00e+02
130:	0.00e+00	-4.00e+02
131:	-1.11e-16	0.00e+00
132:	0.00e+00	0.00e+00
133:	0.00e+00	0.00e+00
134:	0.00e+00	0.00e+00
135:	0.00e+00	0.00e+00
Selecting maximum: 0 with second gradient of -49.999999999999964
New op index: 27	$R_{YX-XY}$[0, 1]
Current grad: 14.040816326530614
New op index: 31	$R_{YX-XY}$[0, 2]
Current grad: 8.000039128468677
New op index: 59	$R_{YX-XY}$[1, 3]
Current grad: 6.828434073016779
New op index: 107	$R_{YX-XY}$[3, 6]
Current grad: 7.999997347104664
New op index: 110	$R_{YX+XY}$[3, 7]
Current grad: 430.1706566728175
New op index: 119	$R_{YX-XY}$[4, 6]
Current grad: 4.894670438747977
New op index: 122	$R_{YX+XY}$[4, 7]
Current grad: 4.404189781277504
New op index: 51	$R_{YX-XY}$[0, 7]
Current grad: 2.145121155839925
New op index: 99	$R_{YX-XY}$[3, 4]
Current grad: 2.8720725946457266
New op index: 82	$R_{YX+XY}$[2, 4]
Current grad: 3.7794297087695767
New op index: 38	$R_{YX+XY}$[0, 4]
Current grad: 4.241725402263358
New op index: 102	$R_{YX+XY}$[3, 5]
Current grad: 6.5501396668424725
New op index: 26	$R_{YX+XY}$[0, 1]
Current grad: 6.029526238260698
New op index: 31	$R_{YX-XY}$[0, 2]
Current grad: 3.9322256985825748
New op index: 51	$R_{YX-XY}$[0, 7]
Current grad: 1.0001138220069026
New op index: 82	$R_{YX+XY}$[2, 4]
Current grad: 0.0012852991240874044
Parameter value cutoff reached.
Calculating energies for FreeWilson2D(N_x=2, N_y=2, mass=-4.857, r=1.000)
h_im: 0.0
New op index: 26	$R_{YX+XY}$[0, 1]
Current grad: 1.1879386363489175e-14
0:	0.00e+00	-5.00e+01
1:	0.00e+00	-5.00e+01
2:	0.00e+00	0.00e+00
3:	0.00e+00	-5.00e+01
4:	0.00e+00	-5.00e+01
5:	0.00e+00	0.00e+00
6:	0.00e+00	-5.00e+01
7:	0.00e+00	-5.00e+01
8:	0.00e+00	0.00e+00
9:	0.00e+00	-5.00e+01
10:	0.00e+00	-5.00e+01
11:	0.00e+00	0.00e+00
12:	0.00e+00	-5.00e+01
13:	0.00e+00	-5.00e+01
14:	0.00e+00	0.00e+00
15:	0.00e+00	-5.00e+01
16:	0.00e+00	-5.00e+01
17:	0.00e+00	0.00e+00
18:	0.00e+00	-5.00e+01
19:	0.00e+00	-5.00e+01
20:	0.00e+00	0.00e+00
21:	0.00e+00	-5.00e+01
22:	0.00e+00	-5.00e+01
23:	0.00e+00	0.00e+00
24:	0.00e+00	0.00e+00
25:	0.00e+00	0.00e+00
26:	-1.11e-14	0.00e+00
27:	0.00e+00	0.00e+00
28:	0.00e+00	0.00e+00
29:	0.00e+00	-4.00e+02
30:	0.00e+00	-4.00e+02
31:	1.11e-16	0.00e+00
32:	0.00e+00	0.00e+00
33:	0.00e+00	-4.00e+02
34:	-1.11e-16	-4.00e+02
35:	0.00e+00	0.00e+00
36:	0.00e+00	0.00e+00
37:	0.00e+00	-4.00e+02
38:	0.00e+00	-4.00e+02
39:	0.00e+00	0.00e+00
40:	0.00e+00	0.00e+00
41:	0.00e+00	-4.00e+02
42:	0.00e+00	-4.00e+02
43:	0.00e+00	0.00e+00
44:	0.00e+00	1.59e-16
45:	0.00e+00	-4.00e+02
46:	2.78e-17	-4.00e+02
47:	0.00e+00	1.59e-16
48:	0.00e+00	0.00e+00
49:	0.00e+00	-4.00e+02
50:	0.00e+00	-4.00e+02
51:	-2.78e-17	0.00e+00
52:	0.00e+00	0.00e+00
53:	0.00e+00	-4.00e+02
54:	-1.11e-16	-4.00e+02
55:	0.00e+00	0.00e+00
56:	0.00e+00	0.00e+00
57:	0.00e+00	-4.00e+02
58:	0.00e+00	-4.00e+02
59:	1.11e-16	0.00e+00
60:	0.00e+00	0.00e+00
61:	0.00e+00	-4.00e+02
62:	0.00e+00	-4.00e+02
63:	0.00e+00	0.00e+00
64:	0.00e+00	0.00e+00
65:	0.00e+00	-4.00e+02
66:	0.00e+00	-4.00e+02
67:	0.00e+00	0.00e+00
68:	0.00e+00	0.00e+00
69:	0.00e+00	-4.00e+02
70:	0.00e+00	-4.00e+02
71:	-2.78e-17	0.00e+00
72:	0.00e+00	-1.59e-16
73:	0.00e+00	-4.00e+02
74:	2.78e-17	-4.00e+02
75:	0.00e+00	-1.59e-16
76:	0.00e+00	0.00e+00
77:	0.00e+00	0.00e+00
78:	0.00e+00	0.00e+00
79:	0.00e+00	0.00e+00
80:	0.00e+00	0.00e+00
81:	0.00e+00	-4.00e+02
82:	0.00e+00	-4.00e+02
83:	0.00e+00	0.00e+00
84:	0.00e+00	0.00e+00
85:	0.00e+00	-4.00e+02
86:	0.00e+00	-4.00e+02
87:	0.00e+00	0.00e+00
88:	0.00e+00	1.59e-16
89:	0.00e+00	-4.00e+02
90:	0.00e+00	-4.00e+02
91:	0.00e+00	1.59e-16
92:	0.00e+00	0.00e+00
93:	0.00e+00	-4.00e+02
94:	0.00e+00	-4.00e+02
95:	0.00e+00	0.00e+00
96:	0.00e+00	0.00e+00
97:	0.00e+00	-4.00e+02
98:	0.00e+00	-4.00e+02
99:	0.00e+00	0.00e+00
100:	0.00e+00	0.00e+00
101:	0.00e+00	-4.00e+02
102:	0.00e+00	-4.00e+02
103:	0.00e+00	0.00e+00
104:	0.00e+00	0.00e+00
105:	0.00e+00	-4.00e+02
106:	0.00e+00	-4.00e+02
107:	0.00e+00	0.00e+00
108:	0.00e+00	-1.59e-16
109:	0.00e+00	-4.00e+02
110:	0.00e+00	-4.00e+02
111:	0.00e+00	-1.59e-16
112:	0.00e+00	0.00e+00
113:	0.00e+00	0.00e+00
114:	0.00e+00	0.00e+00
115:	0.00e+00	0.00e+00
116:	0.00e+00	0.00e+00
117:	0.00e+00	-4.00e+02
118:	0.00e+00	-4.00e+02
119:	-1.11e-16	0.00e+00
120:	0.00e+00	-1.59e-16
121:	0.00e+00	-4.00e+02
122:	0.00e+00	-4.00e+02
123:	0.00e+00	-1.59e-16
124:	0.00e+00	1.59e-16
125:	0.00e+00	-4.00e+02
126:	0.00e+00	-4.00e+02
127:	0.00e+00	1.59e-16
128:	0.00e+00	0.00e+00
129:	0.00e+00	-4.00e+02
130:	0.00e+00	-4.00e+02
131:	-1.11e-16	0.00e+00
132:	0.00e+00	0.00e+00
133:	0.00e+00	0.00e+00
134:	0.00e+00	0.00e+00
135:	0.00e+00	0.00e+00
Selecting maximum: 0 with second gradient of -49.999999999999964
New op index: 27	$R_{YX-XY}$[0, 1]
Current grad: 13.714285714285715
New op index: 34	$R_{YX+XY}$[0, 3]
Current grad: 8.000000656477324
New op index: 38	$R_{YX+XY}$[0, 4]
Current grad: 4.0000161926582205
New op index: 107	$R_{YX-XY}$[3, 6]
Current grad: 2.6830390636402113
New op index: 126	$R_{YX+XY}$[5, 6]
Current grad: 6.878049401948908
New op index: 38	$R_{YX+XY}$[0, 4]
Current grad: 7.510873827642895e-05
Precision cutoff reached.
Calculating energies for FreeWilson2D(N_x=2, N_y=2, mass=-4.694, r=1.000)
h_im: 0.0
New op index: 26	$R_{YX+XY}$[0, 1]
Current grad: 1.1879386363489175e-14
0:	0.00e+00	-5.00e+01
1:	0.00e+00	-5.00e+01
2:	0.00e+00	0.00e+00
3:	0.00e+00	-5.00e+01
4:	0.00e+00	-5.00e+01
5:	0.00e+00	0.00e+00
6:	0.00e+00	-5.00e+01
7:	0.00e+00	-5.00e+01
8:	0.00e+00	0.00e+00
9:	0.00e+00	-5.00e+01
10:	0.00e+00	-5.00e+01
11:	0.00e+00	0.00e+00
12:	0.00e+00	-5.00e+01
13:	0.00e+00	-5.00e+01
14:	0.00e+00	0.00e+00
15:	0.00e+00	-5.00e+01
16:	0.00e+00	-5.00e+01
17:	0.00e+00	0.00e+00
18:	0.00e+00	-5.00e+01
19:	0.00e+00	-5.00e+01
20:	0.00e+00	0.00e+00
21:	0.00e+00	-5.00e+01
22:	0.00e+00	-5.00e+01
23:	0.00e+00	0.00e+00
24:	0.00e+00	0.00e+00
25:	0.00e+00	0.00e+00
26:	-1.11e-14	0.00e+00
27:	0.00e+00	0.00e+00
28:	0.00e+00	0.00e+00
29:	0.00e+00	-4.00e+02
30:	0.00e+00	-4.00e+02
31:	1.11e-16	0.00e+00
32:	0.00e+00	0.00e+00
33:	0.00e+00	-4.00e+02
34:	-1.11e-16	-4.00e+02
35:	0.00e+00	0.00e+00
36:	0.00e+00	0.00e+00
37:	0.00e+00	-4.00e+02
38:	0.00e+00	-4.00e+02
39:	0.00e+00	0.00e+00
40:	0.00e+00	0.00e+00
41:	0.00e+00	-4.00e+02
42:	0.00e+00	-4.00e+02
43:	0.00e+00	0.00e+00
44:	0.00e+00	1.50e-16
45:	0.00e+00	-4.00e+02
46:	2.78e-17	-4.00e+02
47:	0.00e+00	1.50e-16
48:	0.00e+00	0.00e+00
49:	0.00e+00	-4.00e+02
50:	0.00e+00	-4.00e+02
51:	-2.78e-17	0.00e+00
52:	0.00e+00	0.00e+00
53:	0.00e+00	-4.00e+02
54:	-1.11e-16	-4.00e+02
55:	0.00e+00	0.00e+00
56:	0.00e+00	0.00e+00
57:	0.00e+00	-4.00e+02
58:	0.00e+00	-4.00e+02
59:	1.11e-16	0.00e+00
60:	0.00e+00	0.00e+00
61:	0.00e+00	-4.00e+02
62:	0.00e+00	-4.00e+02
63:	0.00e+00	0.00e+00
64:	0.00e+00	0.00e+00
65:	0.00e+00	-4.00e+02
66:	0.00e+00	-4.00e+02
67:	0.00e+00	0.00e+00
68:	0.00e+00	0.00e+00
69:	0.00e+00	-4.00e+02
70:	0.00e+00	-4.00e+02
71:	-2.78e-17	0.00e+00
72:	0.00e+00	-1.50e-16
73:	0.00e+00	-4.00e+02
74:	2.78e-17	-4.00e+02
75:	0.00e+00	-1.50e-16
76:	0.00e+00	0.00e+00
77:	0.00e+00	0.00e+00
78:	0.00e+00	0.00e+00
79:	0.00e+00	0.00e+00
80:	0.00e+00	0.00e+00
81:	0.00e+00	-4.00e+02
82:	0.00e+00	-4.00e+02
83:	0.00e+00	0.00e+00
84:	0.00e+00	0.00e+00
85:	0.00e+00	-4.00e+02
86:	0.00e+00	-4.00e+02
87:	0.00e+00	0.00e+00
88:	0.00e+00	1.50e-16
89:	0.00e+00	-4.00e+02
90:	0.00e+00	-4.00e+02
91:	0.00e+00	1.50e-16
92:	0.00e+00	0.00e+00
93:	0.00e+00	-4.00e+02
94:	0.00e+00	-4.00e+02
95:	0.00e+00	0.00e+00
96:	0.00e+00	0.00e+00
97:	0.00e+00	-4.00e+02
98:	0.00e+00	-4.00e+02
99:	0.00e+00	0.00e+00
100:	0.00e+00	0.00e+00
101:	0.00e+00	-4.00e+02
102:	0.00e+00	-4.00e+02
103:	0.00e+00	0.00e+00
104:	0.00e+00	0.00e+00
105:	0.00e+00	-4.00e+02
106:	0.00e+00	-4.00e+02
107:	0.00e+00	0.00e+00
108:	0.00e+00	-1.50e-16
109:	0.00e+00	-4.00e+02
110:	0.00e+00	-4.00e+02
111:	0.00e+00	-1.50e-16
112:	0.00e+00	0.00e+00
113:	0.00e+00	0.00e+00
114:	0.00e+00	0.00e+00
115:	0.00e+00	0.00e+00
116:	0.00e+00	0.00e+00
117:	0.00e+00	-4.00e+02
118:	0.00e+00	-4.00e+02
119:	-1.11e-16	0.00e+00
120:	0.00e+00	-1.50e-16
121:	0.00e+00	-4.00e+02
122:	0.00e+00	-4.00e+02
123:	0.00e+00	-1.50e-16
124:	0.00e+00	1.50e-16
125:	0.00e+00	-4.00e+02
126:	0.00e+00	-4.00e+02
127:	0.00e+00	1.50e-16
128:	0.00e+00	0.00e+00
129:	0.00e+00	-4.00e+02
130:	0.00e+00	-4.00e+02
131:	-1.11e-16	0.00e+00
132:	0.00e+00	0.00e+00
133:	0.00e+00	0.00e+00
134:	0.00e+00	0.00e+00
135:	0.00e+00	0.00e+00
Selecting maximum: 0 with second gradient of -49.999999999999964
New op index: 27	$R_{YX-XY}$[0, 1]
Current grad: 13.387755102040817
New op index: 31	$R_{YX-XY}$[0, 2]
Current grad: 8.000030464696588
New op index: 59	$R_{YX-XY}$[1, 3]
Current grad: 6.828454853949777
New op index: 82	$R_{YX+XY}$[2, 4]
Current grad: 8.000425280843302
New op index: 99	$R_{YX-XY}$[3, 4]
Current grad: 9.00029934764245
New op index: 46	$R_{YX+XY}$[0, 6]
Current grad: 7.000357964431117
New op index: 122	$R_{YX+XY}$[4, 7]
Current grad: 0.0007428001166884624
Parameter value cutoff reached.
Calculating energies for FreeWilson2D(N_x=2, N_y=2, mass=-4.531, r=1.000)
h_im: 0.0
New op index: 26	$R_{YX+XY}$[0, 1]
Current grad: 1.1879386363489175e-14
0:	0.00e+00	-5.00e+01
1:	0.00e+00	-5.00e+01
2:	0.00e+00	0.00e+00
3:	0.00e+00	-5.00e+01
4:	0.00e+00	-5.00e+01
5:	0.00e+00	0.00e+00
6:	0.00e+00	-5.00e+01
7:	0.00e+00	-5.00e+01
8:	0.00e+00	0.00e+00
9:	0.00e+00	-5.00e+01
10:	0.00e+00	-5.00e+01
11:	0.00e+00	0.00e+00
12:	0.00e+00	-5.00e+01
13:	0.00e+00	-5.00e+01
14:	0.00e+00	0.00e+00
15:	0.00e+00	-5.00e+01
16:	0.00e+00	-5.00e+01
17:	0.00e+00	0.00e+00
18:	0.00e+00	-5.00e+01
19:	0.00e+00	-5.00e+01
20:	0.00e+00	0.00e+00
21:	0.00e+00	-5.00e+01
22:	0.00e+00	-5.00e+01
23:	0.00e+00	0.00e+00
24:	0.00e+00	0.00e+00
25:	0.00e+00	0.00e+00
26:	-1.11e-14	0.00e+00
27:	0.00e+00	0.00e+00
28:	0.00e+00	0.00e+00
29:	0.00e+00	-4.00e+02
30:	0.00e+00	-4.00e+02
31:	1.11e-16	0.00e+00
32:	0.00e+00	0.00e+00
33:	0.00e+00	-4.00e+02
34:	-1.11e-16	-4.00e+02
35:	0.00e+00	0.00e+00
36:	0.00e+00	0.00e+00
37:	0.00e+00	-4.00e+02
38:	0.00e+00	-4.00e+02
39:	0.00e+00	0.00e+00
40:	0.00e+00	0.00e+00
41:	0.00e+00	-4.00e+02
42:	0.00e+00	-4.00e+02
43:	0.00e+00	0.00e+00
44:	0.00e+00	1.40e-16
45:	0.00e+00	-4.00e+02
46:	2.78e-17	-4.00e+02
47:	0.00e+00	1.40e-16
48:	0.00e+00	0.00e+00
49:	0.00e+00	-4.00e+02
50:	0.00e+00	-4.00e+02
51:	-2.78e-17	0.00e+00
52:	0.00e+00	0.00e+00
53:	0.00e+00	-4.00e+02
54:	-1.11e-16	-4.00e+02
55:	0.00e+00	0.00e+00
56:	0.00e+00	0.00e+00
57:	0.00e+00	-4.00e+02
58:	0.00e+00	-4.00e+02
59:	1.11e-16	0.00e+00
60:	0.00e+00	0.00e+00
61:	0.00e+00	-4.00e+02
62:	0.00e+00	-4.00e+02
63:	0.00e+00	0.00e+00
64:	0.00e+00	0.00e+00
65:	0.00e+00	-4.00e+02
66:	0.00e+00	-4.00e+02
67:	0.00e+00	0.00e+00
68:	0.00e+00	0.00e+00
69:	0.00e+00	-4.00e+02
70:	0.00e+00	-4.00e+02
71:	-2.78e-17	0.00e+00
72:	0.00e+00	-1.40e-16
73:	0.00e+00	-4.00e+02
74:	2.78e-17	-4.00e+02
75:	0.00e+00	-1.40e-16
76:	0.00e+00	0.00e+00
77:	0.00e+00	0.00e+00
78:	0.00e+00	0.00e+00
79:	0.00e+00	0.00e+00
80:	0.00e+00	0.00e+00
81:	0.00e+00	-4.00e+02
82:	0.00e+00	-4.00e+02
83:	0.00e+00	0.00e+00
84:	0.00e+00	0.00e+00
85:	0.00e+00	-4.00e+02
86:	0.00e+00	-4.00e+02
87:	0.00e+00	0.00e+00
88:	0.00e+00	1.40e-16
89:	0.00e+00	-4.00e+02
90:	0.00e+00	-4.00e+02
91:	0.00e+00	1.40e-16
92:	0.00e+00	0.00e+00
93:	0.00e+00	-4.00e+02
94:	0.00e+00	-4.00e+02
95:	0.00e+00	0.00e+00
96:	0.00e+00	0.00e+00
97:	0.00e+00	-4.00e+02
98:	0.00e+00	-4.00e+02
99:	0.00e+00	0.00e+00
100:	0.00e+00	0.00e+00
101:	0.00e+00	-4.00e+02
102:	0.00e+00	-4.00e+02
103:	0.00e+00	0.00e+00
104:	0.00e+00	0.00e+00
105:	0.00e+00	-4.00e+02
106:	0.00e+00	-4.00e+02
107:	0.00e+00	0.00e+00
108:	0.00e+00	-1.40e-16
109:	0.00e+00	-4.00e+02
110:	0.00e+00	-4.00e+02
111:	0.00e+00	-1.40e-16
112:	0.00e+00	0.00e+00
113:	0.00e+00	0.00e+00
114:	0.00e+00	0.00e+00
115:	0.00e+00	0.00e+00
116:	0.00e+00	0.00e+00
117:	0.00e+00	-4.00e+02
118:	0.00e+00	-4.00e+02
119:	-1.11e-16	0.00e+00
120:	0.00e+00	-1.40e-16
121:	0.00e+00	-4.00e+02
122:	0.00e+00	-4.00e+02
123:	0.00e+00	-1.40e-16
124:	0.00e+00	1.40e-16
125:	0.00e+00	-4.00e+02
126:	0.00e+00	-4.00e+02
127:	0.00e+00	1.40e-16
128:	0.00e+00	0.00e+00
129:	0.00e+00	-4.00e+02
130:	0.00e+00	-4.00e+02
131:	-1.11e-16	0.00e+00
132:	0.00e+00	0.00e+00
133:	0.00e+00	0.00e+00
134:	0.00e+00	0.00e+00
135:	0.00e+00	0.00e+00
Selecting maximum: 0 with second gradient of -49.999999999999964
New op index: 27	$R_{YX-XY}$[0, 1]
Current grad: 13.061224489795922
New op index: 31	$R_{YX-XY}$[0, 2]
Current grad: 8.00003816957934
New op index: 59	$R_{YX-XY}$[1, 3]
Current grad: 6.828470493428221
New op index: 46	$R_{YX+XY}$[0, 6]
Current grad: 8.00004799222421
New op index: 119	$R_{YX-XY}$[4, 6]
Current grad: 6.00040432028443
New op index: 126	$R_{YX+XY}$[5, 6]
Current grad: 5.336519025121304
New op index: 99	$R_{YX-XY}$[3, 4]
Current grad: 3.3031590270176068
New op index: 74	$R_{YX+XY}$[1, 7]
Current grad: 3.7795978520897364
New op index: 110	$R_{YX+XY}$[3, 7]
Current grad: 4.238330346345227
New op index: 46	$R_{YX+XY}$[0, 6]
Current grad: 6.719955559007618
New op index: 134	$R_{YX+XY}$[6, 7]
Current grad: 5.718677431839282
Parameter value cutoff reached.
Calculating energies for FreeWilson2D(N_x=2, N_y=2, mass=-4.367, r=1.000)
h_im: 0.0
New op index: 26	$R_{YX+XY}$[0, 1]
Current grad: 1.1879386363489175e-14
0:	0.00e+00	-5.00e+01
1:	0.00e+00	-5.00e+01
2:	0.00e+00	0.00e+00
3:	0.00e+00	-5.00e+01
4:	0.00e+00	-5.00e+01
5:	0.00e+00	0.00e+00
6:	0.00e+00	-5.00e+01
7:	0.00e+00	-5.00e+01
8:	0.00e+00	0.00e+00
9:	0.00e+00	-5.00e+01
10:	0.00e+00	-5.00e+01
11:	0.00e+00	0.00e+00
12:	0.00e+00	-5.00e+01
13:	0.00e+00	-5.00e+01
14:	0.00e+00	0.00e+00
15:	0.00e+00	-5.00e+01
16:	0.00e+00	-5.00e+01
17:	0.00e+00	0.00e+00
18:	0.00e+00	-5.00e+01
19:	0.00e+00	-5.00e+01
20:	0.00e+00	0.00e+00
21:	0.00e+00	-5.00e+01
22:	0.00e+00	-5.00e+01
23:	0.00e+00	0.00e+00
24:	0.00e+00	0.00e+00
25:	0.00e+00	0.00e+00
26:	-1.11e-14	0.00e+00
27:	0.00e+00	0.00e+00
28:	0.00e+00	0.00e+00
29:	0.00e+00	-4.00e+02
30:	0.00e+00	-4.00e+02
31:	1.11e-16	0.00e+00
32:	0.00e+00	0.00e+00
33:	0.00e+00	-4.00e+02
34:	-1.11e-16	-4.00e+02
35:	0.00e+00	0.00e+00
36:	0.00e+00	0.00e+00
37:	0.00e+00	-4.00e+02
38:	0.00e+00	-4.00e+02
39:	0.00e+00	0.00e+00
40:	0.00e+00	0.00e+00
41:	0.00e+00	-4.00e+02
42:	0.00e+00	-4.00e+02
43:	0.00e+00	0.00e+00
44:	0.00e+00	1.31e-16
45:	0.00e+00	-4.00e+02
46:	2.78e-17	-4.00e+02
47:	0.00e+00	1.31e-16
48:	0.00e+00	0.00e+00
49:	0.00e+00	-4.00e+02
50:	0.00e+00	-4.00e+02
51:	-2.78e-17	0.00e+00
52:	0.00e+00	0.00e+00
53:	0.00e+00	-4.00e+02
54:	-1.11e-16	-4.00e+02
55:	0.00e+00	0.00e+00
56:	0.00e+00	0.00e+00
57:	0.00e+00	-4.00e+02
58:	0.00e+00	-4.00e+02
59:	1.11e-16	0.00e+00
60:	0.00e+00	0.00e+00
61:	0.00e+00	-4.00e+02
62:	0.00e+00	-4.00e+02
63:	0.00e+00	0.00e+00
64:	0.00e+00	0.00e+00
65:	0.00e+00	-4.00e+02
66:	0.00e+00	-4.00e+02
67:	0.00e+00	0.00e+00
68:	0.00e+00	0.00e+00
69:	0.00e+00	-4.00e+02
70:	0.00e+00	-4.00e+02
71:	-2.78e-17	0.00e+00
72:	0.00e+00	-1.31e-16
73:	0.00e+00	-4.00e+02
74:	2.78e-17	-4.00e+02
75:	0.00e+00	-1.31e-16
76:	0.00e+00	0.00e+00
77:	0.00e+00	0.00e+00
78:	0.00e+00	0.00e+00
79:	0.00e+00	0.00e+00
80:	0.00e+00	0.00e+00
81:	0.00e+00	-4.00e+02
82:	0.00e+00	-4.00e+02
83:	0.00e+00	0.00e+00
84:	0.00e+00	0.00e+00
85:	0.00e+00	-4.00e+02
86:	0.00e+00	-4.00e+02
87:	0.00e+00	0.00e+00
88:	0.00e+00	1.31e-16
89:	0.00e+00	-4.00e+02
90:	0.00e+00	-4.00e+02
91:	0.00e+00	1.31e-16
92:	0.00e+00	0.00e+00
93:	0.00e+00	-4.00e+02
94:	0.00e+00	-4.00e+02
95:	0.00e+00	0.00e+00
96:	0.00e+00	0.00e+00
97:	0.00e+00	-4.00e+02
98:	0.00e+00	-4.00e+02
99:	0.00e+00	0.00e+00
100:	0.00e+00	0.00e+00
101:	0.00e+00	-4.00e+02
102:	0.00e+00	-4.00e+02
103:	0.00e+00	0.00e+00
104:	0.00e+00	0.00e+00
105:	0.00e+00	-4.00e+02
106:	0.00e+00	-4.00e+02
107:	0.00e+00	0.00e+00
108:	0.00e+00	-1.31e-16
109:	0.00e+00	-4.00e+02
110:	0.00e+00	-4.00e+02
111:	0.00e+00	-1.31e-16
112:	0.00e+00	0.00e+00
113:	0.00e+00	0.00e+00
114:	0.00e+00	0.00e+00
115:	0.00e+00	0.00e+00
116:	0.00e+00	0.00e+00
117:	0.00e+00	-4.00e+02
118:	0.00e+00	-4.00e+02
119:	-1.11e-16	0.00e+00
120:	0.00e+00	-1.31e-16
121:	0.00e+00	-4.00e+02
122:	0.00e+00	-4.00e+02
123:	0.00e+00	-1.31e-16
124:	0.00e+00	1.31e-16
125:	0.00e+00	-4.00e+02
126:	0.00e+00	-4.00e+02
127:	0.00e+00	1.31e-16
128:	0.00e+00	0.00e+00
129:	0.00e+00	-4.00e+02
130:	0.00e+00	-4.00e+02
131:	-1.11e-16	0.00e+00
132:	0.00e+00	0.00e+00
133:	0.00e+00	0.00e+00
134:	0.00e+00	0.00e+00
135:	0.00e+00	0.00e+00
Selecting maximum: 0 with second gradient of -49.999999999999964
New op index: 27	$R_{YX-XY}$[0, 1]
Current grad: 12.734693877551024
New op index: 31	$R_{YX-XY}$[0, 2]
Current grad: 8.000006773171076
New op index: 59	$R_{YX-XY}$[1, 3]
Current grad: 6.8285471017119175
New op index: 46	$R_{YX+XY}$[0, 6]
Current grad: 8.000152655644158
New op index: 126	$R_{YX+XY}$[5, 6]
Current grad: 6.000104044714191
New op index: 99	$R_{YX-XY}$[3, 4]
Current grad: 3.3029489192057206
New op index: 74	$R_{YX+XY}$[1, 7]
Current grad: 3.779622677312193
New op index: 110	$R_{YX+XY}$[3, 7]
Current grad: 4.238274492520523
New op index: 46	$R_{YX+XY}$[0, 6]
Current grad: 6.719657547382876
New op index: 134	$R_{YX+XY}$[6, 7]
Current grad: 5.718470969761282
Parameter value cutoff reached.
Calculating energies for FreeWilson2D(N_x=2, N_y=2, mass=-4.204, r=1.000)
h_im: 0.0
New op index: 26	$R_{YX+XY}$[0, 1]
Current grad: 1.1879386363489175e-14
0:	0.00e+00	-5.00e+01
1:	0.00e+00	-5.00e+01
2:	0.00e+00	0.00e+00
3:	0.00e+00	-5.00e+01
4:	0.00e+00	-5.00e+01
5:	0.00e+00	0.00e+00
6:	0.00e+00	-5.00e+01
7:	0.00e+00	-5.00e+01
8:	0.00e+00	0.00e+00
9:	0.00e+00	-5.00e+01
10:	0.00e+00	-5.00e+01
11:	0.00e+00	0.00e+00
12:	0.00e+00	-5.00e+01
13:	0.00e+00	-5.00e+01
14:	0.00e+00	0.00e+00
15:	0.00e+00	-5.00e+01
16:	0.00e+00	-5.00e+01
17:	0.00e+00	0.00e+00
18:	0.00e+00	-5.00e+01
19:	0.00e+00	-5.00e+01
20:	0.00e+00	0.00e+00
21:	0.00e+00	-5.00e+01
22:	0.00e+00	-5.00e+01
23:	0.00e+00	0.00e+00
24:	0.00e+00	0.00e+00
25:	0.00e+00	0.00e+00
26:	-1.11e-14	0.00e+00
27:	0.00e+00	0.00e+00
28:	0.00e+00	0.00e+00
29:	0.00e+00	-4.00e+02
30:	0.00e+00	-4.00e+02
31:	1.11e-16	0.00e+00
32:	0.00e+00	0.00e+00
33:	0.00e+00	-4.00e+02
34:	-1.11e-16	-4.00e+02
35:	0.00e+00	0.00e+00
36:	0.00e+00	0.00e+00
37:	0.00e+00	-4.00e+02
38:	0.00e+00	-4.00e+02
39:	0.00e+00	0.00e+00
40:	0.00e+00	0.00e+00
41:	0.00e+00	-4.00e+02
42:	0.00e+00	-4.00e+02
43:	0.00e+00	0.00e+00
44:	0.00e+00	1.22e-16
45:	0.00e+00	-4.00e+02
46:	2.78e-17	-4.00e+02
47:	0.00e+00	1.22e-16
48:	0.00e+00	0.00e+00
49:	0.00e+00	-4.00e+02
50:	0.00e+00	-4.00e+02
51:	-2.78e-17	0.00e+00
52:	0.00e+00	0.00e+00
53:	0.00e+00	-4.00e+02
54:	-1.11e-16	-4.00e+02
55:	0.00e+00	0.00e+00
56:	0.00e+00	0.00e+00
57:	0.00e+00	-4.00e+02
58:	0.00e+00	-4.00e+02
59:	1.11e-16	0.00e+00
60:	0.00e+00	0.00e+00
61:	0.00e+00	-4.00e+02
62:	0.00e+00	-4.00e+02
63:	0.00e+00	0.00e+00
64:	0.00e+00	0.00e+00
65:	0.00e+00	-4.00e+02
66:	0.00e+00	-4.00e+02
67:	0.00e+00	0.00e+00
68:	0.00e+00	0.00e+00
69:	0.00e+00	-4.00e+02
70:	0.00e+00	-4.00e+02
71:	-2.78e-17	0.00e+00
72:	0.00e+00	-1.22e-16
73:	0.00e+00	-4.00e+02
74:	2.78e-17	-4.00e+02
75:	0.00e+00	-1.22e-16
76:	0.00e+00	0.00e+00
77:	0.00e+00	0.00e+00
78:	0.00e+00	0.00e+00
79:	0.00e+00	0.00e+00
80:	0.00e+00	0.00e+00
81:	0.00e+00	-4.00e+02
82:	0.00e+00	-4.00e+02
83:	0.00e+00	0.00e+00
84:	0.00e+00	0.00e+00
85:	0.00e+00	-4.00e+02
86:	0.00e+00	-4.00e+02
87:	0.00e+00	0.00e+00
88:	0.00e+00	1.22e-16
89:	0.00e+00	-4.00e+02
90:	0.00e+00	-4.00e+02
91:	0.00e+00	1.22e-16
92:	0.00e+00	0.00e+00
93:	0.00e+00	-4.00e+02
94:	0.00e+00	-4.00e+02
95:	0.00e+00	0.00e+00
96:	0.00e+00	0.00e+00
97:	0.00e+00	-4.00e+02
98:	0.00e+00	-4.00e+02
99:	0.00e+00	0.00e+00
100:	0.00e+00	0.00e+00
101:	0.00e+00	-4.00e+02
102:	0.00e+00	-4.00e+02
103:	0.00e+00	0.00e+00
104:	0.00e+00	0.00e+00
105:	0.00e+00	-4.00e+02
106:	0.00e+00	-4.00e+02
107:	0.00e+00	0.00e+00
108:	0.00e+00	-1.22e-16
109:	0.00e+00	-4.00e+02
110:	0.00e+00	-4.00e+02
111:	0.00e+00	-1.22e-16
112:	0.00e+00	0.00e+00
113:	0.00e+00	0.00e+00
114:	0.00e+00	0.00e+00
115:	0.00e+00	0.00e+00
116:	0.00e+00	0.00e+00
117:	0.00e+00	-4.00e+02
118:	0.00e+00	-4.00e+02
119:	-1.11e-16	0.00e+00
120:	0.00e+00	-1.22e-16
121:	0.00e+00	-4.00e+02
122:	0.00e+00	-4.00e+02
123:	0.00e+00	-1.22e-16
124:	0.00e+00	1.22e-16
125:	0.00e+00	-4.00e+02
126:	0.00e+00	-4.00e+02
127:	0.00e+00	1.22e-16
128:	0.00e+00	0.00e+00
129:	0.00e+00	-4.00e+02
130:	0.00e+00	-4.00e+02
131:	-1.11e-16	0.00e+00
132:	0.00e+00	0.00e+00
133:	0.00e+00	0.00e+00
134:	0.00e+00	0.00e+00
135:	0.00e+00	0.00e+00
Selecting maximum: 0 with second gradient of -49.999999999999964
New op index: 27	$R_{YX-XY}$[0, 1]
Current grad: 12.408163265306126
New op index: 59	$R_{YX-XY}$[1, 3]
Current grad: 8.000007094608623
New op index: 31	$R_{YX-XY}$[0, 2]
Current grad: 13.656902366236588
New op index: 46	$R_{YX+XY}$[0, 6]
Current grad: 8.000064074654702
New op index: 119	$R_{YX-XY}$[4, 6]
Current grad: 6.000120776849725
New op index: 126	$R_{YX+XY}$[5, 6]
Current grad: 5.333852197430786
New op index: 99	$R_{YX-XY}$[3, 4]
Current grad: 3.3029492031598138
New op index: 74	$R_{YX+XY}$[1, 7]
Current grad: 3.7795644673587465
New op index: 110	$R_{YX+XY}$[3, 7]
Current grad: 4.238636424639994
New op index: 46	$R_{YX+XY}$[0, 6]
Current grad: 6.720047270377922
New op index: 134	$R_{YX+XY}$[6, 7]
Current grad: 5.719219969008501
Parameter value cutoff reached.
Calculating energies for FreeWilson2D(N_x=2, N_y=2, mass=-4.041, r=1.000)
h_im: 0.0
New op index: 26	$R_{YX+XY}$[0, 1]
Current grad: 1.1879386363489175e-14
0:	0.00e+00	-5.00e+01
1:	0.00e+00	-5.00e+01
2:	0.00e+00	0.00e+00
3:	0.00e+00	-5.00e+01
4:	0.00e+00	-5.00e+01
5:	0.00e+00	0.00e+00
6:	0.00e+00	-5.00e+01
7:	0.00e+00	-5.00e+01
8:	0.00e+00	0.00e+00
9:	0.00e+00	-5.00e+01
10:	0.00e+00	-5.00e+01
11:	0.00e+00	0.00e+00
12:	0.00e+00	-5.00e+01
13:	0.00e+00	-5.00e+01
14:	0.00e+00	0.00e+00
15:	0.00e+00	-5.00e+01
16:	0.00e+00	-5.00e+01
17:	0.00e+00	0.00e+00
18:	0.00e+00	-5.00e+01
19:	0.00e+00	-5.00e+01
20:	0.00e+00	0.00e+00
21:	0.00e+00	-5.00e+01
22:	0.00e+00	-5.00e+01
23:	0.00e+00	0.00e+00
24:	0.00e+00	0.00e+00
25:	0.00e+00	0.00e+00
26:	-1.11e-14	0.00e+00
27:	0.00e+00	0.00e+00
28:	0.00e+00	0.00e+00
29:	0.00e+00	-4.00e+02
30:	0.00e+00	-4.00e+02
31:	1.11e-16	0.00e+00
32:	0.00e+00	0.00e+00
33:	0.00e+00	-4.00e+02
34:	-1.11e-16	-4.00e+02
35:	0.00e+00	0.00e+00
36:	0.00e+00	0.00e+00
37:	0.00e+00	-4.00e+02
38:	0.00e+00	-4.00e+02
39:	0.00e+00	0.00e+00
40:	0.00e+00	0.00e+00
41:	0.00e+00	-4.00e+02
42:	0.00e+00	-4.00e+02
43:	0.00e+00	0.00e+00
44:	0.00e+00	1.13e-16
45:	0.00e+00	-4.00e+02
46:	2.78e-17	-4.00e+02
47:	0.00e+00	1.13e-16
48:	0.00e+00	0.00e+00
49:	0.00e+00	-4.00e+02
50:	0.00e+00	-4.00e+02
51:	-2.78e-17	0.00e+00
52:	0.00e+00	0.00e+00
53:	0.00e+00	-4.00e+02
54:	-1.11e-16	-4.00e+02
55:	0.00e+00	0.00e+00
56:	0.00e+00	0.00e+00
57:	0.00e+00	-4.00e+02
58:	0.00e+00	-4.00e+02
59:	1.11e-16	0.00e+00
60:	0.00e+00	0.00e+00
61:	0.00e+00	-4.00e+02
62:	0.00e+00	-4.00e+02
63:	0.00e+00	0.00e+00
64:	0.00e+00	0.00e+00
65:	0.00e+00	-4.00e+02
66:	0.00e+00	-4.00e+02
67:	0.00e+00	0.00e+00
68:	0.00e+00	0.00e+00
69:	0.00e+00	-4.00e+02
70:	0.00e+00	-4.00e+02
71:	-2.78e-17	0.00e+00
72:	0.00e+00	-1.13e-16
73:	0.00e+00	-4.00e+02
74:	2.78e-17	-4.00e+02
75:	0.00e+00	-1.13e-16
76:	0.00e+00	0.00e+00
77:	0.00e+00	0.00e+00
78:	0.00e+00	0.00e+00
79:	0.00e+00	0.00e+00
80:	0.00e+00	0.00e+00
81:	0.00e+00	-4.00e+02
82:	0.00e+00	-4.00e+02
83:	0.00e+00	0.00e+00
84:	0.00e+00	0.00e+00
85:	0.00e+00	-4.00e+02
86:	0.00e+00	-4.00e+02
87:	0.00e+00	0.00e+00
88:	0.00e+00	1.13e-16
89:	0.00e+00	-4.00e+02
90:	0.00e+00	-4.00e+02
91:	0.00e+00	1.13e-16
92:	0.00e+00	0.00e+00
93:	0.00e+00	-4.00e+02
94:	0.00e+00	-4.00e+02
95:	0.00e+00	0.00e+00
96:	0.00e+00	0.00e+00
97:	0.00e+00	-4.00e+02
98:	0.00e+00	-4.00e+02
99:	0.00e+00	0.00e+00
100:	0.00e+00	0.00e+00
101:	0.00e+00	-4.00e+02
102:	0.00e+00	-4.00e+02
103:	0.00e+00	0.00e+00
104:	0.00e+00	0.00e+00
105:	0.00e+00	-4.00e+02
106:	0.00e+00	-4.00e+02
107:	0.00e+00	0.00e+00
108:	0.00e+00	-1.13e-16
109:	0.00e+00	-4.00e+02
110:	0.00e+00	-4.00e+02
111:	0.00e+00	-1.13e-16
112:	0.00e+00	0.00e+00
113:	0.00e+00	0.00e+00
114:	0.00e+00	0.00e+00
115:	0.00e+00	0.00e+00
116:	0.00e+00	0.00e+00
117:	0.00e+00	-4.00e+02
118:	0.00e+00	-4.00e+02
119:	-1.11e-16	0.00e+00
120:	0.00e+00	-1.13e-16
121:	0.00e+00	-4.00e+02
122:	0.00e+00	-4.00e+02
123:	0.00e+00	-1.13e-16
124:	0.00e+00	1.13e-16
125:	0.00e+00	-4.00e+02
126:	0.00e+00	-4.00e+02
127:	0.00e+00	1.13e-16
128:	0.00e+00	0.00e+00
129:	0.00e+00	-4.00e+02
130:	0.00e+00	-4.00e+02
131:	-1.11e-16	0.00e+00
132:	0.00e+00	0.00e+00
133:	0.00e+00	0.00e+00
134:	0.00e+00	0.00e+00
135:	0.00e+00	0.00e+00
Selecting maximum: 0 with second gradient of -49.999999999999964
New op index: 27	$R_{YX-XY}$[0, 1]
Current grad: 12.081632653061227
New op index: 31	$R_{YX-XY}$[0, 2]
Current grad: 8.00001432876394
New op index: 59	$R_{YX-XY}$[1, 3]
Current grad: 6.828487903007135
New op index: 38	$R_{YX+XY}$[0, 4]
Current grad: 8.000019698720717
New op index: 126	$R_{YX+XY}$[5, 6]
Current grad: 6.415113538842991
New op index: 82	$R_{YX+XY}$[2, 4]
Current grad: 5.300181300249118
New op index: 99	$R_{YX-XY}$[3, 4]
Current grad: 2.9085871810613995
New op index: 26	$R_{YX+XY}$[0, 1]
Current grad: 3.8648572025040675
New op index: 59	$R_{YX-XY}$[1, 3]
Current grad: 4.001562174472752
New op index: 63	$R_{YX-XY}$[1, 4]
Current grad: 2.0113671064541143
New op index: 99	$R_{YX-XY}$[3, 4]
