Start 2025-11-18 17:57:07 | 23954830 MyPyJob | lmnode210 | /home/s6nidich_hpc/PycharmProjects/QC-MasterThesis 

Used python interpreter:
/home/s6nidich_hpc/PycharmProjects/QC-MasterThesis/.venv_intel_3_12_3/bin/python
Python version:
Python 3.12.3

Currently Loaded Modules:
  1) GCCcore/13.3.0                   7) Tcl/8.6.14-GCCcore-13.3.0
  2) zlib/1.3.1-GCCcore-13.3.0        8) SQLite/3.45.3-GCCcore-13.3.0
  3) binutils/2.42-GCCcore-13.3.0     9) XZ/5.4.5-GCCcore-13.3.0
  4) bzip2/1.0.8-GCCcore-13.3.0      10) libffi/3.4.5-GCCcore-13.3.0
  5) ncurses/6.5-GCCcore-13.3.0      11) OpenSSL/3
  6) libreadline/8.2-GCCcore-13.3.0  12) Python/3.12.3-GCCcore-13.3.0

 

Start of Program:

-----Beginning pprint-----
/:
	Attributes:
-----Ending pprint-----
Calculating energies for FreeWilson2D(N_x=2, N_y=2, mass=-6.000, r=1.000)
h_im: 0.0
New op index: 23	$R_{YX-XY}$[1, 2]
Current grad: 75.99999999999994
0:	0.00e+00	0.00e+00
1:	0.00e+00	0.00e+00
2:	0.00e+00	0.00e+00
3:	0.00e+00	-5.00e-01
4:	0.00e+00	-5.00e-01
5:	0.00e+00	1.39e-17
6:	0.00e+00	6.94e-18
7:	0.00e+00	1.39e-17
8:	0.00e+00	0.00e+00
9:	-4.50e+00	0.00e+00
10:	0.00e+00	0.00e+00
11:	5.00e-01	0.00e+00
12:	0.00e+00	-5.00e-01
13:	-4.00e+00	-5.00e-01
14:	0.00e+00	-5.00e-01
15:	-4.00e+00	-5.00e-01
16:	0.00e+00	2.78e-17
17:	5.00e-01	2.78e-17
18:	0.00e+00	-2.08e-17
19:	-4.50e+00	-2.08e-17
20:	0.00e+00	1.39e-17
21:	-2.08e-17	1.39e-17
22:	0.00e+00	0.00e+00
23:	5.00e+00	0.00e+00
24:	0.00e+00	-5.00e-01
25:	5.00e-01	-5.00e-01
26:	0.00e+00	-5.00e-01
27:	5.00e-01	-5.00e-01
28:	0.00e+00	8.33e-17
29:	5.00e+00	8.33e-17
30:	0.00e+00	4.86e-17
31:	-6.94e-18	4.86e-17
32:	0.00e+00	8.33e-17
33:	4.50e+00	8.33e-17
34:	0.00e+00	-5.00e-01
35:	-4.50e+00	-5.00e-01
36:	0.00e+00	-5.00e-01
37:	-4.50e+00	-5.00e-01
38:	0.00e+00	2.78e-17
39:	-2.08e-17	2.78e-17
40:	0.00e+00	-3.47e-17
41:	-5.00e+00	-3.47e-17
42:	0.00e+00	0.00e+00
43:	-5.00e-01	0.00e+00
44:	0.00e+00	6.94e-18
45:	0.00e+00	-2.00e+00
46:	0.00e+00	-5.00e-01
47:	4.50e+00	-5.00e-01
48:	0.00e+00	-5.00e-01
49:	-5.00e-01	-5.00e-01
50:	0.00e+00	-5.00e-01
51:	4.00e+00	-5.00e-01
52:	0.00e+00	-5.00e-01
53:	4.50e+00	-5.00e-01
54:	0.00e+00	-5.00e-01
55:	-5.00e-01	-5.00e-01
56:	0.00e+00	-5.00e-01
57:	4.00e+00	-5.00e-01
58:	0.00e+00	2.08e-17
59:	-5.00e+00	2.08e-17
60:	0.00e+00	0.00e+00
61:	-5.00e-01	5.55e-17
62:	0.00e+00	2.08e-17
63:	4.50e+00	2.08e-17
New op index: 59	$R_{YX-XY}$[5, 6]
Current grad: 58.9267006975227
New op index: 13	$R_{YX-XY}$[0, 3]
Current grad: 42.80805966660469
New op index: 57	$R_{YX-XY}$[4, 7]
Current grad: 34.86493502625508
New op index: 37	$R_{YX-XY}$[2, 4]
Current grad: 26.38838319400883
New op index: 47	$R_{YX-XY}$[3, 5]
Current grad: 23.449171250048515
New op index: 33	$R_{YX-XY}$[1, 7]
Current grad: 20.079584491561462
New op index: 19	$R_{YX-XY}$[0, 6]
Current grad: 17.640461797891085
New op index: 9	$R_{YX-XY}$[0, 1]
Current grad: 14.934104583372012
New op index: 51	$R_{YX-XY}$[3, 7]
Current grad: 12.96921758763655
New op index: 41	$R_{YX-XY}$[2, 6]
Current grad: 10.981952185965138
New op index: 53	$R_{YX-XY}$[4, 5]
Current grad: 9.221811723167376
New op index: 63	$R_{YX-XY}$[6, 7]
Current grad: 7.126014285002427
New op index: 35	$R_{YX-XY}$[2, 3]
Current grad: 5.522348429335808
New op index: 29	$R_{YX-XY}$[1, 5]
Current grad: 3.9840239985183725
New op index: 15	$R_{YX-XY}$[0, 4]
Current grad: 2.5427425173142884
New op index: 23	$R_{YX-XY}$[1, 2]
Current grad: 0.9148887553685435
New op index: 39	$R_{YX-XY}$[2, 5]
Current grad: 1.63089683026864
New op index: 57	$R_{YX-XY}$[4, 7]
Current grad: 1.6009315835467912
New op index: 33	$R_{YX-XY}$[1, 7]
Current grad: 5.84660504451338
New op index: 51	$R_{YX-XY}$[3, 7]
Current grad: 7.727972232383722
New op index: 37	$R_{YX-XY}$[2, 4]
Current grad: 5.891236122070188
New op index: 19	$R_{YX-XY}$[0, 6]
Current grad: 4.433298248901819
New op index: 53	$R_{YX-XY}$[4, 5]
Current grad: 4.216698838120399
New op index: 63	$R_{YX-XY}$[6, 7]
Current grad: 3.2799402328298837
New op index: 23	$R_{YX-XY}$[1, 2]
Current grad: 3.0845808829772947
New op index: 15	$R_{YX-XY}$[0, 4]
Current grad: 4.521271071546558
New op index: 35	$R_{YX-XY}$[2, 3]
Current grad: 3.765361884743726
New op index: 47	$R_{YX-XY}$[3, 5]
Current grad: 3.370176988837307
New op index: 57	$R_{YX-XY}$[4, 7]
Current grad: 2.8999687833035726
New op index: 41	$R_{YX-XY}$[2, 6]
Current grad: 2.666965755490149
New op index: 9	$R_{YX-XY}$[0, 1]
Current grad: 2.2931549335334678
New op index: 13	$R_{YX-XY}$[0, 3]
Current grad: 1.9394403002436846
New op index: 59	$R_{YX-XY}$[5, 6]
Current grad: 1.6302019703295936
New op index: 29	$R_{YX-XY}$[1, 5]
Current grad: 1.2702003861814695
New op index: 55	$R_{YX-XY}$[4, 6]
Current grad: 1.1268433944145628
New op index: 57	$R_{YX-XY}$[4, 7]
Current grad: 1.64329915199191
New op index: 15	$R_{YX-XY}$[0, 4]
Current grad: 1.3205033089724765
New op index: 61	$R_{YX-XY}$[5, 7]
Current grad: 1.1165861698897137
New op index: 63	$R_{YX-XY}$[6, 7]
Current grad: 1.470388696866171
New op index: 33	$R_{YX-XY}$[1, 7]
Current grad: 1.3690326567052167
New op index: 17	$R_{YX-XY}$[0, 5]
Current grad: 1.3527244448468714
New op index: 37	$R_{YX-XY}$[2, 4]
Current grad: 1.511242027680074
New op index: 41	$R_{YX-XY}$[2, 6]
Current grad: 1.3947997660879137
New op index: 57	$R_{YX-XY}$[4, 7]
Current grad: 1.4293369479952813
New op index: 53	$R_{YX-XY}$[4, 5]
Current grad: 1.1330151650657387
New op index: 45	$R_{YX-XY}$[3, 4]
Current grad: 1.6745075075948357
New op index: 25	$R_{YX-XY}$[1, 3]
Current grad: 1.6150795231535011
New op index: 53	$R_{YX-XY}$[4, 5]
