Start 2025-11-14 18:07:19 | 23886762 MyPyJob | lmnode197 | /home/s6nidich_hpc/PycharmProjects/QC-MasterThesis 

Used python interpreter:
/home/s6nidich_hpc/PycharmProjects/QC-MasterThesis/.venv_intel_3_12_3/bin/python
Python version:
Python 3.12.3

Currently Loaded Modules:
  1) GCCcore/13.3.0                   7) Tcl/8.6.14-GCCcore-13.3.0
  2) zlib/1.3.1-GCCcore-13.3.0        8) SQLite/3.45.3-GCCcore-13.3.0
  3) binutils/2.42-GCCcore-13.3.0     9) XZ/5.4.5-GCCcore-13.3.0
  4) bzip2/1.0.8-GCCcore-13.3.0      10) libffi/3.4.5-GCCcore-13.3.0
  5) ncurses/6.5-GCCcore-13.3.0      11) OpenSSL/3
  6) libreadline/8.2-GCCcore-13.3.0  12) Python/3.12.3-GCCcore-13.3.0

 

Start of Program:

-----Beginning pprint-----
/:
	Attributes:
-----Ending pprint-----
Calculating energies for FreeWilson2D(N_x=2, N_y=2, mass=-6.000, r=1.000)
h_im: 0.0
New op index: 39	$R_{YX-XY}$(3)
Current grad: 4.440892098500626e-16
0:	0.00e+00	5.00e+01
1:	0.00e+00	5.00e+01
2:	0.00e+00	0.00e+00
3:	0.00e+00	5.00e+01
4:	0.00e+00	5.00e+01
5:	0.00e+00	0.00e+00
6:	0.00e+00	5.00e+01
7:	0.00e+00	5.00e+01
8:	0.00e+00	0.00e+00
9:	0.00e+00	5.00e+01
10:	0.00e+00	5.00e+01
11:	0.00e+00	0.00e+00
12:	0.00e+00	5.00e+01
13:	0.00e+00	5.00e+01
14:	0.00e+00	0.00e+00
15:	0.00e+00	5.00e+01
16:	0.00e+00	5.00e+01
17:	0.00e+00	0.00e+00
18:	0.00e+00	5.00e+01
19:	0.00e+00	5.00e+01
20:	0.00e+00	0.00e+00
21:	0.00e+00	5.00e+01
22:	0.00e+00	5.00e+01
23:	0.00e+00	0.00e+00
24:	0.00e+00	0.00e+00
25:	0.00e+00	8.00e+02
26:	0.00e+00	8.00e+02
27:	0.00e+00	0.00e+00
28:	0.00e+00	-3.55e-15
29:	0.00e+00	0.00e+00
30:	0.00e+00	0.00e+00
31:	0.00e+00	-3.55e-15
32:	0.00e+00	0.00e+00
33:	0.00e+00	8.00e+02
34:	0.00e+00	8.00e+02
35:	0.00e+00	0.00e+00
36:	0.00e+00	0.00e+00
37:	0.00e+00	0.00e+00
38:	0.00e+00	0.00e+00
39:	4.44e-16	0.00e+00
40:	0.00e+00	0.00e+00
41:	0.00e+00	8.00e+02
42:	0.00e+00	8.00e+02
43:	0.00e+00	0.00e+00
44:	0.00e+00	3.55e-15
45:	0.00e+00	0.00e+00
46:	0.00e+00	0.00e+00
47:	0.00e+00	3.55e-15
48:	0.00e+00	0.00e+00
49:	0.00e+00	8.00e+02
50:	0.00e+00	8.00e+02
51:	0.00e+00	0.00e+00
New op index: 13	$R_Y$(4)
Current grad: 1.8274178267559202e-14
Precision cutoff reached.
Calculating energies for FreeWilson2D(N_x=2, N_y=2, mass=-5.837, r=1.000)
h_im: 0.0
New op index: 39	$R_{YX-XY}$(3)
Current grad: 4.440892098500626e-16
0:	0.00e+00	5.00e+01
1:	0.00e+00	5.00e+01
2:	0.00e+00	0.00e+00
3:	0.00e+00	5.00e+01
4:	0.00e+00	5.00e+01
5:	0.00e+00	0.00e+00
6:	0.00e+00	5.00e+01
7:	0.00e+00	5.00e+01
8:	0.00e+00	0.00e+00
9:	0.00e+00	5.00e+01
10:	0.00e+00	5.00e+01
11:	0.00e+00	0.00e+00
12:	0.00e+00	5.00e+01
13:	0.00e+00	5.00e+01
14:	0.00e+00	0.00e+00
15:	0.00e+00	5.00e+01
16:	0.00e+00	5.00e+01
17:	0.00e+00	0.00e+00
18:	0.00e+00	5.00e+01
19:	0.00e+00	5.00e+01
20:	0.00e+00	0.00e+00
21:	0.00e+00	5.00e+01
22:	0.00e+00	5.00e+01
23:	0.00e+00	0.00e+00
24:	0.00e+00	0.00e+00
25:	0.00e+00	8.00e+02
26:	0.00e+00	8.00e+02
27:	0.00e+00	0.00e+00
28:	0.00e+00	-3.41e-15
29:	0.00e+00	0.00e+00
30:	0.00e+00	0.00e+00
31:	0.00e+00	-3.41e-15
32:	0.00e+00	0.00e+00
33:	0.00e+00	8.00e+02
34:	0.00e+00	8.00e+02
35:	0.00e+00	0.00e+00
36:	0.00e+00	0.00e+00
37:	0.00e+00	0.00e+00
38:	0.00e+00	0.00e+00
39:	4.44e-16	0.00e+00
40:	0.00e+00	0.00e+00
41:	0.00e+00	8.00e+02
42:	0.00e+00	8.00e+02
43:	0.00e+00	0.00e+00
44:	0.00e+00	3.41e-15
45:	0.00e+00	0.00e+00
46:	0.00e+00	0.00e+00
47:	0.00e+00	3.41e-15
48:	0.00e+00	0.00e+00
49:	0.00e+00	8.00e+02
50:	0.00e+00	8.00e+02
51:	0.00e+00	0.00e+00
New op index: 13	$R_Y$(4)
Current grad: 1.8267769726911515e-14
Precision cutoff reached.
Calculating energies for FreeWilson2D(N_x=2, N_y=2, mass=-5.673, r=1.000)
h_im: 0.0
New op index: 39	$R_{YX-XY}$(3)
Current grad: 4.440892098500626e-16
0:	0.00e+00	5.00e+01
1:	0.00e+00	5.00e+01
2:	0.00e+00	0.00e+00
3:	0.00e+00	5.00e+01
4:	0.00e+00	5.00e+01
5:	0.00e+00	0.00e+00
6:	0.00e+00	5.00e+01
7:	0.00e+00	5.00e+01
8:	0.00e+00	0.00e+00
9:	0.00e+00	5.00e+01
10:	0.00e+00	5.00e+01
11:	0.00e+00	0.00e+00
12:	0.00e+00	5.00e+01
13:	0.00e+00	5.00e+01
14:	0.00e+00	0.00e+00
15:	0.00e+00	5.00e+01
16:	0.00e+00	5.00e+01
17:	0.00e+00	0.00e+00
18:	0.00e+00	5.00e+01
19:	0.00e+00	5.00e+01
20:	0.00e+00	0.00e+00
21:	0.00e+00	5.00e+01
22:	0.00e+00	5.00e+01
23:	0.00e+00	0.00e+00
24:	0.00e+00	0.00e+00
25:	0.00e+00	8.00e+02
26:	0.00e+00	8.00e+02
27:	0.00e+00	0.00e+00
28:	0.00e+00	-3.26e-15
29:	0.00e+00	0.00e+00
30:	0.00e+00	0.00e+00
31:	0.00e+00	-3.26e-15
32:	0.00e+00	0.00e+00
33:	0.00e+00	8.00e+02
34:	0.00e+00	8.00e+02
35:	0.00e+00	0.00e+00
36:	0.00e+00	0.00e+00
37:	0.00e+00	0.00e+00
38:	0.00e+00	0.00e+00
39:	4.44e-16	0.00e+00
40:	0.00e+00	0.00e+00
41:	0.00e+00	8.00e+02
42:	0.00e+00	8.00e+02
43:	0.00e+00	0.00e+00
44:	0.00e+00	3.26e-15
45:	0.00e+00	0.00e+00
46:	0.00e+00	0.00e+00
47:	0.00e+00	3.26e-15
48:	0.00e+00	0.00e+00
49:	0.00e+00	8.00e+02
50:	0.00e+00	8.00e+02
51:	0.00e+00	0.00e+00
New op index: 13	$R_Y$(4)
Current grad: 1.8261361186263827e-14
Precision cutoff reached.
Calculating energies for FreeWilson2D(N_x=2, N_y=2, mass=-5.510, r=1.000)
h_im: 0.0
New op index: 39	$R_{YX-XY}$(3)
Current grad: 4.440892098500626e-16
0:	0.00e+00	5.00e+01
1:	0.00e+00	5.00e+01
2:	0.00e+00	0.00e+00
3:	0.00e+00	5.00e+01
4:	0.00e+00	5.00e+01
5:	0.00e+00	0.00e+00
6:	0.00e+00	5.00e+01
7:	0.00e+00	5.00e+01
8:	0.00e+00	0.00e+00
9:	0.00e+00	5.00e+01
10:	0.00e+00	5.00e+01
11:	0.00e+00	0.00e+00
12:	0.00e+00	5.00e+01
13:	0.00e+00	5.00e+01
14:	0.00e+00	0.00e+00
15:	0.00e+00	5.00e+01
16:	0.00e+00	5.00e+01
17:	0.00e+00	0.00e+00
18:	0.00e+00	5.00e+01
19:	0.00e+00	5.00e+01
20:	0.00e+00	0.00e+00
21:	0.00e+00	5.00e+01
22:	0.00e+00	5.00e+01
23:	0.00e+00	0.00e+00
24:	0.00e+00	0.00e+00
25:	0.00e+00	8.00e+02
26:	0.00e+00	8.00e+02
27:	0.00e+00	0.00e+00
28:	0.00e+00	-3.12e-15
29:	0.00e+00	0.00e+00
30:	0.00e+00	0.00e+00
31:	0.00e+00	-3.12e-15
32:	0.00e+00	0.00e+00
33:	0.00e+00	8.00e+02
34:	0.00e+00	8.00e+02
35:	0.00e+00	0.00e+00
36:	0.00e+00	0.00e+00
37:	0.00e+00	0.00e+00
38:	0.00e+00	0.00e+00
39:	4.44e-16	0.00e+00
40:	0.00e+00	0.00e+00
41:	0.00e+00	8.00e+02
42:	0.00e+00	8.00e+02
43:	0.00e+00	0.00e+00
44:	0.00e+00	3.12e-15
45:	0.00e+00	0.00e+00
46:	0.00e+00	0.00e+00
47:	0.00e+00	3.12e-15
48:	0.00e+00	0.00e+00
49:	0.00e+00	8.00e+02
50:	0.00e+00	8.00e+02
51:	0.00e+00	0.00e+00
New op index: 13	$R_Y$(4)
Current grad: 1.8254952645616137e-14
Precision cutoff reached.
Calculating energies for FreeWilson2D(N_x=2, N_y=2, mass=-5.347, r=1.000)
h_im: 0.0
New op index: 39	$R_{YX-XY}$(3)
Current grad: 4.440892098500626e-16
0:	0.00e+00	5.00e+01
1:	0.00e+00	5.00e+01
2:	0.00e+00	0.00e+00
3:	0.00e+00	5.00e+01
4:	0.00e+00	5.00e+01
5:	0.00e+00	0.00e+00
6:	0.00e+00	5.00e+01
7:	0.00e+00	5.00e+01
8:	0.00e+00	0.00e+00
9:	0.00e+00	5.00e+01
10:	0.00e+00	5.00e+01
11:	0.00e+00	0.00e+00
12:	0.00e+00	5.00e+01
13:	0.00e+00	5.00e+01
14:	0.00e+00	0.00e+00
15:	0.00e+00	5.00e+01
16:	0.00e+00	5.00e+01
17:	0.00e+00	0.00e+00
18:	0.00e+00	5.00e+01
19:	0.00e+00	5.00e+01
20:	0.00e+00	0.00e+00
21:	0.00e+00	5.00e+01
22:	0.00e+00	5.00e+01
23:	0.00e+00	0.00e+00
24:	0.00e+00	0.00e+00
25:	0.00e+00	8.00e+02
26:	0.00e+00	8.00e+02
27:	0.00e+00	0.00e+00
28:	0.00e+00	-2.97e-15
29:	0.00e+00	0.00e+00
30:	0.00e+00	0.00e+00
31:	0.00e+00	-2.97e-15
32:	0.00e+00	0.00e+00
33:	0.00e+00	8.00e+02
34:	0.00e+00	8.00e+02
35:	0.00e+00	0.00e+00
36:	0.00e+00	0.00e+00
37:	0.00e+00	0.00e+00
38:	0.00e+00	0.00e+00
39:	4.44e-16	0.00e+00
40:	0.00e+00	0.00e+00
41:	0.00e+00	8.00e+02
42:	0.00e+00	8.00e+02
43:	0.00e+00	0.00e+00
44:	0.00e+00	2.97e-15
45:	0.00e+00	0.00e+00
46:	0.00e+00	0.00e+00
47:	0.00e+00	2.97e-15
48:	0.00e+00	0.00e+00
49:	0.00e+00	8.00e+02
50:	0.00e+00	8.00e+02
51:	0.00e+00	0.00e+00
New op index: 13	$R_Y$(4)
Current grad: 1.824854410496845e-14
Precision cutoff reached.
Calculating energies for FreeWilson2D(N_x=2, N_y=2, mass=-5.184, r=1.000)
h_im: 0.0
New op index: 39	$R_{YX-XY}$(3)
Current grad: 4.440892098500626e-16
0:	0.00e+00	5.00e+01
1:	0.00e+00	5.00e+01
2:	0.00e+00	0.00e+00
3:	0.00e+00	5.00e+01
4:	0.00e+00	5.00e+01
5:	0.00e+00	0.00e+00
6:	0.00e+00	5.00e+01
7:	0.00e+00	5.00e+01
8:	0.00e+00	0.00e+00
9:	0.00e+00	5.00e+01
10:	0.00e+00	5.00e+01
11:	0.00e+00	0.00e+00
12:	0.00e+00	5.00e+01
13:	0.00e+00	5.00e+01
14:	0.00e+00	0.00e+00
15:	0.00e+00	5.00e+01
16:	0.00e+00	5.00e+01
17:	0.00e+00	0.00e+00
18:	0.00e+00	5.00e+01
19:	0.00e+00	5.00e+01
20:	0.00e+00	0.00e+00
21:	0.00e+00	5.00e+01
22:	0.00e+00	5.00e+01
23:	0.00e+00	0.00e+00
24:	0.00e+00	0.00e+00
25:	0.00e+00	8.00e+02
26:	0.00e+00	8.00e+02
27:	0.00e+00	0.00e+00
28:	0.00e+00	-2.83e-15
29:	0.00e+00	0.00e+00
30:	0.00e+00	0.00e+00
31:	0.00e+00	-2.83e-15
32:	0.00e+00	0.00e+00
33:	0.00e+00	8.00e+02
34:	0.00e+00	8.00e+02
35:	0.00e+00	0.00e+00
36:	0.00e+00	0.00e+00
37:	0.00e+00	0.00e+00
38:	0.00e+00	0.00e+00
39:	4.44e-16	0.00e+00
40:	0.00e+00	0.00e+00
41:	0.00e+00	8.00e+02
42:	0.00e+00	8.00e+02
43:	0.00e+00	0.00e+00
44:	0.00e+00	2.83e-15
45:	0.00e+00	0.00e+00
46:	0.00e+00	0.00e+00
47:	0.00e+00	2.83e-15
48:	0.00e+00	0.00e+00
49:	0.00e+00	8.00e+02
50:	0.00e+00	8.00e+02
51:	0.00e+00	0.00e+00
New op index: 13	$R_Y$(4)
Current grad: 1.8242135564320762e-14
Precision cutoff reached.
Calculating energies for FreeWilson2D(N_x=2, N_y=2, mass=-5.020, r=1.000)
h_im: 0.0
New op index: 39	$R_{YX-XY}$(3)
Current grad: 4.440892098500626e-16
0:	0.00e+00	5.00e+01
1:	0.00e+00	5.00e+01
2:	0.00e+00	0.00e+00
3:	0.00e+00	5.00e+01
4:	0.00e+00	5.00e+01
5:	0.00e+00	0.00e+00
6:	0.00e+00	5.00e+01
7:	0.00e+00	5.00e+01
8:	0.00e+00	0.00e+00
9:	0.00e+00	5.00e+01
10:	0.00e+00	5.00e+01
11:	0.00e+00	0.00e+00
12:	0.00e+00	5.00e+01
13:	0.00e+00	5.00e+01
14:	0.00e+00	0.00e+00
15:	0.00e+00	5.00e+01
16:	0.00e+00	5.00e+01
17:	0.00e+00	0.00e+00
18:	0.00e+00	5.00e+01
19:	0.00e+00	5.00e+01
20:	0.00e+00	0.00e+00
21:	0.00e+00	5.00e+01
22:	0.00e+00	5.00e+01
23:	0.00e+00	0.00e+00
24:	0.00e+00	0.00e+00
25:	0.00e+00	8.00e+02
26:	0.00e+00	8.00e+02
27:	0.00e+00	0.00e+00
28:	0.00e+00	-2.68e-15
29:	0.00e+00	0.00e+00
30:	0.00e+00	0.00e+00
31:	0.00e+00	-2.68e-15
32:	0.00e+00	0.00e+00
33:	0.00e+00	8.00e+02
34:	0.00e+00	8.00e+02
35:	0.00e+00	0.00e+00
36:	0.00e+00	0.00e+00
37:	0.00e+00	0.00e+00
38:	0.00e+00	0.00e+00
39:	4.44e-16	0.00e+00
40:	0.00e+00	0.00e+00
41:	0.00e+00	8.00e+02
42:	0.00e+00	8.00e+02
43:	0.00e+00	0.00e+00
44:	0.00e+00	2.68e-15
45:	0.00e+00	0.00e+00
46:	0.00e+00	0.00e+00
47:	0.00e+00	2.68e-15
48:	0.00e+00	0.00e+00
49:	0.00e+00	8.00e+02
50:	0.00e+00	8.00e+02
51:	0.00e+00	0.00e+00
New op index: 13	$R_Y$(4)
Current grad: 1.823572702367307e-14
Precision cutoff reached.
Calculating energies for FreeWilson2D(N_x=2, N_y=2, mass=-4.857, r=1.000)
h_im: 0.0
New op index: 39	$R_{YX-XY}$(3)
Current grad: 4.440892098500626e-16
0:	0.00e+00	5.00e+01
1:	0.00e+00	5.00e+01
2:	0.00e+00	0.00e+00
3:	0.00e+00	5.00e+01
4:	0.00e+00	5.00e+01
5:	0.00e+00	0.00e+00
6:	0.00e+00	5.00e+01
7:	0.00e+00	5.00e+01
8:	0.00e+00	0.00e+00
9:	0.00e+00	5.00e+01
10:	0.00e+00	5.00e+01
11:	0.00e+00	0.00e+00
12:	0.00e+00	5.00e+01
13:	0.00e+00	5.00e+01
14:	0.00e+00	0.00e+00
15:	0.00e+00	5.00e+01
16:	0.00e+00	5.00e+01
17:	0.00e+00	0.00e+00
18:	0.00e+00	5.00e+01
19:	0.00e+00	5.00e+01
20:	0.00e+00	0.00e+00
21:	0.00e+00	5.00e+01
22:	0.00e+00	5.00e+01
23:	0.00e+00	0.00e+00
24:	0.00e+00	0.00e+00
25:	0.00e+00	8.00e+02
26:	0.00e+00	8.00e+02
27:	0.00e+00	0.00e+00
28:	0.00e+00	-2.54e-15
29:	0.00e+00	0.00e+00
30:	0.00e+00	0.00e+00
31:	0.00e+00	-2.54e-15
32:	0.00e+00	0.00e+00
33:	0.00e+00	8.00e+02
34:	0.00e+00	8.00e+02
35:	0.00e+00	0.00e+00
36:	0.00e+00	0.00e+00
37:	0.00e+00	0.00e+00
38:	0.00e+00	0.00e+00
39:	4.44e-16	0.00e+00
40:	0.00e+00	0.00e+00
41:	0.00e+00	8.00e+02
42:	0.00e+00	8.00e+02
43:	0.00e+00	0.00e+00
44:	0.00e+00	2.54e-15
45:	0.00e+00	0.00e+00
46:	0.00e+00	0.00e+00
47:	0.00e+00	2.54e-15
48:	0.00e+00	0.00e+00
49:	0.00e+00	8.00e+02
50:	0.00e+00	8.00e+02
51:	0.00e+00	0.00e+00
New op index: 13	$R_Y$(4)
Current grad: 1.822931848302538e-14
Precision cutoff reached.
Calculating energies for FreeWilson2D(N_x=2, N_y=2, mass=-4.694, r=1.000)
h_im: 0.0
New op index: 39	$R_{YX-XY}$(3)
Current grad: 4.440892098500626e-16
0:	0.00e+00	5.00e+01
1:	0.00e+00	5.00e+01
2:	0.00e+00	0.00e+00
3:	0.00e+00	5.00e+01
4:	0.00e+00	5.00e+01
5:	0.00e+00	0.00e+00
6:	0.00e+00	5.00e+01
7:	0.00e+00	5.00e+01
8:	0.00e+00	0.00e+00
9:	0.00e+00	5.00e+01
10:	0.00e+00	5.00e+01
11:	0.00e+00	0.00e+00
12:	0.00e+00	5.00e+01
13:	0.00e+00	5.00e+01
14:	0.00e+00	0.00e+00
15:	0.00e+00	5.00e+01
16:	0.00e+00	5.00e+01
17:	0.00e+00	0.00e+00
18:	0.00e+00	5.00e+01
19:	0.00e+00	5.00e+01
20:	0.00e+00	0.00e+00
21:	0.00e+00	5.00e+01
22:	0.00e+00	5.00e+01
23:	0.00e+00	0.00e+00
24:	0.00e+00	0.00e+00
25:	0.00e+00	8.00e+02
26:	0.00e+00	8.00e+02
27:	0.00e+00	0.00e+00
28:	0.00e+00	-2.39e-15
29:	0.00e+00	0.00e+00
30:	0.00e+00	0.00e+00
31:	0.00e+00	-2.39e-15
32:	0.00e+00	0.00e+00
33:	0.00e+00	8.00e+02
34:	0.00e+00	8.00e+02
35:	0.00e+00	0.00e+00
36:	0.00e+00	0.00e+00
37:	0.00e+00	0.00e+00
38:	0.00e+00	0.00e+00
39:	4.44e-16	0.00e+00
40:	0.00e+00	0.00e+00
41:	0.00e+00	8.00e+02
42:	0.00e+00	8.00e+02
43:	0.00e+00	0.00e+00
44:	0.00e+00	2.39e-15
45:	0.00e+00	0.00e+00
46:	0.00e+00	0.00e+00
47:	0.00e+00	2.39e-15
48:	0.00e+00	0.00e+00
49:	0.00e+00	8.00e+02
50:	0.00e+00	8.00e+02
51:	0.00e+00	0.00e+00
New op index: 13	$R_Y$(4)
Current grad: 1.8222909942377693e-14
Precision cutoff reached.
Calculating energies for FreeWilson2D(N_x=2, N_y=2, mass=-4.531, r=1.000)
h_im: 0.0
New op index: 39	$R_{YX-XY}$(3)
Current grad: 4.440892098500626e-16
0:	0.00e+00	5.00e+01
1:	0.00e+00	5.00e+01
2:	0.00e+00	0.00e+00
3:	0.00e+00	5.00e+01
4:	0.00e+00	5.00e+01
5:	0.00e+00	0.00e+00
6:	0.00e+00	5.00e+01
7:	0.00e+00	5.00e+01
8:	0.00e+00	0.00e+00
9:	0.00e+00	5.00e+01
10:	0.00e+00	5.00e+01
11:	0.00e+00	0.00e+00
12:	0.00e+00	5.00e+01
13:	0.00e+00	5.00e+01
14:	0.00e+00	0.00e+00
15:	0.00e+00	5.00e+01
16:	0.00e+00	5.00e+01
17:	0.00e+00	0.00e+00
18:	0.00e+00	5.00e+01
19:	0.00e+00	5.00e+01
20:	0.00e+00	0.00e+00
21:	0.00e+00	5.00e+01
22:	0.00e+00	5.00e+01
23:	0.00e+00	0.00e+00
24:	0.00e+00	0.00e+00
25:	0.00e+00	8.00e+02
26:	0.00e+00	8.00e+02
27:	0.00e+00	0.00e+00
28:	0.00e+00	-2.25e-15
29:	0.00e+00	0.00e+00
30:	0.00e+00	0.00e+00
31:	0.00e+00	-2.25e-15
32:	0.00e+00	0.00e+00
33:	0.00e+00	8.00e+02
34:	0.00e+00	8.00e+02
35:	0.00e+00	0.00e+00
36:	0.00e+00	0.00e+00
37:	0.00e+00	0.00e+00
38:	0.00e+00	0.00e+00
39:	4.44e-16	0.00e+00
40:	0.00e+00	0.00e+00
41:	0.00e+00	8.00e+02
42:	0.00e+00	8.00e+02
43:	0.00e+00	0.00e+00
44:	0.00e+00	2.25e-15
45:	0.00e+00	0.00e+00
46:	0.00e+00	0.00e+00
47:	0.00e+00	2.25e-15
48:	0.00e+00	0.00e+00
49:	0.00e+00	8.00e+02
50:	0.00e+00	8.00e+02
51:	0.00e+00	0.00e+00
New op index: 13	$R_Y$(4)
Current grad: 1.8216501401730006e-14
Precision cutoff reached.
Calculating energies for FreeWilson2D(N_x=2, N_y=2, mass=-4.367, r=1.000)
h_im: 0.0
New op index: 39	$R_{YX-XY}$(3)
Current grad: 4.440892098500626e-16
0:	0.00e+00	5.00e+01
1:	0.00e+00	5.00e+01
2:	0.00e+00	0.00e+00
3:	0.00e+00	5.00e+01
4:	0.00e+00	5.00e+01
5:	0.00e+00	0.00e+00
6:	0.00e+00	5.00e+01
7:	0.00e+00	5.00e+01
8:	0.00e+00	0.00e+00
9:	0.00e+00	5.00e+01
10:	0.00e+00	5.00e+01
11:	0.00e+00	0.00e+00
12:	0.00e+00	5.00e+01
13:	0.00e+00	5.00e+01
14:	0.00e+00	0.00e+00
15:	0.00e+00	5.00e+01
16:	0.00e+00	5.00e+01
17:	0.00e+00	0.00e+00
18:	0.00e+00	5.00e+01
19:	0.00e+00	5.00e+01
20:	0.00e+00	0.00e+00
21:	0.00e+00	5.00e+01
22:	0.00e+00	5.00e+01
23:	0.00e+00	0.00e+00
24:	0.00e+00	0.00e+00
25:	0.00e+00	8.00e+02
26:	0.00e+00	8.00e+02
27:	0.00e+00	0.00e+00
28:	0.00e+00	-2.10e-15
29:	0.00e+00	0.00e+00
30:	0.00e+00	0.00e+00
31:	0.00e+00	-2.10e-15
32:	0.00e+00	0.00e+00
33:	0.00e+00	8.00e+02
34:	0.00e+00	8.00e+02
35:	0.00e+00	0.00e+00
36:	0.00e+00	0.00e+00
37:	0.00e+00	0.00e+00
38:	0.00e+00	0.00e+00
39:	4.44e-16	0.00e+00
40:	0.00e+00	0.00e+00
41:	0.00e+00	8.00e+02
42:	0.00e+00	8.00e+02
43:	0.00e+00	0.00e+00
44:	0.00e+00	2.10e-15
45:	0.00e+00	0.00e+00
46:	0.00e+00	0.00e+00
47:	0.00e+00	2.10e-15
48:	0.00e+00	0.00e+00
49:	0.00e+00	8.00e+02
50:	0.00e+00	8.00e+02
51:	0.00e+00	0.00e+00
New op index: 13	$R_Y$(4)
Current grad: 1.8210092861082315e-14
Precision cutoff reached.
Calculating energies for FreeWilson2D(N_x=2, N_y=2, mass=-4.204, r=1.000)
h_im: 0.0
New op index: 39	$R_{YX-XY}$(3)
Current grad: 4.440892098500626e-16
0:	0.00e+00	5.00e+01
1:	0.00e+00	5.00e+01
2:	0.00e+00	0.00e+00
3:	0.00e+00	5.00e+01
4:	0.00e+00	5.00e+01
5:	0.00e+00	0.00e+00
6:	0.00e+00	5.00e+01
7:	0.00e+00	5.00e+01
8:	0.00e+00	0.00e+00
9:	0.00e+00	5.00e+01
10:	0.00e+00	5.00e+01
11:	0.00e+00	0.00e+00
12:	0.00e+00	5.00e+01
13:	0.00e+00	5.00e+01
14:	0.00e+00	0.00e+00
15:	0.00e+00	5.00e+01
16:	0.00e+00	5.00e+01
17:	0.00e+00	0.00e+00
18:	0.00e+00	5.00e+01
19:	0.00e+00	5.00e+01
20:	0.00e+00	0.00e+00
21:	0.00e+00	5.00e+01
22:	0.00e+00	5.00e+01
23:	0.00e+00	0.00e+00
24:	0.00e+00	0.00e+00
25:	0.00e+00	8.00e+02
26:	0.00e+00	8.00e+02
27:	0.00e+00	0.00e+00
28:	0.00e+00	-1.96e-15
29:	0.00e+00	0.00e+00
30:	0.00e+00	0.00e+00
31:	0.00e+00	-1.96e-15
32:	0.00e+00	0.00e+00
33:	0.00e+00	8.00e+02
34:	0.00e+00	8.00e+02
35:	0.00e+00	0.00e+00
36:	0.00e+00	0.00e+00
37:	0.00e+00	0.00e+00
38:	0.00e+00	0.00e+00
39:	4.44e-16	0.00e+00
40:	0.00e+00	0.00e+00
41:	0.00e+00	8.00e+02
42:	0.00e+00	8.00e+02
43:	0.00e+00	0.00e+00
44:	0.00e+00	1.96e-15
45:	0.00e+00	0.00e+00
46:	0.00e+00	0.00e+00
47:	0.00e+00	1.96e-15
48:	0.00e+00	0.00e+00
49:	0.00e+00	8.00e+02
50:	0.00e+00	8.00e+02
51:	0.00e+00	0.00e+00
New op index: 13	$R_Y$(4)
Current grad: 1.8203684320434625e-14
Precision cutoff reached.
Calculating energies for FreeWilson2D(N_x=2, N_y=2, mass=-4.041, r=1.000)
h_im: 0.0
New op index: 39	$R_{YX-XY}$(3)
Current grad: 4.440892098500626e-16
0:	0.00e+00	5.00e+01
1:	0.00e+00	5.00e+01
2:	0.00e+00	0.00e+00
3:	0.00e+00	5.00e+01
4:	0.00e+00	5.00e+01
5:	0.00e+00	0.00e+00
6:	0.00e+00	5.00e+01
7:	0.00e+00	5.00e+01
8:	0.00e+00	0.00e+00
9:	0.00e+00	5.00e+01
10:	0.00e+00	5.00e+01
11:	0.00e+00	0.00e+00
12:	0.00e+00	5.00e+01
13:	0.00e+00	5.00e+01
14:	0.00e+00	0.00e+00
15:	0.00e+00	5.00e+01
16:	0.00e+00	5.00e+01
17:	0.00e+00	0.00e+00
18:	0.00e+00	5.00e+01
19:	0.00e+00	5.00e+01
20:	0.00e+00	0.00e+00
21:	0.00e+00	5.00e+01
22:	0.00e+00	5.00e+01
23:	0.00e+00	0.00e+00
24:	0.00e+00	0.00e+00
25:	0.00e+00	8.00e+02
26:	0.00e+00	8.00e+02
27:	0.00e+00	0.00e+00
28:	0.00e+00	-1.81e-15
29:	0.00e+00	0.00e+00
30:	0.00e+00	0.00e+00
31:	0.00e+00	-1.81e-15
32:	0.00e+00	0.00e+00
33:	0.00e+00	8.00e+02
34:	0.00e+00	8.00e+02
35:	0.00e+00	0.00e+00
36:	0.00e+00	0.00e+00
37:	0.00e+00	0.00e+00
38:	0.00e+00	0.00e+00
39:	4.44e-16	0.00e+00
40:	0.00e+00	0.00e+00
41:	0.00e+00	8.00e+02
42:	0.00e+00	8.00e+02
43:	0.00e+00	0.00e+00
44:	0.00e+00	1.81e-15
45:	0.00e+00	0.00e+00
46:	0.00e+00	0.00e+00
47:	0.00e+00	1.81e-15
48:	0.00e+00	0.00e+00
49:	0.00e+00	8.00e+02
50:	0.00e+00	8.00e+02
51:	0.00e+00	0.00e+00
New op index: 13	$R_Y$(4)
Current grad: 1.8197275779786937e-14
Precision cutoff reached.
Calculating energies for FreeWilson2D(N_x=2, N_y=2, mass=-3.878, r=1.000)
h_im: 0.0
New op index: 39	$R_{YX-XY}$(3)
Current grad: 4.440892098500626e-16
0:	0.00e+00	5.00e+01
1:	0.00e+00	5.00e+01
2:	0.00e+00	0.00e+00
3:	0.00e+00	5.00e+01
4:	0.00e+00	5.00e+01
5:	0.00e+00	0.00e+00
6:	0.00e+00	5.00e+01
7:	0.00e+00	5.00e+01
8:	0.00e+00	0.00e+00
9:	0.00e+00	5.00e+01
10:	0.00e+00	5.00e+01
11:	0.00e+00	0.00e+00
12:	0.00e+00	5.00e+01
13:	0.00e+00	5.00e+01
14:	0.00e+00	0.00e+00
15:	0.00e+00	5.00e+01
16:	0.00e+00	5.00e+01
17:	0.00e+00	0.00e+00
18:	0.00e+00	5.00e+01
19:	0.00e+00	5.00e+01
20:	0.00e+00	0.00e+00
21:	0.00e+00	5.00e+01
22:	0.00e+00	5.00e+01
23:	0.00e+00	0.00e+00
24:	0.00e+00	0.00e+00
25:	0.00e+00	8.00e+02
26:	0.00e+00	8.00e+02
27:	0.00e+00	0.00e+00
28:	0.00e+00	-1.67e-15
29:	0.00e+00	0.00e+00
30:	0.00e+00	0.00e+00
31:	0.00e+00	-1.67e-15
32:	0.00e+00	0.00e+00
33:	0.00e+00	8.00e+02
34:	0.00e+00	8.00e+02
35:	0.00e+00	0.00e+00
36:	0.00e+00	0.00e+00
37:	0.00e+00	0.00e+00
38:	0.00e+00	0.00e+00
39:	4.44e-16	0.00e+00
40:	0.00e+00	0.00e+00
41:	0.00e+00	8.00e+02
42:	0.00e+00	8.00e+02
43:	0.00e+00	0.00e+00
44:	0.00e+00	1.67e-15
45:	0.00e+00	0.00e+00
46:	0.00e+00	0.00e+00
47:	0.00e+00	1.67e-15
48:	0.00e+00	0.00e+00
49:	0.00e+00	8.00e+02
50:	0.00e+00	8.00e+02
51:	0.00e+00	0.00e+00
New op index: 13	$R_Y$(4)
Current grad: 1.8190867239139246e-14
Precision cutoff reached.
Calculating energies for FreeWilson2D(N_x=2, N_y=2, mass=-3.714, r=1.000)
h_im: 0.0
New op index: 39	$R_{YX-XY}$(3)
Current grad: 4.440892098500626e-16
0:	0.00e+00	5.00e+01
1:	0.00e+00	5.00e+01
2:	0.00e+00	0.00e+00
3:	0.00e+00	5.00e+01
4:	0.00e+00	5.00e+01
5:	0.00e+00	0.00e+00
6:	0.00e+00	5.00e+01
7:	0.00e+00	5.00e+01
8:	0.00e+00	0.00e+00
9:	0.00e+00	5.00e+01
10:	0.00e+00	5.00e+01
11:	0.00e+00	0.00e+00
12:	0.00e+00	5.00e+01
13:	0.00e+00	5.00e+01
14:	0.00e+00	0.00e+00
15:	0.00e+00	5.00e+01
16:	0.00e+00	5.00e+01
17:	0.00e+00	0.00e+00
18:	0.00e+00	5.00e+01
19:	0.00e+00	5.00e+01
20:	0.00e+00	0.00e+00
21:	0.00e+00	5.00e+01
22:	0.00e+00	5.00e+01
23:	0.00e+00	0.00e+00
24:	0.00e+00	0.00e+00
25:	0.00e+00	8.00e+02
26:	0.00e+00	8.00e+02
27:	0.00e+00	0.00e+00
28:	0.00e+00	-1.52e-15
29:	0.00e+00	0.00e+00
30:	0.00e+00	0.00e+00
31:	0.00e+00	-1.52e-15
32:	0.00e+00	0.00e+00
33:	0.00e+00	8.00e+02
34:	0.00e+00	8.00e+02
35:	0.00e+00	0.00e+00
36:	0.00e+00	0.00e+00
37:	0.00e+00	0.00e+00
38:	0.00e+00	0.00e+00
39:	4.44e-16	0.00e+00
40:	0.00e+00	0.00e+00
41:	0.00e+00	8.00e+02
42:	0.00e+00	8.00e+02
43:	0.00e+00	0.00e+00
44:	0.00e+00	1.52e-15
45:	0.00e+00	0.00e+00
46:	0.00e+00	0.00e+00
47:	0.00e+00	1.52e-15
48:	0.00e+00	0.00e+00
49:	0.00e+00	8.00e+02
50:	0.00e+00	8.00e+02
51:	0.00e+00	0.00e+00
New op index: 13	$R_Y$(4)
Current grad: 1.818445869849156e-14
Precision cutoff reached.
Calculating energies for FreeWilson2D(N_x=2, N_y=2, mass=-3.551, r=1.000)
h_im: 0.0
New op index: 39	$R_{YX-XY}$(3)
Current grad: 4.440892098500626e-16
0:	0.00e+00	5.00e+01
1:	0.00e+00	5.00e+01
2:	0.00e+00	0.00e+00
3:	0.00e+00	5.00e+01
4:	0.00e+00	5.00e+01
5:	0.00e+00	0.00e+00
6:	0.00e+00	5.00e+01
7:	0.00e+00	5.00e+01
8:	0.00e+00	0.00e+00
9:	0.00e+00	5.00e+01
10:	0.00e+00	5.00e+01
11:	0.00e+00	0.00e+00
12:	0.00e+00	5.00e+01
13:	0.00e+00	5.00e+01
14:	0.00e+00	0.00e+00
15:	0.00e+00	5.00e+01
16:	0.00e+00	5.00e+01
17:	0.00e+00	0.00e+00
18:	0.00e+00	5.00e+01
19:	0.00e+00	5.00e+01
20:	0.00e+00	0.00e+00
21:	0.00e+00	5.00e+01
22:	0.00e+00	5.00e+01
23:	0.00e+00	0.00e+00
24:	0.00e+00	0.00e+00
25:	0.00e+00	8.00e+02
26:	0.00e+00	8.00e+02
27:	0.00e+00	0.00e+00
28:	0.00e+00	-1.38e-15
29:	0.00e+00	0.00e+00
30:	0.00e+00	0.00e+00
31:	0.00e+00	-1.38e-15
32:	0.00e+00	0.00e+00
33:	0.00e+00	8.00e+02
34:	0.00e+00	8.00e+02
35:	0.00e+00	0.00e+00
36:	0.00e+00	0.00e+00
37:	0.00e+00	0.00e+00
38:	0.00e+00	0.00e+00
39:	4.44e-16	0.00e+00
40:	0.00e+00	0.00e+00
41:	0.00e+00	8.00e+02
42:	0.00e+00	8.00e+02
43:	0.00e+00	0.00e+00
44:	0.00e+00	1.38e-15
45:	0.00e+00	0.00e+00
46:	0.00e+00	0.00e+00
47:	0.00e+00	1.38e-15
48:	0.00e+00	0.00e+00
49:	0.00e+00	8.00e+02
50:	0.00e+00	8.00e+02
51:	0.00e+00	0.00e+00
New op index: 13	$R_Y$(4)
Current grad: 1.8178050157843868e-14
Precision cutoff reached.
Calculating energies for FreeWilson2D(N_x=2, N_y=2, mass=-3.388, r=1.000)
h_im: 0.0
New op index: 39	$R_{YX-XY}$(3)
Current grad: 4.440892098500626e-16
0:	0.00e+00	5.00e+01
1:	0.00e+00	5.00e+01
2:	0.00e+00	0.00e+00
3:	0.00e+00	5.00e+01
4:	0.00e+00	5.00e+01
5:	0.00e+00	0.00e+00
6:	0.00e+00	5.00e+01
7:	0.00e+00	5.00e+01
8:	0.00e+00	0.00e+00
9:	0.00e+00	5.00e+01
10:	0.00e+00	5.00e+01
11:	0.00e+00	0.00e+00
12:	0.00e+00	5.00e+01
13:	0.00e+00	5.00e+01
14:	0.00e+00	0.00e+00
15:	0.00e+00	5.00e+01
16:	0.00e+00	5.00e+01
17:	0.00e+00	0.00e+00
18:	0.00e+00	5.00e+01
19:	0.00e+00	5.00e+01
20:	0.00e+00	0.00e+00
21:	0.00e+00	5.00e+01
22:	0.00e+00	5.00e+01
23:	0.00e+00	0.00e+00
24:	0.00e+00	0.00e+00
25:	0.00e+00	8.00e+02
26:	0.00e+00	8.00e+02
27:	0.00e+00	0.00e+00
28:	0.00e+00	-1.23e-15
29:	0.00e+00	0.00e+00
30:	0.00e+00	0.00e+00
31:	0.00e+00	-1.23e-15
32:	0.00e+00	0.00e+00
33:	0.00e+00	8.00e+02
34:	0.00e+00	8.00e+02
35:	0.00e+00	0.00e+00
36:	0.00e+00	0.00e+00
37:	0.00e+00	0.00e+00
38:	0.00e+00	0.00e+00
39:	4.44e-16	0.00e+00
40:	0.00e+00	0.00e+00
41:	0.00e+00	8.00e+02
42:	0.00e+00	8.00e+02
43:	0.00e+00	0.00e+00
44:	0.00e+00	1.23e-15
45:	0.00e+00	0.00e+00
46:	0.00e+00	0.00e+00
47:	0.00e+00	1.23e-15
48:	0.00e+00	0.00e+00
49:	0.00e+00	8.00e+02
50:	0.00e+00	8.00e+02
51:	0.00e+00	0.00e+00
New op index: 13	$R_Y$(4)
Current grad: 1.817164161719618e-14
Precision cutoff reached.
Calculating energies for FreeWilson2D(N_x=2, N_y=2, mass=-3.224, r=1.000)
h_im: 0.0
New op index: 39	$R_{YX-XY}$(3)
Current grad: 4.440892098500626e-16
0:	0.00e+00	5.00e+01
1:	0.00e+00	5.00e+01
2:	0.00e+00	0.00e+00
3:	0.00e+00	5.00e+01
4:	0.00e+00	5.00e+01
5:	0.00e+00	0.00e+00
6:	0.00e+00	5.00e+01
7:	0.00e+00	5.00e+01
8:	0.00e+00	0.00e+00
9:	0.00e+00	5.00e+01
10:	0.00e+00	5.00e+01
11:	0.00e+00	0.00e+00
12:	0.00e+00	5.00e+01
13:	0.00e+00	5.00e+01
14:	0.00e+00	0.00e+00
15:	0.00e+00	5.00e+01
16:	0.00e+00	5.00e+01
17:	0.00e+00	0.00e+00
18:	0.00e+00	5.00e+01
19:	0.00e+00	5.00e+01
20:	0.00e+00	0.00e+00
21:	0.00e+00	5.00e+01
22:	0.00e+00	5.00e+01
23:	0.00e+00	0.00e+00
24:	0.00e+00	0.00e+00
25:	0.00e+00	8.00e+02
26:	0.00e+00	8.00e+02
27:	0.00e+00	0.00e+00
28:	0.00e+00	-1.09e-15
29:	0.00e+00	0.00e+00
30:	0.00e+00	0.00e+00
31:	0.00e+00	-1.09e-15
32:	0.00e+00	0.00e+00
33:	0.00e+00	8.00e+02
34:	0.00e+00	8.00e+02
35:	0.00e+00	0.00e+00
36:	0.00e+00	0.00e+00
37:	0.00e+00	0.00e+00
38:	0.00e+00	0.00e+00
39:	4.44e-16	0.00e+00
40:	0.00e+00	0.00e+00
41:	0.00e+00	8.00e+02
42:	0.00e+00	8.00e+02
43:	0.00e+00	0.00e+00
44:	0.00e+00	1.09e-15
45:	0.00e+00	0.00e+00
46:	0.00e+00	0.00e+00
47:	0.00e+00	1.09e-15
48:	0.00e+00	0.00e+00
49:	0.00e+00	8.00e+02
50:	0.00e+00	8.00e+02
51:	0.00e+00	0.00e+00
New op index: 13	$R_Y$(4)
Current grad: 1.8165233076548494e-14
Precision cutoff reached.
Calculating energies for FreeWilson2D(N_x=2, N_y=2, mass=-3.061, r=1.000)
h_im: 0.0
New op index: 39	$R_{YX-XY}$(3)
Current grad: 4.440892098500626e-16
0:	0.00e+00	5.00e+01
1:	0.00e+00	5.00e+01
2:	0.00e+00	0.00e+00
3:	0.00e+00	5.00e+01
4:	0.00e+00	5.00e+01
5:	0.00e+00	0.00e+00
6:	0.00e+00	5.00e+01
7:	0.00e+00	5.00e+01
8:	0.00e+00	0.00e+00
9:	0.00e+00	5.00e+01
10:	0.00e+00	5.00e+01
11:	0.00e+00	0.00e+00
12:	0.00e+00	5.00e+01
13:	0.00e+00	5.00e+01
14:	0.00e+00	0.00e+00
15:	0.00e+00	5.00e+01
16:	0.00e+00	5.00e+01
17:	0.00e+00	0.00e+00
18:	0.00e+00	5.00e+01
19:	0.00e+00	5.00e+01
20:	0.00e+00	0.00e+00
21:	0.00e+00	5.00e+01
22:	0.00e+00	5.00e+01
23:	0.00e+00	0.00e+00
24:	0.00e+00	0.00e+00
25:	0.00e+00	8.00e+02
26:	0.00e+00	8.00e+02
27:	0.00e+00	0.00e+00
28:	0.00e+00	-9.43e-16
29:	0.00e+00	0.00e+00
30:	0.00e+00	0.00e+00
31:	0.00e+00	-9.43e-16
32:	0.00e+00	0.00e+00
33:	0.00e+00	8.00e+02
34:	0.00e+00	8.00e+02
35:	0.00e+00	0.00e+00
36:	0.00e+00	0.00e+00
37:	0.00e+00	0.00e+00
38:	0.00e+00	0.00e+00
39:	4.44e-16	0.00e+00
40:	0.00e+00	0.00e+00
41:	0.00e+00	8.00e+02
42:	0.00e+00	8.00e+02
43:	0.00e+00	0.00e+00
44:	0.00e+00	9.43e-16
45:	0.00e+00	0.00e+00
46:	0.00e+00	0.00e+00
47:	0.00e+00	9.43e-16
48:	0.00e+00	0.00e+00
49:	0.00e+00	8.00e+02
50:	0.00e+00	8.00e+02
51:	0.00e+00	0.00e+00
New op index: 13	$R_Y$(4)
Current grad: 1.8158824535900803e-14
Precision cutoff reached.
Calculating energies for FreeWilson2D(N_x=2, N_y=2, mass=-2.898, r=1.000)
h_im: 0.0
New op index: 39	$R_{YX-XY}$(3)
Current grad: 4.440892098500626e-16
0:	0.00e+00	5.00e+01
1:	0.00e+00	5.00e+01
2:	0.00e+00	0.00e+00
3:	0.00e+00	5.00e+01
4:	0.00e+00	5.00e+01
5:	0.00e+00	0.00e+00
6:	0.00e+00	5.00e+01
7:	0.00e+00	5.00e+01
8:	0.00e+00	0.00e+00
9:	0.00e+00	5.00e+01
10:	0.00e+00	5.00e+01
11:	0.00e+00	0.00e+00
12:	0.00e+00	5.00e+01
13:	0.00e+00	5.00e+01
14:	0.00e+00	0.00e+00
15:	0.00e+00	5.00e+01
16:	0.00e+00	5.00e+01
17:	0.00e+00	0.00e+00
18:	0.00e+00	5.00e+01
19:	0.00e+00	5.00e+01
20:	0.00e+00	0.00e+00
21:	0.00e+00	5.00e+01
22:	0.00e+00	5.00e+01
23:	0.00e+00	0.00e+00
24:	0.00e+00	0.00e+00
25:	0.00e+00	8.00e+02
26:	0.00e+00	8.00e+02
27:	0.00e+00	0.00e+00
28:	0.00e+00	-7.98e-16
29:	0.00e+00	0.00e+00
30:	0.00e+00	0.00e+00
31:	0.00e+00	-7.98e-16
32:	0.00e+00	0.00e+00
33:	0.00e+00	8.00e+02
34:	0.00e+00	8.00e+02
35:	0.00e+00	0.00e+00
36:	0.00e+00	0.00e+00
37:	0.00e+00	0.00e+00
38:	0.00e+00	0.00e+00
39:	4.44e-16	0.00e+00
40:	0.00e+00	0.00e+00
41:	0.00e+00	8.00e+02
42:	0.00e+00	8.00e+02
43:	0.00e+00	0.00e+00
44:	0.00e+00	7.98e-16
45:	0.00e+00	0.00e+00
46:	0.00e+00	0.00e+00
47:	0.00e+00	7.98e-16
48:	0.00e+00	0.00e+00
49:	0.00e+00	8.00e+02
50:	0.00e+00	8.00e+02
51:	0.00e+00	0.00e+00
New op index: 13	$R_Y$(4)
Current grad: 1.8152415995253112e-14
Precision cutoff reached.
Calculating energies for FreeWilson2D(N_x=2, N_y=2, mass=-2.735, r=1.000)
h_im: 0.0
New op index: 39	$R_{YX-XY}$(3)
Current grad: 4.440892098500626e-16
0:	0.00e+00	5.00e+01
1:	0.00e+00	5.00e+01
2:	0.00e+00	0.00e+00
3:	0.00e+00	5.00e+01
4:	0.00e+00	5.00e+01
5:	0.00e+00	0.00e+00
6:	0.00e+00	5.00e+01
7:	0.00e+00	5.00e+01
8:	0.00e+00	0.00e+00
9:	0.00e+00	5.00e+01
10:	0.00e+00	5.00e+01
11:	0.00e+00	0.00e+00
12:	0.00e+00	5.00e+01
13:	0.00e+00	5.00e+01
14:	0.00e+00	0.00e+00
15:	0.00e+00	5.00e+01
16:	0.00e+00	5.00e+01
17:	0.00e+00	0.00e+00
18:	0.00e+00	5.00e+01
19:	0.00e+00	5.00e+01
20:	0.00e+00	0.00e+00
21:	0.00e+00	5.00e+01
22:	0.00e+00	5.00e+01
23:	0.00e+00	0.00e+00
24:	0.00e+00	0.00e+00
25:	0.00e+00	8.00e+02
26:	0.00e+00	8.00e+02
27:	0.00e+00	0.00e+00
28:	0.00e+00	-6.53e-16
29:	0.00e+00	0.00e+00
30:	0.00e+00	0.00e+00
31:	0.00e+00	-6.53e-16
32:	0.00e+00	0.00e+00
33:	0.00e+00	8.00e+02
34:	0.00e+00	8.00e+02
35:	0.00e+00	0.00e+00
36:	0.00e+00	0.00e+00
37:	0.00e+00	0.00e+00
38:	0.00e+00	0.00e+00
39:	4.44e-16	0.00e+00
40:	0.00e+00	0.00e+00
41:	0.00e+00	8.00e+02
42:	0.00e+00	8.00e+02
43:	0.00e+00	0.00e+00
44:	0.00e+00	6.53e-16
45:	0.00e+00	0.00e+00
46:	0.00e+00	0.00e+00
47:	0.00e+00	6.53e-16
48:	0.00e+00	0.00e+00
49:	0.00e+00	8.00e+02
50:	0.00e+00	8.00e+02
51:	0.00e+00	0.00e+00
New op index: 13	$R_Y$(4)
Current grad: 1.8146007454605425e-14
Precision cutoff reached.
Calculating energies for FreeWilson2D(N_x=2, N_y=2, mass=-2.571, r=1.000)
h_im: 0.0
New op index: 39	$R_{YX-XY}$(3)
Current grad: 4.440892098500626e-16
0:	0.00e+00	5.00e+01
1:	0.00e+00	5.00e+01
2:	0.00e+00	0.00e+00
3:	0.00e+00	5.00e+01
4:	0.00e+00	5.00e+01
5:	0.00e+00	0.00e+00
6:	0.00e+00	5.00e+01
7:	0.00e+00	5.00e+01
8:	0.00e+00	0.00e+00
9:	0.00e+00	5.00e+01
10:	0.00e+00	5.00e+01
11:	0.00e+00	0.00e+00
12:	0.00e+00	5.00e+01
13:	0.00e+00	5.00e+01
14:	0.00e+00	0.00e+00
15:	0.00e+00	5.00e+01
16:	0.00e+00	5.00e+01
17:	0.00e+00	0.00e+00
18:	0.00e+00	5.00e+01
19:	0.00e+00	5.00e+01
20:	0.00e+00	0.00e+00
21:	0.00e+00	5.00e+01
22:	0.00e+00	5.00e+01
23:	0.00e+00	0.00e+00
24:	0.00e+00	0.00e+00
25:	0.00e+00	8.00e+02
26:	0.00e+00	8.00e+02
27:	0.00e+00	0.00e+00
28:	0.00e+00	-5.08e-16
29:	0.00e+00	0.00e+00
30:	0.00e+00	0.00e+00
31:	0.00e+00	-5.08e-16
32:	0.00e+00	0.00e+00
33:	0.00e+00	8.00e+02
34:	0.00e+00	8.00e+02
35:	0.00e+00	0.00e+00
36:	0.00e+00	0.00e+00
37:	0.00e+00	0.00e+00
38:	0.00e+00	0.00e+00
39:	4.44e-16	0.00e+00
40:	0.00e+00	0.00e+00
41:	0.00e+00	8.00e+02
42:	0.00e+00	8.00e+02
43:	0.00e+00	0.00e+00
44:	0.00e+00	5.08e-16
45:	0.00e+00	0.00e+00
46:	0.00e+00	0.00e+00
47:	0.00e+00	5.08e-16
48:	0.00e+00	0.00e+00
49:	0.00e+00	8.00e+02
50:	0.00e+00	8.00e+02
51:	0.00e+00	0.00e+00
New op index: 13	$R_Y$(4)
Current grad: 1.8139598913957737e-14
Precision cutoff reached.
Calculating energies for FreeWilson2D(N_x=2, N_y=2, mass=-2.408, r=1.000)
h_im: 0.0
New op index: 39	$R_{YX-XY}$(3)
Current grad: 4.440892098500626e-16
0:	0.00e+00	5.00e+01
1:	0.00e+00	5.00e+01
2:	0.00e+00	0.00e+00
3:	0.00e+00	5.00e+01
4:	0.00e+00	5.00e+01
5:	0.00e+00	0.00e+00
6:	0.00e+00	5.00e+01
7:	0.00e+00	5.00e+01
8:	0.00e+00	0.00e+00
9:	0.00e+00	5.00e+01
10:	0.00e+00	5.00e+01
11:	0.00e+00	0.00e+00
12:	0.00e+00	5.00e+01
13:	0.00e+00	5.00e+01
14:	0.00e+00	0.00e+00
15:	0.00e+00	5.00e+01
16:	0.00e+00	5.00e+01
17:	0.00e+00	0.00e+00
18:	0.00e+00	5.00e+01
19:	0.00e+00	5.00e+01
20:	0.00e+00	0.00e+00
21:	0.00e+00	5.00e+01
22:	0.00e+00	5.00e+01
23:	0.00e+00	0.00e+00
24:	0.00e+00	0.00e+00
25:	0.00e+00	8.00e+02
26:	0.00e+00	8.00e+02
27:	0.00e+00	0.00e+00
28:	0.00e+00	-3.63e-16
29:	0.00e+00	0.00e+00
30:	0.00e+00	0.00e+00
31:	0.00e+00	-3.63e-16
32:	0.00e+00	0.00e+00
33:	0.00e+00	8.00e+02
34:	0.00e+00	8.00e+02
35:	0.00e+00	0.00e+00
36:	0.00e+00	0.00e+00
37:	0.00e+00	0.00e+00
38:	0.00e+00	0.00e+00
39:	4.44e-16	0.00e+00
40:	0.00e+00	0.00e+00
41:	0.00e+00	8.00e+02
42:	0.00e+00	8.00e+02
43:	0.00e+00	0.00e+00
44:	0.00e+00	3.63e-16
45:	0.00e+00	0.00e+00
46:	0.00e+00	0.00e+00
47:	0.00e+00	3.63e-16
48:	0.00e+00	0.00e+00
49:	0.00e+00	8.00e+02
50:	0.00e+00	8.00e+02
51:	0.00e+00	0.00e+00
New op index: 13	$R_Y$(4)
Current grad: 1.8133190373310047e-14
Precision cutoff reached.
Calculating energies for FreeWilson2D(N_x=2, N_y=2, mass=-2.245, r=1.000)
h_im: 0.0
New op index: 39	$R_{YX-XY}$(3)
Current grad: 4.440892098500626e-16
0:	0.00e+00	5.00e+01
1:	0.00e+00	5.00e+01
2:	0.00e+00	0.00e+00
3:	0.00e+00	5.00e+01
4:	0.00e+00	5.00e+01
5:	0.00e+00	0.00e+00
6:	0.00e+00	5.00e+01
7:	0.00e+00	5.00e+01
8:	0.00e+00	0.00e+00
9:	0.00e+00	5.00e+01
10:	0.00e+00	5.00e+01
11:	0.00e+00	0.00e+00
12:	0.00e+00	5.00e+01
13:	0.00e+00	5.00e+01
14:	0.00e+00	0.00e+00
15:	0.00e+00	5.00e+01
16:	0.00e+00	5.00e+01
17:	0.00e+00	0.00e+00
18:	0.00e+00	5.00e+01
19:	0.00e+00	5.00e+01
20:	0.00e+00	0.00e+00
21:	0.00e+00	5.00e+01
22:	0.00e+00	5.00e+01
23:	0.00e+00	0.00e+00
24:	0.00e+00	0.00e+00
25:	0.00e+00	8.00e+02
26:	0.00e+00	8.00e+02
27:	0.00e+00	0.00e+00
28:	0.00e+00	-2.18e-16
29:	0.00e+00	0.00e+00
30:	0.00e+00	0.00e+00
31:	0.00e+00	-2.18e-16
32:	0.00e+00	0.00e+00
33:	0.00e+00	8.00e+02
34:	0.00e+00	8.00e+02
35:	0.00e+00	0.00e+00
36:	0.00e+00	0.00e+00
37:	0.00e+00	0.00e+00
38:	0.00e+00	0.00e+00
39:	4.44e-16	0.00e+00
40:	0.00e+00	0.00e+00
41:	0.00e+00	8.00e+02
42:	0.00e+00	8.00e+02
43:	0.00e+00	0.00e+00
44:	0.00e+00	2.18e-16
45:	0.00e+00	0.00e+00
46:	0.00e+00	0.00e+00
47:	0.00e+00	2.18e-16
48:	0.00e+00	0.00e+00
49:	0.00e+00	8.00e+02
50:	0.00e+00	8.00e+02
51:	0.00e+00	0.00e+00
New op index: 13	$R_Y$(4)
Current grad: 1.8126781832662356e-14
Precision cutoff reached.
Calculating energies for FreeWilson2D(N_x=2, N_y=2, mass=-2.082, r=1.000)
h_im: 0.0
New op index: 39	$R_{YX-XY}$(3)
Current grad: 4.440892098500626e-16
0:	0.00e+00	5.00e+01
1:	0.00e+00	5.00e+01
2:	0.00e+00	0.00e+00
3:	0.00e+00	5.00e+01
4:	0.00e+00	5.00e+01
5:	0.00e+00	0.00e+00
6:	0.00e+00	5.00e+01
7:	0.00e+00	5.00e+01
8:	0.00e+00	0.00e+00
9:	0.00e+00	5.00e+01
10:	0.00e+00	5.00e+01
11:	0.00e+00	0.00e+00
12:	0.00e+00	5.00e+01
13:	0.00e+00	5.00e+01
14:	0.00e+00	0.00e+00
15:	0.00e+00	5.00e+01
16:	0.00e+00	5.00e+01
17:	0.00e+00	0.00e+00
18:	0.00e+00	5.00e+01
19:	0.00e+00	5.00e+01
20:	0.00e+00	0.00e+00
21:	0.00e+00	5.00e+01
22:	0.00e+00	5.00e+01
23:	0.00e+00	0.00e+00
24:	0.00e+00	0.00e+00
25:	0.00e+00	8.00e+02
26:	0.00e+00	8.00e+02
27:	0.00e+00	0.00e+00
28:	0.00e+00	-7.25e-17
29:	0.00e+00	0.00e+00
30:	0.00e+00	0.00e+00
31:	0.00e+00	-7.25e-17
32:	0.00e+00	0.00e+00
33:	0.00e+00	8.00e+02
34:	0.00e+00	8.00e+02
35:	0.00e+00	0.00e+00
36:	0.00e+00	0.00e+00
37:	0.00e+00	0.00e+00
38:	0.00e+00	0.00e+00
39:	4.44e-16	0.00e+00
40:	0.00e+00	0.00e+00
41:	0.00e+00	8.00e+02
42:	0.00e+00	8.00e+02
43:	0.00e+00	0.00e+00
44:	0.00e+00	7.25e-17
45:	0.00e+00	0.00e+00
46:	0.00e+00	0.00e+00
47:	0.00e+00	7.25e-17
48:	0.00e+00	0.00e+00
49:	0.00e+00	8.00e+02
50:	0.00e+00	8.00e+02
51:	0.00e+00	0.00e+00
New op index: 13	$R_Y$(4)
Current grad: 1.812037329201467e-14
Precision cutoff reached.
Calculating energies for FreeWilson2D(N_x=2, N_y=2, mass=-1.918, r=1.000)
h_im: 0.0
New op index: 39	$R_{YX-XY}$(3)
Current grad: 4.440892098500626e-16
0:	0.00e+00	5.00e+01
1:	0.00e+00	5.00e+01
2:	0.00e+00	0.00e+00
3:	0.00e+00	5.00e+01
4:	0.00e+00	5.00e+01
5:	0.00e+00	0.00e+00
6:	0.00e+00	5.00e+01
7:	0.00e+00	5.00e+01
8:	0.00e+00	0.00e+00
9:	0.00e+00	5.00e+01
10:	0.00e+00	5.00e+01
11:	0.00e+00	0.00e+00
12:	0.00e+00	5.00e+01
13:	0.00e+00	5.00e+01
14:	0.00e+00	0.00e+00
15:	0.00e+00	5.00e+01
16:	0.00e+00	5.00e+01
17:	0.00e+00	0.00e+00
18:	0.00e+00	5.00e+01
19:	0.00e+00	5.00e+01
20:	0.00e+00	0.00e+00
21:	0.00e+00	5.00e+01
22:	0.00e+00	5.00e+01
23:	0.00e+00	0.00e+00
24:	0.00e+00	0.00e+00
25:	0.00e+00	8.00e+02
26:	0.00e+00	8.00e+02
27:	0.00e+00	0.00e+00
28:	0.00e+00	7.25e-17
29:	0.00e+00	0.00e+00
30:	0.00e+00	0.00e+00
31:	0.00e+00	7.25e-17
32:	0.00e+00	0.00e+00
33:	0.00e+00	8.00e+02
34:	0.00e+00	8.00e+02
35:	0.00e+00	0.00e+00
36:	0.00e+00	0.00e+00
37:	0.00e+00	0.00e+00
38:	0.00e+00	0.00e+00
39:	4.44e-16	0.00e+00
40:	0.00e+00	0.00e+00
41:	0.00e+00	8.00e+02
42:	0.00e+00	8.00e+02
43:	0.00e+00	0.00e+00
44:	0.00e+00	-7.25e-17
45:	0.00e+00	0.00e+00
46:	0.00e+00	0.00e+00
47:	0.00e+00	-7.25e-17
48:	0.00e+00	0.00e+00
49:	0.00e+00	8.00e+02
50:	0.00e+00	8.00e+02
51:	0.00e+00	0.00e+00
New op index: 13	$R_Y$(4)
Current grad: 1.811396475136698e-14
Precision cutoff reached.
Calculating energies for FreeWilson2D(N_x=2, N_y=2, mass=-1.755, r=1.000)
h_im: 0.0
New op index: 39	$R_{YX-XY}$(3)
Current grad: 4.440892098500626e-16
0:	0.00e+00	5.00e+01
1:	0.00e+00	5.00e+01
2:	0.00e+00	0.00e+00
3:	0.00e+00	5.00e+01
4:	0.00e+00	5.00e+01
5:	0.00e+00	0.00e+00
6:	0.00e+00	5.00e+01
7:	0.00e+00	5.00e+01
8:	0.00e+00	0.00e+00
9:	0.00e+00	5.00e+01
10:	0.00e+00	5.00e+01
11:	0.00e+00	0.00e+00
12:	0.00e+00	5.00e+01
13:	0.00e+00	5.00e+01
14:	0.00e+00	0.00e+00
15:	0.00e+00	5.00e+01
16:	0.00e+00	5.00e+01
17:	0.00e+00	0.00e+00
18:	0.00e+00	5.00e+01
19:	0.00e+00	5.00e+01
20:	0.00e+00	0.00e+00
21:	0.00e+00	5.00e+01
22:	0.00e+00	5.00e+01
23:	0.00e+00	0.00e+00
24:	0.00e+00	0.00e+00
25:	0.00e+00	8.00e+02
26:	0.00e+00	8.00e+02
27:	0.00e+00	0.00e+00
28:	0.00e+00	2.18e-16
29:	0.00e+00	0.00e+00
30:	0.00e+00	0.00e+00
31:	0.00e+00	2.18e-16
32:	0.00e+00	0.00e+00
33:	0.00e+00	8.00e+02
34:	0.00e+00	8.00e+02
35:	0.00e+00	0.00e+00
36:	0.00e+00	0.00e+00
37:	0.00e+00	0.00e+00
38:	0.00e+00	0.00e+00
39:	4.44e-16	0.00e+00
40:	0.00e+00	0.00e+00
41:	0.00e+00	8.00e+02
42:	0.00e+00	8.00e+02
43:	0.00e+00	0.00e+00
44:	0.00e+00	-2.18e-16
45:	0.00e+00	0.00e+00
46:	0.00e+00	0.00e+00
47:	0.00e+00	-2.18e-16
48:	0.00e+00	0.00e+00
49:	0.00e+00	8.00e+02
50:	0.00e+00	8.00e+02
51:	0.00e+00	0.00e+00
New op index: 13	$R_Y$(4)
Current grad: 1.810755621071929e-14
Precision cutoff reached.
Calculating energies for FreeWilson2D(N_x=2, N_y=2, mass=-1.592, r=1.000)
h_im: 0.0
New op index: 39	$R_{YX-XY}$(3)
Current grad: 4.440892098500626e-16
0:	0.00e+00	5.00e+01
1:	0.00e+00	5.00e+01
2:	0.00e+00	0.00e+00
3:	0.00e+00	5.00e+01
4:	0.00e+00	5.00e+01
5:	0.00e+00	0.00e+00
6:	0.00e+00	5.00e+01
7:	0.00e+00	5.00e+01
8:	0.00e+00	0.00e+00
9:	0.00e+00	5.00e+01
10:	0.00e+00	5.00e+01
11:	0.00e+00	0.00e+00
12:	0.00e+00	5.00e+01
13:	0.00e+00	5.00e+01
14:	0.00e+00	0.00e+00
15:	0.00e+00	5.00e+01
16:	0.00e+00	5.00e+01
17:	0.00e+00	0.00e+00
18:	0.00e+00	5.00e+01
19:	0.00e+00	5.00e+01
20:	0.00e+00	0.00e+00
21:	0.00e+00	5.00e+01
22:	0.00e+00	5.00e+01
23:	0.00e+00	0.00e+00
24:	0.00e+00	0.00e+00
25:	0.00e+00	8.00e+02
26:	0.00e+00	8.00e+02
27:	0.00e+00	0.00e+00
28:	0.00e+00	3.63e-16
29:	0.00e+00	0.00e+00
30:	0.00e+00	0.00e+00
31:	0.00e+00	3.63e-16
32:	0.00e+00	0.00e+00
33:	0.00e+00	8.00e+02
34:	0.00e+00	8.00e+02
35:	0.00e+00	0.00e+00
36:	0.00e+00	0.00e+00
37:	0.00e+00	0.00e+00
38:	0.00e+00	0.00e+00
39:	4.44e-16	0.00e+00
40:	0.00e+00	0.00e+00
41:	0.00e+00	8.00e+02
42:	0.00e+00	8.00e+02
43:	0.00e+00	0.00e+00
44:	0.00e+00	-3.63e-16
45:	0.00e+00	0.00e+00
46:	0.00e+00	0.00e+00
47:	0.00e+00	-3.63e-16
48:	0.00e+00	0.00e+00
49:	0.00e+00	8.00e+02
50:	0.00e+00	8.00e+02
51:	0.00e+00	0.00e+00
New op index: 13	$R_Y$(4)
Current grad: 1.8101147670071603e-14
Precision cutoff reached.
Calculating energies for FreeWilson2D(N_x=2, N_y=2, mass=-1.429, r=1.000)
h_im: 0.0
New op index: 39	$R_{YX-XY}$(3)
Current grad: 4.440892098500626e-16
0:	0.00e+00	5.00e+01
1:	0.00e+00	5.00e+01
2:	0.00e+00	0.00e+00
3:	0.00e+00	5.00e+01
4:	0.00e+00	5.00e+01
5:	0.00e+00	0.00e+00
6:	0.00e+00	5.00e+01
7:	0.00e+00	5.00e+01
8:	0.00e+00	0.00e+00
9:	0.00e+00	5.00e+01
10:	0.00e+00	5.00e+01
11:	0.00e+00	0.00e+00
12:	0.00e+00	5.00e+01
13:	0.00e+00	5.00e+01
14:	0.00e+00	0.00e+00
15:	0.00e+00	5.00e+01
16:	0.00e+00	5.00e+01
17:	0.00e+00	0.00e+00
18:	0.00e+00	5.00e+01
19:	0.00e+00	5.00e+01
20:	0.00e+00	0.00e+00
21:	0.00e+00	5.00e+01
22:	0.00e+00	5.00e+01
23:	0.00e+00	0.00e+00
24:	0.00e+00	0.00e+00
25:	0.00e+00	8.00e+02
26:	0.00e+00	8.00e+02
27:	0.00e+00	0.00e+00
28:	0.00e+00	5.08e-16
29:	0.00e+00	0.00e+00
30:	0.00e+00	0.00e+00
31:	0.00e+00	5.08e-16
32:	0.00e+00	0.00e+00
33:	0.00e+00	8.00e+02
34:	0.00e+00	8.00e+02
35:	0.00e+00	0.00e+00
36:	0.00e+00	0.00e+00
37:	0.00e+00	0.00e+00
38:	0.00e+00	0.00e+00
39:	4.44e-16	0.00e+00
40:	0.00e+00	0.00e+00
41:	0.00e+00	8.00e+02
42:	0.00e+00	8.00e+02
43:	0.00e+00	0.00e+00
44:	0.00e+00	-5.08e-16
45:	0.00e+00	0.00e+00
46:	0.00e+00	0.00e+00
47:	0.00e+00	-5.08e-16
48:	0.00e+00	0.00e+00
49:	0.00e+00	8.00e+02
50:	0.00e+00	8.00e+02
51:	0.00e+00	0.00e+00
New op index: 13	$R_Y$(4)
Current grad: 1.8094739129423916e-14
Precision cutoff reached.
Calculating energies for FreeWilson2D(N_x=2, N_y=2, mass=-1.265, r=1.000)
h_im: 0.0
New op index: 39	$R_{YX-XY}$(3)
Current grad: 4.440892098500626e-16
0:	0.00e+00	5.00e+01
1:	0.00e+00	5.00e+01
2:	0.00e+00	0.00e+00
3:	0.00e+00	5.00e+01
4:	0.00e+00	5.00e+01
5:	0.00e+00	0.00e+00
6:	0.00e+00	5.00e+01
7:	0.00e+00	5.00e+01
8:	0.00e+00	0.00e+00
9:	0.00e+00	5.00e+01
10:	0.00e+00	5.00e+01
11:	0.00e+00	0.00e+00
12:	0.00e+00	5.00e+01
13:	0.00e+00	5.00e+01
14:	0.00e+00	0.00e+00
15:	0.00e+00	5.00e+01
16:	0.00e+00	5.00e+01
17:	0.00e+00	0.00e+00
18:	0.00e+00	5.00e+01
19:	0.00e+00	5.00e+01
20:	0.00e+00	0.00e+00
21:	0.00e+00	5.00e+01
22:	0.00e+00	5.00e+01
23:	0.00e+00	0.00e+00
24:	0.00e+00	0.00e+00
25:	0.00e+00	8.00e+02
26:	0.00e+00	8.00e+02
27:	0.00e+00	0.00e+00
28:	0.00e+00	6.53e-16
29:	0.00e+00	0.00e+00
30:	0.00e+00	0.00e+00
31:	0.00e+00	6.53e-16
32:	0.00e+00	0.00e+00
33:	0.00e+00	8.00e+02
34:	0.00e+00	8.00e+02
35:	0.00e+00	0.00e+00
36:	0.00e+00	0.00e+00
37:	0.00e+00	0.00e+00
38:	0.00e+00	0.00e+00
39:	4.44e-16	0.00e+00
40:	0.00e+00	0.00e+00
41:	0.00e+00	8.00e+02
42:	0.00e+00	8.00e+02
43:	0.00e+00	0.00e+00
44:	0.00e+00	-6.53e-16
45:	0.00e+00	0.00e+00
46:	0.00e+00	0.00e+00
47:	0.00e+00	-6.53e-16
48:	0.00e+00	0.00e+00
49:	0.00e+00	8.00e+02
50:	0.00e+00	8.00e+02
51:	0.00e+00	0.00e+00
New op index: 13	$R_Y$(4)
Current grad: 1.8088330588776225e-14
Precision cutoff reached.
Calculating energies for FreeWilson2D(N_x=2, N_y=2, mass=-1.102, r=1.000)
h_im: 0.0
New op index: 39	$R_{YX-XY}$(3)
Current grad: 4.440892098500626e-16
0:	0.00e+00	5.00e+01
1:	0.00e+00	5.00e+01
2:	0.00e+00	0.00e+00
3:	0.00e+00	5.00e+01
4:	0.00e+00	5.00e+01
5:	0.00e+00	0.00e+00
6:	0.00e+00	5.00e+01
7:	0.00e+00	5.00e+01
8:	0.00e+00	0.00e+00
9:	0.00e+00	5.00e+01
10:	0.00e+00	5.00e+01
11:	0.00e+00	0.00e+00
12:	0.00e+00	5.00e+01
13:	0.00e+00	5.00e+01
14:	0.00e+00	0.00e+00
15:	0.00e+00	5.00e+01
16:	0.00e+00	5.00e+01
17:	0.00e+00	0.00e+00
18:	0.00e+00	5.00e+01
19:	0.00e+00	5.00e+01
20:	0.00e+00	0.00e+00
21:	0.00e+00	5.00e+01
22:	0.00e+00	5.00e+01
23:	0.00e+00	0.00e+00
24:	0.00e+00	0.00e+00
25:	0.00e+00	8.00e+02
26:	0.00e+00	8.00e+02
27:	0.00e+00	0.00e+00
28:	0.00e+00	7.98e-16
29:	0.00e+00	0.00e+00
30:	0.00e+00	0.00e+00
31:	0.00e+00	7.98e-16
32:	0.00e+00	0.00e+00
33:	0.00e+00	8.00e+02
34:	0.00e+00	8.00e+02
35:	0.00e+00	0.00e+00
36:	0.00e+00	0.00e+00
37:	0.00e+00	0.00e+00
38:	0.00e+00	0.00e+00
39:	4.44e-16	0.00e+00
40:	0.00e+00	0.00e+00
41:	0.00e+00	8.00e+02
42:	0.00e+00	8.00e+02
43:	0.00e+00	0.00e+00
44:	0.00e+00	-7.98e-16
45:	0.00e+00	0.00e+00
46:	0.00e+00	0.00e+00
47:	0.00e+00	-7.98e-16
48:	0.00e+00	0.00e+00
49:	0.00e+00	8.00e+02
50:	0.00e+00	8.00e+02
51:	0.00e+00	0.00e+00
New op index: 13	$R_Y$(4)
Current grad: 1.8081922048128535e-14
Precision cutoff reached.
Calculating energies for FreeWilson2D(N_x=2, N_y=2, mass=-0.939, r=1.000)
h_im: 0.0
New op index: 39	$R_{YX-XY}$(3)
Current grad: 4.440892098500626e-16
0:	0.00e+00	5.00e+01
1:	0.00e+00	5.00e+01
2:	0.00e+00	0.00e+00
3:	0.00e+00	5.00e+01
4:	0.00e+00	5.00e+01
5:	0.00e+00	0.00e+00
6:	0.00e+00	5.00e+01
7:	0.00e+00	5.00e+01
8:	0.00e+00	0.00e+00
9:	0.00e+00	5.00e+01
10:	0.00e+00	5.00e+01
11:	0.00e+00	0.00e+00
12:	0.00e+00	5.00e+01
13:	0.00e+00	5.00e+01
14:	0.00e+00	0.00e+00
15:	0.00e+00	5.00e+01
16:	0.00e+00	5.00e+01
17:	0.00e+00	0.00e+00
18:	0.00e+00	5.00e+01
19:	0.00e+00	5.00e+01
20:	0.00e+00	0.00e+00
21:	0.00e+00	5.00e+01
22:	0.00e+00	5.00e+01
23:	0.00e+00	0.00e+00
24:	0.00e+00	0.00e+00
25:	0.00e+00	8.00e+02
26:	0.00e+00	8.00e+02
27:	0.00e+00	0.00e+00
28:	0.00e+00	9.43e-16
29:	0.00e+00	0.00e+00
30:	0.00e+00	0.00e+00
31:	0.00e+00	9.43e-16
32:	0.00e+00	0.00e+00
33:	0.00e+00	8.00e+02
34:	0.00e+00	8.00e+02
35:	0.00e+00	0.00e+00
36:	0.00e+00	0.00e+00
37:	0.00e+00	0.00e+00
38:	0.00e+00	0.00e+00
39:	4.44e-16	0.00e+00
40:	0.00e+00	0.00e+00
41:	0.00e+00	8.00e+02
42:	0.00e+00	8.00e+02
43:	0.00e+00	0.00e+00
44:	0.00e+00	-9.43e-16
45:	0.00e+00	0.00e+00
46:	0.00e+00	0.00e+00
47:	0.00e+00	-9.43e-16
48:	0.00e+00	0.00e+00
49:	0.00e+00	8.00e+02
50:	0.00e+00	8.00e+02
51:	0.00e+00	0.00e+00
New op index: 13	$R_Y$(4)
Current grad: 1.8075513507480847e-14
Precision cutoff reached.
Calculating energies for FreeWilson2D(N_x=2, N_y=2, mass=-0.776, r=1.000)
h_im: 0.0
New op index: 39	$R_{YX-XY}$(3)
Current grad: 4.440892098500626e-16
0:	0.00e+00	5.00e+01
1:	0.00e+00	5.00e+01
2:	0.00e+00	0.00e+00
3:	0.00e+00	5.00e+01
4:	0.00e+00	5.00e+01
5:	0.00e+00	0.00e+00
6:	0.00e+00	5.00e+01
7:	0.00e+00	5.00e+01
8:	0.00e+00	0.00e+00
9:	0.00e+00	5.00e+01
10:	0.00e+00	5.00e+01
11:	0.00e+00	0.00e+00
12:	0.00e+00	5.00e+01
13:	0.00e+00	5.00e+01
14:	0.00e+00	0.00e+00
15:	0.00e+00	5.00e+01
16:	0.00e+00	5.00e+01
17:	0.00e+00	0.00e+00
18:	0.00e+00	5.00e+01
19:	0.00e+00	5.00e+01
20:	0.00e+00	0.00e+00
21:	0.00e+00	5.00e+01
22:	0.00e+00	5.00e+01
23:	0.00e+00	0.00e+00
24:	0.00e+00	0.00e+00
25:	0.00e+00	8.00e+02
26:	0.00e+00	8.00e+02
27:	0.00e+00	0.00e+00
28:	0.00e+00	1.09e-15
29:	0.00e+00	0.00e+00
30:	0.00e+00	0.00e+00
31:	0.00e+00	1.09e-15
32:	0.00e+00	0.00e+00
33:	0.00e+00	8.00e+02
34:	0.00e+00	8.00e+02
35:	0.00e+00	0.00e+00
36:	0.00e+00	0.00e+00
37:	0.00e+00	0.00e+00
38:	0.00e+00	0.00e+00
39:	4.44e-16	0.00e+00
40:	0.00e+00	0.00e+00
41:	0.00e+00	8.00e+02
42:	0.00e+00	8.00e+02
43:	0.00e+00	0.00e+00
44:	0.00e+00	-1.09e-15
45:	0.00e+00	0.00e+00
46:	0.00e+00	0.00e+00
47:	0.00e+00	-1.09e-15
48:	0.00e+00	0.00e+00
49:	0.00e+00	8.00e+02
50:	0.00e+00	8.00e+02
51:	0.00e+00	0.00e+00
New op index: 13	$R_Y$(4)
Current grad: 1.806910496683316e-14
Precision cutoff reached.
Calculating energies for FreeWilson2D(N_x=2, N_y=2, mass=-0.612, r=1.000)
h_im: 0.0
New op index: 39	$R_{YX-XY}$(3)
Current grad: 4.440892098500626e-16
0:	0.00e+00	5.00e+01
1:	0.00e+00	5.00e+01
2:	0.00e+00	0.00e+00
3:	0.00e+00	5.00e+01
4:	0.00e+00	5.00e+01
5:	0.00e+00	0.00e+00
6:	0.00e+00	5.00e+01
7:	0.00e+00	5.00e+01
8:	0.00e+00	0.00e+00
9:	0.00e+00	5.00e+01
10:	0.00e+00	5.00e+01
11:	0.00e+00	0.00e+00
12:	0.00e+00	5.00e+01
13:	0.00e+00	5.00e+01
14:	0.00e+00	0.00e+00
15:	0.00e+00	5.00e+01
16:	0.00e+00	5.00e+01
17:	0.00e+00	0.00e+00
18:	0.00e+00	5.00e+01
19:	0.00e+00	5.00e+01
20:	0.00e+00	0.00e+00
21:	0.00e+00	5.00e+01
22:	0.00e+00	5.00e+01
23:	0.00e+00	0.00e+00
24:	0.00e+00	0.00e+00
25:	0.00e+00	8.00e+02
26:	0.00e+00	8.00e+02
27:	0.00e+00	0.00e+00
28:	0.00e+00	1.23e-15
29:	0.00e+00	0.00e+00
30:	0.00e+00	0.00e+00
31:	0.00e+00	1.23e-15
32:	0.00e+00	0.00e+00
33:	0.00e+00	8.00e+02
34:	0.00e+00	8.00e+02
35:	0.00e+00	0.00e+00
36:	0.00e+00	0.00e+00
37:	0.00e+00	0.00e+00
38:	0.00e+00	0.00e+00
39:	4.44e-16	0.00e+00
40:	0.00e+00	0.00e+00
41:	0.00e+00	8.00e+02
42:	0.00e+00	8.00e+02
43:	0.00e+00	0.00e+00
44:	0.00e+00	-1.23e-15
45:	0.00e+00	0.00e+00
46:	0.00e+00	0.00e+00
47:	0.00e+00	-1.23e-15
48:	0.00e+00	0.00e+00
49:	0.00e+00	8.00e+02
50:	0.00e+00	8.00e+02
51:	0.00e+00	0.00e+00
New op index: 13	$R_Y$(4)
Current grad: 1.806269642618547e-14
Precision cutoff reached.
Calculating energies for FreeWilson2D(N_x=2, N_y=2, mass=-0.449, r=1.000)
h_im: 0.0
New op index: 39	$R_{YX-XY}$(3)
Current grad: 4.440892098500626e-16
0:	0.00e+00	5.00e+01
1:	0.00e+00	5.00e+01
2:	0.00e+00	0.00e+00
3:	0.00e+00	5.00e+01
4:	0.00e+00	5.00e+01
5:	0.00e+00	0.00e+00
6:	0.00e+00	5.00e+01
7:	0.00e+00	5.00e+01
8:	0.00e+00	0.00e+00
9:	0.00e+00	5.00e+01
10:	0.00e+00	5.00e+01
11:	0.00e+00	0.00e+00
12:	0.00e+00	5.00e+01
13:	0.00e+00	5.00e+01
14:	0.00e+00	0.00e+00
15:	0.00e+00	5.00e+01
16:	0.00e+00	5.00e+01
17:	0.00e+00	0.00e+00
18:	0.00e+00	5.00e+01
19:	0.00e+00	5.00e+01
20:	0.00e+00	0.00e+00
21:	0.00e+00	5.00e+01
22:	0.00e+00	5.00e+01
23:	0.00e+00	0.00e+00
24:	0.00e+00	0.00e+00
25:	0.00e+00	8.00e+02
26:	0.00e+00	8.00e+02
27:	0.00e+00	0.00e+00
28:	0.00e+00	1.38e-15
29:	0.00e+00	0.00e+00
30:	0.00e+00	0.00e+00
31:	0.00e+00	1.38e-15
32:	0.00e+00	0.00e+00
33:	0.00e+00	8.00e+02
34:	0.00e+00	8.00e+02
35:	0.00e+00	0.00e+00
36:	0.00e+00	0.00e+00
37:	0.00e+00	0.00e+00
38:	0.00e+00	0.00e+00
39:	4.44e-16	0.00e+00
40:	0.00e+00	0.00e+00
41:	0.00e+00	8.00e+02
42:	0.00e+00	8.00e+02
43:	0.00e+00	0.00e+00
44:	0.00e+00	-1.38e-15
45:	0.00e+00	0.00e+00
46:	0.00e+00	0.00e+00
47:	0.00e+00	-1.38e-15
48:	0.00e+00	0.00e+00
49:	0.00e+00	8.00e+02
50:	0.00e+00	8.00e+02
51:	0.00e+00	0.00e+00
New op index: 13	$R_Y$(4)
Current grad: 1.805628788553778e-14
Precision cutoff reached.
Calculating energies for FreeWilson2D(N_x=2, N_y=2, mass=-0.286, r=1.000)
h_im: 0.0
New op index: 39	$R_{YX-XY}$(3)
Current grad: 4.440892098500626e-16
0:	0.00e+00	5.00e+01
1:	0.00e+00	5.00e+01
2:	0.00e+00	0.00e+00
3:	0.00e+00	5.00e+01
4:	0.00e+00	5.00e+01
5:	0.00e+00	0.00e+00
6:	0.00e+00	5.00e+01
7:	0.00e+00	5.00e+01
8:	0.00e+00	0.00e+00
9:	0.00e+00	5.00e+01
10:	0.00e+00	5.00e+01
11:	0.00e+00	0.00e+00
12:	0.00e+00	5.00e+01
13:	0.00e+00	5.00e+01
14:	0.00e+00	0.00e+00
15:	0.00e+00	5.00e+01
16:	0.00e+00	5.00e+01
17:	0.00e+00	0.00e+00
18:	0.00e+00	5.00e+01
19:	0.00e+00	5.00e+01
20:	0.00e+00	0.00e+00
21:	0.00e+00	5.00e+01
22:	0.00e+00	5.00e+01
23:	0.00e+00	0.00e+00
24:	0.00e+00	0.00e+00
25:	0.00e+00	8.00e+02
26:	0.00e+00	8.00e+02
27:	0.00e+00	0.00e+00
28:	0.00e+00	1.52e-15
29:	0.00e+00	0.00e+00
30:	0.00e+00	0.00e+00
31:	0.00e+00	1.52e-15
32:	0.00e+00	0.00e+00
33:	0.00e+00	8.00e+02
34:	0.00e+00	8.00e+02
35:	0.00e+00	0.00e+00
36:	0.00e+00	0.00e+00
37:	0.00e+00	0.00e+00
38:	0.00e+00	0.00e+00
39:	4.44e-16	0.00e+00
40:	0.00e+00	0.00e+00
41:	0.00e+00	8.00e+02
42:	0.00e+00	8.00e+02
43:	0.00e+00	0.00e+00
44:	0.00e+00	-1.52e-15
45:	0.00e+00	0.00e+00
46:	0.00e+00	0.00e+00
47:	0.00e+00	-1.52e-15
48:	0.00e+00	0.00e+00
49:	0.00e+00	8.00e+02
50:	0.00e+00	8.00e+02
51:	0.00e+00	0.00e+00
New op index: 13	$R_Y$(4)
Current grad: 1.8049879344890094e-14
Precision cutoff reached.
Calculating energies for FreeWilson2D(N_x=2, N_y=2, mass=-0.122, r=1.000)
h_im: 0.0
New op index: 39	$R_{YX-XY}$(3)
Current grad: 4.440892098500626e-16
0:	0.00e+00	5.00e+01
1:	0.00e+00	5.00e+01
2:	0.00e+00	0.00e+00
3:	0.00e+00	5.00e+01
4:	0.00e+00	5.00e+01
5:	0.00e+00	0.00e+00
6:	0.00e+00	5.00e+01
7:	0.00e+00	5.00e+01
8:	0.00e+00	0.00e+00
9:	0.00e+00	5.00e+01
10:	0.00e+00	5.00e+01
11:	0.00e+00	0.00e+00
12:	0.00e+00	5.00e+01
13:	0.00e+00	5.00e+01
14:	0.00e+00	0.00e+00
15:	0.00e+00	5.00e+01
16:	0.00e+00	5.00e+01
17:	0.00e+00	0.00e+00
18:	0.00e+00	5.00e+01
19:	0.00e+00	5.00e+01
20:	0.00e+00	0.00e+00
21:	0.00e+00	5.00e+01
22:	0.00e+00	5.00e+01
23:	0.00e+00	0.00e+00
24:	0.00e+00	0.00e+00
25:	0.00e+00	8.00e+02
26:	0.00e+00	8.00e+02
27:	0.00e+00	0.00e+00
28:	0.00e+00	1.67e-15
29:	0.00e+00	0.00e+00
30:	0.00e+00	0.00e+00
31:	0.00e+00	1.67e-15
32:	0.00e+00	0.00e+00
33:	0.00e+00	8.00e+02
34:	0.00e+00	8.00e+02
35:	0.00e+00	0.00e+00
36:	0.00e+00	0.00e+00
37:	0.00e+00	0.00e+00
38:	0.00e+00	0.00e+00
39:	4.44e-16	0.00e+00
40:	0.00e+00	0.00e+00
41:	0.00e+00	8.00e+02
42:	0.00e+00	8.00e+02
43:	0.00e+00	0.00e+00
44:	0.00e+00	-1.67e-15
45:	0.00e+00	0.00e+00
46:	0.00e+00	0.00e+00
47:	0.00e+00	-1.67e-15
48:	0.00e+00	0.00e+00
49:	0.00e+00	8.00e+02
50:	0.00e+00	8.00e+02
51:	0.00e+00	0.00e+00
New op index: 13	$R_Y$(4)
Current grad: 1.8043470804242404e-14
Precision cutoff reached.
Calculating energies for FreeWilson2D(N_x=2, N_y=2, mass=0.041, r=1.000)
h_im: 0.0
New op index: 39	$R_{YX-XY}$(3)
Current grad: 4.440892098500626e-16
0:	0.00e+00	5.00e+01
1:	0.00e+00	5.00e+01
2:	0.00e+00	0.00e+00
3:	0.00e+00	5.00e+01
4:	0.00e+00	5.00e+01
5:	0.00e+00	0.00e+00
6:	0.00e+00	5.00e+01
7:	0.00e+00	5.00e+01
8:	0.00e+00	0.00e+00
9:	0.00e+00	5.00e+01
10:	0.00e+00	5.00e+01
11:	0.00e+00	0.00e+00
12:	0.00e+00	5.00e+01
13:	0.00e+00	5.00e+01
14:	0.00e+00	0.00e+00
15:	0.00e+00	5.00e+01
16:	0.00e+00	5.00e+01
17:	0.00e+00	0.00e+00
18:	0.00e+00	5.00e+01
19:	0.00e+00	5.00e+01
20:	0.00e+00	0.00e+00
21:	0.00e+00	5.00e+01
22:	0.00e+00	5.00e+01
23:	0.00e+00	0.00e+00
24:	0.00e+00	0.00e+00
25:	0.00e+00	8.00e+02
26:	0.00e+00	8.00e+02
27:	0.00e+00	0.00e+00
28:	0.00e+00	1.81e-15
29:	0.00e+00	0.00e+00
30:	0.00e+00	0.00e+00
31:	0.00e+00	1.81e-15
32:	0.00e+00	0.00e+00
33:	0.00e+00	8.00e+02
34:	0.00e+00	8.00e+02
35:	0.00e+00	0.00e+00
36:	0.00e+00	0.00e+00
37:	0.00e+00	0.00e+00
38:	0.00e+00	0.00e+00
39:	4.44e-16	0.00e+00
40:	0.00e+00	0.00e+00
41:	0.00e+00	8.00e+02
42:	0.00e+00	8.00e+02
43:	0.00e+00	0.00e+00
44:	0.00e+00	-1.81e-15
45:	0.00e+00	0.00e+00
46:	0.00e+00	0.00e+00
47:	0.00e+00	-1.81e-15
48:	0.00e+00	0.00e+00
49:	0.00e+00	8.00e+02
50:	0.00e+00	8.00e+02
51:	0.00e+00	0.00e+00
New op index: 13	$R_Y$(4)
Current grad: 1.8037062263594713e-14
Precision cutoff reached.
Calculating energies for FreeWilson2D(N_x=2, N_y=2, mass=0.204, r=1.000)
h_im: 0.0
New op index: 39	$R_{YX-XY}$(3)
Current grad: 4.440892098500626e-16
0:	0.00e+00	5.00e+01
1:	0.00e+00	5.00e+01
2:	0.00e+00	0.00e+00
3:	0.00e+00	5.00e+01
4:	0.00e+00	5.00e+01
5:	0.00e+00	0.00e+00
6:	0.00e+00	5.00e+01
7:	0.00e+00	5.00e+01
8:	0.00e+00	0.00e+00
9:	0.00e+00	5.00e+01
10:	0.00e+00	5.00e+01
11:	0.00e+00	0.00e+00
12:	0.00e+00	5.00e+01
13:	0.00e+00	5.00e+01
14:	0.00e+00	0.00e+00
15:	0.00e+00	5.00e+01
16:	0.00e+00	5.00e+01
17:	0.00e+00	0.00e+00
18:	0.00e+00	5.00e+01
19:	0.00e+00	5.00e+01
20:	0.00e+00	0.00e+00
21:	0.00e+00	5.00e+01
22:	0.00e+00	5.00e+01
23:	0.00e+00	0.00e+00
24:	0.00e+00	0.00e+00
25:	0.00e+00	8.00e+02
26:	0.00e+00	8.00e+02
27:	0.00e+00	0.00e+00
28:	0.00e+00	1.96e-15
29:	0.00e+00	0.00e+00
30:	0.00e+00	0.00e+00
31:	0.00e+00	1.96e-15
32:	0.00e+00	0.00e+00
33:	0.00e+00	8.00e+02
34:	0.00e+00	8.00e+02
35:	0.00e+00	0.00e+00
36:	0.00e+00	0.00e+00
37:	0.00e+00	0.00e+00
38:	0.00e+00	0.00e+00
39:	4.44e-16	0.00e+00
40:	0.00e+00	0.00e+00
41:	0.00e+00	8.00e+02
42:	0.00e+00	8.00e+02
43:	0.00e+00	0.00e+00
44:	0.00e+00	-1.96e-15
45:	0.00e+00	0.00e+00
46:	0.00e+00	0.00e+00
47:	0.00e+00	-1.96e-15
48:	0.00e+00	0.00e+00
49:	0.00e+00	8.00e+02
50:	0.00e+00	8.00e+02
51:	0.00e+00	0.00e+00
New op index: 13	$R_Y$(4)
Current grad: 1.8030653722947026e-14
Precision cutoff reached.
Calculating energies for FreeWilson2D(N_x=2, N_y=2, mass=0.367, r=1.000)
h_im: 0.0
New op index: 39	$R_{YX-XY}$(3)
Current grad: 4.440892098500626e-16
0:	0.00e+00	5.00e+01
1:	0.00e+00	5.00e+01
2:	0.00e+00	0.00e+00
3:	0.00e+00	5.00e+01
4:	0.00e+00	5.00e+01
5:	0.00e+00	0.00e+00
6:	0.00e+00	5.00e+01
7:	0.00e+00	5.00e+01
8:	0.00e+00	0.00e+00
9:	0.00e+00	5.00e+01
10:	0.00e+00	5.00e+01
11:	0.00e+00	0.00e+00
12:	0.00e+00	5.00e+01
13:	0.00e+00	5.00e+01
14:	0.00e+00	0.00e+00
15:	0.00e+00	5.00e+01
16:	0.00e+00	5.00e+01
17:	0.00e+00	0.00e+00
18:	0.00e+00	5.00e+01
19:	0.00e+00	5.00e+01
20:	0.00e+00	0.00e+00
21:	0.00e+00	5.00e+01
22:	0.00e+00	5.00e+01
23:	0.00e+00	0.00e+00
24:	0.00e+00	0.00e+00
25:	0.00e+00	8.00e+02
26:	0.00e+00	8.00e+02
27:	0.00e+00	0.00e+00
28:	0.00e+00	2.10e-15
29:	0.00e+00	0.00e+00
30:	0.00e+00	0.00e+00
31:	0.00e+00	2.10e-15
32:	0.00e+00	0.00e+00
33:	0.00e+00	8.00e+02
34:	0.00e+00	8.00e+02
35:	0.00e+00	0.00e+00
36:	0.00e+00	0.00e+00
37:	0.00e+00	0.00e+00
38:	0.00e+00	0.00e+00
39:	4.44e-16	0.00e+00
40:	0.00e+00	0.00e+00
41:	0.00e+00	8.00e+02
42:	0.00e+00	8.00e+02
43:	0.00e+00	0.00e+00
44:	0.00e+00	-2.10e-15
45:	0.00e+00	0.00e+00
46:	0.00e+00	0.00e+00
47:	0.00e+00	-2.10e-15
48:	0.00e+00	0.00e+00
49:	0.00e+00	8.00e+02
50:	0.00e+00	8.00e+02
51:	0.00e+00	0.00e+00
New op index: 13	$R_Y$(4)
Current grad: 1.8024245182299338e-14
Precision cutoff reached.
Calculating energies for FreeWilson2D(N_x=2, N_y=2, mass=0.531, r=1.000)
h_im: 0.0
New op index: 39	$R_{YX-XY}$(3)
Current grad: 4.440892098500626e-16
0:	0.00e+00	5.00e+01
1:	0.00e+00	5.00e+01
2:	0.00e+00	0.00e+00
3:	0.00e+00	5.00e+01
4:	0.00e+00	5.00e+01
5:	0.00e+00	0.00e+00
6:	0.00e+00	5.00e+01
7:	0.00e+00	5.00e+01
8:	0.00e+00	0.00e+00
9:	0.00e+00	5.00e+01
10:	0.00e+00	5.00e+01
11:	0.00e+00	0.00e+00
12:	0.00e+00	5.00e+01
13:	0.00e+00	5.00e+01
14:	0.00e+00	0.00e+00
15:	0.00e+00	5.00e+01
16:	0.00e+00	5.00e+01
17:	0.00e+00	0.00e+00
18:	0.00e+00	5.00e+01
19:	0.00e+00	5.00e+01
20:	0.00e+00	0.00e+00
21:	0.00e+00	5.00e+01
22:	0.00e+00	5.00e+01
23:	0.00e+00	0.00e+00
24:	0.00e+00	0.00e+00
25:	0.00e+00	8.00e+02
26:	0.00e+00	8.00e+02
27:	0.00e+00	0.00e+00
28:	0.00e+00	2.25e-15
29:	0.00e+00	0.00e+00
30:	0.00e+00	0.00e+00
31:	0.00e+00	2.25e-15
32:	0.00e+00	0.00e+00
33:	0.00e+00	8.00e+02
34:	0.00e+00	8.00e+02
35:	0.00e+00	0.00e+00
36:	0.00e+00	0.00e+00
37:	0.00e+00	0.00e+00
38:	0.00e+00	0.00e+00
39:	4.44e-16	0.00e+00
40:	0.00e+00	0.00e+00
41:	0.00e+00	8.00e+02
42:	0.00e+00	8.00e+02
43:	0.00e+00	0.00e+00
44:	0.00e+00	-2.25e-15
45:	0.00e+00	0.00e+00
46:	0.00e+00	0.00e+00
47:	0.00e+00	-2.25e-15
48:	0.00e+00	0.00e+00
49:	0.00e+00	8.00e+02
50:	0.00e+00	8.00e+02
51:	0.00e+00	0.00e+00
New op index: 13	$R_Y$(4)
Current grad: 1.8017836641651647e-14
Precision cutoff reached.
Calculating energies for FreeWilson2D(N_x=2, N_y=2, mass=0.694, r=1.000)
h_im: 0.0
New op index: 39	$R_{YX-XY}$(3)
Current grad: 4.440892098500626e-16
0:	0.00e+00	5.00e+01
1:	0.00e+00	5.00e+01
2:	0.00e+00	0.00e+00
3:	0.00e+00	5.00e+01
4:	0.00e+00	5.00e+01
5:	0.00e+00	0.00e+00
6:	0.00e+00	5.00e+01
7:	0.00e+00	5.00e+01
8:	0.00e+00	0.00e+00
9:	0.00e+00	5.00e+01
10:	0.00e+00	5.00e+01
11:	0.00e+00	0.00e+00
12:	0.00e+00	5.00e+01
13:	0.00e+00	5.00e+01
14:	0.00e+00	0.00e+00
15:	0.00e+00	5.00e+01
16:	0.00e+00	5.00e+01
17:	0.00e+00	0.00e+00
18:	0.00e+00	5.00e+01
19:	0.00e+00	5.00e+01
20:	0.00e+00	0.00e+00
21:	0.00e+00	5.00e+01
22:	0.00e+00	5.00e+01
23:	0.00e+00	0.00e+00
24:	0.00e+00	0.00e+00
25:	0.00e+00	8.00e+02
26:	0.00e+00	8.00e+02
27:	0.00e+00	0.00e+00
28:	0.00e+00	2.39e-15
29:	0.00e+00	0.00e+00
30:	0.00e+00	0.00e+00
31:	0.00e+00	2.39e-15
32:	0.00e+00	0.00e+00
33:	0.00e+00	8.00e+02
34:	0.00e+00	8.00e+02
35:	0.00e+00	0.00e+00
36:	0.00e+00	0.00e+00
37:	0.00e+00	0.00e+00
38:	0.00e+00	0.00e+00
39:	4.44e-16	0.00e+00
40:	0.00e+00	0.00e+00
41:	0.00e+00	8.00e+02
42:	0.00e+00	8.00e+02
43:	0.00e+00	0.00e+00
44:	0.00e+00	-2.39e-15
45:	0.00e+00	0.00e+00
46:	0.00e+00	0.00e+00
47:	0.00e+00	-2.39e-15
48:	0.00e+00	0.00e+00
49:	0.00e+00	8.00e+02
50:	0.00e+00	8.00e+02
51:	0.00e+00	0.00e+00
New op index: 13	$R_Y$(4)
Current grad: 1.8011428101003957e-14
Precision cutoff reached.
Calculating energies for FreeWilson2D(N_x=2, N_y=2, mass=0.857, r=1.000)
h_im: 0.0
New op index: 39	$R_{YX-XY}$(3)
Current grad: 4.440892098500626e-16
0:	0.00e+00	5.00e+01
1:	0.00e+00	5.00e+01
2:	0.00e+00	0.00e+00
3:	0.00e+00	5.00e+01
4:	0.00e+00	5.00e+01
5:	0.00e+00	0.00e+00
6:	0.00e+00	5.00e+01
7:	0.00e+00	5.00e+01
8:	0.00e+00	0.00e+00
9:	0.00e+00	5.00e+01
10:	0.00e+00	5.00e+01
11:	0.00e+00	0.00e+00
12:	0.00e+00	5.00e+01
13:	0.00e+00	5.00e+01
14:	0.00e+00	0.00e+00
15:	0.00e+00	5.00e+01
16:	0.00e+00	5.00e+01
17:	0.00e+00	0.00e+00
18:	0.00e+00	5.00e+01
19:	0.00e+00	5.00e+01
20:	0.00e+00	0.00e+00
21:	0.00e+00	5.00e+01
22:	0.00e+00	5.00e+01
23:	0.00e+00	0.00e+00
24:	0.00e+00	0.00e+00
25:	0.00e+00	8.00e+02
26:	0.00e+00	8.00e+02
27:	0.00e+00	0.00e+00
28:	0.00e+00	2.54e-15
29:	0.00e+00	0.00e+00
30:	0.00e+00	0.00e+00
31:	0.00e+00	2.54e-15
32:	0.00e+00	0.00e+00
33:	0.00e+00	8.00e+02
34:	0.00e+00	8.00e+02
35:	0.00e+00	0.00e+00
36:	0.00e+00	0.00e+00
37:	0.00e+00	0.00e+00
38:	0.00e+00	0.00e+00
39:	4.44e-16	0.00e+00
40:	0.00e+00	0.00e+00
41:	0.00e+00	8.00e+02
42:	0.00e+00	8.00e+02
43:	0.00e+00	0.00e+00
44:	0.00e+00	-2.54e-15
45:	0.00e+00	0.00e+00
46:	0.00e+00	0.00e+00
47:	0.00e+00	-2.54e-15
48:	0.00e+00	0.00e+00
49:	0.00e+00	8.00e+02
50:	0.00e+00	8.00e+02
51:	0.00e+00	0.00e+00
New op index: 13	$R_Y$(4)
Current grad: 1.800501956035627e-14
Precision cutoff reached.
Calculating energies for FreeWilson2D(N_x=2, N_y=2, mass=1.020, r=1.000)
h_im: 0.0
New op index: 39	$R_{YX-XY}$(3)
Current grad: 4.440892098500626e-16
0:	0.00e+00	5.00e+01
1:	0.00e+00	5.00e+01
2:	0.00e+00	0.00e+00
3:	0.00e+00	5.00e+01
4:	0.00e+00	5.00e+01
5:	0.00e+00	0.00e+00
6:	0.00e+00	5.00e+01
7:	0.00e+00	5.00e+01
8:	0.00e+00	0.00e+00
9:	0.00e+00	5.00e+01
10:	0.00e+00	5.00e+01
11:	0.00e+00	0.00e+00
12:	0.00e+00	5.00e+01
13:	0.00e+00	5.00e+01
14:	0.00e+00	0.00e+00
15:	0.00e+00	5.00e+01
16:	0.00e+00	5.00e+01
17:	0.00e+00	0.00e+00
18:	0.00e+00	5.00e+01
19:	0.00e+00	5.00e+01
20:	0.00e+00	0.00e+00
21:	0.00e+00	5.00e+01
22:	0.00e+00	5.00e+01
23:	0.00e+00	0.00e+00
24:	0.00e+00	0.00e+00
25:	0.00e+00	8.00e+02
26:	0.00e+00	8.00e+02
27:	0.00e+00	0.00e+00
28:	0.00e+00	2.68e-15
29:	0.00e+00	0.00e+00
30:	0.00e+00	0.00e+00
31:	0.00e+00	2.68e-15
32:	0.00e+00	0.00e+00
33:	0.00e+00	8.00e+02
34:	0.00e+00	8.00e+02
35:	0.00e+00	0.00e+00
36:	0.00e+00	0.00e+00
37:	0.00e+00	0.00e+00
38:	0.00e+00	0.00e+00
39:	4.44e-16	0.00e+00
40:	0.00e+00	0.00e+00
41:	0.00e+00	8.00e+02
42:	0.00e+00	8.00e+02
43:	0.00e+00	0.00e+00
44:	0.00e+00	-2.68e-15
45:	0.00e+00	0.00e+00
46:	0.00e+00	0.00e+00
47:	0.00e+00	-2.68e-15
48:	0.00e+00	0.00e+00
49:	0.00e+00	8.00e+02
50:	0.00e+00	8.00e+02
51:	0.00e+00	0.00e+00
New op index: 13	$R_Y$(4)
Current grad: 1.7998611019708582e-14
Precision cutoff reached.
Calculating energies for FreeWilson2D(N_x=2, N_y=2, mass=1.184, r=1.000)
h_im: 0.0
New op index: 39	$R_{YX-XY}$(3)
Current grad: 4.440892098500626e-16
0:	0.00e+00	5.00e+01
1:	0.00e+00	5.00e+01
2:	0.00e+00	0.00e+00
3:	0.00e+00	5.00e+01
4:	0.00e+00	5.00e+01
5:	0.00e+00	0.00e+00
6:	0.00e+00	5.00e+01
7:	0.00e+00	5.00e+01
8:	0.00e+00	0.00e+00
9:	0.00e+00	5.00e+01
10:	0.00e+00	5.00e+01
11:	0.00e+00	0.00e+00
12:	0.00e+00	5.00e+01
13:	0.00e+00	5.00e+01
14:	0.00e+00	0.00e+00
15:	0.00e+00	5.00e+01
16:	0.00e+00	5.00e+01
17:	0.00e+00	0.00e+00
18:	0.00e+00	5.00e+01
19:	0.00e+00	5.00e+01
20:	0.00e+00	0.00e+00
21:	0.00e+00	5.00e+01
22:	0.00e+00	5.00e+01
23:	0.00e+00	0.00e+00
24:	0.00e+00	0.00e+00
25:	0.00e+00	8.00e+02
26:	0.00e+00	8.00e+02
27:	0.00e+00	0.00e+00
28:	0.00e+00	2.83e-15
29:	0.00e+00	0.00e+00
30:	0.00e+00	0.00e+00
31:	0.00e+00	2.83e-15
32:	0.00e+00	0.00e+00
33:	0.00e+00	8.00e+02
34:	0.00e+00	8.00e+02
35:	0.00e+00	0.00e+00
36:	0.00e+00	0.00e+00
37:	0.00e+00	0.00e+00
38:	0.00e+00	0.00e+00
39:	4.44e-16	0.00e+00
40:	0.00e+00	0.00e+00
41:	0.00e+00	8.00e+02
42:	0.00e+00	8.00e+02
43:	0.00e+00	0.00e+00
44:	0.00e+00	-2.83e-15
45:	0.00e+00	0.00e+00
46:	0.00e+00	0.00e+00
47:	0.00e+00	-2.83e-15
48:	0.00e+00	0.00e+00
49:	0.00e+00	8.00e+02
50:	0.00e+00	8.00e+02
51:	0.00e+00	0.00e+00
New op index: 13	$R_Y$(4)
Current grad: 1.799220247906089e-14
Precision cutoff reached.
Calculating energies for FreeWilson2D(N_x=2, N_y=2, mass=1.347, r=1.000)
h_im: 0.0
New op index: 39	$R_{YX-XY}$(3)
Current grad: 4.440892098500626e-16
0:	0.00e+00	5.00e+01
1:	0.00e+00	5.00e+01
2:	0.00e+00	0.00e+00
3:	0.00e+00	5.00e+01
4:	0.00e+00	5.00e+01
5:	0.00e+00	0.00e+00
6:	0.00e+00	5.00e+01
7:	0.00e+00	5.00e+01
8:	0.00e+00	0.00e+00
9:	0.00e+00	5.00e+01
10:	0.00e+00	5.00e+01
11:	0.00e+00	0.00e+00
12:	0.00e+00	5.00e+01
13:	0.00e+00	5.00e+01
14:	0.00e+00	0.00e+00
15:	0.00e+00	5.00e+01
16:	0.00e+00	5.00e+01
17:	0.00e+00	0.00e+00
18:	0.00e+00	5.00e+01
19:	0.00e+00	5.00e+01
20:	0.00e+00	0.00e+00
21:	0.00e+00	5.00e+01
22:	0.00e+00	5.00e+01
23:	0.00e+00	0.00e+00
24:	0.00e+00	0.00e+00
25:	0.00e+00	8.00e+02
26:	0.00e+00	8.00e+02
27:	0.00e+00	0.00e+00
28:	0.00e+00	2.97e-15
29:	0.00e+00	0.00e+00
30:	0.00e+00	0.00e+00
31:	0.00e+00	2.97e-15
32:	0.00e+00	0.00e+00
33:	0.00e+00	8.00e+02
34:	0.00e+00	8.00e+02
35:	0.00e+00	0.00e+00
36:	0.00e+00	0.00e+00
37:	0.00e+00	0.00e+00
38:	0.00e+00	0.00e+00
39:	4.44e-16	0.00e+00
40:	0.00e+00	0.00e+00
41:	0.00e+00	8.00e+02
42:	0.00e+00	8.00e+02
43:	0.00e+00	0.00e+00
44:	0.00e+00	-2.97e-15
45:	0.00e+00	0.00e+00
46:	0.00e+00	0.00e+00
47:	0.00e+00	-2.97e-15
48:	0.00e+00	0.00e+00
49:	0.00e+00	8.00e+02
50:	0.00e+00	8.00e+02
51:	0.00e+00	0.00e+00
New op index: 13	$R_Y$(4)
Current grad: 1.7985793938413204e-14
Precision cutoff reached.
Calculating energies for FreeWilson2D(N_x=2, N_y=2, mass=1.510, r=1.000)
h_im: 0.0
New op index: 39	$R_{YX-XY}$(3)
Current grad: 4.440892098500626e-16
0:	0.00e+00	5.00e+01
1:	0.00e+00	5.00e+01
2:	0.00e+00	0.00e+00
3:	0.00e+00	5.00e+01
4:	0.00e+00	5.00e+01
5:	0.00e+00	0.00e+00
6:	0.00e+00	5.00e+01
7:	0.00e+00	5.00e+01
8:	0.00e+00	0.00e+00
9:	0.00e+00	5.00e+01
10:	0.00e+00	5.00e+01
11:	0.00e+00	0.00e+00
12:	0.00e+00	5.00e+01
13:	0.00e+00	5.00e+01
14:	0.00e+00	0.00e+00
15:	0.00e+00	5.00e+01
16:	0.00e+00	5.00e+01
17:	0.00e+00	0.00e+00
18:	0.00e+00	5.00e+01
19:	0.00e+00	5.00e+01
20:	0.00e+00	0.00e+00
21:	0.00e+00	5.00e+01
22:	0.00e+00	5.00e+01
23:	0.00e+00	0.00e+00
24:	0.00e+00	0.00e+00
25:	0.00e+00	8.00e+02
26:	0.00e+00	8.00e+02
27:	0.00e+00	0.00e+00
28:	0.00e+00	3.12e-15
29:	0.00e+00	0.00e+00
30:	0.00e+00	0.00e+00
31:	0.00e+00	3.12e-15
32:	0.00e+00	0.00e+00
33:	0.00e+00	8.00e+02
34:	0.00e+00	8.00e+02
35:	0.00e+00	0.00e+00
36:	0.00e+00	0.00e+00
37:	0.00e+00	0.00e+00
38:	0.00e+00	0.00e+00
39:	4.44e-16	0.00e+00
40:	0.00e+00	0.00e+00
41:	0.00e+00	8.00e+02
42:	0.00e+00	8.00e+02
43:	0.00e+00	0.00e+00
44:	0.00e+00	-3.12e-15
45:	0.00e+00	0.00e+00
46:	0.00e+00	0.00e+00
47:	0.00e+00	-3.12e-15
48:	0.00e+00	0.00e+00
49:	0.00e+00	8.00e+02
50:	0.00e+00	8.00e+02
51:	0.00e+00	0.00e+00
New op index: 13	$R_Y$(4)
Current grad: 1.7979385397765516e-14
Precision cutoff reached.
Calculating energies for FreeWilson2D(N_x=2, N_y=2, mass=1.673, r=1.000)
h_im: 0.0
New op index: 39	$R_{YX-XY}$(3)
Current grad: 4.440892098500626e-16
0:	0.00e+00	5.00e+01
1:	0.00e+00	5.00e+01
2:	0.00e+00	0.00e+00
3:	0.00e+00	5.00e+01
4:	0.00e+00	5.00e+01
5:	0.00e+00	0.00e+00
6:	0.00e+00	5.00e+01
7:	0.00e+00	5.00e+01
8:	0.00e+00	0.00e+00
9:	0.00e+00	5.00e+01
10:	0.00e+00	5.00e+01
11:	0.00e+00	0.00e+00
12:	0.00e+00	5.00e+01
13:	0.00e+00	5.00e+01
14:	0.00e+00	0.00e+00
15:	0.00e+00	5.00e+01
16:	0.00e+00	5.00e+01
17:	0.00e+00	0.00e+00
18:	0.00e+00	5.00e+01
19:	0.00e+00	5.00e+01
20:	0.00e+00	0.00e+00
21:	0.00e+00	5.00e+01
22:	0.00e+00	5.00e+01
23:	0.00e+00	0.00e+00
24:	0.00e+00	0.00e+00
25:	0.00e+00	8.00e+02
26:	0.00e+00	8.00e+02
27:	0.00e+00	0.00e+00
28:	0.00e+00	3.26e-15
29:	0.00e+00	0.00e+00
30:	0.00e+00	0.00e+00
31:	0.00e+00	3.26e-15
32:	0.00e+00	0.00e+00
33:	0.00e+00	8.00e+02
34:	0.00e+00	8.00e+02
35:	0.00e+00	0.00e+00
36:	0.00e+00	0.00e+00
37:	0.00e+00	0.00e+00
38:	0.00e+00	0.00e+00
39:	4.44e-16	0.00e+00
40:	0.00e+00	0.00e+00
41:	0.00e+00	8.00e+02
42:	0.00e+00	8.00e+02
43:	0.00e+00	0.00e+00
44:	0.00e+00	-3.26e-15
45:	0.00e+00	0.00e+00
46:	0.00e+00	0.00e+00
47:	0.00e+00	-3.26e-15
48:	0.00e+00	0.00e+00
49:	0.00e+00	8.00e+02
50:	0.00e+00	8.00e+02
51:	0.00e+00	0.00e+00
New op index: 13	$R_Y$(4)
Current grad: 1.7972976857117826e-14
Precision cutoff reached.
Calculating energies for FreeWilson2D(N_x=2, N_y=2, mass=1.837, r=1.000)
h_im: 0.0
New op index: 39	$R_{YX-XY}$(3)
Current grad: 4.440892098500626e-16
0:	0.00e+00	5.00e+01
1:	0.00e+00	5.00e+01
2:	0.00e+00	0.00e+00
3:	0.00e+00	5.00e+01
4:	0.00e+00	5.00e+01
5:	0.00e+00	0.00e+00
6:	0.00e+00	5.00e+01
7:	0.00e+00	5.00e+01
8:	0.00e+00	0.00e+00
9:	0.00e+00	5.00e+01
10:	0.00e+00	5.00e+01
11:	0.00e+00	0.00e+00
12:	0.00e+00	5.00e+01
13:	0.00e+00	5.00e+01
14:	0.00e+00	0.00e+00
15:	0.00e+00	5.00e+01
16:	0.00e+00	5.00e+01
17:	0.00e+00	0.00e+00
18:	0.00e+00	5.00e+01
19:	0.00e+00	5.00e+01
20:	0.00e+00	0.00e+00
21:	0.00e+00	5.00e+01
22:	0.00e+00	5.00e+01
23:	0.00e+00	0.00e+00
24:	0.00e+00	0.00e+00
25:	0.00e+00	8.00e+02
26:	0.00e+00	8.00e+02
27:	0.00e+00	0.00e+00
28:	0.00e+00	3.41e-15
29:	0.00e+00	0.00e+00
30:	0.00e+00	0.00e+00
31:	0.00e+00	3.41e-15
32:	0.00e+00	0.00e+00
33:	0.00e+00	8.00e+02
34:	0.00e+00	8.00e+02
35:	0.00e+00	0.00e+00
36:	0.00e+00	0.00e+00
37:	0.00e+00	0.00e+00
38:	0.00e+00	0.00e+00
39:	4.44e-16	0.00e+00
40:	0.00e+00	0.00e+00
41:	0.00e+00	8.00e+02
42:	0.00e+00	8.00e+02
43:	0.00e+00	0.00e+00
44:	0.00e+00	-3.41e-15
45:	0.00e+00	0.00e+00
46:	0.00e+00	0.00e+00
47:	0.00e+00	-3.41e-15
48:	0.00e+00	0.00e+00
49:	0.00e+00	8.00e+02
50:	0.00e+00	8.00e+02
51:	0.00e+00	0.00e+00
New op index: 13	$R_Y$(4)
Current grad: 1.7966568316470135e-14
Precision cutoff reached.
Calculating energies for FreeWilson2D(N_x=2, N_y=2, mass=2.000, r=1.000)
h_im: 0.0
New op index: 39	$R_{YX-XY}$(3)
Current grad: 4.440892098500626e-16
0:	0.00e+00	5.00e+01
1:	0.00e+00	5.00e+01
2:	0.00e+00	0.00e+00
3:	0.00e+00	5.00e+01
4:	0.00e+00	5.00e+01
5:	0.00e+00	0.00e+00
6:	0.00e+00	5.00e+01
7:	0.00e+00	5.00e+01
8:	0.00e+00	0.00e+00
9:	0.00e+00	5.00e+01
10:	0.00e+00	5.00e+01
11:	0.00e+00	0.00e+00
12:	0.00e+00	5.00e+01
13:	0.00e+00	5.00e+01
14:	0.00e+00	0.00e+00
15:	0.00e+00	5.00e+01
16:	0.00e+00	5.00e+01
17:	0.00e+00	0.00e+00
18:	0.00e+00	5.00e+01
19:	0.00e+00	5.00e+01
20:	0.00e+00	0.00e+00
21:	0.00e+00	5.00e+01
22:	0.00e+00	5.00e+01
23:	0.00e+00	0.00e+00
24:	0.00e+00	0.00e+00
25:	0.00e+00	8.00e+02
26:	0.00e+00	8.00e+02
27:	0.00e+00	0.00e+00
28:	0.00e+00	3.55e-15
29:	0.00e+00	0.00e+00
30:	0.00e+00	0.00e+00
31:	0.00e+00	3.55e-15
32:	0.00e+00	0.00e+00
33:	0.00e+00	8.00e+02
34:	0.00e+00	8.00e+02
35:	0.00e+00	0.00e+00
36:	0.00e+00	0.00e+00
37:	0.00e+00	0.00e+00
38:	0.00e+00	0.00e+00
39:	4.44e-16	0.00e+00
40:	0.00e+00	0.00e+00
41:	0.00e+00	8.00e+02
42:	0.00e+00	8.00e+02
43:	0.00e+00	0.00e+00
44:	0.00e+00	-3.55e-15
45:	0.00e+00	0.00e+00
46:	0.00e+00	0.00e+00
47:	0.00e+00	-3.55e-15
48:	0.00e+00	0.00e+00
49:	0.00e+00	8.00e+02
50:	0.00e+00	8.00e+02
51:	0.00e+00	0.00e+00
New op index: 13	$R_Y$(4)
Current grad: 1.7960159775822448e-14
Precision cutoff reached.
-----Beginning pprint-----
/:
	Attributes:
		ProcessId: 23886762
	2025-11-14_18-07-21-23886762:
		Attributes:
			HamiltonianType: ZeroChargePenalty
			Last-Modified: 2025-11-14_18-07-21
			ProcessId: 23886762
			SimulatorType: Aer
			SolverName: AdaptVQE
			SystemName: FreeWilson2D
			n_x: 2
			n_y: 2
			r: 1.0
		AdaptOptions:
			Attributes:
				gradient_hamiltonian_type: HamiltonianType.ZeroChargePenalty
				max_depth: 200
				prec_cutoff: 0.001
				precision: 0
		AnsatzOperatorDerivatives: Dataset (dtype=float64, shape=(50, 2, 52), maxshape=(50, None, 52))
			Attributes:
				DIMENSION_LABELS: ['mass' 'AnsatzOperatorAxis' 'AnsatzPoolOperatorAxis']
				NDataDims: 2
		AnsatzOperatorSecondDerivatives: Dataset (dtype=float64, shape=(50, 2, 52), maxshape=(50, None, 52))
			Attributes:
				DIMENSION_LABELS: ['mass' 'AnsatzOperatorAxis' 'AnsatzPoolOperatorAxis']
				NDataDims: 2
		AnsatzOperators: Dataset (dtype=int64, shape=(50, 1), maxshape=(50, None))
			Attributes:
				DIMENSION_LABELS: ['mass' 'AnsatzOperatorAxis']
				NDataDims: 1
		Circuit:
			Attributes:
				Ansatz: HardwareAdaptAnsatz13
			AnsatzOptions:
				Attributes:
					num_qubits: 8
		CircuitParameters: Dataset (dtype=float64, shape=(50, 10, 1), maxshape=(50, None, None))
			Attributes:
				DIMENSION_LABELS: ['mass' 'IterationAxis' 'CircuitParameterAxis']
				NDataDims: 2
		Data:
			Attributes:
			evs:
				Attributes:
				Hamiltonian: Dataset (dtype=float64, shape=(50, 10), maxshape=(50, None))
					Attributes:
						DIMENSION_LABELS: ['mass' 'IterationAxis']
						NDataDims: 1
			stds:
				Attributes:
				Hamiltonian: Dataset (dtype=float64, shape=(50, 10), maxshape=(50, None))
					Attributes:
						DIMENSION_LABELS: ['mass' 'IterationAxis']
						NDataDims: 1
		EstimatorOptions:
			Attributes:
				_VERSION: 2
				default_precision: Unset
				default_shots: Unset
				experimental: Unset
				max_execution_time: Unset
				resilience_level: Unset
				seed_estimator: 23886762
			dynamical_decoupling:
				Attributes:
					enable: Unset
					extra_slack_distribution: Unset
					scheduling_method: Unset
					sequence_type: Unset
					skip_reset_qubits: Unset
			environment:
				Attributes:
					callback: None
					job_tags: None
					log_level: WARNING
					private: False
			execution:
				Attributes:
					init_qubits: Unset
					rep_delay: Unset
			resilience:
				Attributes:
					layer_noise_model: Unset
					measure_mitigation: Unset
					pec_mitigation: Unset
					zne_mitigation: Unset
				layer_noise_learning:
					Attributes:
						layer_pair_depths: Unset
						max_layers_to_learn: Unset
						num_randomizations: Unset
						shots_per_randomization: Unset
				measure_noise_learning:
					Attributes:
						num_randomizations: Unset
						shots_per_randomization: Unset
				pec:
					Attributes:
						max_overhead: Unset
						noise_gain: Unset
				zne:
					Attributes:
						amplifier: Unset
						extrapolated_noise_factors: Unset
						extrapolator: Unset
						noise_factors: Unset
			simulator:
				Attributes:
					basis_gates: Unset
					coupling_map: Unset
					noise_model: Unset
					seed_simulator: Unset
			twirling:
				Attributes:
					enable_gates: Unset
					enable_measure: Unset
					num_randomizations: Unset
					shots_per_randomization: Unset
					strategy: Unset
		MetaData:
			Attributes:
			circuit_metadata: Dataset (dtype=object, shape=(50, 10), maxshape=(50, None))
				Attributes:
					DIMENSION_LABELS: ['mass' 'IterationAxis']
					NDataDims: 1
			simulator_metadata: Dataset (dtype=object, shape=(50, 10), maxshape=(50, None))
				Attributes:
					DIMENSION_LABELS: ['mass' 'IterationAxis']
					NDataDims: 1
			target_precision: Dataset (dtype=float64, shape=(50, 10), maxshape=(50, None))
				Attributes:
					DIMENSION_LABELS: ['mass' 'IterationAxis']
					NDataDims: 1
			version: Dataset (dtype=int64, shape=(50, 10), maxshape=(50, None))
				Attributes:
					DIMENSION_LABELS: ['mass' 'IterationAxis']
					NDataDims: 1
		NIterations: Dataset (dtype=int64, shape=(50,), maxshape=(50,))
			Attributes:
				DIMENSION_LABELS: ['mass']
				NDataDims: 0
		OptimizerOptions:
			Attributes:
				bounds: None
				callback: None
				constraints: []
				method: slsqp
				tol: None
				x0Seed: 23886762
			options:
				Attributes:
					disp: 0
					maxiter: 20000
		PresetPassManagerOptions:
			Attributes:
		SimulatorOptions:
			Attributes:
				method: statevector
		StartIterations: Dataset (dtype=int64, shape=(50, 1), maxshape=(50, None))
			Attributes:
				DIMENSION_LABELS: ['mass' 'AnsatzOperatorAxis']
				NDataDims: 1
		VersionInfo:
			Attributes:
				QiskitAerVersion: 0.17.1
				QiskitIBMRuntimeVersion: 0.41.1
				QiskitVersion: 2.1.2
		mass: Dataset (dtype=float64, shape=(50,), maxshape=(50,))
			Attributes:
-----Ending pprint-----
End 2025-11-14 18:07:35 | 23886762 MyPyJob | lmnode197 | /home/s6nidich_hpc/PycharmProjects/QC-MasterThesis 

