Start 2025-11-13 14:44:58 | 23862036 MyPyJob | node080 | /home/s6nidich_hpc/PycharmProjects/QC-MasterThesis 

Used python interpreter:
/home/s6nidich_hpc/PycharmProjects/QC-MasterThesis/.venv_intel_3_12_3/bin/python
Python version:
Python 3.12.3

Currently Loaded Modules:
  1) GCCcore/13.3.0                   7) Tcl/8.6.14-GCCcore-13.3.0
  2) zlib/1.3.1-GCCcore-13.3.0        8) SQLite/3.45.3-GCCcore-13.3.0
  3) binutils/2.42-GCCcore-13.3.0     9) XZ/5.4.5-GCCcore-13.3.0
  4) bzip2/1.0.8-GCCcore-13.3.0      10) libffi/3.4.5-GCCcore-13.3.0
  5) ncurses/6.5-GCCcore-13.3.0      11) OpenSSL/3
  6) libreadline/8.2-GCCcore-13.3.0  12) Python/3.12.3-GCCcore-13.3.0

 

Start of Program:

-----Beginning pprint-----
/:
	Attributes:
-----Ending pprint-----
Calculating energies for FreeWilson2D(N_x=2, N_y=2, mass=-6.000, r=1.000)
h_im: 0.0
New op index: 27
Current grad: 45.99999999999997
0:	0.00e+00	0.00e+00
1:	-2.00e+00	0.00e+00
2:	0.00e+00	0.00e+00
3:	0.00e+00	0.00e+00
4:	2.50e+00	0.00e+00
5:	0.00e+00	0.00e+00
6:	0.00e+00	0.00e+00
7:	-2.50e+00	0.00e+00
8:	0.00e+00	0.00e+00
9:	0.00e+00	0.00e+00
10:	2.00e+00	-5.00e-01
11:	0.00e+00	-5.00e-01
12:	0.00e+00	0.00e+00
13:	2.00e+00	-5.00e-01
14:	0.00e+00	-5.00e-01
15:	0.00e+00	2.12e-15
16:	-2.50e+00	2.10e-15
17:	0.00e+00	1.39e-17
18:	0.00e+00	2.08e-15
19:	2.50e+00	2.09e-15
20:	0.00e+00	6.94e-18
21:	0.00e+00	2.12e-15
22:	-2.00e+00	2.09e-15
23:	0.00e+00	1.39e-17
24:	0.00e+00	0.00e+00
25:	-4.50e+00	0.00e+00
26:	0.00e+00	0.00e+00
27:	5.00e+00	0.00e+00
28:	0.00e+00	-5.00e-01
29:	-4.50e+00	-5.00e-01
30:	0.00e+00	6.94e-18
31:	0.00e+00	-2.00e+00
32:	0.00e+00	-5.00e-01
33:	4.50e+00	-5.00e-01
34:	0.00e+00	2.08e-17
35:	-5.00e+00	2.08e-17
36:	0.00e+00	2.08e-17
37:	4.50e+00	2.08e-17
New op index: 4
Current grad: 111.24430652331928
New op index: 27
Current grad: 38.59221917333683
New op index: 35
Current grad: 27.925413734386012
New op index: 16
Current grad: 93.16916421535005
New op index: 35
Current grad: 20.525155585881066
New op index: 10
Current grad: 9.850827775212085
New op index: 1
Current grad: 148.47228799579474
New op index: 13
Current grad: 5.9449215960526685
New op index: 22
Current grad: 52.00222075638726
New op index: 4
Current grad: 0.026959992719647864
New op index: 35
Current grad: 0.0020248049223736764
Adding the same operator twice is not sensible, terminating.
Calculating energies for FreeWilson2D(N_x=2, N_y=2, mass=-5.837, r=1.000)
h_im: 0.0
New op index: 27
Current grad: 44.36734693877547
0:	0.00e+00	0.00e+00
1:	-1.92e+00	0.00e+00
2:	0.00e+00	0.00e+00
3:	0.00e+00	0.00e+00
4:	2.42e+00	0.00e+00
5:	0.00e+00	0.00e+00
6:	0.00e+00	0.00e+00
7:	-2.42e+00	0.00e+00
8:	0.00e+00	0.00e+00
9:	0.00e+00	0.00e+00
10:	1.92e+00	-5.00e-01
11:	0.00e+00	-5.00e-01
12:	0.00e+00	0.00e+00
13:	1.92e+00	-5.00e-01
14:	0.00e+00	-5.00e-01
15:	0.00e+00	2.12e-15
16:	-2.42e+00	2.09e-15
17:	0.00e+00	1.39e-17
18:	0.00e+00	2.08e-15
19:	2.42e+00	2.09e-15
20:	0.00e+00	6.94e-18
21:	0.00e+00	2.12e-15
22:	-1.92e+00	2.09e-15
23:	0.00e+00	1.39e-17
24:	0.00e+00	0.00e+00
25:	-4.34e+00	0.00e+00
26:	0.00e+00	0.00e+00
27:	4.84e+00	0.00e+00
28:	0.00e+00	-5.00e-01
29:	-4.34e+00	-5.00e-01
30:	0.00e+00	6.94e-18
31:	0.00e+00	-2.00e+00
32:	0.00e+00	-5.00e-01
33:	4.34e+00	-5.00e-01
34:	0.00e+00	2.08e-17
35:	-4.84e+00	2.08e-17
36:	0.00e+00	2.08e-17
37:	4.34e+00	2.08e-17
New op index: 4
Current grad: 110.11520803528651
New op index: 27
Current grad: 37.240916992698764
New op index: 35
Current grad: 26.948942068529437
New op index: 16
Current grad: 92.68608524880739
New op index: 35
Current grad: 19.82856947222001
New op index: 1
Current grad: 9.533584284448246
New op index: 10
Current grad: 147.96221152510898
New op index: 13
Current grad: 5.770407152079176
New op index: 22
Current grad: 51.92086688068396
New op index: 27
Current grad: 0.016012381641086027
Adding the same operator twice is not sensible, terminating.
Calculating energies for FreeWilson2D(N_x=2, N_y=2, mass=-5.673, r=1.000)
h_im: 0.0
New op index: 27
Current grad: 42.73469387755098
0:	0.00e+00	0.00e+00
1:	-1.84e+00	0.00e+00
2:	0.00e+00	0.00e+00
3:	0.00e+00	0.00e+00
4:	2.34e+00	0.00e+00
5:	0.00e+00	0.00e+00
6:	0.00e+00	0.00e+00
7:	-2.34e+00	0.00e+00
8:	0.00e+00	0.00e+00
9:	0.00e+00	0.00e+00
10:	1.84e+00	-5.00e-01
11:	0.00e+00	-5.00e-01
12:	0.00e+00	0.00e+00
13:	1.84e+00	-5.00e-01
14:	0.00e+00	-5.00e-01
15:	0.00e+00	2.12e-15
16:	-2.34e+00	2.09e-15
17:	0.00e+00	1.39e-17
18:	0.00e+00	2.08e-15
19:	2.34e+00	2.09e-15
20:	0.00e+00	6.94e-18
21:	0.00e+00	2.12e-15
22:	-1.84e+00	2.09e-15
23:	0.00e+00	1.39e-17
24:	0.00e+00	0.00e+00
25:	-4.17e+00	0.00e+00
26:	0.00e+00	0.00e+00
27:	4.67e+00	0.00e+00
28:	0.00e+00	-5.00e-01
29:	-4.17e+00	-5.00e-01
30:	0.00e+00	6.94e-18
31:	0.00e+00	-2.00e+00
32:	0.00e+00	-5.00e-01
33:	4.17e+00	-5.00e-01
34:	0.00e+00	2.08e-17
35:	-4.67e+00	2.08e-17
36:	0.00e+00	2.08e-17
37:	4.17e+00	2.08e-17
New op index: 4
Current grad: 109.00119212489982
New op index: 27
Current grad: 35.89118031222255
New op index: 35
Current grad: 25.972524031136707
New op index: 19
Current grad: 92.23873183511667
New op index: 35
Current grad: 19.135375323201252
New op index: 1
Current grad: 9.216178101696919
New op index: 10
Current grad: 147.45023382549186
New op index: 13
Current grad: 5.605271344630594
New op index: 22
Current grad: 51.8415351502155
New op index: 22
Current grad: 0.025276334241471972
Adding the same operator twice is not sensible, terminating.
Calculating energies for FreeWilson2D(N_x=2, N_y=2, mass=-5.510, r=1.000)
h_im: 0.0
New op index: 27
Current grad: 41.10204081632649
0:	0.00e+00	0.00e+00
1:	-1.76e+00	0.00e+00
2:	0.00e+00	0.00e+00
3:	0.00e+00	0.00e+00
4:	2.26e+00	0.00e+00
5:	0.00e+00	0.00e+00
6:	0.00e+00	0.00e+00
7:	-2.26e+00	0.00e+00
8:	0.00e+00	0.00e+00
9:	0.00e+00	0.00e+00
10:	1.76e+00	-5.00e-01
11:	0.00e+00	-5.00e-01
12:	0.00e+00	0.00e+00
13:	1.76e+00	-5.00e-01
14:	0.00e+00	-5.00e-01
15:	0.00e+00	2.12e-15
16:	-2.26e+00	2.09e-15
17:	0.00e+00	1.39e-17
18:	0.00e+00	2.08e-15
19:	2.26e+00	2.09e-15
20:	0.00e+00	6.94e-18
21:	0.00e+00	2.11e-15
22:	-1.76e+00	2.09e-15
23:	0.00e+00	1.39e-17
24:	0.00e+00	0.00e+00
25:	-4.01e+00	0.00e+00
26:	0.00e+00	0.00e+00
27:	4.51e+00	0.00e+00
28:	0.00e+00	-5.00e-01
29:	-4.01e+00	-5.00e-01
30:	0.00e+00	6.94e-18
31:	0.00e+00	-2.00e+00
32:	0.00e+00	-5.00e-01
33:	4.01e+00	-5.00e-01
34:	0.00e+00	2.08e-17
35:	-4.51e+00	2.08e-17
36:	0.00e+00	2.08e-17
37:	4.01e+00	2.08e-17
New op index: 4
Current grad: 107.90442146090402
New op index: 27
Current grad: 34.54309834340623
New op index: 35
Current grad: 24.99995678202791
New op index: 16
Current grad: 91.79830349317635
New op index: 35
Current grad: 18.443837796656368
New op index: 10
Current grad: 8.897197128508708
New op index: 22
Current grad: 147.60889994390146
New op index: 13
Current grad: 4.533521579513079
New op index: 1
Current grad: 51.75914557450992
New op index: 22
Current grad: 0.014507171979582692
Adding the same operator twice is not sensible, terminating.
Calculating energies for FreeWilson2D(N_x=2, N_y=2, mass=-5.347, r=1.000)
h_im: 0.0
New op index: 27
Current grad: 39.469387755102005
0:	0.00e+00	0.00e+00
1:	-1.67e+00	0.00e+00
2:	0.00e+00	0.00e+00
3:	0.00e+00	0.00e+00
4:	2.17e+00	0.00e+00
5:	0.00e+00	0.00e+00
6:	0.00e+00	0.00e+00
7:	-2.17e+00	0.00e+00
8:	0.00e+00	0.00e+00
9:	0.00e+00	0.00e+00
10:	1.67e+00	-5.00e-01
11:	0.00e+00	-5.00e-01
12:	0.00e+00	0.00e+00
13:	1.67e+00	-5.00e-01
14:	0.00e+00	-5.00e-01
15:	0.00e+00	2.12e-15
16:	-2.17e+00	2.09e-15
17:	0.00e+00	1.39e-17
18:	0.00e+00	2.08e-15
19:	2.17e+00	2.09e-15
20:	0.00e+00	6.94e-18
21:	0.00e+00	2.11e-15
22:	-1.67e+00	2.09e-15
23:	0.00e+00	1.39e-17
24:	0.00e+00	0.00e+00
25:	-3.85e+00	0.00e+00
26:	0.00e+00	0.00e+00
27:	4.35e+00	0.00e+00
28:	0.00e+00	-5.00e-01
29:	-3.85e+00	-5.00e-01
30:	0.00e+00	6.94e-18
31:	0.00e+00	-2.00e+00
32:	0.00e+00	-5.00e-01
33:	3.85e+00	-5.00e-01
34:	0.00e+00	2.08e-17
35:	-4.35e+00	2.08e-17
36:	0.00e+00	2.08e-17
37:	3.85e+00	2.08e-17
New op index: 4
Current grad: 106.82660430343802
New op index: 27
Current grad: 33.19660933691188
New op index: 35
Current grad: 24.019750544086886
New op index: 16
Current grad: 91.3781896507063
New op index: 35
Current grad: 17.75480614110855
New op index: 10
Current grad: 8.57004160903322
New op index: 1
Current grad: 147.31252123052093
New op index: 13
Current grad: 5.285254303682514
New op index: 22
Current grad: 51.68657839396391
New op index: 22
Current grad: 0.017421193625290498
Adding the same operator twice is not sensible, terminating.
Calculating energies for FreeWilson2D(N_x=2, N_y=2, mass=-5.184, r=1.000)
h_im: 0.0
New op index: 27
Current grad: 37.83673469387752
0:	0.00e+00	0.00e+00
1:	-1.59e+00	0.00e+00
2:	0.00e+00	0.00e+00
3:	0.00e+00	0.00e+00
4:	2.09e+00	0.00e+00
5:	0.00e+00	0.00e+00
6:	0.00e+00	0.00e+00
7:	-2.09e+00	0.00e+00
8:	0.00e+00	0.00e+00
9:	0.00e+00	0.00e+00
10:	1.59e+00	-5.00e-01
11:	0.00e+00	-5.00e-01
12:	0.00e+00	0.00e+00
13:	1.59e+00	-5.00e-01
14:	0.00e+00	-5.00e-01
15:	0.00e+00	2.12e-15
16:	-2.09e+00	2.09e-15
17:	0.00e+00	1.39e-17
18:	0.00e+00	2.08e-15
19:	2.09e+00	2.09e-15
20:	0.00e+00	6.94e-18
21:	0.00e+00	2.11e-15
22:	-1.59e+00	2.09e-15
23:	0.00e+00	1.39e-17
24:	0.00e+00	0.00e+00
25:	-3.68e+00	0.00e+00
26:	0.00e+00	0.00e+00
27:	4.18e+00	0.00e+00
28:	0.00e+00	-5.00e-01
29:	-3.68e+00	-5.00e-01
30:	0.00e+00	6.94e-18
31:	0.00e+00	-2.00e+00
32:	0.00e+00	-5.00e-01
33:	3.68e+00	-5.00e-01
34:	0.00e+00	2.08e-17
35:	-4.18e+00	2.08e-17
36:	0.00e+00	2.08e-17
37:	3.68e+00	2.08e-17
New op index: 7
Current grad: 105.77030506840765
New op index: 27
Current grad: 31.851825488586424
New op index: 35
Current grad: 23.043319365646866
New op index: 16
Current grad: 90.97729417053137
New op index: 35
Current grad: 17.060915957472194
New op index: 1
Current grad: 8.267320056863126
New op index: 10
Current grad: 145.50427403719624
New op index: 13
Current grad: 5.124991155030698
New op index: 22
Current grad: 51.610932227284366
New op index: 19
Current grad: 0.0011076428775366575
New op index: 19
Current grad: 0.0011076428775366575
Adding the same operator twice is not sensible, terminating.
Calculating energies for FreeWilson2D(N_x=2, N_y=2, mass=-5.020, r=1.000)
h_im: 0.0
New op index: 27
Current grad: 36.20408163265302
0:	0.00e+00	0.00e+00
1:	-1.51e+00	0.00e+00
2:	0.00e+00	0.00e+00
3:	0.00e+00	0.00e+00
4:	2.01e+00	0.00e+00
5:	0.00e+00	0.00e+00
6:	0.00e+00	0.00e+00
7:	-2.01e+00	0.00e+00
8:	0.00e+00	0.00e+00
9:	0.00e+00	0.00e+00
10:	1.51e+00	-5.00e-01
11:	0.00e+00	-5.00e-01
12:	0.00e+00	0.00e+00
13:	1.51e+00	-5.00e-01
14:	0.00e+00	-5.00e-01
15:	0.00e+00	2.12e-15
16:	-2.01e+00	2.09e-15
17:	0.00e+00	1.39e-17
18:	0.00e+00	2.09e-15
19:	2.01e+00	2.09e-15
20:	0.00e+00	6.94e-18
21:	0.00e+00	2.11e-15
22:	-1.51e+00	2.09e-15
23:	0.00e+00	1.39e-17
24:	0.00e+00	0.00e+00
25:	-3.52e+00	0.00e+00
26:	0.00e+00	0.00e+00
27:	4.02e+00	0.00e+00
28:	0.00e+00	-5.00e-01
29:	-3.52e+00	-5.00e-01
30:	0.00e+00	6.94e-18
31:	0.00e+00	-2.00e+00
32:	0.00e+00	-5.00e-01
33:	3.52e+00	-5.00e-01
34:	0.00e+00	2.08e-17
35:	-4.02e+00	2.08e-17
36:	0.00e+00	2.08e-17
37:	3.52e+00	2.08e-17
New op index: 7
Current grad: 104.73845219307164
New op index: 27
Current grad: 30.508741539347078
New op index: 35
Current grad: 22.067375809158143
New op index: 16
Current grad: 90.60538718903703
New op index: 35
Current grad: 16.373182284611723
New op index: 10
Current grad: 7.930388447262022
New op index: 1
Current grad: 146.68361327594417
New op index: 13
Current grad: 4.964944872636149
New op index: 22
Current grad: 51.51278391249899
New op index: 16
Current grad: 0.01978170028779043
New op index: 16
Current grad: 0.006495345461148518
Adding the same operator twice is not sensible, terminating.
Calculating energies for FreeWilson2D(N_x=2, N_y=2, mass=-4.857, r=1.000)
h_im: 0.0
New op index: 27
Current grad: 34.57142857142855
0:	0.00e+00	0.00e+00
1:	-1.43e+00	0.00e+00
2:	0.00e+00	0.00e+00
3:	0.00e+00	0.00e+00
4:	1.93e+00	0.00e+00
5:	0.00e+00	0.00e+00
6:	0.00e+00	0.00e+00
7:	-1.93e+00	0.00e+00
8:	0.00e+00	0.00e+00
9:	0.00e+00	0.00e+00
10:	1.43e+00	-5.00e-01
11:	0.00e+00	-5.00e-01
12:	0.00e+00	0.00e+00
13:	1.43e+00	-5.00e-01
14:	0.00e+00	-5.00e-01
15:	0.00e+00	2.12e-15
16:	-1.93e+00	2.09e-15
17:	0.00e+00	1.39e-17
18:	0.00e+00	2.09e-15
19:	1.93e+00	2.09e-15
20:	0.00e+00	6.94e-18
21:	0.00e+00	2.11e-15
22:	-1.43e+00	2.08e-15
23:	0.00e+00	1.39e-17
24:	0.00e+00	0.00e+00
25:	-3.36e+00	0.00e+00
26:	0.00e+00	0.00e+00
27:	3.86e+00	0.00e+00
28:	0.00e+00	-5.00e-01
29:	-3.36e+00	-5.00e-01
30:	0.00e+00	6.94e-18
31:	0.00e+00	-2.00e+00
32:	0.00e+00	-5.00e-01
33:	3.36e+00	-5.00e-01
34:	0.00e+00	2.08e-17
35:	-3.86e+00	2.08e-17
36:	0.00e+00	2.08e-17
37:	3.36e+00	2.08e-17
New op index: 4
Current grad: 103.73472180958052
New op index: 27
Current grad: 29.167324987000786
New op index: 35
Current grad: 21.09069582254723
New op index: 16
Current grad: 90.25545562921832
New op index: 35
Current grad: 15.686864865745276
New op index: 10
Current grad: 7.609945946026451
New op index: 1
Current grad: 146.35451471992872
New op index: 13
Current grad: 4.805006808933305
New op index: 22
Current grad: 51.43284775273514
New op index: 22
Current grad: 0.016498464241220808
Adding the same operator twice is not sensible, terminating.
Calculating energies for FreeWilson2D(N_x=2, N_y=2, mass=-4.694, r=1.000)
h_im: 0.0
New op index: 27
Current grad: 32.93877551020406
0:	0.00e+00	0.00e+00
1:	-1.35e+00	0.00e+00
2:	0.00e+00	0.00e+00
3:	0.00e+00	0.00e+00
4:	1.85e+00	0.00e+00
5:	0.00e+00	0.00e+00
6:	0.00e+00	0.00e+00
7:	-1.85e+00	0.00e+00
8:	0.00e+00	0.00e+00
9:	0.00e+00	0.00e+00
10:	1.35e+00	-5.00e-01
11:	0.00e+00	-5.00e-01
12:	0.00e+00	0.00e+00
13:	1.35e+00	-5.00e-01
14:	0.00e+00	-5.00e-01
15:	0.00e+00	2.12e-15
16:	-1.85e+00	2.09e-15
17:	0.00e+00	1.39e-17
18:	0.00e+00	2.09e-15
19:	1.85e+00	2.09e-15
20:	0.00e+00	6.94e-18
21:	0.00e+00	2.11e-15
22:	-1.35e+00	2.08e-15
23:	0.00e+00	1.39e-17
24:	0.00e+00	0.00e+00
25:	-3.19e+00	0.00e+00
26:	0.00e+00	0.00e+00
27:	3.69e+00	0.00e+00
28:	0.00e+00	-5.00e-01
29:	-3.19e+00	-5.00e-01
30:	0.00e+00	6.94e-18
31:	0.00e+00	-2.00e+00
32:	0.00e+00	-5.00e-01
33:	3.19e+00	-5.00e-01
34:	0.00e+00	2.08e-17
35:	-3.69e+00	2.08e-17
36:	0.00e+00	2.08e-17
37:	3.19e+00	2.08e-17
New op index: 7
Current grad: 102.78504143231524
New op index: 27
Current grad: 27.827738085940787
New op index: 35
Current grad: 20.117231978249055
New op index: 16
Current grad: 89.93912559643913
New op index: 35
Current grad: 15.003380022704947
New op index: 10
Current grad: 7.289936437152841
New op index: 1
Current grad: 146.0096007683119
New op index: 13
Current grad: 4.650752361743774
New op index: 22
Current grad: 51.352368747911854
New op index: 27
Current grad: 0.0008601202994899332
Precision cutoff reached.
Calculating energies for FreeWilson2D(N_x=2, N_y=2, mass=-4.531, r=1.000)
h_im: 0.0
New op index: 27
Current grad: 31.306122448979565
0:	0.00e+00	0.00e+00
1:	-1.27e+00	0.00e+00
2:	0.00e+00	0.00e+00
3:	0.00e+00	0.00e+00
4:	1.77e+00	0.00e+00
5:	0.00e+00	0.00e+00
6:	0.00e+00	0.00e+00
7:	-1.77e+00	0.00e+00
8:	0.00e+00	0.00e+00
9:	0.00e+00	0.00e+00
10:	1.27e+00	-5.00e-01
11:	0.00e+00	-5.00e-01
12:	0.00e+00	0.00e+00
13:	1.27e+00	-5.00e-01
14:	0.00e+00	-5.00e-01
15:	0.00e+00	2.12e-15
16:	-1.77e+00	2.09e-15
17:	0.00e+00	1.39e-17
18:	0.00e+00	2.09e-15
19:	1.77e+00	2.09e-15
20:	0.00e+00	6.94e-18
21:	0.00e+00	2.11e-15
22:	-1.27e+00	2.08e-15
23:	0.00e+00	1.39e-17
24:	0.00e+00	0.00e+00
25:	-3.03e+00	0.00e+00
26:	0.00e+00	0.00e+00
27:	3.53e+00	0.00e+00
28:	0.00e+00	-5.00e-01
29:	-3.03e+00	-5.00e-01
30:	0.00e+00	6.94e-18
31:	0.00e+00	-2.00e+00
32:	0.00e+00	-5.00e-01
33:	3.03e+00	-5.00e-01
34:	0.00e+00	2.08e-17
35:	-3.53e+00	2.08e-17
36:	0.00e+00	2.08e-17
37:	3.03e+00	2.08e-17
New op index: 4
Current grad: 101.84310900338613
New op index: 27
Current grad: 26.489817478431753
New op index: 35
Current grad: 19.139566563067827
New op index: 16
Current grad: 89.66010042678896
New op index: 35
Current grad: 14.321786393613603
New op index: 10
Current grad: 6.97008906924975
New op index: 22
Current grad: 145.6773863488532
New op index: 13
Current grad: 3.5511698424404337
New op index: 1
Current grad: 51.278387337198765
New op index: 1
Current grad: 0.007305364475311058
Adding the same operator twice is not sensible, terminating.
Calculating energies for FreeWilson2D(N_x=2, N_y=2, mass=-4.367, r=1.000)
h_im: 0.0
New op index: 27
Current grad: 29.673469387755077
0:	0.00e+00	0.00e+00
1:	-1.18e+00	0.00e+00
2:	0.00e+00	0.00e+00
3:	0.00e+00	0.00e+00
4:	1.68e+00	0.00e+00
5:	0.00e+00	0.00e+00
6:	0.00e+00	0.00e+00
7:	-1.68e+00	0.00e+00
8:	0.00e+00	0.00e+00
9:	0.00e+00	0.00e+00
10:	1.18e+00	-5.00e-01
11:	0.00e+00	-5.00e-01
12:	0.00e+00	0.00e+00
13:	1.18e+00	-5.00e-01
14:	0.00e+00	-5.00e-01
15:	0.00e+00	2.12e-15
16:	-1.68e+00	2.09e-15
17:	0.00e+00	1.39e-17
18:	0.00e+00	2.09e-15
19:	1.68e+00	2.09e-15
20:	0.00e+00	6.94e-18
21:	0.00e+00	2.11e-15
22:	-1.18e+00	2.08e-15
23:	0.00e+00	1.39e-17
24:	0.00e+00	0.00e+00
25:	-2.87e+00	0.00e+00
26:	0.00e+00	0.00e+00
27:	3.37e+00	0.00e+00
28:	0.00e+00	-5.00e-01
29:	-2.87e+00	-5.00e-01
30:	0.00e+00	6.94e-18
31:	0.00e+00	-2.00e+00
32:	0.00e+00	-5.00e-01
33:	2.87e+00	-5.00e-01
34:	0.00e+00	2.08e-17
35:	-3.37e+00	2.08e-17
36:	0.00e+00	2.08e-17
37:	2.87e+00	2.08e-17
New op index: 7
Current grad: 100.93560994337733
New op index: 27
Current grad: 25.15383243991681
New op index: 35
Current grad: 18.163129196056108
New op index: 16
Current grad: 89.4233853487994
New op index: 35
Current grad: 13.642729408004822
New op index: 10
Current grad: 6.650280119060794
New op index: 1
Current grad: 145.23180148390637
New op index: 13
Current grad: 4.325382209438406
New op index: 22
Current grad: 51.19341255923948
New op index: 13
Current grad: 0.003775202331216204
Adding the same operator twice is not sensible, terminating.
Calculating energies for FreeWilson2D(N_x=2, N_y=2, mass=-4.204, r=1.000)
h_im: 0.0
New op index: 27
Current grad: 28.04081632653058
0:	0.00e+00	0.00e+00
1:	-1.10e+00	0.00e+00
2:	0.00e+00	0.00e+00
3:	0.00e+00	0.00e+00
4:	1.60e+00	0.00e+00
5:	0.00e+00	0.00e+00
6:	0.00e+00	0.00e+00
7:	-1.60e+00	0.00e+00
8:	0.00e+00	0.00e+00
9:	0.00e+00	0.00e+00
10:	1.10e+00	-5.00e-01
11:	0.00e+00	-5.00e-01
12:	0.00e+00	0.00e+00
13:	1.10e+00	-5.00e-01
14:	0.00e+00	-5.00e-01
15:	0.00e+00	2.12e-15
16:	-1.60e+00	2.09e-15
17:	0.00e+00	1.39e-17
18:	0.00e+00	2.09e-15
19:	1.60e+00	2.09e-15
20:	0.00e+00	6.94e-18
21:	0.00e+00	2.11e-15
22:	-1.10e+00	2.08e-15
23:	0.00e+00	1.39e-17
24:	0.00e+00	0.00e+00
25:	-2.70e+00	0.00e+00
26:	0.00e+00	0.00e+00
27:	3.20e+00	0.00e+00
28:	0.00e+00	-5.00e-01
29:	-2.70e+00	-5.00e-01
30:	0.00e+00	6.94e-18
31:	0.00e+00	-2.00e+00
32:	0.00e+00	-5.00e-01
33:	2.70e+00	-5.00e-01
34:	0.00e+00	2.08e-17
35:	-3.20e+00	2.08e-17
36:	0.00e+00	2.08e-17
37:	2.70e+00	2.08e-17
New op index: 4
Current grad: 100.09899719999035
New op index: 27
Current grad: 23.819448308615684
New op index: 35
Current grad: 17.187074455836132
New op index: 16
Current grad: 89.23995431420373
New op index: 35
Current grad: 12.964354398282413
New op index: 10
Current grad: 6.33071960111333
New op index: 22
Current grad: 144.2917132188732
New op index: 13
Current grad: 3.2233177976011964
New op index: 1
Current grad: 51.10691763731145
New op index: 10
Current grad: 0.022960713950297744
Adding the same operator twice is not sensible, terminating.
Calculating energies for FreeWilson2D(N_x=2, N_y=2, mass=-4.041, r=1.000)
h_im: 0.0
New op index: 27
Current grad: 26.408163265306097
0:	0.00e+00	0.00e+00
1:	-1.02e+00	0.00e+00
2:	0.00e+00	0.00e+00
3:	0.00e+00	0.00e+00
4:	1.52e+00	0.00e+00
5:	0.00e+00	0.00e+00
6:	0.00e+00	0.00e+00
7:	-1.52e+00	0.00e+00
8:	0.00e+00	0.00e+00
9:	0.00e+00	0.00e+00
10:	1.02e+00	-5.00e-01
11:	0.00e+00	-5.00e-01
12:	0.00e+00	0.00e+00
13:	1.02e+00	-5.00e-01
14:	0.00e+00	-5.00e-01
15:	0.00e+00	2.12e-15
16:	-1.52e+00	2.09e-15
17:	0.00e+00	1.39e-17
18:	0.00e+00	2.09e-15
19:	1.52e+00	2.10e-15
20:	0.00e+00	6.94e-18
21:	0.00e+00	2.11e-15
22:	-1.02e+00	2.08e-15
23:	0.00e+00	1.39e-17
24:	0.00e+00	0.00e+00
25:	-2.54e+00	0.00e+00
26:	0.00e+00	0.00e+00
27:	3.04e+00	0.00e+00
28:	0.00e+00	-5.00e-01
29:	-2.54e+00	-5.00e-01
30:	0.00e+00	6.94e-18
31:	0.00e+00	-2.00e+00
32:	0.00e+00	-5.00e-01
33:	2.54e+00	-5.00e-01
34:	0.00e+00	2.08e-17
35:	-3.04e+00	2.08e-17
36:	0.00e+00	2.08e-17
37:	2.54e+00	2.08e-17
New op index: 7
Current grad: 99.3144949017411
New op index: 27
Current grad: 22.497057673652584
New op index: 35
Current grad: 16.210155410613428
New op index: 16
Current grad: 89.11504932619006
New op index: 35
Current grad: 12.292874506017467
New op index: 1
Current grad: 6.01739771235539
New op index: 10
Current grad: 135.8784738982198
New op index: 13
Current grad: 4.011205183179261
New op index: 22
Current grad: 51.036622622422186
New op index: 13
Current grad: 0.006382152810257102
Adding the same operator twice is not sensible, terminating.
Calculating energies for FreeWilson2D(N_x=2, N_y=2, mass=-3.878, r=1.000)
h_im: 0.0
New op index: 27
Current grad: 24.775510204081613
0:	0.00e+00	0.00e+00
1:	-9.39e-01	0.00e+00
2:	0.00e+00	0.00e+00
3:	0.00e+00	0.00e+00
4:	1.44e+00	0.00e+00
5:	0.00e+00	0.00e+00
6:	0.00e+00	0.00e+00
7:	-1.44e+00	0.00e+00
8:	0.00e+00	0.00e+00
9:	0.00e+00	0.00e+00
10:	9.39e-01	-5.00e-01
11:	0.00e+00	-5.00e-01
12:	0.00e+00	0.00e+00
13:	9.39e-01	-5.00e-01
14:	0.00e+00	-5.00e-01
15:	0.00e+00	2.12e-15
16:	-1.44e+00	2.09e-15
17:	0.00e+00	1.39e-17
18:	0.00e+00	2.09e-15
19:	1.44e+00	2.10e-15
20:	0.00e+00	6.94e-18
21:	0.00e+00	2.11e-15
22:	-9.39e-01	2.08e-15
23:	0.00e+00	1.39e-17
24:	0.00e+00	0.00e+00
25:	-2.38e+00	0.00e+00
26:	0.00e+00	0.00e+00
27:	2.88e+00	0.00e+00
28:	0.00e+00	-5.00e-01
29:	-2.38e+00	-5.00e-01
30:	0.00e+00	6.94e-18
31:	0.00e+00	-2.00e+00
32:	0.00e+00	-5.00e-01
33:	2.38e+00	-5.00e-01
34:	0.00e+00	2.08e-17
35:	-2.88e+00	2.08e-17
36:	0.00e+00	2.08e-17
37:	2.38e+00	2.08e-17
New op index: 4
Current grad: 98.60780088764575
New op index: 27
Current grad: 21.163353716188237
New op index: 35
Current grad: 15.236244946870523
New op index: 16
Current grad: 89.06231729347324
New op index: 35
Current grad: 11.620148900327607
New op index: 1
Current grad: 5.691672374538724
New op index: 10
Current grad: 133.22687976767688
New op index: 31
Current grad: 3.8466885944979787
New op index: 22
Current grad: 2.2667847969776456
New op index: 10
Current grad: 71.33527681663276
New op index: 7
Current grad: 0.0019080575086812305
New op index: 13
Current grad: 0.0016943953362527503
New op index: 13
Current grad: 0.0016943953362527503
Adding the same operator twice is not sensible, terminating.
Calculating energies for FreeWilson2D(N_x=2, N_y=2, mass=-3.714, r=1.000)
h_im: 0.0
New op index: 27
Current grad: 23.14285714285712
0:	0.00e+00	0.00e+00
1:	-8.57e-01	0.00e+00
2:	0.00e+00	0.00e+00
3:	0.00e+00	0.00e+00
4:	1.36e+00	0.00e+00
5:	0.00e+00	0.00e+00
6:	0.00e+00	0.00e+00
7:	-1.36e+00	0.00e+00
8:	0.00e+00	0.00e+00
9:	0.00e+00	0.00e+00
10:	8.57e-01	-5.00e-01
11:	0.00e+00	-5.00e-01
12:	0.00e+00	0.00e+00
13:	8.57e-01	-5.00e-01
14:	0.00e+00	-5.00e-01
15:	0.00e+00	2.12e-15
16:	-1.36e+00	2.09e-15
17:	0.00e+00	1.39e-17
18:	0.00e+00	2.09e-15
19:	1.36e+00	2.10e-15
20:	0.00e+00	6.94e-18
21:	0.00e+00	2.11e-15
22:	-8.57e-01	2.08e-15
23:	0.00e+00	1.39e-17
24:	0.00e+00	0.00e+00
25:	-2.21e+00	0.00e+00
26:	0.00e+00	0.00e+00
27:	2.71e+00	0.00e+00
28:	0.00e+00	-5.00e-01
29:	-2.21e+00	-5.00e-01
30:	0.00e+00	6.94e-18
31:	0.00e+00	-2.00e+00
32:	0.00e+00	-5.00e-01
33:	2.21e+00	-5.00e-01
34:	0.00e+00	2.08e-17
35:	-2.71e+00	2.08e-17
36:	0.00e+00	2.08e-17
37:	2.21e+00	2.08e-17
New op index: 4
Current grad: 97.98350011518112
New op index: 27
Current grad: 19.83384642568042
New op index: 35
Current grad: 14.257665273739375
New op index: 16
Current grad: 89.09588879913427
New op index: 35
Current grad: 10.95100867311884
New op index: 1
Current grad: 5.3800470539374325
New op index: 10
Current grad: 129.93680664556126
New op index: 31
Current grad: 3.6871411086056947
New op index: 22
Current grad: 2.060905870384011
New op index: 13
Current grad: 71.21935007379479
New op index: 13
Current grad: 0.009201498735343741
Adding the same operator twice is not sensible, terminating.
Calculating energies for FreeWilson2D(N_x=2, N_y=2, mass=-3.551, r=1.000)
h_im: 0.0
New op index: 27
Current grad: 21.51020408163264
0:	0.00e+00	0.00e+00
1:	-7.76e-01	0.00e+00
2:	0.00e+00	0.00e+00
3:	0.00e+00	0.00e+00
4:	1.28e+00	0.00e+00
5:	0.00e+00	0.00e+00
6:	0.00e+00	0.00e+00
7:	-1.28e+00	0.00e+00
8:	0.00e+00	0.00e+00
9:	0.00e+00	0.00e+00
10:	7.76e-01	-5.00e-01
11:	0.00e+00	-5.00e-01
12:	0.00e+00	0.00e+00
13:	7.76e-01	-5.00e-01
14:	0.00e+00	-5.00e-01
15:	0.00e+00	2.11e-15
16:	-1.28e+00	2.09e-15
17:	0.00e+00	1.39e-17
18:	0.00e+00	2.09e-15
19:	1.28e+00	2.10e-15
20:	0.00e+00	6.94e-18
21:	0.00e+00	2.11e-15
22:	-7.76e-01	2.08e-15
23:	0.00e+00	1.39e-17
24:	0.00e+00	0.00e+00
25:	-2.05e+00	0.00e+00
26:	0.00e+00	0.00e+00
27:	2.55e+00	0.00e+00
28:	0.00e+00	-5.00e-01
29:	-2.05e+00	-5.00e-01
30:	0.00e+00	6.94e-18
31:	0.00e+00	-2.00e+00
32:	0.00e+00	-5.00e-01
33:	2.05e+00	-5.00e-01
34:	0.00e+00	2.08e-17
35:	-2.55e+00	2.08e-17
36:	0.00e+00	2.08e-17
37:	2.05e+00	2.08e-17
New op index: 4
Current grad: 97.461799821742
New op index: 27
Current grad: 18.507617257848544
New op index: 35
Current grad: 13.288823964432883
New op index: 19
Current grad: 89.24347398375599
New op index: 35
Current grad: 10.273163384013156
New op index: 10
Current grad: 5.0613836681375695
New op index: 22
Current grad: 130.8802882866567
New op index: 31
Current grad: 2.570506382830128
New op index: 1
Current grad: 1.8665473944824973
New op index: 10
Current grad: 71.10241384729564
New op index: 10
Current grad: 0.0021551883211408567
Adding the same operator twice is not sensible, terminating.
Calculating energies for FreeWilson2D(N_x=2, N_y=2, mass=-3.388, r=1.000)
h_im: 0.0
New op index: 27
Current grad: 19.877551020408145
0:	0.00e+00	0.00e+00
1:	-6.94e-01	0.00e+00
2:	0.00e+00	0.00e+00
3:	0.00e+00	0.00e+00
4:	1.19e+00	0.00e+00
5:	0.00e+00	0.00e+00
6:	0.00e+00	0.00e+00
7:	-1.19e+00	0.00e+00
8:	0.00e+00	0.00e+00
9:	0.00e+00	0.00e+00
10:	6.94e-01	-5.00e-01
11:	0.00e+00	-5.00e-01
12:	0.00e+00	0.00e+00
13:	6.94e-01	-5.00e-01
14:	0.00e+00	-5.00e-01
15:	0.00e+00	2.11e-15
16:	-1.19e+00	2.09e-15
17:	0.00e+00	1.39e-17
18:	0.00e+00	2.09e-15
19:	1.19e+00	2.10e-15
20:	0.00e+00	6.94e-18
21:	0.00e+00	2.11e-15
22:	-6.94e-01	2.08e-15
23:	0.00e+00	1.39e-17
24:	0.00e+00	0.00e+00
25:	-1.89e+00	0.00e+00
26:	0.00e+00	0.00e+00
27:	2.39e+00	0.00e+00
28:	0.00e+00	-5.00e-01
29:	-1.89e+00	-5.00e-01
30:	0.00e+00	6.94e-18
31:	0.00e+00	-2.00e+00
32:	0.00e+00	-5.00e-01
33:	1.89e+00	-5.00e-01
34:	0.00e+00	2.08e-17
35:	-2.39e+00	2.08e-17
36:	0.00e+00	2.08e-17
37:	1.89e+00	2.08e-17
New op index: 4
Current grad: 97.06860378918637
New op index: 27
Current grad: 17.184363676893774
New op index: 35
Current grad: 12.307300180882379
New op index: 16
Current grad: 89.51936519383815
New op index: 35
Current grad: 9.60549917195455
New op index: 1
Current grad: 4.736481712237628
New op index: 10
Current grad: 120.68400735196349
New op index: 31
Current grad: 3.367884321095717
New op index: 22
Current grad: 1.6801462403661034
New op index: 10
Current grad: 70.98854515102862
New op index: 19
Current grad: 5.309679210442912e-05
Precision cutoff reached.
Calculating energies for FreeWilson2D(N_x=2, N_y=2, mass=-3.224, r=1.000)
h_im: 0.0
New op index: 27
Current grad: 18.244897959183657
0:	0.00e+00	0.00e+00
1:	-6.12e-01	0.00e+00
2:	0.00e+00	0.00e+00
3:	0.00e+00	0.00e+00
4:	1.11e+00	0.00e+00
5:	0.00e+00	0.00e+00
6:	0.00e+00	0.00e+00
7:	-1.11e+00	0.00e+00
8:	0.00e+00	0.00e+00
9:	0.00e+00	0.00e+00
10:	6.12e-01	-5.00e-01
11:	0.00e+00	-5.00e-01
12:	0.00e+00	0.00e+00
13:	6.12e-01	-5.00e-01
14:	0.00e+00	-5.00e-01
15:	0.00e+00	2.11e-15
16:	-1.11e+00	2.09e-15
17:	0.00e+00	1.39e-17
18:	0.00e+00	2.09e-15
19:	1.11e+00	2.10e-15
20:	0.00e+00	6.94e-18
21:	0.00e+00	2.11e-15
22:	-6.12e-01	2.08e-15
23:	0.00e+00	1.39e-17
24:	0.00e+00	0.00e+00
25:	-1.72e+00	0.00e+00
26:	0.00e+00	0.00e+00
27:	2.22e+00	0.00e+00
28:	0.00e+00	-5.00e-01
29:	-1.72e+00	-5.00e-01
30:	0.00e+00	6.94e-18
31:	0.00e+00	-2.00e+00
32:	0.00e+00	-5.00e-01
33:	1.72e+00	-5.00e-01
34:	0.00e+00	2.08e-17
35:	-2.22e+00	2.08e-17
36:	0.00e+00	2.08e-17
37:	1.72e+00	2.08e-17
New op index: 4
Current grad: 96.83588060434202
New op index: 27
Current grad: 15.863772731950714
New op index: 35
Current grad: 11.33074846284955
New op index: 16
Current grad: 89.97994821106266
New op index: 35
Current grad: 8.940632430273729
New op index: 22
Current grad: 4.420619158295077
New op index: 10
Current grad: 113.92665273277366
New op index: 31
Current grad: 2.244172862762629
New op index: 1
Current grad: 1.4712062098441792
New op index: 13
Current grad: 70.87292963342249
New op index: 4
Current grad: 0.005278164279496803
New op index: 16
Current grad: 0.004261811329971256
New op index: 1
Current grad: 0.0014506705721337497
Adding the same operator twice is not sensible, terminating.
Calculating energies for FreeWilson2D(N_x=2, N_y=2, mass=-3.061, r=1.000)
h_im: 0.0
New op index: 27
Current grad: 16.612244897959172
0:	0.00e+00	0.00e+00
1:	-5.31e-01	0.00e+00
2:	0.00e+00	0.00e+00
3:	0.00e+00	0.00e+00
4:	1.03e+00	0.00e+00
5:	0.00e+00	0.00e+00
6:	0.00e+00	0.00e+00
7:	-1.03e+00	0.00e+00
8:	0.00e+00	0.00e+00
9:	0.00e+00	0.00e+00
10:	5.31e-01	-5.00e-01
11:	0.00e+00	-5.00e-01
12:	0.00e+00	0.00e+00
13:	5.31e-01	-5.00e-01
14:	0.00e+00	-5.00e-01
15:	0.00e+00	2.11e-15
16:	-1.03e+00	2.09e-15
17:	0.00e+00	1.39e-17
18:	0.00e+00	2.09e-15
19:	1.03e+00	2.10e-15
20:	0.00e+00	6.94e-18
21:	0.00e+00	2.11e-15
22:	-5.31e-01	2.08e-15
23:	0.00e+00	1.39e-17
24:	0.00e+00	0.00e+00
25:	-1.56e+00	0.00e+00
26:	0.00e+00	0.00e+00
27:	2.06e+00	0.00e+00
28:	0.00e+00	-5.00e-01
29:	-1.56e+00	-5.00e-01
30:	0.00e+00	6.94e-18
31:	0.00e+00	-2.00e+00
32:	0.00e+00	-5.00e-01
33:	1.56e+00	-5.00e-01
34:	0.00e+00	2.08e-17
35:	-2.06e+00	2.08e-17
36:	0.00e+00	2.08e-17
37:	1.56e+00	2.08e-17
New op index: 4
Current grad: 96.80520688647925
New op index: 27
Current grad: 14.543368735686073
New op index: 35
Current grad: 10.356025406160096
New op index: 19
Current grad: 90.54656663623423
New op index: 35
Current grad: 8.277132023831097
New op index: 10
Current grad: 4.103308606629511
New op index: 22
Current grad: 108.76896038439097
New op index: 31
Current grad: 2.0810483926481993
New op index: 1
Current grad: 1.292020139638095
New op index: 10
Current grad: 70.76015234236671
New op index: 4
Current grad: 0.00015468778996236246
Precision cutoff reached.
Calculating energies for FreeWilson2D(N_x=2, N_y=2, mass=-2.898, r=1.000)
h_im: 0.0
New op index: 27
Current grad: 14.97959183673468
0:	0.00e+00	0.00e+00
1:	-4.49e-01	0.00e+00
2:	0.00e+00	0.00e+00
3:	0.00e+00	0.00e+00
4:	9.49e-01	0.00e+00
5:	0.00e+00	0.00e+00
6:	0.00e+00	0.00e+00
7:	-9.49e-01	0.00e+00
8:	0.00e+00	0.00e+00
9:	0.00e+00	0.00e+00
10:	4.49e-01	-5.00e-01
11:	0.00e+00	-5.00e-01
12:	0.00e+00	0.00e+00
13:	4.49e-01	-5.00e-01
14:	0.00e+00	-5.00e-01
15:	0.00e+00	2.11e-15
16:	-9.49e-01	2.08e-15
17:	0.00e+00	1.39e-17
18:	0.00e+00	2.09e-15
19:	9.49e-01	2.10e-15
20:	0.00e+00	6.94e-18
21:	0.00e+00	2.11e-15
22:	-4.49e-01	2.08e-15
23:	0.00e+00	1.39e-17
24:	0.00e+00	0.00e+00
25:	-1.40e+00	0.00e+00
26:	0.00e+00	0.00e+00
27:	1.90e+00	0.00e+00
28:	0.00e+00	-5.00e-01
29:	-1.40e+00	-5.00e-01
30:	0.00e+00	6.94e-18
31:	0.00e+00	-2.00e+00
32:	0.00e+00	-5.00e-01
33:	1.40e+00	-5.00e-01
34:	0.00e+00	2.08e-17
35:	-1.90e+00	2.08e-17
36:	0.00e+00	2.08e-17
37:	1.40e+00	2.08e-17
New op index: 4
Current grad: 97.01373147337037
New op index: 35
Current grad: 13.221381332859455
New op index: 16
Current grad: 95.25959847050122
New op index: 35
Current grad: 11.45026114606224
New op index: 27
Current grad: 7.616438394176952
New op index: 25
Current grad: 3.7824613914600236
New op index: 33
Current grad: 2.346553882052329
New op index: 35
Current grad: 3.1433232040636008
New op index: 10
Current grad: 2.224438871895873
New op index: 22
Current grad: 80.2303036009071
New op index: 31
Current grad: 0.6799599480143095
New op index: 13
Current grad: 0.3934526246424994
New op index: 19
Current grad: 0.25960055508300534
New op index: 16
Current grad: 0.008318654496307648
New op index: 4
Current grad: 0.005690809536152298
New op index: 4
Current grad: 0.0037377478700257494
Adding the same operator twice is not sensible, terminating.
Calculating energies for FreeWilson2D(N_x=2, N_y=2, mass=-2.735, r=1.000)
h_im: 0.0
New op index: 27
Current grad: 13.346938775510196
0:	0.00e+00	0.00e+00
1:	-3.67e-01	0.00e+00
2:	0.00e+00	0.00e+00
3:	0.00e+00	0.00e+00
4:	8.67e-01	0.00e+00
5:	0.00e+00	0.00e+00
6:	0.00e+00	0.00e+00
7:	-8.67e-01	0.00e+00
8:	0.00e+00	0.00e+00
9:	0.00e+00	0.00e+00
10:	3.67e-01	-5.00e-01
11:	0.00e+00	-5.00e-01
12:	0.00e+00	0.00e+00
13:	3.67e-01	-5.00e-01
14:	0.00e+00	-5.00e-01
15:	0.00e+00	2.11e-15
16:	-8.67e-01	2.08e-15
17:	0.00e+00	1.39e-17
18:	0.00e+00	2.09e-15
19:	8.67e-01	2.10e-15
20:	0.00e+00	6.94e-18
21:	0.00e+00	2.11e-15
22:	-3.67e-01	2.08e-15
23:	0.00e+00	1.39e-17
24:	0.00e+00	0.00e+00
25:	-1.23e+00	0.00e+00
26:	0.00e+00	0.00e+00
27:	1.73e+00	0.00e+00
28:	0.00e+00	-5.00e-01
29:	-1.23e+00	-5.00e-01
30:	0.00e+00	6.94e-18
31:	0.00e+00	-2.00e+00
32:	0.00e+00	-5.00e-01
33:	1.23e+00	-5.00e-01
34:	0.00e+00	2.08e-17
35:	-1.73e+00	2.08e-17
36:	0.00e+00	2.08e-17
37:	1.23e+00	2.08e-17
New op index: 4
Current grad: 97.57990467918792
New op index: 35
Current grad: 11.907041671703626
New op index: 16
Current grad: 96.11244733144844
New op index: 25
Current grad: 10.449696318414205
New op index: 33
Current grad: 5.607991268623298
New op index: 29
Current grad: 2.402604130622419
New op index: 22
Current grad: 0.7388628023377298
New op index: 1
Current grad: 29.25208528924202
New op index: 1
Current grad: 0.0013288462546005213
Adding the same operator twice is not sensible, terminating.
Calculating energies for FreeWilson2D(N_x=2, N_y=2, mass=-2.571, r=1.000)
h_im: 0.0
New op index: 27
Current grad: 11.714285714285706
0:	0.00e+00	0.00e+00
1:	-2.86e-01	0.00e+00
2:	0.00e+00	0.00e+00
3:	0.00e+00	0.00e+00
4:	7.86e-01	0.00e+00
5:	0.00e+00	0.00e+00
6:	0.00e+00	0.00e+00
7:	-7.86e-01	0.00e+00
8:	0.00e+00	0.00e+00
9:	0.00e+00	0.00e+00
10:	2.86e-01	-5.00e-01
11:	0.00e+00	-5.00e-01
12:	0.00e+00	0.00e+00
13:	2.86e-01	-5.00e-01
14:	0.00e+00	-5.00e-01
15:	0.00e+00	2.11e-15
16:	-7.86e-01	2.08e-15
17:	0.00e+00	1.39e-17
18:	0.00e+00	2.09e-15
19:	7.86e-01	2.10e-15
20:	0.00e+00	6.94e-18
21:	0.00e+00	2.10e-15
22:	-2.86e-01	2.08e-15
23:	0.00e+00	1.39e-17
24:	0.00e+00	0.00e+00
25:	-1.07e+00	0.00e+00
26:	0.00e+00	0.00e+00
27:	1.57e+00	0.00e+00
28:	0.00e+00	-5.00e-01
29:	-1.07e+00	-5.00e-01
30:	0.00e+00	6.94e-18
31:	0.00e+00	-2.00e+00
32:	0.00e+00	-5.00e-01
33:	1.07e+00	-5.00e-01
34:	0.00e+00	2.08e-17
35:	-1.57e+00	2.08e-17
36:	0.00e+00	2.08e-17
37:	1.07e+00	2.08e-17
New op index: 4
Current grad: 98.95895751185233
New op index: 35
Current grad: 10.592233280282974
New op index: 16
Current grad: 97.83502591009193
New op index: 33
Current grad: 9.453409844997298
New op index: 29
Current grad: 6.524446486141878
New op index: 1
Current grad: 0.5715727125674696
New op index: 22
Current grad: 24.522508268147437
New op index: 13
Current grad: 0.0026004244233442764
New op index: 13
Current grad: 0.0011139006003591102
Adding the same operator twice is not sensible, terminating.
Calculating energies for FreeWilson2D(N_x=2, N_y=2, mass=-2.408, r=1.000)
h_im: 0.0
New op index: 27
Current grad: 10.08163265306122
0:	0.00e+00	0.00e+00
1:	-2.04e-01	0.00e+00
2:	0.00e+00	0.00e+00
3:	0.00e+00	0.00e+00
4:	7.04e-01	0.00e+00
5:	0.00e+00	0.00e+00
6:	0.00e+00	0.00e+00
7:	-7.04e-01	0.00e+00
8:	0.00e+00	0.00e+00
9:	0.00e+00	0.00e+00
10:	2.04e-01	-5.00e-01
11:	0.00e+00	-5.00e-01
12:	0.00e+00	0.00e+00
13:	2.04e-01	-5.00e-01
14:	0.00e+00	-5.00e-01
15:	0.00e+00	2.11e-15
16:	-7.04e-01	2.08e-15
17:	0.00e+00	1.39e-17
18:	0.00e+00	2.09e-15
19:	7.04e-01	2.10e-15
20:	0.00e+00	6.94e-18
21:	0.00e+00	2.10e-15
22:	-2.04e-01	2.08e-15
23:	0.00e+00	1.39e-17
24:	0.00e+00	0.00e+00
25:	-9.08e-01	0.00e+00
26:	0.00e+00	0.00e+00
27:	1.41e+00	0.00e+00
28:	0.00e+00	-5.00e-01
29:	-9.08e-01	-5.00e-01
30:	0.00e+00	6.94e-18
31:	0.00e+00	-2.00e+00
32:	0.00e+00	-5.00e-01
33:	9.08e-01	-5.00e-01
34:	0.00e+00	2.08e-17
35:	-1.41e+00	2.08e-17
36:	0.00e+00	2.08e-17
37:	9.08e-01	2.08e-17
New op index: 4
Current grad: 100.85289990662997
New op index: 25
Current grad: 9.27654743105721
New op index: 35
Current grad: 5.2462388050409485
New op index: 19
Current grad: 96.01830082944831
New op index: 37
Current grad: 4.4263945351363585
New op index: 10
Current grad: 0.4094618015717667
New op index: 13
Current grad: 50.8315326191528
New op index: 31
Current grad: 1.9902761524749235
New op index: 22
Current grad: 0.008214731259575711
New op index: 31
Current grad: 0.0035901304770126928
Adding the same operator twice is not sensible, terminating.
Calculating energies for FreeWilson2D(N_x=2, N_y=2, mass=-2.245, r=1.000)
h_im: 0.0
New op index: 27
Current grad: 8.44897959183673
0:	0.00e+00	0.00e+00
1:	-1.22e-01	0.00e+00
2:	0.00e+00	0.00e+00
3:	0.00e+00	0.00e+00
4:	6.22e-01	0.00e+00
5:	0.00e+00	0.00e+00
6:	0.00e+00	0.00e+00
7:	-6.22e-01	0.00e+00
8:	0.00e+00	0.00e+00
9:	0.00e+00	0.00e+00
10:	1.22e-01	-5.00e-01
11:	0.00e+00	-5.00e-01
12:	0.00e+00	0.00e+00
13:	1.22e-01	-5.00e-01
14:	0.00e+00	-5.00e-01
15:	0.00e+00	2.11e-15
16:	-6.22e-01	2.08e-15
17:	0.00e+00	1.39e-17
18:	0.00e+00	2.09e-15
19:	6.22e-01	2.10e-15
20:	0.00e+00	6.94e-18
21:	0.00e+00	2.10e-15
22:	-1.22e-01	2.08e-15
23:	0.00e+00	1.39e-17
24:	0.00e+00	0.00e+00
25:	-7.45e-01	0.00e+00
26:	0.00e+00	0.00e+00
27:	1.24e+00	0.00e+00
28:	0.00e+00	-5.00e-01
29:	-7.45e-01	-5.00e-01
30:	0.00e+00	6.94e-18
31:	0.00e+00	-2.00e+00
32:	0.00e+00	-5.00e-01
33:	7.45e-01	-5.00e-01
34:	0.00e+00	2.08e-17
35:	-1.24e+00	2.08e-17
36:	0.00e+00	2.08e-17
37:	7.45e-01	2.08e-17
New op index: 4
Current grad: 102.89397626358038
New op index: 25
Current grad: 7.9610963383600435
New op index: 35
Current grad: 4.347642035301714
New op index: 19
Current grad: 98.79527938468514
New op index: 37
Current grad: 3.854104468383703
New op index: 10
Current grad: 0.24560009551007211
New op index: 13
Current grad: 50.87979792400828
New op index: 31
Current grad: 1.9903353669385069
New op index: 7
Current grad: 0.0006707855508553205
Precision cutoff reached.
Calculating energies for FreeWilson2D(N_x=2, N_y=2, mass=-2.082, r=1.000)
h_im: 0.0
New op index: 27
Current grad: 6.816326530612239
0:	0.00e+00	0.00e+00
1:	-4.08e-02	0.00e+00
2:	0.00e+00	0.00e+00
3:	0.00e+00	0.00e+00
4:	5.41e-01	0.00e+00
5:	0.00e+00	0.00e+00
6:	0.00e+00	0.00e+00
7:	-5.41e-01	0.00e+00
8:	0.00e+00	0.00e+00
9:	0.00e+00	0.00e+00
10:	4.08e-02	-5.00e-01
11:	0.00e+00	-5.00e-01
12:	0.00e+00	0.00e+00
13:	4.08e-02	-5.00e-01
14:	0.00e+00	-5.00e-01
15:	0.00e+00	2.11e-15
16:	-5.41e-01	2.08e-15
17:	0.00e+00	1.39e-17
18:	0.00e+00	2.10e-15
19:	5.41e-01	2.10e-15
20:	0.00e+00	6.94e-18
21:	0.00e+00	2.10e-15
22:	-4.08e-02	2.08e-15
23:	0.00e+00	1.39e-17
24:	0.00e+00	0.00e+00
25:	-5.82e-01	0.00e+00
26:	0.00e+00	0.00e+00
27:	1.08e+00	0.00e+00
28:	0.00e+00	-5.00e-01
29:	-5.82e-01	-5.00e-01
30:	0.00e+00	6.94e-18
31:	0.00e+00	-2.00e+00
32:	0.00e+00	-5.00e-01
33:	5.82e-01	-5.00e-01
34:	0.00e+00	2.08e-17
35:	-1.08e+00	2.08e-17
36:	0.00e+00	2.08e-17
37:	5.82e-01	2.08e-17
New op index: 4
Current grad: 104.14738837308543
New op index: 25
Current grad: 6.654928418716268
New op index: 35
Current grad: 3.4492410453461515
New op index: 19
Current grad: 100.78585227361262
New op index: 37
Current grad: 3.2872200988807565
New op index: 10
Current grad: 0.08209056217491516
New op index: 13
Current grad: 51.25835923444679
New op index: 31
Current grad: 1.9918398773027832
New op index: 31
Current grad: 0.0015333762973447694
Adding the same operator twice is not sensible, terminating.
Calculating energies for FreeWilson2D(N_x=2, N_y=2, mass=-1.918, r=1.000)
h_im: 0.0
New op index: 27
Current grad: 5.510204081632648
0:	0.00e+00	0.00e+00
1:	4.08e-02	0.00e+00
2:	0.00e+00	0.00e+00
3:	0.00e+00	0.00e+00
4:	4.59e-01	0.00e+00
5:	0.00e+00	0.00e+00
6:	0.00e+00	0.00e+00
7:	-4.59e-01	0.00e+00
8:	0.00e+00	0.00e+00
9:	0.00e+00	0.00e+00
10:	-4.08e-02	-5.00e-01
11:	0.00e+00	-5.00e-01
12:	0.00e+00	0.00e+00
13:	-4.08e-02	-5.00e-01
14:	0.00e+00	-5.00e-01
15:	0.00e+00	2.11e-15
16:	-4.59e-01	2.08e-15
17:	0.00e+00	1.39e-17
18:	0.00e+00	2.10e-15
19:	4.59e-01	2.10e-15
20:	0.00e+00	6.94e-18
21:	0.00e+00	2.10e-15
22:	4.08e-02	2.07e-15
23:	0.00e+00	1.39e-17
24:	0.00e+00	0.00e+00
25:	-4.18e-01	0.00e+00
26:	0.00e+00	0.00e+00
27:	9.18e-01	0.00e+00
28:	0.00e+00	-5.00e-01
29:	-4.18e-01	-5.00e-01
30:	0.00e+00	6.94e-18
31:	0.00e+00	-2.00e+00
32:	0.00e+00	-5.00e-01
33:	4.18e-01	-5.00e-01
34:	0.00e+00	2.08e-17
35:	-9.18e-01	2.08e-17
36:	0.00e+00	2.08e-17
37:	4.18e-01	2.08e-17
New op index: 4
Current grad: 103.49871645912178
New op index: 25
Current grad: 6.001650451112797
New op index: 35
Current grad: 2.795983004977324
New op index: 19
Current grad: 100.7842881462921
New op index: 37
Current grad: 3.2839250866937117
New op index: 10
Current grad: 0.08168453824764983
New op index: 13
Current grad: 50.99478117600776
New op index: 31
Current grad: 1.9902918447606273
New op index: 31
Current grad: 0.001659592592300299
Adding the same operator twice is not sensible, terminating.
Calculating energies for FreeWilson2D(N_x=2, N_y=2, mass=-1.755, r=1.000)
h_im: 0.0
New op index: 27
Current grad: 4.530612244897959
0:	0.00e+00	0.00e+00
1:	1.22e-01	0.00e+00
2:	0.00e+00	0.00e+00
3:	0.00e+00	0.00e+00
4:	3.78e-01	0.00e+00
5:	0.00e+00	0.00e+00
6:	0.00e+00	0.00e+00
7:	-3.78e-01	0.00e+00
8:	0.00e+00	0.00e+00
9:	0.00e+00	0.00e+00
10:	-1.22e-01	-5.00e-01
11:	0.00e+00	-5.00e-01
12:	0.00e+00	0.00e+00
13:	-1.22e-01	-5.00e-01
14:	0.00e+00	-5.00e-01
15:	0.00e+00	2.11e-15
16:	-3.78e-01	2.08e-15
17:	0.00e+00	1.39e-17
18:	0.00e+00	2.10e-15
19:	3.78e-01	2.10e-15
20:	0.00e+00	6.94e-18
21:	0.00e+00	2.10e-15
22:	1.22e-01	2.07e-15
23:	0.00e+00	1.39e-17
24:	0.00e+00	0.00e+00
25:	-2.55e-01	0.00e+00
26:	0.00e+00	0.00e+00
27:	7.55e-01	0.00e+00
28:	0.00e+00	-5.00e-01
29:	-2.55e-01	-5.00e-01
30:	0.00e+00	6.94e-18
31:	0.00e+00	-2.00e+00
32:	0.00e+00	-5.00e-01
33:	2.55e-01	-5.00e-01
34:	0.00e+00	2.08e-17
35:	-7.55e-01	2.08e-17
36:	0.00e+00	2.08e-17
37:	2.55e-01	2.08e-17
New op index: 4
Current grad: 100.95240334572593
New op index: 25
Current grad: 6.00191328253127
New op index: 35
Current grad: 2.3884504013039116
New op index: 19
Current grad: 98.79928115421934
New op index: 37
Current grad: 3.8548963547884116
New op index: 10
Current grad: 0.24571555629657224
New op index: 13
Current grad: 50.882236624236974
New op index: 31
Current grad: 1.9913391609951334
New op index: 22
Current grad: 0.00010789911132427444
Precision cutoff reached.
Calculating energies for FreeWilson2D(N_x=2, N_y=2, mass=-1.592, r=1.000)
h_im: 0.0
New op index: 27
Current grad: 3.5510204081632653
0:	0.00e+00	0.00e+00
1:	2.04e-01	0.00e+00
2:	0.00e+00	0.00e+00
3:	0.00e+00	0.00e+00
4:	2.96e-01	0.00e+00
5:	0.00e+00	0.00e+00
6:	0.00e+00	0.00e+00
7:	-2.96e-01	0.00e+00
8:	0.00e+00	0.00e+00
9:	0.00e+00	0.00e+00
10:	-2.04e-01	-5.00e-01
11:	0.00e+00	-5.00e-01
12:	0.00e+00	0.00e+00
13:	-2.04e-01	-5.00e-01
14:	0.00e+00	-5.00e-01
15:	0.00e+00	2.11e-15
16:	-2.96e-01	2.08e-15
17:	0.00e+00	1.39e-17
18:	0.00e+00	2.10e-15
19:	2.96e-01	2.10e-15
20:	0.00e+00	6.94e-18
21:	0.00e+00	2.10e-15
22:	2.04e-01	2.07e-15
23:	0.00e+00	1.39e-17
24:	0.00e+00	0.00e+00
25:	-9.18e-02	0.00e+00
26:	0.00e+00	0.00e+00
27:	5.92e-01	0.00e+00
28:	0.00e+00	-5.00e-01
29:	-9.18e-02	-5.00e-01
30:	0.00e+00	6.94e-18
31:	0.00e+00	-2.00e+00
32:	0.00e+00	-5.00e-01
33:	9.18e-02	-5.00e-01
34:	0.00e+00	2.08e-17
35:	-5.92e-01	2.08e-17
36:	0.00e+00	2.08e-17
37:	9.18e-02	2.08e-17
New op index: 4
Current grad: 97.5875468136818
New op index: 25
Current grad: 6.011269569274414
New op index: 35
Current grad: 1.9809200152594928
New op index: 16
Current grad: 96.0165795439714
New op index: 33
Current grad: 4.447521214880635
New op index: 29
Current grad: 1.7566124880973575
New op index: 22
Current grad: 0.41364573871590943
New op index: 1
Current grad: 18.663907513879007
New op index: 33
Current grad: 0.005263905022932511
Adding the same operator twice is not sensible, terminating.
Calculating energies for FreeWilson2D(N_x=2, N_y=2, mass=-1.429, r=1.000)
h_im: 0.0
New op index: 27
Current grad: 3.1428571428571397
0:	0.00e+00	0.00e+00
1:	2.86e-01	0.00e+00
2:	0.00e+00	0.00e+00
3:	0.00e+00	0.00e+00
4:	2.14e-01	0.00e+00
5:	0.00e+00	0.00e+00
6:	0.00e+00	0.00e+00
7:	-2.14e-01	0.00e+00
8:	0.00e+00	0.00e+00
9:	0.00e+00	0.00e+00
10:	-2.86e-01	-5.00e-01
11:	0.00e+00	-5.00e-01
12:	0.00e+00	0.00e+00
13:	-2.86e-01	-5.00e-01
14:	0.00e+00	-5.00e-01
15:	0.00e+00	2.11e-15
16:	-2.14e-01	2.08e-15
17:	0.00e+00	1.39e-17
18:	0.00e+00	2.10e-15
19:	2.14e-01	2.10e-15
20:	0.00e+00	6.94e-18
21:	0.00e+00	2.10e-15
22:	2.86e-01	2.07e-15
23:	0.00e+00	1.39e-17
24:	0.00e+00	0.00e+00
25:	7.14e-02	0.00e+00
26:	0.00e+00	0.00e+00
27:	4.29e-01	0.00e+00
28:	0.00e+00	-5.00e-01
29:	7.14e-02	-5.00e-01
30:	0.00e+00	6.94e-18
31:	0.00e+00	-2.00e+00
32:	0.00e+00	-5.00e-01
33:	-7.14e-02	-5.00e-01
34:	0.00e+00	2.08e-17
35:	-4.29e-01	2.08e-17
36:	0.00e+00	2.08e-17
37:	-7.14e-02	2.08e-17
New op index: 4
Current grad: 94.67284931486668
New op index: 25
Current grad: 6.3065400059379
New op index: 35
Current grad: 1.8588072237433233
New op index: 19
Current grad: 93.38739729243743
New op index: 37
Current grad: 5.000717091074501
New op index: 10
Current grad: 0.5729292485409802
New op index: 13
Current grad: 50.73473094797087
New op index: 31
Current grad: 2.001080381632544
New op index: 31
Current grad: 0.004606506179099446
Adding the same operator twice is not sensible, terminating.
Calculating energies for FreeWilson2D(N_x=2, N_y=2, mass=-1.265, r=1.000)
h_im: 0.0
New op index: 22
Current grad: 3.469387755102038
0:	0.00e+00	0.00e+00
1:	3.67e-01	0.00e+00
2:	0.00e+00	0.00e+00
3:	0.00e+00	0.00e+00
4:	1.33e-01	0.00e+00
5:	0.00e+00	0.00e+00
6:	0.00e+00	0.00e+00
7:	-1.33e-01	0.00e+00
8:	0.00e+00	0.00e+00
9:	0.00e+00	0.00e+00
10:	-3.67e-01	-5.00e-01
11:	0.00e+00	-5.00e-01
12:	0.00e+00	0.00e+00
13:	-3.67e-01	-5.00e-01
14:	0.00e+00	-5.00e-01
15:	0.00e+00	2.11e-15
16:	-1.33e-01	2.08e-15
17:	0.00e+00	1.39e-17
18:	0.00e+00	2.10e-15
19:	1.33e-01	2.11e-15
20:	0.00e+00	6.94e-18
21:	0.00e+00	2.10e-15
22:	3.67e-01	2.07e-15
23:	0.00e+00	1.39e-17
24:	0.00e+00	0.00e+00
25:	2.35e-01	0.00e+00
26:	0.00e+00	0.00e+00
27:	2.65e-01	0.00e+00
28:	0.00e+00	-5.00e-01
29:	2.35e-01	-5.00e-01
30:	0.00e+00	6.94e-18
31:	0.00e+00	-2.00e+00
32:	0.00e+00	-5.00e-01
33:	-2.35e-01	-5.00e-01
34:	0.00e+00	2.08e-17
35:	-2.65e-01	2.08e-17
36:	0.00e+00	2.08e-17
37:	-2.35e-01	2.08e-17
New op index: 10
Current grad: 352.57140252504536
New op index: 31
Current grad: 5.190624761909788
New op index: 29
Current grad: 4.864656820472301
New op index: 10
Current grad: 94.99953038128704
New op index: 27
Current grad: 7.615767258118682
New op index: 31
Current grad: 3.837908779378344
New op index: 35
Current grad: 3.267210724734737
New op index: 19
Current grad: 60.4266318686549
New op index: 35
Current grad: 4.306462756444069
New op index: 4
Current grad: 0.8179083282843389
New op index: 1
Current grad: 2.821401417780855
New op index: 27
Current grad: 3.5462144234288053
New op index: 10
Current grad: 0.015323854216419543
New op index: 7
Current grad: 0.013516858449245356
New op index: 13
Current grad: 0.010796058152368771
New op index: 10
Current grad: 0.012225506685219474
Adding the same operator twice is not sensible, terminating.
Calculating energies for FreeWilson2D(N_x=2, N_y=2, mass=-1.102, r=1.000)
h_im: 0.0
New op index: 1
Current grad: 3.7959183673469337
0:	0.00e+00	0.00e+00
1:	4.49e-01	0.00e+00
2:	0.00e+00	0.00e+00
3:	0.00e+00	0.00e+00
4:	5.10e-02	0.00e+00
5:	0.00e+00	0.00e+00
6:	0.00e+00	0.00e+00
7:	-5.10e-02	0.00e+00
8:	0.00e+00	0.00e+00
9:	0.00e+00	0.00e+00
10:	-4.49e-01	-5.00e-01
11:	0.00e+00	-5.00e-01
12:	0.00e+00	0.00e+00
13:	-4.49e-01	-5.00e-01
14:	0.00e+00	-5.00e-01
15:	0.00e+00	2.11e-15
16:	-5.10e-02	2.08e-15
17:	0.00e+00	1.39e-17
18:	0.00e+00	2.10e-15
19:	5.10e-02	2.11e-15
20:	0.00e+00	6.94e-18
21:	0.00e+00	2.10e-15
22:	4.49e-01	2.07e-15
23:	0.00e+00	1.39e-17
24:	0.00e+00	0.00e+00
25:	3.98e-01	0.00e+00
26:	0.00e+00	0.00e+00
27:	1.02e-01	0.00e+00
28:	0.00e+00	-5.00e-01
29:	3.98e-01	-5.00e-01
30:	0.00e+00	6.94e-18
31:	0.00e+00	-2.00e+00
32:	0.00e+00	-5.00e-01
33:	-3.98e-01	-5.00e-01
34:	0.00e+00	2.08e-17
35:	-1.02e-01	2.08e-17
36:	0.00e+00	2.08e-17
37:	-3.98e-01	2.08e-17
New op index: 10
Current grad: 353.1427565753371
New op index: 31
Current grad: 6.212620019440813
New op index: 27
Current grad: 5.945707258843972
New op index: 7
Current grad: 82.62159166357723
New op index: 27
Current grad: 4.812701813578364
New op index: 22
Current grad: 1.6790882236198563
New op index: 19
Current grad: 172.60895561008832
New op index: 16
Current grad: 1.5146011835832478
New op index: 10
Current grad: 70.5571846063383
New op index: 10
Current grad: 0.0017416917340669865
Adding the same operator twice is not sensible, terminating.
Calculating energies for FreeWilson2D(N_x=2, N_y=2, mass=-0.939, r=1.000)
h_im: 0.0
New op index: 25
Current grad: 4.612244897959174
0:	0.00e+00	0.00e+00
1:	5.31e-01	0.00e+00
2:	0.00e+00	0.00e+00
3:	0.00e+00	0.00e+00
4:	-3.06e-02	0.00e+00
5:	0.00e+00	0.00e+00
6:	0.00e+00	0.00e+00
7:	3.06e-02	0.00e+00
8:	0.00e+00	0.00e+00
9:	0.00e+00	0.00e+00
10:	-5.31e-01	-5.00e-01
11:	0.00e+00	-5.00e-01
12:	0.00e+00	0.00e+00
13:	-5.31e-01	-5.00e-01
14:	0.00e+00	-5.00e-01
15:	0.00e+00	2.11e-15
16:	3.06e-02	2.08e-15
17:	0.00e+00	1.39e-17
18:	0.00e+00	2.10e-15
19:	-3.06e-02	2.11e-15
20:	0.00e+00	6.94e-18
21:	0.00e+00	2.10e-15
22:	5.31e-01	2.07e-15
23:	0.00e+00	1.39e-17
24:	0.00e+00	0.00e+00
25:	5.61e-01	0.00e+00
26:	0.00e+00	0.00e+00
27:	-6.12e-02	0.00e+00
28:	0.00e+00	-5.00e-01
29:	5.61e-01	-5.00e-01
30:	0.00e+00	6.94e-18
31:	0.00e+00	-2.00e+00
32:	0.00e+00	-5.00e-01
33:	-5.61e-01	-5.00e-01
34:	0.00e+00	2.08e-17
35:	6.12e-02	2.08e-17
36:	0.00e+00	2.08e-17
37:	-5.61e-01	2.08e-17
New op index: 1
Current grad: 59.38872903367523
New op index: 25
Current grad: 7.106552199363448
New op index: 29
Current grad: 4.929169194440592
New op index: 10
Current grad: 88.08452052087176
New op index: 29
Current grad: 5.524204388323395
New op index: 31
Current grad: 3.3086104901326245
New op index: 37
Current grad: 2.0100520766628716
New op index: 22
Current grad: 56.74837297309008
New op index: 37
Current grad: 4.1483326930818
New op index: 16
Current grad: 1.6795873358230002
New op index: 10
Current grad: 70.762042934008
New op index: 10
Current grad: 0.008462634367859464
Adding the same operator twice is not sensible, terminating.
Calculating energies for FreeWilson2D(N_x=2, N_y=2, mass=-0.776, r=1.000)
h_im: 0.0
New op index: 25
Current grad: 6.244897959183663
0:	0.00e+00	0.00e+00
1:	6.12e-01	0.00e+00
2:	0.00e+00	0.00e+00
3:	0.00e+00	0.00e+00
4:	-1.12e-01	0.00e+00
5:	0.00e+00	0.00e+00
6:	0.00e+00	0.00e+00
7:	1.12e-01	0.00e+00
8:	0.00e+00	0.00e+00
9:	0.00e+00	0.00e+00
10:	-6.12e-01	-5.00e-01
11:	0.00e+00	-5.00e-01
12:	0.00e+00	0.00e+00
13:	-6.12e-01	-5.00e-01
14:	0.00e+00	-5.00e-01
15:	0.00e+00	2.11e-15
16:	1.12e-01	2.08e-15
17:	0.00e+00	1.39e-17
18:	0.00e+00	2.10e-15
19:	-1.12e-01	2.11e-15
20:	0.00e+00	6.94e-18
21:	0.00e+00	2.10e-15
22:	6.12e-01	2.07e-15
23:	0.00e+00	1.39e-17
24:	0.00e+00	0.00e+00
25:	7.24e-01	0.00e+00
26:	0.00e+00	0.00e+00
27:	-2.24e-01	0.00e+00
28:	0.00e+00	-5.00e-01
29:	7.24e-01	-5.00e-01
30:	0.00e+00	6.94e-18
31:	0.00e+00	-2.00e+00
32:	0.00e+00	-5.00e-01
33:	-7.24e-01	-5.00e-01
34:	0.00e+00	2.08e-17
35:	2.24e-01	2.08e-17
36:	0.00e+00	2.08e-17
37:	-7.24e-01	2.08e-17
New op index: 1
Current grad: 63.48955769479213
New op index: 25
Current grad: 8.59608396141729
New op index: 29
Current grad: 6.071669675070391
New op index: 10
Current grad: 87.1672144659092
New op index: 29
Current grad: 6.687726570721629
New op index: 31
Current grad: 4.12248227208314
New op index: 37
Current grad: 2.6131636701938317
New op index: 22
Current grad: 59.8643770713832
New op index: 37
Current grad: 4.812869076892124
New op index: 16
Current grad: 1.9892352128581798
New op index: 13
Current grad: 70.87458525367576
New op index: 16
Current grad: 0.008227697769937614
Adding the same operator twice is not sensible, terminating.
Calculating energies for FreeWilson2D(N_x=2, N_y=2, mass=-0.612, r=1.000)
h_im: 0.0
New op index: 25
Current grad: 7.877551020408152
0:	0.00e+00	0.00e+00
1:	6.94e-01	0.00e+00
2:	0.00e+00	0.00e+00
3:	0.00e+00	0.00e+00
4:	-1.94e-01	0.00e+00
5:	0.00e+00	0.00e+00
6:	0.00e+00	0.00e+00
7:	1.94e-01	0.00e+00
8:	0.00e+00	0.00e+00
9:	0.00e+00	0.00e+00
10:	-6.94e-01	-5.00e-01
11:	0.00e+00	-5.00e-01
12:	0.00e+00	0.00e+00
13:	-6.94e-01	-5.00e-01
14:	0.00e+00	-5.00e-01
15:	0.00e+00	2.10e-15
16:	1.94e-01	2.08e-15
17:	0.00e+00	1.39e-17
18:	0.00e+00	2.10e-15
19:	-1.94e-01	2.11e-15
20:	0.00e+00	6.94e-18
21:	0.00e+00	2.10e-15
22:	6.94e-01	2.07e-15
23:	0.00e+00	1.39e-17
24:	0.00e+00	0.00e+00
25:	8.88e-01	0.00e+00
26:	0.00e+00	0.00e+00
27:	-3.88e-01	0.00e+00
28:	0.00e+00	-5.00e-01
29:	8.88e-01	-5.00e-01
30:	0.00e+00	6.94e-18
31:	0.00e+00	-2.00e+00
32:	0.00e+00	-5.00e-01
33:	-8.88e-01	-5.00e-01
34:	0.00e+00	2.08e-17
35:	3.88e-01	2.08e-17
36:	0.00e+00	2.08e-17
37:	-8.88e-01	2.08e-17
New op index: 1
Current grad: 66.79758280592947
New op index: 25
Current grad: 10.088493941222712
New op index: 29
Current grad: 7.215070313923639
New op index: 10
Current grad: 86.71782097203474
New op index: 29
Current grad: 7.853243968649653
New op index: 31
Current grad: 4.946923636638892
New op index: 37
Current grad: 3.4025505097507076
New op index: 22
Current grad: 62.22141414448059
New op index: 37
Current grad: 5.4854522579610006
New op index: 16
Current grad: 2.315341387463942
New op index: 13
Current grad: 70.98891663210966
New op index: 10
Current grad: 0.006962952943583519
New op index: 16
Current grad: 0.004361397141242306
Adding the same operator twice is not sensible, terminating.
Calculating energies for FreeWilson2D(N_x=2, N_y=2, mass=-0.449, r=1.000)
h_im: 0.0
New op index: 25
Current grad: 9.510204081632644
0:	0.00e+00	0.00e+00
1:	7.76e-01	0.00e+00
2:	0.00e+00	0.00e+00
3:	0.00e+00	0.00e+00
4:	-2.76e-01	0.00e+00
5:	0.00e+00	0.00e+00
6:	0.00e+00	0.00e+00
7:	2.76e-01	0.00e+00
8:	0.00e+00	0.00e+00
9:	0.00e+00	0.00e+00
10:	-7.76e-01	-5.00e-01
11:	0.00e+00	-5.00e-01
12:	0.00e+00	0.00e+00
13:	-7.76e-01	-5.00e-01
14:	0.00e+00	-5.00e-01
15:	0.00e+00	2.10e-15
16:	2.76e-01	2.08e-15
17:	0.00e+00	1.39e-17
18:	0.00e+00	2.10e-15
19:	-2.76e-01	2.11e-15
20:	0.00e+00	6.94e-18
21:	0.00e+00	2.10e-15
22:	7.76e-01	2.07e-15
23:	0.00e+00	1.39e-17
24:	0.00e+00	0.00e+00
25:	1.05e+00	0.00e+00
26:	0.00e+00	0.00e+00
27:	-5.51e-01	0.00e+00
28:	0.00e+00	-5.00e-01
29:	1.05e+00	-5.00e-01
30:	0.00e+00	6.94e-18
31:	0.00e+00	-2.00e+00
32:	0.00e+00	-5.00e-01
33:	-1.05e+00	-5.00e-01
34:	0.00e+00	2.08e-17
35:	5.51e-01	2.08e-17
36:	0.00e+00	2.08e-17
37:	-1.05e+00	2.08e-17
New op index: 1
Current grad: 69.60153806764369
New op index: 25
Current grad: 11.584113509243405
New op index: 29
Current grad: 8.361638703957711
New op index: 10
Current grad: 86.60008501584805
New op index: 29
Current grad: 9.020835355273821
New op index: 37
Current grad: 5.76156431639133
New op index: 22
Current grad: 65.84427169705208
New op index: 37
Current grad: 7.829296087953928
New op index: 33
Current grad: 4.606602227975367
New op index: 13
Current grad: 72.37240960595486
New op index: 33
Current grad: 5.170071055323659
New op index: 33
Current grad: 0.009183910379013992
Adding the same operator twice is not sensible, terminating.
Calculating energies for FreeWilson2D(N_x=2, N_y=2, mass=-0.286, r=1.000)
h_im: 0.0
New op index: 25
Current grad: 11.142857142857125
0:	0.00e+00	0.00e+00
1:	8.57e-01	0.00e+00
2:	0.00e+00	0.00e+00
3:	0.00e+00	0.00e+00
4:	-3.57e-01	0.00e+00
5:	0.00e+00	0.00e+00
6:	0.00e+00	0.00e+00
7:	3.57e-01	0.00e+00
8:	0.00e+00	0.00e+00
9:	0.00e+00	0.00e+00
10:	-8.57e-01	-5.00e-01
11:	0.00e+00	-5.00e-01
12:	0.00e+00	0.00e+00
13:	-8.57e-01	-5.00e-01
14:	0.00e+00	-5.00e-01
15:	0.00e+00	2.10e-15
16:	3.57e-01	2.08e-15
17:	0.00e+00	1.39e-17
18:	0.00e+00	2.10e-15
19:	-3.57e-01	2.11e-15
20:	0.00e+00	6.94e-18
21:	0.00e+00	2.10e-15
22:	8.57e-01	2.07e-15
23:	0.00e+00	1.39e-17
24:	0.00e+00	0.00e+00
25:	1.21e+00	0.00e+00
26:	0.00e+00	0.00e+00
27:	-7.14e-01	0.00e+00
28:	0.00e+00	-5.00e-01
29:	1.21e+00	-5.00e-01
30:	0.00e+00	6.94e-18
31:	0.00e+00	-2.00e+00
32:	0.00e+00	-5.00e-01
33:	-1.21e+00	-5.00e-01
34:	0.00e+00	2.08e-17
35:	7.14e-01	2.08e-17
36:	0.00e+00	2.08e-17
37:	-1.21e+00	2.08e-17
New op index: 1
Current grad: 72.08190595123678
New op index: 25
Current grad: 13.082691915994156
New op index: 29
Current grad: 9.500024663682998
New op index: 7
Current grad: 70.37913009413262
New op index: 29
Current grad: 10.198613021962721
New op index: 37
Current grad: 6.579571022262943
New op index: 22
Current grad: 67.50995939673055
New op index: 37
Current grad: 8.514868552839802
New op index: 33
Current grad: 4.964753566233217
New op index: 16
Current grad: 72.43337053387374
New op index: 33
Current grad: 5.518662639665039
New op index: 29
Current grad: 0.009045158065214776
Adding the same operator twice is not sensible, terminating.
Calculating energies for FreeWilson2D(N_x=2, N_y=2, mass=-0.122, r=1.000)
h_im: 0.0
New op index: 25
Current grad: 12.775510204081614
0:	0.00e+00	0.00e+00
1:	9.39e-01	0.00e+00
2:	0.00e+00	0.00e+00
3:	0.00e+00	0.00e+00
4:	-4.39e-01	0.00e+00
5:	0.00e+00	0.00e+00
6:	0.00e+00	0.00e+00
7:	4.39e-01	0.00e+00
8:	0.00e+00	0.00e+00
9:	0.00e+00	0.00e+00
10:	-9.39e-01	-5.00e-01
11:	0.00e+00	-5.00e-01
12:	0.00e+00	0.00e+00
13:	-9.39e-01	-5.00e-01
14:	0.00e+00	-5.00e-01
15:	0.00e+00	2.10e-15
16:	4.39e-01	2.08e-15
17:	0.00e+00	1.39e-17
18:	0.00e+00	2.10e-15
19:	-4.39e-01	2.11e-15
20:	0.00e+00	6.94e-18
21:	0.00e+00	2.10e-15
22:	9.39e-01	2.07e-15
23:	0.00e+00	1.39e-17
24:	0.00e+00	0.00e+00
25:	1.38e+00	0.00e+00
26:	0.00e+00	0.00e+00
27:	-8.78e-01	0.00e+00
28:	0.00e+00	-5.00e-01
29:	1.38e+00	-5.00e-01
30:	0.00e+00	6.94e-18
31:	0.00e+00	-2.00e+00
32:	0.00e+00	-5.00e-01
33:	-1.38e+00	-5.00e-01
34:	0.00e+00	2.08e-17
35:	8.78e-01	2.08e-17
36:	0.00e+00	2.08e-17
37:	-1.38e+00	2.08e-17
New op index: 1
Current grad: 74.3369821243146
New op index: 25
Current grad: 14.584212085704879
New op index: 29
Current grad: 10.642888126007474
New op index: 10
Current grad: 86.86314899952518
New op index: 29
Current grad: 11.362721961722643
New op index: 33
Current grad: 7.387774776289197
New op index: 13
Current grad: 68.47381235474151
New op index: 33
Current grad: 9.171113526106367
New op index: 37
Current grad: 4.301152515387976
New op index: 19
Current grad: 72.0490337558145
New op index: 37
Current grad: 4.89239812230968
New op index: 19
Current grad: 0.030004321934109148
New op index: 37
Current grad: 0.005146426843605268
New op index: 22
Current grad: 0.004877541248452
New op index: 37
Current grad: 0.0015282305762625021
New op index: 22
Current grad: 0.0012099392127314886
New op index: 22
Current grad: 0.0012099392127314886
Adding the same operator twice is not sensible, terminating.
Calculating energies for FreeWilson2D(N_x=2, N_y=2, mass=0.041, r=1.000)
h_im: 0.0
New op index: 25
Current grad: 14.408163265306104
0:	0.00e+00	0.00e+00
1:	1.02e+00	0.00e+00
2:	0.00e+00	0.00e+00
3:	0.00e+00	0.00e+00
4:	-5.20e-01	0.00e+00
5:	0.00e+00	0.00e+00
6:	0.00e+00	0.00e+00
7:	5.20e-01	0.00e+00
8:	0.00e+00	0.00e+00
9:	0.00e+00	0.00e+00
10:	-1.02e+00	-5.00e-01
11:	0.00e+00	-5.00e-01
12:	0.00e+00	0.00e+00
13:	-1.02e+00	-5.00e-01
14:	0.00e+00	-5.00e-01
15:	0.00e+00	2.10e-15
16:	5.20e-01	2.07e-15
17:	0.00e+00	1.39e-17
18:	0.00e+00	2.10e-15
19:	-5.20e-01	2.11e-15
20:	0.00e+00	6.94e-18
21:	0.00e+00	2.10e-15
22:	1.02e+00	2.07e-15
23:	0.00e+00	1.39e-17
24:	0.00e+00	0.00e+00
25:	1.54e+00	0.00e+00
26:	0.00e+00	0.00e+00
27:	-1.04e+00	0.00e+00
28:	0.00e+00	-5.00e-01
29:	1.54e+00	-5.00e-01
30:	0.00e+00	6.94e-18
31:	0.00e+00	-2.00e+00
32:	0.00e+00	-5.00e-01
33:	-1.54e+00	-5.00e-01
34:	0.00e+00	2.08e-17
35:	1.04e+00	2.08e-17
36:	0.00e+00	2.08e-17
37:	-1.54e+00	2.08e-17
New op index: 1
Current grad: 76.43907073785522
New op index: 25
Current grad: 16.08868347177294
New op index: 29
Current grad: 11.790167873585489
New op index: 10
Current grad: 87.19579197666947
New op index: 29
Current grad: 12.535238811876606
New op index: 33
Current grad: 8.204801303276945
New op index: 13
Current grad: 69.75745132654443
New op index: 33
Current grad: 9.844670998778307
New op index: 37
Current grad: 4.582235853973218
New op index: 22
Current grad: 72.16424596186836
New op index: 37
Current grad: 5.246151206196068
New op index: 25
Current grad: 0.0003464020192952626
Precision cutoff reached.
Calculating energies for FreeWilson2D(N_x=2, N_y=2, mass=0.204, r=1.000)
h_im: 0.0
New op index: 25
Current grad: 16.0408163265306
0:	0.00e+00	0.00e+00
1:	1.10e+00	0.00e+00
2:	0.00e+00	0.00e+00
3:	0.00e+00	0.00e+00
4:	-6.02e-01	0.00e+00
5:	0.00e+00	0.00e+00
6:	0.00e+00	0.00e+00
7:	6.02e-01	0.00e+00
8:	0.00e+00	0.00e+00
9:	0.00e+00	0.00e+00
10:	-1.10e+00	-5.00e-01
11:	0.00e+00	-5.00e-01
12:	0.00e+00	0.00e+00
13:	-1.10e+00	-5.00e-01
14:	0.00e+00	-5.00e-01
15:	0.00e+00	2.10e-15
16:	6.02e-01	2.07e-15
17:	0.00e+00	1.39e-17
18:	0.00e+00	2.10e-15
19:	-6.02e-01	2.11e-15
20:	0.00e+00	6.94e-18
21:	0.00e+00	2.09e-15
22:	1.10e+00	2.07e-15
23:	0.00e+00	1.39e-17
24:	0.00e+00	0.00e+00
25:	1.70e+00	0.00e+00
26:	0.00e+00	0.00e+00
27:	-1.20e+00	0.00e+00
28:	0.00e+00	-5.00e-01
29:	1.70e+00	-5.00e-01
30:	0.00e+00	6.94e-18
31:	0.00e+00	-2.00e+00
32:	0.00e+00	-5.00e-01
33:	-1.70e+00	-5.00e-01
34:	0.00e+00	2.08e-17
35:	1.20e+00	2.08e-17
36:	0.00e+00	2.08e-17
37:	-1.70e+00	2.08e-17
New op index: 1
Current grad: 78.42691404139369
New op index: 25
Current grad: 17.596362047971347
New op index: 29
Current grad: 12.929765957315013
New op index: 10
Current grad: 87.6222875373526
New op index: 29
Current grad: 13.710367141896082
New op index: 33
Current grad: 9.021760290213594
New op index: 13
Current grad: 70.92171972265082
New op index: 33
Current grad: 10.53696430281871
New op index: 37
Current grad: 4.909532578707455
New op index: 22
Current grad: 72.28395290115256
New op index: 37
Current grad: 5.594877375887869
New op index: 7
Current grad: 0.02872974078647862
New op index: 16
Current grad: 0.013659433222805327
New op index: 33
Current grad: 0.007736547635013409
New op index: 16
Current grad: 0.006541815743099335
New op index: 33
Current grad: 0.00428601474186466
New op index: 16
Current grad: 0.0038112460694485566
New op index: 16
Current grad: 0.0033434123602558534
Adding the same operator twice is not sensible, terminating.
Calculating energies for FreeWilson2D(N_x=2, N_y=2, mass=0.367, r=1.000)
h_im: 0.0
New op index: 25
Current grad: 17.673469387755077
0:	0.00e+00	0.00e+00
1:	1.18e+00	0.00e+00
2:	0.00e+00	0.00e+00
3:	0.00e+00	0.00e+00
4:	-6.84e-01	0.00e+00
5:	0.00e+00	0.00e+00
6:	0.00e+00	0.00e+00
7:	6.84e-01	0.00e+00
8:	0.00e+00	0.00e+00
9:	0.00e+00	0.00e+00
10:	-1.18e+00	-5.00e-01
11:	0.00e+00	-5.00e-01
12:	0.00e+00	0.00e+00
13:	-1.18e+00	-5.00e-01
14:	0.00e+00	-5.00e-01
15:	0.00e+00	2.10e-15
16:	6.84e-01	2.07e-15
17:	0.00e+00	1.39e-17
18:	0.00e+00	2.10e-15
19:	-6.84e-01	2.11e-15
20:	0.00e+00	6.94e-18
21:	0.00e+00	2.09e-15
22:	1.18e+00	2.07e-15
23:	0.00e+00	1.39e-17
24:	0.00e+00	0.00e+00
25:	1.87e+00	0.00e+00
26:	0.00e+00	0.00e+00
27:	-1.37e+00	0.00e+00
28:	0.00e+00	-5.00e-01
29:	1.87e+00	-5.00e-01
30:	0.00e+00	6.94e-18
31:	0.00e+00	-2.00e+00
32:	0.00e+00	-5.00e-01
33:	-1.87e+00	-5.00e-01
34:	0.00e+00	2.08e-17
35:	1.37e+00	2.08e-17
36:	0.00e+00	2.08e-17
37:	-1.87e+00	2.08e-17
New op index: 1
Current grad: 80.3180286268285
New op index: 25
Current grad: 19.106573545791978
New op index: 29
Current grad: 14.072505262728932
New op index: 10
Current grad: 88.12804977919625
New op index: 29
Current grad: 14.88791728567803
New op index: 33
Current grad: 9.837194561328825
New op index: 13
Current grad: 71.96022120278285
New op index: 33
Current grad: 11.223271016562402
New op index: 37
Current grad: 5.236044819557801
New op index: 19
Current grad: 72.42772348303781
New op index: 37
Current grad: 5.955265611607545
New op index: 29
Current grad: 0.00022463011404156728
Precision cutoff reached.
Calculating energies for FreeWilson2D(N_x=2, N_y=2, mass=0.531, r=1.000)
h_im: 0.0
New op index: 25
Current grad: 19.306122448979565
0:	0.00e+00	0.00e+00
1:	1.27e+00	0.00e+00
2:	0.00e+00	0.00e+00
3:	0.00e+00	0.00e+00
4:	-7.65e-01	0.00e+00
5:	0.00e+00	0.00e+00
6:	0.00e+00	0.00e+00
7:	7.65e-01	0.00e+00
8:	0.00e+00	0.00e+00
9:	0.00e+00	0.00e+00
10:	-1.27e+00	-5.00e-01
11:	0.00e+00	-5.00e-01
12:	0.00e+00	0.00e+00
13:	-1.27e+00	-5.00e-01
14:	0.00e+00	-5.00e-01
15:	0.00e+00	2.10e-15
16:	7.65e-01	2.07e-15
17:	0.00e+00	1.39e-17
18:	0.00e+00	2.10e-15
19:	-7.65e-01	2.11e-15
20:	0.00e+00	6.94e-18
21:	0.00e+00	2.09e-15
22:	1.27e+00	2.07e-15
23:	0.00e+00	1.39e-17
24:	0.00e+00	0.00e+00
25:	2.03e+00	0.00e+00
26:	0.00e+00	0.00e+00
27:	-1.53e+00	0.00e+00
28:	0.00e+00	-5.00e-01
29:	2.03e+00	-5.00e-01
30:	0.00e+00	6.94e-18
31:	0.00e+00	-2.00e+00
32:	0.00e+00	-5.00e-01
33:	-2.03e+00	-5.00e-01
34:	0.00e+00	2.08e-17
35:	1.53e+00	2.08e-17
36:	0.00e+00	2.08e-17
37:	-2.03e+00	2.08e-17
New op index: 1
Current grad: 82.12347460074602
New op index: 25
Current grad: 20.61969860812863
New op index: 29
Current grad: 15.215535713970386
New op index: 10
Current grad: 88.69009503445184
New op index: 29
Current grad: 16.068245819409142
New op index: 33
Current grad: 10.654140074047131
New op index: 13
Current grad: 72.98349441785031
New op index: 33
Current grad: 11.918108384975532
New op index: 37
Current grad: 5.563542747943236
New op index: 19
Current grad: 72.51360521738847
New op index: 37
Current grad: 6.307795447172153
New op index: 10
Current grad: 0.024587681513271266
New op index: 7
Current grad: 0.009575915078839566
New op index: 33
Current grad: 0.005994367373815331
Adding the same operator twice is not sensible, terminating.
Calculating energies for FreeWilson2D(N_x=2, N_y=2, mass=0.694, r=1.000)
h_im: 0.0
New op index: 25
Current grad: 20.93877551020406
0:	0.00e+00	0.00e+00
1:	1.35e+00	0.00e+00
2:	0.00e+00	0.00e+00
3:	0.00e+00	0.00e+00
4:	-8.47e-01	0.00e+00
5:	0.00e+00	0.00e+00
6:	0.00e+00	0.00e+00
7:	8.47e-01	0.00e+00
8:	0.00e+00	0.00e+00
9:	0.00e+00	0.00e+00
10:	-1.35e+00	-5.00e-01
11:	0.00e+00	-5.00e-01
12:	0.00e+00	0.00e+00
13:	-1.35e+00	-5.00e-01
14:	0.00e+00	-5.00e-01
15:	0.00e+00	2.10e-15
16:	8.47e-01	2.07e-15
17:	0.00e+00	1.39e-17
18:	0.00e+00	2.10e-15
19:	-8.47e-01	2.11e-15
20:	0.00e+00	6.94e-18
21:	0.00e+00	2.09e-15
22:	1.35e+00	2.07e-15
23:	0.00e+00	1.39e-17
24:	0.00e+00	0.00e+00
25:	2.19e+00	0.00e+00
26:	0.00e+00	0.00e+00
27:	-1.69e+00	0.00e+00
28:	0.00e+00	-5.00e-01
29:	2.19e+00	-5.00e-01
30:	0.00e+00	6.94e-18
31:	0.00e+00	-2.00e+00
32:	0.00e+00	-5.00e-01
33:	-2.19e+00	-5.00e-01
34:	0.00e+00	2.08e-17
35:	1.69e+00	2.08e-17
36:	0.00e+00	2.08e-17
37:	-2.19e+00	2.08e-17
New op index: 1
Current grad: 83.85631967090471
New op index: 25
Current grad: 22.143012329863794
New op index: 29
Current grad: 16.360013782306083
New op index: 10
Current grad: 89.29431378861415
New op index: 29
Current grad: 17.25187782924946
New op index: 33
Current grad: 11.472814504802741
New op index: 13
Current grad: 73.89808797664402
New op index: 33
Current grad: 12.622917982505665
New op index: 37
Current grad: 5.893463343505964
New op index: 22
Current grad: 72.63035907422163
New op index: 37
Current grad: 6.667809130598981
New op index: 16
Current grad: 0.023314495291223963
New op index: 33
Current grad: 0.008893075792572792
New op index: 16
Current grad: 0.005110236292177026
New op index: 33
Current grad: 0.003650744019039413
New op index: 16
Current grad: 0.0029478818461226544
New op index: 16
Current grad: 0.0025433623801591272
Adding the same operator twice is not sensible, terminating.
Calculating energies for FreeWilson2D(N_x=2, N_y=2, mass=0.857, r=1.000)
h_im: 0.0
New op index: 25
Current grad: 22.571428571428545
0:	0.00e+00	0.00e+00
1:	1.43e+00	0.00e+00
2:	0.00e+00	0.00e+00
3:	0.00e+00	0.00e+00
4:	-9.29e-01	0.00e+00
5:	0.00e+00	0.00e+00
6:	0.00e+00	0.00e+00
7:	9.29e-01	0.00e+00
8:	0.00e+00	0.00e+00
9:	0.00e+00	0.00e+00
10:	-1.43e+00	-5.00e-01
11:	0.00e+00	-5.00e-01
12:	0.00e+00	0.00e+00
13:	-1.43e+00	-5.00e-01
14:	0.00e+00	-5.00e-01
15:	0.00e+00	2.10e-15
16:	9.29e-01	2.07e-15
17:	0.00e+00	1.39e-17
18:	0.00e+00	2.11e-15
19:	-9.29e-01	2.11e-15
20:	0.00e+00	6.94e-18
21:	0.00e+00	2.09e-15
22:	1.43e+00	2.06e-15
23:	0.00e+00	1.39e-17
24:	0.00e+00	0.00e+00
25:	2.36e+00	0.00e+00
26:	0.00e+00	0.00e+00
27:	-1.86e+00	0.00e+00
28:	0.00e+00	-5.00e-01
29:	2.36e+00	-5.00e-01
30:	0.00e+00	6.94e-18
31:	0.00e+00	-2.00e+00
32:	0.00e+00	-5.00e-01
33:	-2.36e+00	-5.00e-01
34:	0.00e+00	2.08e-17
35:	1.86e+00	2.08e-17
36:	0.00e+00	2.08e-17
37:	-2.36e+00	2.08e-17
New op index: 1
Current grad: 85.5903848258555
New op index: 25
Current grad: 23.664872522316866
New op index: 29
Current grad: 17.500055591638244
New op index: 10
Current grad: 89.9379406275345
New op index: 29
Current grad: 18.437226181081257
New op index: 37
Current grad: 12.285754684021192
New op index: 22
Current grad: 75.30456488862042
New op index: 37
Current grad: 13.382652132466262
New op index: 33
Current grad: 7.220242420258194
New op index: 13
Current grad: 73.24940249393266
New op index: 33
Current grad: 7.966399891327461
New op index: 13
Current grad: 0.0015363456092755926
New op index: 13
Current grad: 0.0015363456092755926
Adding the same operator twice is not sensible, terminating.
Calculating energies for FreeWilson2D(N_x=2, N_y=2, mass=1.020, r=1.000)
h_im: 0.0
New op index: 25
Current grad: 24.20408163265304
0:	0.00e+00	0.00e+00
1:	1.51e+00	0.00e+00
2:	0.00e+00	0.00e+00
3:	0.00e+00	0.00e+00
4:	-1.01e+00	0.00e+00
5:	0.00e+00	0.00e+00
6:	0.00e+00	0.00e+00
7:	1.01e+00	0.00e+00
8:	0.00e+00	0.00e+00
9:	0.00e+00	0.00e+00
10:	-1.51e+00	-5.00e-01
11:	0.00e+00	-5.00e-01
12:	0.00e+00	0.00e+00
13:	-1.51e+00	-5.00e-01
14:	0.00e+00	-5.00e-01
15:	0.00e+00	2.10e-15
16:	1.01e+00	2.07e-15
17:	0.00e+00	1.39e-17
18:	0.00e+00	2.11e-15
19:	-1.01e+00	2.11e-15
20:	0.00e+00	6.94e-18
21:	0.00e+00	2.09e-15
22:	1.51e+00	2.06e-15
23:	0.00e+00	1.39e-17
24:	0.00e+00	0.00e+00
25:	2.52e+00	0.00e+00
26:	0.00e+00	0.00e+00
27:	-2.02e+00	0.00e+00
28:	0.00e+00	-5.00e-01
29:	2.52e+00	-5.00e-01
30:	0.00e+00	6.94e-18
31:	0.00e+00	-2.00e+00
32:	0.00e+00	-5.00e-01
33:	-2.52e+00	-5.00e-01
34:	0.00e+00	2.08e-17
35:	2.02e+00	2.08e-17
36:	0.00e+00	2.08e-17
37:	-2.52e+00	2.08e-17
New op index: 1
Current grad: 87.2558860713252
New op index: 25
Current grad: 25.176455063871018
New op index: 29
Current grad: 18.64432613496541
New op index: 10
Current grad: 90.61255679095322
New op index: 29
Current grad: 19.611479233588284
New op index: 33
Current grad: 13.102572382457522
New op index: 13
Current grad: 75.65673028949747
New op index: 33
Current grad: 14.025347335268355
New op index: 37
Current grad: 6.5436610139506275
New op index: 22
Current grad: 72.85761856018804
New op index: 37
Current grad: 7.384599592124131
New op index: 10
Current grad: 0.025883504253536513
New op index: 37
Current grad: 0.014196856896403178
Adding the same operator twice is not sensible, terminating.
Calculating energies for FreeWilson2D(N_x=2, N_y=2, mass=1.184, r=1.000)
h_im: 0.0
New op index: 25
Current grad: 25.83673469387752
0:	0.00e+00	0.00e+00
1:	1.59e+00	0.00e+00
2:	0.00e+00	0.00e+00
3:	0.00e+00	0.00e+00
4:	-1.09e+00	0.00e+00
5:	0.00e+00	0.00e+00
6:	0.00e+00	0.00e+00
7:	1.09e+00	0.00e+00
8:	0.00e+00	0.00e+00
9:	0.00e+00	0.00e+00
10:	-1.59e+00	-5.00e-01
11:	0.00e+00	-5.00e-01
12:	0.00e+00	0.00e+00
13:	-1.59e+00	-5.00e-01
14:	0.00e+00	-5.00e-01
15:	0.00e+00	2.10e-15
16:	1.09e+00	2.07e-15
17:	0.00e+00	1.39e-17
18:	0.00e+00	2.11e-15
19:	-1.09e+00	2.11e-15
20:	0.00e+00	6.94e-18
21:	0.00e+00	2.09e-15
22:	1.59e+00	2.06e-15
23:	0.00e+00	1.39e-17
24:	0.00e+00	0.00e+00
25:	2.68e+00	0.00e+00
26:	0.00e+00	0.00e+00
27:	-2.18e+00	0.00e+00
28:	0.00e+00	-5.00e-01
29:	2.68e+00	-5.00e-01
30:	0.00e+00	6.94e-18
31:	0.00e+00	-2.00e+00
32:	0.00e+00	-5.00e-01
33:	-2.68e+00	-5.00e-01
34:	0.00e+00	2.08e-17
35:	2.18e+00	2.08e-17
36:	0.00e+00	2.08e-17
37:	-2.68e+00	2.08e-17
New op index: 1
Current grad: 88.88476576864014
New op index: 25
Current grad: 26.700973233973073
New op index: 29
Current grad: 19.785772481124845
New op index: 7
Current grad: 81.8238671045933
New op index: 29
Current grad: 20.795506981839782
New op index: 37
Current grad: 13.93914050523922
New op index: 22
Current grad: 76.97208103608637
New op index: 37
Current grad: 14.79416540053436
New op index: 33
Current grad: 7.877357023372737
New op index: 13
Current grad: 73.52035229002027
New op index: 33
Current grad: 8.6850297897815
New op index: 37
Current grad: 0.015204119500797152
Adding the same operator twice is not sensible, terminating.
Calculating energies for FreeWilson2D(N_x=2, N_y=2, mass=1.347, r=1.000)
h_im: 0.0
New op index: 25
Current grad: 27.469387755102005
0:	0.00e+00	0.00e+00
1:	1.67e+00	0.00e+00
2:	0.00e+00	0.00e+00
3:	0.00e+00	0.00e+00
4:	-1.17e+00	0.00e+00
5:	0.00e+00	0.00e+00
6:	0.00e+00	0.00e+00
7:	1.17e+00	0.00e+00
8:	0.00e+00	0.00e+00
9:	0.00e+00	0.00e+00
10:	-1.67e+00	-5.00e-01
11:	0.00e+00	-5.00e-01
12:	0.00e+00	0.00e+00
13:	-1.67e+00	-5.00e-01
14:	0.00e+00	-5.00e-01
15:	0.00e+00	2.10e-15
16:	1.17e+00	2.07e-15
17:	0.00e+00	1.39e-17
18:	0.00e+00	2.11e-15
19:	-1.17e+00	2.11e-15
20:	0.00e+00	6.94e-18
21:	0.00e+00	2.09e-15
22:	1.67e+00	2.06e-15
23:	0.00e+00	1.39e-17
24:	0.00e+00	0.00e+00
25:	2.85e+00	0.00e+00
26:	0.00e+00	0.00e+00
27:	-2.35e+00	0.00e+00
28:	0.00e+00	-5.00e-01
29:	2.85e+00	-5.00e-01
30:	0.00e+00	6.94e-18
31:	0.00e+00	-2.00e+00
32:	0.00e+00	-5.00e-01
33:	-2.85e+00	-5.00e-01
34:	0.00e+00	2.08e-17
35:	2.35e+00	2.08e-17
36:	0.00e+00	2.08e-17
37:	-2.85e+00	2.08e-17
New op index: 1
Current grad: 90.48385091021719
New op index: 25
Current grad: 28.238507871995765
New op index: 29
Current grad: 20.93527020181654
New op index: 7
Current grad: 82.9358650955833
New op index: 29
Current grad: 21.98074285649739
New op index: 37
Current grad: 14.76028381064388
New op index: 22
Current grad: 77.76184936096297
New op index: 37
Current grad: 15.504976175702273
New op index: 33
Current grad: 8.205498362951735
New op index: 16
Current grad: 73.60991026005189
New op index: 33
Current grad: 9.047365014770595
New op index: 37
Current grad: 0.031509121976211515
Adding the same operator twice is not sensible, terminating.
Calculating energies for FreeWilson2D(N_x=2, N_y=2, mass=1.510, r=1.000)
h_im: 0.0
New op index: 25
Current grad: 29.1020408163265
0:	0.00e+00	0.00e+00
1:	1.76e+00	0.00e+00
2:	0.00e+00	0.00e+00
3:	0.00e+00	0.00e+00
4:	-1.26e+00	0.00e+00
5:	0.00e+00	0.00e+00
6:	0.00e+00	0.00e+00
7:	1.26e+00	0.00e+00
8:	0.00e+00	0.00e+00
9:	0.00e+00	0.00e+00
10:	-1.76e+00	-5.00e-01
11:	0.00e+00	-5.00e-01
12:	0.00e+00	0.00e+00
13:	-1.76e+00	-5.00e-01
14:	0.00e+00	-5.00e-01
15:	0.00e+00	2.10e-15
16:	1.26e+00	2.07e-15
17:	0.00e+00	1.39e-17
18:	0.00e+00	2.11e-15
19:	-1.26e+00	2.11e-15
20:	0.00e+00	6.94e-18
21:	0.00e+00	2.09e-15
22:	1.76e+00	2.06e-15
23:	0.00e+00	1.39e-17
24:	0.00e+00	0.00e+00
25:	3.01e+00	0.00e+00
26:	0.00e+00	0.00e+00
27:	-2.51e+00	0.00e+00
28:	0.00e+00	-5.00e-01
29:	3.01e+00	-5.00e-01
30:	0.00e+00	6.94e-18
31:	0.00e+00	-2.00e+00
32:	0.00e+00	-5.00e-01
33:	-3.01e+00	-5.00e-01
34:	0.00e+00	2.08e-17
35:	2.51e+00	2.08e-17
36:	0.00e+00	2.08e-17
37:	-3.01e+00	2.08e-17
New op index: 1
Current grad: 92.07868828650001
New op index: 25
Current grad: 29.76829164869218
New op index: 29
Current grad: 22.07147723973965
New op index: 7
Current grad: 84.0295812153699
New op index: 29
Current grad: 23.17479180066092
New op index: 33
Current grad: 15.552808218429357
New op index: 13
Current grad: 78.03763289134534
New op index: 33
Current grad: 16.14865616888368
New op index: 37
Current grad: 7.521700125506099
New op index: 22
Current grad: 73.20952113652133
New op index: 37
Current grad: 8.483823833676833
New op index: 7
Current grad: 0.0006228473074213023
Precision cutoff reached.
Calculating energies for FreeWilson2D(N_x=2, N_y=2, mass=1.673, r=1.000)
h_im: 0.0
New op index: 25
Current grad: 30.73469387755099
0:	0.00e+00	0.00e+00
1:	1.84e+00	0.00e+00
2:	0.00e+00	0.00e+00
3:	0.00e+00	0.00e+00
4:	-1.34e+00	0.00e+00
5:	0.00e+00	0.00e+00
6:	0.00e+00	0.00e+00
7:	1.34e+00	0.00e+00
8:	0.00e+00	0.00e+00
9:	0.00e+00	0.00e+00
10:	-1.84e+00	-5.00e-01
11:	0.00e+00	-5.00e-01
12:	0.00e+00	0.00e+00
13:	-1.84e+00	-5.00e-01
14:	0.00e+00	-5.00e-01
15:	0.00e+00	2.10e-15
16:	1.34e+00	2.07e-15
17:	0.00e+00	1.39e-17
18:	0.00e+00	2.11e-15
19:	-1.34e+00	2.12e-15
20:	0.00e+00	6.94e-18
21:	0.00e+00	2.09e-15
22:	1.84e+00	2.06e-15
23:	0.00e+00	1.39e-17
24:	0.00e+00	0.00e+00
25:	3.17e+00	0.00e+00
26:	0.00e+00	0.00e+00
27:	-2.67e+00	0.00e+00
28:	0.00e+00	-5.00e-01
29:	3.17e+00	-5.00e-01
30:	0.00e+00	6.94e-18
31:	0.00e+00	-2.00e+00
32:	0.00e+00	-5.00e-01
33:	-3.17e+00	-5.00e-01
34:	0.00e+00	2.08e-17
35:	2.67e+00	2.08e-17
36:	0.00e+00	2.08e-17
37:	-3.17e+00	2.08e-17
New op index: 1
Current grad: 93.64160232793803
New op index: 25
Current grad: 31.301051068773557
New op index: 29
Current grad: 23.21498921683527
New op index: 7
Current grad: 85.10749954668728
New op index: 29
Current grad: 24.35880356906311
New op index: 37
Current grad: 16.369012255288304
New op index: 22
Current grad: 79.27696136064117
New op index: 37
Current grad: 16.946973628701073
New op index: 33
Current grad: 8.854454659430342
New op index: 13
Current grad: 73.8287770701895
New op index: 33
Current grad: 9.774965368509571
New op index: 1
Current grad: 0.009933003039791036
New op index: 33
Current grad: 0.0049624477152358
Adding the same operator twice is not sensible, terminating.
Calculating energies for FreeWilson2D(N_x=2, N_y=2, mass=1.837, r=1.000)
h_im: 0.0
New op index: 25
Current grad: 32.367346938775476
0:	0.00e+00	0.00e+00
1:	1.92e+00	0.00e+00
2:	0.00e+00	0.00e+00
3:	0.00e+00	0.00e+00
4:	-1.42e+00	0.00e+00
5:	0.00e+00	0.00e+00
6:	0.00e+00	0.00e+00
7:	1.42e+00	0.00e+00
8:	0.00e+00	0.00e+00
9:	0.00e+00	0.00e+00
10:	-1.92e+00	-5.00e-01
11:	0.00e+00	-5.00e-01
12:	0.00e+00	0.00e+00
13:	-1.92e+00	-5.00e-01
14:	0.00e+00	-5.00e-01
15:	0.00e+00	2.10e-15
16:	1.42e+00	2.07e-15
17:	0.00e+00	1.39e-17
18:	0.00e+00	2.11e-15
19:	-1.42e+00	2.12e-15
20:	0.00e+00	6.94e-18
21:	0.00e+00	2.09e-15
22:	1.92e+00	2.06e-15
23:	0.00e+00	1.39e-17
24:	0.00e+00	0.00e+00
25:	3.34e+00	0.00e+00
26:	0.00e+00	0.00e+00
27:	-2.84e+00	0.00e+00
28:	0.00e+00	-5.00e-01
29:	3.34e+00	-5.00e-01
30:	0.00e+00	6.94e-18
31:	0.00e+00	-2.00e+00
32:	0.00e+00	-5.00e-01
33:	-3.34e+00	-5.00e-01
34:	0.00e+00	2.08e-17
35:	2.84e+00	2.08e-17
36:	0.00e+00	2.08e-17
37:	-3.34e+00	2.08e-17
New op index: 1
Current grad: 95.21283293147579
New op index: 25
Current grad: 32.82672815965584
New op index: 29
Current grad: 24.35755193024139
New op index: 7
Current grad: 86.16947625566502
New op index: 29
Current grad: 25.55078482587617
New op index: 33
Current grad: 17.196778399405982
New op index: 13
Current grad: 79.48240371857982
New op index: 33
Current grad: 17.567670642638834
New op index: 37
Current grad: 8.21043135911662
New op index: 22
Current grad: 73.44743039301333
New op index: 37
Current grad: 9.220855288180381
New op index: 19
Current grad: 0.02794751949063805
New op index: 33
Current grad: 0.004022252001021899
Adding the same operator twice is not sensible, terminating.
Calculating energies for FreeWilson2D(N_x=2, N_y=2, mass=2.000, r=1.000)
h_im: 0.0
New op index: 25
Current grad: 33.99999999999997
0:	0.00e+00	0.00e+00
1:	2.00e+00	0.00e+00
2:	0.00e+00	0.00e+00
3:	0.00e+00	0.00e+00
4:	-1.50e+00	0.00e+00
5:	0.00e+00	0.00e+00
6:	0.00e+00	0.00e+00
7:	1.50e+00	0.00e+00
8:	0.00e+00	0.00e+00
9:	0.00e+00	0.00e+00
10:	-2.00e+00	-5.00e-01
11:	0.00e+00	-5.00e-01
12:	0.00e+00	0.00e+00
13:	-2.00e+00	-5.00e-01
14:	0.00e+00	-5.00e-01
15:	0.00e+00	2.10e-15
16:	1.50e+00	2.07e-15
17:	0.00e+00	1.39e-17
18:	0.00e+00	2.11e-15
19:	-1.50e+00	2.12e-15
20:	0.00e+00	6.94e-18
21:	0.00e+00	2.09e-15
22:	2.00e+00	2.06e-15
23:	0.00e+00	1.39e-17
24:	0.00e+00	0.00e+00
25:	3.50e+00	0.00e+00
26:	0.00e+00	0.00e+00
27:	-3.00e+00	0.00e+00
28:	0.00e+00	-5.00e-01
29:	3.50e+00	-5.00e-01
30:	0.00e+00	6.94e-18
31:	0.00e+00	-2.00e+00
32:	0.00e+00	-5.00e-01
33:	-3.50e+00	-5.00e-01
34:	0.00e+00	2.08e-17
35:	3.00e+00	2.08e-17
36:	0.00e+00	2.08e-17
37:	-3.50e+00	2.08e-17
New op index: 4
Current grad: 105.43544743374595
New op index: 25
Current grad: 34.390290172641926
New op index: 29
Current grad: 25.500031015018735
New op index: 7
Current grad: 87.23422603407681
New op index: 29
Current grad: 26.751970043179053
New op index: 33
Current grad: 18.028789882149486
New op index: 16
Current grad: 88.93217105450466
New op index: 33
Current grad: 18.30885645451292
New op index: 37
Current grad: 8.500379866286103
New op index: 22
Current grad: 73.55853179169793
New op index: 37
Current grad: 9.592473783251755
New op index: 7
Current grad: 0.007475736949934125
New op index: 10
Current grad: 0.0023815236249857914
New op index: 37
Current grad: 0.0007827161934673802
Precision cutoff reached.
-----Beginning pprint-----
/:
	Attributes:
		ProcessId: 23862036
	2025-11-13_14-45-01-23862036:
		Attributes:
			HamiltonianType: ZeroChargePenalty
			Last-Modified: 2025-11-13_14-45-01
			ProcessId: 23862036
			SimulatorType: Statevector
			SolverName: AdaptVQE
			SystemName: FreeWilson2D
			n_x: 2
			n_y: 2
			r: 1.0
		AdaptOptions:
			Attributes:
				gradient_hamiltonian_type: HamiltonianType.ZeroChargePenalty
				max_depth: 30
				prec_cutoff: 0.001
				precision: 0
		AnsatzOperatorDerivatives: Dataset (dtype=float64, shape=(50, 19, 38), maxshape=(50, None, 38))
			Attributes:
				DIMENSION_LABELS: ['mass' 'AnsatzOperatorAxis' 'AnsatzPoolOperatorAxis']
				NDataDims: 2
		AnsatzOperatorSecondDerivatives: Dataset (dtype=float64, shape=(50, 19, 38), maxshape=(50, None, 38))
			Attributes:
				DIMENSION_LABELS: ['mass' 'AnsatzOperatorAxis' 'AnsatzPoolOperatorAxis']
				NDataDims: 2
		AnsatzOperators: Dataset (dtype=int64, shape=(50, 18), maxshape=(50, None))
			Attributes:
				DIMENSION_LABELS: ['mass' 'AnsatzOperatorAxis']
				NDataDims: 1
		Circuit:
			Attributes:
				Ansatz: HardwareAdaptAnsatz7
			AnsatzOptions:
				Attributes:
					num_qubits: 8
		CircuitParameters: Dataset (dtype=float64, shape=(50, 1610, 18), maxshape=(50, None, None))
			Attributes:
				DIMENSION_LABELS: ['mass' 'IterationAxis' 'CircuitParameterAxis']
				NDataDims: 2
		Data:
			Attributes:
			evs:
				Attributes:
				Hamiltonian: Dataset (dtype=float64, shape=(50, 1610), maxshape=(50, None))
					Attributes:
						DIMENSION_LABELS: ['mass' 'IterationAxis']
						NDataDims: 1
			stds:
				Attributes:
				Hamiltonian: Dataset (dtype=float64, shape=(50, 1610), maxshape=(50, None))
					Attributes:
						DIMENSION_LABELS: ['mass' 'IterationAxis']
						NDataDims: 1
		EstimatorOptions:
			Attributes:
				_VERSION: 2
				default_precision: Unset
				default_shots: Unset
				experimental: Unset
				max_execution_time: Unset
				resilience_level: Unset
				seed_estimator: 23862036
			dynamical_decoupling:
				Attributes:
					enable: Unset
					extra_slack_distribution: Unset
					scheduling_method: Unset
					sequence_type: Unset
					skip_reset_qubits: Unset
			environment:
				Attributes:
					callback: None
					job_tags: None
					log_level: WARNING
					private: False
			execution:
				Attributes:
					init_qubits: Unset
					rep_delay: Unset
			resilience:
				Attributes:
					layer_noise_model: Unset
					measure_mitigation: Unset
					pec_mitigation: Unset
					zne_mitigation: Unset
				layer_noise_learning:
					Attributes:
						layer_pair_depths: Unset
						max_layers_to_learn: Unset
						num_randomizations: Unset
						shots_per_randomization: Unset
				measure_noise_learning:
					Attributes:
						num_randomizations: Unset
						shots_per_randomization: Unset
				pec:
					Attributes:
						max_overhead: Unset
						noise_gain: Unset
				zne:
					Attributes:
						amplifier: Unset
						extrapolated_noise_factors: Unset
						extrapolator: Unset
						noise_factors: Unset
			simulator:
				Attributes:
					basis_gates: Unset
					coupling_map: Unset
					noise_model: Unset
					seed_simulator: Unset
			twirling:
				Attributes:
					enable_gates: Unset
					enable_measure: Unset
					num_randomizations: Unset
					shots_per_randomization: Unset
					strategy: Unset
		MetaData:
			Attributes:
			circuit_metadata: Dataset (dtype=object, shape=(50, 1610), maxshape=(50, None))
				Attributes:
					DIMENSION_LABELS: ['mass' 'IterationAxis']
					NDataDims: 1
			target_precision: Dataset (dtype=float64, shape=(50, 1610), maxshape=(50, None))
				Attributes:
					DIMENSION_LABELS: ['mass' 'IterationAxis']
					NDataDims: 1
			version: Dataset (dtype=int64, shape=(50, 1610), maxshape=(50, None))
				Attributes:
					DIMENSION_LABELS: ['mass' 'IterationAxis']
					NDataDims: 1
		NIterations: Dataset (dtype=int64, shape=(50,), maxshape=(50,))
			Attributes:
				DIMENSION_LABELS: ['mass']
				NDataDims: 0
		OptimizerOptions:
			Attributes:
				bounds: None
				callback: None
				constraints: []
				method: slsqp
				tol: None
				x0Seed: 23862036
			options:
				Attributes:
					disp: 0
					maxiter: 20000
		PresetPassManagerOptions:
			Attributes:
		SimulatorOptions:
			Attributes:
		StartIterations: Dataset (dtype=int64, shape=(50, 18), maxshape=(50, None))
			Attributes:
				DIMENSION_LABELS: ['mass' 'AnsatzOperatorAxis']
				NDataDims: 1
		VersionInfo:
			Attributes:
				QiskitAerVersion: 0.17.1
				QiskitIBMRuntimeVersion: 0.41.1
				QiskitVersion: 2.1.2
		mass: Dataset (dtype=float64, shape=(50,), maxshape=(50,))
			Attributes:
-----Ending pprint-----
End 2025-11-13 14:50:54 | 23862036 MyPyJob | node080 | /home/s6nidich_hpc/PycharmProjects/QC-MasterThesis 

