Start 2025-10-24 13:28:24 | 23763322 MyPyJob | node002 | /home/s6nidich_hpc/PycharmProjects/QC-MasterThesis 

Used python interpreter:
/home/s6nidich_hpc/PycharmProjects/QC-MasterThesis/.venv_intel_3_12_3/bin/python
Python version:
Python 3.12.3

Currently Loaded Modules:
  1) GCCcore/13.3.0                   7) Tcl/8.6.14-GCCcore-13.3.0
  2) zlib/1.3.1-GCCcore-13.3.0        8) SQLite/3.45.3-GCCcore-13.3.0
  3) binutils/2.42-GCCcore-13.3.0     9) XZ/5.4.5-GCCcore-13.3.0
  4) bzip2/1.0.8-GCCcore-13.3.0      10) libffi/3.4.5-GCCcore-13.3.0
  5) ncurses/6.5-GCCcore-13.3.0      11) OpenSSL/3
  6) libreadline/8.2-GCCcore-13.3.0  12) Python/3.12.3-GCCcore-13.3.0

 

Start of Program:

-----Beginning pprint-----
/:
	Attributes:
-----Ending pprint-----
Calculating energies for FreeWilson2D(N_x=2, N_y=2, mass=-6.000, r=1.000)
h: 0.0
New op index: 27
Current grad: 25.101116597477567
0:	3.05e-02	3.05e-02
1:	-2.10e+00	-1.04e-01
2:	7.50e-02	7.50e-02
3:	9.41e-02	9.41e-02
4:	2.30e+00	-1.95e-01
5:	-1.30e-01	-1.30e-01
6:	1.28e-02	1.28e-02
7:	-2.53e+00	-3.16e-02
8:	-1.68e-03	-1.68e-03
9:	-8.53e-02	-8.53e-02
10:	2.09e+00	-4.12e-01
11:	7.78e-02	-4.22e-01
12:	6.60e-03	6.60e-03
13:	2.11e+00	-3.87e-01
14:	4.68e-02	-4.53e-01
15:	-8.59e-02	-8.59e-02
16:	-2.46e+00	3.69e-02
17:	-9.59e-02	-9.59e-02
18:	8.78e-02	8.78e-02
19:	2.50e+00	-4.99e-03
20:	-1.85e-02	-1.85e-02
21:	-6.81e-02	-6.81e-02
22:	-1.88e+00	1.22e-01
23:	-1.55e-02	-1.55e-02
24:	4.57e-01	-4.28e-02
25:	-3.52e-02	-3.52e-02
26:	-4.47e-01	-4.47e-01
27:	4.04e+00	3.65e-02
28:	-4.59e-01	-4.59e-01
29:	4.31e-02	4.31e-02
30:	7.14e-01	2.14e-01
Return from COBYLA because the trust region radius reaches its lower bound.
Number of function values = 30   Least value of F = 198.53047170798845
The corresponding X is: [-0.7854]

New op index: 19
Current grad: 20.87653780347219
Return from COBYLA because the trust region radius reaches its lower bound.
Number of function values = 53   Least value of F = 151.03047170844619
The corresponding X is: [-0.78539855  1.57080071]

New op index: 7
Current grad: 18.1539352475238
Return from COBYLA because the trust region radius reaches its lower bound.
Number of function values = 884   Least value of F = 143.6694366311063
The corresponding X is:
[-0.74303708 -1.57069113  1.57079508]

New op index: 1
Current grad: 14.1469607722329
Return from COBYLA because the trust region radius reaches its lower bound.
Number of function values = 103   Least value of F = 91.67661834796587
The corresponding X is:
[-0.78370126 -1.57079551  1.57079163  1.57079053]

New op index: 16
Current grad: 11.91511020308041
Return from COBYLA because the trust region radius reaches its lower bound.
Number of function values = 1090   Least value of F = 90.11462629324245
The corresponding X is:
[-0.7845164  -1.56738683  1.57088429  1.57091888  1.32464453]

New op index: 13
Current grad: 9.77861133318917
Return from COBYLA because the trust region radius reaches its lower bound.
Number of function values = 247   Least value of F = 70.33209924462815
The corresponding X is:
[-0.53380967 -1.57247164  1.5705947   1.57076085  1.547737   -0.95502211]

New op index: 22
Current grad: 9.819679507809793
Return from COBYLA because the trust region radius reaches its lower bound.
Number of function values = 885   Least value of F = 41.061945328105615
The corresponding X is:
[-0.37955386 -1.57286959  1.57079735  1.57079794  1.5707976  -1.04304161
 -1.57080587]

New op index: 10
Current grad: 6.4635016911809275
Return from COBYLA because the trust region radius reaches its lower bound.
Number of function values = 6715   Least value of F = 36.028030309040886
The corresponding X is:
[-0.01586512 -1.57570317  1.57076708  1.57077531  1.57076605 -1.55497018
  1.57078361 -1.55001985]

New op index: 4
Current grad: 4.501383057555101
Return from COBYLA because the trust region radius reaches its lower bound.
Number of function values = 5250   Least value of F = -15.969521242324259
The corresponding X is:
[-0.01620574 -1.57079322  1.5707894   1.57080065  1.57079536 -1.55458229
  1.57079765 -1.55457262 -1.57079293]

New op index: 30
Current grad: 2.092218337927169
Return from COBYLA because the trust region radius reaches its lower bound.
Number of function values = 474   Least value of F = -15.969522161696705
The corresponding X is:
[-0.01565514 -1.57080003  1.5707969   1.57079877  1.57079902 -1.55513648
  1.57080285 -1.55513626 -1.57079223 -0.05004153]

New op index: 30
Current grad: 2.0923316343114555
Adding the same operator twice is not sensible, terminating.
Calculating energies for FreeWilson2D(N_x=2, N_y=2, mass=-3.333, r=1.000)
h: 0.0
New op index: 27
Current grad: 11.767783264144239
0:	3.05e-02	3.05e-02
1:	-7.71e-01	-1.04e-01
2:	7.50e-02	7.50e-02
3:	9.41e-02	9.41e-02
4:	9.72e-01	-1.95e-01
5:	-1.30e-01	-1.30e-01
6:	1.28e-02	1.28e-02
7:	-1.20e+00	-3.16e-02
8:	-1.68e-03	-1.68e-03
9:	-8.53e-02	-8.53e-02
10:	7.55e-01	-4.12e-01
11:	7.78e-02	-4.22e-01
12:	6.60e-03	6.60e-03
13:	7.79e-01	-3.87e-01
14:	4.68e-02	-4.53e-01
15:	-8.59e-02	-8.59e-02
16:	-1.13e+00	3.69e-02
17:	-9.59e-02	-9.59e-02
18:	8.78e-02	8.78e-02
19:	1.16e+00	-4.99e-03
20:	-1.85e-02	-1.85e-02
21:	-6.81e-02	-6.81e-02
22:	-5.44e-01	1.22e-01
23:	-1.55e-02	-1.55e-02
24:	4.57e-01	-4.28e-02
25:	-3.52e-02	-3.52e-02
26:	-4.47e-01	-4.47e-01
27:	1.37e+00	3.65e-02
28:	-4.59e-01	-4.59e-01
29:	4.31e-02	4.31e-02
30:	7.14e-01	2.14e-01
Return from COBYLA because the trust region radius reaches its lower bound.
Number of function values = 30   Least value of F = 199.8638050413128
The corresponding X is: [-0.7854]

New op index: 13
Current grad: 10.990932978655852
Return from COBYLA because the trust region radius reaches its lower bound.
Number of function values = 44   Least value of F = 151.53047170812633
The corresponding X is: [-1.5707947  1.5707982]

New op index: 19
Current grad: 9.030692055783227
Return from COBYLA because the trust region radius reaches its lower bound.
Number of function values = 1081   Least value of F = 149.5212511976792
The corresponding X is:
[-0.08165839  1.65537458 -1.5707983 ]

New op index: 7
Current grad: 7.875008724342709
Return from COBYLA because the trust region radius reaches its lower bound.
Number of function values = 91   Least value of F = 99.1920944914104
The corresponding X is:
[-1.5604844   1.57066011 -1.57079748  1.58066716]

New op index: 1
Current grad: 4.978243835190382
Return from COBYLA because the trust region radius reaches its lower bound.
Number of function values = 2570   Least value of F = 96.27962124021667
The corresponding X is:
[-0.23209328 -1.29166622 -1.57079894  1.56902592  1.5707978 ]

New op index: 10
Current grad: 5.5942536026660825
Return from COBYLA because the trust region radius reaches its lower bound.
Number of function values = 2441   Least value of F = 96.02537384041091
The corresponding X is:
[-6.52455390e-04 -1.59827701e+00 -1.57079829e+00  1.56639594e+00
  1.57079322e+00 -9.27939957e-01]

New op index: 16
Current grad: 5.313840777283592
Return from COBYLA because the trust region radius reaches its lower bound.
Number of function values = 4075   Least value of F = 46.02307735172164
The corresponding X is:
[-0.01643299 -1.55454656 -1.58066947  1.57069375  1.57079648 -1.54448862
  1.56092908]

New op index: 30
Current grad: 5.0008435231279345
Return from COBYLA because the trust region radius reaches its lower bound.
Number of function values = 4259   Least value of F = 45.97806588822282
The corresponding X is:
[-0.01347721 -1.55926726 -1.94475248  1.57070652  1.57079572 -1.54744547
  1.56112988  0.18451585]

New op index: 30
Current grad: 4.918238080208894
Adding the same operator twice is not sensible, terminating.
Calculating energies for FreeWilson2D(N_x=2, N_y=2, mass=-0.667, r=1.000)
h: 0.0
New op index: 27
Current grad: 7.740571919667763
0:	3.05e-02	3.05e-02
1:	5.63e-01	-1.04e-01
2:	7.50e-02	7.50e-02
3:	9.41e-02	9.41e-02
4:	-3.62e-01	-1.95e-01
5:	-1.30e-01	-1.30e-01
6:	1.28e-02	1.28e-02
7:	1.35e-01	-3.16e-02
8:	-1.68e-03	-1.68e-03
9:	-8.53e-02	-8.53e-02
10:	-5.79e-01	-4.12e-01
11:	7.78e-02	-4.22e-01
12:	6.60e-03	6.60e-03
13:	-5.54e-01	-3.87e-01
14:	4.68e-02	-4.53e-01
15:	-8.59e-02	-8.59e-02
16:	2.04e-01	3.69e-02
17:	-9.59e-02	-9.59e-02
18:	8.78e-02	8.78e-02
19:	-1.72e-01	-4.99e-03
20:	-1.85e-02	-1.85e-02
21:	-6.81e-02	-6.81e-02
22:	7.89e-01	1.22e-01
23:	-1.55e-02	-1.55e-02
24:	4.57e-01	-4.28e-02
25:	-3.52e-02	-3.52e-02
26:	-4.47e-01	-4.47e-01
27:	-1.30e+00	3.65e-02
28:	-4.59e-01	-4.59e-01
29:	4.31e-02	4.31e-02
30:	7.14e-01	2.14e-01
Return from COBYLA because the trust region radius reaches its lower bound.
Number of function values = 27   Least value of F = 199.86380504131284
The corresponding X is: [0.7854]

New op index: 28
Current grad: 9.433600917813463
Return from COBYLA because the trust region radius reaches its lower bound.
Number of function values = 50   Least value of F = 151.425410483862
The corresponding X is: [ 1.54378293 -0.78183918]

New op index: 26
Current grad: 8.659203318788355
Return from COBYLA because the trust region radius reaches its lower bound.
Number of function values = 1606   Least value of F = 150.282293829289
The corresponding X is:
[ 0.47561282 -0.99827184  0.57348019]

New op index: 22
Current grad: 8.116542880369227
Return from COBYLA because the trust region radius reaches its lower bound.
Number of function values = 4275   Least value of F = 146.93497312402144
The corresponding X is:
[ 1.03084459  1.03196193  1.00220501 -1.57081646]

New op index: 27
Current grad: 7.88316904019344
Return from COBYLA because the trust region radius reaches its lower bound.
Number of function values = 270   Least value of F = 98.76677359418849
The corresponding X is:
[ 2.33150068  1.53717754  1.53717544 -1.57079425 -0.78217948]

New op index: 4
Current grad: 5.524106794201965
Return from COBYLA because the trust region radius reaches its lower bound.
Number of function values = 13084   Least value of F = 96.52567640258484
The corresponding X is:
[ 0.72311683 -0.70761692  2.48038438 -1.57079917 -0.84795018  1.56792815]

New op index: 19
Current grad: 4.590408602217756
Return from COBYLA because the trust region radius reaches its lower bound.
Number of function values = 212   Least value of F = 47.789754772881814
The corresponding X is:
[ 0.7601883  -1.5386548   1.61274393 -1.57111737 -0.78574336  1.56383898
  1.57777757]

New op index: 1
Current grad: 3.657609636003632
Return from COBYLA because the trust region radius reaches its lower bound.
Number of function values = 2605   Least value of F = 45.357105234960244
The corresponding X is:
[ 0.69407696 -0.73188622  2.40929588 -1.5837484  -0.87798302  1.56785716
  1.57373933 -1.55784697]

New op index: 16
Current grad: 4.872304367660749
Return from COBYLA because the trust region radius reaches its lower bound.
Number of function values = 10188   Least value of F = 45.15286245017305
The corresponding X is:
[ 0.53833833 -0.36311955  2.382549   -1.58525759 -0.81392412  1.56817714
  1.57419881 -1.53835529 -0.88967259]

New op index: 7
Current grad: 4.180848253403896
Return from COBYLA because the trust region radius reaches its lower bound.
Number of function values = 423   Least value of F = -4.485410258595025
The corresponding X is:
[ 1.57079445  0.01373121  1.54062116 -1.57079946 -0.78539881  1.57091599
  1.57090705 -1.57080074 -1.57079706 -1.570794  ]

New op index: 30
Current grad: 2.0964497268932303
Return from COBYLA because the trust region radius reaches its lower bound.
Number of function values = 85   Least value of F = -4.485410262910077
The corresponding X is:
[ 1.57079515  0.01373278  1.5406184  -1.57079804 -0.78539716  1.57091393
  1.57091039 -1.57079915 -1.57079594 -1.5707959  -0.05000344]

New op index: 30
Current grad: 2.096466283372203
Adding the same operator twice is not sensible, terminating.
Calculating energies for FreeWilson2D(N_x=2, N_y=2, mass=2.000, r=1.000)
h: 0.0
New op index: 27
Current grad: 21.073905253001083
0:	3.05e-02	3.05e-02
1:	1.90e+00	-1.04e-01
2:	7.50e-02	7.50e-02
3:	9.41e-02	9.41e-02
4:	-1.70e+00	-1.95e-01
5:	-1.30e-01	-1.30e-01
6:	1.28e-02	1.28e-02
7:	1.47e+00	-3.16e-02
8:	-1.68e-03	-1.68e-03
9:	-8.53e-02	-8.53e-02
10:	-1.91e+00	-4.12e-01
11:	7.78e-02	-4.22e-01
12:	6.60e-03	6.60e-03
13:	-1.89e+00	-3.87e-01
14:	4.68e-02	-4.53e-01
15:	-8.59e-02	-8.59e-02
16:	1.54e+00	3.69e-02
17:	-9.59e-02	-9.59e-02
18:	8.78e-02	8.78e-02
19:	-1.50e+00	-4.99e-03
20:	-1.85e-02	-1.85e-02
21:	-6.81e-02	-6.81e-02
22:	2.12e+00	1.22e-01
23:	-1.55e-02	-1.55e-02
24:	4.57e-01	-4.28e-02
25:	-3.52e-02	-3.52e-02
26:	-4.47e-01	-4.47e-01
27:	-3.96e+00	3.65e-02
28:	-4.59e-01	-4.59e-01
29:	4.31e-02	4.31e-02
30:	7.14e-01	2.14e-01
Return from COBYLA because the trust region radius reaches its lower bound.
Number of function values = 27   Least value of F = 198.5304717079885
The corresponding X is: [0.7854]

New op index: 22
Current grad: 19.319225333057016
Return from COBYLA because the trust region radius reaches its lower bound.
Number of function values = 52   Least value of F = 146.5304717118544
The corresponding X is: [ 0.78539818 -1.57078411]

New op index: 10
Current grad: 17.94016298529685
Return from COBYLA because the trust region radius reaches its lower bound.
Number of function values = 617   Least value of F = 145.35898200640182
The corresponding X is:
[ 0.41452816 -1.57079444  0.97839077]

New op index: 13
Current grad: 17.430074668296054
Return from COBYLA because the trust region radius reaches its lower bound.
Number of function values = 2044   Least value of F = 143.53047707134002
The corresponding X is:
[ 0.01788151 -1.57080018  1.55277167  1.55281432]

New op index: 16
Current grad: 13.479697078972084
Return from COBYLA because the trust region radius reaches its lower bound.
Number of function values = 2331   Least value of F = 92.02567256544812
The corresponding X is:
[ 0.01688818 -1.57079154  1.55381209  1.5635102  -1.56118125]

New op index: 19
Current grad: 10.713694753315634
Return from COBYLA because the trust region radius reaches its lower bound.
Number of function values = 931   Least value of F = 90.02924730206418
The corresponding X is:
[ 0.01171664 -1.57081719  1.5587922   1.55931827 -1.56589566  1.57058372]

New op index: 7
Current grad: 8.979868654671836
Return from COBYLA because the trust region radius reaches its lower bound.
Number of function values = 3131   Least value of F = 38.02567097549298
The corresponding X is:
[-0.01639718 -1.57078881  1.59681677  1.58701491 -1.57079737  1.58041835
 -1.5707953 ]

New op index: 4
Current grad: 7.1128134912262695
Return from COBYLA because the trust region radius reaches its lower bound.
Number of function values = 1950   Least value of F = 36.028025396884054
The corresponding X is:
[-0.01732359 -1.56589555  1.58830167  1.58819643 -1.57084559  1.57087701
 -1.57569587  1.57074646]

New op index: 1
Current grad: 4.566365154454959
Return from COBYLA because the trust region radius reaches its lower bound.
Number of function values = 3374   Least value of F = -15.969521211780588
The corresponding X is:
[-0.0162309  -1.57079793  1.58702936  1.58703113 -1.57079485  1.57079704
 -1.57079642  1.57079052 -1.57079803]

New op index: 30
Current grad: 2.096384368125887
Return from COBYLA because the trust region radius reaches its lower bound.
Number of function values = 489   Least value of F = -15.96952225635338
The corresponding X is:
[-1.55894935e-02 -1.57079791e+00  1.58639156e+00  1.58640182e+00
 -1.57079824e+00  1.57079286e+00 -1.57080409e+00  1.57079523e+00
 -1.57079834e+00 -5.28788427e-05]

New op index: 30
Current grad: 2.0962643058697346
Adding the same operator twice is not sensible, terminating.
-----Beginning pprint-----
/:
	Attributes:
		ProcessId: 23763322
	2025-10-24_13-28-26-23763322:
		Attributes:
			HamiltonianType: ZeroChargePenalty
			Last-Modified: 2025-10-24_13-28-26
			ProcessId: 23763322
			SimulatorType: Statevector
			SolverName: AdaptVQE
			SystemName: FreeWilson2D
			n_x: 2
			n_y: 2
			r: 1.0
		AdaptOptions:
			Attributes:
				gradient_hamiltonian_type: HamiltonianType.Full
				max_depth: 40
				prec_cutoff: 0.001
		AnsatzOperatorDerivatives: Dataset (dtype=float64, shape=(4, 12, 31), maxshape=(4, None, 31))
			Attributes:
				DIMENSION_LABELS: ['mass' 'AnsatzOperatorAxis' 'AnsatzPoolOperatorAxis']
				NDataDims: 2
		AnsatzOperatorSecondDerivatives: Dataset (dtype=float64, shape=(4, 12, 31), maxshape=(4, None, 31))
			Attributes:
				DIMENSION_LABELS: ['mass' 'AnsatzOperatorAxis' 'AnsatzPoolOperatorAxis']
				NDataDims: 2
		AnsatzOperators: Dataset (dtype=int64, shape=(4, 11), maxshape=(4, None))
			Attributes:
				DIMENSION_LABELS: ['mass' 'AnsatzOperatorAxis']
				NDataDims: 1
		Circuit:
			Attributes:
				Ansatz: HardwareAdaptAnsatz1
			AnsatzOptions:
				Attributes:
					num_qubits: 8
		CircuitParameters: Dataset (dtype=float64, shape=(4, 32830, 11), maxshape=(4, None, None))
			Attributes:
				DIMENSION_LABELS: ['mass' 'IterationAxis' 'CircuitParameterAxis']
				NDataDims: 2
		Data:
			Attributes:
			evs:
				Attributes:
				Hamiltonian: Dataset (dtype=float64, shape=(4, 32830), maxshape=(4, None))
					Attributes:
						DIMENSION_LABELS: ['mass' 'IterationAxis']
						NDataDims: 1
			stds:
				Attributes:
				Hamiltonian: Dataset (dtype=float64, shape=(4, 32830), maxshape=(4, None))
					Attributes:
						DIMENSION_LABELS: ['mass' 'IterationAxis']
						NDataDims: 1
		EstimatorOptions:
			Attributes:
				_VERSION: 2
				default_precision: 0.1
				default_shots: Unset
				experimental: Unset
				max_execution_time: Unset
				resilience_level: Unset
				seed_estimator: 23763322
			dynamical_decoupling:
				Attributes:
					enable: Unset
					extra_slack_distribution: Unset
					scheduling_method: Unset
					sequence_type: Unset
					skip_reset_qubits: Unset
			environment:
				Attributes:
					callback: None
					job_tags: None
					log_level: WARNING
					private: False
			execution:
				Attributes:
					init_qubits: Unset
					rep_delay: Unset
			resilience:
				Attributes:
					layer_noise_model: Unset
					measure_mitigation: Unset
					pec_mitigation: Unset
					zne_mitigation: Unset
				layer_noise_learning:
					Attributes:
						layer_pair_depths: Unset
						max_layers_to_learn: Unset
						num_randomizations: Unset
						shots_per_randomization: Unset
				measure_noise_learning:
					Attributes:
						num_randomizations: Unset
						shots_per_randomization: Unset
				pec:
					Attributes:
						max_overhead: Unset
						noise_gain: Unset
				zne:
					Attributes:
						amplifier: Unset
						extrapolated_noise_factors: Unset
						extrapolator: Unset
						noise_factors: Unset
			simulator:
				Attributes:
					basis_gates: Unset
					coupling_map: Unset
					noise_model: Unset
					seed_simulator: Unset
			twirling:
				Attributes:
					enable_gates: Unset
					enable_measure: Unset
					num_randomizations: Unset
					shots_per_randomization: Unset
					strategy: Unset
		MetaData:
			Attributes:
			circuit_metadata: Dataset (dtype=object, shape=(4, 32830), maxshape=(4, None))
				Attributes:
					DIMENSION_LABELS: ['mass' 'IterationAxis']
					NDataDims: 1
			target_precision: Dataset (dtype=float64, shape=(4, 32830), maxshape=(4, None))
				Attributes:
					DIMENSION_LABELS: ['mass' 'IterationAxis']
					NDataDims: 1
			version: Dataset (dtype=int64, shape=(4, 32830), maxshape=(4, None))
				Attributes:
					DIMENSION_LABELS: ['mass' 'IterationAxis']
					NDataDims: 1
		NIterations: Dataset (dtype=int64, shape=(4,), maxshape=(4,))
			Attributes:
				DIMENSION_LABELS: ['mass']
				NDataDims: 0
		OptimizerOptions:
			Attributes:
				bounds: None
				callback: None
				constraints: []
				method: cobyla
				tol: 1e-05
				x0Seed: 23763322
			options:
				Attributes:
					disp: 1
					maxiter: 20000
		PresetPassManagerOptions:
			Attributes:
		SimulatorOptions:
			Attributes:
		StartIterations: Dataset (dtype=int64, shape=(4, 11), maxshape=(4, None))
			Attributes:
				DIMENSION_LABELS: ['mass' 'AnsatzOperatorAxis']
				NDataDims: 1
		VersionInfo:
			Attributes:
				QiskitAerVersion: 0.17.1
				QiskitIBMRuntimeVersion: 0.41.1
				QiskitVersion: 2.1.2
		mass: Dataset (dtype=float64, shape=(4,), maxshape=(4,))
			Attributes:
-----Ending pprint-----
End 2025-10-24 13:36:36 | 23763322 MyPyJob | node002 | /home/s6nidich_hpc/PycharmProjects/QC-MasterThesis 

