Start 2025-10-22 17:24:13 | 23753943 MyPyJob | node005 | /home/s6nidich_hpc/PycharmProjects/QC-MasterThesis 

Used python interpreter:
/home/s6nidich_hpc/PycharmProjects/QC-MasterThesis/.venv_intel_3_12_3/bin/python
Python version:
Python 3.12.3

Currently Loaded Modules:
  1) GCCcore/13.3.0                   7) Tcl/8.6.14-GCCcore-13.3.0
  2) zlib/1.3.1-GCCcore-13.3.0        8) SQLite/3.45.3-GCCcore-13.3.0
  3) binutils/2.42-GCCcore-13.3.0     9) XZ/5.4.5-GCCcore-13.3.0
  4) bzip2/1.0.8-GCCcore-13.3.0      10) libffi/3.4.5-GCCcore-13.3.0
  5) ncurses/6.5-GCCcore-13.3.0      11) OpenSSL/3
  6) libreadline/8.2-GCCcore-13.3.0  12) Python/3.12.3-GCCcore-13.3.0

 

Start of Program:

-----Beginning pprint-----
/:
	Attributes:
-----Ending pprint-----
Calculating energies for FreeWilson2D(N_x=2, N_y=2, mass=-6.000, r=1.000)
h: 0.0
New op index: 0
Current grad: 0.0
0:	0.00e+00	2.00e+00
1:	0.00e+00	2.00e+00
2:	0.00e+00	0.00e+00
3:	0.00e+00	2.00e+00
4:	0.00e+00	2.00e+00
5:	0.00e+00	0.00e+00
6:	0.00e+00	2.00e+00
7:	0.00e+00	2.00e+00
8:	0.00e+00	0.00e+00
9:	0.00e+00	2.00e+00
10:	0.00e+00	2.00e+00
11:	0.00e+00	0.00e+00
12:	0.00e+00	-2.00e+00
13:	0.00e+00	-2.00e+00
14:	0.00e+00	0.00e+00
15:	0.00e+00	-2.00e+00
16:	0.00e+00	-2.00e+00
17:	0.00e+00	0.00e+00
18:	0.00e+00	-2.00e+00
19:	0.00e+00	-2.00e+00
20:	0.00e+00	0.00e+00
21:	0.00e+00	-2.00e+00
22:	0.00e+00	-2.00e+00
23:	0.00e+00	0.00e+00
24:	0.00e+00	0.00e+00
25:	0.00e+00	0.00e+00
26:	0.00e+00	0.00e+00
27:	0.00e+00	0.00e+00
28:	0.00e+00	0.00e+00
29:	0.00e+00	0.00e+00
30:	0.00e+00	0.00e+00
Selecting saddle point: 2 with second gradient of 0.0
Return from COBYLA because the trust region radius reaches its lower bound.
Number of function values = 4   Least value of F = 0.0
The corresponding X is: [4.14159265]

New op index: 0
Current grad: 0.0
Precision cutoff reached.
Calculating energies for FreeWilson2D(N_x=2, N_y=2, mass=-3.333, r=1.000)
h: 0.0
New op index: 0
Current grad: 0.0
0:	0.00e+00	6.67e-01
1:	0.00e+00	6.67e-01
2:	0.00e+00	0.00e+00
3:	0.00e+00	6.67e-01
4:	0.00e+00	6.67e-01
5:	0.00e+00	0.00e+00
6:	0.00e+00	6.67e-01
7:	0.00e+00	6.67e-01
8:	0.00e+00	0.00e+00
9:	0.00e+00	6.67e-01
10:	0.00e+00	6.67e-01
11:	0.00e+00	0.00e+00
12:	0.00e+00	-6.67e-01
13:	0.00e+00	-6.67e-01
14:	0.00e+00	0.00e+00
15:	0.00e+00	-6.67e-01
16:	0.00e+00	-6.67e-01
17:	0.00e+00	0.00e+00
18:	0.00e+00	-6.67e-01
19:	0.00e+00	-6.67e-01
20:	0.00e+00	0.00e+00
21:	0.00e+00	-6.67e-01
22:	0.00e+00	-6.67e-01
23:	0.00e+00	0.00e+00
24:	0.00e+00	0.00e+00
25:	0.00e+00	0.00e+00
26:	0.00e+00	0.00e+00
27:	0.00e+00	0.00e+00
28:	0.00e+00	0.00e+00
29:	0.00e+00	0.00e+00
30:	0.00e+00	0.00e+00
Selecting saddle point: 2 with second gradient of 0.0
Return from COBYLA because the trust region radius reaches its lower bound.
Number of function values = 4   Least value of F = 2.375877272697835e-14
The corresponding X is: [4.14159265]

New op index: 0
Current grad: 0.0
Precision cutoff reached.
Calculating energies for FreeWilson2D(N_x=2, N_y=2, mass=-0.667, r=1.000)
h: 0.0
New op index: 0
Current grad: 0.0
0:	0.00e+00	-6.67e-01
1:	0.00e+00	-6.67e-01
2:	0.00e+00	0.00e+00
3:	0.00e+00	-6.67e-01
4:	0.00e+00	-6.67e-01
5:	0.00e+00	0.00e+00
6:	0.00e+00	-6.67e-01
7:	0.00e+00	-6.67e-01
8:	0.00e+00	0.00e+00
9:	0.00e+00	-6.67e-01
10:	0.00e+00	-6.67e-01
11:	0.00e+00	0.00e+00
12:	0.00e+00	6.67e-01
13:	0.00e+00	6.67e-01
14:	0.00e+00	0.00e+00
15:	0.00e+00	6.67e-01
16:	0.00e+00	6.67e-01
17:	0.00e+00	0.00e+00
18:	0.00e+00	6.67e-01
19:	0.00e+00	6.67e-01
20:	0.00e+00	0.00e+00
21:	0.00e+00	6.67e-01
22:	0.00e+00	6.67e-01
23:	0.00e+00	0.00e+00
24:	0.00e+00	0.00e+00
25:	0.00e+00	0.00e+00
26:	0.00e+00	0.00e+00
27:	0.00e+00	0.00e+00
28:	0.00e+00	0.00e+00
29:	0.00e+00	0.00e+00
30:	0.00e+00	0.00e+00
Selecting saddle point: 2 with second gradient of 0.0
Return from COBYLA because the trust region radius reaches its lower bound.
Number of function values = 4   Least value of F = -2.353672812205332e-14
The corresponding X is: [4.14159265]

New op index: 0
Current grad: 0.0
Precision cutoff reached.
Calculating energies for FreeWilson2D(N_x=2, N_y=2, mass=2.000, r=1.000)
h: 0.0
New op index: 0
Current grad: 0.0
0:	0.00e+00	-2.00e+00
1:	0.00e+00	-2.00e+00
2:	0.00e+00	0.00e+00
3:	0.00e+00	-2.00e+00
4:	0.00e+00	-2.00e+00
5:	0.00e+00	0.00e+00
6:	0.00e+00	-2.00e+00
7:	0.00e+00	-2.00e+00
8:	0.00e+00	0.00e+00
9:	0.00e+00	-2.00e+00
10:	0.00e+00	-2.00e+00
11:	0.00e+00	0.00e+00
12:	0.00e+00	2.00e+00
13:	0.00e+00	2.00e+00
14:	0.00e+00	0.00e+00
15:	0.00e+00	2.00e+00
16:	0.00e+00	2.00e+00
17:	0.00e+00	0.00e+00
18:	0.00e+00	2.00e+00
19:	0.00e+00	2.00e+00
20:	0.00e+00	0.00e+00
21:	0.00e+00	2.00e+00
22:	0.00e+00	2.00e+00
23:	0.00e+00	0.00e+00
24:	0.00e+00	0.00e+00
25:	0.00e+00	0.00e+00
26:	0.00e+00	0.00e+00
27:	0.00e+00	0.00e+00
28:	0.00e+00	0.00e+00
29:	0.00e+00	0.00e+00
30:	0.00e+00	0.00e+00
Selecting saddle point: 2 with second gradient of 0.0
Return from COBYLA because the trust region radius reaches its lower bound.
Number of function values = 4   Least value of F = 0.0
The corresponding X is: [4.14159265]

New op index: 0
Current grad: 0.0
Precision cutoff reached.
-----Beginning pprint-----
/:
	Attributes:
		ProcessId: 23753943
	2025-10-22_17-24-14-23753943:
		Attributes:
			HamiltonianType: ZeroChargePenalty
			Last-Modified: 2025-10-22_17-24-14
			ProcessId: 23753943
			SimulatorType: Statevector
			SolverName: AdaptVQE
			SystemName: FreeWilson2D
			n_x: 2
			n_y: 2
			r: 1.0
		AdaptOptions:
			Attributes:
				gradient_hamiltonian_type: HamiltonianType.Full
				max_depth: 40
				prec_cutoff: 0.001
		AnsatzOperatorDerivatives: Dataset (dtype=float64, shape=(4, 2, 31), maxshape=(4, None, 31))
			Attributes:
				DIMENSION_LABELS: ['mass' 'AnsatzOperatorAxis' 'AnsatzPoolOperatorAxis']
				NDataDims: 2
		AnsatzOperatorSecondDerivatives: Dataset (dtype=float64, shape=(4, 2, 31), maxshape=(4, None, 31))
			Attributes:
				DIMENSION_LABELS: ['mass' 'AnsatzOperatorAxis' 'AnsatzPoolOperatorAxis']
				NDataDims: 2
		AnsatzOperators: Dataset (dtype=int64, shape=(4, 1), maxshape=(4, None))
			Attributes:
				DIMENSION_LABELS: ['mass' 'AnsatzOperatorAxis']
				NDataDims: 1
		Circuit:
			Attributes:
				Ansatz: HardwareAdaptAnsatz2
			AnsatzOptions:
				Attributes:
					num_qubits: 8
		CircuitParameters: Dataset (dtype=float64, shape=(4, 10, 1), maxshape=(4, None, None))
			Attributes:
				DIMENSION_LABELS: ['mass' 'IterationAxis' 'CircuitParameterAxis']
				NDataDims: 2
		Data:
			Attributes:
			evs:
				Attributes:
				Hamiltonian: Dataset (dtype=float64, shape=(4, 10), maxshape=(4, None))
					Attributes:
						DIMENSION_LABELS: ['mass' 'IterationAxis']
						NDataDims: 1
			stds:
				Attributes:
				Hamiltonian: Dataset (dtype=float64, shape=(4, 10), maxshape=(4, None))
					Attributes:
						DIMENSION_LABELS: ['mass' 'IterationAxis']
						NDataDims: 1
		EstimatorOptions:
			Attributes:
				_VERSION: 2
				default_precision: Unset
				default_shots: Unset
				experimental: Unset
				max_execution_time: Unset
				resilience_level: Unset
				seed_estimator: 23753943
			dynamical_decoupling:
				Attributes:
					enable: Unset
					extra_slack_distribution: Unset
					scheduling_method: Unset
					sequence_type: Unset
					skip_reset_qubits: Unset
			environment:
				Attributes:
					callback: None
					job_tags: None
					log_level: WARNING
					private: False
			execution:
				Attributes:
					init_qubits: Unset
					rep_delay: Unset
			resilience:
				Attributes:
					layer_noise_model: Unset
					measure_mitigation: Unset
					pec_mitigation: Unset
					zne_mitigation: Unset
				layer_noise_learning:
					Attributes:
						layer_pair_depths: Unset
						max_layers_to_learn: Unset
						num_randomizations: Unset
						shots_per_randomization: Unset
				measure_noise_learning:
					Attributes:
						num_randomizations: Unset
						shots_per_randomization: Unset
				pec:
					Attributes:
						max_overhead: Unset
						noise_gain: Unset
				zne:
					Attributes:
						amplifier: Unset
						extrapolated_noise_factors: Unset
						extrapolator: Unset
						noise_factors: Unset
			simulator:
				Attributes:
					basis_gates: Unset
					coupling_map: Unset
					noise_model: Unset
					seed_simulator: Unset
			twirling:
				Attributes:
					enable_gates: Unset
					enable_measure: Unset
					num_randomizations: Unset
					shots_per_randomization: Unset
					strategy: Unset
		MetaData:
			Attributes:
			circuit_metadata: Dataset (dtype=object, shape=(4, 10), maxshape=(4, None))
				Attributes:
					DIMENSION_LABELS: ['mass' 'IterationAxis']
					NDataDims: 1
			target_precision: Dataset (dtype=float64, shape=(4, 10), maxshape=(4, None))
				Attributes:
					DIMENSION_LABELS: ['mass' 'IterationAxis']
					NDataDims: 1
			version: Dataset (dtype=int64, shape=(4, 10), maxshape=(4, None))
				Attributes:
					DIMENSION_LABELS: ['mass' 'IterationAxis']
					NDataDims: 1
		NIterations: Dataset (dtype=int64, shape=(4,), maxshape=(4,))
			Attributes:
				DIMENSION_LABELS: ['mass']
				NDataDims: 0
		OptimizerOptions:
			Attributes:
				bounds: None
				callback: None
				constraints: []
				method: cobyla
				tol: 1e-05
				x0Seed: 23753943
			options:
				Attributes:
					disp: 1
					maxiter: 20000
		PresetPassManagerOptions:
			Attributes:
		SimulatorOptions:
			Attributes:
		StartIterations: Dataset (dtype=int64, shape=(4, 1), maxshape=(4, None))
			Attributes:
				DIMENSION_LABELS: ['mass' 'AnsatzOperatorAxis']
				NDataDims: 1
		VersionInfo:
			Attributes:
				QiskitAerVersion: 0.17.1
				QiskitIBMRuntimeVersion: 0.41.1
				QiskitVersion: 2.1.2
		mass: Dataset (dtype=float64, shape=(4,), maxshape=(4,))
			Attributes:
-----Ending pprint-----
End 2025-10-22 17:24:15 | 23753943 MyPyJob | node005 | /home/s6nidich_hpc/PycharmProjects/QC-MasterThesis 

