Start 2026-07-30 12:56:01 | 26737355 MyPyJob | lmnode193 | /home/s6nidich_hpc/PycharmProjects/QC-MasterThesis 

Used python interpreter:
/home/s6nidich_hpc/PycharmProjects/QC-MasterThesis/.venv_intel_3_12_3/bin/python
Python version:
Python 3.12.3

Currently Loaded Modules:
  1) GCCcore/14.3.0                    8) Tcl/9.0.1-GCCcore-14.3.0
  2) zlib/1.3.1-GCCcore-14.3.0         9) SQLite/3.50.1-GCCcore-14.3.0
  3) binutils/2.44-GCCcore-14.3.0     10) XZ/5.8.1-GCCcore-14.3.0
  4) bzip2/1.0.8-GCCcore-14.3.0       11) libffi/3.5.1-GCCcore-14.3.0
  5) ncurses/6.5-GCCcore-14.3.0       12) OpenSSL/3
  6) libreadline/8.2-GCCcore-14.3.0   13) Python/3.13.5-GCCcore-14.3.0
  7) libtommath/1.3.0-GCCcore-14.3.0

 

Start of Program:

-----Beginning pprint-----
/:
	Attributes:
-----Ending pprint-----
Calculating energies for FreeWilson2D(N_x=2, N_y=2, mass=-6.000, r=1.000)
h_im: 0.0
New op index: 13	$R_Y$[4]
Current grad: 17.999999999999986
242.49999999999991 
 [42.         43.99999999 42.         42.         44.49999999 42.
 42.         44.49999999 42.         42.         44.56155281 43.
 42.         44.56155281 43.         42.         44.49999999 42.
 42.         44.49999999 42.         42.         43.99999999 42.
 42.         42.         42.         42.         42.         42.
 42.         43.         43.         42.         42.         42.
 42.         43.         43.         42.         42.         42.
 42.         42.         42.        ]
Optimization terminated successfully    (Exit mode 0)
            Current function value: 197.9384471871961
            Iterations: 1
            Function evaluations: 2
            Gradient evaluations: 1
New op index: 7	$R_Y$[2]
Current grad: 340.44373009671204
197.9384471871961 
 [ 0.00000000e+00  5.19408510e+01  0.00000000e+00  0.00000000e+00
  4.84410510e+01  0.00000000e+00  0.00000000e+00  5.24408510e+01
  0.00000000e+00  0.00000000e+00  4.74384472e+01  0.00000000e+00
  0.00000000e+00 -9.76842784e-09  0.00000000e+00  0.00000000e+00
  5.19384472e+01  0.00000000e+00  0.00000000e+00  4.84410510e+01
  0.00000000e+00  0.00000000e+00  5.19408510e+01  0.00000000e+00
  0.00000000e+00  0.00000000e+00  0.00000000e+00  0.00000000e+00
  0.00000000e+00  0.00000000e+00  0.00000000e+00  0.00000000e+00
  0.00000000e+00  0.00000000e+00  0.00000000e+00  0.00000000e+00
  0.00000000e+00  0.00000000e+00  0.00000000e+00  0.00000000e+00
  0.00000000e+00  0.00000000e+00  0.00000000e+00  0.00000000e+00
  0.00000000e+00]
Optimization terminated successfully    (Exit mode 0)
            Current function value: 145.49759620940642
            Iterations: 1
            Function evaluations: 6
            Gradient evaluations: 1
New op index: 19	$R_Y$[6]
Current grad: 12.495203354098273
145.49759620940642 
 [-2.68314295e-08  1.99882162e+00 -2.68314295e-08 -2.68728115e-08
  1.60018005e+00 -2.67238818e-08 -2.67238818e-08 -4.22741664e-09
 -2.66054769e-08 -2.69939733e-08  1.56244121e+00 -2.67238818e-08
 -2.67238818e-08 -6.32152819e-09 -2.67238818e-08 -2.61319144e-08
  1.99759619e+00 -2.61319144e-08 -2.68404676e-08  2.55914894e+00
 -2.68404676e-08 -2.69294844e-08  1.99882162e+00 -2.69294844e-08
 -2.68728115e-08 -2.67238818e-08 -2.67238818e-08 -2.67238818e-08
 -2.67238818e-08 -2.67238818e-08 -2.67238818e-08 -2.67238818e-08
 -2.67238818e-08 -2.67238818e-08 -2.67238818e-08 -2.67238818e-08
 -2.67238818e-08 -2.67238818e-08 -2.67238818e-08 -2.68404676e-08
 -2.68404676e-08 -2.68404676e-08 -2.69294844e-08 -2.69294844e-08
 -2.69294844e-08]
Optimization terminated successfully    (Exit mode 0)
            Current function value: 142.93844723827496
            Iterations: 1
            Function evaluations: 7
            Gradient evaluations: 1
New op index: 1	$R_Y$[0]
Current grad: 244.53861860639
142.93844723827496 
 [-2.83389170e-08  5.19408510e+01 -2.83389170e-08 -2.82364567e-08
  4.74458585e+01 -2.87097919e-08 -2.28802435e-08  7.03730052e-09
 -2.79079018e-08 -2.82651342e-08  4.74432547e+01 -2.87097919e-08
 -2.92494065e-08 -4.14071934e-07 -2.87097919e-08 -2.77719607e-08
  5.14432551e+01 -2.87097919e-08 -2.87097919e-08  4.75506567e-08
 -2.71914757e-08 -2.74046386e-08  5.14432549e+01 -2.87097919e-08
 -2.82364567e-08 -2.87097919e-08 -2.87097919e-08 -2.28802435e-08
 -1.21936353e-07 -2.87097919e-08 -3.79292828e-08  9.42904421e-09
 -2.87097919e-08 -2.92494065e-08 -4.14084411e-08 -2.87097919e-08
 -3.77196727e-08  3.82609358e-08 -2.87097919e-08 -2.87097919e-08
 -2.87097919e-08 -2.87097919e-08 -2.87097919e-08 -2.87097919e-08
 -2.87097919e-08]
Optimization terminated successfully    (Exit mode 0)
            Current function value: 90.99759620940631
            Iterations: 1
            Function evaluations: 8
            Gradient evaluations: 1
New op index: 4	$R_Y$[1]
Current grad: 8.000015492375951
90.99759620940631 
 [-2.66182667e-08 -4.16542889e-08 -2.67823168e-08 -2.61290296e-08
  1.59897506e+00 -2.62516835e-08 -2.92568814e-08 -2.76876619e-08
 -2.60394160e-08 -2.65201692e-08  1.56244109e+00 -2.62516835e-08
 -2.66461626e-08 -6.07318924e-08 -2.62516835e-08 -2.61452868e-08
  1.56039274e+00 -2.62516835e-08 -2.70494809e-08 -2.73832370e-08
 -2.55277115e-08 -2.66428515e-08  1.56039241e+00 -2.62516835e-08
 -2.84300938e-08 -2.89449673e-08 -2.62516835e-08 -2.92568814e-08
 -2.69434963e-08 -2.62516835e-08 -2.68205156e-08 -2.60786663e-08
 -2.62516835e-08 -2.66461626e-08 -2.88613791e-08 -2.62516835e-08
 -2.63638640e-08 -2.66787907e-08 -2.62516835e-08 -2.70494809e-08
 -2.81051200e-08 -2.62516835e-08 -2.62710813e-08 -2.82597910e-08
 -2.62516835e-08]
Optimization terminated successfully    (Exit mode 0)
            Current function value: 89.39862092261401
            Iterations: 1
            Function evaluations: 8
            Gradient evaluations: 1
New op index: 16	$R_Y$[5]
Current grad: 147.28812602904077
89.39862092261401 
 [-6.96826419e-09 -2.10506499e-07 -2.25323518e-07 -6.44710980e-07
 -1.08593142e-07 -2.31195799e-07  2.52945540e-08 -1.96442031e-07
 -2.25323518e-07 -2.28391812e-07  4.79010245e+01 -2.25323518e-07
 -4.28179902e-07  4.82676086e-08 -2.25323518e-07 -2.26509940e-07
  5.14058326e+01 -2.25323518e-07  6.15703328e-08 -5.12678469e-08
 -2.26836391e-07 -2.27361113e-07  5.14058324e+01 -2.25323518e-07
 -7.46610993e-07 -7.87233986e-07 -3.01805471e-07 -1.64225725e-07
 -7.26429661e-07 -2.95471125e-07  1.45386281e-08 -2.18338215e-07
 -2.25323518e-07 -4.28179902e-07 -3.99323127e-07 -2.31786743e-07
 -5.92476681e-07 -6.83992866e-07 -2.25323518e-07  6.15703328e-08
  3.59709276e-08 -2.25323518e-07 -7.57107387e-07 -1.25463089e-07
 -2.25323518e-07]
Optimization terminated successfully    (Exit mode 0)
            Current function value: 37.992788299229225
            Iterations: 1
            Function evaluations: 7
            Gradient evaluations: 1
New op index: 10	$R_Y$[3]
Current grad: 4.000163581933803
37.992788299229225 
 [-8.11368750e-11 -4.47144544e-10  0.00000000e+00 -1.10973986e-09
 -3.00846573e-07 -1.34130119e-07 -3.51619178e-10 -6.44661213e-10
  0.00000000e+00  5.27933253e-12  1.99523932e+00  0.00000000e+00
 -1.49522350e-09 -1.88014582e-09  0.00000000e+00 -6.26201313e-11
 -3.89461292e-07 -3.48575284e-08 -1.68203940e-09 -2.74740053e-07
  0.00000000e+00  1.49569246e-11  1.99523908e+00 -1.01177768e-07
 -1.59212618e-07 -8.15092633e-08 -1.88227944e-03 -1.72890680e-09
 -1.56059627e-08 -1.88227018e-03 -2.62666333e-10  1.42179601e-11
  0.00000000e+00 -1.49522350e-09 -3.09070458e-09 -3.00228521e-07
 -8.69309744e-08 -6.61319177e-08  0.00000000e+00 -1.34269889e-07
 -1.38119837e-07 -3.85878991e-08 -1.08592246e-10 -2.76656920e-10
 -1.93459968e-08]
Optimization terminated successfully    (Exit mode 0)
            Current function value: 35.997548978115546
            Iterations: 1
            Function evaluations: 8
            Gradient evaluations: 1
New op index: 22	$R_Y$[7]
Current grad: 52.002663145847016
35.997548978115546 
 [-2.01881981e-07 -3.78257546e-07  4.28194369e-10 -3.22941673e-10
  2.03397263e-08  4.28194369e-10 -1.05842304e-08  2.38749820e-08
  4.28194369e-10 -1.00689590e-09  1.93971985e-08 -1.75683766e-07
 -2.65879407e-09  1.70692971e-08  7.60920216e-09 -4.15368092e-07
 -1.07772067e-08 -2.06199218e-08 -4.07943901e-09  4.87021623e-09
  4.28194369e-10 -5.03284525e-10  5.19975487e+01 -1.35562459e-08
 -4.29048363e-07 -4.78947669e-07  4.28194369e-10  3.06812353e-11
  2.20530438e-09  4.28194369e-10  1.07065432e-08  5.80246251e-09
  4.28194369e-10 -2.80054380e-08 -1.04160165e-07  4.28194369e-10
 -4.85869123e-11  9.11287401e-09  8.02237565e-09  9.70958780e-09
 -4.77271534e-07  5.07088060e-09 -2.31231922e-10 -1.01963593e-09
 -1.73515673e-08]
Optimization terminated successfully    (Exit mode 0)
            Current function value: -15.999999999971715
            Iterations: 1
            Function evaluations: 12
            Gradient evaluations: 1
New op index: 3	$R_X$[1]
Current grad: 0.00011868388222550037
-15.999999999971715 
 [-6.43868958e-10 -1.09392790e-07 -2.40679913e-07 -5.33196598e-10
 -1.40311993e-08 -2.40679913e-07 -4.46450819e-07 -1.18794395e-07
 -2.40679913e-07 -6.07528250e-10 -5.68834366e-08 -1.80814652e-09
 -6.12434548e-10 -5.16811642e-08 -7.22382154e-10 -5.33974642e-10
 -1.19496177e-07 -2.40679913e-07 -3.69314339e-08 -1.40972176e-08
 -2.40679913e-07 -6.89471360e-08 -8.31076772e-08 -2.40679913e-07
 -7.11357302e-08 -7.66876559e-07 -2.40679913e-07 -4.17610549e-07
 -4.96342221e-07 -2.40679913e-07 -1.48148212e-07 -9.99570956e-07
 -2.40679913e-07 -2.84846484e-07 -3.56038274e-07 -2.40679913e-07
 -2.38803489e-07 -6.19434164e-07 -2.40679913e-07 -9.88459592e-07
 -1.60589231e-09 -2.40679913e-07 -2.56348187e-09 -4.72752616e-07
 -2.40679913e-07]
Precision cutoff reached.
Calculating energies for FreeWilson2D(N_x=2, N_y=2, mass=-5.111, r=1.000)
h_im: 0.0
New op index: 10	$R_Y$[3]
Current grad: 14.44444444444443
242.49999999999991 
 [42.         43.55555555 42.         42.         44.05555556 42.
 42.         44.05555556 42.         42.         44.1339378  43.
 42.         44.1339378  43.         42.         44.05555556 42.
 42.         44.05555556 42.         42.         43.55555555 42.
 42.         42.         42.         42.         42.         42.
 42.         43.         43.         42.         42.         42.
 42.         43.         43.         42.         42.         42.
 42.         42.         42.        ]
Optimization terminated successfully    (Exit mode 0)
            Current function value: 198.36606220399625
            Iterations: 1
            Function evaluations: 2
            Gradient evaluations: 1
New op index: 16	$R_Y$[5]
Current grad: 333.59738211025973
198.36606220399625 
 [0.00000000e+00 5.14795978e+01 0.00000000e+00 0.00000000e+00
 4.88686424e+01 0.00000000e+00 0.00000000e+00 5.14771733e+01
 0.00000000e+00 0.00000000e+00 1.11383713e-07 0.00000000e+00
 0.00000000e+00 4.78660622e+01 0.00000000e+00 0.00000000e+00
 5.19795978e+01 0.00000000e+00 0.00000000e+00 4.88686424e+01
 0.00000000e+00 0.00000000e+00 5.14795978e+01 0.00000000e+00
 0.00000000e+00 0.00000000e+00 0.00000000e+00 0.00000000e+00
 0.00000000e+00 0.00000000e+00 0.00000000e+00 0.00000000e+00
 0.00000000e+00 0.00000000e+00 0.00000000e+00 0.00000000e+00
 0.00000000e+00 0.00000000e+00 0.00000000e+00 0.00000000e+00
 0.00000000e+00 0.00000000e+00 0.00000000e+00 0.00000000e+00
 0.00000000e+00]
Optimization terminated successfully    (Exit mode 0)
            Current function value: 146.3864643769346
            Iterations: 1
            Function evaluations: 6
            Gradient evaluations: 1
New op index: 4	$R_Y$[1]
Current grad: 9.828506105108584
146.3864643769346 
 [-2.67335736e-08  1.55436189e+00 -2.67335736e-08 -2.72893317e-08
  2.13151321e+00 -2.72893317e-08 -2.73354033e-08  1.55313095e+00
 -2.73354033e-08 -2.62142237e-08 -6.12118356e-09 -2.62142237e-08
 -2.65118274e-08  1.13562431e+00 -2.62142237e-08 -2.77327672e-08
 -5.05326625e-09 -2.70765952e-08 -2.67141900e-08  1.17118775e+00
 -2.62142237e-08 -2.62142237e-08  1.55436189e+00 -2.62142237e-08
 -2.72893317e-08 -2.72893317e-08 -2.72893317e-08 -2.73354033e-08
 -2.73354033e-08 -2.73354033e-08 -2.62142237e-08 -2.62142237e-08
 -2.62142237e-08 -2.62142237e-08 -2.62142237e-08 -2.62142237e-08
 -2.77327672e-08 -8.64710330e-08 -2.62142237e-08 -2.77558740e-08
 -4.56460327e-08 -2.62142237e-08 -2.62142237e-08 -2.62142237e-08
 -2.62142237e-08]
Optimization terminated successfully    (Exit mode 0)
            Current function value: 144.25495099732055
            Iterations: 1
            Function evaluations: 7
            Gradient evaluations: 1
New op index: 22	$R_Y$[7]
Current grad: 239.57216974673318
144.25495099732055 
 [-1.63344026e-07  5.09820223e+01 -1.67836134e-07 -2.51184247e-08
  1.49878474e-08 -1.62286426e-07 -1.65590706e-07  5.09820226e+01
 -1.67836134e-07 -1.68065128e-07 -1.02500763e-07 -1.67836134e-07
 -1.66417379e-07  4.78710664e+01 -1.67836134e-07 -3.71357658e-07
 -2.43490661e-07 -1.67781053e-07 -1.67836134e-07  4.78734909e+01
 -1.67836134e-07 -1.67836134e-07  5.14795977e+01 -1.67836134e-07
 -2.51184247e-08 -3.45849855e-08 -1.67836134e-07 -1.74551985e-07
 -8.77740547e-08 -1.67836134e-07 -1.68065128e-07 -1.81426714e-07
 -1.67836134e-07 -1.65386211e-07 -1.74380716e-07 -1.67836134e-07
 -3.71357658e-07 -4.52863134e-07 -1.67836134e-07 -3.71081768e-07
 -4.31427821e-07 -1.67836134e-07 -1.67836134e-07 -1.67836134e-07
 -1.67836134e-07]
Optimization terminated successfully    (Exit mode 0)
            Current function value: 92.77535326582249
            Iterations: 1
            Function evaluations: 8
            Gradient evaluations: 1
New op index: 19	$R_Y$[6]
Current grad: 6.222243681697373
92.77535326582249 
 [-2.49923460e-08  1.13277355e+00 -2.49923460e-08 -2.52125716e-08
 -2.84616419e-08 -2.49923460e-08 -2.49923460e-08  1.13277404e+00
 -2.49923460e-08 -2.50123549e-08 -5.76389567e-08 -2.49923460e-08
 -2.44478713e-08  1.13562432e+00 -2.49923460e-08 -2.46662353e-08
 -2.91438198e-08 -2.45106833e-08 -2.49923460e-08  1.16998196e+00
 -2.49923460e-08 -2.49177106e-08 -3.49151890e-08 -2.49923460e-08
 -2.52125716e-08 -2.52092178e-08 -2.49923460e-08 -2.52125716e-08
 -2.52092178e-08 -2.49923460e-08 -2.50123549e-08 -2.69644005e-08
 -2.49923460e-08 -2.53769770e-08 -2.46522234e-08 -2.49923460e-08
 -2.46662353e-08 -2.46304097e-08 -2.49923460e-08 -2.48823682e-08
 -2.54236738e-08 -2.49923460e-08 -2.49177106e-08 -2.61927795e-08
 -2.49923460e-08]
Optimization terminated successfully    (Exit mode 0)
            Current function value: 91.60537128304424
            Iterations: 1
            Function evaluations: 9
            Gradient evaluations: 1
New op index: 7	$R_Y$[2]
Current grad: 145.79883865276645
91.60537128304424 
 [-2.18120988e-08  5.09459782e+01 -2.18120988e-08 -1.67842373e-07
 -9.68798588e-08 -1.99045331e-08 -2.18120988e-08  5.09459785e+01
 -2.18120988e-08 -6.42044853e-08 -4.86803771e-07 -2.18120988e-08
 -2.48790997e-08  4.83300182e+01 -2.18120988e-08  1.01267261e-08
 -4.18797583e-07 -2.18120988e-08 -4.78147030e-07 -1.73038700e-07
 -6.34774011e-08 -1.70432202e-08 -4.03131637e-07 -2.18120988e-08
 -1.67842373e-07  3.04209493e-08 -2.18120988e-08  1.55704925e-08
 -2.69271254e-08 -2.18120988e-08 -6.42044853e-08 -4.22194063e-07
 -2.18120988e-08 -1.05018017e-07 -6.10887838e-08 -6.07067250e-08
  1.01267261e-08 -4.41870895e-09 -2.18120988e-08  1.12302558e-08
  1.30798128e-09  1.43367060e-08  1.83432860e-08  2.83224892e-08
  1.18039054e-08]
Optimization terminated successfully    (Exit mode 0)
            Current function value: 40.65939279227182
            Iterations: 1
            Function evaluations: 7
            Gradient evaluations: 1
New op index: 13	$R_Y$[4]
Current grad: 3.111259331529255
40.65939279227182 
 [ 3.18323146e-12  1.55074332e+00 -3.37096679e-07 -2.45923815e-09
 -8.31131103e-07  0.00000000e+00 -1.71507253e-09 -2.55293124e-07
 -5.97183032e-08 -4.51514381e-10 -2.24300578e-09  0.00000000e+00
 -6.63646915e-12  1.55074334e+00  0.00000000e+00 -1.42207313e-09
 -7.16440240e-11  0.00000000e+00 -6.71903422e-10 -5.08836557e-07
 -5.86754538e-08 -9.04073261e-10 -4.74138062e-10  0.00000000e+00
 -2.45923815e-09 -6.68656241e-10 -2.63876316e-08 -6.50199894e-09
 -3.32211414e-09 -2.67364015e-08 -2.21714913e-09 -7.27901295e-10
  0.00000000e+00 -1.17842802e-09 -3.86343402e-10 -2.80999458e-07
 -1.42207313e-09 -4.23995061e-10  0.00000000e+00 -1.06125952e-09
 -9.85245663e-10 -1.89794412e-03 -1.15960574e-11 -3.26641185e-08
 -1.89794430e-03]
Optimization terminated successfully    (Exit mode 0)
            Current function value: 39.108649454336195
            Iterations: 1
            Function evaluations: 8
            Gradient evaluations: 1
New op index: 1	$R_Y$[0]
Current grad: 51.557739112525574
39.108649454336195 
 [-2.48700616e-09  5.15530933e+01 -5.18825296e-07 -2.44821052e-09
 -1.89976916e-07 -2.48700616e-09  1.73835062e-08 -1.32399073e-07
 -5.04095041e-08 -2.56306265e-09  9.23738313e-08  2.20495622e-10
 -2.99656477e-09 -1.98963988e-07  1.17063692e-07 -2.03320155e-07
 -1.16581326e-07 -2.48700616e-09 -3.97022859e-10  2.89199917e-08
 -2.48700616e-09  8.38801029e-08 -3.75712254e-07 -2.48700616e-09
 -2.44821052e-09 -3.49450602e-09  6.57397621e-08  6.20811136e-08
  6.08150401e-08 -1.96076400e-09  6.35677040e-08  7.50252980e-08
  9.39766309e-08 -4.13072577e-07 -4.16994503e-07 -2.48700616e-09
 -1.58989693e-08  4.87311382e-08 -2.48700616e-09  6.36702850e-08
  3.54754803e-09 -2.48700616e-09  6.45275335e-08  5.84103219e-08
 -2.48700616e-09]
Optimization terminated successfully    (Exit mode 0)
            Current function value: -12.444444444400677
            Iterations: 1
            Function evaluations: 12
            Gradient evaluations: 1
New op index: 12	$R_X$[4]
Current grad: 0.00015289305333672414
-12.444444444400677 
 [-3.82728516e-10 -8.87125804e-08 -5.53359243e-07 -8.98664254e-10
 -1.47689967e-08 -5.53359243e-07 -9.74754967e-07 -1.00227325e-07
 -5.53359243e-07 -9.10478803e-10 -5.95087180e-08 -2.81145361e-06
 -3.03028713e-10 -5.25065360e-08 -2.81246821e-06 -1.16992612e-06
 -8.91944598e-08 -5.53359243e-07 -1.37006495e-09 -1.49363242e-08
 -5.53359243e-07 -3.45403244e-08 -9.29020878e-08 -5.53359243e-07
 -9.28949362e-10 -9.28949362e-10 -5.53359243e-07 -2.63889200e-07
 -9.44509257e-07 -5.53359243e-07 -1.21121957e-09 -4.67192329e-09
 -5.53359243e-07 -1.62525367e-07 -4.71799908e-07 -5.53359243e-07
 -4.03064604e-09 -8.49370821e-07 -5.53359243e-07 -5.41249362e-07
 -8.80222775e-08 -5.53359243e-07 -2.38289442e-07 -1.19253585e-09
 -5.53359243e-07]
Precision cutoff reached.
Calculating energies for FreeWilson2D(N_x=2, N_y=2, mass=-4.222, r=1.000)
h_im: 0.0
New op index: 13	$R_Y$[4]
Current grad: 10.88888888888888
242.49999999999991 
 [42.         43.11111111 42.         42.         43.61111111 42.
 42.         43.6111111  42.         42.         43.71842845 43.
 42.         43.71842845 43.         42.         43.6111111  42.
 42.         43.61111111 42.         42.         43.11111111 42.
 42.         42.         42.         42.         42.         42.
 42.         43.         43.         42.         42.         42.
 42.         43.         43.         42.         42.         42.
 42.         42.         42.        ]
Optimization terminated successfully    (Exit mode 0)
            Current function value: 198.78157154535168
            Iterations: 1
            Function evaluations: 2
            Gradient evaluations: 1
New op index: 7	$R_Y$[2]
Current grad: 319.1170797268737
198.78157154535168 
 [0.00000000e+00 5.10062394e+01 0.00000000e+00 0.00000000e+00
 4.92841283e+01 0.00000000e+00 0.00000000e+00 5.15062393e+01
 0.00000000e+00 0.00000000e+00 4.82815715e+01 0.00000000e+00
 0.00000000e+00 7.12788051e-10 0.00000000e+00 0.00000000e+00
 5.10037938e+01 0.00000000e+00 0.00000000e+00 4.92841283e+01
 0.00000000e+00 0.00000000e+00 5.10062394e+01 0.00000000e+00
 0.00000000e+00 0.00000000e+00 0.00000000e+00 0.00000000e+00
 0.00000000e+00 0.00000000e+00 0.00000000e+00 0.00000000e+00
 0.00000000e+00 0.00000000e+00 0.00000000e+00 0.00000000e+00
 0.00000000e+00 0.00000000e+00 0.00000000e+00 0.00000000e+00
 0.00000000e+00 0.00000000e+00 0.00000000e+00 0.00000000e+00
 0.00000000e+00]
Optimization terminated successfully    (Exit mode 0)
            Current function value: 147.2753321841128
            Iterations: 1
            Function evaluations: 6
            Gradient evaluations: 1
New op index: 19	$R_Y$[6]
Current grad: 7.161781313760572
147.2753321841128 
 [-2.79991639e-08  1.10990155e+00 -2.79991639e-08 -2.79885626e-08
  7.45560360e-01 -2.79573555e-08 -2.79573555e-08 -5.65214009e-09
 -2.81235657e-08 -2.80070651e-08  7.20871435e-01 -2.79573555e-08
 -2.79573555e-08 -6.41315978e-09 -2.79573555e-08 -2.79797803e-08
  1.10866551e+00 -2.79797803e-08 -2.81031305e-08  1.71598286e+00
 -2.81031305e-08 -2.79953838e-08  1.10990154e+00 -2.79953838e-08
 -2.79885626e-08 -2.79573555e-08 -2.79573555e-08 -2.79573555e-08
 -2.79573555e-08 -2.79573555e-08 -2.79573555e-08 -2.79573555e-08
 -2.79573555e-08 -2.79573555e-08 -2.79573555e-08 -2.79573555e-08
 -2.79573555e-08 -2.79573555e-08 -2.79573555e-08 -2.81031305e-08
 -2.81031305e-08 -2.81031305e-08 -2.79953838e-08 -2.79953838e-08
 -2.79953838e-08]
Optimization terminated successfully    (Exit mode 0)
            Current function value: 145.55934932487693
            Iterations: 1
            Function evaluations: 4
            Gradient evaluations: 1
New op index: 1	$R_Y$[0]
Current grad: 229.09266994687908
145.55934932487693 
 [ 8.66009486e-11  5.10062393e+01  8.66009486e-11  1.37987399e-10
  4.82890191e+01  0.00000000e+00 -2.00968316e-07 -3.76039111e-09
  1.17864829e-10  1.57456270e-10  4.82864626e+01  0.00000000e+00
 -2.25952590e-11 -1.41265446e-07  0.00000000e+00  5.35749223e-11
  5.05086853e+01  0.00000000e+00 -3.98232487e-07  3.00047986e-10
  1.49782409e-10  6.58531008e-11  5.05086851e+01  0.00000000e+00
  1.37987399e-10  0.00000000e+00  0.00000000e+00 -2.00968316e-07
 -2.08702374e-07  0.00000000e+00 -2.00968316e-07 -2.06071832e-07
  0.00000000e+00 -2.25952590e-11 -3.97648137e-10  0.00000000e+00
 -2.21689334e-12  3.59534624e-11  0.00000000e+00 -3.98232487e-07
 -7.32648289e-08  0.00000000e+00 -4.23892999e-07 -5.24718757e-09
  0.00000000e+00]
Optimization terminated successfully    (Exit mode 0)
            Current function value: 94.55310996189252
            Iterations: 1
            Function evaluations: 8
            Gradient evaluations: 1
New op index: 4	$R_Y$[1]
Current grad: 4.444469277513397
94.55310996189252 
 [-2.39270150e-08 -3.06214787e-08 -2.34166606e-08 -2.31515713e-08
  7.44352269e-01 -2.35130670e-08 -2.34108342e-08 -3.02264169e-08
 -2.33775239e-08 -2.32000161e-08  7.20871523e-01 -2.35130670e-08
 -2.37842528e-08 -5.57665203e-08 -2.35130670e-08 -2.28464927e-08
  7.17274985e-01 -2.35130670e-08 -2.31968755e-08 -2.88180217e-08
 -2.37265283e-08 -2.27254304e-08  7.17275418e-01 -2.35130670e-08
 -2.37401281e-08 -2.50805954e-08 -2.35130670e-08 -2.34108342e-08
 -2.41359999e-08 -2.35130670e-08 -2.29335626e-08 -2.48407730e-08
 -2.35130670e-08 -2.37842528e-08 -2.54584762e-08 -2.35130670e-08
 -2.42969662e-08 -2.71926837e-08 -2.35130670e-08 -2.31968755e-08
 -2.35063027e-08 -2.35130670e-08 -2.36271802e-08 -2.31112978e-08
 -2.35130670e-08]
Optimization terminated successfully    (Exit mode 0)
            Current function value: 93.80875769289129
            Iterations: 1
            Function evaluations: 6
            Gradient evaluations: 1
New op index: 16	$R_Y$[5]
Current grad: 144.12738278860922
93.80875769289129 
 [-1.65928313e-07 -2.81629781e-07  0.00000000e+00 -1.19791693e-07
 -2.08230233e-08 -3.50964115e-07  9.16865162e-08 -1.55718368e-07
  0.00000000e+00 -1.71313417e-08  4.87556473e+01  0.00000000e+00
 -1.59616505e-07 -2.80413985e-08  0.00000000e+00 -4.34140617e-08
  5.04827615e+01  0.00000000e+00  8.38287377e-08  3.14749116e-08
 -3.37558816e-08 -1.03318172e-08  5.04827612e+01  0.00000000e+00
 -4.47817470e-07 -1.61334938e-07 -9.11719980e-08  1.26337767e-07
 -5.37311919e-07 -1.08226544e-07 -2.05724149e-08  1.96050252e-08
  0.00000000e+00 -1.59616505e-07  9.48571852e-08 -2.85652675e-08
  1.10856661e-07 -3.80802874e-07  0.00000000e+00  8.38287377e-08
  7.47361781e-08  0.00000000e+00 -2.60573827e-07  8.60931948e-08
  0.00000000e+00]
Optimization terminated successfully    (Exit mode 0)
            Current function value: 43.32599620393311
            Iterations: 1
            Function evaluations: 7
            Gradient evaluations: 1
New op index: 22	$R_Y$[7]
Current grad: 2.2223998471089557
43.32599620393311 
 [-1.87633020e-10 -5.02843989e-10  0.00000000e+00 -4.25337987e-10
 -5.86839157e-07 -3.33955796e-08 -5.82623727e-10 -5.59651880e-10
  0.00000000e+00 -2.71427325e-11  1.10624642e+00  0.00000000e+00
 -1.16934018e-10 -2.63995048e-09  0.00000000e+00 -1.28936506e-09
 -4.26164902e-07 -1.47060618e-07 -6.24567065e-12 -5.17731571e-07
  0.00000000e+00  1.64845915e-11  1.10624645e+00 -5.10844131e-08
 -6.07798256e-11 -1.89004368e-12 -1.91485418e-03 -3.16191517e-12
  3.97903932e-12 -1.91483669e-03 -2.24309105e-09 -1.77209358e-10
  0.00000000e+00 -1.16934018e-10 -3.24293126e-09 -1.43023300e-08
  5.26512167e-12 -6.69899691e-11  0.00000000e+00 -2.10960138e-11
 -7.70157271e-11 -1.76207159e-07 -2.59987587e-11 -2.51787924e-10
 -2.37929427e-08]
Optimization terminated successfully    (Exit mode 0)
            Current function value: 42.21974975144978
            Iterations: 1
            Function evaluations: 8
            Gradient evaluations: 1
New op index: 10	$R_Y$[3]
Current grad: 51.11349373269418
42.21974975144978 
 [-5.43998624e-10 -6.61673951e-08 -3.07215942e-09 -1.84456681e-07
 -7.54577414e-08 -2.42482734e-07  1.44267176e-09 -5.07593498e-07
 -3.07215942e-09 -8.74393891e-10  5.11086385e+01 -3.07215942e-09
 -1.79677279e-07 -1.45535708e-08 -3.07215942e-09 -2.00119388e-09
 -2.60999400e-09 -3.07215942e-09 -1.01159252e-07 -1.88861407e-08
 -3.07215942e-09 -3.01236724e-09 -2.50454875e-08 -3.07215942e-09
 -3.83026588e-09 -3.95914697e-08  3.77859450e-08 -7.96892863e-09
 -1.44368926e-08 -2.49230645e-07  2.63604250e-10 -2.27213803e-09
 -3.07215942e-09 -1.79677279e-07 -1.70818232e-07 -4.90013335e-07
 -1.42373885e-07 -2.95057845e-09 -3.07215942e-09 -1.43909489e-08
 -1.36018485e-09 -3.07215942e-09 -6.76178047e-09 -2.47138630e-08
 -3.07215942e-09]
Optimization terminated successfully    (Exit mode 0)
            Current function value: -8.888888888851755
            Iterations: 1
            Function evaluations: 12
            Gradient evaluations: 1
New op index: 31	$R_{YY}$[2, 3]
Current grad: 0.0001556558072822029
-8.888888888851755 
 [-4.86536834e-07 -6.27532444e-08 -1.29182544e-07 -5.85246228e-07
 -2.25425580e-08 -1.29182544e-07 -2.40233948e-08 -7.94767008e-08
 -1.29182544e-07 -7.45983737e-08 -6.78706442e-08 -3.03490416e-06
 -6.69999931e-08 -5.73210475e-08 -3.03946603e-06 -3.44819496e-07
 -8.00987863e-08 -1.29182544e-07 -6.37357083e-08 -1.58008309e-08
 -1.29182544e-07 -4.56920635e-08 -7.24550340e-08 -1.29182544e-07
 -1.14967692e-07 -3.37242898e-07 -1.29182544e-07 -2.57248463e-08
 -1.03671054e-07 -1.29182544e-07 -2.09530462e-07 -4.78854290e-09
 -1.29182544e-07 -2.16998401e-08 -8.94266527e-09 -1.29182544e-07
 -2.88264062e-08 -1.10169905e-07 -1.29182544e-07 -2.42610183e-07
 -8.84844109e-08 -1.29182544e-07 -1.37658860e-07 -4.16945868e-07
 -1.29182544e-07]
Precision cutoff reached.
Calculating energies for FreeWilson2D(N_x=2, N_y=2, mass=-3.333, r=1.000)
h_im: 0.0
New op index: 10	$R_Y$[3]
Current grad: 7.333333333333327
242.49999999999991 
 [42.         42.66666666 42.         42.         43.16666667 42.
 42.         43.16666667 42.         42.         43.33333333 43.
 42.         43.33333333 43.         42.         43.16666667 42.
 42.         43.16666667 42.         42.         42.66666666 42.
 42.         42.         42.         42.         42.         42.
 42.         43.         43.         42.         42.         42.
 42.         43.         43.         42.         42.         42.
 42.         42.         42.        ]
Optimization terminated successfully    (Exit mode 0)
            Current function value: 199.16666666795544
            Iterations: 1
            Function evaluations: 2
            Gradient evaluations: 1
New op index: 16	$R_Y$[5]
Current grad: 279.4550257169319
199.16666666795544 
 [ 0.00000000e+00  5.05024670e+01  0.00000000e+00  0.00000000e+00
  4.96692004e+01  0.00000000e+00  0.00000000e+00  5.05000000e+01
  0.00000000e+00  0.00000000e+00 -4.77086814e-10  0.00000000e+00
  0.00000000e+00  4.86666666e+01  0.00000000e+00  0.00000000e+00
  5.10024670e+01  0.00000000e+00  0.00000000e+00  4.96692004e+01
  0.00000000e+00  0.00000000e+00  5.05024670e+01  0.00000000e+00
  0.00000000e+00  0.00000000e+00  0.00000000e+00  0.00000000e+00
  0.00000000e+00  0.00000000e+00  0.00000000e+00  0.00000000e+00
  0.00000000e+00  0.00000000e+00  0.00000000e+00  0.00000000e+00
  0.00000000e+00  0.00000000e+00  0.00000000e+00  0.00000000e+00
  0.00000000e+00  0.00000000e+00  0.00000000e+00  0.00000000e+00
  0.00000000e+00]
Optimization terminated successfully    (Exit mode 0)
            Current function value: 148.16419962146557
            Iterations: 1
            Function evaluations: 6
            Gradient evaluations: 1
New op index: 4	$R_Y$[1]
Current grad: 4.4950673502303555
148.16419962146557 
 [-3.03875254e-08  6.65441165e-01 -3.03875254e-08 -3.00732381e-08
  1.33086611e+00 -3.00732381e-08 -3.03875254e-08  6.64199604e-01
 -3.03875254e-08 -3.08890264e-08 -7.04682179e-09 -3.08890264e-08
 -3.02140108e-08  3.35964706e-01 -3.08890264e-08 -3.08890264e-08
 -5.60316948e-09 -2.99894225e-08 -3.02321723e-08  3.44306682e-01
 -3.08890264e-08 -3.08890264e-08  6.65441171e-01 -3.08890264e-08
 -3.00732381e-08 -3.00732381e-08 -3.00732381e-08 -3.03875254e-08
 -3.03875254e-08 -3.03875254e-08 -3.08890264e-08 -3.08890264e-08
 -3.08890264e-08 -3.08890264e-08 -3.08890264e-08 -3.08890264e-08
 -3.08890264e-08 -3.08890264e-08 -3.08890264e-08 -3.08890264e-08
 -3.08890264e-08 -3.08890264e-08 -3.08890264e-08 -3.08890264e-08
 -3.08890264e-08]
Optimization terminated successfully    (Exit mode 0)
            Current function value: 146.83333335663593
            Iterations: 1
            Function evaluations: 7
            Gradient evaluations: 1
New op index: 22	$R_Y$[7]
Current grad: 200.70233869308373
146.83333335663593 
 [-1.60885435e-07  5.00049342e+01 -1.63516972e-07 -1.63516972e-07
  2.21850485e-08 -1.64210348e-07 -1.61339443e-07  5.00049345e+01
 -1.63516972e-07 -1.61187614e-07  1.27409407e-08 -1.63516972e-07
 -1.63804799e-07  4.86716670e+01 -1.63516972e-07 -8.75732837e-08
 -2.52105764e-07 -1.63190066e-07 -1.63516972e-07  4.86741341e+01
 -1.63516972e-07 -1.63516972e-07  5.05024670e+01 -1.63516972e-07
 -1.63516972e-07 -1.63516972e-07 -1.63516972e-07 -1.63516972e-07
 -1.63516972e-07 -1.63516972e-07 -1.61187614e-07 -1.60749948e-07
 -1.63516972e-07 -1.61187444e-07 -1.63718767e-07 -1.63516972e-07
 -8.75732837e-08 -8.84307951e-08 -1.63516972e-07 -8.43817247e-08
 -8.94487755e-08 -1.63516972e-07 -1.63516972e-07 -1.63516972e-07
 -1.63516972e-07]
Optimization terminated successfully    (Exit mode 0)
            Current function value: 96.33086628813365
            Iterations: 1
            Function evaluations: 8
            Gradient evaluations: 1
New op index: 19	$R_Y$[6]
Current grad: 2.666685508638157
96.33086628813365 
 [-2.16380442e-08  3.32245011e-01 -2.16380442e-08 -2.62198085e-08
 -2.92095308e-08 -2.16380442e-08 -2.16380442e-08  3.32245091e-01
 -2.16380442e-08 -2.34813768e-08 -5.36899449e-08 -2.16380442e-08
 -2.14931077e-08  3.35964684e-01 -2.16380442e-08 -2.19685319e-08
 -3.07607593e-08 -2.18057750e-08 -2.16380442e-08  3.43376426e-01
 -2.16380442e-08 -2.17624887e-08 -2.80240613e-08 -2.16380442e-08
 -2.62198085e-08 -2.17891625e-08 -2.16380442e-08 -2.25280701e-08
 -3.00877190e-08 -2.16380442e-08 -2.34813768e-08 -2.36083793e-08
 -2.16380442e-08 -2.33350903e-08 -2.46637768e-08 -2.16380442e-08
 -2.19685319e-08 -2.19415170e-08 -2.16380442e-08 -2.19418723e-08
 -2.37802169e-08 -2.16380442e-08 -2.17624887e-08 -2.25613093e-08
 -2.16380442e-08]
Optimization terminated successfully    (Exit mode 0)
            Current function value: 95.98748980177513
            Iterations: 1
            Function evaluations: 9
            Gradient evaluations: 1
New op index: 7	$R_Y$[2]
Current grad: 124.74748135864596
95.98748980177513 
 [-6.06546848e-08  4.99948910e+01 -6.06546848e-08 -3.29698082e-08
  1.10591614e-07 -7.85474867e-08 -6.06546848e-08  4.99948913e+01
 -6.06546848e-08 -7.77868365e-08 -7.99050213e-08 -6.06546848e-08
 -5.96216552e-08  4.91566237e+01 -6.06546848e-08 -7.74479787e-08
  1.25390585e-07 -6.06546848e-08  4.70108859e-08  1.43693129e-07
  6.43677396e-08 -3.59960524e-08  1.27538556e-07 -6.06546848e-08
 -3.29698082e-08  1.01576887e-07 -6.06546848e-08  2.49675480e-08
  6.80862229e-08 -6.06546848e-08 -7.77868365e-08 -3.01120053e-08
 -6.06546848e-08 -6.24160634e-08 -3.62627333e-08  6.95759610e-08
 -7.74479787e-08 -5.04171283e-08 -6.06546848e-08 -6.06546848e-08
 -6.06546848e-08 -2.65489376e-07 -3.21748246e-08 -7.14467916e-08
 -2.81865553e-07]
Optimization terminated successfully    (Exit mode 0)
            Current function value: 45.992598505714184
            Iterations: 1
            Function evaluations: 7
            Gradient evaluations: 1
New op index: 13	$R_Y$[4]
Current grad: 1.3335125470244165
45.992598505714184 
 [ 1.17310606e-11  6.61748188e-01 -1.82792817e-03 -7.27645499e-10
 -2.49746520e-07  0.00000000e+00 -5.55480995e-10 -4.25990969e-07
 -1.82793606e-03 -2.08473239e-10 -2.80440560e-09  0.00000000e+00
  1.11342047e-11  6.63193996e-01  0.00000000e+00 -8.87467877e-12
 -7.22145899e-10  0.00000000e+00 -1.12621024e-11 -3.46430355e-07
 -3.31573347e-09 -2.25021779e-10 -4.93869834e-10  0.00000000e+00
 -7.27645499e-10 -7.40115524e-10 -2.18117307e-07 -6.42330633e-12
  2.99493763e-11 -1.74300872e-07  2.31636932e-12 -7.97939492e-12
  0.00000000e+00 -1.56362034e-10 -1.20870425e-10 -3.43419373e-08
 -8.87467877e-12 -1.10489395e-10  0.00000000e+00  1.04733999e-11
  1.72661885e-11 -1.93470816e-03 -2.83151280e-11  8.95283847e-13
 -1.93471562e-03]
Optimization terminated successfully    (Exit mode 0)
            Current function value: 45.32940448103312
            Iterations: 1
            Function evaluations: 11
            Gradient evaluations: 1
New op index: 1	$R_Y$[0]
Current grad: 50.23492790774746
45.32940448103312 
 [-3.37730697e-08  5.06627373e+01  2.50979106e-07 -2.34801050e-08
  2.61113435e-07 -3.37730697e-08  1.61932086e-07  3.58152178e-07
  3.01575824e-07 -2.78741510e-08  1.79022351e-07  3.83042718e-08
 -2.48121310e-08  2.22471122e-07  2.96530452e-07  1.09106139e-07
  3.44515264e-07 -3.37730697e-08 -2.91435711e-08  2.22697864e-07
 -3.37730697e-08  1.09449715e-07  3.19766059e-07 -3.37730697e-08
 -2.34801050e-08  8.35034299e-08 -7.68813848e-08 -3.92565411e-08
 -3.72932476e-08 -1.83509383e-06 -3.38208324e-08 -3.10405781e-08
  2.50419902e-07  2.87669693e-07  2.72568144e-07 -3.37730697e-08
 -4.18952197e-08 -3.61744981e-08 -3.37730697e-08 -3.27145671e-08
 -3.71429536e-08 -3.37730697e-08 -3.64888351e-08 -3.19807043e-08
 -3.37730697e-08]
Optimization terminated successfully    (Exit mode 0)
            Current function value: -5.333333333227609
            Iterations: 1
            Function evaluations: 12
            Gradient evaluations: 1
New op index: 25	$R_{YY}$[0, 1]
Current grad: 0.00025727671447138496
-5.333333333227609 
 [-1.20219703e-06 -5.97079897e-08 -5.57214488e-07 -2.15788499e-07
 -2.38019133e-08 -5.57214488e-07 -5.07749860e-08 -6.49130261e-08
 -5.57214488e-07 -1.70885796e-07 -5.84192277e-08 -6.00062222e-09
 -6.18245905e-07 -5.87572586e-08 -3.07442516e-09 -1.03316003e-07
 -6.28308925e-08 -5.57214488e-07 -6.78515022e-10 -1.63811134e-08
 -5.57214488e-07 -1.08199822e-06 -6.18152578e-08 -5.57214488e-07
 -2.70957594e-08 -2.26789254e-10 -5.57214488e-07 -3.36581549e-07
 -1.01585183e-06 -5.57214488e-07 -3.09139384e-07 -2.59813935e-07
 -5.57214488e-07 -1.68360105e-07 -3.15539550e-08 -5.57214488e-07
 -1.31395295e-07 -5.95450800e-10 -5.57214488e-07 -3.79073162e-07
 -3.65640771e-07 -5.57214488e-07 -1.74584047e-07 -1.28597542e-08
 -5.57214488e-07]
Precision cutoff reached.
Calculating energies for FreeWilson2D(N_x=2, N_y=2, mass=-2.444, r=1.000)
h_im: 0.0
New op index: 10	$R_Y$[3]
Current grad: 3.777777777777775
242.49999999999991 
 [42.         42.22222214 42.         42.         42.72222222 42.
 42.         42.72222222 42.         42.         43.04715871 43.
 42.         43.04715871 43.         42.         42.72222222 42.
 42.         42.72222222 42.         42.         42.22222213 42.
 42.         42.         42.         42.         42.         42.
 42.         43.         43.         42.         42.         42.
 42.         43.         43.         42.         42.         42.
 42.         42.         42.        ]
Optimization terminated successfully    (Exit mode 0)
            Current function value: 199.45284129006737
            Iterations: 1
            Function evaluations: 2
            Gradient evaluations: 1
New op index: 16	$R_Y$[5]
Current grad: 141.35660567247663
199.45284129006737 
 [ 0.00000000e+00  4.98997746e+01  0.00000000e+00  0.00000000e+00
  4.99553524e+01  0.00000000e+00  0.00000000e+00  4.98972857e+01
  0.00000000e+00  0.00000000e+00 -2.10452669e-07  0.00000000e+00
  0.00000000e+00  4.89528413e+01  0.00000000e+00  0.00000000e+00
  5.03997746e+01  0.00000000e+00  0.00000000e+00  4.99553524e+01
  0.00000000e+00  0.00000000e+00  4.98997746e+01  0.00000000e+00
  0.00000000e+00  0.00000000e+00  0.00000000e+00  0.00000000e+00
  0.00000000e+00  0.00000000e+00  0.00000000e+00  0.00000000e+00
  0.00000000e+00  0.00000000e+00  0.00000000e+00  0.00000000e+00
  0.00000000e+00  0.00000000e+00  0.00000000e+00  0.00000000e+00
  0.00000000e+00  0.00000000e+00  0.00000000e+00  0.00000000e+00
  0.00000000e+00]
Optimization terminated successfully    (Exit mode 0)
            Current function value: 149.05306667917404
            Iterations: 1
            Function evaluations: 6
            Gradient evaluations: 1
New op index: 4	$R_Y$[1]
Current grad: 1.8283687193944522
149.05306667917404 
 [-3.38512791e-08  2.20980194e-01 -3.38512791e-08 -3.39541089e-08
  1.04466989e+00 -3.39541089e-08 -3.34494246e-08  5.77460428e-01
 -3.34494246e-08 -3.43435147e-08 -6.76502054e-09 -3.43435147e-08
 -3.35984964e-08  4.84590312e-02 -3.43435147e-08 -3.44281830e-08
 -5.26515009e-09 -3.34985373e-08 -3.36436017e-08  4.91915858e-02
 -3.43435147e-08 -3.43435147e-08  2.20980200e-01 -3.43435147e-08
 -3.39541089e-08 -3.39541089e-08 -3.39541089e-08 -3.34494246e-08
 -3.34494246e-08 -3.34494246e-08 -3.43435147e-08 -3.43435147e-08
 -3.43435147e-08 -3.43435147e-08 -3.43435147e-08 -3.43435147e-08
 -3.44281830e-08 -3.44273587e-08 -3.43435147e-08 -3.44281830e-08
 -3.44273587e-08 -3.43435147e-08 -3.43435147e-08 -3.43435147e-08
 -3.43435147e-08]
Optimization terminated successfully    (Exit mode 0)
            Current function value: 148.00839679362963
            Iterations: 1
            Function evaluations: 4
            Gradient evaluations: 1
New op index: 22	$R_Y$[7]
Current grad: 101.78730644867503
148.00839679362963 
 [ 2.51537813e-09  4.94022636e+01  1.14545173e-09 -3.14889803e-09
 -1.66274589e-07  1.57083946e-09  1.39860390e-09  4.94022638e+01
  1.14545173e-09 -2.03558898e-07 -6.90957904e-08  1.14545173e-09
  1.68890324e-09  4.89578408e+01  1.14545173e-09 -6.86826525e-08
 -3.16763760e-07  2.02427941e-09  1.14545173e-09  4.89603287e+01
  1.14545173e-09  1.14545173e-09  4.98997745e+01  1.14545173e-09
 -3.14889803e-09 -4.59448302e-09  1.14545173e-09 -7.78424010e-08
 -1.61867320e-08  1.14545173e-09 -2.03558898e-07 -5.26261260e-07
  1.14545173e-09 -6.91480864e-08 -5.88719615e-08  1.14545173e-09
 -6.86826525e-08 -1.60422672e-07  1.14545173e-09  2.65234235e-09
 -5.59753346e-08  1.14545173e-09  1.14545173e-09  1.14545173e-09
  1.14545173e-09]
Optimization terminated successfully    (Exit mode 0)
            Current function value: 98.10862223472931
            Iterations: 1
            Function evaluations: 8
            Gradient evaluations: 1
New op index: 19	$R_Y$[6]
Current grad: 0.8889022020437365
98.10862223472931 
 [-2.00972607e-08  4.64433874e-02 -2.00972607e-08 -2.03194048e-08
 -3.00965439e-08 -2.00972607e-08 -2.00972607e-08  4.64433944e-02
 -2.00972607e-08 -2.35614692e-08 -5.21233545e-08 -2.00972607e-08
 -1.99306669e-08  4.84592209e-02 -2.00972607e-08 -2.25013252e-08
 -3.15827009e-08 -1.98259897e-08 -2.00972607e-08  4.88859700e-02
 -2.00972607e-08 -2.02498853e-08 -2.64694222e-08 -2.00972607e-08
 -2.03194048e-08 -2.00133456e-08 -2.00972607e-08 -2.06061657e-08
 -2.08823536e-08 -2.00972607e-08 -2.35614692e-08 -2.00727470e-08
 -2.00972607e-08 -2.09411724e-08 -2.44084646e-08 -2.00972607e-08
 -2.25013252e-08 -2.14399165e-08 -2.00972607e-08 -1.98385237e-08
 -2.04885140e-08 -2.00972607e-08 -2.02498853e-08 -2.09278141e-08
 -2.00972607e-08]
Optimization terminated successfully    (Exit mode 0)
            Current function value: 98.05973587846435
            Iterations: 1
            Function evaluations: 9
            Gradient evaluations: 1
New op index: 13	$R_Y$[4]
Current grad: 62.733114282646625
98.05973587846435 
 [-3.86281911e-07  4.85116469e+01 -3.86281911e-07 -1.62236091e-07
 -3.46553009e-08 -3.86281911e-07 -3.86281911e-07  4.85116473e+01
 -3.86281911e-07 -2.59346024e-07 -2.79474065e-07 -3.86281911e-07
 -3.84359581e-07  4.94511139e+01 -3.86281911e-07  9.01115129e-08
 -2.70207664e-07 -2.03111966e-07 -3.86055987e-07 -2.42965868e-07
 -3.86281911e-07  4.33194174e-08 -7.60937979e-08 -3.86281911e-07
 -1.62236091e-07 -1.46290645e-07 -3.86281911e-07 -1.64943344e-07
 -1.43557443e-07 -3.86281911e-07 -2.59346024e-07 -3.08556707e-07
 -3.86281911e-07 -7.79297267e-08 -8.01820192e-08 -3.86281911e-07
  9.01115129e-08  6.49031051e-09 -3.86281911e-07 -7.81043070e-08
 -8.05837175e-08 -3.86281911e-07 -8.31617228e-08 -8.30647764e-08
 -3.86281911e-07]
Optimization terminated successfully    (Exit mode 0)
            Current function value: 48.608621988594535
            Iterations: 1
            Function evaluations: 7
            Gradient evaluations: 1
New op index: 7	$R_Y$[2]
Current grad: 0.44991795428714704
48.608621988594535 
 [ 1.74601666e-10  4.88873738e-02  0.00000000e+00  7.11608550e-11
  3.11068504e-10  1.84961380e-10  1.94390282e-10  4.89419356e-02
  0.00000000e+00 -1.35088385e-10 -2.25589503e-09  2.39865017e-10
 -5.10880227e-12  3.11260351e-10 -3.62996104e-08 -1.00669695e-10
 -4.94037756e-07  0.00000000e+00 -1.82041049e-11  4.06167544e-10
  0.00000000e+00 -1.87327487e-10  3.07593950e-11  0.00000000e+00
  7.11608550e-11 -7.83728638e-12  0.00000000e+00 -1.44900980e-10
  5.85416160e-11  0.00000000e+00 -1.35088385e-10 -2.95464986e-10
  0.00000000e+00 -1.09219435e-06 -2.26272334e-10  0.00000000e+00
  2.33214337e-10  2.89254842e-10  0.00000000e+00  5.62536684e-11
 -4.30375735e-11  0.00000000e+00 -1.39664280e-10 -1.36829215e-10
  0.00000000e+00]
Optimization terminated successfully    (Exit mode 0)
            Current function value: 48.55967988318716
            Iterations: 1
            Function evaluations: 11
            Gradient evaluations: 1
New op index: 1	$R_Y$[0]
Current grad: 20.626718674184968
48.55967988318716 
 [ 8.78858728e-08  5.03374577e+01  1.25652072e-01 -4.17314510e-07
  1.53891335e-08  3.47532157e-03  6.88729926e-08  3.47538000e-03
  1.25651970e-01 -3.31282024e-09  3.47539116e-03  1.25651799e-01
  8.99679051e-08  8.58496563e-08 -2.85172490e-08  6.45239240e-08
  3.47518075e-03  8.78858728e-08 -2.59948933e-07 -1.54443711e-08
  3.47526579e-03 -2.24968062e-08  3.47537122e-03  8.78858728e-08
 -4.17314510e-07  1.25651327e-01  1.25651639e-01  8.72888464e-08
  1.25652094e-01  1.25645210e-01 -5.69086694e-07  1.50789461e-08
  3.45827010e-03  7.62411361e-08 -6.46144827e-08  8.78858728e-08
  8.53753832e-08  8.78629578e-08  8.78858728e-08  5.28061932e-08
 -3.62572585e-07  8.78858728e-08  7.68072042e-08 -4.57882827e-07
  8.78858728e-08]
Optimization terminated successfully    (Exit mode 0)
            Current function value: -1.7777777772822003
            Iterations: 1
            Function evaluations: 9
            Gradient evaluations: 1
New op index: 42	$R_{XX}$[6, 7]
Current grad: 0.0005523274222457549
-1.7777777772822003 
 [-1.45968780e-06 -5.24925599e-08  0.00000000e+00 -1.64534846e-06
 -1.54915778e-08  0.00000000e+00 -1.50447673e-06 -5.41723550e-08
  0.00000000e+00 -1.53738119e-06 -5.85665294e-08 -2.74024999e-07
 -1.44429476e-06 -5.83901016e-08 -2.51758772e-07 -1.41605813e-06
 -5.85923414e-08  0.00000000e+00 -8.48570103e-11 -2.14620690e-08
  0.00000000e+00 -1.33393122e-06 -5.20770036e-08  0.00000000e+00
 -1.27687229e-06 -1.38494936e-06  0.00000000e+00 -1.33663348e-06
 -1.88480006e-07  0.00000000e+00 -1.46324521e-06 -1.50791180e-06
  0.00000000e+00 -2.92048443e-08 -4.26933113e-07  0.00000000e+00
 -1.30391815e-06 -4.46833015e-10  0.00000000e+00 -1.57064046e-06
 -1.46617021e-06  0.00000000e+00  1.51402002e-10 -1.40773564e-06
  0.00000000e+00]
Precision cutoff reached.
Calculating energies for FreeWilson2D(N_x=2, N_y=2, mass=-1.556, r=1.000)
h_im: 0.0
New op index: 13	$R_Y$[4]
Current grad: 1.9999999999999984
242.49999999999991 
 [42.         42.22222215 42.         42.         42.2777777  42.
 42.         42.2777777  42.         42.         43.0471587  43.
 42.         43.04715871 43.         42.         42.27777768 42.
 42.         42.27777771 42.         42.         42.22222214 42.
 42.         42.         42.         42.         42.         42.
 42.         43.         43.         42.         42.         42.
 42.         43.         43.         42.         42.         42.
 42.         42.         42.        ]
Optimization terminated successfully    (Exit mode 0)
            Current function value: 199.4528412941388
            Iterations: 1
            Function evaluations: 2
            Gradient evaluations: 1
New op index: 19	$R_Y$[6]
Current grad: 143.27536035336314
199.4528412941388 
 [ 0.00000000e+00  4.98997746e+01  0.00000000e+00  0.00000000e+00
  4.99553302e+01  0.00000000e+00  0.00000000e+00  4.95109079e+01
  0.00000000e+00  0.00000000e+00  4.89528413e+01  0.00000000e+00
  0.00000000e+00 -2.11311118e-07  0.00000000e+00  0.00000000e+00
  4.99072405e+01  0.00000000e+00  0.00000000e+00  4.99553302e+01
  0.00000000e+00  0.00000000e+00  4.98997746e+01  0.00000000e+00
  0.00000000e+00  0.00000000e+00  0.00000000e+00  0.00000000e+00
  0.00000000e+00  0.00000000e+00  0.00000000e+00  0.00000000e+00
  0.00000000e+00  0.00000000e+00  0.00000000e+00  0.00000000e+00
  0.00000000e+00  0.00000000e+00  0.00000000e+00  0.00000000e+00
  0.00000000e+00  0.00000000e+00  0.00000000e+00  0.00000000e+00
  0.00000000e+00]
Optimization terminated successfully    (Exit mode 0)
            Current function value: 149.49751112373463
            Iterations: 1
            Function evaluations: 3
            Gradient evaluations: 1
New op index: 10	$R_Y$[3]
Current grad: 1.9396159624572136
149.49751112373463 
 [ 2.64321898e-12  2.20980215e-01  2.64321898e-12  1.70530257e-12
  2.76536117e-01  1.70530257e-12  2.61479727e-12  6.00225110e-01
  2.61479727e-12  2.82227575e-11  7.19733243e-01  0.00000000e+00
 -4.04902494e-08 -6.98213398e-09  0.00000000e+00  2.35615971e-11
  4.94376281e-01  0.00000000e+00  0.00000000e+00 -5.68925884e-09
  1.48077106e-11  0.00000000e+00  4.90887781e-01  0.00000000e+00
  1.70530257e-12  1.70530257e-12  1.70530257e-12  2.61479727e-12
  2.61479727e-12  2.61479727e-12  2.82227575e-11  0.00000000e+00
  0.00000000e+00 -4.04902494e-08 -4.04902494e-08  5.99698069e-12
 -4.04903631e-08 -4.15453485e-08  0.00000000e+00  0.00000000e+00
  0.00000000e+00  0.00000000e+00  0.00000000e+00  0.00000000e+00
  0.00000000e+00]
Optimization terminated successfully    (Exit mode 0)
            Current function value: 148.77777786149053
            Iterations: 1
            Function evaluations: 7
            Gradient evaluations: 1
New op index: 4	$R_Y$[1]
Current grad: 251.16754913848524
148.77777786149053 
 [-2.07268158e-08  5.02222223e+01 -2.07268158e-08 -1.69701764e-08
  5.02777779e+01 -1.69701764e-08 -2.12222346e-08  4.97271999e+01
 -1.95979624e-08 -1.99716794e-08 -1.82622841e-08 -1.30103416e-07
 -2.36659048e-08  5.48419621e-09 -1.32700222e-07 -2.42796716e-08
  4.92321771e+01 -1.95979624e-08  6.59179307e-08  5.37792744e-09
 -2.32689388e-08 -2.13597104e-08  4.97247112e+01 -1.95979624e-08
 -1.69701764e-08 -1.69701764e-08 -1.69701764e-08 -2.12222346e-08
 -1.95979624e-08 -1.95979624e-08 -1.99716794e-08 -2.07218704e-08
 -1.95979624e-08  6.59918840e-08  6.59918840e-08 -1.96727967e-08
 -2.99123712e-08 -1.59540150e-08 -1.95979624e-08  6.59179307e-08
  6.59492798e-08 -1.95979624e-08  6.57443877e-08  6.58290844e-08
 -1.95979624e-08]
Optimization terminated successfully    (Exit mode 0)
            Current function value: 98.5000000066481
            Iterations: 1
            Function evaluations: 5
            Gradient evaluations: 1
New op index: 22	$R_Y$[7]
Current grad: 0.8904089243210407
98.5000000066481 
 [ 5.78334891e-09  1.67913879e-01  0.00000000e+00  4.37334791e-09
 -9.94491828e-07  5.79257176e-09 -3.00880259e-07 -3.29412303e-01
  0.00000000e+00 -1.50102750e-07 -9.36074883e-07 -3.84578414e-09
  5.00691044e-09 -1.33191804e-08 -3.68565907e-08  2.84153145e-09
 -3.29412343e-01  0.00000000e+00  4.86541296e-09 -1.01394384e-06
  6.60776323e-09  5.79862558e-09  1.67913880e-01  0.00000000e+00
  4.37334791e-09 -1.80970972e-09  0.00000000e+00  1.00978070e-09
  1.92993355e-09  0.00000000e+00 -1.50102750e-07  4.98708630e-09
  0.00000000e+00  4.92192953e-10  4.92192953e-10  2.95800362e-09
 -3.23991856e-09  5.19423793e-09  0.00000000e+00  4.86541296e-09
  4.95118968e-09  0.00000000e+00 -4.90004481e-10 -1.75030834e-09
  0.00000000e+00]
Precision cutoff reached.
Calculating energies for FreeWilson2D(N_x=2, N_y=2, mass=-0.667, r=1.000)
h_im: 0.0
New op index: 13	$R_Y$[4]
Current grad: 3.3333333333333295
242.49999999999991 
 [42.         42.66666666 42.         42.         42.16666667 42.
 42.         42.16666667 42.         42.         43.33333333 43.
 42.         43.33333333 43.         42.         42.16666666 42.
 42.         42.16666667 42.         42.         42.66666667 42.
 42.         42.         42.         42.         42.         42.
 42.         43.         43.         42.         42.         42.
 42.         43.         43.         42.         42.         42.
 42.         42.         42.        ]
Optimization terminated successfully    (Exit mode 0)
            Current function value: 199.16666666799753
            Iterations: 1
            Function evaluations: 2
            Gradient evaluations: 1
New op index: 16	$R_Y$[5]
Current grad: 281.0548837308413
199.16666666799753 
 [0.00000000e+00 5.05024670e+01 0.00000000e+00 0.00000000e+00
 4.96691337e+01 0.00000000e+00 0.00000000e+00 5.00024670e+01
 0.00000000e+00 0.00000000e+00 4.86666666e+01 0.00000000e+00
 0.00000000e+00 3.48279627e-10 0.00000000e+00 0.00000000e+00
 5.05098675e+01 0.00000000e+00 0.00000000e+00 4.96691337e+01
 0.00000000e+00 0.00000000e+00 5.05024670e+01 0.00000000e+00
 0.00000000e+00 0.00000000e+00 0.00000000e+00 0.00000000e+00
 0.00000000e+00 0.00000000e+00 0.00000000e+00 0.00000000e+00
 0.00000000e+00 0.00000000e+00 0.00000000e+00 0.00000000e+00
 0.00000000e+00 0.00000000e+00 0.00000000e+00 0.00000000e+00
 0.00000000e+00 0.00000000e+00 0.00000000e+00 0.00000000e+00
 0.00000000e+00]
Optimization terminated successfully    (Exit mode 0)
            Current function value: 148.65679920659358
            Iterations: 1
            Function evaluations: 3
            Gradient evaluations: 1
New op index: 19	$R_Y$[6]
Current grad: 3.000157934340286
148.65679920659358 
 [-1.49782409e-11  6.61765455e-01 -1.49782409e-11  3.21449534e-11
  6.91982848e-01  3.21449534e-11 -1.49782409e-11  1.61765938e-01
 -1.49782409e-11  1.46371804e-11  8.28564320e-01  0.00000000e+00
 -8.30766567e-11 -6.37507469e-09  0.00000000e+00 -9.16646457e-08
 -2.70046030e-09 -1.20792265e-11  9.09494702e-12  8.29061539e-01
  0.00000000e+00  0.00000000e+00  6.61765471e-01  0.00000000e+00
  3.21449534e-11  3.21449534e-11  3.21449534e-11 -1.49782409e-11
 -1.49782409e-11 -1.49782409e-11  1.46371804e-11  0.00000000e+00
  0.00000000e+00 -8.30766567e-11 -8.30766567e-11  0.00000000e+00
  0.00000000e+00  0.00000000e+00  0.00000000e+00 -9.17738987e-08
 -2.83785084e-09  0.00000000e+00  0.00000000e+00  0.00000000e+00
  0.00000000e+00]
Optimization terminated successfully    (Exit mode 0)
            Current function value: 147.82773765541313
            Iterations: 1
            Function evaluations: 7
            Gradient evaluations: 1
New op index: 1	$R_Y$[0]
Current grad: 200.60214260905062
147.82773765541313 
 [-1.21026460e-08  5.04993388e+01 -1.21026460e-08 -1.21081030e-08
  4.96660054e+01 -1.21081030e-08 -1.21836194e-08  4.99993387e+01
 -1.21836194e-08 -1.21526398e-08  4.91709384e+01 -1.20490142e-08
 -1.22045947e-08  6.07769834e-10 -1.20490142e-08 -2.56793697e-07
 -5.33526361e-08 -1.20490142e-08 -1.37659413e-08 -4.86407714e-08
 -6.94950018e-08 -1.22456356e-08  5.04968716e+01 -1.20490142e-08
 -1.21081030e-08 -1.21081030e-08 -1.21081030e-08 -1.21836194e-08
 -1.21836194e-08 -1.21836194e-08 -1.21526398e-08 -1.20490142e-08
 -1.20490142e-08 -1.22045947e-08 -1.20899131e-08 -5.65574396e-08
 -3.99418241e-08 -3.30943323e-07 -1.20490142e-08 -1.19926256e-08
 -1.22799406e-08 -1.20490142e-08 -1.37659697e-08 -1.37693519e-08
 -1.20490142e-08]
Optimization terminated successfully    (Exit mode 0)
            Current function value: 97.32839889077334
            Iterations: 1
            Function evaluations: 5
            Gradient evaluations: 1
New op index: 4	$R_Y$[1]
Current grad: 2.1629960667455808
97.32839889077334 
 [-2.98825853e-10 -1.10295844e-08  0.00000000e+00  0.00000000e+00
  8.35373563e-01  0.00000000e+00  0.00000000e+00  3.29777484e-01
  0.00000000e+00  0.00000000e+00  6.61757866e-01  0.00000000e+00
 -3.48421736e-10  6.10624795e-09  0.00000000e+00 -1.65371716e-10
 -9.05589559e-09  0.00000000e+00 -8.50008064e-10 -1.21290839e-07
 -1.61577091e-07  0.00000000e+00  6.62973800e-01  0.00000000e+00
 -3.03558068e-10 -3.03558068e-10  0.00000000e+00  0.00000000e+00
  0.00000000e+00  0.00000000e+00  0.00000000e+00  0.00000000e+00
  0.00000000e+00 -3.48421736e-10 -2.24972041e-10 -1.61585760e-07
 -8.48245918e-11 -7.42659267e-11  0.00000000e+00 -1.34505740e-10
 -5.30064881e-11  0.00000000e+00 -3.12823545e-10 -3.65346864e-10
  0.00000000e+00]
Optimization terminated successfully    (Exit mode 0)
            Current function value: 96.49302532790689
            Iterations: 1
            Function evaluations: 6
            Gradient evaluations: 1
New op index: 7	$R_Y$[2]
Current grad: 120.5787020954402
96.49302532790689 
 [-3.59116825e-09 -9.92449571e-08  0.00000000e+00 -1.28750344e-09
 -4.33560231e-07 -8.15177259e-10 -3.81675136e-10  5.05004267e+01
  0.00000000e+00 -1.45092827e-10  4.91720258e+01  0.00000000e+00
 -1.82581061e-10 -5.60607560e-08  0.00000000e+00 -8.65316423e-08
 -6.19938731e-08  0.00000000e+00 -3.33275509e-07 -1.11039498e-08
 -3.42055031e-07 -1.41596956e-10  5.04979598e+01  0.00000000e+00
 -5.67027314e-10  1.24899202e-10  0.00000000e+00  2.83606028e-10
 -9.72175371e-08  0.00000000e+00 -1.45092827e-10  0.00000000e+00
  0.00000000e+00 -1.82581061e-10 -2.37207587e-10 -1.50562158e-08
 -1.93811204e-07 -1.83492674e-07  0.00000000e+00  9.07789399e-11
 -5.36545031e-10  0.00000000e+00 -1.52370831e-07  4.78195261e-11
  0.00000000e+00]
Optimization terminated successfully    (Exit mode 0)
            Current function value: 45.99259850565448
            Iterations: 1
            Function evaluations: 10
            Gradient evaluations: 1
New op index: 10	$R_Y$[3]
Current grad: 1.333410273593924
45.99259850565448 
 [-1.30747395e-07 -3.89598611e-07 -1.26301238e-07 -1.22730377e-07
 -4.89087881e-10 -1.29482721e-07 -1.21112222e-07 -4.61454803e-07
 -1.28034820e-07 -1.22286394e-07  6.63194317e-01 -1.29482721e-07
 -1.25230535e-07 -3.75998383e-07 -1.29482721e-07 -1.13191504e-07
 -2.97510425e-07 -1.29482721e-07 -1.20358912e-07 -4.95582626e-07
 -1.68445212e-07 -1.25490381e-07  6.61748120e-01 -1.29482721e-07
 -1.22790880e-07 -1.29821736e-07 -1.29482721e-07 -1.26930942e-07
 -1.30399499e-07 -1.29482721e-07 -1.19327041e-07 -1.25539614e-07
 -1.29482721e-07 -1.25230535e-07 -1.16128859e-07 -1.29482721e-07
 -1.19923911e-07 -1.28427530e-07 -1.29482721e-07 -1.27645130e-07
 -1.23458015e-07 -1.29482721e-07 -1.22704655e-07 -1.27601709e-07
 -1.29482721e-07]
Optimization terminated successfully    (Exit mode 0)
            Current function value: 45.329404188878385
            Iterations: 1
            Function evaluations: 8
            Gradient evaluations: 1
New op index: 22	$R_Y$[7]
Current grad: 50.234886861306
45.329404188878385 
 [ 6.74107525e-09 -6.85779113e-08 -1.03421101e-07  2.62172506e-09
  3.15978212e-08 -1.43543058e-03  3.01414715e-08 -1.14257190e-08
 -3.25119572e-07  6.66034339e-10 -3.80095287e-07  4.54038442e-08
 -5.28928012e-10 -4.65471928e-07 -2.45027636e-07 -4.79627928e-08
 -1.34950525e-07 -4.47292337e-09 -2.54478749e-09  3.52825680e-09
 -1.66355747e-07 -3.70382892e-07  5.06627370e+01 -4.47292337e-09
 -1.02184572e-09 -1.64287428e-09 -2.41416082e-07 -2.57388422e-09
 -3.02320302e-09  4.08270679e-08 -3.10721049e-09 -2.72138578e-09
  2.82850436e-08 -2.15329976e-10  2.55907082e-08 -1.48653648e-07
  7.72708120e-10 -1.05000453e-09 -4.47292337e-09 -1.06357589e-09
 -1.41114498e-09 -4.47292337e-09 -1.68979142e-09  2.11386464e-11
 -4.47292337e-09]
Optimization terminated successfully    (Exit mode 0)
            Current function value: -5.333333333305765
            Iterations: 1
            Function evaluations: 12
            Gradient evaluations: 1
New op index: 10	$R_Y$[3]
Current grad: 0.00013290269145666982
-5.333333333305765 
 [-4.02953638e-07  1.32267530e-11 -2.84257764e-08 -3.82959052e-07
 -5.21155474e-09 -5.78486565e-08 -1.08406262e-09 -4.24904556e-12
 -4.28986091e-09 -1.62060204e-06  2.69446687e-11 -2.24772201e-09
 -3.54028783e-07  2.69180234e-11 -2.45169751e-09 -1.16893233e-08
 -4.29345448e-12 -4.21372359e-09 -7.59908485e-07 -5.23717070e-09
 -4.46226869e-08 -3.79987720e-07  1.08109077e-11 -2.74271095e-08
 -5.96925229e-08 -1.53442645e-07 -1.25588784e-09 -1.59539670e-07
 -1.54022217e-08 -5.78266528e-08 -1.21169276e-07 -2.18189252e-07
 -1.35792053e-08 -1.19289589e-06 -1.11565044e-06 -1.93205742e-07
 -9.16615752e-08 -6.25806502e-07 -1.12213154e-08 -2.20188191e-07
 -2.18262688e-08 -4.92371761e-08 -1.91409484e-08 -1.95910399e-08
 -5.22566879e-10]
Precision cutoff reached.
Calculating energies for FreeWilson2D(N_x=2, N_y=2, mass=0.222, r=1.000)
h_im: 0.0
New op index: 10	$R_Y$[3]
Current grad: 6.88888888888888
242.49999999999991 
 [42.         43.11111111 42.         42.         42.61111111 42.
 42.         42.6111111  42.         42.         43.71842846 43.
 42.         43.71842845 43.         42.         42.61111111 42.
 42.         42.61111111 42.         42.         43.11111111 42.
 42.         42.         42.         42.         42.         42.
 42.         43.         43.         42.         42.         42.
 42.         43.         43.         42.         42.         42.
 42.         42.         42.        ]
Optimization terminated successfully    (Exit mode 0)
            Current function value: 198.7815715446309
            Iterations: 1
            Function evaluations: 2
            Gradient evaluations: 1
New op index: 7	$R_Y$[2]
Current grad: 320.53058397706263
198.7815715446309 
 [ 0.00000000e+00  5.10062394e+01  0.00000000e+00  0.00000000e+00
  4.92840171e+01  0.00000000e+00  0.00000000e+00  5.10135754e+01
  0.00000000e+00  0.00000000e+00 -8.29913915e-12  0.00000000e+00
  0.00000000e+00  4.82815715e+01  0.00000000e+00  0.00000000e+00
  5.05062394e+01  0.00000000e+00  0.00000000e+00  4.92840171e+01
  0.00000000e+00  0.00000000e+00  5.10062394e+01  0.00000000e+00
  0.00000000e+00  0.00000000e+00  0.00000000e+00  0.00000000e+00
  0.00000000e+00  0.00000000e+00  0.00000000e+00  0.00000000e+00
  0.00000000e+00  0.00000000e+00  0.00000000e+00  0.00000000e+00
  0.00000000e+00  0.00000000e+00  0.00000000e+00  0.00000000e+00
  0.00000000e+00  0.00000000e+00  0.00000000e+00  0.00000000e+00
  0.00000000e+00]
Optimization terminated successfully    (Exit mode 0)
            Current function value: 147.767996105174
            Iterations: 1
            Function evaluations: 3
            Gradient evaluations: 1
New op index: 4	$R_Y$[1]
Current grad: 5.6667944343732435
147.767996105174 
 [ 1.84741111e-12  1.10627412e+00  1.84741111e-12 -2.99849034e-11
  1.21375712e+00  0.00000000e+00  0.00000000e+00 -3.35617756e-09
 -1.59161573e-11  0.00000000e+00 -6.26991437e-09  0.00000000e+00
 -1.48645540e-11  1.21353513e+00  0.00000000e+00 -2.66027200e-11
  6.06274310e-01 -2.66027200e-11 -9.00968189e-12  9.85065040e-01
 -9.00968189e-12 -1.35003120e-11  1.10627413e+00 -1.35003120e-11
 -2.99849034e-11  0.00000000e+00  0.00000000e+00  0.00000000e+00
  0.00000000e+00  0.00000000e+00  0.00000000e+00  0.00000000e+00
  0.00000000e+00  0.00000000e+00  0.00000000e+00  0.00000000e+00
 -2.66027200e-11  0.00000000e+00  0.00000000e+00 -9.00968189e-12
 -9.00968189e-12 -9.00968189e-12 -1.35003120e-11 -1.35003120e-11
 -1.35003120e-11]
Optimization terminated successfully    (Exit mode 0)
            Current function value: 146.55423898224396
            Iterations: 1
            Function evaluations: 4
            Gradient evaluations: 1
New op index: 22	$R_Y$[7]
Current grad: 228.68675752617514
146.55423898224396 
 [ 0.00000000e+00  5.10011293e+01  0.00000000e+00 -8.64613696e-08
  4.24978452e-09  1.00349951e-08 -2.67096709e-08 -2.73458340e-08
  0.00000000e+00 -1.21983135e-09  2.23277539e-08  0.00000000e+00
 -2.66911115e-09  4.87862424e+01  0.00000000e+00 -2.74951617e-10
  5.05035748e+01 -2.74951617e-10  0.00000000e+00  4.92813527e+01
  0.00000000e+00  0.00000000e+00  5.10035750e+01  0.00000000e+00
 -8.64613696e-08 -2.10250391e-07  0.00000000e+00 -1.91968752e-09
 -1.73116632e-09  0.00000000e+00 -1.95022551e-07  1.63631739e-08
  0.00000000e+00  2.21524488e-09 -1.83825932e-09  1.88939850e-08
 -2.74951617e-10  0.00000000e+00  0.00000000e+00  0.00000000e+00
  0.00000000e+00  0.00000000e+00  0.00000000e+00  0.00000000e+00
  0.00000000e+00]
Optimization terminated successfully    (Exit mode 0)
            Current function value: 95.55066402543129
            Iterations: 1
            Function evaluations: 5
            Gradient evaluations: 1
New op index: 19	$R_Y$[6]
Current grad: 3.9407296424955485
95.55066402543129 
 [-1.29318778e-12  1.10745586e+00  0.00000000e+00 -1.41795908e-10
 -1.21459280e-07 -1.58430879e-07 -1.74821935e-10 -9.35122557e-09
  0.00000000e+00 -2.70674150e-10  5.18822674e-09  0.00000000e+00
 -9.89359705e-11  1.10621949e+00  0.00000000e+00 -1.81955784e-10
  7.14829484e-01 -1.81955784e-10 -2.61479727e-11  1.21994090e+00
 -2.61479727e-11 -5.78069148e-10 -1.09490230e-08 -1.05586651e-11
 -1.41795908e-10  6.15898443e-11  0.00000000e+00 -4.09272616e-12
 -4.09272616e-12  0.00000000e+00  0.00000000e+00  0.00000000e+00
  0.00000000e+00 -6.82859991e-10 -7.06108949e-10 -1.58432272e-07
 -1.81955784e-10  0.00000000e+00  0.00000000e+00 -2.61479727e-11
 -2.61479727e-11 -2.61479727e-11 -5.78069148e-10 -5.78069148e-10
 -1.05586651e-11]
Optimization terminated successfully    (Exit mode 0)
            Current function value: 94.33072310874995
            Iterations: 1
            Function evaluations: 9
            Gradient evaluations: 1
New op index: 16	$R_Y$[5]
Current grad: 137.65353831383132
94.33072310874995 
 [-1.76768964e-08  5.10022813e+01 -1.80340720e-08 -5.39699130e-08
  5.97978840e-08 -2.44441509e-07 -1.66329215e-07  7.02070508e-08
 -1.80340720e-08 -1.73540542e-08  3.26819958e-08 -1.80340720e-08
 -1.80402253e-08  4.87873944e+01 -1.80340720e-08 -1.76419803e-08
  5.10047268e+01 -1.80340720e-08 -7.53911564e-08 -1.16060022e-07
 -1.76300858e-08 -2.44904072e-07  7.54895382e-08 -1.80340720e-08
 -5.39699130e-08 -2.34188491e-08 -1.80340720e-08 -1.75707413e-08
 -1.80039024e-08 -1.80340720e-08 -2.07483353e-07 -2.97990368e-07
 -1.80340720e-08 -1.73862560e-08 -1.81139654e-08 -3.07123429e-07
 -1.76419803e-08 -1.80340720e-08 -1.80340720e-08 -7.53911564e-08
 -2.66939395e-08 -1.80340720e-08 -1.80340720e-08 -1.80340720e-08
 -1.80340720e-08]
Optimization terminated successfully    (Exit mode 0)
            Current function value: 43.325996203871654
            Iterations: 1
            Function evaluations: 10
            Gradient evaluations: 1
New op index: 1	$R_Y$[0]
Current grad: 2.222286681422551
43.325996203871654 
 [-1.27792902e-07  1.10624638e+00 -1.31910362e-07 -1.18479107e-07
 -4.80591218e-07 -1.64472866e-07 -1.33282583e-07 -4.15814242e-07
 -1.31910362e-07 -1.27662659e-07 -3.59133558e-07 -1.31910362e-07
 -1.33180386e-07  1.10624602e+00 -1.31910362e-07 -1.27015809e-07
 -4.39585712e-07 -2.58622713e-07 -1.30412978e-07 -9.10665463e-08
 -1.31910362e-07 -1.28178868e-07 -3.56304838e-07 -2.66776709e-07
 -1.18479107e-07 -1.24221401e-07 -1.31910362e-07 -1.30441443e-07
 -1.31806239e-07 -1.31910362e-07 -1.33664322e-07 -1.33784937e-07
 -1.31910362e-07 -1.25427043e-07 -1.32993435e-07 -1.31910362e-07
 -1.27015809e-07 -1.28435580e-07 -1.31910362e-07 -1.28657874e-07
 -1.24519602e-07 -1.31910362e-07 -1.24421931e-07 -1.29604807e-07
 -1.31910362e-07]
Optimization terminated successfully    (Exit mode 0)
            Current function value: 42.21974981957654
            Iterations: 1
            Function evaluations: 8
            Gradient evaluations: 1
New op index: 13	$R_Y$[4]
Current grad: 51.11337866911243
42.21974981957654 
 [-1.33388056e-09  6.49339782e-08 -1.98423550e-07  2.30761046e-08
  1.23274532e-07 -3.71789859e-07 -1.60330416e-09  8.87179041e-08
 -2.00248707e-07  2.79021677e-08  7.40273904e-08 -1.69205805e-09
 -5.84626036e-09  5.11086386e+01 -1.69205805e-09  2.45223220e-09
 -3.67036613e-07  8.56381703e-08  1.48714889e-08  1.14586804e-07
 -1.69205805e-09 -1.15944232e-09  1.16984793e-07  8.70785186e-08
  1.60035540e-10 -1.92990939e-08 -1.72534179e-07 -3.42787132e-09
 -5.83076343e-09 -1.62518155e-07 -1.14144214e-08 -6.60384103e-09
 -1.69205805e-09  6.72919498e-09  3.26303891e-08 -1.69205805e-09
  2.45223220e-09 -1.71614545e-09 -1.69205805e-09 -5.98804633e-08
 -1.70710422e-07 -1.69205805e-09 -1.01893320e-08 -3.40919826e-09
 -1.69205805e-09]
Optimization terminated successfully    (Exit mode 0)
            Current function value: -8.888888888881775
            Iterations: 1
            Function evaluations: 12
            Gradient evaluations: 1
New op index: 22	$R_Y$[7]
Current grad: 6.89124251296032e-05
-8.888888888881775 
 [-5.69167726e-07 -6.40376641e-12 -3.32839534e-10 -1.00250421e-08
 -3.37759509e-09 -2.27780507e-07 -7.94732546e-08 -2.72617484e-11
 -6.03745320e-09 -1.32486556e-06 -2.14642171e-09 -1.86828590e-07
 -1.19680495e-06 -4.75475836e-09 -1.28497474e-07 -2.79003563e-07
 -1.53423940e-11 -6.17188434e-09 -9.89748781e-08 -3.27860583e-09
 -2.26786270e-07 -5.99130095e-07 -3.76942921e-12 -2.78935985e-10
 -1.33607015e-07 -2.14905018e-07 -1.10735776e-09 -4.02125222e-07
 -4.48573706e-07 -3.33342083e-08 -3.08451057e-07 -4.29818249e-07
 -1.56502189e-08 -6.28377350e-09 -5.69290926e-09 -1.83777763e-07
 -1.04228880e-07 -5.13403437e-07 -6.84093315e-09 -4.18663975e-07
 -4.47572470e-07 -3.39576136e-08 -3.67653200e-07 -1.75465269e-07
 -9.53955137e-10]
Precision cutoff reached.
Calculating energies for FreeWilson2D(N_x=2, N_y=2, mass=1.111, r=1.000)
h_im: 0.0
New op index: 13	$R_Y$[4]
Current grad: 10.444444444444434
242.49999999999991 
 [42.         43.55555555 42.         42.         43.05555554 42.
 42.         43.05555553 42.         42.         44.13393778 43.
 42.         44.13393779 43.         42.         43.05555554 42.
 42.         43.05555554 42.         42.         43.55555555 42.
 42.         42.         42.         42.         42.         42.
 42.         43.         43.         42.         42.         42.
 42.         43.         43.         42.         42.         42.
 42.         42.         42.        ]
Optimization terminated successfully    (Exit mode 0)
            Current function value: 198.36606220963344
            Iterations: 1
            Function evaluations: 2
            Gradient evaluations: 1
New op index: 16	$R_Y$[5]
Current grad: 334.9027763591754
198.36606220963344 
 [0.00000000e+00 5.14795978e+01 0.00000000e+00 0.00000000e+00
 4.88684867e+01 0.00000000e+00 0.00000000e+00 5.09795978e+01
 0.00000000e+00 0.00000000e+00 4.78660622e+01 0.00000000e+00
 0.00000000e+00 1.17370462e-07 0.00000000e+00 0.00000000e+00
 5.14868707e+01 0.00000000e+00 0.00000000e+00 4.88684867e+01
 0.00000000e+00 0.00000000e+00 5.14795978e+01 0.00000000e+00
 0.00000000e+00 0.00000000e+00 0.00000000e+00 0.00000000e+00
 0.00000000e+00 0.00000000e+00 0.00000000e+00 0.00000000e+00
 0.00000000e+00 0.00000000e+00 0.00000000e+00 0.00000000e+00
 0.00000000e+00 0.00000000e+00 0.00000000e+00 0.00000000e+00
 0.00000000e+00 0.00000000e+00 0.00000000e+00 0.00000000e+00
 0.00000000e+00]
Optimization terminated successfully    (Exit mode 0)
            Current function value: 146.87919152510761
            Iterations: 1
            Function evaluations: 3
            Gradient evaluations: 1
New op index: 19	$R_Y$[6]
Current grad: 8.333449862647687
146.87919152510761 
 [-2.14015472e-11  1.55078138e+00 -2.14015472e-11 -2.25952590e-11
  1.33956008e+00 -2.25952590e-11 -1.47508672e-11  1.05078148e+00
 -1.47508672e-11 -2.14015472e-11  1.62835144e+00  0.00000000e+00
 -1.23463906e-10 -5.80871529e-09  0.00000000e+00 -9.43430223e-10
 -3.20744675e-09 -2.92743607e-11 -2.00373051e-11  1.62847395e+00
  0.00000000e+00  0.00000000e+00  1.55078138e+00  0.00000000e+00
 -2.25952590e-11 -2.25952590e-11 -2.25952590e-11 -1.47508672e-11
 -1.47508672e-11 -1.47508672e-11 -2.14015472e-11  0.00000000e+00
  0.00000000e+00 -1.23463906e-10 -2.02947490e-08  0.00000000e+00
 -5.17275112e-12 -5.17275112e-12  0.00000000e+00 -8.82863560e-10
 -8.79282425e-10  0.00000000e+00  0.00000000e+00  0.00000000e+00
  0.00000000e+00]
Optimization terminated successfully    (Exit mode 0)
            Current function value: 145.2507174104347
            Iterations: 1
            Function evaluations: 6
            Gradient evaluations: 1
New op index: 1	$R_Y$[0]
Current grad: 239.06425515496835
145.2507174104347 
 [-1.66057305e-07  5.14777890e+01 -1.66057305e-07 -1.68473605e-07
  4.88666779e+01 -1.68473605e-07 -1.65066439e-07  5.09777890e+01
 -1.65066439e-07 -1.70127862e-07  4.83715258e+01 -1.68629953e-07
 -1.68008398e-07 -3.24407267e-07 -1.68629953e-07  3.19993774e-08
 -5.58845414e-07 -1.68629953e-07 -4.02144167e-08  2.91630045e-08
  6.41855991e-09 -1.65034351e-07  5.14753644e+01 -1.68629953e-07
 -1.68473605e-07 -1.68473605e-07 -1.68473605e-07 -1.65066439e-07
 -1.65066439e-07 -1.65066439e-07 -1.70127862e-07 -1.68629953e-07
 -1.68629953e-07 -1.68008398e-07 -1.68122625e-07  3.28010401e-08
 -7.70539827e-08 -7.80193830e-08 -1.68629953e-07  1.18259891e-09
  1.51947290e-08 -1.68629953e-07 -4.25719406e-08 -4.29464535e-08
 -1.68629953e-07]
Optimization terminated successfully    (Exit mode 0)
            Current function value: 93.77292842100083
            Iterations: 1
            Function evaluations: 5
            Gradient evaluations: 1
New op index: 4	$R_Y$[1]
Current grad: 5.718557053050498
93.77292842100083 
 [-1.01340447e-09  5.73750469e-09  0.00000000e+00  0.00000000e+00
  1.63458410e+00  0.00000000e+00  0.00000000e+00  1.13034917e+00
  0.00000000e+00  0.00000000e+00  1.55070587e+00  0.00000000e+00
 -2.78075163e-09  5.18681986e-09  0.00000000e+00 -2.67533551e-10
 -8.70221584e-09  0.00000000e+00 -2.07516848e-09 -1.32455526e-07
 -1.54252859e-07  0.00000000e+00  1.55193695e+00  0.00000000e+00
 -1.87539229e-09 -1.87539229e-09  0.00000000e+00  0.00000000e+00
  0.00000000e+00  0.00000000e+00  0.00000000e+00  0.00000000e+00
  0.00000000e+00 -2.78075163e-09 -4.58396698e-09 -1.54255602e-07
 -1.15505827e-10 -1.75111836e-09  0.00000000e+00 -5.66259928e-10
 -2.97372083e-09  0.00000000e+00 -4.13109547e-11 -7.43654027e-11
  0.00000000e+00]
Optimization terminated successfully    (Exit mode 0)
            Current function value: 92.13834432488406
            Iterations: 1
            Function evaluations: 6
            Gradient evaluations: 1
New op index: 7	$R_Y$[2]
Current grad: 144.05489081088666
92.13834432488406 
 [-6.12303097e-09 -2.51554866e-09  0.00000000e+00 -3.96819630e-07
 -6.80535095e-09 -1.82475901e-09  9.24700316e-11  5.14789514e+01
  0.00000000e+00 -7.86855026e-10  4.83726880e+01  0.00000000e+00
 -7.01760428e-10 -4.73425246e-08  0.00000000e+00  3.95789357e-09
 -2.63060826e-08  0.00000000e+00 -1.66314607e-08 -1.38789247e-07
 -1.32198466e-08 -2.82909696e-10  5.14765270e+01  0.00000000e+00
 -1.02247242e-08 -1.81509250e-07  0.00000000e+00 -2.04983493e-07
  1.64931180e-09  0.00000000e+00 -7.86855026e-10  0.00000000e+00
  0.00000000e+00 -7.01760428e-10 -7.02272018e-10 -2.01808490e-08
 -1.23531080e-07 -6.34825881e-09  0.00000000e+00 -2.57020432e-07
 -1.97195121e-07  0.00000000e+00 -5.15255977e-07 -3.79678767e-07
  0.00000000e+00]
Optimization terminated successfully    (Exit mode 0)
            Current function value: 40.65939279222531
            Iterations: 1
            Function evaluations: 10
            Gradient evaluations: 1
New op index: 22	$R_Y$[7]
Current grad: 3.111169800387544
40.65939279222531 
 [-1.15485776e-07 -3.41594109e-07 -2.94767993e-07 -1.24626659e-07
 -3.04680725e-10 -1.20628698e-07 -1.16735151e-07 -4.20487986e-07
 -2.94788073e-07 -1.19931443e-07  1.55074313e+00 -1.20628698e-07
 -1.27815177e-07 -3.43670784e-07 -1.20628698e-07 -1.15825621e-07
 -3.84696669e-07 -1.20628698e-07 -1.22203417e-07 -4.49537829e-07
 -1.60279285e-07 -1.16109518e-07  1.55074339e+00 -1.20628698e-07
 -1.25583753e-07 -1.36173789e-07 -1.20628698e-07 -1.31689603e-07
 -1.24690047e-07 -1.20628698e-07 -1.16139894e-07 -1.22511551e-07
 -1.20628698e-07 -1.27815177e-07 -1.25261167e-07 -1.20628698e-07
 -1.18135929e-07 -1.24611368e-07 -1.20628698e-07 -1.15523569e-07
 -1.24384577e-07 -1.20628698e-07 -1.22972843e-07 -1.21191896e-07
 -1.20628698e-07]
Optimization terminated successfully    (Exit mode 0)
            Current function value: 39.10864940078089
            Iterations: 1
            Function evaluations: 8
            Gradient evaluations: 1
New op index: 10	$R_Y$[3]
Current grad: 51.55716793863128
39.10864940078089 
 [-1.45973900e-10 -8.47992965e-08 -3.87310308e-08 -3.09576365e-10
 -3.50679862e-07 -3.09576365e-10 -2.34926745e-10 -1.24089766e-07
 -3.96789304e-08 -1.77919901e-10  5.15530934e+01 -3.09576365e-10
 -1.69450011e-07 -1.10964393e-08 -3.09576365e-10 -3.48279627e-10
 -1.48463016e-07 -2.64998285e-07 -4.42155851e-07 -1.71679915e-09
 -1.87526084e-08 -3.10009796e-11 -5.70683198e-08 -2.63170449e-07
 -4.44047430e-08 -1.08910214e-08 -3.09576365e-10 -1.32396487e-07
 -2.05357011e-07 -3.09576365e-10 -5.94944538e-10 -2.90825142e-10
 -3.09576365e-10 -1.69450011e-07 -3.42572058e-07 -3.09576365e-10
 -2.99726111e-08 -3.07252890e-08 -3.09576365e-10 -7.01971672e-08
 -7.71675985e-08 -3.12321333e-07 -7.68031327e-09 -5.70301289e-07
 -2.31836538e-07]
Optimization terminated successfully    (Exit mode 0)
            Current function value: -12.444444444419883
            Iterations: 1
            Function evaluations: 12
            Gradient evaluations: 1
New op index: 30	$R_{XX}$[2, 3]
Current grad: 0.0001102555438718638
-12.444444444419883 
 [-9.63902735e-10 -2.25410268e-09 -1.11891346e-06 -2.29405337e-06
 -2.10583195e-09 -7.74984178e-07 -4.42656326e-07 -1.08492354e-06
 -5.53951196e-09 -9.78736535e-07 -1.30216904e-09 -3.77274922e-09
 -2.05999227e-07 -1.33165479e-09 -3.55668028e-09 -8.51862341e-07
 -1.16280624e-06 -5.47140999e-09 -1.08017240e-09 -2.16991047e-09
 -7.70203858e-07 -5.14864595e-10 -4.07625897e-08 -1.01822795e-06
 -4.75153847e-07 -1.22441540e-06 -1.16129684e-09 -8.58850656e-07
 -1.61707270e-09 -3.27900747e-08 -1.55127466e-10 -4.22864469e-07
 -5.75644599e-09 -4.11600318e-08 -1.52442148e-09 -1.67796721e-07
 -2.43939139e-07 -1.75487891e-09 -6.20172713e-09 -3.94697995e-07
 -1.15116713e-07 -3.09184429e-08 -6.10962386e-07 -6.73179629e-07
 -6.07695227e-10]
Precision cutoff reached.
Calculating energies for FreeWilson2D(N_x=2, N_y=2, mass=2.000, r=1.000)
h_im: 0.0
New op index: 13	$R_Y$[4]
Current grad: 13.999999999999988
242.49999999999991 
 [42.         43.99999999 42.         42.         43.5        42.
 42.         43.5        42.         42.         44.56155281 43.
 42.         44.56155281 43.         42.         43.5        42.
 42.         43.5        42.         42.         43.99999999 42.
 42.         42.         42.         42.         42.         42.
 42.         43.         43.         42.         42.         42.
 42.         43.         43.         42.         42.         42.
 42.         42.         42.        ]
Optimization terminated successfully    (Exit mode 0)
            Current function value: 197.93844718719595
            Iterations: 1
            Function evaluations: 2
            Gradient evaluations: 1
New op index: 16	$R_Y$[5]
Current grad: 341.6862606346577
197.93844718719595 
 [ 0.00000000e+00  5.19408510e+01  0.00000000e+00  0.00000000e+00
  4.84408510e+01  0.00000000e+00  0.00000000e+00  5.14408510e+01
  0.00000000e+00  0.00000000e+00  4.74384472e+01  0.00000000e+00
  0.00000000e+00 -1.14782210e-08  0.00000000e+00  0.00000000e+00
  5.19480617e+01  0.00000000e+00  0.00000000e+00  4.84408510e+01
  0.00000000e+00  0.00000000e+00  5.19408510e+01  0.00000000e+00
  0.00000000e+00  0.00000000e+00  0.00000000e+00  0.00000000e+00
  0.00000000e+00  0.00000000e+00  0.00000000e+00  0.00000000e+00
  0.00000000e+00  0.00000000e+00  0.00000000e+00  0.00000000e+00
  0.00000000e+00  0.00000000e+00  0.00000000e+00  0.00000000e+00
  0.00000000e+00  0.00000000e+00  0.00000000e+00  0.00000000e+00
  0.00000000e+00]
Optimization terminated successfully    (Exit mode 0)
            Current function value: 145.99038550430248
            Iterations: 1
            Function evaluations: 3
            Gradient evaluations: 1
New op index: 19	$R_Y$[6]
Current grad: 11.000132709034512
145.99038550430248 
 [ 2.56648036e-11  1.99528733e+00  2.56648036e-11  2.11741735e-11
  1.72645344e+00  2.11741735e-11  2.31068498e-11  1.49528731e+00
  2.31068498e-11  2.18278728e-11  2.05523048e+00  0.00000000e+00
  0.00000000e+00 -5.03061415e-09  0.00000000e+00 -1.86691153e-07
 -2.85643864e-09  1.25055521e-11  1.75930381e-11  2.05530764e+00
  0.00000000e+00  0.00000000e+00  1.99528733e+00  0.00000000e+00
  2.11741735e-11  2.11741735e-11  2.11741735e-11  2.31068498e-11
  2.31068498e-11  2.31068498e-11  2.18278728e-11  0.00000000e+00
  0.00000000e+00  0.00000000e+00  0.00000000e+00  0.00000000e+00
  0.00000000e+00  0.00000000e+00  0.00000000e+00  8.27071744e-11
 -1.69476095e-07  0.00000000e+00  0.00000000e+00  0.00000000e+00
  0.00000000e+00]
Optimization terminated successfully    (Exit mode 0)
            Current function value: 143.93507786742364
            Iterations: 1
            Function evaluations: 4
            Gradient evaluations: 1
New op index: 1	$R_Y$[0]
Current grad: 244.1176565385543
143.93507786742364 
 [-7.43057171e-10  5.19398858e+01 -7.43057171e-10 -2.04727257e-09
  4.84398858e+01 -2.04727257e-09  3.39070994e-11  5.14398858e+01
  3.39070994e-11 -7.73411557e-10  4.79446922e+01 -5.83327164e-10
 -7.69091457e-11 -2.76181993e-07 -5.83327164e-10 -5.83327164e-10
 -6.65710616e-08 -5.83327164e-10  3.03561762e-08 -1.93313923e-07
  2.92842799e-08 -4.49830395e-10  5.19374819e+01 -5.83327164e-10
 -2.04727257e-09 -2.04727257e-09 -2.04727257e-09  3.39070994e-11
  3.39070994e-11  3.39070994e-11 -7.73411557e-10 -5.83327164e-10
 -5.83327164e-10 -7.69091457e-11 -6.98321401e-11  4.06645029e-08
  2.61155435e-08  2.66876725e-08 -5.83327164e-10  3.56521355e-08
  3.47084494e-08 -5.83327164e-10  3.63969548e-08 -3.08756256e-07
 -5.83327164e-10]
Optimization terminated successfully    (Exit mode 0)
            Current function value: 91.99519209682775
            Iterations: 1
            Function evaluations: 5
            Gradient evaluations: 1
New op index: 4	$R_Y$[1]
Current grad: 7.496512410032853
91.99519209682775 
 [-6.69551525e-09  7.08865855e-09  0.00000000e+00  0.00000000e+00
  2.06135902e+00  0.00000000e+00  0.00000000e+00  1.55798828e+00
  0.00000000e+00  0.00000000e+00  1.99519177e+00  0.00000000e+00
 -5.28174837e-10  6.56343957e-09  0.00000000e+00 -7.11168013e-09
 -6.72805811e-09  0.00000000e+00 -1.17653087e-09 -1.37998597e-07
 -1.48770170e-07  0.00000000e+00  1.99641720e+00  0.00000000e+00
 -4.77029971e-10 -4.77029971e-10  0.00000000e+00  0.00000000e+00
  0.00000000e+00  0.00000000e+00  0.00000000e+00  0.00000000e+00
  0.00000000e+00 -5.28174837e-10 -1.36766687e-09 -1.48770752e-07
 -5.73754733e-09 -1.13519008e-08  0.00000000e+00  1.45220724e-10
 -3.98179623e-09  0.00000000e+00 -1.51189283e-10 -1.66328107e-09
  0.00000000e+00]
Optimization terminated successfully    (Exit mode 0)
            Current function value: 89.93383307218657
            Iterations: 1
            Function evaluations: 6
            Gradient evaluations: 1
New op index: 7	$R_Y$[2]
Current grad: 147.26788656889056
89.93383307218657 
 [-3.24831433e-08 -1.51901602e-07  0.00000000e+00  5.19906962e-09
 -3.28418977e-07 -2.26023644e-10 -8.23149549e-10  5.19410447e+01
  0.00000000e+00 -2.07329265e-09  4.79458506e+01  0.00000000e+00
 -3.38168604e-09 -3.15413772e-07  0.00000000e+00 -6.81346535e-09
 -1.63565375e-08  0.00000000e+00  5.75272452e-09 -1.38741470e-07
 -3.86716295e-08 -5.20799404e-10  5.19386410e+01  0.00000000e+00
 -4.80673634e-09 -3.93780454e-07  0.00000000e+00  6.20305229e-09
 -8.48440749e-08  0.00000000e+00 -2.07329265e-09  0.00000000e+00
  0.00000000e+00 -3.38168604e-09 -9.95768801e-10 -1.84049895e-08
 -2.47822314e-07  4.97166752e-10  0.00000000e+00  4.92669017e-09
 -7.07199490e-08  0.00000000e+00 -3.99056731e-07  6.00465455e-09
  0.00000000e+00]
Optimization terminated successfully    (Exit mode 0)
            Current function value: 37.99278829917351
            Iterations: 1
            Function evaluations: 10
            Gradient evaluations: 1
New op index: 10	$R_Y$[3]
Current grad: 4.000061721042261
37.99278829917351 
 [-1.01827723e-07 -4.45216408e-07 -1.83641369e-07 -1.02940710e-07
 -3.35496964e-10 -1.07726038e-07 -1.12470069e-07 -3.89956590e-07
 -1.89809732e-07 -1.04896692e-07  1.99523925e+00 -1.07726038e-07
 -1.03349322e-07 -3.13659875e-07 -1.07726038e-07 -1.04971974e-07
 -9.22485292e-07 -1.07726038e-07 -1.07436428e-07 -4.25849841e-07
 -1.56103532e-07 -1.05819431e-07  1.99523924e+00 -1.07726038e-07
 -1.05938810e-07 -1.55530607e-07 -1.07726038e-07 -1.18895599e-07
 -1.42357756e-07 -1.07726038e-07 -1.05070818e-07 -1.10953572e-07
 -1.07726038e-07 -1.03349322e-07 -1.09819190e-07 -1.07726038e-07
 -1.08736266e-07 -1.32116590e-07 -1.07726038e-07 -1.24896033e-07
 -1.00298521e-07 -1.07726038e-07 -1.11926852e-07 -1.03777630e-07
 -1.07726038e-07]
Optimization terminated successfully    (Exit mode 0)
            Current function value: 35.997549047306144
            Iterations: 1
            Function evaluations: 8
            Gradient evaluations: 1
New op index: 22	$R_Y$[7]
Current grad: 52.00262678802728
35.997549047306144 
 [ 1.94844603e-08  9.32878663e-08 -4.75599457e-07 -6.00364558e-09
  8.58134115e-08  8.91359377e-08  1.19551018e-08  9.04760427e-08
 -4.22451620e-08  6.38740261e-09  7.21984392e-08 -4.28357090e-07
  2.32574848e-09  9.07085251e-08 -3.65852124e-07  1.42167877e-08
  9.11376929e-08 -1.00451700e-08 -1.15936132e-08 -3.84743061e-07
  8.73845067e-08 -1.00451700e-08  5.19975486e+01 -1.00451700e-08
 -2.81234385e-07 -2.65078192e-07  3.38277246e-08 -1.26168437e-07
 -2.67689117e-07 -1.06881380e-07 -2.83910659e-07 -2.47424040e-07
 -1.88259534e-07  2.67737477e-09 -1.26556401e-08 -2.84481693e-07
 -8.42637462e-08 -2.31631915e-07 -1.00451700e-08 -2.77246592e-07
 -2.23583726e-07 -1.00451700e-08 -2.03086756e-08 -1.53571946e-08
  5.74578252e-09]
Optimization terminated successfully    (Exit mode 0)
            Current function value: -15.999999999953898
            Iterations: 1
            Function evaluations: 12
            Gradient evaluations: 1
New op index: 41	$R_{ZZ}$[5, 6]
Current grad: 0.00017114139630446446
-15.999999999953898 
 [-8.08817697e-07 -1.97636885e-06 -7.29154230e-08 -4.72537833e-07
 -1.38139633e-09 -1.64223850e-06 -6.73800907e-07 -1.58384791e-06
 -4.34101999e-09 -3.72434450e-07 -8.75846951e-10 -1.76751129e-08
 -1.51190775e-06 -8.71231975e-10 -2.03841282e-08 -3.27971810e-07
 -1.59065021e-06 -4.24918234e-09 -2.64718244e-07 -1.35707623e-09
 -1.60961587e-06 -1.48309615e-07 -1.97004015e-06 -7.32172492e-08
 -2.09316273e-06 -4.45992452e-08 -1.10006049e-09 -1.00921085e-08
 -1.62256593e-06 -4.34283720e-10 -1.93212728e-07 -6.60782115e-07
 -6.26421404e-09 -8.90611174e-07 -2.76431571e-08 -1.57568877e-07
 -1.59378466e-09 -2.53538524e-09 -6.49633591e-09 -1.29310942e-06
 -1.89759835e-07  1.75912618e-11 -5.31540001e-07 -1.20464177e-07
 -7.46124940e-10]
Precision cutoff reached.
-----Beginning pprint-----
/:
	Attributes:
		ProcessId: 26737355
	2026-07-30_12-56-02-26737355:
		Attributes:
			HamiltonianType: ZeroChargePenalty
			Last-Modified: 2026-07-30_12-56-02
			ProcessId: 26737355
			SimulatorType: Statevector
			SolverName: AdaptVQE
			SystemName: FreeWilson2D
			n_x: 2
			n_y: 2
			r: 1.0
		AdaptOptions:
			Attributes:
				SelSeed: 26737355
				allow_duplicate_gates: False
				gradient_hamiltonian_type: HamiltonianType.ZeroChargePenalty
				max_depth: 50
				parameter_prec_cutoff: 0.001
				prec_cutoff: 0.001
				precision: 0
		AnsatzOperatorDerivatives: Dataset (dtype=float64, shape=(10, 9, 45), maxshape=(10, None, 45))
			Attributes:
				DIMENSION_LABELS: ['mass' 'AnsatzOperatorAxis' 'AnsatzPoolOperatorAxis']
				NDataDims: 2
		AnsatzOperatorSecondDerivatives: Dataset (dtype=float64, shape=(10, 9, 45), maxshape=(10, None, 45))
			Attributes:
				DIMENSION_LABELS: ['mass' 'AnsatzOperatorAxis' 'AnsatzPoolOperatorAxis']
				NDataDims: 2
		AnsatzOperators: Dataset (dtype=int64, shape=(10, 8), maxshape=(10, None))
			Attributes:
				DIMENSION_LABELS: ['mass' 'AnsatzOperatorAxis']
				NDataDims: 1
		Circuit:
			Attributes:
				Ansatz: HardwareAdaptAnsatz22
			AnsatzOptions:
				Attributes:
					num_qubits: 8
		CircuitParameters: Dataset (dtype=float64, shape=(10, 70, 8), maxshape=(10, None, None))
			Attributes:
				DIMENSION_LABELS: ['mass' 'IterationAxis' 'CircuitParameterAxis']
				NDataDims: 2
		Data:
			Attributes:
			evs:
				Attributes:
				Hamiltonian: Dataset (dtype=float64, shape=(10, 70), maxshape=(10, None))
					Attributes:
						DIMENSION_LABELS: ['mass' 'IterationAxis']
						NDataDims: 1
			stds:
				Attributes:
				Hamiltonian: Dataset (dtype=float64, shape=(10, 70), maxshape=(10, None))
					Attributes:
						DIMENSION_LABELS: ['mass' 'IterationAxis']
						NDataDims: 1
		EstimatorOptions:
			Attributes:
				_VERSION: 2
				default_precision: Unset
				default_shots: Unset
				experimental: Unset
				max_execution_time: Unset
				resilience_level: Unset
				seed_estimator: 26737355
			dynamical_decoupling:
				Attributes:
					enable: Unset
					extra_slack_distribution: Unset
					scheduling_method: Unset
					sequence_type: Unset
					skip_reset_qubits: Unset
			environment:
				Attributes:
					callback: None
					job_tags: None
					log_level: WARNING
					private: False
			execution:
				Attributes:
					init_qubits: Unset
					rep_delay: Unset
			resilience:
				Attributes:
					layer_noise_model: Unset
					measure_mitigation: Unset
					pec_mitigation: Unset
					zne_mitigation: Unset
				layer_noise_learning:
					Attributes:
						layer_pair_depths: Unset
						max_layers_to_learn: Unset
						num_randomizations: Unset
						shots_per_randomization: Unset
				measure_noise_learning:
					Attributes:
						num_randomizations: Unset
						shots_per_randomization: Unset
				pec:
					Attributes:
						max_overhead: Unset
						noise_gain: Unset
				zne:
					Attributes:
						amplifier: Unset
						extrapolated_noise_factors: Unset
						extrapolator: Unset
						noise_factors: Unset
			simulator:
				Attributes:
					basis_gates: Unset
					coupling_map: Unset
					noise_model: Unset
					seed_simulator: Unset
			twirling:
				Attributes:
					enable_gates: Unset
					enable_measure: Unset
					num_randomizations: Unset
					shots_per_randomization: Unset
					strategy: Unset
		MetaData:
			Attributes:
			circuit_metadata: Dataset (dtype=object, shape=(10, 70), maxshape=(10, None))
				Attributes:
					DIMENSION_LABELS: ['mass' 'IterationAxis']
					NDataDims: 1
			target_precision: Dataset (dtype=float64, shape=(10, 70), maxshape=(10, None))
				Attributes:
					DIMENSION_LABELS: ['mass' 'IterationAxis']
					NDataDims: 1
			version: Dataset (dtype=int64, shape=(10, 70), maxshape=(10, None))
				Attributes:
					DIMENSION_LABELS: ['mass' 'IterationAxis']
					NDataDims: 1
		NIterations: Dataset (dtype=int64, shape=(10,), maxshape=(10,))
			Attributes:
				DIMENSION_LABELS: ['mass']
				NDataDims: 0
		OptimizerOptions:
			Attributes:
				bounds: None
				callback: None
				constraints: []
				method: slsqp
				tol: None
				x0Seed: 26737355
			options:
				Attributes:
					disp: 1
					maxiter: 20000
		PresetPassManagerOptions:
			Attributes:
		SimulatorOptions:
			Attributes:
		StartIterations: Dataset (dtype=int64, shape=(10, 8), maxshape=(10, None))
			Attributes:
				DIMENSION_LABELS: ['mass' 'AnsatzOperatorAxis']
				NDataDims: 1
		VersionInfo:
			Attributes:
				QiskitAerVersion: 0.17.1
				QiskitIBMRuntimeVersion: 0.41.1
				QiskitVersion: 2.1.2
		mass: Dataset (dtype=float64, shape=(10,), maxshape=(10,))
			Attributes:
-----Ending pprint-----
End 2026-07-30 19:19:15 | 26737355 MyPyJob | lmnode193 | /home/s6nidich_hpc/PycharmProjects/QC-MasterThesis 

