Start 2025-09-02 10:06:38 | 23112167 MyPyJob | node028 | /home/s6nidich_hpc/PycharmProjects/QC-MasterThesis 

Used python interpreter:
/home/s6nidich_hpc/PycharmProjects/QC-MasterThesis/.venv_intel_3_12_3/bin/python
Python version:
Python 3.12.3

Currently Loaded Modules:
  1) GCCcore/13.3.0                   7) Tcl/8.6.14-GCCcore-13.3.0
  2) zlib/1.3.1-GCCcore-13.3.0        8) SQLite/3.45.3-GCCcore-13.3.0
  3) binutils/2.42-GCCcore-13.3.0     9) XZ/5.4.5-GCCcore-13.3.0
  4) bzip2/1.0.8-GCCcore-13.3.0      10) libffi/3.4.5-GCCcore-13.3.0
  5) ncurses/6.5-GCCcore-13.3.0      11) OpenSSL/3
  6) libreadline/8.2-GCCcore-13.3.0  12) Python/3.12.3-GCCcore-13.3.0

 

Start of Program:

-----Beginning pprint-----
/:
	Attributes:
-----Ending pprint-----
QiskitVersion: False
QiskitIBMRuntimeVersion: False
QiskitAerVersion: False
Ansatz: False
NumParameters: False
num_qubits: False
num_layers: False
seed_transpiler: False
optimization_level: False
approximation_degree: False
_VERSION: False
max_execution_time: False
log_level: False
callback: False
job_tags: False
private: False
noise_model: False
seed_simulator: False
coupling_map: False
basis_gates: False
default_precision: False
default_shots: False
resilience_level: False
seed_estimator: False
enable: False
sequence_type: False
extra_slack_distribution: False
scheduling_method: False
skip_reset_qubits: False
measure_mitigation: False
num_randomizations: False
shots_per_randomization: False
zne_mitigation: False
amplifier: False
noise_factors: False
extrapolator: False
extrapolated_noise_factors: False
pec_mitigation: False
max_overhead: False
noise_gain: False
max_layers_to_learn: False
shots_per_randomization: False
num_randomizations: False
layer_pair_depths: False
layer_noise_model: False
init_qubits: False
rep_delay: False
enable_gates: False
enable_measure: False
num_randomizations: False
shots_per_randomization: False
strategy: False
experimental: False
maxiter: False
disp: False
method: False
bounds: False
constraints: False
tol: False
callback: False
x0Seed: False
Calculating energies for FreeWilson2D(N_x=2, N_y=2, mass=-6.000, r=1.000)
Return from COBYLA because the trust region radius reaches its lower bound.
Number of function values = 910   Least value of F = -15.999999959452182
The corresponding X is:
[4.71249488 3.14146895 4.71241239 4.71240501 0.29925713 6.53662521
 4.71238303 4.13401618 1.30506963 2.72203269 2.86596946 6.45651724
 4.40970952 6.89744549 4.01639601 1.57090705 3.14171738 1.52744415
 5.35103038 3.14159606 4.59583849 1.57081102 6.84813576 6.57245125
 5.12665497 2.98802319 2.89506721 1.30754907 0.9277556  4.6378246 ]

Calculating energies for FreeWilson2D(N_x=2, N_y=2, mass=-5.920, r=1.000)
Return from COBYLA because the trust region radius reaches its lower bound.
Number of function values = 598   Least value of F = -15.679999945951064
The corresponding X is:
[4.71249318 3.1416158  4.71239489 4.71240488 0.66965734 6.4102529
 4.71237803 4.38337644 1.27659578 3.00351484 3.13098034 6.04677308
 4.10337104 6.33940365 4.07952026 1.57091147 3.14155103 1.69856671
 5.46776762 3.14163349 4.79046063 1.57078962 6.41419192 6.11883125
 4.5776635  3.02702402 2.68522961 0.89083456 1.49582717 4.80249134]

Calculating energies for FreeWilson2D(N_x=2, N_y=2, mass=-5.840, r=1.000)
Return from COBYLA because the trust region radius reaches its lower bound.
Number of function values = 592   Least value of F = -15.359999984937378
The corresponding X is:
[4.71239285 3.14160512 4.71241351 4.71238068 0.69597905 6.45046557
 4.71236859 4.32537028 1.17962163 3.08122634 3.23536027 6.13995568
 4.11839157 6.59214803 3.941355   1.57082389 3.14159781 1.64575804
 5.49182991 3.14158954 4.93055093 1.57082782 6.42936772 6.20222268
 4.6051706  2.93440748 2.76890581 0.86592921 1.29821688 4.87629507]

Calculating energies for FreeWilson2D(N_x=2, N_y=2, mass=-5.760, r=1.000)
Return from COBYLA because the trust region radius reaches its lower bound.
Number of function values = 529   Least value of F = -15.039999990180272
The corresponding X is:
[4.71234427 3.14157465 4.71239317 4.71240185 0.69239464 6.38541587
 4.71238752 4.37176413 1.16584584 3.02300159 3.21794627 6.14083568
 4.11326358 6.51841871 3.93070573 1.5707573  3.14159473 1.81782305
 5.41888008 3.14159709 4.91132567 1.57079436 6.57602762 6.20927829
 4.53971568 2.96724059 2.79718355 0.76491194 1.42094622 4.88262504]

Calculating energies for FreeWilson2D(N_x=2, N_y=2, mass=-5.680, r=1.000)
Return from COBYLA because the trust region radius reaches its lower bound.
Number of function values = 524   Least value of F = -14.719999983489052
The corresponding X is:
[4.71242449 3.14158697 4.71236764 4.71237646 0.73349419 6.33575602
 4.71239018 4.32743841 1.13811815 3.05766068 3.16588642 6.29186565
 3.98580925 6.52095312 3.88049913 1.57085789 3.14158367 1.8991643
 5.38414344 3.14160955 4.80378683 1.57078236 6.53766137 6.14409151
 4.59850447 3.06253071 2.73962799 0.91756793 1.33538254 4.72347758]

Calculating energies for FreeWilson2D(N_x=2, N_y=2, mass=-5.600, r=1.000)
Return from COBYLA because the trust region radius reaches its lower bound.
Number of function values = 593   Least value of F = -14.39999997396503
The corresponding X is:
[4.71243186 3.14166194 4.71236375 4.71237902 0.6068156  6.57706756
 4.71237645 4.40062484 1.07321716 3.13171251 3.22090427 6.22355012
 3.88011458 6.46893432 3.86697755 1.57083531 3.14155364 1.75668918
 5.48013921 3.14159639 4.88350561 1.57075515 6.42396513 6.16441198
 4.62622257 3.04200956 2.78256705 0.77583512 1.26223337 4.71417629]

Calculating energies for FreeWilson2D(N_x=2, N_y=2, mass=-5.520, r=1.000)
Return from COBYLA because the trust region radius reaches its lower bound.
Number of function values = 596   Least value of F = -14.07999998761113
The corresponding X is:
[4.71234241 3.14157804 4.71238739 4.71241147 0.68253153 6.53228008
 4.71239221 4.37548848 0.99999569 2.97350861 3.16341644 6.28798278
 3.97952882 6.40829798 3.82455337 1.57074191 3.14160747 1.91835353
 5.40105823 3.14159229 4.69264807 1.57080621 6.51695802 6.21882027
 4.54581184 2.95131121 2.63023636 0.84666039 1.2841869  4.78984474]

Calculating energies for FreeWilson2D(N_x=2, N_y=2, mass=-5.440, r=1.000)
Return from COBYLA because the trust region radius reaches its lower bound.
Number of function values = 444   Least value of F = -13.759999979068896
The corresponding X is:
[4.71243738 3.14157686 4.71238058 4.71238825 0.78941302 6.57786137
 4.71237536 4.41784031 0.92325908 3.05464626 3.1950099  6.18452686
 4.05927547 6.49329983 3.88155632 1.57084485 3.14157116 1.83208567
 5.50201785 3.14160388 4.92571392 1.5708084  6.36403952 6.1200098
 4.66513142 2.85005041 2.71331491 1.01958391 1.27623947 4.62866853]

Calculating energies for FreeWilson2D(N_x=2, N_y=2, mass=-5.360, r=1.000)
Return from COBYLA because the trust region radius reaches its lower bound.
Number of function values = 467   Least value of F = -13.439999976532944
The corresponding X is:
[4.71235392 3.14160453 4.71236581 4.7123969  0.81525489 6.59868212
 4.7123672  4.41924396 0.91985775 3.04190705 3.1956068  6.17094993
 4.05319915 6.49807098 3.8745871  1.5707467  3.14158753 1.83054426
 5.50231703 3.14159182 4.92707404 1.57081766 6.35545651 6.13805313
 4.69639637 2.84386997 2.71670572 1.01844693 1.2764612  4.64475701]

Calculating energies for FreeWilson2D(N_x=2, N_y=2, mass=-5.280, r=1.000)
Return from COBYLA because the trust region radius reaches its lower bound.
Number of function values = 595   Least value of F = -13.119999975183744
The corresponding X is:
[4.71237377 3.14153268 4.71240593 4.71241236 0.57523649 6.45545772
 4.71241772 4.29516625 1.06155579 3.09564582 3.33039379 6.16345707
 4.13954693 6.45588914 3.75896975 1.57075614 3.14164704 1.93693315
 5.52762778 3.14158523 4.81410455 1.57081765 6.40502897 6.25924954
 4.58588261 2.99701446 2.71655655 0.95910105 1.15845903 4.55373834]

Calculating energies for FreeWilson2D(N_x=2, N_y=2, mass=-5.200, r=1.000)
Return from COBYLA because the trust region radius reaches its lower bound.
Number of function values = 564   Least value of F = -12.799999993925493
The corresponding X is:
[4.71235932 3.14160833 4.71239147 4.71238424 0.87190325 6.42638837
 4.7123949  4.40321236 1.0772179  3.14179948 3.21151106 6.12678994
 4.13826605 6.19136772 3.7666996  1.57076755 3.14158362 1.77780501
 5.36521256 3.14159765 4.66766926 1.57078703 6.47340205 6.34065065
 4.58591748 2.89423361 2.67684583 0.92259014 1.28575462 4.82597227]

Calculating energies for FreeWilson2D(N_x=2, N_y=2, mass=-5.120, r=1.000)
Return from COBYLA because the trust region radius reaches its lower bound.
Number of function values = 561   Least value of F = -12.479999989451073
The corresponding X is:
[4.71235637 3.14161333 4.71237287 4.7123836  0.84206535 6.60432833
 4.71238857 4.30340176 1.07498758 3.03381813 3.41866031 5.97905822
 4.21047024 6.3951761  3.61421197 1.57078512 3.14159095 1.92490567
 5.56892333 3.14159136 4.68589675 1.57076434 6.31990392 6.22042452
 4.44056757 3.02292476 2.66463698 0.92330111 1.31480093 4.7879945 ]

Calculating energies for FreeWilson2D(N_x=2, N_y=2, mass=-5.040, r=1.000)
Return from COBYLA because the trust region radius reaches its lower bound.
Number of function values = 1063   Least value of F = -12.15999995094711
The corresponding X is:
[4.71233022 3.1413693  4.71239576 4.71237467 0.28246796 6.29966305
 4.71240471 4.2946717  1.58276602 2.99000115 2.71210706 6.31814031
 4.61783463 7.1753135  3.86388103 1.57072165 3.14179266 1.62757358
 5.35320547 3.14159488 4.65114459 1.57080079 6.7486589  6.46043306
 4.60645079 2.83891947 2.86387005 0.52775297 1.07884551 4.72610918]

Calculating energies for FreeWilson2D(N_x=2, N_y=2, mass=-4.960, r=1.000)
Return from COBYLA because the trust region radius reaches its lower bound.
Number of function values = 454   Least value of F = -11.839999996390063
The corresponding X is:
[4.71239432 3.14159324 4.71240123 4.71238573 0.52860895 5.88921815
 4.71239222 4.78959765 3.34929106 2.89245444 3.36355782 5.69257549
 4.53741291 6.29879867 3.10019744 1.57080984 3.14160724 1.80795351
 5.09476932 3.14159456 4.58850146 1.57080531 6.40743717 7.56122612
 4.78389288 3.0204861  2.90446005 1.0620057  1.12590527 4.29059941]

Calculating energies for FreeWilson2D(N_x=2, N_y=2, mass=-4.880, r=1.000)
Return from COBYLA because the trust region radius reaches its lower bound.
Number of function values = 421   Least value of F = -11.519999993509513
The corresponding X is:
[4.71238864 3.14157901 4.71237601 4.71241478 0.76834406 5.51647754
 4.71237968 4.4300842  3.5014263  2.8719389  3.4792737  5.64778695
 4.30330977 6.90307958 3.84778698 1.57079045 3.14158981 1.77613328
 5.51724597 3.14159402 5.34045717 1.57080397 6.0354143  7.46564866
 4.69574082 2.95714896 2.96766904 1.1396054  0.94619429 4.15219478]

Calculating energies for FreeWilson2D(N_x=2, N_y=2, mass=-4.800, r=1.000)
Return from COBYLA because the trust region radius reaches its lower bound.
Number of function values = 661   Least value of F = -11.19999995295677
The corresponding X is:
[4.71238138 3.14157659 4.71252184 4.7123669  0.14418689 6.31041402
 4.71242673 4.88320131 2.70198354 3.56421391 2.93892841 6.42060786
 4.29634124 6.48171414 3.83569216 1.57076662 3.14159792 1.44705521
 5.70412409 3.14157382 4.27964314 1.57095466 6.52004605 6.71304878
 4.73455865 2.26277276 2.90238941 1.30726378 1.09300062 4.15694428]

Calculating energies for FreeWilson2D(N_x=2, N_y=2, mass=-4.720, r=1.000)
Return from COBYLA because the trust region radius reaches its lower bound.
Number of function values = 596   Least value of F = -10.879999994511817
The corresponding X is:
[4.71239773 3.14161851 4.71238021 4.71239617 0.15015628 6.44795496
 4.71240784 4.77106103 2.6967292  3.45933191 2.88281309 6.53369193
 4.23887886 6.61824007 3.68274522 1.57080736 3.14156054 1.34750949
 5.609829   3.14159933 4.27972419 1.57079085 6.7337003  6.48869473
 4.59806749 2.41131162 2.71120792 1.25620628 1.13134647 4.19292559]

Calculating energies for FreeWilson2D(N_x=2, N_y=2, mass=-4.640, r=1.000)
Return from COBYLA because the trust region radius reaches its lower bound.
Number of function values = 524   Least value of F = -10.559999975297627
The corresponding X is:
[ 4.71240973  3.14167707  4.71239758  4.71236401 -0.12996037  6.38580806
  4.71239064  4.64922099  2.71618459  3.54942822  2.92068142  6.32829227
  4.36163641  6.5810099   3.66661836  1.57079548  3.14152907  1.37705882
  5.6356409   3.14161039  4.40731579  1.57082359  6.51973571  6.45246431
  4.63694422  2.23997163  2.80398517  1.1700552   1.12143927  4.27536134]

Calculating energies for FreeWilson2D(N_x=2, N_y=2, mass=-4.560, r=1.000)
Return from COBYLA because the trust region radius reaches its lower bound.
Number of function values = 514   Least value of F = -10.239999995053164
The corresponding X is:
[ 4.71239042  3.14159172  4.71238157  4.71238635 -0.21045005  6.28475677
  4.71241159  4.77794925  2.75218237  3.50588159  2.6971283   6.41643264
  4.41610645  6.59913694  3.67089819  1.57079815  3.14159013  1.39614171
  5.57658753  3.14157752  4.38210236  1.5707826   6.44126756  6.48864425
  4.74772638  2.04437239  2.75490071  1.00109516  1.01292354  4.11659067]

Calculating energies for FreeWilson2D(N_x=2, N_y=2, mass=-4.480, r=1.000)
Return from COBYLA because the trust region radius reaches its lower bound.
Number of function values = 613   Least value of F = -9.919999994611198
The corresponding X is:
[4.71241903 3.14160469 4.71241405 4.71240636 0.58513576 6.21307852
 4.71238828 4.8333524  2.37431668 4.52257119 3.1673714  6.42582967
 4.63147181 6.67163234 3.49340053 1.57080828 3.14159531 1.74550956
 5.60408199 3.1416003  4.6984683  1.57082524 7.05441444 6.91148396
 4.45469723 3.4344662  2.61935702 1.36823121 1.00106886 4.25536014]

Calculating energies for FreeWilson2D(N_x=2, N_y=2, mass=-4.400, r=1.000)
Return from COBYLA because the trust region radius reaches its lower bound.
Number of function values = 637   Least value of F = -9.599999963460425
The corresponding X is:
[4.7124309  3.1416068  4.71227756 4.71242221 0.90056584 6.21488156
 4.71238175 4.75888531 2.39422847 4.18178094 3.20267047 6.37899935
 4.94128785 6.74975634 3.30954137 1.57081574 3.14158041 1.82574144
 5.81753726 3.14165307 4.55614511 1.57067903 6.70144192 7.06107255
 4.57075599 3.32076842 2.56169928 1.19449656 1.01113243 4.41633045]

Calculating energies for FreeWilson2D(N_x=2, N_y=2, mass=-4.320, r=1.000)
Return from COBYLA because the trust region radius reaches its lower bound.
Number of function values = 527   Least value of F = -9.279999980331848
The corresponding X is:
[4.71241173 3.14160009 4.71230442 4.71239688 0.62754288 6.04429114
 4.71237368 4.14198186 2.43344567 3.83660954 2.9292153  6.21101871
 4.48955526 6.27214174 3.44946834 1.57078267 3.14158147 1.80737957
 5.71225212 3.1416269  4.53042031 1.57071045 6.54841165 7.2311899
 4.92663656 2.86214494 3.0393352  1.39615085 1.52761916 4.7970872 ]

Calculating energies for FreeWilson2D(N_x=2, N_y=2, mass=-4.240, r=1.000)
Return from COBYLA because the trust region radius reaches its lower bound.
Number of function values = 419   Least value of F = -8.959999994894455
The corresponding X is:
[4.71240215 3.1415817  4.71238669 4.71236884 0.34770349 5.6033929
 4.7123994  4.27771989 2.63711568 3.98077733 2.51883731 6.05568189
 4.32597055 6.56098596 4.1675067  1.57078937 3.14158961 1.73952811
 5.6618396  3.1415984  5.43888198 1.57080812 6.17386923 7.05682805
 4.75306462 2.75014215 2.87970836 1.3863763  1.01155516 4.87747214]

Calculating energies for FreeWilson2D(N_x=2, N_y=2, mass=-4.160, r=1.000)
Return from COBYLA because the trust region radius reaches its lower bound.
Number of function values = 501   Least value of F = -8.63999998568375
The corresponding X is:
[4.71240037 3.14164912 4.71238286 4.71241746 0.49697234 5.71969325
 4.71240457 4.95873974 2.63866576 3.21076836 2.56817165 5.55526224
 4.55751594 6.37396083 3.81787769 1.57080846 3.14155898 2.11043153
 5.96755194 3.1416108  5.72187565 1.57078448 6.07442756 7.41575308
 4.56721385 3.04392198 2.65321671 2.25467612 0.97930423 5.21543145]

Calculating energies for FreeWilson2D(N_x=2, N_y=2, mass=-4.080, r=1.000)
Return from COBYLA because the trust region radius reaches its lower bound.
Number of function values = 488   Least value of F = -8.31999999626813
The corresponding X is:
[4.71236669 3.1415954  4.71238752 4.71240765 0.57924473 5.40989549
 4.7124037  4.45912854 2.31360677 3.87121202 3.22264387 6.1587232
 4.20684551 6.26195891 3.52418563 1.57078127 3.14159919 2.00355996
 5.83187484 3.14157643 5.67235032 1.57078926 5.93430539 7.27879482
 4.75482918 2.88742038 2.68264108 1.115043   1.21134885 4.99600733]

Calculating energies for FreeWilson2D(N_x=2, N_y=2, mass=-4.000, r=1.000)
Return from COBYLA because the trust region radius reaches its lower bound.
Number of function values = 565   Least value of F = -7.9999999948231775
The corresponding X is:
[4.71237235 3.14158166 4.71240337 4.71237664 0.35173086 5.80050923
 4.71236505 5.18072392 2.7303889  3.96375689 3.36301631 5.43915778
 4.79913106 6.31722319 3.88070799 1.57077792 3.14159343 2.4443755
 5.89331581 3.14157904 5.52980633 1.57081029 6.36777518 7.14605679
 4.97865154 1.39874905 2.52217781 1.06937216 1.84842828 5.20674249]

Calculating energies for FreeWilson2D(N_x=2, N_y=2, mass=-3.920, r=1.000)
Return from COBYLA because the trust region radius reaches its lower bound.
Number of function values = 2687   Least value of F = -7.679999545993949
The corresponding X is:
[4.71438237 3.14165594 4.71237564 4.71237731 0.23775917 5.72351509
 4.71238812 4.76925691 1.67150348 3.9119263  3.47052803 5.2630991
 5.24165375 6.33078498 3.06065717 1.57283069 3.14152153 2.27433136
 6.1838623  3.14193465 5.21662603 1.57076993 6.41849297 7.61356227
 4.37182814 2.76629121 2.44088596 0.48961659 1.88775723 4.30559078]

Calculating energies for FreeWilson2D(N_x=2, N_y=2, mass=-3.840, r=1.000)
Return from COBYLA because the trust region radius reaches its lower bound.
Number of function values = 497   Least value of F = -7.359999996354762
The corresponding X is:
[4.71239928 3.14160383 4.71238977 4.7123993  0.61036597 5.11144872
 4.71237594 4.52932042 2.57761723 4.84327966 2.93459689 6.53045341
 5.14139432 6.41698722 3.6184345  1.57081101 3.1415748  1.88756261
 4.78480584 3.14158661 4.86358324 1.57080026 6.26304538 7.94897479
 4.10355845 2.14357462 2.91304774 0.85852801 1.66767981 4.73470727]

Calculating energies for FreeWilson2D(N_x=2, N_y=2, mass=-3.760, r=1.000)
Return from COBYLA because the trust region radius reaches its lower bound.
Number of function values = 3937   Least value of F = -7.039999556310046
The corresponding X is:
[4.83316867 3.14159253 4.71238625 4.71239276 1.56688888 5.34747241
 4.71237792 3.67668983 2.78031389 3.67656585 2.99406221 6.73533111
 4.93291924 6.46218752 3.64380128 1.5705028  3.14160037 2.22214064
 5.1421969  3.26245445 5.01993714 1.57080384 6.92111616 7.32938996
 4.83127116 2.22069138 3.02609537 1.55446488 0.83056967 4.22421936]

Calculating energies for FreeWilson2D(N_x=2, N_y=2, mass=-3.680, r=1.000)
Return from COBYLA because the trust region radius reaches its lower bound.
Number of function values = 506   Least value of F = -6.719999995339035
The corresponding X is:
[4.71236327 3.14156159 4.71238497 4.71237805 0.58178559 5.97074261
 4.7123875  4.36947322 2.69694785 3.73671394 2.79285508 6.31416981
 4.47464222 6.51306936 3.56074521 1.57078405 3.1416243  1.55237427
 5.54743832 3.14157756 4.9898759  1.57080861 6.79794829 7.20042475
 4.62919033 2.12842422 3.11218389 1.18722886 1.06086808 5.13087895]

Calculating energies for FreeWilson2D(N_x=2, N_y=2, mass=-3.600, r=1.000)
Return from COBYLA because the trust region radius reaches its lower bound.
Number of function values = 562   Least value of F = -6.399999996478207
The corresponding X is:
[4.71241615 3.1415674  4.71239369 4.71239322 0.57241288 5.53576361
 4.71238042 4.70530168 2.33854987 3.96338937 2.79580097 6.66405638
 4.6056575  6.9901001  3.75288231 1.57080477 3.14160247 1.73471325
 5.7710915  3.14161086 4.35204682 1.5707789  6.74991302 7.78790156
 4.23129134 2.29815809 2.88060008 1.02169973 1.03513278 4.75265575]

Calculating energies for FreeWilson2D(N_x=2, N_y=2, mass=-3.520, r=1.000)
Return from COBYLA because the trust region radius reaches its lower bound.
Number of function values = 1296   Least value of F = -6.07999989224781
The corresponding X is:
[4.71294384 3.14161531 5.29377534 4.71238009 0.68593138 6.2832194
 4.71234764 4.54278774 1.8545305  4.38017133 3.49236879 6.02185397
 4.07034526 6.02187618 3.73847287 1.57117651 3.14160797 1.57083487
 6.28323371 3.1420152  3.88953943 2.15220674 7.32867174 6.36783945
 4.99299992 2.36038544 2.89830128 1.33679917 0.94331847 4.24961643]

Calculating energies for FreeWilson2D(N_x=2, N_y=2, mass=-3.440, r=1.000)
Return from COBYLA because the trust region radius reaches its lower bound.
Number of function values = 1684   Least value of F = -5.75999991732831
The corresponding X is:
[4.71239364 3.14156283 4.713139   4.7123903  0.33330306 6.10168875
 4.7123386  5.38360148 2.87584209 3.86158454 3.09313491 5.4790271
 4.02398266 5.43872301 4.08268196 1.57079777 3.14159662 1.6961077
 6.35582025 3.1416003  4.72375671 1.57153705 7.36207383 6.96686924
 5.79873585 2.23231261 4.50416602 0.29375825 0.90462825 5.78884112]

Calculating energies for FreeWilson2D(N_x=2, N_y=2, mass=-3.360, r=1.000)
Return from COBYLA because the trust region radius reaches its lower bound.
Number of function values = 2613   Least value of F = -5.439999277285207
The corresponding X is:
[ 4.71240797e+00  2.80316888e+00  4.56525717e+00  4.71242181e+00
 -5.07778095e-04  6.28167610e+00  4.71201344e+00  5.54210524e+00
  2.89155657e+00  3.49996562e+00  3.50091443e+00  4.87842316e+00
  5.64262666e+00  4.87560312e+00  2.96640983e+00  1.57072522e+00
  3.47976070e+00  1.57438878e+00  6.28114227e+00  3.14182305e+00
  4.87547553e+00  1.42362727e+00  7.44540065e+00  7.11777366e+00
  4.54825408e+00  2.73261203e+00  4.51183318e+00  3.39791906e-01
  6.77321217e-01  5.79818739e+00]

Calculating energies for FreeWilson2D(N_x=2, N_y=2, mass=-3.280, r=1.000)
Return from COBYLA because the trust region radius reaches its lower bound.
Number of function values = 1754   Least value of F = -5.11999989416515
The corresponding X is:
[ 4.52524933e+00  3.14165111e+00  4.71238504e+00  4.71236744e+00
  1.10197107e-03  5.89381180e+00  4.71239898e+00  5.75499260e+00
  2.61425310e+00  4.33945563e+00  3.23504560e+00  5.28247686e+00
  5.17701162e+00  4.66551149e+00  3.17921183e+00  1.38362343e+00
  3.14154168e+00  1.83265499e+00  6.17140091e+00  3.14155633e+00
  4.15412003e+00  1.57079756e+00  7.57299552e+00  7.18402453e+00
  4.73301226e+00  2.29849090e+00  4.48528869e+00 -2.71877008e-01
  5.50463610e-01  5.83162265e+00]

Calculating energies for FreeWilson2D(N_x=2, N_y=2, mass=-3.200, r=1.000)
Return from COBYLA because the objective function has been evaluated MAXFUN times.
Number of function values = 5000   Least value of F = -5.814213169429003
The corresponding X is:
[3.1425239  2.09438474 5.75925421 4.71235954 1.5696007  7.85271608
 4.74565367 6.35259969 0.13362581 3.23613522 3.26089817 4.81470874
 4.93054489 4.80252123 3.93646255 2.52614862 2.52598104 1.57085603
 6.28323472 4.7105443  5.50009213 3.14051042 7.66930338 7.27902392
 4.527778   0.97252762 2.59010375 1.41743195 1.0249498  5.37996733]

Calculating energies for FreeWilson2D(N_x=2, N_y=2, mass=-3.120, r=1.000)
Return from COBYLA because the objective function has been evaluated MAXFUN times.
Number of function values = 5000   Least value of F = -5.324760450762865
The corresponding X is:
[3.5364762  4.3789617  3.80168931 4.71119048 0.73334148 7.27497711
 4.47586473 6.04619196 0.54021792 2.80638251 3.04566834 4.70204627
 5.02079503 4.70337225 3.8262883  2.24695816 2.71798942 1.62808403
 6.27253156 4.27657679 5.50904897 0.35086731 7.43070491 7.39710067
 4.67900612 0.82595569 2.68592846 1.70759392 0.95235907 5.56521176]

Calculating energies for FreeWilson2D(N_x=2, N_y=2, mass=-3.040, r=1.000)
Return from COBYLA because the objective function has been evaluated MAXFUN times.
Number of function values = 5000   Least value of F = -5.07999386308372
The corresponding X is:
[4.73564781 4.12632598 4.70608279 4.7125604  0.00857241 6.93566422
 4.7116989  6.01204337 0.2874959  3.42813932 3.69545065 4.78866069
 4.59311348 4.83313243 3.27621305 0.76572283 3.22235858 1.72261881
 6.36280904 4.70000006 5.44900498 1.56387439 8.16406057 7.20367807
 4.99801034 0.54025939 2.30467021 2.09235328 1.10249463 5.54358599]

Calculating energies for FreeWilson2D(N_x=2, N_y=2, mass=-2.960, r=1.000)
Return from COBYLA because the objective function has been evaluated MAXFUN times.
Number of function values = 5000   Least value of F = -4.9198988508796955
The corresponding X is:
[4.1135845  4.42907547 4.62903744 4.71062986 0.03048218 6.86592388
 4.67592821 6.02601978 0.84177713 3.26279782 3.42271022 5.23279395
 5.32889098 5.22949199 3.88461307 1.21657678 2.84527017 1.88875484
 6.27013018 4.66972243 5.55362977 1.46426229 6.93157926 7.42564961
 4.76814882 0.82172808 2.85276291 0.99393469 0.81836559 5.15172225]

Calculating energies for FreeWilson2D(N_x=2, N_y=2, mass=-2.880, r=1.000)
Return from COBYLA because the trust region radius reaches its lower bound.
Number of function values = 1925   Least value of F = -4.759999898407265
The corresponding X is:
[4.11979729e+00 2.10372311e+00 4.71257954e+00 4.71269794e+00
 3.79599914e-04 7.17553228e+00 4.71221364e+00 5.76532626e+00
 5.80033193e-01 2.85410796e+00 4.24121340e+00 5.58476292e+00
 5.44529708e+00 5.24387330e+00 2.63496944e+00 1.20686722e+00
 3.05776583e+00 8.41446246e-01 5.30236423e+00 4.71191526e+00
 5.81341397e+00 1.57127218e+00 7.35883801e+00 6.45344251e+00
 5.18723618e+00 2.32342326e+00 2.57547689e+00 2.76175945e-01
 2.06292476e+00 3.99889115e+00]

Calculating energies for FreeWilson2D(N_x=2, N_y=2, mass=-2.800, r=1.000)
Return from COBYLA because the trust region radius reaches its lower bound.
Number of function values = 4206   Least value of F = -3.999999424031402
The corresponding X is:
[ 4.59718759e+00  2.72555766e+00  4.71243689e+00  6.28048561e+00
 -1.40980142e-04  6.27934859e+00  5.90896137e+00  5.73971864e+00
  4.69409545e-01  3.11691902e+00  3.76096834e+00  6.74092758e+00
  5.36953135e+00  5.11593661e+00  2.95579677e+00  8.47163050e-01
  2.71661940e+00  2.35602069e+00  5.49634934e+00  4.71250360e+00
  6.28149152e+00  1.57098466e+00  7.59021269e+00  6.69246826e+00
  4.64355025e+00  3.09245878e+00  2.64355644e+00  6.08191768e-01
  2.64492750e+00  3.75406136e+00]

Calculating energies for FreeWilson2D(N_x=2, N_y=2, mass=-2.720, r=1.000)
Return from COBYLA because the trust region radius reaches its lower bound.
Number of function values = 839   Least value of F = -4.439999980886654
The corresponding X is:
[ 4.47491495e+00  2.25861367e+00  4.71231527e+00  4.71250447e+00
 -7.87248365e-06  5.21153676e+00  4.71245651e+00  6.92115673e+00
  1.66712121e+00  2.89452865e+00  4.45020043e+00  8.50918927e+00
  4.45759222e+00  4.83053939e+00  1.70400191e+00  9.15000104e-01
  2.29445126e+00  8.28707737e-01  4.40907126e+00  4.71240318e+00
  6.46779626e+00  1.57091753e+00  6.85616631e+00  6.83091624e+00
  4.11719163e+00  2.47610857e+00  2.01897290e+00  2.14437034e-01
  2.19957829e+00  3.72283635e+00]

Calculating energies for FreeWilson2D(N_x=2, N_y=2, mass=-2.640, r=1.000)
Return from COBYLA because the objective function has been evaluated MAXFUN times.
Number of function values = 5000   Least value of F = -3.9999403664183744
The corresponding X is:
[4.80358905 3.04783072 5.41044373 5.58210263 0.39707505 6.28336664
 5.2087395  6.11997066 0.2583612  2.63322665 3.30640045 5.6970419
 5.55168211 5.83629439 2.54674759 2.27913806 3.99807868 1.75147718
 4.89025176 4.6411712  6.27714598 2.61873875 5.77033726 7.08951232
 5.83966478 0.91445508 2.39064576 0.96908802 2.25418676 3.97143619]

Calculating energies for FreeWilson2D(N_x=2, N_y=2, mass=-2.560, r=1.000)
Return from COBYLA because the trust region radius reaches its lower bound.
Number of function values = 4385   Least value of F = -3.999999698056485
The corresponding X is:
[5.14607847 2.70774739 5.49681237 5.49875195 0.51436536 6.28335798
 5.09917189 5.93125495 0.27385948 2.35482705 2.98228799 5.51508675
 5.25439191 5.51160497 2.37458246 2.00918503 4.27375954 1.57328136
 4.71495732 4.32772489 6.2832364  2.75475163 5.5661784  6.48454234
 5.99915469 0.63555458 2.5482995  0.7449184  2.28666105 3.89016874]

Calculating energies for FreeWilson2D(N_x=2, N_y=2, mass=-2.480, r=1.000)
Return from COBYLA because the trust region radius reaches its lower bound.
Number of function values = 1205   Least value of F = -3.9999998097396166
The corresponding X is:
[ 3.92674567  3.71396599  5.81027024  5.51619172  2.3133302   7.47124469
  6.28313632  4.34040985  0.74497024  3.88528618  1.84136706  6.96211832
  4.03408062  4.46237149  2.78350912  3.1419541   3.14300363  0.26662351
  4.87683209  3.88476521  4.88888897  1.5705258   5.62584285  5.42495949
  6.08040777  2.37466053  3.08068095 -0.3193922   0.93758056  4.27888938]

Calculating energies for FreeWilson2D(N_x=2, N_y=2, mass=-2.400, r=1.000)
Return from COBYLA because the objective function has been evaluated MAXFUN times.
Number of function values = 5000   Least value of F = -3.9999911861030433
The corresponding X is:
[ 3.93144543  3.76244228  5.69995817  5.51424055  2.88859936  7.43461332
  6.28236418  4.75766084  1.12182519  4.25058155  1.60273728  7.05048222
  3.74356823  5.06145284  3.1846951   3.13644423  3.16355125  0.11227046
  4.76676038  4.46202526  4.55821156  1.56885678  5.60294426  5.28934284
  6.09790185  2.47704686  2.90266052 -0.18130352  0.74272881  4.22340257]

Calculating energies for FreeWilson2D(N_x=2, N_y=2, mass=-2.320, r=1.000)
Return from COBYLA because the trust region radius reaches its lower bound.
Number of function values = 2256   Least value of F = -3.999999925568819
The corresponding X is:
[ 4.50013893  3.40592027  5.87039724  5.59395555  3.14067576  7.07567634
  6.28317325  4.78443535  0.9979853   3.66704894  1.44692832  7.16379767
  3.77689469  4.80183881  3.17485958  2.52949548  3.65615418  0.20830314
  5.35736099  4.71193074  4.44547305  1.57074419  5.88787534  5.27229936
  6.13804992  2.30326753  3.01372235 -0.05270302  0.76036749  4.45943365]

Calculating energies for FreeWilson2D(N_x=2, N_y=2, mass=-2.240, r=1.000)
Return from COBYLA because the trust region radius reaches its lower bound.
Number of function values = 2133   Least value of F = -3.9999999115264995
The corresponding X is:
[4.47881283 3.10210543 5.35028757 5.79291914 3.14041907 6.7766889
 6.28319768 4.09652447 0.44290431 3.7077477  1.76689961 5.75113245
 4.50207353 4.68395281 2.67344736 0.99252955 4.06880452 0.20555958
 5.21479939 4.71217124 5.95437938 1.57084457 7.55331089 6.34579553
 4.18920795 0.43079964 2.74760614 0.53848749 1.01616639 4.53080886]

Calculating energies for FreeWilson2D(N_x=2, N_y=2, mass=-2.160, r=1.000)
Return from COBYLA because the trust region radius reaches its lower bound.
Number of function values = 4035   Least value of F = -3.9999996970443394
The corresponding X is:
[3.93506439 3.91960484 5.59392408 5.8160301  1.15051887 6.28331949
 6.28319636 5.24799485 0.42342274 3.79074727 2.11273928 5.9304979
 4.23372405 5.13144269 2.7993533  1.4099069  4.55154152 0.50131343
 5.12229987 3.56220338 6.28201872 1.57083237 7.01350961 6.62908967
 5.32417039 1.803176   3.77286143 0.73215158 2.431495   4.49514488]

Calculating energies for FreeWilson2D(N_x=2, N_y=2, mass=-2.080, r=1.000)
Return from COBYLA because the trust region radius reaches its lower bound.
Number of function values = 1183   Least value of F = -3.9999999736562883
The corresponding X is:
[ 5.497794    3.92697631  5.54601386  5.61369268  2.13778177  6.28340456
  6.28308061  5.18746736 -0.06482284  2.50941668  2.04558805  6.12710107
  4.49909562  4.92576015  2.66256343  1.57085495  4.7123013   0.51795954
  4.8894754   3.70856558  6.2832103   1.57093601  6.39660881  7.87954504
  4.28615683  1.13285614  3.53835233  0.26307038  2.07976667  4.25141199]

Calculating energies for FreeWilson2D(N_x=2, N_y=2, mass=-2.000, r=1.000)
Return from COBYLA because the trust region radius reaches its lower bound.
Number of function values = 3154   Least value of F = -3.9999997738605186
The corresponding X is:
[5.16963465 3.59928761 5.63335446 6.0149219  2.55107958 6.28451769
 6.28321256 5.69179872 0.2829355  1.95096239 2.82663644 6.42717339
 4.54539793 5.00440869 3.04833521 1.08809245 4.22992505 0.36936193
 5.3878457  4.25538468 6.28183171 1.57090378 7.49859645 6.80882432
 4.95449298 1.12549052 3.41036343 0.82640348 2.25021998 4.46145363]

Calculating energies for FreeWilson2D(N_x=2, N_y=2, mass=-1.920, r=1.000)
Return from COBYLA because the trust region radius reaches its lower bound.
Number of function values = 1561   Least value of F = -3.999999960325864
The corresponding X is:
[4.71259639 3.14185128 5.53050698 5.86720873 2.45714388 7.02013363
 6.28314607 5.83402964 0.34687354 2.41161285 2.26298006 6.46716875
 4.40856214 5.16727223 2.61429687 0.78552358 4.18846802 0.44248435
 5.12782021 4.71219749 5.75752034 1.57088981 7.65398688 6.58553654
 4.51268879 0.89307207 3.16007601 0.6705298  2.30772955 4.23502925]

Calculating energies for FreeWilson2D(N_x=2, N_y=2, mass=-1.840, r=1.000)
Return from COBYLA because the trust region radius reaches its lower bound.
Number of function values = 2029   Least value of F = -3.999999943305405
The corresponding X is:
[5.49776773 3.92698152 5.58213136 5.72510936 1.83107496 6.28334236
 6.28285525 5.57065113 0.38842559 2.34017688 2.42824412 6.31353869
 4.68784203 4.91368628 3.21396648 1.57068981 4.71228117 0.62948576
 5.36920669 3.40183075 6.28316081 1.5711849  6.38476856 7.33536306
 4.34494099 1.14105419 3.21765666 0.25652637 1.82422553 4.49761574]

Calculating energies for FreeWilson2D(N_x=2, N_y=2, mass=-1.760, r=1.000)
Return from COBYLA because the objective function has been evaluated MAXFUN times.
Number of function values = 5000   Least value of F = -4.123513933294631
The corresponding X is:
[4.79766672 3.59413629 5.37286792 5.52487961 1.53043019 7.38429683
 5.32434745 5.87411144 0.83001757 2.42604872 1.55035806 6.22813143
 4.18426491 5.12437946 3.08889134 0.65946391 4.16863245 0.92947959
 5.5810007  4.49346506 5.79190651 2.75823131 7.19338177 7.25415914
 4.08235106 1.49150695 3.76270648 0.31516809 1.72007153 4.67846487]

Calculating energies for FreeWilson2D(N_x=2, N_y=2, mass=-1.680, r=1.000)
Return from COBYLA because the trust region radius reaches its lower bound.
Number of function values = 561   Least value of F = -3.99999999172925
The corresponding X is:
[ 4.48533002  3.7043894   6.83299277  5.51675454  3.14154905  6.05900518
  6.28318262  5.84394843  1.46021574  2.88233899  1.89214091  5.64663932
  4.4183279   5.21723249  3.18083519  2.43431607  4.08309299  0.14103339
  4.75455157  4.71240177  3.65605273  1.57082426  6.16799082  5.07133028
  6.59615472  0.96461788  2.77334871 -0.20491236  0.72240623  4.04046818]

Calculating energies for FreeWilson2D(N_x=2, N_y=2, mass=-1.600, r=1.000)
Return from COBYLA because the trust region radius reaches its lower bound.
Number of function values = 938   Least value of F = -3.999999985193637
The corresponding X is:
[4.71234039 3.14158413 6.66567895 6.37965176 2.26629201 5.31689017
 6.2831361  5.91770261 0.67165223 2.95760287 1.95343194 5.4820765
 4.16849667 4.6817665  2.84707429 2.3561735  4.07823271 0.8794644
 5.52321233 4.71249031 5.06385987 1.57076442 6.20405548 5.61760277
 6.20414346 1.35889852 3.7109408  1.45647523 0.723502   4.41188918]

Calculating energies for FreeWilson2D(N_x=2, N_y=2, mass=-1.520, r=1.000)
Return from COBYLA because the objective function has been evaluated MAXFUN times.
Number of function values = 5000   Least value of F = -4.448396720120202
The corresponding X is:
[ 4.56170203  2.63656394  5.43917429  5.69268012  1.5600285   5.00395313
  5.30988152  5.85930513  0.69156495  2.56064863  0.67372937  6.41957309
  3.49866508  6.12255039  3.2732351   2.59091595  5.09351111  1.00486887
  5.52697256  4.19256053  5.76081363  2.71695512  6.98742104  4.61320829
  7.00030383  1.76251365  3.56398527 -0.28501548  0.66062904  3.16361956]

Calculating energies for FreeWilson2D(N_x=2, N_y=2, mass=-1.440, r=1.000)
Return from COBYLA because the objective function has been evaluated MAXFUN times.
Number of function values = 5000   Least value of F = -4.5495797008403045
The corresponding X is:
[ 4.61485693  2.6115245   6.98683667  5.70242239  1.48406735  4.48047352
  5.44686731  6.15187104  1.47684713  2.59419484  1.35627202  6.53106413
  3.6379845   5.8341339   3.04167935  2.56285193  4.30008338  1.19410333
  5.63538208  5.04641999  5.69912852  2.89864501  6.24691075  6.53687931
  6.23808656  0.89314242  2.98066779 -0.37757598  0.4060398   3.4484067 ]

Calculating energies for FreeWilson2D(N_x=2, N_y=2, mass=-1.360, r=1.000)
Return from COBYLA because the trust region radius reaches its lower bound.
Number of function values = 1060   Least value of F = -3.9999999468326024
The corresponding X is:
[4.71242112 3.14122459 6.30216783 5.83879596 2.01451806 5.48638059
 6.28289723 5.81144426 0.7832427  2.45461187 2.19669287 5.09274767
 3.55192169 4.92145383 2.96625077 2.35621401 4.56713643 1.71251675
 5.28147495 4.71244547 5.4855902  1.57115081 6.62087036 5.94914979
 6.62082705 1.25230832 3.02861581 0.46402809 1.28190238 4.40895875]

Calculating energies for FreeWilson2D(N_x=2, N_y=2, mass=-1.280, r=1.000)
Return from COBYLA because the objective function has been evaluated MAXFUN times.
Number of function values = 5000   Least value of F = -4.439979671541576
The corresponding X is:
[4.70729018 4.67627338 7.35641713 5.54813016 1.56383569 5.63835584
 6.23762498 6.34507964 0.90883516 3.10639309 3.0885197  5.85420398
 3.84470014 4.39451476 2.81148677 2.62159837 5.03999707 2.2484891
 5.44164292 4.69615177 5.73851498 4.66682964 5.85077282 4.97358984
 5.50000747 1.73549286 3.24333956 2.37309305 1.21080418 3.84205874]

Calculating energies for FreeWilson2D(N_x=2, N_y=2, mass=-1.200, r=1.000)
Return from COBYLA because the trust region radius reaches its lower bound.
Number of function values = 3489   Least value of F = -5.014213346776064
The corresponding X is:
[4.71237421 3.6651999  6.83962271 6.28201664 1.57085568 4.71263548
 5.65357368 5.63036054 1.07808945 1.68666573 3.30792905 6.40518469
 3.89637747 3.49868946 3.45710409 2.52611    5.04049289 1.57080992
 3.14287549 4.71233841 5.70488657 3.14158701 5.60610147 5.42574718
 5.60612973 1.85453835 3.16300726 1.84981188 0.52265216 4.51236271]

Calculating energies for FreeWilson2D(N_x=2, N_y=2, mass=-1.120, r=1.000)
Return from COBYLA because the trust region radius reaches its lower bound.
Number of function values = 4144   Least value of F = -4.17421295116997
The corresponding X is:
[ 6.03115227e+00  3.64727575e+00  6.28308074e+00  4.71625049e+00
  3.14141657e+00  5.57268857e+00  6.07732392e+00  7.07574137e+00
  7.07841527e-01  3.88992078e+00  1.88520515e+00  5.36990675e+00
  3.85217580e+00  5.70544464e+00  2.71722785e+00  2.10490484e+00
  3.19626323e+00 -1.07972939e-04  4.71610606e+00  4.71213059e+00
  4.46470398e+00  3.14129211e+00  7.59983912e+00  5.37907001e+00
  4.41737298e+00  8.91442507e-01  2.78478987e+00  1.24250354e+00
  1.49631505e+00  4.22351149e+00]

Calculating energies for FreeWilson2D(N_x=2, N_y=2, mass=-1.040, r=1.000)
Return from COBYLA because the trust region radius reaches its lower bound.
Number of function values = 1776   Least value of F = -3.8399999381196177
The corresponding X is:
[ 4.71321856e+00  4.71243486e+00  6.28319296e+00  4.71239079e+00
  1.57068368e+00  5.66827196e+00  5.89859603e+00  6.48602202e+00
  1.97900315e+00  3.26170463e+00  2.56892557e+00  5.95095954e+00
  4.84848310e+00  6.51920077e+00  2.87672691e+00  1.38834427e+00
  3.32361780e+00 -2.42731735e-05  4.71240629e+00  4.71167089e+00
  4.42782235e+00  3.14157737e+00  5.77032196e+00  6.05293529e+00
  6.49495283e+00  4.85336115e-01  2.45985815e+00  1.26898740e+00
  7.79410565e-01  3.99493667e+00]

Calculating energies for FreeWilson2D(N_x=2, N_y=2, mass=-0.960, r=1.000)
Return from COBYLA because the trust region radius reaches its lower bound.
Number of function values = 580   Least value of F = -4.159999995971846
The corresponding X is:
[4.71242277e+00 4.71237073e+00 6.28319750e+00 4.71239046e+00
 1.57079521e+00 5.62327807e+00 6.43820302e+00 6.34918606e+00
 1.96403153e+00 4.05481245e+00 2.90945251e+00 6.18073963e+00
 3.74959617e+00 5.28874935e+00 3.14037786e+00 1.03215755e+00
 4.88837866e+00 2.76443701e-07 4.71238739e+00 4.71241365e+00
 4.31410672e+00 3.14159968e+00 6.13045193e+00 5.64304364e+00
 6.00832019e+00 1.17272567e+00 2.53379591e+00 1.56013395e+00
 4.49342514e-01 4.44214615e+00]

Calculating energies for FreeWilson2D(N_x=2, N_y=2, mass=-0.880, r=1.000)
Return from COBYLA because the trust region radius reaches its lower bound.
Number of function values = 482   Least value of F = -4.479999998390143
The corresponding X is:
[ 4.71236381e+00  4.71239008e+00  6.28317968e+00  4.71239552e+00
  1.57078577e+00  5.69767402e+00  6.31867298e+00  6.34788981e+00
  2.07234092e+00  3.92772149e+00  2.87411652e+00  6.14261067e+00
  3.80542937e+00  5.34010453e+00  3.14900875e+00  1.11324194e+00
  4.99575442e+00 -1.04136136e-05  4.71238825e+00  4.71239982e+00
  4.41424235e+00  3.14160295e+00  6.06621206e+00  5.70225750e+00
  5.92711068e+00  1.21909945e+00  2.44123536e+00  1.38610641e+00
  8.16162918e-01  4.17210315e+00]

Calculating energies for FreeWilson2D(N_x=2, N_y=2, mass=-0.800, r=1.000)
Return from COBYLA because the trust region radius reaches its lower bound.
Number of function values = 466   Least value of F = -4.799999998583009
The corresponding X is:
[4.71240569e+00 4.71239110e+00 6.28319527e+00 4.71237316e+00
 1.57080519e+00 5.70681886e+00 6.52021799e+00 6.36376444e+00
 1.92545664e+00 3.44501678e+00 2.60807864e+00 6.02730872e+00
 3.97508244e+00 5.27731041e+00 2.88664829e+00 1.24297925e+00
 4.82759328e+00 1.07794059e-05 4.71236351e+00 4.71239505e+00
 4.37548384e+00 3.14158491e+00 6.46426009e+00 5.96734243e+00
 6.44094101e+00 1.19358380e+00 2.33419094e+00 1.35406415e+00
 8.65634638e-01 4.17937842e+00]

Calculating energies for FreeWilson2D(N_x=2, N_y=2, mass=-0.720, r=1.000)
Return from COBYLA because the trust region radius reaches its lower bound.
Number of function values = 1262   Least value of F = -5.1199999271264165
The corresponding X is:
[6.28268814e+00 4.71226494e+00 6.28316669e+00 5.17603182e+00
 1.13908138e+00 6.07398344e+00 6.28316347e+00 6.13502496e+00
 9.03528916e-01 2.82071543e+00 2.35157656e+00 6.45657147e+00
 4.06377355e+00 5.08931215e+00 1.94768880e+00 1.57090654e+00
 3.14166137e+00 9.98125382e-06 5.17600615e+00 3.14201603e+00
 4.10325680e+00 3.14159506e+00 5.99316864e+00 5.42698922e+00
 5.55445541e+00 1.36255672e+00 3.02367751e+00 1.69341189e+00
 7.72579401e-01 4.13775342e+00]

Calculating energies for FreeWilson2D(N_x=2, N_y=2, mass=-0.640, r=1.000)
Return from COBYLA because the trust region radius reaches its lower bound.
Number of function values = 965   Least value of F = -5.439999943040304
The corresponding X is:
[6.28327022e+00 4.71238261e+00 6.28347466e+00 5.37650859e+00
 9.83577840e-01 6.26340117e+00 6.28318092e+00 6.12514434e+00
 1.03760959e+00 2.70430662e+00 2.40267121e+00 6.42849481e+00
 3.69428141e+00 5.09549239e+00 1.95383779e+00 1.57079503e+00
 3.14162850e+00 2.77045621e-04 5.37649785e+00 3.14150540e+00
 4.17097406e+00 3.14155954e+00 6.20333731e+00 5.64400674e+00
 5.61249023e+00 1.54422782e+00 2.96844297e+00 1.36117175e+00
 9.12696237e-01 4.48412766e+00]

Calculating energies for FreeWilson2D(N_x=2, N_y=2, mass=-0.560, r=1.000)
Return from COBYLA because the trust region radius reaches its lower bound.
Number of function values = 506   Least value of F = -5.759999991130404
The corresponding X is:
[6.2831362  4.7124483  6.28318199 6.28319868 0.61324798 5.93119915
 4.71238522 5.92972493 1.35481042 2.64432172 2.1824276  6.03527043
 3.79268221 6.61437838 4.58733356 1.57079719 3.14154455 0.1187639
 4.94412729 3.14161809 4.75202676 1.57079633 5.99891687 5.1142685
 6.28012416 1.50296674 4.23961845 0.25881383 0.86501627 5.37987966]

Calculating energies for FreeWilson2D(N_x=2, N_y=2, mass=-0.480, r=1.000)
Return from COBYLA because the trust region radius reaches its lower bound.
Number of function values = 738   Least value of F = -6.079999982650515
The corresponding X is:
[6.28311548 4.71240795 6.2832229  6.28312874 0.68522027 6.06224008
 4.71245508 6.01324084 0.84322933 2.6396957  2.07644414 5.68290658
 3.99230267 6.94491701 4.3942958  1.57081438 3.14157359 0.6119091
 5.69547555 3.14163384 4.41232082 1.57088607 5.78162854 5.44712018
 6.21379716 2.09671621 5.18223103 0.26374524 0.35447693 5.40559832]

Calculating energies for FreeWilson2D(N_x=2, N_y=2, mass=-0.400, r=1.000)
Return from COBYLA because the trust region radius reaches its lower bound.
Number of function values = 740   Least value of F = -6.39999998792824
The corresponding X is:
[6.28319376 4.71232852 6.28318836 6.28315077 0.36417734 5.72836804
 4.71240981 6.48300946 1.18002114 2.33270831 2.1272792  6.03280947
 4.32160657 6.74202408 4.47062218 1.57076714 3.14165345 0.87245015
 5.10556965 3.14164137 4.35142073 1.57083306 5.68909936 5.42500957
 6.14794084 2.26658256 5.67955209 0.25498305 1.11306034 5.37820618]

Calculating energies for FreeWilson2D(N_x=2, N_y=2, mass=-0.320, r=1.000)
Return from COBYLA because the trust region radius reaches its lower bound.
Number of function values = 3033   Least value of F = -6.719999580525825
The corresponding X is:
[ 6.28312157e+00  4.71239339e+00  6.28319489e+00  5.98375312e+00
  7.15161041e-01  6.03532886e+00  4.79349885e+00  5.91197180e+00
  1.22908012e+00  2.50330282e+00  2.18601272e+00  6.15530085e+00
  3.76285113e+00  6.90000725e+00  3.76325085e+00  1.57079489e+00
  3.14159962e+00 -1.46173865e-05  4.96910508e+00  3.14161495e+00
  4.99200479e+00  1.88063277e+00  6.16006307e+00  5.34266671e+00
  5.99398792e+00  1.65727037e+00  5.10166934e+00  2.28227966e-01
  1.02420581e+00  5.78806156e+00]

Calculating energies for FreeWilson2D(N_x=2, N_y=2, mass=-0.240, r=1.000)
Return from COBYLA because the trust region radius reaches its lower bound.
Number of function values = 916   Least value of F = -7.0399999779375975
The corresponding X is:
[6.28337484 4.71238639 6.28318611 6.28320325 0.37758961 5.80296697
 4.71240351 6.21126088 0.31890799 3.20347041 1.66140614 5.62965403
 4.15292407 7.26455294 3.5136816  1.57060923 3.14160979 0.6857722
 5.76237301 3.14151614 4.09254475 1.57080499 5.27068625 5.29325802
 5.77329776 1.40370351 4.00877006 0.22595542 0.74069752 5.56243377]

Calculating energies for FreeWilson2D(N_x=2, N_y=2, mass=-0.160, r=1.000)
Return from COBYLA because the trust region radius reaches its lower bound.
Number of function values = 1404   Least value of F = -7.359999927164917
The corresponding X is:
[ 6.28322203  4.71237571  6.28319049  6.28342796  0.39649428  5.57288222
  4.71201753  6.34010692  0.45279191  3.26765978  1.61721431  5.65195433
  4.08257988  7.37135123  3.61139116  1.57076609  3.14160163 -0.04595489
  5.57992191  3.1415587   4.15754783  1.57032134  4.9539608   5.14430521
  5.6859463   1.17861176  3.92364188  0.02196801  0.2888988   5.5880233 ]

Calculating energies for FreeWilson2D(N_x=2, N_y=2, mass=-0.080, r=1.000)
Return from COBYLA because the trust region radius reaches its lower bound.
Number of function values = 560   Least value of F = -7.679999986879
The corresponding X is:
[6.28321568 4.71239866 6.28317278 6.28310401 0.58023495 6.05192298
 4.71241833 6.10179768 0.49429859 3.51232929 1.53795735 5.52293945
 3.92784718 7.74487537 3.63990014 1.57076298 3.14156855 0.43450758
 5.11397544 3.1415774  4.50482377 1.57088084 5.44800213 5.09316451
 5.48238977 1.19670934 3.90485604 0.34625246 0.26899986 5.69946283]

Calculating energies for FreeWilson2D(N_x=2, N_y=2, mass=0.000, r=1.000)
Return from COBYLA because the trust region radius reaches its lower bound.
Number of function values = 1626   Least value of F = -7.999999938486793
The corresponding X is:
[6.28359304 4.71242686 6.28316086 6.28282577 0.26357477 5.97055447
 4.71257912 6.57315593 0.32213581 2.78577717 1.85478438 5.03881813
 3.88806173 7.25491215 3.73436601 1.57039243 3.1415707  0.21239159
 5.18833888 3.1415003  4.49075693 1.57122105 5.09213342 4.99207227
 6.14285606 1.01004209 4.48017189 0.17886845 0.30540312 5.5639255 ]

Calculating energies for FreeWilson2D(N_x=2, N_y=2, mass=0.080, r=1.000)
Return from COBYLA because the trust region radius reaches its lower bound.
Number of function values = 642   Least value of F = -8.319999990116436
The corresponding X is:
[ 6.28318782  4.71238847  6.28318776  6.28326     0.65002406  6.06245266
  4.71237233  6.17304735  0.83977799  2.42635948  2.90565044  4.79700665
  4.27828217  7.09605872  3.68498375  1.57078652  3.14160701 -0.12950204
  5.24909376  3.14158859  3.2135868   1.57072239  5.63660257  5.42638891
  5.97394281  1.10301444  4.59104217  0.10731756  0.36465892  5.02289366]

Calculating energies for FreeWilson2D(N_x=2, N_y=2, mass=0.160, r=1.000)
Return from COBYLA because the trust region radius reaches its lower bound.
Number of function values = 2217   Least value of F = -8.639999304068931
The corresponding X is:
[ 6.28320969e+00  4.71242433e+00  6.28314159e+00  6.07482163e+00
  9.11169270e-01  6.13136890e+00  4.71309589e+00  5.81369910e+00
  1.64653635e+00  2.39740639e+00  2.14222845e+00  5.63723570e+00
  4.09480175e+00  6.68644423e+00  4.09441310e+00  1.57078498e+00
  3.14156188e+00 -2.67847530e-04  4.71616601e+00  3.14158641e+00
  5.22961748e+00  1.77906703e+00  5.54521909e+00  5.77844556e+00
  5.55499775e+00  1.83706177e+00  4.64208578e+00  3.11211490e-01
  9.46589563e-01  5.06748389e+00]

Calculating energies for FreeWilson2D(N_x=2, N_y=2, mass=0.240, r=1.000)
Return from COBYLA because the trust region radius reaches its lower bound.
Number of function values = 3940   Least value of F = -8.959997795769146
The corresponding X is:
[6.28319707e+00 4.71236232e+00 6.28324965e+00 5.99279127e+00
 5.19199748e-01 5.90248118e+00 4.76973800e+00 5.61892724e+00
 1.48611788e+00 2.24207850e+00 2.09828829e+00 5.83655054e+00
 3.84332408e+00 6.97197258e+00 3.84361404e+00 1.57079580e+00
 3.14161384e+00 1.63742872e-04 4.90201715e+00 3.14159760e+00
 4.66027657e+00 1.86648395e+00 5.98392007e+00 6.19701981e+00
 5.16357076e+00 1.31314105e+00 4.50330750e+00 3.19803150e-01
 4.04223961e-01 5.28996468e+00]

Calculating energies for FreeWilson2D(N_x=2, N_y=2, mass=0.320, r=1.000)
Return from COBYLA because the trust region radius reaches its lower bound.
Number of function values = 4618   Least value of F = -9.279997880565045
The corresponding X is:
[6.28316538e+00 4.71240104e+00 6.28320517e+00 5.83480199e+00
 5.94921190e-01 5.99893815e+00 4.71686400e+00 5.80555883e+00
 1.52087899e+00 2.46398647e+00 2.14045576e+00 5.87790029e+00
 3.96602315e+00 6.93798642e+00 3.96611968e+00 1.57081520e+00
 3.14155704e+00 2.61659963e-05 4.72183070e+00 3.14159422e+00
 4.74080492e+00 2.01904757e+00 6.21769557e+00 6.44611899e+00
 5.36479931e+00 1.39886854e+00 4.48901777e+00 3.34600373e-01
 3.63750076e-01 5.36787018e+00]

Calculating energies for FreeWilson2D(N_x=2, N_y=2, mass=0.400, r=1.000)
Return from COBYLA because the trust region radius reaches its lower bound.
Number of function values = 2278   Least value of F = -9.599999696597516
The corresponding X is:
[6.28320925e+00 4.71239660e+00 6.28319453e+00 6.01519618e+00
 8.72368212e-01 6.26618331e+00 4.71288574e+00 6.05149719e+00
 1.41469023e+00 2.46386095e+00 2.15622704e+00 5.80628205e+00
 4.17177033e+00 6.79646727e+00 4.17171966e+00 1.57080616e+00
 3.14160111e+00 1.90836278e-05 4.71430518e+00 3.14155360e+00
 4.70103345e+00 1.83871793e+00 6.13925106e+00 5.60259748e+00
 5.85158731e+00 1.32192985e+00 3.81136683e+00 2.65261653e-01
 1.05776229e+00 5.45911912e+00]

Calculating energies for FreeWilson2D(N_x=2, N_y=2, mass=0.480, r=1.000)
Return from COBYLA because the objective function has been evaluated MAXFUN times.
Number of function values = 5000   Least value of F = -9.91997155461556
The corresponding X is:
[ 6.28326681e+00  4.71236389e+00  6.28314889e+00  6.23096235e+00
  9.00410770e-01  6.20822784e+00  4.72071294e+00  5.99704639e+00
  1.70629757e+00  2.30509038e+00  2.18232748e+00  5.84155380e+00
  4.08444044e+00  6.94401564e+00  4.08927694e+00  1.57077760e+00
  3.14162952e+00 -6.30630821e-05  4.87763742e+00  3.14151196e+00
  4.83071168e+00  1.62324987e+00  6.17687043e+00  5.89669379e+00
  5.97141347e+00  1.31026114e+00  3.74867889e+00  2.07069381e-01
  1.03955391e+00  5.42600754e+00]

Calculating energies for FreeWilson2D(N_x=2, N_y=2, mass=0.560, r=1.000)
Return from COBYLA because the objective function has been evaluated MAXFUN times.
Number of function values = 5000   Least value of F = -10.23998797867016
The corresponding X is:
[ 6.22030837e+00  4.71228356e+00  6.28310725e+00  6.10363239e+00
  1.53875293e+00  6.17509258e+00  4.76713326e+00  5.73879533e+00
  1.84961912e+00  2.59184455e+00  1.93160323e+00  5.88734136e+00
  3.91493750e+00  7.04324105e+00  3.91587747e+00  1.56927175e+00
  3.14166532e+00 -9.84920352e-05  5.00526525e+00  3.20443998e+00
  4.84316189e+00  1.75823004e+00  6.06722123e+00  5.54379646e+00
  5.91577997e+00  1.27590878e+00  3.81565079e+00  3.73478667e-01
  1.06008690e+00  5.33369380e+00]

Calculating energies for FreeWilson2D(N_x=2, N_y=2, mass=0.640, r=1.000)
Return from COBYLA because the trust region radius reaches its lower bound.
Number of function values = 3133   Least value of F = -10.559999216476065
The corresponding X is:
[6.28311654e+00 4.71234692e+00 6.28319349e+00 6.08840818e+00
 9.28943913e-01 6.23433673e+00 4.80217179e+00 5.77071200e+00
 1.64982381e+00 2.50095568e+00 2.26435767e+00 5.81605800e+00
 3.96672690e+00 7.10421601e+00 3.96740367e+00 1.57075404e+00
 3.14163016e+00 9.11148441e-05 5.13904895e+00 3.14166154e+00
 4.67303792e+00 1.78498955e+00 6.12169569e+00 5.50554555e+00
 5.99415617e+00 1.17720171e+00 3.83497473e+00 2.74794290e-01
 1.03104799e+00 5.40677264e+00]

Calculating energies for FreeWilson2D(N_x=2, N_y=2, mass=0.720, r=1.000)
Return from COBYLA because the trust region radius reaches its lower bound.
Number of function values = 2130   Least value of F = -10.879999605126008
The corresponding X is:
[6.28310778 4.71236693 6.28317626 6.28196608 1.09069899 6.14481282
 4.71304208 5.81042179 1.61704577 2.38976385 2.08575735 5.81261276
 4.04724782 6.94103139 4.22942863 1.5707573  3.14160483 0.02159746
 5.20952713 3.14167294 4.82649289 1.57213208 5.95038617 5.65795162
 5.85615021 1.27706789 3.90299488 0.36323246 1.08864763 5.52429925]

Calculating energies for FreeWilson2D(N_x=2, N_y=2, mass=0.800, r=1.000)
Return from COBYLA because the trust region radius reaches its lower bound.
Number of function values = 2612   Least value of F = -11.199999343212653
The corresponding X is:
[6.28318572 4.71240773 6.28320528 6.28114416 0.86479478 6.06466203
 4.71328307 6.04004801 1.49402074 2.28812619 2.12718807 5.84638477
 3.93532836 6.86516196 4.07008004 1.57076741 3.14159076 0.05864778
 5.10407788 3.14159442 4.6824337  1.57299602 6.18670134 5.67350873
 5.82487039 1.357626   3.8408499  0.40991685 1.09984598 5.5758899 ]

Calculating energies for FreeWilson2D(N_x=2, N_y=2, mass=0.880, r=1.000)
Return from COBYLA because the trust region radius reaches its lower bound.
Number of function values = 3529   Least value of F = -11.519999347034835
The corresponding X is:
[ 6.28317708  4.7123616   6.283155    6.28080482  1.01218395  6.05703205
  4.71336198  6.0477414   1.65763249  2.3082975   2.08899411  5.77983408
  4.02424848  6.91176587  4.12064972  1.57080418  3.14157893 -0.02690275
  5.11072953  3.14159912  4.8177416   1.57331464  6.12347434  5.67526937
  5.90375731  1.24793124  3.85237947  0.30449287  1.05647893  5.59008806]

Calculating energies for FreeWilson2D(N_x=2, N_y=2, mass=0.960, r=1.000)
Return from COBYLA because the trust region radius reaches its lower bound.
Number of function values = 2901   Least value of F = -11.839999233021754
The corresponding X is:
[ 6.28319708  4.71234514  6.28315804  6.28115169  0.82356312  6.27958261
  4.71348387  5.89527944  1.6012573   2.46075058  2.04442198  5.80573548
  4.1609628   7.01540664  4.23483889  1.5707968   3.14162581 -0.02733152
  5.23024741  3.14157702  4.78977968  1.57304672  6.10804867  5.6937714
  6.09256162  1.293891    3.96809078  0.21502779  0.97421324  5.48340261]

Calculating energies for FreeWilson2D(N_x=2, N_y=2, mass=1.040, r=1.000)
Return from COBYLA because the trust region radius reaches its lower bound.
Number of function values = 4836   Least value of F = -12.159998831242431
The corresponding X is:
[ 6.28319908e+00  4.71239058e+00  6.28316308e+00  6.27941875e+00
  6.06173544e-01  6.31020559e+00  4.71439456e+00  6.03789270e+00
  1.58069075e+00  2.42888759e+00  1.98096837e+00  5.73420651e+00
  4.11909168e+00  7.05653136e+00  4.15652433e+00  1.57081521e+00
  3.14160703e+00 -6.09287416e-03  5.21623191e+00  3.14160099e+00
  4.82289447e+00  1.57499748e+00  6.12630116e+00  5.77417460e+00
  5.91469195e+00  1.29515823e+00  3.90915890e+00  2.99747993e-01
  1.05582535e+00  5.28981164e+00]

Calculating energies for FreeWilson2D(N_x=2, N_y=2, mass=1.120, r=1.000)
Return from COBYLA because the objective function has been evaluated MAXFUN times.
Number of function values = 5000   Least value of F = -12.479988838051757
The corresponding X is:
[6.28317922e+00 4.71236558e+00 6.28314190e+00 6.26612156e+00
 8.32964018e-01 6.16654695e+00 4.71891216e+00 6.05709278e+00
 1.49066283e+00 2.32115023e+00 1.99208843e+00 5.67917045e+00
 4.01378927e+00 6.95909767e+00 4.03522131e+00 1.57074641e+00
 3.14162170e+00 8.31128564e-04 5.08324890e+00 3.14165269e+00
 4.88174379e+00 1.58890085e+00 6.19099345e+00 5.89882915e+00
 6.03476065e+00 1.26247165e+00 3.91586905e+00 2.92072461e-01
 1.04423865e+00 5.47764926e+00]

Calculating energies for FreeWilson2D(N_x=2, N_y=2, mass=1.200, r=1.000)
Return from COBYLA because the trust region radius reaches its lower bound.
Number of function values = 1640   Least value of F = -12.799999834696745
The corresponding X is:
[6.28319441e+00 4.71237172e+00 6.28315565e+00 5.94427401e+00
 8.90853517e-01 6.31301622e+00 4.87594246e+00 5.88254347e+00
 1.65135810e+00 2.56233442e+00 2.09582199e+00 5.79561733e+00
 3.88923500e+00 7.02988431e+00 3.88940437e+00 1.57079850e+00
 3.14161529e+00 5.29768862e-05 5.14513566e+00 3.14157752e+00
 4.98018575e+00 1.94569483e+00 6.19303544e+00 5.75940197e+00
 6.08757486e+00 1.16907394e+00 3.94140123e+00 4.19751844e-01
 1.25061710e+00 5.52479271e+00]

Calculating energies for FreeWilson2D(N_x=2, N_y=2, mass=1.280, r=1.000)
Return from COBYLA because the trust region radius reaches its lower bound.
Number of function values = 2144   Least value of F = -13.11999961149348
The corresponding X is:
[ 6.28320716e+00  4.71243245e+00  6.28319465e+00  6.04886879e+00
  6.86451542e-01  6.15666137e+00  4.83739950e+00  5.66413952e+00
  1.55730223e+00  2.58306809e+00  2.17756436e+00  5.75131817e+00
  3.81567499e+00  6.95548550e+00  3.81613182e+00  1.57079650e+00
  3.14153989e+00 -4.63512867e-05  5.19378807e+00  3.14156271e+00
  4.93409810e+00  1.83581422e+00  6.11591114e+00  5.69162042e+00
  6.10603570e+00  1.11276559e+00  4.55593222e+00  2.39694036e-01
  1.06026162e+00  5.25546297e+00]

Calculating energies for FreeWilson2D(N_x=2, N_y=2, mass=1.360, r=1.000)
Return from COBYLA because the trust region radius reaches its lower bound.
Number of function values = 1813   Least value of F = -13.439999734304797
The corresponding X is:
[ 6.28316036e+00  4.71237918e+00  6.28317861e+00  5.80913161e+00
  4.52941058e-01  6.41592328e+00  4.86269546e+00  5.91987291e+00
  1.56887935e+00  2.46581044e+00  2.12415145e+00  5.73878942e+00
  3.87406812e+00  7.01425548e+00  3.87415274e+00  1.57080712e+00
  3.14158638e+00 -5.03317531e-05  4.99639534e+00  3.14160251e+00
  4.89414854e+00  2.06630662e+00  6.12639715e+00  5.66973918e+00
  5.84013220e+00  1.18767919e+00  4.76457838e+00  1.96576879e-01
  9.50243452e-01  5.31868307e+00]

Calculating energies for FreeWilson2D(N_x=2, N_y=2, mass=1.440, r=1.000)
Return from COBYLA because the trust region radius reaches its lower bound.
Number of function values = 1615   Least value of F = -13.759999595354806
The corresponding X is:
[6.28320157e+00 4.71236891e+00 6.28317265e+00 5.68029267e+00
 5.44408203e-01 6.16922600e+00 4.88620295e+00 5.74633434e+00
 1.64007943e+00 2.31402758e+00 1.99814925e+00 5.81965357e+00
 3.90966781e+00 7.04958115e+00 3.90969679e+00 1.57078611e+00
 3.14163364e+00 2.22714161e-05 4.95853168e+00 3.14156364e+00
 4.85104099e+00 2.19519114e+00 6.15947108e+00 5.80156746e+00
 5.88144942e+00 1.17811265e+00 4.55940569e+00 2.58640205e-01
 1.00840121e+00 5.23355325e+00]

Calculating energies for FreeWilson2D(N_x=2, N_y=2, mass=1.520, r=1.000)
Return from COBYLA because the objective function has been evaluated MAXFUN times.
Number of function values = 5000   Least value of F = -14.079995259714746
The corresponding X is:
[ 6.28321620e+00  4.71241276e+00  6.28314951e+00  5.84380207e+00
  8.04625322e-01  6.33975767e+00  4.76491679e+00  5.82961835e+00
  1.35821047e+00  2.40599025e+00  2.17581732e+00  6.11749384e+00
  3.91067705e+00  7.03510598e+00  3.91098581e+00  1.57079183e+00
  3.14155088e+00 -5.94460250e-06  4.82365787e+00  3.14156203e+00
  4.64508800e+00  2.01303893e+00  5.95143698e+00  5.49486946e+00
  6.21047033e+00  1.04786292e+00  4.85618600e+00 -8.06389234e-02
  6.27755606e-01  5.61144554e+00]

Calculating energies for FreeWilson2D(N_x=2, N_y=2, mass=1.600, r=1.000)
Return from COBYLA because the trust region radius reaches its lower bound.
Number of function values = 1908   Least value of F = -14.399999804007486
The corresponding X is:
[ 6.28320063e+00  4.71240656e+00  6.28318513e+00  5.85145907e+00
  7.53545986e-01  6.12616167e+00  4.85865332e+00  5.96887082e+00
  1.37956483e+00  2.31761835e+00  2.08739955e+00  5.91847981e+00
  3.88611989e+00  7.02653320e+00  3.88621733e+00  1.57077712e+00
  3.14157927e+00 -4.14348659e-05  5.01878732e+00  3.14158810e+00
  4.71857023e+00  2.02512309e+00  6.10496499e+00  5.54631340e+00
  6.09663481e+00  9.54565074e-01  4.88221347e+00 -1.30262049e-01
  6.60930789e-01  5.53110459e+00]

Calculating energies for FreeWilson2D(N_x=2, N_y=2, mass=1.680, r=1.000)
Return from COBYLA because the trust region radius reaches its lower bound.
Number of function values = 1384   Least value of F = -14.719999850794979
The corresponding X is:
[6.28318820e+00 4.71236093e+00 6.28319530e+00 5.87606606e+00
 6.42263683e-01 6.27281581e+00 4.89624925e+00 5.97856002e+00
 1.29799819e+00 2.29339478e+00 2.04919129e+00 6.09006491e+00
 3.93814155e+00 7.07894428e+00 3.93820699e+00 1.57080774e+00
 3.14162792e+00 6.26065794e-05 5.11341005e+00 3.14159085e+00
 4.65717163e+00 2.01533972e+00 6.07983130e+00 5.62666192e+00
 6.20516966e+00 9.78964489e-01 4.81718981e+00 1.34817824e-01
 6.67169608e-01 5.36543327e+00]

Calculating energies for FreeWilson2D(N_x=2, N_y=2, mass=1.760, r=1.000)
Return from COBYLA because the objective function has been evaluated MAXFUN times.
Number of function values = 5000   Least value of F = -15.039949961143387
The corresponding X is:
[ 6.28312809e+00  4.71232352e+00  6.28313730e+00  6.11894832e+00
  8.13643032e-01  6.21924758e+00  4.72565897e+00  5.77896675e+00
  1.44793212e+00  2.55336855e+00  2.18907890e+00  5.96274161e+00
  3.95406046e+00  6.90077451e+00  3.95506535e+00  1.57070205e+00
  3.14164581e+00 -9.70462156e-05  4.79404042e+00  3.14160447e+00
  4.74642024e+00  1.73527420e+00  5.83407072e+00  5.52973007e+00
  6.08951798e+00  1.01158517e+00  4.89125708e+00  1.40564769e-01
  5.59998284e-01  5.31036071e+00]

Calculating energies for FreeWilson2D(N_x=2, N_y=2, mass=1.840, r=1.000)
Return from COBYLA because the objective function has been evaluated MAXFUN times.
Number of function values = 5000   Least value of F = -15.359994157611576
The corresponding X is:
[6.28315047e+00 4.71240117e+00 6.28320471e+00 6.13029677e+00
 9.07580829e-01 6.30193726e+00 4.76453054e+00 5.77978372e+00
 1.59088146e+00 2.23711401e+00 2.18126553e+00 6.10112536e+00
 3.76310986e+00 6.88826557e+00 3.76449533e+00 1.57077788e+00
 3.14157882e+00 2.19341856e-04 5.03872873e+00 3.14159835e+00
 4.61897027e+00 1.73214198e+00 5.82047514e+00 5.55108864e+00
 6.21962365e+00 8.78657991e-01 4.78882095e+00 1.28057416e-01
 7.63547368e-01 5.29788376e+00]

Calculating energies for FreeWilson2D(N_x=2, N_y=2, mass=1.920, r=1.000)
Return from COBYLA because the trust region radius reaches its lower bound.
Number of function values = 2673   Least value of F = -15.679999343013803
The corresponding X is:
[6.28280386e+00 4.71240064e+00 6.28315900e+00 6.08872860e+00
 1.30849102e+00 5.98980922e+00 4.81959830e+00 5.73230625e+00
 1.66501656e+00 2.53717535e+00 2.12970124e+00 5.76846043e+00
 3.92028241e+00 7.05953664e+00 3.92092970e+00 1.57073376e+00
 3.14158799e+00 8.61115598e-05 5.20998709e+00 3.14197968e+00
 5.04630307e+00 1.79248363e+00 6.44657434e+00 5.77997609e+00
 6.05591311e+00 1.29215078e+00 3.79952297e+00 3.16762341e-01
 9.09374527e-01 5.35587302e+00]

Calculating energies for FreeWilson2D(N_x=2, N_y=2, mass=2.000, r=1.000)
Return from COBYLA because the objective function has been evaluated MAXFUN times.
Number of function values = 5000   Least value of F = -15.99994084211994
The corresponding X is:
[6.28319064e+00 4.71225798e+00 6.28323811e+00 6.21073386e+00
 6.62881108e-01 6.14248502e+00 4.72438575e+00 5.69950039e+00
 1.40055704e+00 2.43442284e+00 2.08972083e+00 5.76743477e+00
 3.86420468e+00 6.78268751e+00 3.86874737e+00 1.57083824e+00
 3.14165218e+00 5.17996396e-04 4.88054857e+00 3.14155820e+00
 4.73978222e+00 1.64380284e+00 5.90911026e+00 5.68593285e+00
 5.94361274e+00 1.30239147e+00 4.65695368e+00 1.91257387e-01
 9.33826085e-01 5.22089360e+00]

-----Beginning pprint-----
/:
	Attributes:
		ProcessId: 23112167
	2025-09-02_10-06-40:
		Attributes:
			HamiltonianType: ZeroChargePenalty
			Last-Modified: 2025-09-02_10-06-40
			ProcessId: 23112167
			SimulatorType: Statevector
			SolverName: VQE
			SystemName: FreeWilson2D
			n_x: 2
			n_y: 2
			r: 1.0
		Circuit:
			Attributes:
				Ansatz: XXPlusYYRZAnsatz1
				NumParameters: 30
			AnsatzOptions:
				Attributes:
					num_layers: 2
					num_qubits: 8
		CircuitParameters: <HDF5 dataset "CircuitParameters": shape (101, 5000, 30), type "<f8">
			Attributes:
				DIMENSION_LABELS: ['mass' 'IterationAxis' 'CircuitParameterAxis']
				NDataDims: 2
		Data:
			Attributes:
			evs:
				Attributes:
				Hamiltonian: <HDF5 dataset "Hamiltonian": shape (101, 5000), type "<f8">
					Attributes:
						DIMENSION_LABELS: ['mass' 'IterationAxis']
						NDataDims: 1
			stds:
				Attributes:
				Hamiltonian: <HDF5 dataset "Hamiltonian": shape (101, 5000), type "<f8">
					Attributes:
						DIMENSION_LABELS: ['mass' 'IterationAxis']
						NDataDims: 1
		EstimatorOptions:
			Attributes:
				_VERSION: 2
				default_precision: Unset
				default_shots: Unset
				experimental: Unset
				max_execution_time: Unset
				resilience_level: Unset
				seed_estimator: Unset
			dynamical_decoupling:
				Attributes:
					enable: Unset
					extra_slack_distribution: Unset
					scheduling_method: Unset
					sequence_type: Unset
					skip_reset_qubits: Unset
			environment:
				Attributes:
					callback: None
					job_tags: None
					log_level: WARNING
					private: False
			execution:
				Attributes:
					init_qubits: Unset
					rep_delay: Unset
			resilience:
				Attributes:
					layer_noise_model: Unset
					measure_mitigation: Unset
					pec_mitigation: Unset
					zne_mitigation: Unset
				layer_noise_learning:
					Attributes:
						layer_pair_depths: Unset
						max_layers_to_learn: Unset
						num_randomizations: Unset
						shots_per_randomization: Unset
				measure_noise_learning:
					Attributes:
						num_randomizations: Unset
						shots_per_randomization: Unset
				pec:
					Attributes:
						max_overhead: Unset
						noise_gain: Unset
				zne:
					Attributes:
						amplifier: Unset
						extrapolated_noise_factors: Unset
						extrapolator: Unset
						noise_factors: Unset
			simulator:
				Attributes:
					basis_gates: Unset
					coupling_map: Unset
					noise_model: Unset
					seed_simulator: 42
			twirling:
				Attributes:
					enable_gates: Unset
					enable_measure: Unset
					num_randomizations: Unset
					shots_per_randomization: Unset
					strategy: Unset
		MetaData:
			Attributes:
			circuit_metadata: <HDF5 dataset "circuit_metadata": shape (101, 5000), type "|O">
				Attributes:
					DIMENSION_LABELS: ['mass' 'IterationAxis']
					NDataDims: 1
			target_precision: <HDF5 dataset "target_precision": shape (101, 5000), type "<f8">
				Attributes:
					DIMENSION_LABELS: ['mass' 'IterationAxis']
					NDataDims: 1
			version: <HDF5 dataset "version": shape (101, 5000), type "<i8">
				Attributes:
					DIMENSION_LABELS: ['mass' 'IterationAxis']
					NDataDims: 1
		NIterations: <HDF5 dataset "NIterations": shape (101,), type "<i8">
			Attributes:
				DIMENSION_LABELS: ['mass']
				NDataDims: 0
		OptimizerOptions:
			Attributes:
				bounds: None
				callback: None
				constraints: []
				method: cobyla
				tol: None
				x0Seed: 42
			options:
				Attributes:
					disp: 1
					maxiter: 5000
		PresetPassManagerOptions:
			Attributes:
				approximation_degree: 1.0
				optimization_level: 3
				seed_transpiler: 42
		SimulatorOptions:
			Attributes:
		VersionInfo:
			Attributes:
				QiskitAerVersion: 0.17.1
				QiskitIBMRuntimeVersion: 0.41.1
				QiskitVersion: 2.1.2
		mass: <HDF5 dataset "mass": shape (101,), type "<f8">
			Attributes:
-----Ending pprint-----
End 2025-09-02 10:34:22 | 23112167 MyPyJob | node028 | /home/s6nidich_hpc/PycharmProjects/QC-MasterThesis 

