Start 2025-09-02 17:33:03 | 23113644 MyPyJob | node003 | /home/s6nidich_hpc/PycharmProjects/QC-MasterThesis 

Used python interpreter:
/home/s6nidich_hpc/PycharmProjects/QC-MasterThesis/.venv_intel_3_12_3/bin/python
Python version:
Python 3.12.3

Currently Loaded Modules:
  1) GCCcore/13.3.0                   7) Tcl/8.6.14-GCCcore-13.3.0
  2) zlib/1.3.1-GCCcore-13.3.0        8) SQLite/3.45.3-GCCcore-13.3.0
  3) binutils/2.42-GCCcore-13.3.0     9) XZ/5.4.5-GCCcore-13.3.0
  4) bzip2/1.0.8-GCCcore-13.3.0      10) libffi/3.4.5-GCCcore-13.3.0
  5) ncurses/6.5-GCCcore-13.3.0      11) OpenSSL/3
  6) libreadline/8.2-GCCcore-13.3.0  12) Python/3.12.3-GCCcore-13.3.0

 

Start of Program:

-----Beginning pprint-----
/:
	Attributes:
Traceback (most recent call last):
  File "/home/s6nidich_hpc/PycharmProjects/QC-MasterThesis/main.py", line 61, in <module>
    raise e
  File "/home/s6nidich_hpc/PycharmProjects/QC-MasterThesis/main.py", line 50, in <module>
    pprint_h5(f)
  File "/home/s6nidich_hpc/PycharmProjects/QC-MasterThesis/misc.py", line 33, in pprint_h5
    for key, value in obj.attrs.items():
  File "/home/s6nidich_hpc/PycharmProjects/QC-MasterThesis/.venv_intel_3_12_3/lib/python3.12/site-packages/h5py/_hl/base.py", line 437, in __iter__
    yield (key, self._mapping.get(key))
                ^^^^^^^^^^^^^^^^^^^^^^
  File "<frozen _collections_abc>", line 807, in get
  File "h5py/_objects.pyx", line 56, in h5py._objects.with_phil.wrapper
  File "h5py/_objects.pyx", line 57, in h5py._objects.with_phil.wrapper
  File "/home/s6nidich_hpc/PycharmProjects/QC-MasterThesis/.venv_intel_3_12_3/lib/python3.12/site-packages/h5py/_hl/attrs.py", line 78, in __getitem__
    attr.read(arr, mtype=htype)
  File "h5py/_objects.pyx", line 56, in h5py._objects.with_phil.wrapper
  File "h5py/_objects.pyx", line 57, in h5py._objects.with_phil.wrapper
  File "h5py/h5a.pyx", line 365, in h5py.h5a.AttrID.read
  File "h5py/_proxy.pyx", line 67, in h5py._proxy.attr_rw
OSError: Can't synchronously read data (len not positive after adjustment for EOA)
End 2025-09-02 17:33:05 | 23113644 MyPyJob | node003 | /home/s6nidich_hpc/PycharmProjects/QC-MasterThesis 

