Start 2025-10-27 16:58:22 | 23769465 MyPyJob | node073 | /home/s6nidich_hpc/PycharmProjects/QC-MasterThesis 

Used python interpreter:
/home/s6nidich_hpc/PycharmProjects/QC-MasterThesis/.venv_intel_3_12_3/bin/python
Python version:
Python 3.12.3

Currently Loaded Modules:
  1) GCCcore/13.3.0                   7) Tcl/8.6.14-GCCcore-13.3.0
  2) zlib/1.3.1-GCCcore-13.3.0        8) SQLite/3.45.3-GCCcore-13.3.0
  3) binutils/2.42-GCCcore-13.3.0     9) XZ/5.4.5-GCCcore-13.3.0
  4) bzip2/1.0.8-GCCcore-13.3.0      10) libffi/3.4.5-GCCcore-13.3.0
  5) ncurses/6.5-GCCcore-13.3.0      11) OpenSSL/3
  6) libreadline/8.2-GCCcore-13.3.0  12) Python/3.12.3-GCCcore-13.3.0

 

Start of Program:

-----Beginning pprint-----
/:
	Attributes:
-----Ending pprint-----
Calculating energies for FreeWilson2D(N_x=2, N_y=2, mass=-6.000, r=1.000)
h: 0.0
Prec 0.0
Prec 0.0
New op index: 27
Current grad: 23.999999999999996
0:	0.00e+00	0.00e+00
1:	-2.00e+00	0.00e+00
2:	0.00e+00	0.00e+00
3:	0.00e+00	0.00e+00
4:	2.50e+00	0.00e+00
5:	0.00e+00	0.00e+00
6:	0.00e+00	0.00e+00
7:	-2.50e+00	0.00e+00
8:	0.00e+00	0.00e+00
9:	0.00e+00	0.00e+00
10:	2.00e+00	-5.00e-01
11:	0.00e+00	-5.00e-01
12:	0.00e+00	0.00e+00
13:	2.00e+00	-5.00e-01
14:	0.00e+00	-5.00e-01
15:	0.00e+00	2.12e-15
16:	-2.50e+00	2.10e-15
17:	0.00e+00	1.39e-17
18:	0.00e+00	2.08e-15
19:	2.50e+00	2.09e-15
20:	0.00e+00	6.94e-18
21:	0.00e+00	2.12e-15
22:	-2.00e+00	2.09e-15
23:	0.00e+00	1.39e-17
24:	5.00e-01	0.00e+00
25:	2.66e-15	0.00e+00
26:	-5.00e-01	-5.00e-01
27:	4.00e+00	6.94e-18
28:	-5.00e-01	-5.00e-01
29:	5.54e-15	8.35e-15
30:	5.00e-01	8.35e-15
Prec 0.0
New op index: 25
Current grad: 909.8893936720008
Prec 0.0
New op index: 19
Current grad: 17.804042944396155
Prec 0.0
New op index: 24
Current grad: 477.77865071941477
Prec 0.0
New op index: 26
Current grad: 288.55227283628005
Prec 0.0
New op index: 25
Current grad: 28.066743887395443
Prec 0.0
New op index: 22
Current grad: 56.54023119681892
Prec 0.0
New op index: 28
Current grad: 150.5400284028677
Prec 0.0
New op index: 27
Current grad: 13.14228396209405
Prec 0.0
New op index: 16
Current grad: 4.422267545308476
Prec 0.0
New op index: 1
Current grad: 20.680576348243033
Prec 0.0
New op index: 10
Current grad: 5.2105461571638
Prec 0.0
New op index: 26
Current grad: 6.242428440489378
Prec 0.0
New op index: 7
Current grad: 4.466831228648567
Prec 0.0
New op index: 24
Current grad: 8.800061201456893
Prec 0.0
New op index: 4
Current grad: 4.812017458202032
Prec 0.0
New op index: 13
Current grad: 2.6811737640326463
Prec 0.0
New op index: 27
Current grad: 6.740054560645558e-05
Precision cutoff reached.
Calculating energies for FreeWilson2D(N_x=2, N_y=2, mass=-3.333, r=1.000)
h: 0.0
Prec 0.0
Prec 0.0
New op index: 27
Current grad: 10.666666666666671
0:	0.00e+00	0.00e+00
1:	-6.67e-01	0.00e+00
2:	0.00e+00	0.00e+00
3:	0.00e+00	0.00e+00
4:	1.17e+00	0.00e+00
5:	0.00e+00	0.00e+00
6:	0.00e+00	0.00e+00
7:	-1.17e+00	0.00e+00
8:	0.00e+00	0.00e+00
9:	0.00e+00	0.00e+00
10:	6.67e-01	-5.00e-01
11:	0.00e+00	-5.00e-01
12:	0.00e+00	0.00e+00
13:	6.67e-01	-5.00e-01
14:	0.00e+00	-5.00e-01
15:	0.00e+00	2.11e-15
16:	-1.17e+00	2.09e-15
17:	0.00e+00	1.39e-17
18:	0.00e+00	2.09e-15
19:	1.17e+00	2.10e-15
20:	0.00e+00	6.94e-18
21:	0.00e+00	2.11e-15
22:	-6.67e-01	2.08e-15
23:	0.00e+00	1.39e-17
24:	5.00e-01	0.00e+00
25:	2.66e-15	0.00e+00
26:	-5.00e-01	-5.00e-01
27:	1.33e+00	6.94e-18
28:	-5.00e-01	-5.00e-01
29:	5.54e-15	8.35e-15
30:	5.00e-01	8.35e-15
Prec 0.0
New op index: 29
Current grad: 909.1083450859245
Prec 0.0
New op index: 4
Current grad: 8.708240787357171
Prec 0.0
New op index: 30
Current grad: 460.86145841261174
Prec 0.0
New op index: 28
Current grad: 286.1646102230451
Prec 0.0
New op index: 29
Current grad: 11.983231249761342
Prec 0.0
New op index: 7
Current grad: 43.61536287896811
Prec 0.0
New op index: 27
Current grad: 97.38341433460167
Prec 0.0
New op index: 22
Current grad: 3.152163383794808
Prec 0.0
New op index: 1
Current grad: 2.6336663488864427
Prec 0.0
New op index: 19
Current grad: 77.45704185621527
Prec 0.0
New op index: 29
Current grad: 65.00637455786175
Prec 0.0
New op index: 28
Current grad: 3.017943964903023
Prec 0.0
New op index: 10
Current grad: 1.101729856410465
Prec 0.0
New op index: 16
Current grad: 1.7734219473755342
Prec 0.0
New op index: 30
Current grad: 1.392824247496534
Prec 0.0
New op index: 19
Current grad: 1.0128972716781925
Prec 0.0
New op index: 27
Current grad: 0.001568735054340409
Prec 0.0
New op index: 19
Current grad: 0.0004043305754100629
Precision cutoff reached.
Calculating energies for FreeWilson2D(N_x=2, N_y=2, mass=-0.667, r=1.000)
h: 0.0
Prec 0.0
Prec 0.0
New op index: 27
Current grad: 6.666666666666668
0:	0.00e+00	0.00e+00
1:	6.67e-01	0.00e+00
2:	0.00e+00	0.00e+00
3:	0.00e+00	0.00e+00
4:	-1.67e-01	0.00e+00
5:	0.00e+00	0.00e+00
6:	0.00e+00	0.00e+00
7:	1.67e-01	0.00e+00
8:	0.00e+00	0.00e+00
9:	0.00e+00	0.00e+00
10:	-6.67e-01	-5.00e-01
11:	0.00e+00	-5.00e-01
12:	0.00e+00	0.00e+00
13:	-6.67e-01	-5.00e-01
14:	0.00e+00	-5.00e-01
15:	0.00e+00	2.10e-15
16:	1.67e-01	2.08e-15
17:	0.00e+00	1.39e-17
18:	0.00e+00	2.10e-15
19:	-1.67e-01	2.11e-15
20:	0.00e+00	6.94e-18
21:	0.00e+00	2.10e-15
22:	6.67e-01	2.07e-15
23:	0.00e+00	1.39e-17
24:	5.00e-01	0.00e+00
25:	2.66e-15	0.00e+00
26:	-5.00e-01	-5.00e-01
27:	-1.33e+00	6.94e-18
28:	-5.00e-01	-5.00e-01
29:	5.54e-15	8.35e-15
30:	5.00e-01	8.35e-15
Prec 0.0
New op index: 24
Current grad: 910.2799179704305
Prec 0.0
New op index: 28
Current grad: 8.131636932231498
Prec 0.0
New op index: 30
Current grad: 172.70177533982698
Prec 0.0
New op index: 26
Current grad: 370.42859613292296
Prec 0.0
New op index: 27
Current grad: 10.850218287157343
Prec 0.0
New op index: 4
Current grad: 71.16816083465419
Prec 0.0
New op index: 28
Current grad: 8.768732039401378
Prec 0.0
New op index: 16
Current grad: 4.879314019597868
Prec 0.0
New op index: 19
Current grad: 20.021404442128983
Prec 0.0
New op index: 7
Current grad: 4.3192348197131825
Prec 0.0
New op index: 28
Current grad: 2.666448684907742
Prec 0.0
New op index: 27
Current grad: 0.5922064218675422
Prec 0.0
New op index: 13
Current grad: 0.48967758433434777
Prec 0.0
New op index: 16
Current grad: 0.3543182489783407
Prec 0.0
New op index: 22
Current grad: 0.14105305586610836
Prec 0.0
New op index: 1
Current grad: 0.0711921859317915
Prec 0.0
New op index: 19
Current grad: 8.785875868382313e-06
Precision cutoff reached.
Calculating energies for FreeWilson2D(N_x=2, N_y=2, mass=2.000, r=1.000)
h: 0.0
Prec 0.0
Prec 0.0
New op index: 27
Current grad: 19.99999999999999
0:	0.00e+00	0.00e+00
1:	2.00e+00	0.00e+00
2:	0.00e+00	0.00e+00
3:	0.00e+00	0.00e+00
4:	-1.50e+00	0.00e+00
5:	0.00e+00	0.00e+00
6:	0.00e+00	0.00e+00
7:	1.50e+00	0.00e+00
8:	0.00e+00	0.00e+00
9:	0.00e+00	0.00e+00
10:	-2.00e+00	-5.00e-01
11:	0.00e+00	-5.00e-01
12:	0.00e+00	0.00e+00
13:	-2.00e+00	-5.00e-01
14:	0.00e+00	-5.00e-01
15:	0.00e+00	2.10e-15
16:	1.50e+00	2.07e-15
17:	0.00e+00	1.39e-17
18:	0.00e+00	2.11e-15
19:	-1.50e+00	2.12e-15
20:	0.00e+00	6.94e-18
21:	0.00e+00	2.09e-15
22:	2.00e+00	2.06e-15
23:	0.00e+00	1.39e-17
24:	5.00e-01	0.00e+00
25:	2.66e-15	0.00e+00
26:	-5.00e-01	-5.00e-01
27:	-4.00e+00	6.94e-18
28:	-5.00e-01	-5.00e-01
29:	5.54e-15	8.35e-15
30:	5.00e-01	8.35e-15
Prec 0.0
New op index: 24
Current grad: 911.060966549954
Prec 0.0
New op index: 13
Current grad: 17.232890933046377
Prec 0.0
New op index: 30
Current grad: 191.54464149893383
Prec 0.0
New op index: 26
Current grad: 408.1749475602577
Prec 0.0
New op index: 27
Current grad: 20.40153986965854
Prec 0.0
New op index: 16
Current grad: 10.441451602871926
Prec 0.0
New op index: 25
Current grad: 248.46782003832465
Prec 0.0
New op index: 7
Current grad: 7.218972644977903
Prec 0.0
New op index: 22
Current grad: 17.84664997280595
Prec 0.0
New op index: 30
Current grad: 59.73329737270687
Prec 0.0
New op index: 24
Current grad: 88.693520244124
Prec 0.0
New op index: 1
Current grad: 1.4787435759018948
Prec 0.0
New op index: 4
Current grad: 2.5906061367268145
Prec 0.0
New op index: 24
Current grad: 0.0001632340482859122
Precision cutoff reached.
-----Beginning pprint-----
/:
	Attributes:
		ProcessId: 23769465
	2025-10-27_16-58-23-23769465:
		Attributes:
			HamiltonianType: ZeroChargePenalty
			Last-Modified: 2025-10-27_16-58-23
			ProcessId: 23769465
			SimulatorType: Statevector
			SolverName: AdaptVQE
			SystemName: FreeWilson2D
			n_x: 2
			n_y: 2
			r: 1.0
		AdaptOptions:
			Attributes:
				gradient_hamiltonian_type: HamiltonianType.ZeroChargePenalty
				max_depth: 40
				prec_cutoff: 0.001
				precision: 0
		AnsatzOperatorDerivatives: Dataset (dtype=float64, shape=(4, 19, 31), maxshape=(4, None, 31))
			Attributes:
				DIMENSION_LABELS: ['mass' 'AnsatzOperatorAxis' 'AnsatzPoolOperatorAxis']
				NDataDims: 2
		AnsatzOperatorSecondDerivatives: Dataset (dtype=float64, shape=(4, 19, 31), maxshape=(4, None, 31))
			Attributes:
				DIMENSION_LABELS: ['mass' 'AnsatzOperatorAxis' 'AnsatzPoolOperatorAxis']
				NDataDims: 2
		AnsatzOperators: Dataset (dtype=int64, shape=(4, 18), maxshape=(4, None))
			Attributes:
				DIMENSION_LABELS: ['mass' 'AnsatzOperatorAxis']
				NDataDims: 1
		Circuit:
			Attributes:
				Ansatz: HardwareAdaptAnsatz1
			AnsatzOptions:
				Attributes:
					num_qubits: 8
		CircuitParameters: Dataset (dtype=float64, shape=(4, 26310, 18), maxshape=(4, None, None))
			Attributes:
				DIMENSION_LABELS: ['mass' 'IterationAxis' 'CircuitParameterAxis']
				NDataDims: 2
		Data:
			Attributes:
			evs:
				Attributes:
				Hamiltonian: Dataset (dtype=float64, shape=(4, 26310), maxshape=(4, None))
					Attributes:
						DIMENSION_LABELS: ['mass' 'IterationAxis']
						NDataDims: 1
			stds:
				Attributes:
				Hamiltonian: Dataset (dtype=float64, shape=(4, 26310), maxshape=(4, None))
					Attributes:
						DIMENSION_LABELS: ['mass' 'IterationAxis']
						NDataDims: 1
		EstimatorOptions:
			Attributes:
				_VERSION: 2
				default_precision: Unset
				default_shots: Unset
				experimental: Unset
				max_execution_time: Unset
				resilience_level: Unset
				seed_estimator: 23769465
			dynamical_decoupling:
				Attributes:
					enable: Unset
					extra_slack_distribution: Unset
					scheduling_method: Unset
					sequence_type: Unset
					skip_reset_qubits: Unset
			environment:
				Attributes:
					callback: None
					job_tags: None
					log_level: WARNING
					private: False
			execution:
				Attributes:
					init_qubits: Unset
					rep_delay: Unset
			resilience:
				Attributes:
					layer_noise_model: Unset
					measure_mitigation: Unset
					pec_mitigation: Unset
					zne_mitigation: Unset
				layer_noise_learning:
					Attributes:
						layer_pair_depths: Unset
						max_layers_to_learn: Unset
						num_randomizations: Unset
						shots_per_randomization: Unset
				measure_noise_learning:
					Attributes:
						num_randomizations: Unset
						shots_per_randomization: Unset
				pec:
					Attributes:
						max_overhead: Unset
						noise_gain: Unset
				zne:
					Attributes:
						amplifier: Unset
						extrapolated_noise_factors: Unset
						extrapolator: Unset
						noise_factors: Unset
			simulator:
				Attributes:
					basis_gates: Unset
					coupling_map: Unset
					noise_model: Unset
					seed_simulator: Unset
			twirling:
				Attributes:
					enable_gates: Unset
					enable_measure: Unset
					num_randomizations: Unset
					shots_per_randomization: Unset
					strategy: Unset
		MetaData:
			Attributes:
			circuit_metadata: Dataset (dtype=object, shape=(4, 26310), maxshape=(4, None))
				Attributes:
					DIMENSION_LABELS: ['mass' 'IterationAxis']
					NDataDims: 1
			target_precision: Dataset (dtype=float64, shape=(4, 26310), maxshape=(4, None))
				Attributes:
					DIMENSION_LABELS: ['mass' 'IterationAxis']
					NDataDims: 1
			version: Dataset (dtype=int64, shape=(4, 26310), maxshape=(4, None))
				Attributes:
					DIMENSION_LABELS: ['mass' 'IterationAxis']
					NDataDims: 1
		NIterations: Dataset (dtype=int64, shape=(4,), maxshape=(4,))
			Attributes:
				DIMENSION_LABELS: ['mass']
				NDataDims: 0
		OptimizerOptions:
			Attributes:
				bounds: None
				callback: None
				constraints: []
				method: cobyqa
				tol: None
				x0Seed: 23769465
			options:
				Attributes:
					disp: 0
					maxiter: 20000
		PresetPassManagerOptions:
			Attributes:
		SimulatorOptions:
			Attributes:
		StartIterations: Dataset (dtype=int64, shape=(4, 18), maxshape=(4, None))
			Attributes:
				DIMENSION_LABELS: ['mass' 'AnsatzOperatorAxis']
				NDataDims: 1
		VersionInfo:
			Attributes:
				QiskitAerVersion: 0.17.1
				QiskitIBMRuntimeVersion: 0.41.1
				QiskitVersion: 2.1.2
		mass: Dataset (dtype=float64, shape=(4,), maxshape=(4,))
			Attributes:
-----Ending pprint-----
End 2025-10-27 17:10:21 | 23769465 MyPyJob | node073 | /home/s6nidich_hpc/PycharmProjects/QC-MasterThesis 

