Start 2026-07-30 21:12:05 | 26764771 MyPyJob | lmnode193 | /home/s6nidich_hpc/PycharmProjects/QC-MasterThesis 

Used python interpreter:
/home/s6nidich_hpc/PycharmProjects/QC-MasterThesis/.venv_intel_3_12_3/bin/python
Python version:
Python 3.12.3

Currently Loaded Modules:
  1) GCCcore/14.3.0                    8) Tcl/9.0.1-GCCcore-14.3.0
  2) zlib/1.3.1-GCCcore-14.3.0         9) SQLite/3.50.1-GCCcore-14.3.0
  3) binutils/2.44-GCCcore-14.3.0     10) XZ/5.8.1-GCCcore-14.3.0
  4) bzip2/1.0.8-GCCcore-14.3.0       11) libffi/3.5.1-GCCcore-14.3.0
  5) ncurses/6.5-GCCcore-14.3.0       12) OpenSSL/3
  6) libreadline/8.2-GCCcore-14.3.0   13) Python/3.13.5-GCCcore-14.3.0
  7) libtommath/1.3.0-GCCcore-14.3.0

 

Start of Program:

-----Beginning pprint-----
/:
	Attributes:
-----Ending pprint-----
Calculating energies for FreeWilson2D(N_x=2, N_y=2, mass=-6.000, r=1.000)
h_im: 0.0
Lets GO!
New op index: 66	$R_{ZIIIIIII}$[0, 1, 2, 3, 4, 5, 6, 7]
Current grad: 181951.99999999985
[ 3.14159265 -1.57079633  3.14159265 ...  3.14159265 -1.57079633
  3.14159265] 
 [0. 2. 0. ... 0. 2. 0.]
Optimization terminated successfully    (Exit mode 0)
            Current function value: 200.49999999999983
            Iterations: 1
            Function evaluations: 2
            Gradient evaluations: 1
New op index: 32832	$R_{ZIIIIIII}$[0, 1, 2, 3, 4, 5, 6, 7]
Current grad: 182853.95981701056
[ 1.57079633  1.57079633  1.57079633 ...  3.14159265 -1.57079633
  3.14159265] 
 [1.99990001e+00 1.99990001e-02 4.99975002e+01 ... 0.00000000e+00
 2.00000000e+00 0.00000000e+00]
Optimization terminated successfully    (Exit mode 0)
            Current function value: 200.49999999999946
            Iterations: 1
            Function evaluations: 3
            Gradient evaluations: 1
New op index: 32832	$R_{ZIIIIIII}$[0, 1, 2, 3, 4, 5, 6, 7]
Current grad: 183499.71722827695
[-1.57079633  1.57079633 -1.57079633 ...  0.         -1.57079633
  0.        ] 
 [3.99960004e-02 1.99960004e+00 9.99900010e-01 ... 4.02455846e-16
 2.00000000e+00 1.38777878e-17]
Adding the same operator twice is not sensible, terminating.
Calculating energies for FreeWilson2D(N_x=2, N_y=2, mass=-5.111, r=1.000)
h_im: 0.0
Lets GO!
[2026-07-30T21:22:47.305] error: *** JOB 26764771 ON lmnode193 CANCELLED AT 2026-07-30T21:22:47 DUE to SIGNAL Terminated ***
