Start 2026-07-30 12:13:47 | 26737068 MyPyJob | lmnode194 | /home/s6nidich_hpc/PycharmProjects/QC-MasterThesis 

Used python interpreter:
/home/s6nidich_hpc/PycharmProjects/QC-MasterThesis/.venv_intel_3_12_3/bin/python
Python version:
Python 3.12.3

Currently Loaded Modules:
  1) GCCcore/14.3.0                    8) Tcl/9.0.1-GCCcore-14.3.0
  2) zlib/1.3.1-GCCcore-14.3.0         9) SQLite/3.50.1-GCCcore-14.3.0
  3) binutils/2.44-GCCcore-14.3.0     10) XZ/5.8.1-GCCcore-14.3.0
  4) bzip2/1.0.8-GCCcore-14.3.0       11) libffi/3.5.1-GCCcore-14.3.0
  5) ncurses/6.5-GCCcore-14.3.0       12) OpenSSL/3
  6) libreadline/8.2-GCCcore-14.3.0   13) Python/3.13.5-GCCcore-14.3.0
  7) libtommath/1.3.0-GCCcore-14.3.0

 

Start of Program:

-----Beginning pprint-----
/:
	Attributes:
-----Ending pprint-----
Calculating energies for FreeWilson2D(N_x=2, N_y=2, mass=-6.000, r=1.000)
h_im: 0.0
========================================
(3, 1)
[200.5 200.5 200.5]
(3,)
========================================
========================================
(3, 1)
[200.5        198.76794919 202.23205081]
(3,)
========================================
========================================
(3, 1)
[200.5 200.5 200.5]
(3,)
========================================
========================================
(3, 1)
[200.5 200.5 200.5]
(3,)
========================================
========================================
(3, 1)
[200.5        202.66506351 198.33493649]
(3,)
========================================
========================================
(3, 1)
[200.5 200.5 200.5]
(3,)
========================================
========================================
(3, 1)
[200.5 200.5 200.5]
(3,)
========================================
========================================
(3, 1)
[200.5        198.33493649 202.66506351]
(3,)
========================================
========================================
(3, 1)
[200.5 200.5 200.5]
(3,)
========================================
========================================
(3, 1)
[200.5 200.5 200.5]
(3,)
========================================
========================================
(3, 1)
[200.5        201.48205081 198.01794919]
(3,)
========================================
========================================
(3, 1)
[200.5  199.75 199.75]
(3,)
========================================
========================================
(3, 1)
[200.5 200.5 200.5]
(3,)
========================================
========================================
(3, 1)
[200.5        201.48205081 198.01794919]
(3,)
========================================
========================================
(3, 1)
[200.5  199.75 199.75]
(3,)
========================================
========================================
(3, 1)
[200.5 200.5 200.5]
(3,)
========================================
========================================
(3, 1)
[200.5        198.33493649 202.66506351]
(3,)
========================================
========================================
(3, 1)
[200.5 200.5 200.5]
(3,)
========================================
========================================
(3, 1)
[200.5 200.5 200.5]
(3,)
========================================
========================================
(3, 1)
[200.5        202.66506351 198.33493649]
(3,)
========================================
========================================
(3, 1)
[200.5 200.5 200.5]
(3,)
========================================
========================================
(3, 1)
[200.5 200.5 200.5]
(3,)
========================================
========================================
(3, 1)
[200.5        198.76794919 202.23205081]
(3,)
========================================
========================================
(3, 1)
[200.5 200.5 200.5]
(3,)
========================================
========================================
(3, 1)
[200.5 200.5 200.5]
(3,)
========================================
========================================
(3, 1)
[200.5 200.5 200.5]
(3,)
========================================
========================================
(3, 1)
[200.5 200.5 200.5]
(3,)
========================================
========================================
(3, 1)
[200.5 200.5 200.5]
(3,)
========================================
========================================
(3, 1)
[200.5 200.5 200.5]
(3,)
========================================
========================================
(3, 1)
[200.5 200.5 200.5]
(3,)
========================================
========================================
(3, 1)
[200.5 200.5 200.5]
(3,)
========================================
========================================
(3, 1)
[200.5  199.75 199.75]
(3,)
========================================
========================================
(3, 1)
[200.5  199.75 199.75]
(3,)
========================================
========================================
(3, 1)
[200.5 200.5 200.5]
(3,)
========================================
========================================
(3, 1)
[200.5 200.5 200.5]
(3,)
========================================
========================================
(3, 1)
[200.5 200.5 200.5]
(3,)
========================================
========================================
(3, 1)
[200.5 200.5 200.5]
(3,)
========================================
========================================
(3, 1)
[200.5  199.75 199.75]
(3,)
========================================
========================================
(3, 1)
[200.5  199.75 199.75]
(3,)
========================================
========================================
(3, 1)
[200.5 200.5 200.5]
(3,)
========================================
========================================
(3, 1)
[200.5 200.5 200.5]
(3,)
========================================
========================================
(3, 1)
[200.5 200.5 200.5]
(3,)
========================================
========================================
(3, 1)
[200.5 200.5 200.5]
(3,)
========================================
========================================
(3, 1)
[200.5 200.5 200.5]
(3,)
========================================
========================================
(3, 1)
[200.5 200.5 200.5]
(3,)
========================================
New op index: 10	$R_Y$[3]
Current grad: 17.999999999999986
242.49999999999991 
 [42.         44.         42.         42.         44.49999998 42.
 42.         44.49999998 42.         42.         44.56155277 42.
 42.         44.56155277 42.         42.         44.49999999 42.
 42.         44.49999999 42.         42.         44.         42.
 42.         42.         42.         42.         42.         42.
 42.         42.         42.         42.         42.         42.
 42.         42.         42.         42.         42.         42.
 42.         42.         42.        ]
Optimization terminated successfully    (Exit mode 0)
            Current function value: 197.93844723156963
            Iterations: 1
            Function evaluations: 2
            Gradient evaluations: 1
Traceback (most recent call last):
  File "/home/s6nidich_hpc/PycharmProjects/QC-MasterThesis/main.py", line 261, in <module>
    run_adapt_vqe(f)
  File "/home/s6nidich_hpc/PycharmProjects/QC-MasterThesis/main.py", line 59, in run_adapt_vqe
    my_adapt_vqe.run({HamiltonianParameters.XExtend: [2],
  File "/home/s6nidich_hpc/PycharmProjects/QC-MasterThesis/solver/adapt_vqe.py", line 156, in run
    temp_params[:, pi] = temp1[:, j]
    ~~~~~~~~~~~^^^^^^^
ValueError: could not broadcast input array from shape (3,) into shape (9,)
End 2026-07-30 12:13:50 | 26737068 MyPyJob | lmnode194 | /home/s6nidich_hpc/PycharmProjects/QC-MasterThesis 

