Start 2025-11-19 11:28:00 | 23956503 MyPyJob | lmnode208 | /home/s6nidich_hpc/PycharmProjects/QC-MasterThesis 

Used python interpreter:
/home/s6nidich_hpc/PycharmProjects/QC-MasterThesis/.venv_intel_3_12_3/bin/python
Python version:
Python 3.12.3

Currently Loaded Modules:
  1) GCCcore/13.3.0                   7) Tcl/8.6.14-GCCcore-13.3.0
  2) zlib/1.3.1-GCCcore-13.3.0        8) SQLite/3.45.3-GCCcore-13.3.0
  3) binutils/2.42-GCCcore-13.3.0     9) XZ/5.4.5-GCCcore-13.3.0
  4) bzip2/1.0.8-GCCcore-13.3.0      10) libffi/3.4.5-GCCcore-13.3.0
  5) ncurses/6.5-GCCcore-13.3.0      11) OpenSSL/3
  6) libreadline/8.2-GCCcore-13.3.0  12) Python/3.12.3-GCCcore-13.3.0

 

Start of Program:

-----Beginning pprint-----
/:
	Attributes:
-----Ending pprint-----
Calculating energies for FreeWilson2D(N_x=2, N_y=2, mass=-6.000, r=1.000)
h_im: 0.0
New op index: 26	$R_{YX+XY}$[0, 1]
Current grad: 1.1213252548714081e-14
0:	0.00e+00	-5.00e+01
1:	0.00e+00	-5.00e+01
2:	0.00e+00	0.00e+00
3:	0.00e+00	-5.00e+01
4:	0.00e+00	-5.00e+01
5:	0.00e+00	0.00e+00
6:	0.00e+00	-5.00e+01
7:	0.00e+00	-5.00e+01
8:	0.00e+00	0.00e+00
9:	0.00e+00	-5.00e+01
10:	0.00e+00	-5.00e+01
11:	0.00e+00	0.00e+00
12:	0.00e+00	-5.00e+01
13:	0.00e+00	-5.00e+01
14:	0.00e+00	0.00e+00
15:	0.00e+00	-5.00e+01
16:	0.00e+00	-5.00e+01
17:	0.00e+00	0.00e+00
18:	0.00e+00	-5.00e+01
19:	0.00e+00	-5.00e+01
20:	0.00e+00	0.00e+00
21:	0.00e+00	-5.00e+01
22:	0.00e+00	-5.00e+01
23:	0.00e+00	0.00e+00
24:	0.00e+00	0.00e+00
25:	0.00e+00	0.00e+00
26:	-1.11e-14	0.00e+00
27:	0.00e+00	0.00e+00
28:	0.00e+00	0.00e+00
29:	0.00e+00	-4.00e+02
30:	-1.11e-16	-4.00e+02
31:	0.00e+00	0.00e+00
32:	0.00e+00	0.00e+00
33:	0.00e+00	0.00e+00
34:	0.00e+00	0.00e+00
35:	0.00e+00	0.00e+00
36:	0.00e+00	0.00e+00
37:	0.00e+00	-4.00e+02
38:	0.00e+00	-4.00e+02
39:	0.00e+00	0.00e+00
40:	0.00e+00	0.00e+00
41:	0.00e+00	0.00e+00
42:	0.00e+00	0.00e+00
43:	0.00e+00	0.00e+00
44:	0.00e+00	2.22e-16
45:	0.00e+00	-4.00e+02
46:	0.00e+00	-4.00e+02
47:	0.00e+00	2.22e-16
48:	0.00e+00	0.00e+00
49:	0.00e+00	0.00e+00
50:	0.00e+00	0.00e+00
51:	0.00e+00	0.00e+00
Selecting maximum: 0 with second gradient of -49.999999999999964
New op index: 27	$R_{YX-XY}$[0, 1]
Current grad: 10.000000000000004
New op index: 30	$R_{YX+XY}$[1, 2]
Current grad: 1.0000734140043959
New op index: 0	$R_X$[0]
Current grad: 0.007257296851184239
Parameter value cutoff reached.
Calculating energies for FreeWilson2D(N_x=2, N_y=2, mass=-5.837, r=1.000)
h_im: 0.0
New op index: 26	$R_{YX+XY}$[0, 1]
Current grad: 1.1213252548714081e-14
0:	0.00e+00	-5.00e+01
1:	0.00e+00	-5.00e+01
2:	0.00e+00	0.00e+00
3:	0.00e+00	-5.00e+01
4:	0.00e+00	-5.00e+01
5:	0.00e+00	0.00e+00
6:	0.00e+00	-5.00e+01
7:	0.00e+00	-5.00e+01
8:	0.00e+00	0.00e+00
9:	0.00e+00	-5.00e+01
10:	0.00e+00	-5.00e+01
11:	0.00e+00	0.00e+00
12:	0.00e+00	-5.00e+01
13:	0.00e+00	-5.00e+01
14:	0.00e+00	0.00e+00
15:	0.00e+00	-5.00e+01
16:	0.00e+00	-5.00e+01
17:	0.00e+00	0.00e+00
18:	0.00e+00	-5.00e+01
19:	0.00e+00	-5.00e+01
20:	0.00e+00	0.00e+00
21:	0.00e+00	-5.00e+01
22:	0.00e+00	-5.00e+01
23:	0.00e+00	0.00e+00
24:	0.00e+00	0.00e+00
25:	0.00e+00	0.00e+00
26:	-1.11e-14	0.00e+00
27:	0.00e+00	0.00e+00
28:	0.00e+00	0.00e+00
29:	0.00e+00	-4.00e+02
30:	-1.11e-16	-4.00e+02
31:	0.00e+00	0.00e+00
32:	0.00e+00	0.00e+00
33:	0.00e+00	0.00e+00
34:	0.00e+00	0.00e+00
35:	0.00e+00	0.00e+00
36:	0.00e+00	0.00e+00
37:	0.00e+00	-4.00e+02
38:	0.00e+00	-4.00e+02
39:	0.00e+00	0.00e+00
40:	0.00e+00	0.00e+00
41:	0.00e+00	0.00e+00
42:	0.00e+00	0.00e+00
43:	0.00e+00	0.00e+00
44:	0.00e+00	2.13e-16
45:	0.00e+00	-4.00e+02
46:	0.00e+00	-4.00e+02
47:	0.00e+00	2.13e-16
48:	0.00e+00	0.00e+00
49:	0.00e+00	0.00e+00
50:	0.00e+00	0.00e+00
51:	0.00e+00	0.00e+00
Selecting maximum: 0 with second gradient of -49.999999999999964
New op index: 27	$R_{YX-XY}$[0, 1]
Current grad: 9.673469387755107
New op index: 30	$R_{YX+XY}$[1, 2]
Current grad: 1.0001137417729598
New op index: 30	$R_{YX+XY}$[1, 2]
Current grad: 0.0024173504846039173
Adding the same operator twice is not sensible, terminating.
Calculating energies for FreeWilson2D(N_x=2, N_y=2, mass=-5.673, r=1.000)
h_im: 0.0
New op index: 26	$R_{YX+XY}$[0, 1]
Current grad: 1.1213252548714081e-14
0:	0.00e+00	-5.00e+01
1:	0.00e+00	-5.00e+01
2:	0.00e+00	0.00e+00
3:	0.00e+00	-5.00e+01
4:	0.00e+00	-5.00e+01
5:	0.00e+00	0.00e+00
6:	0.00e+00	-5.00e+01
7:	0.00e+00	-5.00e+01
8:	0.00e+00	0.00e+00
9:	0.00e+00	-5.00e+01
10:	0.00e+00	-5.00e+01
11:	0.00e+00	0.00e+00
12:	0.00e+00	-5.00e+01
13:	0.00e+00	-5.00e+01
14:	0.00e+00	0.00e+00
15:	0.00e+00	-5.00e+01
16:	0.00e+00	-5.00e+01
17:	0.00e+00	0.00e+00
18:	0.00e+00	-5.00e+01
19:	0.00e+00	-5.00e+01
20:	0.00e+00	0.00e+00
21:	0.00e+00	-5.00e+01
22:	0.00e+00	-5.00e+01
23:	0.00e+00	0.00e+00
24:	0.00e+00	0.00e+00
25:	0.00e+00	0.00e+00
26:	-1.11e-14	0.00e+00
27:	0.00e+00	0.00e+00
28:	0.00e+00	0.00e+00
29:	0.00e+00	-4.00e+02
30:	-1.11e-16	-4.00e+02
31:	0.00e+00	0.00e+00
32:	0.00e+00	0.00e+00
33:	0.00e+00	0.00e+00
34:	0.00e+00	0.00e+00
35:	0.00e+00	0.00e+00
36:	0.00e+00	0.00e+00
37:	0.00e+00	-4.00e+02
38:	0.00e+00	-4.00e+02
39:	0.00e+00	0.00e+00
40:	0.00e+00	0.00e+00
41:	0.00e+00	0.00e+00
42:	0.00e+00	0.00e+00
43:	0.00e+00	0.00e+00
44:	0.00e+00	2.04e-16
45:	0.00e+00	-4.00e+02
46:	0.00e+00	-4.00e+02
47:	0.00e+00	2.04e-16
48:	0.00e+00	0.00e+00
49:	0.00e+00	0.00e+00
50:	0.00e+00	0.00e+00
51:	0.00e+00	0.00e+00
Selecting maximum: 0 with second gradient of -49.999999999999964
New op index: 27	$R_{YX-XY}$[0, 1]
Current grad: 9.346938775510209
New op index: 30	$R_{YX+XY}$[1, 2]
Current grad: 1.0000169182515597
New op index: 42	$R_{YX+XY}$[4, 5]
Current grad: 800.0001369473663
New op index: 46	$R_{YX+XY}$[5, 6]
Current grad: 2.004908756299096
New op index: 30	$R_{YX+XY}$[1, 2]
Current grad: 0.0003299090981874016
Precision cutoff reached.
Calculating energies for FreeWilson2D(N_x=2, N_y=2, mass=-5.510, r=1.000)
h_im: 0.0
New op index: 26	$R_{YX+XY}$[0, 1]
Current grad: 1.1213252548714081e-14
0:	0.00e+00	-5.00e+01
1:	0.00e+00	-5.00e+01
2:	0.00e+00	0.00e+00
3:	0.00e+00	-5.00e+01
4:	0.00e+00	-5.00e+01
5:	0.00e+00	0.00e+00
6:	0.00e+00	-5.00e+01
7:	0.00e+00	-5.00e+01
8:	0.00e+00	0.00e+00
9:	0.00e+00	-5.00e+01
10:	0.00e+00	-5.00e+01
11:	0.00e+00	0.00e+00
12:	0.00e+00	-5.00e+01
13:	0.00e+00	-5.00e+01
14:	0.00e+00	0.00e+00
15:	0.00e+00	-5.00e+01
16:	0.00e+00	-5.00e+01
17:	0.00e+00	0.00e+00
18:	0.00e+00	-5.00e+01
19:	0.00e+00	-5.00e+01
20:	0.00e+00	0.00e+00
21:	0.00e+00	-5.00e+01
22:	0.00e+00	-5.00e+01
23:	0.00e+00	0.00e+00
24:	0.00e+00	0.00e+00
25:	0.00e+00	0.00e+00
26:	-1.11e-14	0.00e+00
27:	0.00e+00	0.00e+00
28:	0.00e+00	0.00e+00
29:	0.00e+00	-4.00e+02
30:	-1.11e-16	-4.00e+02
31:	0.00e+00	0.00e+00
32:	0.00e+00	0.00e+00
33:	0.00e+00	0.00e+00
34:	0.00e+00	0.00e+00
35:	0.00e+00	0.00e+00
36:	0.00e+00	0.00e+00
37:	0.00e+00	-4.00e+02
38:	0.00e+00	-4.00e+02
39:	0.00e+00	0.00e+00
40:	0.00e+00	0.00e+00
41:	0.00e+00	0.00e+00
42:	0.00e+00	0.00e+00
43:	0.00e+00	0.00e+00
44:	0.00e+00	1.95e-16
45:	0.00e+00	-4.00e+02
46:	0.00e+00	-4.00e+02
47:	0.00e+00	1.95e-16
48:	0.00e+00	0.00e+00
49:	0.00e+00	0.00e+00
50:	0.00e+00	0.00e+00
51:	0.00e+00	0.00e+00
Selecting maximum: 0 with second gradient of -49.999999999999964
New op index: 27	$R_{YX-XY}$[0, 1]
Current grad: 9.020408163265312
New op index: 30	$R_{YX+XY}$[1, 2]
Current grad: 1.0025027037229675
New op index: 0	$R_X$[0]
Current grad: 2.625872972231381e-05
Precision cutoff reached.
Calculating energies for FreeWilson2D(N_x=2, N_y=2, mass=-5.347, r=1.000)
h_im: 0.0
New op index: 26	$R_{YX+XY}$[0, 1]
Current grad: 1.1213252548714081e-14
0:	0.00e+00	-5.00e+01
1:	0.00e+00	-5.00e+01
2:	0.00e+00	0.00e+00
3:	0.00e+00	-5.00e+01
4:	0.00e+00	-5.00e+01
5:	0.00e+00	0.00e+00
6:	0.00e+00	-5.00e+01
7:	0.00e+00	-5.00e+01
8:	0.00e+00	0.00e+00
9:	0.00e+00	-5.00e+01
10:	0.00e+00	-5.00e+01
11:	0.00e+00	0.00e+00
12:	0.00e+00	-5.00e+01
13:	0.00e+00	-5.00e+01
14:	0.00e+00	0.00e+00
15:	0.00e+00	-5.00e+01
16:	0.00e+00	-5.00e+01
17:	0.00e+00	0.00e+00
18:	0.00e+00	-5.00e+01
19:	0.00e+00	-5.00e+01
20:	0.00e+00	0.00e+00
21:	0.00e+00	-5.00e+01
22:	0.00e+00	-5.00e+01
23:	0.00e+00	0.00e+00
24:	0.00e+00	0.00e+00
25:	0.00e+00	0.00e+00
26:	-1.11e-14	0.00e+00
27:	0.00e+00	0.00e+00
28:	0.00e+00	0.00e+00
29:	0.00e+00	-4.00e+02
30:	-1.11e-16	-4.00e+02
31:	0.00e+00	0.00e+00
32:	0.00e+00	0.00e+00
33:	0.00e+00	0.00e+00
34:	0.00e+00	0.00e+00
35:	0.00e+00	0.00e+00
36:	0.00e+00	0.00e+00
37:	0.00e+00	-4.00e+02
38:	0.00e+00	-4.00e+02
39:	0.00e+00	0.00e+00
40:	0.00e+00	0.00e+00
41:	0.00e+00	0.00e+00
42:	0.00e+00	0.00e+00
43:	0.00e+00	0.00e+00
44:	0.00e+00	1.86e-16
45:	0.00e+00	-4.00e+02
46:	0.00e+00	-4.00e+02
47:	0.00e+00	1.86e-16
48:	0.00e+00	0.00e+00
49:	0.00e+00	0.00e+00
50:	0.00e+00	0.00e+00
51:	0.00e+00	0.00e+00
Selecting maximum: 0 with second gradient of -49.999999999999964
New op index: 27	$R_{YX-XY}$[0, 1]
Current grad: 8.693877551020414
New op index: 30	$R_{YX+XY}$[1, 2]
Current grad: 1.000150795336735
New op index: 30	$R_{YX+XY}$[1, 2]
Current grad: 0.010522814044409726
Adding the same operator twice is not sensible, terminating.
Calculating energies for FreeWilson2D(N_x=2, N_y=2, mass=-5.184, r=1.000)
h_im: 0.0
New op index: 26	$R_{YX+XY}$[0, 1]
Current grad: 1.1213252548714081e-14
0:	0.00e+00	-5.00e+01
1:	0.00e+00	-5.00e+01
2:	0.00e+00	0.00e+00
3:	0.00e+00	-5.00e+01
4:	0.00e+00	-5.00e+01
5:	0.00e+00	0.00e+00
6:	0.00e+00	-5.00e+01
7:	0.00e+00	-5.00e+01
8:	0.00e+00	0.00e+00
9:	0.00e+00	-5.00e+01
10:	0.00e+00	-5.00e+01
11:	0.00e+00	0.00e+00
12:	0.00e+00	-5.00e+01
13:	0.00e+00	-5.00e+01
14:	0.00e+00	0.00e+00
15:	0.00e+00	-5.00e+01
16:	0.00e+00	-5.00e+01
17:	0.00e+00	0.00e+00
18:	0.00e+00	-5.00e+01
19:	0.00e+00	-5.00e+01
20:	0.00e+00	0.00e+00
21:	0.00e+00	-5.00e+01
22:	0.00e+00	-5.00e+01
23:	0.00e+00	0.00e+00
24:	0.00e+00	0.00e+00
25:	0.00e+00	0.00e+00
26:	-1.11e-14	0.00e+00
27:	0.00e+00	0.00e+00
28:	0.00e+00	0.00e+00
29:	0.00e+00	-4.00e+02
30:	-1.11e-16	-4.00e+02
31:	0.00e+00	0.00e+00
32:	0.00e+00	0.00e+00
33:	0.00e+00	0.00e+00
34:	0.00e+00	0.00e+00
35:	0.00e+00	0.00e+00
36:	0.00e+00	0.00e+00
37:	0.00e+00	-4.00e+02
38:	0.00e+00	-4.00e+02
39:	0.00e+00	0.00e+00
40:	0.00e+00	0.00e+00
41:	0.00e+00	0.00e+00
42:	0.00e+00	0.00e+00
43:	0.00e+00	0.00e+00
44:	0.00e+00	1.77e-16
45:	0.00e+00	-4.00e+02
46:	0.00e+00	-4.00e+02
47:	0.00e+00	1.77e-16
48:	0.00e+00	0.00e+00
49:	0.00e+00	0.00e+00
50:	0.00e+00	0.00e+00
51:	0.00e+00	0.00e+00
Selecting maximum: 0 with second gradient of -49.999999999999964
New op index: 27	$R_{YX-XY}$[0, 1]
Current grad: 8.367346938775515
New op index: 30	$R_{YX+XY}$[1, 2]
Current grad: 1.0010873951760888
New op index: 30	$R_{YX+XY}$[1, 2]
Current grad: 9.671435496152867e-05
Precision cutoff reached.
Calculating energies for FreeWilson2D(N_x=2, N_y=2, mass=-5.020, r=1.000)
h_im: 0.0
New op index: 26	$R_{YX+XY}$[0, 1]
Current grad: 1.1213252548714081e-14
0:	0.00e+00	-5.00e+01
1:	0.00e+00	-5.00e+01
2:	0.00e+00	0.00e+00
3:	0.00e+00	-5.00e+01
4:	0.00e+00	-5.00e+01
5:	0.00e+00	0.00e+00
6:	0.00e+00	-5.00e+01
7:	0.00e+00	-5.00e+01
8:	0.00e+00	0.00e+00
9:	0.00e+00	-5.00e+01
10:	0.00e+00	-5.00e+01
11:	0.00e+00	0.00e+00
12:	0.00e+00	-5.00e+01
13:	0.00e+00	-5.00e+01
14:	0.00e+00	0.00e+00
15:	0.00e+00	-5.00e+01
16:	0.00e+00	-5.00e+01
17:	0.00e+00	0.00e+00
18:	0.00e+00	-5.00e+01
19:	0.00e+00	-5.00e+01
20:	0.00e+00	0.00e+00
21:	0.00e+00	-5.00e+01
22:	0.00e+00	-5.00e+01
23:	0.00e+00	0.00e+00
24:	0.00e+00	0.00e+00
25:	0.00e+00	0.00e+00
26:	-1.11e-14	0.00e+00
27:	0.00e+00	0.00e+00
28:	0.00e+00	0.00e+00
29:	0.00e+00	-4.00e+02
30:	-1.11e-16	-4.00e+02
31:	0.00e+00	0.00e+00
32:	0.00e+00	0.00e+00
33:	0.00e+00	0.00e+00
34:	0.00e+00	0.00e+00
35:	0.00e+00	0.00e+00
36:	0.00e+00	0.00e+00
37:	0.00e+00	-4.00e+02
38:	0.00e+00	-4.00e+02
39:	0.00e+00	0.00e+00
40:	0.00e+00	0.00e+00
41:	0.00e+00	0.00e+00
42:	0.00e+00	0.00e+00
43:	0.00e+00	0.00e+00
44:	0.00e+00	1.68e-16
45:	0.00e+00	-4.00e+02
46:	0.00e+00	-4.00e+02
47:	0.00e+00	1.68e-16
48:	0.00e+00	0.00e+00
49:	0.00e+00	0.00e+00
50:	0.00e+00	0.00e+00
51:	0.00e+00	0.00e+00
Selecting maximum: 0 with second gradient of -49.999999999999964
New op index: 27	$R_{YX-XY}$[0, 1]
Current grad: 8.040816326530619
New op index: 30	$R_{YX+XY}$[1, 2]
Current grad: 1.0000346257899402
New op index: 30	$R_{YX+XY}$[1, 2]
Current grad: 0.00011167381653201252
Precision cutoff reached.
Calculating energies for FreeWilson2D(N_x=2, N_y=2, mass=-4.857, r=1.000)
h_im: 0.0
New op index: 26	$R_{YX+XY}$[0, 1]
Current grad: 1.1213252548714081e-14
0:	0.00e+00	-5.00e+01
1:	0.00e+00	-5.00e+01
2:	0.00e+00	0.00e+00
3:	0.00e+00	-5.00e+01
4:	0.00e+00	-5.00e+01
5:	0.00e+00	0.00e+00
6:	0.00e+00	-5.00e+01
7:	0.00e+00	-5.00e+01
8:	0.00e+00	0.00e+00
9:	0.00e+00	-5.00e+01
10:	0.00e+00	-5.00e+01
11:	0.00e+00	0.00e+00
12:	0.00e+00	-5.00e+01
13:	0.00e+00	-5.00e+01
14:	0.00e+00	0.00e+00
15:	0.00e+00	-5.00e+01
16:	0.00e+00	-5.00e+01
17:	0.00e+00	0.00e+00
18:	0.00e+00	-5.00e+01
19:	0.00e+00	-5.00e+01
20:	0.00e+00	0.00e+00
21:	0.00e+00	-5.00e+01
22:	0.00e+00	-5.00e+01
23:	0.00e+00	0.00e+00
24:	0.00e+00	0.00e+00
25:	0.00e+00	0.00e+00
26:	-1.11e-14	0.00e+00
27:	0.00e+00	0.00e+00
28:	0.00e+00	0.00e+00
29:	0.00e+00	-4.00e+02
30:	-1.11e-16	-4.00e+02
31:	0.00e+00	0.00e+00
32:	0.00e+00	0.00e+00
33:	0.00e+00	0.00e+00
34:	0.00e+00	0.00e+00
35:	0.00e+00	0.00e+00
36:	0.00e+00	0.00e+00
37:	0.00e+00	-4.00e+02
38:	0.00e+00	-4.00e+02
39:	0.00e+00	0.00e+00
40:	0.00e+00	0.00e+00
41:	0.00e+00	0.00e+00
42:	0.00e+00	0.00e+00
43:	0.00e+00	0.00e+00
44:	0.00e+00	1.59e-16
45:	0.00e+00	-4.00e+02
46:	0.00e+00	-4.00e+02
47:	0.00e+00	1.59e-16
48:	0.00e+00	0.00e+00
49:	0.00e+00	0.00e+00
50:	0.00e+00	0.00e+00
51:	0.00e+00	0.00e+00
Selecting maximum: 0 with second gradient of -49.999999999999964
New op index: 27	$R_{YX-XY}$[0, 1]
Current grad: 7.714285714285722
New op index: 30	$R_{YX+XY}$[1, 2]
Current grad: 1.0004746600811716
New op index: 42	$R_{YX+XY}$[4, 5]
Current grad: 800.0000118875241
New op index: 46	$R_{YX+XY}$[5, 6]
Current grad: 2.000141992118983
New op index: 30	$R_{YX+XY}$[1, 2]
Current grad: 0.007918790507514267
Adding the same operator twice is not sensible, terminating.
Calculating energies for FreeWilson2D(N_x=2, N_y=2, mass=-4.694, r=1.000)
h_im: 0.0
New op index: 26	$R_{YX+XY}$[0, 1]
Current grad: 1.1213252548714081e-14
0:	0.00e+00	-5.00e+01
1:	0.00e+00	-5.00e+01
2:	0.00e+00	0.00e+00
3:	0.00e+00	-5.00e+01
4:	0.00e+00	-5.00e+01
5:	0.00e+00	0.00e+00
6:	0.00e+00	-5.00e+01
7:	0.00e+00	-5.00e+01
8:	0.00e+00	0.00e+00
9:	0.00e+00	-5.00e+01
10:	0.00e+00	-5.00e+01
11:	0.00e+00	0.00e+00
12:	0.00e+00	-5.00e+01
13:	0.00e+00	-5.00e+01
14:	0.00e+00	0.00e+00
15:	0.00e+00	-5.00e+01
16:	0.00e+00	-5.00e+01
17:	0.00e+00	0.00e+00
18:	0.00e+00	-5.00e+01
19:	0.00e+00	-5.00e+01
20:	0.00e+00	0.00e+00
21:	0.00e+00	-5.00e+01
22:	0.00e+00	-5.00e+01
23:	0.00e+00	0.00e+00
24:	0.00e+00	0.00e+00
25:	0.00e+00	0.00e+00
26:	-1.11e-14	0.00e+00
27:	0.00e+00	0.00e+00
28:	0.00e+00	0.00e+00
29:	0.00e+00	-4.00e+02
30:	-1.11e-16	-4.00e+02
31:	0.00e+00	0.00e+00
32:	0.00e+00	0.00e+00
33:	0.00e+00	0.00e+00
34:	0.00e+00	0.00e+00
35:	0.00e+00	0.00e+00
36:	0.00e+00	0.00e+00
37:	0.00e+00	-4.00e+02
38:	0.00e+00	-4.00e+02
39:	0.00e+00	0.00e+00
40:	0.00e+00	0.00e+00
41:	0.00e+00	0.00e+00
42:	0.00e+00	0.00e+00
43:	0.00e+00	0.00e+00
44:	0.00e+00	1.50e-16
45:	0.00e+00	-4.00e+02
46:	0.00e+00	-4.00e+02
47:	0.00e+00	1.50e-16
48:	0.00e+00	0.00e+00
49:	0.00e+00	0.00e+00
50:	0.00e+00	0.00e+00
51:	0.00e+00	0.00e+00
Selecting maximum: 0 with second gradient of -49.999999999999964
New op index: 27	$R_{YX-XY}$[0, 1]
Current grad: 7.387755102040824
New op index: 30	$R_{YX+XY}$[1, 2]
Current grad: 1.003200395115046
New op index: 30	$R_{YX+XY}$[1, 2]
Current grad: 0.000558609206063853
Precision cutoff reached.
Calculating energies for FreeWilson2D(N_x=2, N_y=2, mass=-4.531, r=1.000)
h_im: 0.0
New op index: 26	$R_{YX+XY}$[0, 1]
Current grad: 1.1213252548714081e-14
0:	0.00e+00	-5.00e+01
1:	0.00e+00	-5.00e+01
2:	0.00e+00	0.00e+00
3:	0.00e+00	-5.00e+01
4:	0.00e+00	-5.00e+01
5:	0.00e+00	0.00e+00
6:	0.00e+00	-5.00e+01
7:	0.00e+00	-5.00e+01
8:	0.00e+00	0.00e+00
9:	0.00e+00	-5.00e+01
10:	0.00e+00	-5.00e+01
11:	0.00e+00	0.00e+00
12:	0.00e+00	-5.00e+01
13:	0.00e+00	-5.00e+01
14:	0.00e+00	0.00e+00
15:	0.00e+00	-5.00e+01
16:	0.00e+00	-5.00e+01
17:	0.00e+00	0.00e+00
18:	0.00e+00	-5.00e+01
19:	0.00e+00	-5.00e+01
20:	0.00e+00	0.00e+00
21:	0.00e+00	-5.00e+01
22:	0.00e+00	-5.00e+01
23:	0.00e+00	0.00e+00
24:	0.00e+00	0.00e+00
25:	0.00e+00	0.00e+00
26:	-1.11e-14	0.00e+00
27:	0.00e+00	0.00e+00
28:	0.00e+00	0.00e+00
29:	0.00e+00	-4.00e+02
30:	-1.11e-16	-4.00e+02
31:	0.00e+00	0.00e+00
32:	0.00e+00	0.00e+00
33:	0.00e+00	0.00e+00
34:	0.00e+00	0.00e+00
35:	0.00e+00	0.00e+00
36:	0.00e+00	0.00e+00
37:	0.00e+00	-4.00e+02
38:	0.00e+00	-4.00e+02
39:	0.00e+00	0.00e+00
40:	0.00e+00	0.00e+00
41:	0.00e+00	0.00e+00
42:	0.00e+00	0.00e+00
43:	0.00e+00	0.00e+00
44:	0.00e+00	1.40e-16
45:	0.00e+00	-4.00e+02
46:	0.00e+00	-4.00e+02
47:	0.00e+00	1.40e-16
48:	0.00e+00	0.00e+00
49:	0.00e+00	0.00e+00
50:	0.00e+00	0.00e+00
51:	0.00e+00	0.00e+00
Selecting maximum: 0 with second gradient of -49.999999999999964
New op index: 27	$R_{YX-XY}$[0, 1]
Current grad: 7.061224489795926
New op index: 30	$R_{YX+XY}$[1, 2]
Current grad: 1.0012758523646654
New op index: 30	$R_{YX+XY}$[1, 2]
Current grad: 0.001619878144600186
Adding the same operator twice is not sensible, terminating.
Calculating energies for FreeWilson2D(N_x=2, N_y=2, mass=-4.367, r=1.000)
h_im: 0.0
New op index: 26	$R_{YX+XY}$[0, 1]
Current grad: 1.1213252548714081e-14
0:	0.00e+00	-5.00e+01
1:	0.00e+00	-5.00e+01
2:	0.00e+00	0.00e+00
3:	0.00e+00	-5.00e+01
4:	0.00e+00	-5.00e+01
5:	0.00e+00	0.00e+00
6:	0.00e+00	-5.00e+01
7:	0.00e+00	-5.00e+01
8:	0.00e+00	0.00e+00
9:	0.00e+00	-5.00e+01
10:	0.00e+00	-5.00e+01
11:	0.00e+00	0.00e+00
12:	0.00e+00	-5.00e+01
13:	0.00e+00	-5.00e+01
14:	0.00e+00	0.00e+00
15:	0.00e+00	-5.00e+01
16:	0.00e+00	-5.00e+01
17:	0.00e+00	0.00e+00
18:	0.00e+00	-5.00e+01
19:	0.00e+00	-5.00e+01
20:	0.00e+00	0.00e+00
21:	0.00e+00	-5.00e+01
22:	0.00e+00	-5.00e+01
23:	0.00e+00	0.00e+00
24:	0.00e+00	0.00e+00
25:	0.00e+00	0.00e+00
26:	-1.11e-14	0.00e+00
27:	0.00e+00	0.00e+00
28:	0.00e+00	0.00e+00
29:	0.00e+00	-4.00e+02
30:	-1.11e-16	-4.00e+02
31:	0.00e+00	0.00e+00
32:	0.00e+00	0.00e+00
33:	0.00e+00	0.00e+00
34:	0.00e+00	0.00e+00
35:	0.00e+00	0.00e+00
36:	0.00e+00	0.00e+00
37:	0.00e+00	-4.00e+02
38:	0.00e+00	-4.00e+02
39:	0.00e+00	0.00e+00
40:	0.00e+00	0.00e+00
41:	0.00e+00	0.00e+00
42:	0.00e+00	0.00e+00
43:	0.00e+00	0.00e+00
44:	0.00e+00	1.31e-16
45:	0.00e+00	-4.00e+02
46:	0.00e+00	-4.00e+02
47:	0.00e+00	1.31e-16
48:	0.00e+00	0.00e+00
49:	0.00e+00	0.00e+00
50:	0.00e+00	0.00e+00
51:	0.00e+00	0.00e+00
Selecting maximum: 0 with second gradient of -49.999999999999964
New op index: 27	$R_{YX-XY}$[0, 1]
Current grad: 6.734693877551027
New op index: 30	$R_{YX+XY}$[1, 2]
Current grad: 1.000640181838343
New op index: 30	$R_{YX+XY}$[1, 2]
Current grad: 0.0001606487200275147
Precision cutoff reached.
Calculating energies for FreeWilson2D(N_x=2, N_y=2, mass=-4.204, r=1.000)
h_im: 0.0
New op index: 26	$R_{YX+XY}$[0, 1]
Current grad: 1.1213252548714081e-14
0:	0.00e+00	-5.00e+01
1:	0.00e+00	-5.00e+01
2:	0.00e+00	0.00e+00
3:	0.00e+00	-5.00e+01
4:	0.00e+00	-5.00e+01
5:	0.00e+00	0.00e+00
6:	0.00e+00	-5.00e+01
7:	0.00e+00	-5.00e+01
8:	0.00e+00	0.00e+00
9:	0.00e+00	-5.00e+01
10:	0.00e+00	-5.00e+01
11:	0.00e+00	0.00e+00
12:	0.00e+00	-5.00e+01
13:	0.00e+00	-5.00e+01
14:	0.00e+00	0.00e+00
15:	0.00e+00	-5.00e+01
16:	0.00e+00	-5.00e+01
17:	0.00e+00	0.00e+00
18:	0.00e+00	-5.00e+01
19:	0.00e+00	-5.00e+01
20:	0.00e+00	0.00e+00
21:	0.00e+00	-5.00e+01
22:	0.00e+00	-5.00e+01
23:	0.00e+00	0.00e+00
24:	0.00e+00	0.00e+00
25:	0.00e+00	0.00e+00
26:	-1.11e-14	0.00e+00
27:	0.00e+00	0.00e+00
28:	0.00e+00	0.00e+00
29:	0.00e+00	-4.00e+02
30:	-1.11e-16	-4.00e+02
31:	0.00e+00	0.00e+00
32:	0.00e+00	0.00e+00
33:	0.00e+00	0.00e+00
34:	0.00e+00	0.00e+00
35:	0.00e+00	0.00e+00
36:	0.00e+00	0.00e+00
37:	0.00e+00	-4.00e+02
38:	0.00e+00	-4.00e+02
39:	0.00e+00	0.00e+00
40:	0.00e+00	0.00e+00
41:	0.00e+00	0.00e+00
42:	0.00e+00	0.00e+00
43:	0.00e+00	0.00e+00
44:	0.00e+00	1.22e-16
45:	0.00e+00	-4.00e+02
46:	0.00e+00	-4.00e+02
47:	0.00e+00	1.22e-16
48:	0.00e+00	0.00e+00
49:	0.00e+00	0.00e+00
50:	0.00e+00	0.00e+00
51:	0.00e+00	0.00e+00
Selecting maximum: 0 with second gradient of -49.999999999999964
New op index: 27	$R_{YX-XY}$[0, 1]
Current grad: 6.408163265306129
New op index: 30	$R_{YX+XY}$[1, 2]
Current grad: 1.0135325189507227
New op index: 30	$R_{YX+XY}$[1, 2]
Current grad: 0.019825434106130146
Adding the same operator twice is not sensible, terminating.
Calculating energies for FreeWilson2D(N_x=2, N_y=2, mass=-4.041, r=1.000)
h_im: 0.0
New op index: 26	$R_{YX+XY}$[0, 1]
Current grad: 1.1213252548714081e-14
0:	0.00e+00	-5.00e+01
1:	0.00e+00	-5.00e+01
2:	0.00e+00	0.00e+00
3:	0.00e+00	-5.00e+01
4:	0.00e+00	-5.00e+01
5:	0.00e+00	0.00e+00
6:	0.00e+00	-5.00e+01
7:	0.00e+00	-5.00e+01
8:	0.00e+00	0.00e+00
9:	0.00e+00	-5.00e+01
10:	0.00e+00	-5.00e+01
11:	0.00e+00	0.00e+00
12:	0.00e+00	-5.00e+01
13:	0.00e+00	-5.00e+01
14:	0.00e+00	0.00e+00
15:	0.00e+00	-5.00e+01
16:	0.00e+00	-5.00e+01
17:	0.00e+00	0.00e+00
18:	0.00e+00	-5.00e+01
19:	0.00e+00	-5.00e+01
20:	0.00e+00	0.00e+00
21:	0.00e+00	-5.00e+01
22:	0.00e+00	-5.00e+01
23:	0.00e+00	0.00e+00
24:	0.00e+00	0.00e+00
25:	0.00e+00	0.00e+00
26:	-1.11e-14	0.00e+00
27:	0.00e+00	0.00e+00
28:	0.00e+00	0.00e+00
29:	0.00e+00	-4.00e+02
30:	-1.11e-16	-4.00e+02
31:	0.00e+00	0.00e+00
32:	0.00e+00	0.00e+00
33:	0.00e+00	0.00e+00
34:	0.00e+00	0.00e+00
35:	0.00e+00	0.00e+00
36:	0.00e+00	0.00e+00
37:	0.00e+00	-4.00e+02
38:	0.00e+00	-4.00e+02
39:	0.00e+00	0.00e+00
40:	0.00e+00	0.00e+00
41:	0.00e+00	0.00e+00
42:	0.00e+00	0.00e+00
43:	0.00e+00	0.00e+00
44:	0.00e+00	1.13e-16
45:	0.00e+00	-4.00e+02
46:	0.00e+00	-4.00e+02
47:	0.00e+00	1.13e-16
48:	0.00e+00	0.00e+00
49:	0.00e+00	0.00e+00
50:	0.00e+00	0.00e+00
51:	0.00e+00	0.00e+00
Selecting maximum: 0 with second gradient of -49.999999999999964
New op index: 27	$R_{YX-XY}$[0, 1]
Current grad: 6.081632653061231
New op index: 30	$R_{YX+XY}$[1, 2]
Current grad: 1.0038261431232014
New op index: 30	$R_{YX+XY}$[1, 2]
Current grad: 0.00035720542265966403
Precision cutoff reached.
Calculating energies for FreeWilson2D(N_x=2, N_y=2, mass=-3.878, r=1.000)
h_im: 0.0
New op index: 26	$R_{YX+XY}$[0, 1]
Current grad: 1.1213252548714081e-14
0:	0.00e+00	-5.00e+01
1:	0.00e+00	-5.00e+01
2:	0.00e+00	0.00e+00
3:	0.00e+00	-5.00e+01
4:	0.00e+00	-5.00e+01
5:	0.00e+00	0.00e+00
6:	0.00e+00	-5.00e+01
7:	0.00e+00	-5.00e+01
8:	0.00e+00	0.00e+00
9:	0.00e+00	-5.00e+01
10:	0.00e+00	-5.00e+01
11:	0.00e+00	0.00e+00
12:	0.00e+00	-5.00e+01
13:	0.00e+00	-5.00e+01
14:	0.00e+00	0.00e+00
15:	0.00e+00	-5.00e+01
16:	0.00e+00	-5.00e+01
17:	0.00e+00	0.00e+00
18:	0.00e+00	-5.00e+01
19:	0.00e+00	-5.00e+01
20:	0.00e+00	0.00e+00
21:	0.00e+00	-5.00e+01
22:	0.00e+00	-5.00e+01
23:	0.00e+00	0.00e+00
24:	0.00e+00	0.00e+00
25:	0.00e+00	0.00e+00
26:	-1.11e-14	0.00e+00
27:	0.00e+00	0.00e+00
28:	0.00e+00	0.00e+00
29:	0.00e+00	-4.00e+02
30:	-1.11e-16	-4.00e+02
31:	0.00e+00	0.00e+00
32:	0.00e+00	0.00e+00
33:	0.00e+00	0.00e+00
34:	0.00e+00	0.00e+00
35:	0.00e+00	0.00e+00
36:	0.00e+00	0.00e+00
37:	0.00e+00	-4.00e+02
38:	0.00e+00	-4.00e+02
39:	0.00e+00	0.00e+00
40:	0.00e+00	0.00e+00
41:	0.00e+00	0.00e+00
42:	0.00e+00	0.00e+00
43:	0.00e+00	0.00e+00
44:	0.00e+00	1.04e-16
45:	0.00e+00	-4.00e+02
46:	0.00e+00	-4.00e+02
47:	0.00e+00	1.04e-16
48:	0.00e+00	0.00e+00
49:	0.00e+00	0.00e+00
50:	0.00e+00	0.00e+00
51:	0.00e+00	0.00e+00
Selecting maximum: 0 with second gradient of -49.999999999999964
New op index: 27	$R_{YX-XY}$[0, 1]
Current grad: 5.755102040816335
New op index: 30	$R_{YX+XY}$[1, 2]
Current grad: 1.001028513563306
New op index: 30	$R_{YX+XY}$[1, 2]
Current grad: 0.00021075854917599192
Precision cutoff reached.
Calculating energies for FreeWilson2D(N_x=2, N_y=2, mass=-3.714, r=1.000)
h_im: 0.0
New op index: 26	$R_{YX+XY}$[0, 1]
Current grad: 1.1213252548714081e-14
0:	0.00e+00	-5.00e+01
1:	0.00e+00	-5.00e+01
2:	0.00e+00	0.00e+00
3:	0.00e+00	-5.00e+01
4:	0.00e+00	-5.00e+01
5:	0.00e+00	0.00e+00
6:	0.00e+00	-5.00e+01
7:	0.00e+00	-5.00e+01
8:	0.00e+00	0.00e+00
9:	0.00e+00	-5.00e+01
10:	0.00e+00	-5.00e+01
11:	0.00e+00	0.00e+00
12:	0.00e+00	-5.00e+01
13:	0.00e+00	-5.00e+01
14:	0.00e+00	0.00e+00
15:	0.00e+00	-5.00e+01
16:	0.00e+00	-5.00e+01
17:	0.00e+00	0.00e+00
18:	0.00e+00	-5.00e+01
19:	0.00e+00	-5.00e+01
20:	0.00e+00	0.00e+00
21:	0.00e+00	-5.00e+01
22:	0.00e+00	-5.00e+01
23:	0.00e+00	0.00e+00
24:	0.00e+00	0.00e+00
25:	0.00e+00	0.00e+00
26:	-1.11e-14	0.00e+00
27:	0.00e+00	0.00e+00
28:	0.00e+00	0.00e+00
29:	0.00e+00	-4.00e+02
30:	-1.11e-16	-4.00e+02
31:	0.00e+00	0.00e+00
32:	0.00e+00	0.00e+00
33:	0.00e+00	0.00e+00
34:	0.00e+00	0.00e+00
35:	0.00e+00	0.00e+00
36:	0.00e+00	0.00e+00
37:	0.00e+00	-4.00e+02
38:	0.00e+00	-4.00e+02
39:	0.00e+00	0.00e+00
40:	0.00e+00	0.00e+00
41:	0.00e+00	0.00e+00
42:	0.00e+00	0.00e+00
43:	0.00e+00	0.00e+00
44:	0.00e+00	9.52e-17
45:	0.00e+00	-4.00e+02
46:	0.00e+00	-4.00e+02
47:	0.00e+00	9.52e-17
48:	0.00e+00	0.00e+00
49:	0.00e+00	0.00e+00
50:	0.00e+00	0.00e+00
51:	0.00e+00	0.00e+00
Selecting maximum: 0 with second gradient of -49.999999999999964
New op index: 27	$R_{YX-XY}$[0, 1]
Current grad: 5.428571428571438
New op index: 30	$R_{YX+XY}$[1, 2]
Current grad: 1.0001937926387943
New op index: 30	$R_{YX+XY}$[1, 2]
Current grad: 0.000963251266153442
Precision cutoff reached.
Calculating energies for FreeWilson2D(N_x=2, N_y=2, mass=-3.551, r=1.000)
h_im: 0.0
New op index: 26	$R_{YX+XY}$[0, 1]
Current grad: 1.1213252548714081e-14
0:	0.00e+00	-5.00e+01
1:	0.00e+00	-5.00e+01
2:	0.00e+00	0.00e+00
3:	0.00e+00	-5.00e+01
4:	0.00e+00	-5.00e+01
5:	0.00e+00	0.00e+00
6:	0.00e+00	-5.00e+01
7:	0.00e+00	-5.00e+01
8:	0.00e+00	0.00e+00
9:	0.00e+00	-5.00e+01
10:	0.00e+00	-5.00e+01
11:	0.00e+00	0.00e+00
12:	0.00e+00	-5.00e+01
13:	0.00e+00	-5.00e+01
14:	0.00e+00	0.00e+00
15:	0.00e+00	-5.00e+01
16:	0.00e+00	-5.00e+01
17:	0.00e+00	0.00e+00
18:	0.00e+00	-5.00e+01
19:	0.00e+00	-5.00e+01
20:	0.00e+00	0.00e+00
21:	0.00e+00	-5.00e+01
22:	0.00e+00	-5.00e+01
23:	0.00e+00	0.00e+00
24:	0.00e+00	0.00e+00
25:	0.00e+00	0.00e+00
26:	-1.11e-14	0.00e+00
27:	0.00e+00	0.00e+00
28:	0.00e+00	0.00e+00
29:	0.00e+00	-4.00e+02
30:	-1.11e-16	-4.00e+02
31:	0.00e+00	0.00e+00
32:	0.00e+00	0.00e+00
33:	0.00e+00	0.00e+00
34:	0.00e+00	0.00e+00
35:	0.00e+00	0.00e+00
36:	0.00e+00	0.00e+00
37:	0.00e+00	-4.00e+02
38:	0.00e+00	-4.00e+02
39:	0.00e+00	0.00e+00
40:	0.00e+00	0.00e+00
41:	0.00e+00	0.00e+00
42:	0.00e+00	0.00e+00
43:	0.00e+00	0.00e+00
44:	0.00e+00	8.61e-17
45:	0.00e+00	-4.00e+02
46:	0.00e+00	-4.00e+02
47:	0.00e+00	8.61e-17
48:	0.00e+00	0.00e+00
49:	0.00e+00	0.00e+00
50:	0.00e+00	0.00e+00
51:	0.00e+00	0.00e+00
Selecting maximum: 0 with second gradient of -49.999999999999964
New op index: 27	$R_{YX-XY}$[0, 1]
Current grad: 5.10204081632654
New op index: 30	$R_{YX+XY}$[1, 2]
Current grad: 1.0028737170086515
New op index: 30	$R_{YX+XY}$[1, 2]
Current grad: 0.011089174711014371
Adding the same operator twice is not sensible, terminating.
Calculating energies for FreeWilson2D(N_x=2, N_y=2, mass=-3.388, r=1.000)
h_im: 0.0
New op index: 26	$R_{YX+XY}$[0, 1]
Current grad: 1.1213252548714081e-14
0:	0.00e+00	-5.00e+01
1:	0.00e+00	-5.00e+01
2:	0.00e+00	0.00e+00
3:	0.00e+00	-5.00e+01
4:	0.00e+00	-5.00e+01
5:	0.00e+00	0.00e+00
6:	0.00e+00	-5.00e+01
7:	0.00e+00	-5.00e+01
8:	0.00e+00	0.00e+00
9:	0.00e+00	-5.00e+01
10:	0.00e+00	-5.00e+01
11:	0.00e+00	0.00e+00
12:	0.00e+00	-5.00e+01
13:	0.00e+00	-5.00e+01
14:	0.00e+00	0.00e+00
15:	0.00e+00	-5.00e+01
16:	0.00e+00	-5.00e+01
17:	0.00e+00	0.00e+00
18:	0.00e+00	-5.00e+01
19:	0.00e+00	-5.00e+01
20:	0.00e+00	0.00e+00
21:	0.00e+00	-5.00e+01
22:	0.00e+00	-5.00e+01
23:	0.00e+00	0.00e+00
24:	0.00e+00	0.00e+00
25:	0.00e+00	0.00e+00
26:	-1.11e-14	0.00e+00
27:	0.00e+00	0.00e+00
28:	0.00e+00	0.00e+00
29:	0.00e+00	-4.00e+02
30:	-1.11e-16	-4.00e+02
31:	0.00e+00	0.00e+00
32:	0.00e+00	0.00e+00
33:	0.00e+00	0.00e+00
34:	0.00e+00	0.00e+00
35:	0.00e+00	0.00e+00
36:	0.00e+00	0.00e+00
37:	0.00e+00	-4.00e+02
38:	0.00e+00	-4.00e+02
39:	0.00e+00	0.00e+00
40:	0.00e+00	0.00e+00
41:	0.00e+00	0.00e+00
42:	0.00e+00	0.00e+00
43:	0.00e+00	0.00e+00
44:	0.00e+00	7.70e-17
45:	0.00e+00	-4.00e+02
46:	0.00e+00	-4.00e+02
47:	0.00e+00	7.70e-17
48:	0.00e+00	0.00e+00
49:	0.00e+00	0.00e+00
50:	0.00e+00	0.00e+00
51:	0.00e+00	0.00e+00
Selecting maximum: 0 with second gradient of -49.999999999999964
New op index: 27	$R_{YX-XY}$[0, 1]
Current grad: 4.775510204081642
New op index: 30	$R_{YX+XY}$[1, 2]
Current grad: 1.0005912416088307
New op index: 30	$R_{YX+XY}$[1, 2]
Current grad: 0.004362223254867237
Adding the same operator twice is not sensible, terminating.
Calculating energies for FreeWilson2D(N_x=2, N_y=2, mass=-3.224, r=1.000)
h_im: 0.0
New op index: 26	$R_{YX+XY}$[0, 1]
Current grad: 1.1213252548714081e-14
0:	0.00e+00	-5.00e+01
1:	0.00e+00	-5.00e+01
2:	0.00e+00	0.00e+00
3:	0.00e+00	-5.00e+01
4:	0.00e+00	-5.00e+01
5:	0.00e+00	0.00e+00
6:	0.00e+00	-5.00e+01
7:	0.00e+00	-5.00e+01
8:	0.00e+00	0.00e+00
9:	0.00e+00	-5.00e+01
10:	0.00e+00	-5.00e+01
11:	0.00e+00	0.00e+00
12:	0.00e+00	-5.00e+01
13:	0.00e+00	-5.00e+01
14:	0.00e+00	0.00e+00
15:	0.00e+00	-5.00e+01
16:	0.00e+00	-5.00e+01
17:	0.00e+00	0.00e+00
18:	0.00e+00	-5.00e+01
19:	0.00e+00	-5.00e+01
20:	0.00e+00	0.00e+00
21:	0.00e+00	-5.00e+01
22:	0.00e+00	-5.00e+01
23:	0.00e+00	0.00e+00
24:	0.00e+00	0.00e+00
25:	0.00e+00	0.00e+00
26:	-1.11e-14	0.00e+00
27:	0.00e+00	0.00e+00
28:	0.00e+00	0.00e+00
29:	0.00e+00	-4.00e+02
30:	-1.11e-16	-4.00e+02
31:	0.00e+00	0.00e+00
32:	0.00e+00	0.00e+00
33:	0.00e+00	0.00e+00
34:	0.00e+00	0.00e+00
35:	0.00e+00	0.00e+00
36:	0.00e+00	0.00e+00
37:	0.00e+00	-4.00e+02
38:	0.00e+00	-4.00e+02
39:	0.00e+00	0.00e+00
40:	0.00e+00	0.00e+00
41:	0.00e+00	0.00e+00
42:	0.00e+00	0.00e+00
43:	0.00e+00	0.00e+00
44:	0.00e+00	6.80e-17
45:	0.00e+00	-4.00e+02
46:	0.00e+00	-4.00e+02
47:	0.00e+00	6.80e-17
48:	0.00e+00	0.00e+00
49:	0.00e+00	0.00e+00
50:	0.00e+00	0.00e+00
51:	0.00e+00	0.00e+00
Selecting maximum: 0 with second gradient of -49.999999999999964
New op index: 27	$R_{YX-XY}$[0, 1]
Current grad: 4.4489795918367445
New op index: 30	$R_{YX+XY}$[1, 2]
Current grad: 1.0191064351607326
New op index: 30	$R_{YX+XY}$[1, 2]
Current grad: 0.0002612812694120706
Precision cutoff reached.
Calculating energies for FreeWilson2D(N_x=2, N_y=2, mass=-3.061, r=1.000)
h_im: 0.0
New op index: 26	$R_{YX+XY}$[0, 1]
Current grad: 1.1213252548714081e-14
0:	0.00e+00	-5.00e+01
1:	0.00e+00	-5.00e+01
2:	0.00e+00	0.00e+00
3:	0.00e+00	-5.00e+01
4:	0.00e+00	-5.00e+01
5:	0.00e+00	0.00e+00
6:	0.00e+00	-5.00e+01
7:	0.00e+00	-5.00e+01
8:	0.00e+00	0.00e+00
9:	0.00e+00	-5.00e+01
10:	0.00e+00	-5.00e+01
11:	0.00e+00	0.00e+00
12:	0.00e+00	-5.00e+01
13:	0.00e+00	-5.00e+01
14:	0.00e+00	0.00e+00
15:	0.00e+00	-5.00e+01
16:	0.00e+00	-5.00e+01
17:	0.00e+00	0.00e+00
18:	0.00e+00	-5.00e+01
19:	0.00e+00	-5.00e+01
20:	0.00e+00	0.00e+00
21:	0.00e+00	-5.00e+01
22:	0.00e+00	-5.00e+01
23:	0.00e+00	0.00e+00
24:	0.00e+00	0.00e+00
25:	0.00e+00	0.00e+00
26:	-1.11e-14	0.00e+00
27:	0.00e+00	0.00e+00
28:	0.00e+00	0.00e+00
29:	0.00e+00	-4.00e+02
30:	-1.11e-16	-4.00e+02
31:	0.00e+00	0.00e+00
32:	0.00e+00	0.00e+00
33:	0.00e+00	0.00e+00
34:	0.00e+00	0.00e+00
35:	0.00e+00	0.00e+00
36:	0.00e+00	0.00e+00
37:	0.00e+00	-4.00e+02
38:	0.00e+00	-4.00e+02
39:	0.00e+00	0.00e+00
40:	0.00e+00	0.00e+00
41:	0.00e+00	0.00e+00
42:	0.00e+00	0.00e+00
43:	0.00e+00	0.00e+00
44:	0.00e+00	5.89e-17
45:	0.00e+00	-4.00e+02
46:	0.00e+00	-4.00e+02
47:	0.00e+00	5.89e-17
48:	0.00e+00	0.00e+00
49:	0.00e+00	0.00e+00
50:	0.00e+00	0.00e+00
51:	0.00e+00	0.00e+00
Selecting maximum: 0 with second gradient of -49.999999999999964
New op index: 27	$R_{YX-XY}$[0, 1]
Current grad: 4.122448979591846
New op index: 30	$R_{YX+XY}$[1, 2]
Current grad: 1.000802855391347
New op index: 30	$R_{YX+XY}$[1, 2]
Current grad: 0.0047598181824786865
Adding the same operator twice is not sensible, terminating.
Calculating energies for FreeWilson2D(N_x=2, N_y=2, mass=-2.898, r=1.000)
h_im: 0.0
New op index: 26	$R_{YX+XY}$[0, 1]
Current grad: 1.1213252548714081e-14
0:	0.00e+00	-5.00e+01
1:	0.00e+00	-5.00e+01
2:	0.00e+00	0.00e+00
3:	0.00e+00	-5.00e+01
4:	0.00e+00	-5.00e+01
5:	0.00e+00	0.00e+00
6:	0.00e+00	-5.00e+01
7:	0.00e+00	-5.00e+01
8:	0.00e+00	0.00e+00
9:	0.00e+00	-5.00e+01
10:	0.00e+00	-5.00e+01
11:	0.00e+00	0.00e+00
12:	0.00e+00	-5.00e+01
13:	0.00e+00	-5.00e+01
14:	0.00e+00	0.00e+00
15:	0.00e+00	-5.00e+01
16:	0.00e+00	-5.00e+01
17:	0.00e+00	0.00e+00
18:	0.00e+00	-5.00e+01
19:	0.00e+00	-5.00e+01
20:	0.00e+00	0.00e+00
21:	0.00e+00	-5.00e+01
22:	0.00e+00	-5.00e+01
23:	0.00e+00	0.00e+00
24:	0.00e+00	0.00e+00
25:	0.00e+00	0.00e+00
26:	-1.11e-14	0.00e+00
27:	0.00e+00	0.00e+00
28:	0.00e+00	0.00e+00
29:	0.00e+00	-4.00e+02
30:	-1.11e-16	-4.00e+02
31:	0.00e+00	0.00e+00
32:	0.00e+00	0.00e+00
33:	0.00e+00	0.00e+00
34:	0.00e+00	0.00e+00
35:	0.00e+00	0.00e+00
36:	0.00e+00	0.00e+00
37:	0.00e+00	-4.00e+02
38:	0.00e+00	-4.00e+02
39:	0.00e+00	0.00e+00
40:	0.00e+00	0.00e+00
41:	0.00e+00	0.00e+00
42:	0.00e+00	0.00e+00
43:	0.00e+00	0.00e+00
44:	0.00e+00	4.98e-17
45:	0.00e+00	-4.00e+02
46:	0.00e+00	-4.00e+02
47:	0.00e+00	4.98e-17
48:	0.00e+00	0.00e+00
49:	0.00e+00	0.00e+00
50:	0.00e+00	0.00e+00
51:	0.00e+00	0.00e+00
Selecting maximum: 0 with second gradient of -49.999999999999964
New op index: 27	$R_{YX-XY}$[0, 1]
Current grad: 3.7959183673469488
New op index: 30	$R_{YX+XY}$[1, 2]
Current grad: 1.0000081823187539
New op index: 42	$R_{YX+XY}$[4, 5]
Current grad: 800.0004554029758
New op index: 39	$R_{YX-XY}$[3, 4]
Current grad: 2.0003213616957076
New op index: 46	$R_{YX+XY}$[5, 6]
Current grad: 1.001527408336548
New op index: 46	$R_{YX+XY}$[5, 6]
Current grad: 0.0013241436221952938
Adding the same operator twice is not sensible, terminating.
Calculating energies for FreeWilson2D(N_x=2, N_y=2, mass=-2.735, r=1.000)
h_im: 0.0
New op index: 26	$R_{YX+XY}$[0, 1]
Current grad: 1.1213252548714081e-14
0:	0.00e+00	-5.00e+01
1:	0.00e+00	-5.00e+01
2:	0.00e+00	0.00e+00
3:	0.00e+00	-5.00e+01
4:	0.00e+00	-5.00e+01
5:	0.00e+00	0.00e+00
6:	0.00e+00	-5.00e+01
7:	0.00e+00	-5.00e+01
8:	0.00e+00	0.00e+00
9:	0.00e+00	-5.00e+01
10:	0.00e+00	-5.00e+01
11:	0.00e+00	0.00e+00
12:	0.00e+00	-5.00e+01
13:	0.00e+00	-5.00e+01
14:	0.00e+00	0.00e+00
15:	0.00e+00	-5.00e+01
16:	0.00e+00	-5.00e+01
17:	0.00e+00	0.00e+00
18:	0.00e+00	-5.00e+01
19:	0.00e+00	-5.00e+01
20:	0.00e+00	0.00e+00
21:	0.00e+00	-5.00e+01
22:	0.00e+00	-5.00e+01
23:	0.00e+00	0.00e+00
24:	0.00e+00	0.00e+00
25:	0.00e+00	0.00e+00
26:	-1.11e-14	0.00e+00
27:	0.00e+00	0.00e+00
28:	0.00e+00	0.00e+00
29:	0.00e+00	-4.00e+02
30:	-1.11e-16	-4.00e+02
31:	0.00e+00	0.00e+00
32:	0.00e+00	0.00e+00
33:	0.00e+00	0.00e+00
34:	0.00e+00	0.00e+00
35:	0.00e+00	0.00e+00
36:	0.00e+00	0.00e+00
37:	0.00e+00	-4.00e+02
38:	0.00e+00	-4.00e+02
39:	0.00e+00	0.00e+00
40:	0.00e+00	0.00e+00
41:	0.00e+00	0.00e+00
42:	0.00e+00	0.00e+00
43:	0.00e+00	0.00e+00
44:	0.00e+00	4.08e-17
45:	0.00e+00	-4.00e+02
46:	0.00e+00	-4.00e+02
47:	0.00e+00	4.08e-17
48:	0.00e+00	0.00e+00
49:	0.00e+00	0.00e+00
50:	0.00e+00	0.00e+00
51:	0.00e+00	0.00e+00
Selecting maximum: 0 with second gradient of -49.999999999999964
New op index: 27	$R_{YX-XY}$[0, 1]
Current grad: 3.4693877551020513
New op index: 30	$R_{YX+XY}$[1, 2]
Current grad: 1.0013468965649572
New op index: 30	$R_{YX+XY}$[1, 2]
Current grad: 1.8965529636877733e-05
Precision cutoff reached.
Calculating energies for FreeWilson2D(N_x=2, N_y=2, mass=-2.571, r=1.000)
h_im: 0.0
New op index: 26	$R_{YX+XY}$[0, 1]
Current grad: 1.1213252548714081e-14
0:	0.00e+00	-5.00e+01
1:	0.00e+00	-5.00e+01
2:	0.00e+00	0.00e+00
3:	0.00e+00	-5.00e+01
4:	0.00e+00	-5.00e+01
5:	0.00e+00	0.00e+00
6:	0.00e+00	-5.00e+01
7:	0.00e+00	-5.00e+01
8:	0.00e+00	0.00e+00
9:	0.00e+00	-5.00e+01
10:	0.00e+00	-5.00e+01
11:	0.00e+00	0.00e+00
12:	0.00e+00	-5.00e+01
13:	0.00e+00	-5.00e+01
14:	0.00e+00	0.00e+00
15:	0.00e+00	-5.00e+01
16:	0.00e+00	-5.00e+01
17:	0.00e+00	0.00e+00
18:	0.00e+00	-5.00e+01
19:	0.00e+00	-5.00e+01
20:	0.00e+00	0.00e+00
21:	0.00e+00	-5.00e+01
22:	0.00e+00	-5.00e+01
23:	0.00e+00	0.00e+00
24:	0.00e+00	0.00e+00
25:	0.00e+00	0.00e+00
26:	-1.11e-14	0.00e+00
27:	0.00e+00	0.00e+00
28:	0.00e+00	0.00e+00
29:	0.00e+00	-4.00e+02
30:	-1.11e-16	-4.00e+02
31:	0.00e+00	0.00e+00
32:	0.00e+00	0.00e+00
33:	0.00e+00	0.00e+00
34:	0.00e+00	0.00e+00
35:	0.00e+00	0.00e+00
36:	0.00e+00	0.00e+00
37:	0.00e+00	-4.00e+02
38:	0.00e+00	-4.00e+02
39:	0.00e+00	0.00e+00
40:	0.00e+00	0.00e+00
41:	0.00e+00	0.00e+00
42:	0.00e+00	0.00e+00
43:	0.00e+00	0.00e+00
44:	0.00e+00	3.17e-17
45:	0.00e+00	-4.00e+02
46:	0.00e+00	-4.00e+02
47:	0.00e+00	3.17e-17
48:	0.00e+00	0.00e+00
49:	0.00e+00	0.00e+00
50:	0.00e+00	0.00e+00
51:	0.00e+00	0.00e+00
Selecting maximum: 0 with second gradient of -49.999999999999964
New op index: 27	$R_{YX-XY}$[0, 1]
Current grad: 3.1428571428571535
New op index: 30	$R_{YX+XY}$[1, 2]
Current grad: 1.0000127554683405
New op index: 42	$R_{YX+XY}$[4, 5]
Current grad: 800.0006015089011
New op index: 46	$R_{YX+XY}$[5, 6]
Current grad: 2.005222832648314
New op index: 46	$R_{YX+XY}$[5, 6]
Current grad: 0.002943500793292131
Adding the same operator twice is not sensible, terminating.
Calculating energies for FreeWilson2D(N_x=2, N_y=2, mass=-2.408, r=1.000)
h_im: 0.0
New op index: 26	$R_{YX+XY}$[0, 1]
Current grad: 1.1213252548714081e-14
0:	0.00e+00	-5.00e+01
1:	0.00e+00	-5.00e+01
2:	0.00e+00	0.00e+00
3:	0.00e+00	-5.00e+01
4:	0.00e+00	-5.00e+01
5:	0.00e+00	0.00e+00
6:	0.00e+00	-5.00e+01
7:	0.00e+00	-5.00e+01
8:	0.00e+00	0.00e+00
9:	0.00e+00	-5.00e+01
10:	0.00e+00	-5.00e+01
11:	0.00e+00	0.00e+00
12:	0.00e+00	-5.00e+01
13:	0.00e+00	-5.00e+01
14:	0.00e+00	0.00e+00
15:	0.00e+00	-5.00e+01
16:	0.00e+00	-5.00e+01
17:	0.00e+00	0.00e+00
18:	0.00e+00	-5.00e+01
19:	0.00e+00	-5.00e+01
20:	0.00e+00	0.00e+00
21:	0.00e+00	-5.00e+01
22:	0.00e+00	-5.00e+01
23:	0.00e+00	0.00e+00
24:	0.00e+00	0.00e+00
25:	0.00e+00	0.00e+00
26:	-1.11e-14	0.00e+00
27:	0.00e+00	0.00e+00
28:	0.00e+00	0.00e+00
29:	0.00e+00	-4.00e+02
30:	-1.11e-16	-4.00e+02
31:	0.00e+00	0.00e+00
32:	0.00e+00	0.00e+00
33:	0.00e+00	0.00e+00
34:	0.00e+00	0.00e+00
35:	0.00e+00	0.00e+00
36:	0.00e+00	0.00e+00
37:	0.00e+00	-4.00e+02
38:	0.00e+00	-4.00e+02
39:	0.00e+00	0.00e+00
40:	0.00e+00	0.00e+00
41:	0.00e+00	0.00e+00
42:	0.00e+00	0.00e+00
43:	0.00e+00	0.00e+00
44:	0.00e+00	2.27e-17
45:	0.00e+00	-4.00e+02
46:	0.00e+00	-4.00e+02
47:	0.00e+00	2.27e-17
48:	0.00e+00	0.00e+00
49:	0.00e+00	0.00e+00
50:	0.00e+00	0.00e+00
51:	0.00e+00	0.00e+00
Selecting maximum: 0 with second gradient of -49.999999999999964
New op index: 30	$R_{YX+XY}$[1, 2]
Current grad: 2.816326530612256
New op index: 30	$R_{YX+XY}$[1, 2]
Current grad: 0.00015503032994160896
Precision cutoff reached.
Calculating energies for FreeWilson2D(N_x=2, N_y=2, mass=-2.245, r=1.000)
h_im: 0.0
New op index: 26	$R_{YX+XY}$[0, 1]
Current grad: 1.1213252548714081e-14
0:	0.00e+00	-5.00e+01
1:	0.00e+00	-5.00e+01
2:	0.00e+00	0.00e+00
3:	0.00e+00	-5.00e+01
4:	0.00e+00	-5.00e+01
5:	0.00e+00	0.00e+00
6:	0.00e+00	-5.00e+01
7:	0.00e+00	-5.00e+01
8:	0.00e+00	0.00e+00
9:	0.00e+00	-5.00e+01
10:	0.00e+00	-5.00e+01
11:	0.00e+00	0.00e+00
12:	0.00e+00	-5.00e+01
13:	0.00e+00	-5.00e+01
14:	0.00e+00	0.00e+00
15:	0.00e+00	-5.00e+01
16:	0.00e+00	-5.00e+01
17:	0.00e+00	0.00e+00
18:	0.00e+00	-5.00e+01
19:	0.00e+00	-5.00e+01
20:	0.00e+00	0.00e+00
21:	0.00e+00	-5.00e+01
22:	0.00e+00	-5.00e+01
23:	0.00e+00	0.00e+00
24:	0.00e+00	0.00e+00
25:	0.00e+00	0.00e+00
26:	-1.11e-14	0.00e+00
27:	0.00e+00	0.00e+00
28:	0.00e+00	0.00e+00
29:	0.00e+00	-4.00e+02
30:	-1.11e-16	-4.00e+02
31:	0.00e+00	0.00e+00
32:	0.00e+00	0.00e+00
33:	0.00e+00	0.00e+00
34:	0.00e+00	0.00e+00
35:	0.00e+00	0.00e+00
36:	0.00e+00	0.00e+00
37:	0.00e+00	-4.00e+02
38:	0.00e+00	-4.00e+02
39:	0.00e+00	0.00e+00
40:	0.00e+00	0.00e+00
41:	0.00e+00	0.00e+00
42:	0.00e+00	0.00e+00
43:	0.00e+00	0.00e+00
44:	0.00e+00	1.36e-17
45:	0.00e+00	-4.00e+02
46:	0.00e+00	-4.00e+02
47:	0.00e+00	1.36e-17
48:	0.00e+00	0.00e+00
49:	0.00e+00	0.00e+00
50:	0.00e+00	0.00e+00
51:	0.00e+00	0.00e+00
Selecting maximum: 0 with second gradient of -49.999999999999964
New op index: 30	$R_{YX+XY}$[1, 2]
Current grad: 2.489795918367358
New op index: 30	$R_{YX+XY}$[1, 2]
Current grad: 0.00013705579894703076
Precision cutoff reached.
Calculating energies for FreeWilson2D(N_x=2, N_y=2, mass=-2.082, r=1.000)
h_im: 0.0
New op index: 26	$R_{YX+XY}$[0, 1]
Current grad: 1.1213252548714081e-14
0:	0.00e+00	-5.00e+01
1:	0.00e+00	-5.00e+01
2:	0.00e+00	0.00e+00
3:	0.00e+00	-5.00e+01
4:	0.00e+00	-5.00e+01
5:	0.00e+00	0.00e+00
6:	0.00e+00	-5.00e+01
7:	0.00e+00	-5.00e+01
8:	0.00e+00	0.00e+00
9:	0.00e+00	-5.00e+01
10:	0.00e+00	-5.00e+01
11:	0.00e+00	0.00e+00
12:	0.00e+00	-5.00e+01
13:	0.00e+00	-5.00e+01
14:	0.00e+00	0.00e+00
15:	0.00e+00	-5.00e+01
16:	0.00e+00	-5.00e+01
17:	0.00e+00	0.00e+00
18:	0.00e+00	-5.00e+01
19:	0.00e+00	-5.00e+01
20:	0.00e+00	0.00e+00
21:	0.00e+00	-5.00e+01
22:	0.00e+00	-5.00e+01
23:	0.00e+00	0.00e+00
24:	0.00e+00	0.00e+00
25:	0.00e+00	0.00e+00
26:	-1.11e-14	0.00e+00
27:	0.00e+00	0.00e+00
28:	0.00e+00	0.00e+00
29:	0.00e+00	-4.00e+02
30:	-1.11e-16	-4.00e+02
31:	0.00e+00	0.00e+00
32:	0.00e+00	0.00e+00
33:	0.00e+00	0.00e+00
34:	0.00e+00	0.00e+00
35:	0.00e+00	0.00e+00
36:	0.00e+00	0.00e+00
37:	0.00e+00	-4.00e+02
38:	0.00e+00	-4.00e+02
39:	0.00e+00	0.00e+00
40:	0.00e+00	0.00e+00
41:	0.00e+00	0.00e+00
42:	0.00e+00	0.00e+00
43:	0.00e+00	0.00e+00
44:	0.00e+00	4.53e-18
45:	0.00e+00	-4.00e+02
46:	0.00e+00	-4.00e+02
47:	0.00e+00	4.53e-18
48:	0.00e+00	0.00e+00
49:	0.00e+00	0.00e+00
50:	0.00e+00	0.00e+00
51:	0.00e+00	0.00e+00
Selecting maximum: 0 with second gradient of -49.999999999999964
New op index: 30	$R_{YX+XY}$[1, 2]
Current grad: 2.16326530612246
New op index: 30	$R_{YX+XY}$[1, 2]
Current grad: 0.00011908126795245252
Precision cutoff reached.
Calculating energies for FreeWilson2D(N_x=2, N_y=2, mass=-1.918, r=1.000)
h_im: 0.0
New op index: 26	$R_{YX+XY}$[0, 1]
Current grad: 1.1213252548714081e-14
0:	0.00e+00	-5.00e+01
1:	0.00e+00	-5.00e+01
2:	0.00e+00	0.00e+00
3:	0.00e+00	-5.00e+01
4:	0.00e+00	-5.00e+01
5:	0.00e+00	0.00e+00
6:	0.00e+00	-5.00e+01
7:	0.00e+00	-5.00e+01
8:	0.00e+00	0.00e+00
9:	0.00e+00	-5.00e+01
10:	0.00e+00	-5.00e+01
11:	0.00e+00	0.00e+00
12:	0.00e+00	-5.00e+01
13:	0.00e+00	-5.00e+01
14:	0.00e+00	0.00e+00
15:	0.00e+00	-5.00e+01
16:	0.00e+00	-5.00e+01
17:	0.00e+00	0.00e+00
18:	0.00e+00	-5.00e+01
19:	0.00e+00	-5.00e+01
20:	0.00e+00	0.00e+00
21:	0.00e+00	-5.00e+01
22:	0.00e+00	-5.00e+01
23:	0.00e+00	0.00e+00
24:	0.00e+00	0.00e+00
25:	0.00e+00	0.00e+00
26:	-1.11e-14	0.00e+00
27:	0.00e+00	0.00e+00
28:	0.00e+00	0.00e+00
29:	0.00e+00	-4.00e+02
30:	-1.11e-16	-4.00e+02
31:	0.00e+00	0.00e+00
32:	0.00e+00	0.00e+00
33:	0.00e+00	0.00e+00
34:	0.00e+00	0.00e+00
35:	0.00e+00	0.00e+00
36:	0.00e+00	0.00e+00
37:	0.00e+00	-4.00e+02
38:	0.00e+00	-4.00e+02
39:	0.00e+00	0.00e+00
40:	0.00e+00	0.00e+00
41:	0.00e+00	0.00e+00
42:	0.00e+00	0.00e+00
43:	0.00e+00	0.00e+00
44:	0.00e+00	-4.53e-18
45:	0.00e+00	-4.00e+02
46:	0.00e+00	-4.00e+02
47:	0.00e+00	-4.53e-18
48:	0.00e+00	0.00e+00
49:	0.00e+00	0.00e+00
50:	0.00e+00	0.00e+00
51:	0.00e+00	0.00e+00
Selecting maximum: 0 with second gradient of -49.999999999999964
New op index: 30	$R_{YX+XY}$[1, 2]
Current grad: 2.16326530612246
New op index: 30	$R_{YX+XY}$[1, 2]
Current grad: 0.00011908126795245602
Precision cutoff reached.
Calculating energies for FreeWilson2D(N_x=2, N_y=2, mass=-1.755, r=1.000)
h_im: 0.0
New op index: 26	$R_{YX+XY}$[0, 1]
Current grad: 1.1213252548714081e-14
0:	0.00e+00	-5.00e+01
1:	0.00e+00	-5.00e+01
2:	0.00e+00	0.00e+00
3:	0.00e+00	-5.00e+01
4:	0.00e+00	-5.00e+01
5:	0.00e+00	0.00e+00
6:	0.00e+00	-5.00e+01
7:	0.00e+00	-5.00e+01
8:	0.00e+00	0.00e+00
9:	0.00e+00	-5.00e+01
10:	0.00e+00	-5.00e+01
11:	0.00e+00	0.00e+00
12:	0.00e+00	-5.00e+01
13:	0.00e+00	-5.00e+01
14:	0.00e+00	0.00e+00
15:	0.00e+00	-5.00e+01
16:	0.00e+00	-5.00e+01
17:	0.00e+00	0.00e+00
18:	0.00e+00	-5.00e+01
19:	0.00e+00	-5.00e+01
20:	0.00e+00	0.00e+00
21:	0.00e+00	-5.00e+01
22:	0.00e+00	-5.00e+01
23:	0.00e+00	0.00e+00
24:	0.00e+00	0.00e+00
25:	0.00e+00	0.00e+00
26:	-1.11e-14	0.00e+00
27:	0.00e+00	0.00e+00
28:	0.00e+00	0.00e+00
29:	0.00e+00	-4.00e+02
30:	-1.11e-16	-4.00e+02
31:	0.00e+00	0.00e+00
32:	0.00e+00	0.00e+00
33:	0.00e+00	0.00e+00
34:	0.00e+00	0.00e+00
35:	0.00e+00	0.00e+00
36:	0.00e+00	0.00e+00
37:	0.00e+00	-4.00e+02
38:	0.00e+00	-4.00e+02
39:	0.00e+00	0.00e+00
40:	0.00e+00	0.00e+00
41:	0.00e+00	0.00e+00
42:	0.00e+00	0.00e+00
43:	0.00e+00	0.00e+00
44:	0.00e+00	-1.36e-17
45:	0.00e+00	-4.00e+02
46:	0.00e+00	-4.00e+02
47:	0.00e+00	-1.36e-17
48:	0.00e+00	0.00e+00
49:	0.00e+00	0.00e+00
50:	0.00e+00	0.00e+00
51:	0.00e+00	0.00e+00
Selecting maximum: 0 with second gradient of -49.999999999999964
New op index: 30	$R_{YX+XY}$[1, 2]
Current grad: 2.4897959183673564
New op index: 30	$R_{YX+XY}$[1, 2]
Current grad: 0.0001370557989470409
Precision cutoff reached.
Calculating energies for FreeWilson2D(N_x=2, N_y=2, mass=-1.592, r=1.000)
h_im: 0.0
New op index: 26	$R_{YX+XY}$[0, 1]
Current grad: 1.1213252548714081e-14
0:	0.00e+00	-5.00e+01
1:	0.00e+00	-5.00e+01
2:	0.00e+00	0.00e+00
3:	0.00e+00	-5.00e+01
4:	0.00e+00	-5.00e+01
5:	0.00e+00	0.00e+00
6:	0.00e+00	-5.00e+01
7:	0.00e+00	-5.00e+01
8:	0.00e+00	0.00e+00
9:	0.00e+00	-5.00e+01
10:	0.00e+00	-5.00e+01
11:	0.00e+00	0.00e+00
12:	0.00e+00	-5.00e+01
13:	0.00e+00	-5.00e+01
14:	0.00e+00	0.00e+00
15:	0.00e+00	-5.00e+01
16:	0.00e+00	-5.00e+01
17:	0.00e+00	0.00e+00
18:	0.00e+00	-5.00e+01
19:	0.00e+00	-5.00e+01
20:	0.00e+00	0.00e+00
21:	0.00e+00	-5.00e+01
22:	0.00e+00	-5.00e+01
23:	0.00e+00	0.00e+00
24:	0.00e+00	0.00e+00
25:	0.00e+00	0.00e+00
26:	-1.11e-14	0.00e+00
27:	0.00e+00	0.00e+00
28:	0.00e+00	0.00e+00
29:	0.00e+00	-4.00e+02
30:	-1.11e-16	-4.00e+02
31:	0.00e+00	0.00e+00
32:	0.00e+00	0.00e+00
33:	0.00e+00	0.00e+00
34:	0.00e+00	0.00e+00
35:	0.00e+00	0.00e+00
36:	0.00e+00	0.00e+00
37:	0.00e+00	-4.00e+02
38:	0.00e+00	-4.00e+02
39:	0.00e+00	0.00e+00
40:	0.00e+00	0.00e+00
41:	0.00e+00	0.00e+00
42:	0.00e+00	0.00e+00
43:	0.00e+00	0.00e+00
44:	0.00e+00	-2.27e-17
45:	0.00e+00	-4.00e+02
46:	0.00e+00	-4.00e+02
47:	0.00e+00	-2.27e-17
48:	0.00e+00	0.00e+00
49:	0.00e+00	0.00e+00
50:	0.00e+00	0.00e+00
51:	0.00e+00	0.00e+00
Selecting maximum: 0 with second gradient of -49.999999999999964
New op index: 30	$R_{YX+XY}$[1, 2]
Current grad: 2.8163265306122542
New op index: 30	$R_{YX+XY}$[1, 2]
Current grad: 0.0001550303299416259
Precision cutoff reached.
Calculating energies for FreeWilson2D(N_x=2, N_y=2, mass=-1.429, r=1.000)
h_im: 0.0
New op index: 26	$R_{YX+XY}$[0, 1]
Current grad: 1.1213252548714081e-14
0:	0.00e+00	-5.00e+01
1:	0.00e+00	-5.00e+01
2:	0.00e+00	0.00e+00
3:	0.00e+00	-5.00e+01
4:	0.00e+00	-5.00e+01
5:	0.00e+00	0.00e+00
6:	0.00e+00	-5.00e+01
7:	0.00e+00	-5.00e+01
8:	0.00e+00	0.00e+00
9:	0.00e+00	-5.00e+01
10:	0.00e+00	-5.00e+01
11:	0.00e+00	0.00e+00
12:	0.00e+00	-5.00e+01
13:	0.00e+00	-5.00e+01
14:	0.00e+00	0.00e+00
15:	0.00e+00	-5.00e+01
16:	0.00e+00	-5.00e+01
17:	0.00e+00	0.00e+00
18:	0.00e+00	-5.00e+01
19:	0.00e+00	-5.00e+01
20:	0.00e+00	0.00e+00
21:	0.00e+00	-5.00e+01
22:	0.00e+00	-5.00e+01
23:	0.00e+00	0.00e+00
24:	0.00e+00	0.00e+00
25:	0.00e+00	0.00e+00
26:	-1.11e-14	0.00e+00
27:	0.00e+00	0.00e+00
28:	0.00e+00	0.00e+00
29:	0.00e+00	-4.00e+02
30:	-1.11e-16	-4.00e+02
31:	0.00e+00	0.00e+00
32:	0.00e+00	0.00e+00
33:	0.00e+00	0.00e+00
34:	0.00e+00	0.00e+00
35:	0.00e+00	0.00e+00
36:	0.00e+00	0.00e+00
37:	0.00e+00	-4.00e+02
38:	0.00e+00	-4.00e+02
39:	0.00e+00	0.00e+00
40:	0.00e+00	0.00e+00
41:	0.00e+00	0.00e+00
42:	0.00e+00	0.00e+00
43:	0.00e+00	0.00e+00
44:	0.00e+00	-3.17e-17
45:	0.00e+00	-4.00e+02
46:	0.00e+00	-4.00e+02
47:	0.00e+00	-3.17e-17
48:	0.00e+00	0.00e+00
49:	0.00e+00	0.00e+00
50:	0.00e+00	0.00e+00
51:	0.00e+00	0.00e+00
Selecting maximum: 0 with second gradient of -49.999999999999964
New op index: 27	$R_{YX-XY}$[0, 1]
Current grad: 3.1428571428571526
New op index: 30	$R_{YX+XY}$[1, 2]
Current grad: 1.0001508922434585
New op index: 42	$R_{YX+XY}$[4, 5]
Current grad: 800.0004493517964
New op index: 46	$R_{YX+XY}$[5, 6]
Current grad: 2.006760032534492
New op index: 46	$R_{YX+XY}$[5, 6]
Current grad: 0.006537284510420118
Adding the same operator twice is not sensible, terminating.
Calculating energies for FreeWilson2D(N_x=2, N_y=2, mass=-1.265, r=1.000)
h_im: 0.0
New op index: 26	$R_{YX+XY}$[0, 1]
Current grad: 1.1213252548714081e-14
0:	0.00e+00	-5.00e+01
1:	0.00e+00	-5.00e+01
2:	0.00e+00	0.00e+00
3:	0.00e+00	-5.00e+01
4:	0.00e+00	-5.00e+01
5:	0.00e+00	0.00e+00
6:	0.00e+00	-5.00e+01
7:	0.00e+00	-5.00e+01
8:	0.00e+00	0.00e+00
9:	0.00e+00	-5.00e+01
10:	0.00e+00	-5.00e+01
11:	0.00e+00	0.00e+00
12:	0.00e+00	-5.00e+01
13:	0.00e+00	-5.00e+01
14:	0.00e+00	0.00e+00
15:	0.00e+00	-5.00e+01
16:	0.00e+00	-5.00e+01
17:	0.00e+00	0.00e+00
18:	0.00e+00	-5.00e+01
19:	0.00e+00	-5.00e+01
20:	0.00e+00	0.00e+00
21:	0.00e+00	-5.00e+01
22:	0.00e+00	-5.00e+01
23:	0.00e+00	0.00e+00
24:	0.00e+00	0.00e+00
25:	0.00e+00	0.00e+00
26:	-1.11e-14	0.00e+00
27:	0.00e+00	0.00e+00
28:	0.00e+00	0.00e+00
29:	0.00e+00	-4.00e+02
30:	-1.11e-16	-4.00e+02
31:	0.00e+00	0.00e+00
32:	0.00e+00	0.00e+00
33:	0.00e+00	0.00e+00
34:	0.00e+00	0.00e+00
35:	0.00e+00	0.00e+00
36:	0.00e+00	0.00e+00
37:	0.00e+00	-4.00e+02
38:	0.00e+00	-4.00e+02
39:	0.00e+00	0.00e+00
40:	0.00e+00	0.00e+00
41:	0.00e+00	0.00e+00
42:	0.00e+00	0.00e+00
43:	0.00e+00	0.00e+00
44:	0.00e+00	-4.08e-17
45:	0.00e+00	-4.00e+02
46:	0.00e+00	-4.00e+02
47:	0.00e+00	-4.08e-17
48:	0.00e+00	0.00e+00
49:	0.00e+00	0.00e+00
50:	0.00e+00	0.00e+00
51:	0.00e+00	0.00e+00
Selecting maximum: 0 with second gradient of -49.999999999999964
New op index: 27	$R_{YX-XY}$[0, 1]
Current grad: 3.4693877551020504
New op index: 30	$R_{YX+XY}$[1, 2]
Current grad: 1.0000016984276716
New op index: 42	$R_{YX+XY}$[4, 5]
Current grad: 800.0004539172797
New op index: 46	$R_{YX+XY}$[5, 6]
Current grad: 2.006418251033344
New op index: 46	$R_{YX+XY}$[5, 6]
Current grad: 0.008142111079550637
Adding the same operator twice is not sensible, terminating.
Calculating energies for FreeWilson2D(N_x=2, N_y=2, mass=-1.102, r=1.000)
h_im: 0.0
New op index: 26	$R_{YX+XY}$[0, 1]
Current grad: 1.1213252548714081e-14
0:	0.00e+00	-5.00e+01
1:	0.00e+00	-5.00e+01
2:	0.00e+00	0.00e+00
3:	0.00e+00	-5.00e+01
4:	0.00e+00	-5.00e+01
5:	0.00e+00	0.00e+00
6:	0.00e+00	-5.00e+01
7:	0.00e+00	-5.00e+01
8:	0.00e+00	0.00e+00
9:	0.00e+00	-5.00e+01
10:	0.00e+00	-5.00e+01
11:	0.00e+00	0.00e+00
12:	0.00e+00	-5.00e+01
13:	0.00e+00	-5.00e+01
14:	0.00e+00	0.00e+00
15:	0.00e+00	-5.00e+01
16:	0.00e+00	-5.00e+01
17:	0.00e+00	0.00e+00
18:	0.00e+00	-5.00e+01
19:	0.00e+00	-5.00e+01
20:	0.00e+00	0.00e+00
21:	0.00e+00	-5.00e+01
22:	0.00e+00	-5.00e+01
23:	0.00e+00	0.00e+00
24:	0.00e+00	0.00e+00
25:	0.00e+00	0.00e+00
26:	-1.11e-14	0.00e+00
27:	0.00e+00	0.00e+00
28:	0.00e+00	0.00e+00
29:	0.00e+00	-4.00e+02
30:	-1.11e-16	-4.00e+02
31:	0.00e+00	0.00e+00
32:	0.00e+00	0.00e+00
33:	0.00e+00	0.00e+00
34:	0.00e+00	0.00e+00
35:	0.00e+00	0.00e+00
36:	0.00e+00	0.00e+00
37:	0.00e+00	-4.00e+02
38:	0.00e+00	-4.00e+02
39:	0.00e+00	0.00e+00
40:	0.00e+00	0.00e+00
41:	0.00e+00	0.00e+00
42:	0.00e+00	0.00e+00
43:	0.00e+00	0.00e+00
44:	0.00e+00	-4.98e-17
45:	0.00e+00	-4.00e+02
46:	0.00e+00	-4.00e+02
47:	0.00e+00	-4.98e-17
48:	0.00e+00	0.00e+00
49:	0.00e+00	0.00e+00
50:	0.00e+00	0.00e+00
51:	0.00e+00	0.00e+00
Selecting maximum: 0 with second gradient of -49.999999999999964
New op index: 27	$R_{YX-XY}$[0, 1]
Current grad: 3.795918367346947
New op index: 30	$R_{YX+XY}$[1, 2]
Current grad: 1.0001787059092249
New op index: 30	$R_{YX+XY}$[1, 2]
Current grad: 0.011311779126398176
Adding the same operator twice is not sensible, terminating.
Calculating energies for FreeWilson2D(N_x=2, N_y=2, mass=-0.939, r=1.000)
h_im: 0.0
New op index: 26	$R_{YX+XY}$[0, 1]
Current grad: 1.1213252548714081e-14
0:	0.00e+00	-5.00e+01
1:	0.00e+00	-5.00e+01
2:	0.00e+00	0.00e+00
3:	0.00e+00	-5.00e+01
4:	0.00e+00	-5.00e+01
5:	0.00e+00	0.00e+00
6:	0.00e+00	-5.00e+01
7:	0.00e+00	-5.00e+01
8:	0.00e+00	0.00e+00
9:	0.00e+00	-5.00e+01
10:	0.00e+00	-5.00e+01
11:	0.00e+00	0.00e+00
12:	0.00e+00	-5.00e+01
13:	0.00e+00	-5.00e+01
14:	0.00e+00	0.00e+00
15:	0.00e+00	-5.00e+01
16:	0.00e+00	-5.00e+01
17:	0.00e+00	0.00e+00
18:	0.00e+00	-5.00e+01
19:	0.00e+00	-5.00e+01
20:	0.00e+00	0.00e+00
21:	0.00e+00	-5.00e+01
22:	0.00e+00	-5.00e+01
23:	0.00e+00	0.00e+00
24:	0.00e+00	0.00e+00
25:	0.00e+00	0.00e+00
26:	-1.11e-14	0.00e+00
27:	0.00e+00	0.00e+00
28:	0.00e+00	0.00e+00
29:	0.00e+00	-4.00e+02
30:	-1.11e-16	-4.00e+02
31:	0.00e+00	0.00e+00
32:	0.00e+00	0.00e+00
33:	0.00e+00	0.00e+00
34:	0.00e+00	0.00e+00
35:	0.00e+00	0.00e+00
36:	0.00e+00	0.00e+00
37:	0.00e+00	-4.00e+02
38:	0.00e+00	-4.00e+02
39:	0.00e+00	0.00e+00
40:	0.00e+00	0.00e+00
41:	0.00e+00	0.00e+00
42:	0.00e+00	0.00e+00
43:	0.00e+00	0.00e+00
44:	0.00e+00	-5.89e-17
45:	0.00e+00	-4.00e+02
46:	0.00e+00	-4.00e+02
47:	0.00e+00	-5.89e-17
48:	0.00e+00	0.00e+00
49:	0.00e+00	0.00e+00
50:	0.00e+00	0.00e+00
51:	0.00e+00	0.00e+00
Selecting maximum: 0 with second gradient of -49.999999999999964
New op index: 27	$R_{YX-XY}$[0, 1]
Current grad: 4.122448979591844
New op index: 30	$R_{YX+XY}$[1, 2]
Current grad: 1.0008096426873931
New op index: 42	$R_{YX+XY}$[4, 5]
Current grad: 800.0002125346024
New op index: 46	$R_{YX+XY}$[5, 6]
Current grad: 2.0003500622189176
New op index: 30	$R_{YX+XY}$[1, 2]
Current grad: 0.0039007948212716787
Adding the same operator twice is not sensible, terminating.
Calculating energies for FreeWilson2D(N_x=2, N_y=2, mass=-0.776, r=1.000)
h_im: 0.0
New op index: 26	$R_{YX+XY}$[0, 1]
Current grad: 1.1213252548714081e-14
0:	0.00e+00	-5.00e+01
1:	0.00e+00	-5.00e+01
2:	0.00e+00	0.00e+00
3:	0.00e+00	-5.00e+01
4:	0.00e+00	-5.00e+01
5:	0.00e+00	0.00e+00
6:	0.00e+00	-5.00e+01
7:	0.00e+00	-5.00e+01
8:	0.00e+00	0.00e+00
9:	0.00e+00	-5.00e+01
10:	0.00e+00	-5.00e+01
11:	0.00e+00	0.00e+00
12:	0.00e+00	-5.00e+01
13:	0.00e+00	-5.00e+01
14:	0.00e+00	0.00e+00
15:	0.00e+00	-5.00e+01
16:	0.00e+00	-5.00e+01
17:	0.00e+00	0.00e+00
18:	0.00e+00	-5.00e+01
19:	0.00e+00	-5.00e+01
20:	0.00e+00	0.00e+00
21:	0.00e+00	-5.00e+01
22:	0.00e+00	-5.00e+01
23:	0.00e+00	0.00e+00
24:	0.00e+00	0.00e+00
25:	0.00e+00	0.00e+00
26:	-1.11e-14	0.00e+00
27:	0.00e+00	0.00e+00
28:	0.00e+00	0.00e+00
29:	0.00e+00	-4.00e+02
30:	-1.11e-16	-4.00e+02
31:	0.00e+00	0.00e+00
32:	0.00e+00	0.00e+00
33:	0.00e+00	0.00e+00
34:	0.00e+00	0.00e+00
35:	0.00e+00	0.00e+00
36:	0.00e+00	0.00e+00
37:	0.00e+00	-4.00e+02
38:	0.00e+00	-4.00e+02
39:	0.00e+00	0.00e+00
40:	0.00e+00	0.00e+00
41:	0.00e+00	0.00e+00
42:	0.00e+00	0.00e+00
43:	0.00e+00	0.00e+00
44:	0.00e+00	-6.80e-17
45:	0.00e+00	-4.00e+02
46:	0.00e+00	-4.00e+02
47:	0.00e+00	-6.80e-17
48:	0.00e+00	0.00e+00
49:	0.00e+00	0.00e+00
50:	0.00e+00	0.00e+00
51:	0.00e+00	0.00e+00
Selecting maximum: 0 with second gradient of -49.999999999999964
New op index: 27	$R_{YX-XY}$[0, 1]
Current grad: 4.448979591836743
New op index: 30	$R_{YX+XY}$[1, 2]
Current grad: 1.0003424294692396
New op index: 30	$R_{YX+XY}$[1, 2]
Current grad: 8.162828615438255e-06
Precision cutoff reached.
Calculating energies for FreeWilson2D(N_x=2, N_y=2, mass=-0.612, r=1.000)
h_im: 0.0
New op index: 26	$R_{YX+XY}$[0, 1]
Current grad: 1.1213252548714081e-14
0:	0.00e+00	-5.00e+01
1:	0.00e+00	-5.00e+01
2:	0.00e+00	0.00e+00
3:	0.00e+00	-5.00e+01
4:	0.00e+00	-5.00e+01
5:	0.00e+00	0.00e+00
6:	0.00e+00	-5.00e+01
7:	0.00e+00	-5.00e+01
8:	0.00e+00	0.00e+00
9:	0.00e+00	-5.00e+01
10:	0.00e+00	-5.00e+01
11:	0.00e+00	0.00e+00
12:	0.00e+00	-5.00e+01
13:	0.00e+00	-5.00e+01
14:	0.00e+00	0.00e+00
15:	0.00e+00	-5.00e+01
16:	0.00e+00	-5.00e+01
17:	0.00e+00	0.00e+00
18:	0.00e+00	-5.00e+01
19:	0.00e+00	-5.00e+01
20:	0.00e+00	0.00e+00
21:	0.00e+00	-5.00e+01
22:	0.00e+00	-5.00e+01
23:	0.00e+00	0.00e+00
24:	0.00e+00	0.00e+00
25:	0.00e+00	0.00e+00
26:	-1.11e-14	0.00e+00
27:	0.00e+00	0.00e+00
28:	0.00e+00	0.00e+00
29:	0.00e+00	-4.00e+02
30:	-1.11e-16	-4.00e+02
31:	0.00e+00	0.00e+00
32:	0.00e+00	0.00e+00
33:	0.00e+00	0.00e+00
34:	0.00e+00	0.00e+00
35:	0.00e+00	0.00e+00
36:	0.00e+00	0.00e+00
37:	0.00e+00	-4.00e+02
38:	0.00e+00	-4.00e+02
39:	0.00e+00	0.00e+00
40:	0.00e+00	0.00e+00
41:	0.00e+00	0.00e+00
42:	0.00e+00	0.00e+00
43:	0.00e+00	0.00e+00
44:	0.00e+00	-7.70e-17
45:	0.00e+00	-4.00e+02
46:	0.00e+00	-4.00e+02
47:	0.00e+00	-7.70e-17
48:	0.00e+00	0.00e+00
49:	0.00e+00	0.00e+00
50:	0.00e+00	0.00e+00
51:	0.00e+00	0.00e+00
Selecting maximum: 0 with second gradient of -49.999999999999964
New op index: 27	$R_{YX-XY}$[0, 1]
Current grad: 4.775510204081641
New op index: 30	$R_{YX+XY}$[1, 2]
Current grad: 1.0000016636799933
New op index: 30	$R_{YX+XY}$[1, 2]
Current grad: 0.00504626154947896
Adding the same operator twice is not sensible, terminating.
Calculating energies for FreeWilson2D(N_x=2, N_y=2, mass=-0.449, r=1.000)
h_im: 0.0
New op index: 26	$R_{YX+XY}$[0, 1]
Current grad: 1.1213252548714081e-14
0:	0.00e+00	-5.00e+01
1:	0.00e+00	-5.00e+01
2:	0.00e+00	0.00e+00
3:	0.00e+00	-5.00e+01
4:	0.00e+00	-5.00e+01
5:	0.00e+00	0.00e+00
6:	0.00e+00	-5.00e+01
7:	0.00e+00	-5.00e+01
8:	0.00e+00	0.00e+00
9:	0.00e+00	-5.00e+01
10:	0.00e+00	-5.00e+01
11:	0.00e+00	0.00e+00
12:	0.00e+00	-5.00e+01
13:	0.00e+00	-5.00e+01
14:	0.00e+00	0.00e+00
15:	0.00e+00	-5.00e+01
16:	0.00e+00	-5.00e+01
17:	0.00e+00	0.00e+00
18:	0.00e+00	-5.00e+01
19:	0.00e+00	-5.00e+01
20:	0.00e+00	0.00e+00
21:	0.00e+00	-5.00e+01
22:	0.00e+00	-5.00e+01
23:	0.00e+00	0.00e+00
24:	0.00e+00	0.00e+00
25:	0.00e+00	0.00e+00
26:	-1.11e-14	0.00e+00
27:	0.00e+00	0.00e+00
28:	0.00e+00	0.00e+00
29:	0.00e+00	-4.00e+02
30:	-1.11e-16	-4.00e+02
31:	0.00e+00	0.00e+00
32:	0.00e+00	0.00e+00
33:	0.00e+00	0.00e+00
34:	0.00e+00	0.00e+00
35:	0.00e+00	0.00e+00
36:	0.00e+00	0.00e+00
37:	0.00e+00	-4.00e+02
38:	0.00e+00	-4.00e+02
39:	0.00e+00	0.00e+00
40:	0.00e+00	0.00e+00
41:	0.00e+00	0.00e+00
42:	0.00e+00	0.00e+00
43:	0.00e+00	0.00e+00
44:	0.00e+00	-8.61e-17
45:	0.00e+00	-4.00e+02
46:	0.00e+00	-4.00e+02
47:	0.00e+00	-8.61e-17
48:	0.00e+00	0.00e+00
49:	0.00e+00	0.00e+00
50:	0.00e+00	0.00e+00
51:	0.00e+00	0.00e+00
Selecting maximum: 0 with second gradient of -49.999999999999964
New op index: 27	$R_{YX-XY}$[0, 1]
Current grad: 5.102040816326539
New op index: 30	$R_{YX+XY}$[1, 2]
Current grad: 1.0023332845363935
New op index: 42	$R_{YX+XY}$[4, 5]
Current grad: 800.0001665869366
New op index: 46	$R_{YX+XY}$[5, 6]
Current grad: 2.0001269944080184
New op index: 46	$R_{YX+XY}$[5, 6]
Current grad: 0.007436468417841432
Adding the same operator twice is not sensible, terminating.
Calculating energies for FreeWilson2D(N_x=2, N_y=2, mass=-0.286, r=1.000)
h_im: 0.0
New op index: 26	$R_{YX+XY}$[0, 1]
Current grad: 1.1213252548714081e-14
0:	0.00e+00	-5.00e+01
1:	0.00e+00	-5.00e+01
2:	0.00e+00	0.00e+00
3:	0.00e+00	-5.00e+01
4:	0.00e+00	-5.00e+01
5:	0.00e+00	0.00e+00
6:	0.00e+00	-5.00e+01
7:	0.00e+00	-5.00e+01
8:	0.00e+00	0.00e+00
9:	0.00e+00	-5.00e+01
10:	0.00e+00	-5.00e+01
11:	0.00e+00	0.00e+00
12:	0.00e+00	-5.00e+01
13:	0.00e+00	-5.00e+01
14:	0.00e+00	0.00e+00
15:	0.00e+00	-5.00e+01
16:	0.00e+00	-5.00e+01
17:	0.00e+00	0.00e+00
18:	0.00e+00	-5.00e+01
19:	0.00e+00	-5.00e+01
20:	0.00e+00	0.00e+00
21:	0.00e+00	-5.00e+01
22:	0.00e+00	-5.00e+01
23:	0.00e+00	0.00e+00
24:	0.00e+00	0.00e+00
25:	0.00e+00	0.00e+00
26:	-1.11e-14	0.00e+00
27:	0.00e+00	0.00e+00
28:	0.00e+00	0.00e+00
29:	0.00e+00	-4.00e+02
30:	-1.11e-16	-4.00e+02
31:	0.00e+00	0.00e+00
32:	0.00e+00	0.00e+00
33:	0.00e+00	0.00e+00
34:	0.00e+00	0.00e+00
35:	0.00e+00	0.00e+00
36:	0.00e+00	0.00e+00
37:	0.00e+00	-4.00e+02
38:	0.00e+00	-4.00e+02
39:	0.00e+00	0.00e+00
40:	0.00e+00	0.00e+00
41:	0.00e+00	0.00e+00
42:	0.00e+00	0.00e+00
43:	0.00e+00	0.00e+00
44:	0.00e+00	-9.52e-17
45:	0.00e+00	-4.00e+02
46:	0.00e+00	-4.00e+02
47:	0.00e+00	-9.52e-17
48:	0.00e+00	0.00e+00
49:	0.00e+00	0.00e+00
50:	0.00e+00	0.00e+00
51:	0.00e+00	0.00e+00
Selecting maximum: 0 with second gradient of -49.999999999999964
New op index: 27	$R_{YX-XY}$[0, 1]
Current grad: 5.428571428571436
New op index: 30	$R_{YX+XY}$[1, 2]
Current grad: 1.000019252862123
New op index: 42	$R_{YX+XY}$[4, 5]
Current grad: 800.0121604418599
New op index: 46	$R_{YX+XY}$[5, 6]
Current grad: 2.0029423969229243
New op index: 46	$R_{YX+XY}$[5, 6]
Current grad: 0.008492389986717806
Adding the same operator twice is not sensible, terminating.
Calculating energies for FreeWilson2D(N_x=2, N_y=2, mass=-0.122, r=1.000)
h_im: 0.0
New op index: 26	$R_{YX+XY}$[0, 1]
Current grad: 1.1213252548714081e-14
0:	0.00e+00	-5.00e+01
1:	0.00e+00	-5.00e+01
2:	0.00e+00	0.00e+00
3:	0.00e+00	-5.00e+01
4:	0.00e+00	-5.00e+01
5:	0.00e+00	0.00e+00
6:	0.00e+00	-5.00e+01
7:	0.00e+00	-5.00e+01
8:	0.00e+00	0.00e+00
9:	0.00e+00	-5.00e+01
10:	0.00e+00	-5.00e+01
11:	0.00e+00	0.00e+00
12:	0.00e+00	-5.00e+01
13:	0.00e+00	-5.00e+01
14:	0.00e+00	0.00e+00
15:	0.00e+00	-5.00e+01
16:	0.00e+00	-5.00e+01
17:	0.00e+00	0.00e+00
18:	0.00e+00	-5.00e+01
19:	0.00e+00	-5.00e+01
20:	0.00e+00	0.00e+00
21:	0.00e+00	-5.00e+01
22:	0.00e+00	-5.00e+01
23:	0.00e+00	0.00e+00
24:	0.00e+00	0.00e+00
25:	0.00e+00	0.00e+00
26:	-1.11e-14	0.00e+00
27:	0.00e+00	0.00e+00
28:	0.00e+00	0.00e+00
29:	0.00e+00	-4.00e+02
30:	-1.11e-16	-4.00e+02
31:	0.00e+00	0.00e+00
32:	0.00e+00	0.00e+00
33:	0.00e+00	0.00e+00
34:	0.00e+00	0.00e+00
35:	0.00e+00	0.00e+00
36:	0.00e+00	0.00e+00
37:	0.00e+00	-4.00e+02
38:	0.00e+00	-4.00e+02
39:	0.00e+00	0.00e+00
40:	0.00e+00	0.00e+00
41:	0.00e+00	0.00e+00
42:	0.00e+00	0.00e+00
43:	0.00e+00	0.00e+00
44:	0.00e+00	-1.04e-16
45:	0.00e+00	-4.00e+02
46:	0.00e+00	-4.00e+02
47:	0.00e+00	-1.04e-16
48:	0.00e+00	0.00e+00
49:	0.00e+00	0.00e+00
50:	0.00e+00	0.00e+00
51:	0.00e+00	0.00e+00
Selecting maximum: 0 with second gradient of -49.999999999999964
New op index: 27	$R_{YX-XY}$[0, 1]
Current grad: 5.755102040816333
New op index: 30	$R_{YX+XY}$[1, 2]
Current grad: 1.0010279410086065
New op index: 30	$R_{YX+XY}$[1, 2]
Current grad: 0.0008036293300358951
Precision cutoff reached.
Calculating energies for FreeWilson2D(N_x=2, N_y=2, mass=0.041, r=1.000)
h_im: 0.0
New op index: 26	$R_{YX+XY}$[0, 1]
Current grad: 1.1213252548714081e-14
0:	0.00e+00	-5.00e+01
1:	0.00e+00	-5.00e+01
2:	0.00e+00	0.00e+00
3:	0.00e+00	-5.00e+01
4:	0.00e+00	-5.00e+01
5:	0.00e+00	0.00e+00
6:	0.00e+00	-5.00e+01
7:	0.00e+00	-5.00e+01
8:	0.00e+00	0.00e+00
9:	0.00e+00	-5.00e+01
10:	0.00e+00	-5.00e+01
11:	0.00e+00	0.00e+00
12:	0.00e+00	-5.00e+01
13:	0.00e+00	-5.00e+01
14:	0.00e+00	0.00e+00
15:	0.00e+00	-5.00e+01
16:	0.00e+00	-5.00e+01
17:	0.00e+00	0.00e+00
18:	0.00e+00	-5.00e+01
19:	0.00e+00	-5.00e+01
20:	0.00e+00	0.00e+00
21:	0.00e+00	-5.00e+01
22:	0.00e+00	-5.00e+01
23:	0.00e+00	0.00e+00
24:	0.00e+00	0.00e+00
25:	0.00e+00	0.00e+00
26:	-1.11e-14	0.00e+00
27:	0.00e+00	0.00e+00
28:	0.00e+00	0.00e+00
29:	0.00e+00	-4.00e+02
30:	-1.11e-16	-4.00e+02
31:	0.00e+00	0.00e+00
32:	0.00e+00	0.00e+00
33:	0.00e+00	0.00e+00
34:	0.00e+00	0.00e+00
35:	0.00e+00	0.00e+00
36:	0.00e+00	0.00e+00
37:	0.00e+00	-4.00e+02
38:	0.00e+00	-4.00e+02
39:	0.00e+00	0.00e+00
40:	0.00e+00	0.00e+00
41:	0.00e+00	0.00e+00
42:	0.00e+00	0.00e+00
43:	0.00e+00	0.00e+00
44:	0.00e+00	-1.13e-16
45:	0.00e+00	-4.00e+02
46:	0.00e+00	-4.00e+02
47:	0.00e+00	-1.13e-16
48:	0.00e+00	0.00e+00
49:	0.00e+00	0.00e+00
50:	0.00e+00	0.00e+00
51:	0.00e+00	0.00e+00
Selecting maximum: 0 with second gradient of -49.999999999999964
New op index: 27	$R_{YX-XY}$[0, 1]
Current grad: 6.081632653061231
New op index: 30	$R_{YX+XY}$[1, 2]
Current grad: 1.0031688609523022
New op index: 30	$R_{YX+XY}$[1, 2]
Current grad: 0.0016538579004966693
Adding the same operator twice is not sensible, terminating.
Calculating energies for FreeWilson2D(N_x=2, N_y=2, mass=0.204, r=1.000)
h_im: 0.0
New op index: 26	$R_{YX+XY}$[0, 1]
Current grad: 1.1213252548714081e-14
0:	0.00e+00	-5.00e+01
1:	0.00e+00	-5.00e+01
2:	0.00e+00	0.00e+00
3:	0.00e+00	-5.00e+01
4:	0.00e+00	-5.00e+01
5:	0.00e+00	0.00e+00
6:	0.00e+00	-5.00e+01
7:	0.00e+00	-5.00e+01
8:	0.00e+00	0.00e+00
9:	0.00e+00	-5.00e+01
10:	0.00e+00	-5.00e+01
11:	0.00e+00	0.00e+00
12:	0.00e+00	-5.00e+01
13:	0.00e+00	-5.00e+01
14:	0.00e+00	0.00e+00
15:	0.00e+00	-5.00e+01
16:	0.00e+00	-5.00e+01
17:	0.00e+00	0.00e+00
18:	0.00e+00	-5.00e+01
19:	0.00e+00	-5.00e+01
20:	0.00e+00	0.00e+00
21:	0.00e+00	-5.00e+01
22:	0.00e+00	-5.00e+01
23:	0.00e+00	0.00e+00
24:	0.00e+00	0.00e+00
25:	0.00e+00	0.00e+00
26:	-1.11e-14	0.00e+00
27:	0.00e+00	0.00e+00
28:	0.00e+00	0.00e+00
29:	0.00e+00	-4.00e+02
30:	-1.11e-16	-4.00e+02
31:	0.00e+00	0.00e+00
32:	0.00e+00	0.00e+00
33:	0.00e+00	0.00e+00
34:	0.00e+00	0.00e+00
35:	0.00e+00	0.00e+00
36:	0.00e+00	0.00e+00
37:	0.00e+00	-4.00e+02
38:	0.00e+00	-4.00e+02
39:	0.00e+00	0.00e+00
40:	0.00e+00	0.00e+00
41:	0.00e+00	0.00e+00
42:	0.00e+00	0.00e+00
43:	0.00e+00	0.00e+00
44:	0.00e+00	-1.22e-16
45:	0.00e+00	-4.00e+02
46:	0.00e+00	-4.00e+02
47:	0.00e+00	-1.22e-16
48:	0.00e+00	0.00e+00
49:	0.00e+00	0.00e+00
50:	0.00e+00	0.00e+00
51:	0.00e+00	0.00e+00
Selecting maximum: 0 with second gradient of -49.999999999999964
New op index: 27	$R_{YX-XY}$[0, 1]
Current grad: 6.408163265306129
New op index: 30	$R_{YX+XY}$[1, 2]
Current grad: 1.00054734509904
New op index: 30	$R_{YX+XY}$[1, 2]
Current grad: 0.0003251163403593039
Precision cutoff reached.
Calculating energies for FreeWilson2D(N_x=2, N_y=2, mass=0.367, r=1.000)
h_im: 0.0
New op index: 26	$R_{YX+XY}$[0, 1]
Current grad: 1.1213252548714081e-14
0:	0.00e+00	-5.00e+01
1:	0.00e+00	-5.00e+01
2:	0.00e+00	0.00e+00
3:	0.00e+00	-5.00e+01
4:	0.00e+00	-5.00e+01
5:	0.00e+00	0.00e+00
6:	0.00e+00	-5.00e+01
7:	0.00e+00	-5.00e+01
8:	0.00e+00	0.00e+00
9:	0.00e+00	-5.00e+01
10:	0.00e+00	-5.00e+01
11:	0.00e+00	0.00e+00
12:	0.00e+00	-5.00e+01
13:	0.00e+00	-5.00e+01
14:	0.00e+00	0.00e+00
15:	0.00e+00	-5.00e+01
16:	0.00e+00	-5.00e+01
17:	0.00e+00	0.00e+00
18:	0.00e+00	-5.00e+01
19:	0.00e+00	-5.00e+01
20:	0.00e+00	0.00e+00
21:	0.00e+00	-5.00e+01
22:	0.00e+00	-5.00e+01
23:	0.00e+00	0.00e+00
24:	0.00e+00	0.00e+00
25:	0.00e+00	0.00e+00
26:	-1.11e-14	0.00e+00
27:	0.00e+00	0.00e+00
28:	0.00e+00	0.00e+00
29:	0.00e+00	-4.00e+02
30:	-1.11e-16	-4.00e+02
31:	0.00e+00	0.00e+00
32:	0.00e+00	0.00e+00
33:	0.00e+00	0.00e+00
34:	0.00e+00	0.00e+00
35:	0.00e+00	0.00e+00
36:	0.00e+00	0.00e+00
37:	0.00e+00	-4.00e+02
38:	0.00e+00	-4.00e+02
39:	0.00e+00	0.00e+00
40:	0.00e+00	0.00e+00
41:	0.00e+00	0.00e+00
42:	0.00e+00	0.00e+00
43:	0.00e+00	0.00e+00
44:	0.00e+00	-1.31e-16
45:	0.00e+00	-4.00e+02
46:	0.00e+00	-4.00e+02
47:	0.00e+00	-1.31e-16
48:	0.00e+00	0.00e+00
49:	0.00e+00	0.00e+00
50:	0.00e+00	0.00e+00
51:	0.00e+00	0.00e+00
Selecting maximum: 0 with second gradient of -49.999999999999964
New op index: 27	$R_{YX-XY}$[0, 1]
Current grad: 6.734693877551026
New op index: 30	$R_{YX+XY}$[1, 2]
Current grad: 1.0005907839176689
New op index: 30	$R_{YX+XY}$[1, 2]
Current grad: 0.002519747839936388
Adding the same operator twice is not sensible, terminating.
Calculating energies for FreeWilson2D(N_x=2, N_y=2, mass=0.531, r=1.000)
h_im: 0.0
New op index: 26	$R_{YX+XY}$[0, 1]
Current grad: 1.1213252548714081e-14
0:	0.00e+00	-5.00e+01
1:	0.00e+00	-5.00e+01
2:	0.00e+00	0.00e+00
3:	0.00e+00	-5.00e+01
4:	0.00e+00	-5.00e+01
5:	0.00e+00	0.00e+00
6:	0.00e+00	-5.00e+01
7:	0.00e+00	-5.00e+01
8:	0.00e+00	0.00e+00
9:	0.00e+00	-5.00e+01
10:	0.00e+00	-5.00e+01
11:	0.00e+00	0.00e+00
12:	0.00e+00	-5.00e+01
13:	0.00e+00	-5.00e+01
14:	0.00e+00	0.00e+00
15:	0.00e+00	-5.00e+01
16:	0.00e+00	-5.00e+01
17:	0.00e+00	0.00e+00
18:	0.00e+00	-5.00e+01
19:	0.00e+00	-5.00e+01
20:	0.00e+00	0.00e+00
21:	0.00e+00	-5.00e+01
22:	0.00e+00	-5.00e+01
23:	0.00e+00	0.00e+00
24:	0.00e+00	0.00e+00
25:	0.00e+00	0.00e+00
26:	-1.11e-14	0.00e+00
27:	0.00e+00	0.00e+00
28:	0.00e+00	0.00e+00
29:	0.00e+00	-4.00e+02
30:	-1.11e-16	-4.00e+02
31:	0.00e+00	0.00e+00
32:	0.00e+00	0.00e+00
33:	0.00e+00	0.00e+00
34:	0.00e+00	0.00e+00
35:	0.00e+00	0.00e+00
36:	0.00e+00	0.00e+00
37:	0.00e+00	-4.00e+02
38:	0.00e+00	-4.00e+02
39:	0.00e+00	0.00e+00
40:	0.00e+00	0.00e+00
41:	0.00e+00	0.00e+00
42:	0.00e+00	0.00e+00
43:	0.00e+00	0.00e+00
44:	0.00e+00	-1.40e-16
45:	0.00e+00	-4.00e+02
46:	0.00e+00	-4.00e+02
47:	0.00e+00	-1.40e-16
48:	0.00e+00	0.00e+00
49:	0.00e+00	0.00e+00
50:	0.00e+00	0.00e+00
51:	0.00e+00	0.00e+00
Selecting maximum: 0 with second gradient of -49.999999999999964
New op index: 27	$R_{YX-XY}$[0, 1]
Current grad: 7.061224489795924
New op index: 30	$R_{YX+XY}$[1, 2]
Current grad: 1.0017222415747244
New op index: 30	$R_{YX+XY}$[1, 2]
Current grad: 0.0019350536882188542
Adding the same operator twice is not sensible, terminating.
Calculating energies for FreeWilson2D(N_x=2, N_y=2, mass=0.694, r=1.000)
h_im: 0.0
New op index: 26	$R_{YX+XY}$[0, 1]
Current grad: 1.1213252548714081e-14
0:	0.00e+00	-5.00e+01
1:	0.00e+00	-5.00e+01
2:	0.00e+00	0.00e+00
3:	0.00e+00	-5.00e+01
4:	0.00e+00	-5.00e+01
5:	0.00e+00	0.00e+00
6:	0.00e+00	-5.00e+01
7:	0.00e+00	-5.00e+01
8:	0.00e+00	0.00e+00
9:	0.00e+00	-5.00e+01
10:	0.00e+00	-5.00e+01
11:	0.00e+00	0.00e+00
12:	0.00e+00	-5.00e+01
13:	0.00e+00	-5.00e+01
14:	0.00e+00	0.00e+00
15:	0.00e+00	-5.00e+01
16:	0.00e+00	-5.00e+01
17:	0.00e+00	0.00e+00
18:	0.00e+00	-5.00e+01
19:	0.00e+00	-5.00e+01
20:	0.00e+00	0.00e+00
21:	0.00e+00	-5.00e+01
22:	0.00e+00	-5.00e+01
23:	0.00e+00	0.00e+00
24:	0.00e+00	0.00e+00
25:	0.00e+00	0.00e+00
26:	-1.11e-14	0.00e+00
27:	0.00e+00	0.00e+00
28:	0.00e+00	0.00e+00
29:	0.00e+00	-4.00e+02
30:	-1.11e-16	-4.00e+02
31:	0.00e+00	0.00e+00
32:	0.00e+00	0.00e+00
33:	0.00e+00	0.00e+00
34:	0.00e+00	0.00e+00
35:	0.00e+00	0.00e+00
36:	0.00e+00	0.00e+00
37:	0.00e+00	-4.00e+02
38:	0.00e+00	-4.00e+02
39:	0.00e+00	0.00e+00
40:	0.00e+00	0.00e+00
41:	0.00e+00	0.00e+00
42:	0.00e+00	0.00e+00
43:	0.00e+00	0.00e+00
44:	0.00e+00	-1.50e-16
45:	0.00e+00	-4.00e+02
46:	0.00e+00	-4.00e+02
47:	0.00e+00	-1.50e-16
48:	0.00e+00	0.00e+00
49:	0.00e+00	0.00e+00
50:	0.00e+00	0.00e+00
51:	0.00e+00	0.00e+00
Selecting maximum: 0 with second gradient of -49.999999999999964
New op index: 27	$R_{YX-XY}$[0, 1]
Current grad: 7.387755102040822
New op index: 30	$R_{YX+XY}$[1, 2]
Current grad: 1.0009568254365093
New op index: 30	$R_{YX+XY}$[1, 2]
Current grad: 0.008839482021536685
Adding the same operator twice is not sensible, terminating.
Calculating energies for FreeWilson2D(N_x=2, N_y=2, mass=0.857, r=1.000)
h_im: 0.0
New op index: 26	$R_{YX+XY}$[0, 1]
Current grad: 1.1213252548714081e-14
0:	0.00e+00	-5.00e+01
1:	0.00e+00	-5.00e+01
2:	0.00e+00	0.00e+00
3:	0.00e+00	-5.00e+01
4:	0.00e+00	-5.00e+01
5:	0.00e+00	0.00e+00
6:	0.00e+00	-5.00e+01
7:	0.00e+00	-5.00e+01
8:	0.00e+00	0.00e+00
9:	0.00e+00	-5.00e+01
10:	0.00e+00	-5.00e+01
11:	0.00e+00	0.00e+00
12:	0.00e+00	-5.00e+01
13:	0.00e+00	-5.00e+01
14:	0.00e+00	0.00e+00
15:	0.00e+00	-5.00e+01
16:	0.00e+00	-5.00e+01
17:	0.00e+00	0.00e+00
18:	0.00e+00	-5.00e+01
19:	0.00e+00	-5.00e+01
20:	0.00e+00	0.00e+00
21:	0.00e+00	-5.00e+01
22:	0.00e+00	-5.00e+01
23:	0.00e+00	0.00e+00
24:	0.00e+00	0.00e+00
25:	0.00e+00	0.00e+00
26:	-1.11e-14	0.00e+00
27:	0.00e+00	0.00e+00
28:	0.00e+00	0.00e+00
29:	0.00e+00	-4.00e+02
30:	-1.11e-16	-4.00e+02
31:	0.00e+00	0.00e+00
32:	0.00e+00	0.00e+00
33:	0.00e+00	0.00e+00
34:	0.00e+00	0.00e+00
35:	0.00e+00	0.00e+00
36:	0.00e+00	0.00e+00
37:	0.00e+00	-4.00e+02
38:	0.00e+00	-4.00e+02
39:	0.00e+00	0.00e+00
40:	0.00e+00	0.00e+00
41:	0.00e+00	0.00e+00
42:	0.00e+00	0.00e+00
43:	0.00e+00	0.00e+00
44:	0.00e+00	-1.59e-16
45:	0.00e+00	-4.00e+02
46:	0.00e+00	-4.00e+02
47:	0.00e+00	-1.59e-16
48:	0.00e+00	0.00e+00
49:	0.00e+00	0.00e+00
50:	0.00e+00	0.00e+00
51:	0.00e+00	0.00e+00
Selecting maximum: 0 with second gradient of -49.999999999999964
New op index: 27	$R_{YX-XY}$[0, 1]
Current grad: 7.714285714285721
New op index: 30	$R_{YX+XY}$[1, 2]
Current grad: 1.0027830429431772
New op index: 30	$R_{YX+XY}$[1, 2]
Current grad: 0.00051004566790646
Precision cutoff reached.
Calculating energies for FreeWilson2D(N_x=2, N_y=2, mass=1.020, r=1.000)
h_im: 0.0
New op index: 26	$R_{YX+XY}$[0, 1]
Current grad: 1.1213252548714081e-14
0:	0.00e+00	-5.00e+01
1:	0.00e+00	-5.00e+01
2:	0.00e+00	0.00e+00
3:	0.00e+00	-5.00e+01
4:	0.00e+00	-5.00e+01
5:	0.00e+00	0.00e+00
6:	0.00e+00	-5.00e+01
7:	0.00e+00	-5.00e+01
8:	0.00e+00	0.00e+00
9:	0.00e+00	-5.00e+01
10:	0.00e+00	-5.00e+01
11:	0.00e+00	0.00e+00
12:	0.00e+00	-5.00e+01
13:	0.00e+00	-5.00e+01
14:	0.00e+00	0.00e+00
15:	0.00e+00	-5.00e+01
16:	0.00e+00	-5.00e+01
17:	0.00e+00	0.00e+00
18:	0.00e+00	-5.00e+01
19:	0.00e+00	-5.00e+01
20:	0.00e+00	0.00e+00
21:	0.00e+00	-5.00e+01
22:	0.00e+00	-5.00e+01
23:	0.00e+00	0.00e+00
24:	0.00e+00	0.00e+00
25:	0.00e+00	0.00e+00
26:	-1.11e-14	0.00e+00
27:	0.00e+00	0.00e+00
28:	0.00e+00	0.00e+00
29:	0.00e+00	-4.00e+02
30:	-1.11e-16	-4.00e+02
31:	0.00e+00	0.00e+00
32:	0.00e+00	0.00e+00
33:	0.00e+00	0.00e+00
34:	0.00e+00	0.00e+00
35:	0.00e+00	0.00e+00
36:	0.00e+00	0.00e+00
37:	0.00e+00	-4.00e+02
38:	0.00e+00	-4.00e+02
39:	0.00e+00	0.00e+00
40:	0.00e+00	0.00e+00
41:	0.00e+00	0.00e+00
42:	0.00e+00	0.00e+00
43:	0.00e+00	0.00e+00
44:	0.00e+00	-1.68e-16
45:	0.00e+00	-4.00e+02
46:	0.00e+00	-4.00e+02
47:	0.00e+00	-1.68e-16
48:	0.00e+00	0.00e+00
49:	0.00e+00	0.00e+00
50:	0.00e+00	0.00e+00
51:	0.00e+00	0.00e+00
Selecting maximum: 0 with second gradient of -49.999999999999964
New op index: 27	$R_{YX-XY}$[0, 1]
Current grad: 8.040816326530619
New op index: 30	$R_{YX+XY}$[1, 2]
Current grad: 1.0005092055626574
New op index: 30	$R_{YX+XY}$[1, 2]
Current grad: 0.0016953236750676557
Adding the same operator twice is not sensible, terminating.
Calculating energies for FreeWilson2D(N_x=2, N_y=2, mass=1.184, r=1.000)
h_im: 0.0
New op index: 26	$R_{YX+XY}$[0, 1]
Current grad: 1.1213252548714081e-14
0:	0.00e+00	-5.00e+01
1:	0.00e+00	-5.00e+01
2:	0.00e+00	0.00e+00
3:	0.00e+00	-5.00e+01
4:	0.00e+00	-5.00e+01
5:	0.00e+00	0.00e+00
6:	0.00e+00	-5.00e+01
7:	0.00e+00	-5.00e+01
8:	0.00e+00	0.00e+00
9:	0.00e+00	-5.00e+01
10:	0.00e+00	-5.00e+01
11:	0.00e+00	0.00e+00
12:	0.00e+00	-5.00e+01
13:	0.00e+00	-5.00e+01
14:	0.00e+00	0.00e+00
15:	0.00e+00	-5.00e+01
16:	0.00e+00	-5.00e+01
17:	0.00e+00	0.00e+00
18:	0.00e+00	-5.00e+01
19:	0.00e+00	-5.00e+01
20:	0.00e+00	0.00e+00
21:	0.00e+00	-5.00e+01
22:	0.00e+00	-5.00e+01
23:	0.00e+00	0.00e+00
24:	0.00e+00	0.00e+00
25:	0.00e+00	0.00e+00
26:	-1.11e-14	0.00e+00
27:	0.00e+00	0.00e+00
28:	0.00e+00	0.00e+00
29:	0.00e+00	-4.00e+02
30:	-1.11e-16	-4.00e+02
31:	0.00e+00	0.00e+00
32:	0.00e+00	0.00e+00
33:	0.00e+00	0.00e+00
34:	0.00e+00	0.00e+00
35:	0.00e+00	0.00e+00
36:	0.00e+00	0.00e+00
37:	0.00e+00	-4.00e+02
38:	0.00e+00	-4.00e+02
39:	0.00e+00	0.00e+00
40:	0.00e+00	0.00e+00
41:	0.00e+00	0.00e+00
42:	0.00e+00	0.00e+00
43:	0.00e+00	0.00e+00
44:	0.00e+00	-1.77e-16
45:	0.00e+00	-4.00e+02
46:	0.00e+00	-4.00e+02
47:	0.00e+00	-1.77e-16
48:	0.00e+00	0.00e+00
49:	0.00e+00	0.00e+00
50:	0.00e+00	0.00e+00
51:	0.00e+00	0.00e+00
Selecting maximum: 0 with second gradient of -49.999999999999964
New op index: 27	$R_{YX-XY}$[0, 1]
Current grad: 8.367346938775514
New op index: 30	$R_{YX+XY}$[1, 2]
Current grad: 1.0000105226009361
New op index: 42	$R_{YX+XY}$[4, 5]
Current grad: 800.0009607932037
New op index: 46	$R_{YX+XY}$[5, 6]
Current grad: 2.000301047899709
New op index: 46	$R_{YX+XY}$[5, 6]
Current grad: 0.00092343052977
Precision cutoff reached.
Calculating energies for FreeWilson2D(N_x=2, N_y=2, mass=1.347, r=1.000)
h_im: 0.0
New op index: 26	$R_{YX+XY}$[0, 1]
Current grad: 1.1213252548714081e-14
0:	0.00e+00	-5.00e+01
1:	0.00e+00	-5.00e+01
2:	0.00e+00	0.00e+00
3:	0.00e+00	-5.00e+01
4:	0.00e+00	-5.00e+01
5:	0.00e+00	0.00e+00
6:	0.00e+00	-5.00e+01
7:	0.00e+00	-5.00e+01
8:	0.00e+00	0.00e+00
9:	0.00e+00	-5.00e+01
10:	0.00e+00	-5.00e+01
11:	0.00e+00	0.00e+00
12:	0.00e+00	-5.00e+01
13:	0.00e+00	-5.00e+01
14:	0.00e+00	0.00e+00
15:	0.00e+00	-5.00e+01
16:	0.00e+00	-5.00e+01
17:	0.00e+00	0.00e+00
18:	0.00e+00	-5.00e+01
19:	0.00e+00	-5.00e+01
20:	0.00e+00	0.00e+00
21:	0.00e+00	-5.00e+01
22:	0.00e+00	-5.00e+01
23:	0.00e+00	0.00e+00
24:	0.00e+00	0.00e+00
25:	0.00e+00	0.00e+00
26:	-1.11e-14	0.00e+00
27:	0.00e+00	0.00e+00
28:	0.00e+00	0.00e+00
29:	0.00e+00	-4.00e+02
30:	-1.11e-16	-4.00e+02
31:	0.00e+00	0.00e+00
32:	0.00e+00	0.00e+00
33:	0.00e+00	0.00e+00
34:	0.00e+00	0.00e+00
35:	0.00e+00	0.00e+00
36:	0.00e+00	0.00e+00
37:	0.00e+00	-4.00e+02
38:	0.00e+00	-4.00e+02
39:	0.00e+00	0.00e+00
40:	0.00e+00	0.00e+00
41:	0.00e+00	0.00e+00
42:	0.00e+00	0.00e+00
43:	0.00e+00	0.00e+00
44:	0.00e+00	-1.86e-16
45:	0.00e+00	-4.00e+02
46:	0.00e+00	-4.00e+02
47:	0.00e+00	-1.86e-16
48:	0.00e+00	0.00e+00
49:	0.00e+00	0.00e+00
50:	0.00e+00	0.00e+00
51:	0.00e+00	0.00e+00
Selecting maximum: 0 with second gradient of -49.999999999999964
New op index: 27	$R_{YX-XY}$[0, 1]
Current grad: 8.693877551020412
New op index: 30	$R_{YX+XY}$[1, 2]
Current grad: 1.0000676108217352
New op index: 30	$R_{YX+XY}$[1, 2]
Current grad: 6.765008812358602e-05
Precision cutoff reached.
Calculating energies for FreeWilson2D(N_x=2, N_y=2, mass=1.510, r=1.000)
h_im: 0.0
New op index: 26	$R_{YX+XY}$[0, 1]
Current grad: 1.1213252548714081e-14
0:	0.00e+00	-5.00e+01
1:	0.00e+00	-5.00e+01
2:	0.00e+00	0.00e+00
3:	0.00e+00	-5.00e+01
4:	0.00e+00	-5.00e+01
5:	0.00e+00	0.00e+00
6:	0.00e+00	-5.00e+01
7:	0.00e+00	-5.00e+01
8:	0.00e+00	0.00e+00
9:	0.00e+00	-5.00e+01
10:	0.00e+00	-5.00e+01
11:	0.00e+00	0.00e+00
12:	0.00e+00	-5.00e+01
13:	0.00e+00	-5.00e+01
14:	0.00e+00	0.00e+00
15:	0.00e+00	-5.00e+01
16:	0.00e+00	-5.00e+01
17:	0.00e+00	0.00e+00
18:	0.00e+00	-5.00e+01
19:	0.00e+00	-5.00e+01
20:	0.00e+00	0.00e+00
21:	0.00e+00	-5.00e+01
22:	0.00e+00	-5.00e+01
23:	0.00e+00	0.00e+00
24:	0.00e+00	0.00e+00
25:	0.00e+00	0.00e+00
26:	-1.11e-14	0.00e+00
27:	0.00e+00	0.00e+00
28:	0.00e+00	0.00e+00
29:	0.00e+00	-4.00e+02
30:	-1.11e-16	-4.00e+02
31:	0.00e+00	0.00e+00
32:	0.00e+00	0.00e+00
33:	0.00e+00	0.00e+00
34:	0.00e+00	0.00e+00
35:	0.00e+00	0.00e+00
36:	0.00e+00	0.00e+00
37:	0.00e+00	-4.00e+02
38:	0.00e+00	-4.00e+02
39:	0.00e+00	0.00e+00
40:	0.00e+00	0.00e+00
41:	0.00e+00	0.00e+00
42:	0.00e+00	0.00e+00
43:	0.00e+00	0.00e+00
44:	0.00e+00	-1.95e-16
45:	0.00e+00	-4.00e+02
46:	0.00e+00	-4.00e+02
47:	0.00e+00	-1.95e-16
48:	0.00e+00	0.00e+00
49:	0.00e+00	0.00e+00
50:	0.00e+00	0.00e+00
51:	0.00e+00	0.00e+00
Selecting maximum: 0 with second gradient of -49.999999999999964
New op index: 27	$R_{YX-XY}$[0, 1]
Current grad: 9.02040816326531
New op index: 30	$R_{YX+XY}$[1, 2]
Current grad: 1.0097747631917278
New op index: 30	$R_{YX+XY}$[1, 2]
Current grad: 0.010404921752365542
Adding the same operator twice is not sensible, terminating.
Calculating energies for FreeWilson2D(N_x=2, N_y=2, mass=1.673, r=1.000)
h_im: 0.0
New op index: 26	$R_{YX+XY}$[0, 1]
Current grad: 1.1213252548714081e-14
0:	0.00e+00	-5.00e+01
1:	0.00e+00	-5.00e+01
2:	0.00e+00	0.00e+00
3:	0.00e+00	-5.00e+01
4:	0.00e+00	-5.00e+01
5:	0.00e+00	0.00e+00
6:	0.00e+00	-5.00e+01
7:	0.00e+00	-5.00e+01
8:	0.00e+00	0.00e+00
9:	0.00e+00	-5.00e+01
10:	0.00e+00	-5.00e+01
11:	0.00e+00	0.00e+00
12:	0.00e+00	-5.00e+01
13:	0.00e+00	-5.00e+01
14:	0.00e+00	0.00e+00
15:	0.00e+00	-5.00e+01
16:	0.00e+00	-5.00e+01
17:	0.00e+00	0.00e+00
18:	0.00e+00	-5.00e+01
19:	0.00e+00	-5.00e+01
20:	0.00e+00	0.00e+00
21:	0.00e+00	-5.00e+01
22:	0.00e+00	-5.00e+01
23:	0.00e+00	0.00e+00
24:	0.00e+00	0.00e+00
25:	0.00e+00	0.00e+00
26:	-1.11e-14	0.00e+00
27:	0.00e+00	0.00e+00
28:	0.00e+00	0.00e+00
29:	0.00e+00	-4.00e+02
30:	-1.11e-16	-4.00e+02
31:	0.00e+00	0.00e+00
32:	0.00e+00	0.00e+00
33:	0.00e+00	0.00e+00
34:	0.00e+00	0.00e+00
35:	0.00e+00	0.00e+00
36:	0.00e+00	0.00e+00
37:	0.00e+00	-4.00e+02
38:	0.00e+00	-4.00e+02
39:	0.00e+00	0.00e+00
40:	0.00e+00	0.00e+00
41:	0.00e+00	0.00e+00
42:	0.00e+00	0.00e+00
43:	0.00e+00	0.00e+00
44:	0.00e+00	-2.04e-16
45:	0.00e+00	-4.00e+02
46:	0.00e+00	-4.00e+02
47:	0.00e+00	-2.04e-16
48:	0.00e+00	0.00e+00
49:	0.00e+00	0.00e+00
50:	0.00e+00	0.00e+00
51:	0.00e+00	0.00e+00
Selecting maximum: 0 with second gradient of -49.999999999999964
New op index: 27	$R_{YX-XY}$[0, 1]
Current grad: 9.346938775510209
New op index: 30	$R_{YX+XY}$[1, 2]
Current grad: 1.00165795394908
New op index: 30	$R_{YX+XY}$[1, 2]
Current grad: 0.0054609421557600115
Adding the same operator twice is not sensible, terminating.
Calculating energies for FreeWilson2D(N_x=2, N_y=2, mass=1.837, r=1.000)
h_im: 0.0
New op index: 26	$R_{YX+XY}$[0, 1]
Current grad: 1.1213252548714081e-14
0:	0.00e+00	-5.00e+01
1:	0.00e+00	-5.00e+01
2:	0.00e+00	0.00e+00
3:	0.00e+00	-5.00e+01
4:	0.00e+00	-5.00e+01
5:	0.00e+00	0.00e+00
6:	0.00e+00	-5.00e+01
7:	0.00e+00	-5.00e+01
8:	0.00e+00	0.00e+00
9:	0.00e+00	-5.00e+01
10:	0.00e+00	-5.00e+01
11:	0.00e+00	0.00e+00
12:	0.00e+00	-5.00e+01
13:	0.00e+00	-5.00e+01
14:	0.00e+00	0.00e+00
15:	0.00e+00	-5.00e+01
16:	0.00e+00	-5.00e+01
17:	0.00e+00	0.00e+00
18:	0.00e+00	-5.00e+01
19:	0.00e+00	-5.00e+01
20:	0.00e+00	0.00e+00
21:	0.00e+00	-5.00e+01
22:	0.00e+00	-5.00e+01
23:	0.00e+00	0.00e+00
24:	0.00e+00	0.00e+00
25:	0.00e+00	0.00e+00
26:	-1.11e-14	0.00e+00
27:	0.00e+00	0.00e+00
28:	0.00e+00	0.00e+00
29:	0.00e+00	-4.00e+02
30:	-1.11e-16	-4.00e+02
31:	0.00e+00	0.00e+00
32:	0.00e+00	0.00e+00
33:	0.00e+00	0.00e+00
34:	0.00e+00	0.00e+00
35:	0.00e+00	0.00e+00
36:	0.00e+00	0.00e+00
37:	0.00e+00	-4.00e+02
38:	0.00e+00	-4.00e+02
39:	0.00e+00	0.00e+00
40:	0.00e+00	0.00e+00
41:	0.00e+00	0.00e+00
42:	0.00e+00	0.00e+00
43:	0.00e+00	0.00e+00
44:	0.00e+00	-2.13e-16
45:	0.00e+00	-4.00e+02
46:	0.00e+00	-4.00e+02
47:	0.00e+00	-2.13e-16
48:	0.00e+00	0.00e+00
49:	0.00e+00	0.00e+00
50:	0.00e+00	0.00e+00
51:	0.00e+00	0.00e+00
Selecting maximum: 0 with second gradient of -49.999999999999964
New op index: 27	$R_{YX-XY}$[0, 1]
Current grad: 9.673469387755107
New op index: 30	$R_{YX+XY}$[1, 2]
Current grad: 1.000036830828625
New op index: 0	$R_X$[0]
Current grad: 0.0002204543095463522
Precision cutoff reached.
Calculating energies for FreeWilson2D(N_x=2, N_y=2, mass=2.000, r=1.000)
h_im: 0.0
New op index: 26	$R_{YX+XY}$[0, 1]
Current grad: 1.1213252548714081e-14
0:	0.00e+00	-5.00e+01
1:	0.00e+00	-5.00e+01
2:	0.00e+00	0.00e+00
3:	0.00e+00	-5.00e+01
4:	0.00e+00	-5.00e+01
5:	0.00e+00	0.00e+00
6:	0.00e+00	-5.00e+01
7:	0.00e+00	-5.00e+01
8:	0.00e+00	0.00e+00
9:	0.00e+00	-5.00e+01
10:	0.00e+00	-5.00e+01
11:	0.00e+00	0.00e+00
12:	0.00e+00	-5.00e+01
13:	0.00e+00	-5.00e+01
14:	0.00e+00	0.00e+00
15:	0.00e+00	-5.00e+01
16:	0.00e+00	-5.00e+01
17:	0.00e+00	0.00e+00
18:	0.00e+00	-5.00e+01
19:	0.00e+00	-5.00e+01
20:	0.00e+00	0.00e+00
21:	0.00e+00	-5.00e+01
22:	0.00e+00	-5.00e+01
23:	0.00e+00	0.00e+00
24:	0.00e+00	0.00e+00
25:	0.00e+00	0.00e+00
26:	-1.11e-14	0.00e+00
27:	0.00e+00	0.00e+00
28:	0.00e+00	0.00e+00
29:	0.00e+00	-4.00e+02
30:	-1.11e-16	-4.00e+02
31:	0.00e+00	0.00e+00
32:	0.00e+00	0.00e+00
33:	0.00e+00	0.00e+00
34:	0.00e+00	0.00e+00
35:	0.00e+00	0.00e+00
36:	0.00e+00	0.00e+00
37:	0.00e+00	-4.00e+02
38:	0.00e+00	-4.00e+02
39:	0.00e+00	0.00e+00
40:	0.00e+00	0.00e+00
41:	0.00e+00	0.00e+00
42:	0.00e+00	0.00e+00
43:	0.00e+00	0.00e+00
44:	0.00e+00	-2.22e-16
45:	0.00e+00	-4.00e+02
46:	0.00e+00	-4.00e+02
47:	0.00e+00	-2.22e-16
48:	0.00e+00	0.00e+00
49:	0.00e+00	0.00e+00
50:	0.00e+00	0.00e+00
51:	0.00e+00	0.00e+00
Selecting maximum: 0 with second gradient of -49.999999999999964
New op index: 27	$R_{YX-XY}$[0, 1]
Current grad: 10.000000000000004
New op index: 30	$R_{YX+XY}$[1, 2]
Current grad: 1.0000118877120416
New op index: 30	$R_{YX+XY}$[1, 2]
Current grad: 0.004925101469507694
Adding the same operator twice is not sensible, terminating.
-----Beginning pprint-----
/:
	Attributes:
		ProcessId: 23956503
	2025-11-19_11-28-02-23956503:
		Attributes:
			HamiltonianType: ZeroChargePenalty
			Last-Modified: 2025-11-19_11-28-02
			ProcessId: 23956503
			SimulatorType: Statevector
			SolverName: AdaptVQE
			SystemName: FreeWilson2D
			n_x: 2
			n_y: 2
			r: 1.0
		AdaptOptions:
			Attributes:
				gradient_hamiltonian_type: HamiltonianType.ZeroChargePenalty
				max_depth: 50
				prec_cutoff: 0.001
				precision: 0
		AnsatzOperatorDerivatives: Dataset (dtype=float64, shape=(50, 7, 52), maxshape=(50, None, 52))
			Attributes:
				DIMENSION_LABELS: ['mass' 'AnsatzOperatorAxis' 'AnsatzPoolOperatorAxis']
				NDataDims: 2
		AnsatzOperatorSecondDerivatives: Dataset (dtype=float64, shape=(50, 7, 52), maxshape=(50, None, 52))
			Attributes:
				DIMENSION_LABELS: ['mass' 'AnsatzOperatorAxis' 'AnsatzPoolOperatorAxis']
				NDataDims: 2
		AnsatzOperators: Dataset (dtype=int64, shape=(50, 6), maxshape=(50, None))
			Attributes:
				DIMENSION_LABELS: ['mass' 'AnsatzOperatorAxis']
				NDataDims: 1
		Circuit:
			Attributes:
				Ansatz: HardwareAdaptAnsatz20
			AnsatzOptions:
				Attributes:
					num_qubits: 8
		CircuitParameters: Dataset (dtype=float64, shape=(50, 370, 6), maxshape=(50, None, None))
			Attributes:
				DIMENSION_LABELS: ['mass' 'IterationAxis' 'CircuitParameterAxis']
				NDataDims: 2
		Data:
			Attributes:
			evs:
				Attributes:
				Hamiltonian: Dataset (dtype=float64, shape=(50, 370), maxshape=(50, None))
					Attributes:
						DIMENSION_LABELS: ['mass' 'IterationAxis']
						NDataDims: 1
			stds:
				Attributes:
				Hamiltonian: Dataset (dtype=float64, shape=(50, 370), maxshape=(50, None))
					Attributes:
						DIMENSION_LABELS: ['mass' 'IterationAxis']
						NDataDims: 1
		EstimatorOptions:
			Attributes:
				_VERSION: 2
				default_precision: Unset
				default_shots: Unset
				experimental: Unset
				max_execution_time: Unset
				resilience_level: Unset
				seed_estimator: 23956503
			dynamical_decoupling:
				Attributes:
					enable: Unset
					extra_slack_distribution: Unset
					scheduling_method: Unset
					sequence_type: Unset
					skip_reset_qubits: Unset
			environment:
				Attributes:
					callback: None
					job_tags: None
					log_level: WARNING
					private: False
			execution:
				Attributes:
					init_qubits: Unset
					rep_delay: Unset
			resilience:
				Attributes:
					layer_noise_model: Unset
					measure_mitigation: Unset
					pec_mitigation: Unset
					zne_mitigation: Unset
				layer_noise_learning:
					Attributes:
						layer_pair_depths: Unset
						max_layers_to_learn: Unset
						num_randomizations: Unset
						shots_per_randomization: Unset
				measure_noise_learning:
					Attributes:
						num_randomizations: Unset
						shots_per_randomization: Unset
				pec:
					Attributes:
						max_overhead: Unset
						noise_gain: Unset
				zne:
					Attributes:
						amplifier: Unset
						extrapolated_noise_factors: Unset
						extrapolator: Unset
						noise_factors: Unset
			simulator:
				Attributes:
					basis_gates: Unset
					coupling_map: Unset
					noise_model: Unset
					seed_simulator: Unset
			twirling:
				Attributes:
					enable_gates: Unset
					enable_measure: Unset
					num_randomizations: Unset
					shots_per_randomization: Unset
					strategy: Unset
		MetaData:
			Attributes:
			circuit_metadata: Dataset (dtype=object, shape=(50, 370), maxshape=(50, None))
				Attributes:
					DIMENSION_LABELS: ['mass' 'IterationAxis']
					NDataDims: 1
			target_precision: Dataset (dtype=float64, shape=(50, 370), maxshape=(50, None))
				Attributes:
					DIMENSION_LABELS: ['mass' 'IterationAxis']
					NDataDims: 1
			version: Dataset (dtype=int64, shape=(50, 370), maxshape=(50, None))
				Attributes:
					DIMENSION_LABELS: ['mass' 'IterationAxis']
					NDataDims: 1
		NIterations: Dataset (dtype=int64, shape=(50,), maxshape=(50,))
			Attributes:
				DIMENSION_LABELS: ['mass']
				NDataDims: 0
		OptimizerOptions:
			Attributes:
				bounds: None
				callback: None
				constraints: []
				method: slsqp
				tol: None
				x0Seed: 23956503
			options:
				Attributes:
					disp: 0
					maxiter: 20000
		PresetPassManagerOptions:
			Attributes:
		SimulatorOptions:
			Attributes:
		StartIterations: Dataset (dtype=int64, shape=(50, 6), maxshape=(50, None))
			Attributes:
				DIMENSION_LABELS: ['mass' 'AnsatzOperatorAxis']
				NDataDims: 1
		VersionInfo:
			Attributes:
				QiskitAerVersion: 0.17.1
				QiskitIBMRuntimeVersion: 0.41.1
				QiskitVersion: 2.1.2
		mass: Dataset (dtype=float64, shape=(50,), maxshape=(50,))
			Attributes:
-----Ending pprint-----
End 2025-11-19 11:28:55 | 23956503 MyPyJob | lmnode208 | /home/s6nidich_hpc/PycharmProjects/QC-MasterThesis 

