Start 2026-07-30 13:21:02 | 26737543 MyPyJob | lmnode193 | /home/s6nidich_hpc/PycharmProjects/QC-MasterThesis 

Used python interpreter:
/home/s6nidich_hpc/PycharmProjects/QC-MasterThesis/.venv_intel_3_12_3/bin/python
Python version:
Python 3.12.3

Currently Loaded Modules:
  1) GCCcore/14.3.0                    8) Tcl/9.0.1-GCCcore-14.3.0
  2) zlib/1.3.1-GCCcore-14.3.0         9) SQLite/3.50.1-GCCcore-14.3.0
  3) binutils/2.44-GCCcore-14.3.0     10) XZ/5.8.1-GCCcore-14.3.0
  4) bzip2/1.0.8-GCCcore-14.3.0       11) libffi/3.5.1-GCCcore-14.3.0
  5) ncurses/6.5-GCCcore-14.3.0       12) OpenSSL/3
  6) libreadline/8.2-GCCcore-14.3.0   13) Python/3.13.5-GCCcore-14.3.0
  7) libtommath/1.3.0-GCCcore-14.3.0

 

Start of Program:

-----Beginning pprint-----
/:
	Attributes:
-----Ending pprint-----
Calculating energies for FreeWilson2D(N_x=2, N_y=2, mass=-6.000, r=1.000)
h_im: 0.0
New op index: 13	$R_Y$[4]
Current grad: 17.999999999999986
242.49999999999991 
 [42.         43.99999999 42.         42.         44.49999999 42.
 42.         44.49999999 42.         42.         44.56155281 43.
 42.         44.56155281 43.         42.         44.49999999 42.
 42.         44.49999999 42.         42.         43.99999999 42.
 42.         42.         42.         42.         42.         42.
 42.         43.         43.         42.         42.         42.
 42.         43.         43.         42.         42.         42.
 42.         42.         42.        ]
Optimization terminated successfully    (Exit mode 0)
            Current function value: 197.9384471871961
            Iterations: 1
            Function evaluations: 2
            Gradient evaluations: 1
New op index: 7	$R_Y$[2]
Current grad: 340.44373009671204
197.9384471871961 
 [ 0.00000000e+00  5.19408510e+01  0.00000000e+00  0.00000000e+00
  4.84410510e+01  0.00000000e+00  0.00000000e+00  5.24408510e+01
  0.00000000e+00  0.00000000e+00  4.74384472e+01  0.00000000e+00
  0.00000000e+00 -9.76842784e-09  0.00000000e+00  0.00000000e+00
  5.19384472e+01  0.00000000e+00  0.00000000e+00  4.84410510e+01
  0.00000000e+00  0.00000000e+00  5.19408510e+01  0.00000000e+00
  0.00000000e+00  0.00000000e+00  0.00000000e+00  0.00000000e+00
  0.00000000e+00  0.00000000e+00  0.00000000e+00  0.00000000e+00
  0.00000000e+00  0.00000000e+00  0.00000000e+00  0.00000000e+00
  0.00000000e+00  0.00000000e+00  0.00000000e+00  0.00000000e+00
  0.00000000e+00  0.00000000e+00  0.00000000e+00  0.00000000e+00
  0.00000000e+00]
Optimization terminated successfully    (Exit mode 0)
            Current function value: 145.49759620940642
            Iterations: 1
            Function evaluations: 6
            Gradient evaluations: 1
New op index: 19	$R_Y$[6]
Current grad: 12.495203354098273
145.49759620940642 
 [-2.68314295e-08  1.99882162e+00 -2.68314295e-08 -2.68728115e-08
  1.60018005e+00 -2.67238818e-08 -2.67238818e-08 -4.22741664e-09
 -2.66054769e-08 -2.69939733e-08  1.56244121e+00 -2.67238818e-08
 -2.67238818e-08 -6.32152819e-09 -2.67238818e-08 -2.61319144e-08
  1.99759619e+00 -2.61319144e-08 -2.68404676e-08  2.55914894e+00
 -2.68404676e-08 -2.69294844e-08  1.99882162e+00 -2.69294844e-08
 -2.68728115e-08 -2.67238818e-08 -2.67238818e-08 -2.67238818e-08
 -2.67238818e-08 -2.67238818e-08 -2.67238818e-08 -2.67238818e-08
 -2.67238818e-08 -2.67238818e-08 -2.67238818e-08 -2.67238818e-08
 -2.67238818e-08 -2.67238818e-08 -2.67238818e-08 -2.68404676e-08
 -2.68404676e-08 -2.68404676e-08 -2.69294844e-08 -2.69294844e-08
 -2.69294844e-08]
Optimization terminated successfully    (Exit mode 0)
            Current function value: 142.93844723827496
            Iterations: 1
            Function evaluations: 7
            Gradient evaluations: 1
New op index: 1	$R_Y$[0]
Current grad: 244.53861860639
142.93844723827496 
 [-2.83389170e-08  5.19408510e+01 -2.83389170e-08 -2.82364567e-08
  4.74458585e+01 -2.87097919e-08 -2.28802435e-08  7.03730052e-09
 -2.79079018e-08 -2.82651342e-08  4.74432547e+01 -2.87097919e-08
 -2.92494065e-08 -4.14071934e-07 -2.87097919e-08 -2.77719607e-08
  5.14432551e+01 -2.87097919e-08 -2.87097919e-08  4.75506567e-08
 -2.71914757e-08 -2.74046386e-08  5.14432549e+01 -2.87097919e-08
 -2.82364567e-08 -2.87097919e-08 -2.87097919e-08 -2.28802435e-08
 -1.21936353e-07 -2.87097919e-08 -3.79292828e-08  9.42904421e-09
 -2.87097919e-08 -2.92494065e-08 -4.14084411e-08 -2.87097919e-08
 -3.77196727e-08  3.82609358e-08 -2.87097919e-08 -2.87097919e-08
 -2.87097919e-08 -2.87097919e-08 -2.87097919e-08 -2.87097919e-08
 -2.87097919e-08]
Optimization terminated successfully    (Exit mode 0)
            Current function value: 90.99759620940631
            Iterations: 1
            Function evaluations: 8
            Gradient evaluations: 1
New op index: 4	$R_Y$[1]
Current grad: 8.000015492375951
90.99759620940631 
 [-2.66182667e-08 -4.16542889e-08 -2.67823168e-08 -2.61290296e-08
  1.59897506e+00 -2.62516835e-08 -2.92568814e-08 -2.76876619e-08
 -2.60394160e-08 -2.65201692e-08  1.56244109e+00 -2.62516835e-08
 -2.66461626e-08 -6.07318924e-08 -2.62516835e-08 -2.61452868e-08
  1.56039274e+00 -2.62516835e-08 -2.70494809e-08 -2.73832370e-08
 -2.55277115e-08 -2.66428515e-08  1.56039241e+00 -2.62516835e-08
 -2.84300938e-08 -2.89449673e-08 -2.62516835e-08 -2.92568814e-08
 -2.69434963e-08 -2.62516835e-08 -2.68205156e-08 -2.60786663e-08
 -2.62516835e-08 -2.66461626e-08 -2.88613791e-08 -2.62516835e-08
 -2.63638640e-08 -2.66787907e-08 -2.62516835e-08 -2.70494809e-08
 -2.81051200e-08 -2.62516835e-08 -2.62710813e-08 -2.82597910e-08
 -2.62516835e-08]
Optimization terminated successfully    (Exit mode 0)
            Current function value: 89.39862092261401
            Iterations: 1
            Function evaluations: 8
            Gradient evaluations: 1
New op index: 16	$R_Y$[5]
Current grad: 147.28812602904077
89.39862092261401 
 [-3.16248361e-10 -3.03086466e-07  5.18833758e-08 -1.50031326e-07
 -4.35880253e-07 -9.68451275e-09 -1.82340571e-07  4.54000428e-08
  4.41137757e-08  4.94685963e-08  4.70823537e+01 -1.76725893e-01
 -5.07219511e-09 -4.53220153e-07  5.63398288e-08  5.63398288e-08
  5.06731656e+01  1.94970369e-08  5.82355142e-09 -6.39761311e-08
 -3.92588859e-07  4.46202506e-08  5.06730917e+01  1.19813421e-08
 -2.92814661e-09  4.51405100e-08  5.10116820e-08 -2.45242560e-07
  4.84445764e-08 -2.86192972e-08 -1.95704331e-07  4.99267685e-08
  4.45151329e-08 -5.07219511e-09 -1.19923726e-07 -1.73826749e-08
  1.35576101e-08  3.23317693e-08  5.63398288e-08  5.82355142e-09
  5.24857029e-08  1.62569478e-08 -1.62556177e-07  4.68547370e-08
  1.19813421e-08]
Optimization terminated successfully    (Exit mode 0)
            Current function value: 37.99278832876203
            Iterations: 6
            Function evaluations: 48
            Gradient evaluations: 6
New op index: 10	$R_Y$[3]
Current grad: 4.0024670539678935
37.99278832876203 
 [-3.73407261e-08  6.39627018e-09  3.47606743e-09  6.42945253e-09
  5.85583848e-09 -1.76573737e-03 -2.69335487e-09  5.00712360e-09
  3.47606743e-09  3.47606743e-09  1.99516032e+00 -9.00350866e-03
  3.76370224e-09 -3.33863454e-07  3.47606743e-09  1.86276594e-09
  6.21358254e-09 -1.78219234e-03  4.59628779e-10  6.52991616e-09
  3.47606743e-09  3.47606743e-09  1.99412025e+00 -1.78219227e-03
  2.50609133e-09  6.38338804e-09 -1.76574538e-03  3.94516775e-09
 -3.43712117e-08 -1.76571721e-03 -6.48865495e-08  3.87245791e-10
 -9.00346868e-03  3.76370224e-09 -1.40847334e-09 -1.76593986e-03
  2.36468622e-10  2.34495445e-09 -8.98739776e-03 -9.15115095e-10
  6.35981223e-09 -1.78241029e-03  6.54919319e-09 -9.75232695e-09
 -1.78235088e-03]
Optimization terminated successfully    (Exit mode 0)
            Current function value: 35.997549800557415
            Iterations: 5
            Function evaluations: 47
            Gradient evaluations: 5
New op index: 22	$R_Y$[7]
Current grad: 52.00964566302586
35.997549800557415 
 [ 7.31286079e-07  7.54606070e-07  7.70302563e-07  6.47362363e-07
  2.56895518e-07  7.70302563e-07  3.43867804e-07  7.76546528e-07
  4.10859855e-07  7.17251233e-07 -2.32988526e-07  7.70302563e-07
  3.04171330e-07  5.87421845e-07  7.70302563e-07  6.57823321e-07
  7.68999612e-07 -6.49351826e-05  6.17843114e-07 -5.85215162e-07
  7.70302563e-07  7.70302563e-07  5.19975472e+01 -2.43224035e-03
  4.97577425e-07  5.79579662e-07  7.70302563e-07  7.73258584e-07
  7.32279361e-07  7.70302563e-07  7.23139593e-07 -1.62550990e-05
  7.70302563e-07  5.41506971e-07  7.73250029e-07  7.70302563e-07
  7.76692090e-07  7.70072297e-07 -6.33484586e-05  7.47586505e-07
  6.28375602e-07 -6.24407372e-05  7.28482426e-07  5.27715677e-07
 -2.44687666e-03]
Optimization terminated successfully    (Exit mode 0)
            Current function value: -15.999999999644439
            Iterations: 2
            Function evaluations: 20
            Gradient evaluations: 2
New op index: 20	$R_Z$[6]
Current grad: 0.00046793094337563426
-15.999999999644439 
 [-5.86864836e-07 -8.66995009e-09 -4.89340488e-07 -2.98187462e-06
 -5.04488666e-07 -4.24333550e-06 -1.90767047e-09 -1.00091379e-07
 -6.59909949e-07 -6.31896235e-06 -1.50021737e-08 -4.24333550e-06
 -1.12160960e-06 -2.03895132e-07 -4.24333550e-06 -4.37966100e-06
 -4.63814814e-07 -4.24333550e-06 -3.83337806e-09 -2.09506776e-08
  2.29407604e-10 -8.01304191e-07 -5.53048626e-07 -4.24333550e-06
 -6.49803233e-09 -1.48975539e-06 -4.24333550e-06 -7.45401299e-06
 -8.40100139e-07 -4.24333550e-06 -5.40923372e-06 -2.05755120e-06
 -4.24333550e-06  2.10610196e-10 -1.17227975e-07 -4.24333550e-06
 -6.56743747e-06 -1.42183267e-06 -4.24333550e-06 -4.24263684e-06
 -4.24263684e-06 -4.24333550e-06 -1.40783727e-06 -2.81584663e-06
 -4.24333550e-06]
Precision cutoff reached.
Calculating energies for FreeWilson2D(N_x=2, N_y=2, mass=-5.111, r=1.000)
h_im: 0.0
New op index: 10	$R_Y$[3]
Current grad: 14.44444444444443
242.49999999999991 
 [42.         43.55555555 42.         42.         44.05555556 42.
 42.         44.05555556 42.         42.         44.1339378  43.
 42.         44.1339378  43.         42.         44.05555556 42.
 42.         44.05555556 42.         42.         43.55555555 42.
 42.         42.         42.         42.         42.         42.
 42.         43.         43.         42.         42.         42.
 42.         43.         43.         42.         42.         42.
 42.         42.         42.        ]
Optimization terminated successfully    (Exit mode 0)
            Current function value: 198.36606220399625
            Iterations: 1
            Function evaluations: 2
            Gradient evaluations: 1
New op index: 16	$R_Y$[5]
Current grad: 333.59738211025973
198.36606220399625 
 [0.00000000e+00 5.14795978e+01 0.00000000e+00 0.00000000e+00
 4.88686424e+01 0.00000000e+00 0.00000000e+00 5.14771733e+01
 0.00000000e+00 0.00000000e+00 1.11383713e-07 0.00000000e+00
 0.00000000e+00 4.78660622e+01 0.00000000e+00 0.00000000e+00
 5.19795978e+01 0.00000000e+00 0.00000000e+00 4.88686424e+01
 0.00000000e+00 0.00000000e+00 5.14795978e+01 0.00000000e+00
 0.00000000e+00 0.00000000e+00 0.00000000e+00 0.00000000e+00
 0.00000000e+00 0.00000000e+00 0.00000000e+00 0.00000000e+00
 0.00000000e+00 0.00000000e+00 0.00000000e+00 0.00000000e+00
 0.00000000e+00 0.00000000e+00 0.00000000e+00 0.00000000e+00
 0.00000000e+00 0.00000000e+00 0.00000000e+00 0.00000000e+00
 0.00000000e+00]
Optimization terminated successfully    (Exit mode 0)
            Current function value: 146.3864643769346
            Iterations: 1
            Function evaluations: 6
            Gradient evaluations: 1
New op index: 4	$R_Y$[1]
Current grad: 9.828506105108584
146.3864643769346 
 [-2.67335736e-08  1.55436189e+00 -2.67335736e-08 -2.72893317e-08
  2.13151321e+00 -2.72893317e-08 -2.73354033e-08  1.55313095e+00
 -2.73354033e-08 -2.62142237e-08 -6.12118356e-09 -2.62142237e-08
 -2.65118274e-08  1.13562431e+00 -2.62142237e-08 -2.77327672e-08
 -5.05326625e-09 -2.70765952e-08 -2.67141900e-08  1.17118775e+00
 -2.62142237e-08 -2.62142237e-08  1.55436189e+00 -2.62142237e-08
 -2.72893317e-08 -2.72893317e-08 -2.72893317e-08 -2.73354033e-08
 -2.73354033e-08 -2.73354033e-08 -2.62142237e-08 -2.62142237e-08
 -2.62142237e-08 -2.62142237e-08 -2.62142237e-08 -2.62142237e-08
 -2.77327672e-08 -8.64710330e-08 -2.62142237e-08 -2.77558740e-08
 -4.56460327e-08 -2.62142237e-08 -2.62142237e-08 -2.62142237e-08
 -2.62142237e-08]
Optimization terminated successfully    (Exit mode 0)
            Current function value: 144.25495099732055
            Iterations: 1
            Function evaluations: 7
            Gradient evaluations: 1
New op index: 22	$R_Y$[7]
Current grad: 239.57216974673318
144.25495099732055 
 [-1.63344026e-07  5.09820223e+01 -1.67836134e-07 -2.51184247e-08
  1.49878474e-08 -1.62286426e-07 -1.65590706e-07  5.09820226e+01
 -1.67836134e-07 -1.68065128e-07 -1.02500763e-07 -1.67836134e-07
 -1.66417379e-07  4.78710664e+01 -1.67836134e-07 -3.71357658e-07
 -2.43490661e-07 -1.67781053e-07 -1.67836134e-07  4.78734909e+01
 -1.67836134e-07 -1.67836134e-07  5.14795977e+01 -1.67836134e-07
 -2.51184247e-08 -3.45849855e-08 -1.67836134e-07 -1.74551985e-07
 -8.77740547e-08 -1.67836134e-07 -1.68065128e-07 -1.81426714e-07
 -1.67836134e-07 -1.65386211e-07 -1.74380716e-07 -1.67836134e-07
 -3.71357658e-07 -4.52863134e-07 -1.67836134e-07 -3.71081768e-07
 -4.31427821e-07 -1.67836134e-07 -1.67836134e-07 -1.67836134e-07
 -1.67836134e-07]
Optimization terminated successfully    (Exit mode 0)
            Current function value: 92.77535326582249
            Iterations: 1
            Function evaluations: 8
            Gradient evaluations: 1
New op index: 19	$R_Y$[6]
Current grad: 6.222243681697373
92.77535326582249 
 [-2.49923460e-08  1.13277355e+00 -2.49923460e-08 -2.52125716e-08
 -2.84616419e-08 -2.49923460e-08 -2.49923460e-08  1.13277404e+00
 -2.49923460e-08 -2.50123549e-08 -5.76389567e-08 -2.49923460e-08
 -2.44478713e-08  1.13562432e+00 -2.49923460e-08 -2.46662353e-08
 -2.91438198e-08 -2.45106833e-08 -2.49923460e-08  1.16998196e+00
 -2.49923460e-08 -2.49177106e-08 -3.49151890e-08 -2.49923460e-08
 -2.52125716e-08 -2.52092178e-08 -2.49923460e-08 -2.52125716e-08
 -2.52092178e-08 -2.49923460e-08 -2.50123549e-08 -2.69644005e-08
 -2.49923460e-08 -2.53769770e-08 -2.46522234e-08 -2.49923460e-08
 -2.46662353e-08 -2.46304097e-08 -2.49923460e-08 -2.48823682e-08
 -2.54236738e-08 -2.49923460e-08 -2.49177106e-08 -2.61927795e-08
 -2.49923460e-08]
Optimization terminated successfully    (Exit mode 0)
            Current function value: 91.60537128304424
            Iterations: 1
            Function evaluations: 9
            Gradient evaluations: 1
New op index: 7	$R_Y$[2]
Current grad: 145.79883865276645
91.60537128304424 
 [-9.93752138e-08  5.00534679e+01 -5.56457280e-09 -8.28070768e-07
 -4.73324732e-07 -9.93752138e-08 -9.93752138e-08  5.00535585e+01
  1.61105902e-08 -2.79195390e-06 -1.13586935e-08 -9.93752138e-08
 -9.93752138e-08  4.73425914e+01 -6.12502760e-08 -1.97502459e-10
 -1.24443957e-07  9.99715155e-09  1.67030407e-08 -3.96898798e-08
 -3.42234941e-07 -4.03386480e-09 -1.33492307e-07 -1.34274529e-08
 -8.28070768e-07 -1.00763256e-05 -1.25827057e-07 -5.99782581e-07
 -1.04531495e-08  1.61105902e-08 -2.79195390e-06 -1.38722007e-06
 -9.93752138e-08 -2.31681452e-06 -1.58450820e-06  8.13366796e-09
 -1.97502459e-10 -4.67461319e-07  1.61043516e-08 -8.44898224e-07
 -2.46854000e-07 -2.70304753e-07 -2.08302765e-07 -2.94802646e-07
 -2.07923620e-07]
Optimization terminated successfully    (Exit mode 0)
            Current function value: 40.65939288284952
            Iterations: 6
            Function evaluations: 48
            Gradient evaluations: 6
New op index: 13	$R_Y$[4]
Current grad: 3.115499530591136
40.65939288284952 
 [ 3.01777305e-08  1.54960822e+00 -1.79719945e-03  2.43879370e-08
  3.24430331e-08  3.01777305e-08 -2.08026734e-08  3.22260121e-08
 -1.79673504e-03 -3.15637294e-09  8.33285512e-08  3.01777305e-08
  3.01777305e-08  1.55068952e+00 -9.06809640e-03  3.19058913e-08
  2.64442477e-08  3.04156345e-08 -5.49404646e-08  2.90982101e-08
 -1.78059268e-03  2.16780194e-08  3.23349170e-08  1.95379286e-08
  2.43879370e-08  2.01323545e-08 -1.79705024e-03  3.18427738e-08
  2.67974656e-08 -1.79687111e-03  2.85148118e-08  3.02116945e-08
 -9.05183504e-03  1.54920841e-08  3.16783044e-08 -1.78090844e-03
  3.19058913e-08  2.46519534e-08 -9.06810701e-03  3.01777305e-08
  3.01777305e-08 -1.78047463e-03  1.87484943e-08  3.15741033e-08
 -1.78055182e-03]
Optimization terminated successfully    (Exit mode 0)
            Current function value: 39.10864959504425
            Iterations: 6
            Function evaluations: 55
            Gradient evaluations: 6
New op index: 1	$R_Y$[0]
Current grad: 51.56369359514112
39.10864959504425 
 [-2.99851809e+00  5.15530932e+01  1.28307860e-07 -2.99851819e+00
 -2.99851745e+00 -2.99851809e+00 -2.99851835e+00 -2.99851766e+00
 -2.99851752e+00 -2.99851823e+00 -2.99851635e+00 -2.99851809e+00
 -2.99851759e+00 -1.74845383e-07 -2.99851809e+00 -2.99851855e+00
 -2.99324533e+00 -2.99851638e+00 -2.99851809e+00  7.28624272e-08
 -2.99851809e+00 -2.99851846e+00 -2.39370337e-07 -2.99851809e+00
 -2.99851819e+00 -2.99851810e+00  1.45461058e-07 -2.99851838e+00
 -2.99851842e+00 -2.99851520e+00 -2.99851858e+00 -2.99851847e+00
 -2.99851751e+00 -2.99851835e+00 -2.99851851e+00 -2.99851809e+00
 -2.99851739e+00 -2.99851751e+00 -2.99851809e+00 -2.99851508e+00
 -2.99851520e+00 -2.99851809e+00 -2.99851827e+00 -2.99851824e+00
 -2.99851809e+00]
Precision cutoff reached.
Calculating energies for FreeWilson2D(N_x=2, N_y=2, mass=-4.222, r=1.000)
h_im: 0.0
New op index: 13	$R_Y$[4]
Current grad: 10.88888888888888
242.49999999999991 
 [42.         43.11111111 42.         42.         43.61111111 42.
 42.         43.6111111  42.         42.         43.71842845 43.
 42.         43.71842845 43.         42.         43.6111111  42.
 42.         43.61111111 42.         42.         43.11111111 42.
 42.         42.         42.         42.         42.         42.
 42.         43.         43.         42.         42.         42.
 42.         43.         43.         42.         42.         42.
 42.         42.         42.        ]
Optimization terminated successfully    (Exit mode 0)
            Current function value: 198.78157154535168
            Iterations: 1
            Function evaluations: 2
            Gradient evaluations: 1
New op index: 7	$R_Y$[2]
Current grad: 319.1170797268737
198.78157154535168 
 [0.00000000e+00 5.10062394e+01 0.00000000e+00 0.00000000e+00
 4.92841283e+01 0.00000000e+00 0.00000000e+00 5.15062393e+01
 0.00000000e+00 0.00000000e+00 4.82815715e+01 0.00000000e+00
 0.00000000e+00 7.12788051e-10 0.00000000e+00 0.00000000e+00
 5.10037938e+01 0.00000000e+00 0.00000000e+00 4.92841283e+01
 0.00000000e+00 0.00000000e+00 5.10062394e+01 0.00000000e+00
 0.00000000e+00 0.00000000e+00 0.00000000e+00 0.00000000e+00
 0.00000000e+00 0.00000000e+00 0.00000000e+00 0.00000000e+00
 0.00000000e+00 0.00000000e+00 0.00000000e+00 0.00000000e+00
 0.00000000e+00 0.00000000e+00 0.00000000e+00 0.00000000e+00
 0.00000000e+00 0.00000000e+00 0.00000000e+00 0.00000000e+00
 0.00000000e+00]
Optimization terminated successfully    (Exit mode 0)
            Current function value: 147.2753321841128
            Iterations: 1
            Function evaluations: 6
            Gradient evaluations: 1
New op index: 19	$R_Y$[6]
Current grad: 7.161781313760572
147.2753321841128 
 [-2.79991639e-08  1.10990155e+00 -2.79991639e-08 -2.79885626e-08
  7.45560360e-01 -2.79573555e-08 -2.79573555e-08 -5.65214009e-09
 -2.81235657e-08 -2.80070651e-08  7.20871435e-01 -2.79573555e-08
 -2.79573555e-08 -6.41315978e-09 -2.79573555e-08 -2.79797803e-08
  1.10866551e+00 -2.79797803e-08 -2.81031305e-08  1.71598286e+00
 -2.81031305e-08 -2.79953838e-08  1.10990154e+00 -2.79953838e-08
 -2.79885626e-08 -2.79573555e-08 -2.79573555e-08 -2.79573555e-08
 -2.79573555e-08 -2.79573555e-08 -2.79573555e-08 -2.79573555e-08
 -2.79573555e-08 -2.79573555e-08 -2.79573555e-08 -2.79573555e-08
 -2.79573555e-08 -2.79573555e-08 -2.79573555e-08 -2.81031305e-08
 -2.81031305e-08 -2.81031305e-08 -2.79953838e-08 -2.79953838e-08
 -2.79953838e-08]
Optimization terminated successfully    (Exit mode 0)
            Current function value: 145.55934932487693
            Iterations: 1
            Function evaluations: 4
            Gradient evaluations: 1
New op index: 1	$R_Y$[0]
Current grad: 229.09266994687908
145.55934932487693 
 [ 8.66009486e-11  5.10062393e+01  8.66009486e-11  1.37987399e-10
  4.82890191e+01  0.00000000e+00 -2.00968316e-07 -3.76039111e-09
  1.17864829e-10  1.57456270e-10  4.82864626e+01  0.00000000e+00
 -2.25952590e-11 -1.41265446e-07  0.00000000e+00  5.35749223e-11
  5.05086853e+01  0.00000000e+00 -3.98232487e-07  3.00047986e-10
  1.49782409e-10  6.58531008e-11  5.05086851e+01  0.00000000e+00
  1.37987399e-10  0.00000000e+00  0.00000000e+00 -2.00968316e-07
 -2.08702374e-07  0.00000000e+00 -2.00968316e-07 -2.06071832e-07
  0.00000000e+00 -2.25952590e-11 -3.97648137e-10  0.00000000e+00
 -2.21689334e-12  3.59534624e-11  0.00000000e+00 -3.98232487e-07
 -7.32648289e-08  0.00000000e+00 -4.23892999e-07 -5.24718757e-09
  0.00000000e+00]
Optimization terminated successfully    (Exit mode 0)
            Current function value: 94.55310996189252
            Iterations: 1
            Function evaluations: 8
            Gradient evaluations: 1
New op index: 4	$R_Y$[1]
Current grad: 4.444469277513397
94.55310996189252 
 [-2.39270150e-08 -3.06214787e-08 -2.34166606e-08 -2.31515713e-08
  7.44352269e-01 -2.35130670e-08 -2.34108342e-08 -3.02264169e-08
 -2.33775239e-08 -2.32000161e-08  7.20871523e-01 -2.35130670e-08
 -2.37842528e-08 -5.57665203e-08 -2.35130670e-08 -2.28464927e-08
  7.17274985e-01 -2.35130670e-08 -2.31968755e-08 -2.88180217e-08
 -2.37265283e-08 -2.27254304e-08  7.17275418e-01 -2.35130670e-08
 -2.37401281e-08 -2.50805954e-08 -2.35130670e-08 -2.34108342e-08
 -2.41359999e-08 -2.35130670e-08 -2.29335626e-08 -2.48407730e-08
 -2.35130670e-08 -2.37842528e-08 -2.54584762e-08 -2.35130670e-08
 -2.42969662e-08 -2.71926837e-08 -2.35130670e-08 -2.31968755e-08
 -2.35063027e-08 -2.35130670e-08 -2.36271802e-08 -2.31112978e-08
 -2.35130670e-08]
Optimization terminated successfully    (Exit mode 0)
            Current function value: 93.80875769289129
            Iterations: 1
            Function evaluations: 6
            Gradient evaluations: 1
New op index: 16	$R_Y$[5]
Current grad: 144.12738278860922
93.80875769289129 
 [ 5.40275948e-08 -4.49692107e+00 -4.23884785e-08 -1.33354447e-07
 -4.22215152e-08  2.07345607e-08  5.51120394e-08 -8.64454250e-08
 -3.54276892e-08  5.31666018e-08  4.75419851e+01 -2.16632418e-01
 -7.56804859e-06  9.37576630e-08  5.31666018e-08  5.31666018e-08
  4.93750204e+01  5.31666018e-08 -3.07536254e-08  2.40795544e-08
 -2.81347539e-07  5.28773967e-08  4.93749082e+01  5.31666018e-08
  1.11131584e-08  2.32947883e-08  1.64242806e-08 -1.61560763e-07
 -5.28278861e-08  6.76992329e-09 -5.42545706e-08  4.74115041e-08
 -2.25789819e-07 -7.56804859e-06 -2.77432321e-07  1.73369301e-08
 -3.50823342e-07  4.49170727e-08  5.31666018e-08 -3.07536254e-08
  5.49887176e-08  5.31666018e-08 -7.81462006e-09  5.48016459e-08
  5.31666018e-08]
Optimization terminated successfully    (Exit mode 0)
            Current function value: 43.32599621442984
            Iterations: 3
            Function evaluations: 26
            Gradient evaluations: 3
New op index: 10	$R_Y$[3]
Current grad: 2.2232790169260026
43.32599621442984 
 [-7.12043402e-09 -2.90469870e-10 -1.64852310e-09 -3.74766529e-09
 -1.49321153e-07 -1.79581425e-03 -3.48932119e-08 -4.82340567e-09
 -1.64852310e-09 -2.27463204e-09  1.10622893e+00 -9.16774681e-03
 -6.39345643e-09  1.05114566e-08 -1.64852310e-09 -6.10462081e-09
 -4.69155403e-07 -1.81219342e-03 -8.82587869e-09 -2.20190088e-10
 -1.64852310e-09 -4.80404339e-09  1.10507303e+00 -1.81196731e-03
 -9.31749611e-09 -6.38674891e-09 -1.79570306e-03 -2.16493135e-09
 -5.12409954e-08 -1.79570467e-03 -1.10972564e-09 -1.33742049e-08
 -9.16772066e-03 -6.39345643e-09 -9.79074599e-09 -1.79599724e-03
 -2.62184585e-09 -7.04272196e-09 -9.15120220e-03 -2.40897151e-08
 -2.50594923e-09 -1.81276594e-03 -1.03951763e-08 -2.30745201e-09
 -1.81268551e-03]
Optimization terminated successfully    (Exit mode 0)
            Current function value: 42.21976698338524
            Iterations: 1
            Function evaluations: 11
            Gradient evaluations: 1
New op index: 22	$R_Y$[7]
Current grad: 51.11392452345902
42.21976698338524 
 [-2.09792146e+00  4.75893458e-08 -2.09792141e+00 -2.09792144e+00
 -2.09792156e+00 -2.09792141e+00 -2.09792170e+00 -2.09173144e+00
 -2.09789862e+00 -2.09792231e+00 -2.02152883e-07 -2.09792141e+00
 -2.09792159e+00 -2.09331059e+00 -2.09797689e+00 -2.09792141e+00
 -1.05314513e-08 -2.09792180e+00 -2.09792156e+00 -2.09555717e+00
 -2.09792141e+00 -2.09792141e+00  5.11050380e+01 -2.09789091e+00
 -2.09792153e+00 -2.09792138e+00 -2.09792141e+00 -2.09792140e+00
 -2.09792152e+00 -2.09792141e+00 -2.09789436e+00 -2.09789433e+00
 -2.09792141e+00 -2.09792309e+00 -2.09792145e+00 -2.09792141e+00
 -2.09792170e+00 -2.09792160e+00 -2.09798822e+00 -2.09792156e+00
 -2.09792151e+00 -2.09796130e+00 -2.09792158e+00 -2.09792157e+00
 -2.09799182e+00]
Precision cutoff reached.
Calculating energies for FreeWilson2D(N_x=2, N_y=2, mass=-3.333, r=1.000)
h_im: 0.0
New op index: 10	$R_Y$[3]
Current grad: 7.333333333333327
242.49999999999991 
 [42.         42.66666666 42.         42.         43.16666667 42.
 42.         43.16666667 42.         42.         43.33333333 43.
 42.         43.33333333 43.         42.         43.16666667 42.
 42.         43.16666667 42.         42.         42.66666666 42.
 42.         42.         42.         42.         42.         42.
 42.         43.         43.         42.         42.         42.
 42.         43.         43.         42.         42.         42.
 42.         42.         42.        ]
Optimization terminated successfully    (Exit mode 0)
            Current function value: 199.16666666795544
            Iterations: 1
            Function evaluations: 2
            Gradient evaluations: 1
New op index: 16	$R_Y$[5]
Current grad: 279.4550257169319
199.16666666795544 
 [ 0.00000000e+00  5.05024670e+01  0.00000000e+00  0.00000000e+00
  4.96692004e+01  0.00000000e+00  0.00000000e+00  5.05000000e+01
  0.00000000e+00  0.00000000e+00 -4.77086814e-10  0.00000000e+00
  0.00000000e+00  4.86666666e+01  0.00000000e+00  0.00000000e+00
  5.10024670e+01  0.00000000e+00  0.00000000e+00  4.96692004e+01
  0.00000000e+00  0.00000000e+00  5.05024670e+01  0.00000000e+00
  0.00000000e+00  0.00000000e+00  0.00000000e+00  0.00000000e+00
  0.00000000e+00  0.00000000e+00  0.00000000e+00  0.00000000e+00
  0.00000000e+00  0.00000000e+00  0.00000000e+00  0.00000000e+00
  0.00000000e+00  0.00000000e+00  0.00000000e+00  0.00000000e+00
  0.00000000e+00  0.00000000e+00  0.00000000e+00  0.00000000e+00
  0.00000000e+00]
Optimization terminated successfully    (Exit mode 0)
            Current function value: 148.16419962146557
            Iterations: 1
            Function evaluations: 6
            Gradient evaluations: 1
New op index: 4	$R_Y$[1]
Current grad: 4.4950673502303555
148.16419962146557 
 [-3.03875254e-08  6.65441165e-01 -3.03875254e-08 -3.00732381e-08
  1.33086611e+00 -3.00732381e-08 -3.03875254e-08  6.64199604e-01
 -3.03875254e-08 -3.08890264e-08 -7.04682179e-09 -3.08890264e-08
 -3.02140108e-08  3.35964706e-01 -3.08890264e-08 -3.08890264e-08
 -5.60316948e-09 -2.99894225e-08 -3.02321723e-08  3.44306682e-01
 -3.08890264e-08 -3.08890264e-08  6.65441171e-01 -3.08890264e-08
 -3.00732381e-08 -3.00732381e-08 -3.00732381e-08 -3.03875254e-08
 -3.03875254e-08 -3.03875254e-08 -3.08890264e-08 -3.08890264e-08
 -3.08890264e-08 -3.08890264e-08 -3.08890264e-08 -3.08890264e-08
 -3.08890264e-08 -3.08890264e-08 -3.08890264e-08 -3.08890264e-08
 -3.08890264e-08 -3.08890264e-08 -3.08890264e-08 -3.08890264e-08
 -3.08890264e-08]
Optimization terminated successfully    (Exit mode 0)
            Current function value: 146.83333335663593
            Iterations: 1
            Function evaluations: 7
            Gradient evaluations: 1
New op index: 22	$R_Y$[7]
Current grad: 200.70233869308373
146.83333335663593 
 [-1.60885435e-07  5.00049342e+01 -1.63516972e-07 -1.63516972e-07
  2.21850485e-08 -1.64210348e-07 -1.61339443e-07  5.00049345e+01
 -1.63516972e-07 -1.61187614e-07  1.27409407e-08 -1.63516972e-07
 -1.63804799e-07  4.86716670e+01 -1.63516972e-07 -8.75732837e-08
 -2.52105764e-07 -1.63190066e-07 -1.63516972e-07  4.86741341e+01
 -1.63516972e-07 -1.63516972e-07  5.05024670e+01 -1.63516972e-07
 -1.63516972e-07 -1.63516972e-07 -1.63516972e-07 -1.63516972e-07
 -1.63516972e-07 -1.63516972e-07 -1.61187614e-07 -1.60749948e-07
 -1.63516972e-07 -1.61187444e-07 -1.63718767e-07 -1.63516972e-07
 -8.75732837e-08 -8.84307951e-08 -1.63516972e-07 -8.43817247e-08
 -8.94487755e-08 -1.63516972e-07 -1.63516972e-07 -1.63516972e-07
 -1.63516972e-07]
Optimization terminated successfully    (Exit mode 0)
            Current function value: 96.33086628813365
            Iterations: 1
            Function evaluations: 8
            Gradient evaluations: 1
New op index: 19	$R_Y$[6]
Current grad: 2.666685508638157
96.33086628813365 
 [-2.16380442e-08  3.32245011e-01 -2.16380442e-08 -2.62198085e-08
 -2.92095308e-08 -2.16380442e-08 -2.16380442e-08  3.32245091e-01
 -2.16380442e-08 -2.34813768e-08 -5.36899449e-08 -2.16380442e-08
 -2.14931077e-08  3.35964684e-01 -2.16380442e-08 -2.19685319e-08
 -3.07607593e-08 -2.18057750e-08 -2.16380442e-08  3.43376426e-01
 -2.16380442e-08 -2.17624887e-08 -2.80240613e-08 -2.16380442e-08
 -2.62198085e-08 -2.17891625e-08 -2.16380442e-08 -2.25280701e-08
 -3.00877190e-08 -2.16380442e-08 -2.34813768e-08 -2.36083793e-08
 -2.16380442e-08 -2.33350903e-08 -2.46637768e-08 -2.16380442e-08
 -2.19685319e-08 -2.19415170e-08 -2.16380442e-08 -2.19418723e-08
 -2.37802169e-08 -2.16380442e-08 -2.17624887e-08 -2.25613093e-08
 -2.16380442e-08]
Optimization terminated successfully    (Exit mode 0)
            Current function value: 95.98748980177513
            Iterations: 1
            Function evaluations: 9
            Gradient evaluations: 1
New op index: 7	$R_Y$[2]
Current grad: 124.74748135864596
95.98748980177513 
 [-1.71159030e-07  4.15905576e+01 -1.71159030e-07  2.89683157e-08
  1.06794118e-07 -1.71159030e-07 -1.71159030e-07  4.15912191e+01
 -1.71159030e-07 -1.70905736e-07 -2.67777785e+00 -1.71159030e-07
 -1.71159030e-07  4.04752587e+01 -1.71159030e-07 -1.61169694e-07
  1.13216046e-07 -1.71159030e-07  1.16141081e-07  1.14089531e-07
  1.16625969e-07 -1.41711155e-07  1.12660629e-07 -1.71159030e-07
  2.89683157e-08  1.16402489e-07 -1.71159030e-07  1.15973862e-07
 -7.50722648e-08 -1.71159030e-07 -1.70905736e-07 -1.71081183e-07
 -1.71159030e-07 -1.69794944e-07 -1.68070372e-07 -2.46544943e-07
 -1.61169694e-07 -1.50259666e-07 -1.71159030e-07 -1.71159030e-07
 -1.71159030e-07 -8.51031245e-10 -1.68070827e-07 -1.67890917e-07
 -2.35345510e-07]
Optimization terminated successfully    (Exit mode 0)
            Current function value: 45.99259978638082
            Iterations: 6
            Function evaluations: 52
            Gradient evaluations: 6
New op index: 13	$R_Y$[4]
Current grad: 1.35609794639118
45.99259978638082 
 [ 7.34247912e-07  6.60540356e-01 -1.82709003e-03  8.57904332e-07
  8.63093945e-07  7.34247912e-07  7.95942462e-07  6.14664664e-07
 -1.82725381e-03  8.17010964e-07  7.43432132e-07  7.34247912e-07
  7.34247912e-07  6.62068057e-01 -9.26253143e-03  8.42495957e-07
  1.27696308e-06  7.34247912e-07  8.60568640e-07  8.58580215e-07
 -1.81029698e-03  8.61389964e-07  8.63094584e-07  7.34247912e-07
  8.57904332e-07  8.61310596e-07 -1.82726110e-03  8.59487066e-07
  8.59487123e-07  7.82707723e-07  8.60666965e-07  8.61582095e-07
 -9.24586446e-03  8.54319119e-07  8.61227122e-07 -1.81058476e-03
  8.42495957e-07  8.59140592e-07 -9.26254000e-03  7.34247912e-07
  7.34247912e-07 -1.81032368e-03  8.46749522e-07  8.52497763e-07
 -1.81037883e-03]
Optimization terminated successfully    (Exit mode 0)
            Current function value: 45.32940412789548
            Iterations: 8
            Function evaluations: 74
            Gradient evaluations: 8
New op index: 1	$R_Y$[0]
Current grad: 50.23127173939158
45.32940412789548 
 [-1.54574438e+00  5.04435489e+01 -1.54570719e+00 -1.54574435e+00
 -1.36053739e+00 -1.54574435e+00 -1.54574435e+00 -1.54956156e+00
 -1.54574443e+00 -1.54574452e+00 -1.36022781e+00 -1.54956152e+00
 -1.54574435e+00 -2.83994410e-08 -1.54574435e+00 -1.54574438e+00
 -1.54136977e+00 -1.54571645e+00 -1.54574437e+00 -1.54956145e+00
 -1.54574435e+00 -1.54574445e+00 -1.54956158e+00 -1.54574435e+00
 -1.54574435e+00 -1.54574448e+00 -1.55256841e+00 -1.54574436e+00
 -1.54574436e+00 -1.55006558e+00 -1.54574436e+00 -1.54574437e+00
 -1.55010193e+00 -1.54574480e+00 -1.54574442e+00 -1.54574435e+00
 -1.54954083e+00 -1.54954049e+00 -1.54574435e+00 -1.54956174e+00
 -1.54956146e+00 -1.54574435e+00 -1.54574442e+00 -1.54574472e+00
 -1.54574435e+00]
Precision cutoff reached.
Calculating energies for FreeWilson2D(N_x=2, N_y=2, mass=-2.444, r=1.000)
h_im: 0.0
New op index: 10	$R_Y$[3]
Current grad: 3.777777777777775
242.49999999999991 
 [42.         42.22222214 42.         42.         42.72222222 42.
 42.         42.72222222 42.         42.         43.04715871 43.
 42.         43.04715871 43.         42.         42.72222222 42.
 42.         42.72222222 42.         42.         42.22222213 42.
 42.         42.         42.         42.         42.         42.
 42.         43.         43.         42.         42.         42.
 42.         43.         43.         42.         42.         42.
 42.         42.         42.        ]
Optimization terminated successfully    (Exit mode 0)
            Current function value: 199.45284129006737
            Iterations: 1
            Function evaluations: 2
            Gradient evaluations: 1
New op index: 16	$R_Y$[5]
Current grad: 141.35660567247663
199.45284129006737 
 [ 0.00000000e+00  4.98997746e+01  0.00000000e+00  0.00000000e+00
  4.99553524e+01  0.00000000e+00  0.00000000e+00  4.98972857e+01
  0.00000000e+00  0.00000000e+00 -2.10452669e-07  0.00000000e+00
  0.00000000e+00  4.89528413e+01  0.00000000e+00  0.00000000e+00
  5.03997746e+01  0.00000000e+00  0.00000000e+00  4.99553524e+01
  0.00000000e+00  0.00000000e+00  4.98997746e+01  0.00000000e+00
  0.00000000e+00  0.00000000e+00  0.00000000e+00  0.00000000e+00
  0.00000000e+00  0.00000000e+00  0.00000000e+00  0.00000000e+00
  0.00000000e+00  0.00000000e+00  0.00000000e+00  0.00000000e+00
  0.00000000e+00  0.00000000e+00  0.00000000e+00  0.00000000e+00
  0.00000000e+00  0.00000000e+00  0.00000000e+00  0.00000000e+00
  0.00000000e+00]
Optimization terminated successfully    (Exit mode 0)
            Current function value: 149.05306667917404
            Iterations: 1
            Function evaluations: 6
            Gradient evaluations: 1
New op index: 4	$R_Y$[1]
Current grad: 1.8283687193944522
149.05306667917404 
 [-3.38512791e-08  2.20980194e-01 -3.38512791e-08 -3.39541089e-08
  1.04466989e+00 -3.39541089e-08 -3.34494246e-08  5.77460428e-01
 -3.34494246e-08 -3.43435147e-08 -6.76502054e-09 -3.43435147e-08
 -3.35984964e-08  4.84590312e-02 -3.43435147e-08 -3.44281830e-08
 -5.26515009e-09 -3.34985373e-08 -3.36436017e-08  4.91915858e-02
 -3.43435147e-08 -3.43435147e-08  2.20980200e-01 -3.43435147e-08
 -3.39541089e-08 -3.39541089e-08 -3.39541089e-08 -3.34494246e-08
 -3.34494246e-08 -3.34494246e-08 -3.43435147e-08 -3.43435147e-08
 -3.43435147e-08 -3.43435147e-08 -3.43435147e-08 -3.43435147e-08
 -3.44281830e-08 -3.44273587e-08 -3.43435147e-08 -3.44281830e-08
 -3.44273587e-08 -3.43435147e-08 -3.43435147e-08 -3.43435147e-08
 -3.43435147e-08]
Optimization terminated successfully    (Exit mode 0)
            Current function value: 148.00839679362963
            Iterations: 1
            Function evaluations: 4
            Gradient evaluations: 1
New op index: 22	$R_Y$[7]
Current grad: 101.78730644867503
148.00839679362963 
 [ 2.51537813e-09  4.94022636e+01  1.14545173e-09 -3.14889803e-09
 -1.66274589e-07  1.57083946e-09  1.39860390e-09  4.94022638e+01
  1.14545173e-09 -2.03558898e-07 -6.90957904e-08  1.14545173e-09
  1.68890324e-09  4.89578408e+01  1.14545173e-09 -6.86826525e-08
 -3.16763760e-07  2.02427941e-09  1.14545173e-09  4.89603287e+01
  1.14545173e-09  1.14545173e-09  4.98997745e+01  1.14545173e-09
 -3.14889803e-09 -4.59448302e-09  1.14545173e-09 -7.78424010e-08
 -1.61867320e-08  1.14545173e-09 -2.03558898e-07 -5.26261260e-07
  1.14545173e-09 -6.91480864e-08 -5.88719615e-08  1.14545173e-09
 -6.86826525e-08 -1.60422672e-07  1.14545173e-09  2.65234235e-09
 -5.59753346e-08  1.14545173e-09  1.14545173e-09  1.14545173e-09
  1.14545173e-09]
Optimization terminated successfully    (Exit mode 0)
            Current function value: 98.10862223472931
            Iterations: 1
            Function evaluations: 8
            Gradient evaluations: 1
New op index: 19	$R_Y$[6]
Current grad: 0.8889022020437365
98.10862223472931 
 [-2.00972607e-08  4.64433874e-02 -2.00972607e-08 -2.03194048e-08
 -3.00965439e-08 -2.00972607e-08 -2.00972607e-08  4.64433944e-02
 -2.00972607e-08 -2.35614692e-08 -5.21233545e-08 -2.00972607e-08
 -1.99306669e-08  4.84592209e-02 -2.00972607e-08 -2.25013252e-08
 -3.15827009e-08 -1.98259897e-08 -2.00972607e-08  4.88859700e-02
 -2.00972607e-08 -2.02498853e-08 -2.64694222e-08 -2.00972607e-08
 -2.03194048e-08 -2.00133456e-08 -2.00972607e-08 -2.06061657e-08
 -2.08823536e-08 -2.00972607e-08 -2.35614692e-08 -2.00727470e-08
 -2.00972607e-08 -2.09411724e-08 -2.44084646e-08 -2.00972607e-08
 -2.25013252e-08 -2.14399165e-08 -2.00972607e-08 -1.98385237e-08
 -2.04885140e-08 -2.00972607e-08 -2.02498853e-08 -2.09278141e-08
 -2.00972607e-08]
Optimization terminated successfully    (Exit mode 0)
            Current function value: 98.05973587846435
            Iterations: 1
            Function evaluations: 9
            Gradient evaluations: 1
New op index: 13	$R_Y$[4]
Current grad: 62.733114282646625
98.05973587846435 
 [ 2.29566268e-08  4.85103911e+01  2.29566268e-08 -2.91488760e-07
 -3.73642735e-08 -3.18027276e-08 -3.16434125e-07  4.85103918e+01
  2.29566268e-08 -3.42327553e-08  4.97339272e-08  2.29566268e-08
 -2.39286209e-07  4.94438339e+01 -1.70264974e-02  2.83234698e-08
  6.35737933e-08  9.25791426e-08 -5.30729949e-08 -4.55845509e-07
  6.75412224e-08 -2.19950351e-07 -3.88319705e-08  9.22931065e-08
 -2.91488760e-07 -6.07320487e-07  2.29566268e-08 -2.72245913e-07
 -3.39047943e-07  2.29566268e-08 -3.42327553e-08 -5.65443941e-08
  2.29566268e-08 -2.08584225e-08 -2.36344988e-08  6.58172468e-08
  2.83234698e-08 -3.30458050e-07 -1.70264787e-02 -1.01387599e-07
  5.12073655e-08 -1.10833497e-07 -4.18084767e-09 -1.13073710e-07
 -1.22255940e-07]
Optimization terminated successfully    (Exit mode 0)
            Current function value: 48.60862198846273
            Iterations: 2
            Function evaluations: 19
            Gradient evaluations: 2
New op index: 7	$R_Y$[2]
Current grad: 0.44972699831616003
48.60862198846273 
 [-2.36296671e-09  4.81700001e-02 -2.32505215e-09 -2.34565789e-09
 -3.86535532e-08 -2.34820163e-09 -2.29539410e-09  1.65576589e-01
 -2.32505215e-09 -2.45248089e-09  2.33825403e-10 -2.32505215e-09
 -2.68919820e-09 -2.81568902e-08 -2.32505215e-09 -2.35568365e-09
 -2.53439580e-08 -2.32505215e-09 -2.88854807e-09  1.62359015e-11
 -2.32505215e-09 -2.40088838e-09 -7.91634847e-09 -2.32505215e-09
 -2.34565789e-09 -2.47233345e-09 -2.32505215e-09 -2.55826649e-09
 -2.38615883e-09 -2.32505215e-09 -2.45248089e-09 -2.81487189e-09
 -2.32505215e-09 -2.30829755e-09 -2.41082887e-09 -2.32505215e-09
  7.25535187e-11  7.23971993e-11 -2.32505215e-09 -2.35606024e-09
 -2.31351294e-09 -2.32505215e-09 -2.34634001e-09 -2.34634001e-09
 -2.32505215e-09]
Optimization terminated successfully    (Exit mode 0)
            Current function value: 48.43402780763519
            Iterations: 9
            Function evaluations: 80
            Gradient evaluations: 9
New op index: 1	$R_Y$[0]
Current grad: 49.201709142408255
48.43402780763519 
 [-0.61093874 49.70415112 -0.61764477 -0.61093901 -0.43214641 -0.61093874
 -0.61093877 -0.61760204 -0.61093866 -0.61093886 -0.43169921 -0.61093874
 -0.61093968 -0.61760197 -0.61093874 -0.61093896 -0.60969027 -0.61093874
 -0.61093892 -0.61760186 -0.61093874 -0.61093872 -0.61760192 -0.61093874
 -0.61093901 -0.61093895 -0.61253085 -0.61093872 -0.61093871 -0.61098394
 -0.61093872 -0.61093872 -0.61093866 -0.61093866 -0.61093875 -0.61093874
 -0.61760186 -0.61760188 -0.61093874 -0.61766819 -0.61766821 -0.61093874
 -0.61093899 -0.61093897 -0.61093874]
Optimization terminated successfully    (Exit mode 0)
            Current function value: -1.777777742470518
            Iterations: 6
            Function evaluations: 60
            Gradient evaluations: 6
New op index: 2	$R_Z$[0]
Current grad: 0.003451164375753361
-1.777777742470518 
 [ 1.09199760e-09  1.06881282e-09  1.09246656e-09  1.09246656e-09
 -1.94686081e-08  1.09246656e-09 -2.40932994e-06  7.87146348e-10
  1.09246656e-09  1.09178444e-09 -3.22916023e-08  1.09246656e-09
  1.09186282e-09  8.61028582e-10  1.09246656e-09  1.08946807e-09
 -1.85765920e-07 -3.69708886e-09  1.09224629e-09 -9.94674565e-10
  1.09246656e-09 -2.11464251e-07 -1.88481224e-08  1.08776277e-09
  1.09007203e-09 -2.25106334e-09  1.09246656e-09  1.09094600e-09
 -3.31690913e-07  1.09246656e-09 -3.69286970e-06 -3.69286970e-06
  1.09246656e-09 -8.11599961e-08 -8.07308780e-08  1.09246656e-09
  1.08472165e-09  1.08445164e-09  1.09246656e-09 -1.67114973e-06
  6.61415589e-10  1.09246656e-09  1.09212395e-09  1.08811293e-09
  1.09246656e-09]
Precision cutoff reached.
Calculating energies for FreeWilson2D(N_x=2, N_y=2, mass=-1.556, r=1.000)
h_im: 0.0
New op index: 13	$R_Y$[4]
Current grad: 1.9999999999999984
242.49999999999991 
 [42.         42.22222215 42.         42.         42.2777777  42.
 42.         42.2777777  42.         42.         43.0471587  43.
 42.         43.04715871 43.         42.         42.27777768 42.
 42.         42.27777771 42.         42.         42.22222214 42.
 42.         42.         42.         42.         42.         42.
 42.         43.         43.         42.         42.         42.
 42.         43.         43.         42.         42.         42.
 42.         42.         42.        ]
Optimization terminated successfully    (Exit mode 0)
            Current function value: 199.4528412941388
            Iterations: 1
            Function evaluations: 2
            Gradient evaluations: 1
New op index: 19	$R_Y$[6]
Current grad: 143.27536035336314
199.4528412941388 
 [ 0.00000000e+00  4.98997746e+01  0.00000000e+00  0.00000000e+00
  4.99553302e+01  0.00000000e+00  0.00000000e+00  4.95109079e+01
  0.00000000e+00  0.00000000e+00  4.89528413e+01  0.00000000e+00
  0.00000000e+00 -2.11311118e-07  0.00000000e+00  0.00000000e+00
  4.99072405e+01  0.00000000e+00  0.00000000e+00  4.99553302e+01
  0.00000000e+00  0.00000000e+00  4.98997746e+01  0.00000000e+00
  0.00000000e+00  0.00000000e+00  0.00000000e+00  0.00000000e+00
  0.00000000e+00  0.00000000e+00  0.00000000e+00  0.00000000e+00
  0.00000000e+00  0.00000000e+00  0.00000000e+00  0.00000000e+00
  0.00000000e+00  0.00000000e+00  0.00000000e+00  0.00000000e+00
  0.00000000e+00  0.00000000e+00  0.00000000e+00  0.00000000e+00
  0.00000000e+00]
Optimization terminated successfully    (Exit mode 0)
            Current function value: 149.49751112373463
            Iterations: 1
            Function evaluations: 3
            Gradient evaluations: 1
New op index: 10	$R_Y$[3]
Current grad: 1.9396159624572136
149.49751112373463 
 [ 2.64321898e-12  2.20980215e-01  2.64321898e-12  1.70530257e-12
  2.76536117e-01  1.70530257e-12  2.61479727e-12  6.00225110e-01
  2.61479727e-12  2.82227575e-11  7.19733243e-01  0.00000000e+00
 -4.04902494e-08 -6.98213398e-09  0.00000000e+00  2.35615971e-11
  4.94376281e-01  0.00000000e+00  0.00000000e+00 -5.68925884e-09
  1.48077106e-11  0.00000000e+00  4.90887781e-01  0.00000000e+00
  1.70530257e-12  1.70530257e-12  1.70530257e-12  2.61479727e-12
  2.61479727e-12  2.61479727e-12  2.82227575e-11  0.00000000e+00
  0.00000000e+00 -4.04902494e-08 -4.04902494e-08  5.99698069e-12
 -4.04903631e-08 -4.15453485e-08  0.00000000e+00  0.00000000e+00
  0.00000000e+00  0.00000000e+00  0.00000000e+00  0.00000000e+00
  0.00000000e+00]
Optimization terminated successfully    (Exit mode 0)
            Current function value: 148.77777786149053
            Iterations: 1
            Function evaluations: 7
            Gradient evaluations: 1
New op index: 4	$R_Y$[1]
Current grad: 251.16754913848524
148.77777786149053 
 [-2.07268158e-08  5.02222223e+01 -2.07268158e-08 -1.69701764e-08
  5.02777779e+01 -1.69701764e-08 -2.12222346e-08  4.97271999e+01
 -1.95979624e-08 -1.99716794e-08 -1.82622841e-08 -1.30103416e-07
 -2.36659048e-08  5.48419621e-09 -1.32700222e-07 -2.42796716e-08
  4.92321771e+01 -1.95979624e-08  6.59179307e-08  5.37792744e-09
 -2.32689388e-08 -2.13597104e-08  4.97247112e+01 -1.95979624e-08
 -1.69701764e-08 -1.69701764e-08 -1.69701764e-08 -2.12222346e-08
 -1.95979624e-08 -1.95979624e-08 -1.99716794e-08 -2.07218704e-08
 -1.95979624e-08  6.59918840e-08  6.59918840e-08 -1.96727967e-08
 -2.99123712e-08 -1.59540150e-08 -1.95979624e-08  6.59179307e-08
  6.59492798e-08 -1.95979624e-08  6.57443877e-08  6.58290844e-08
 -1.95979624e-08]
Optimization terminated successfully    (Exit mode 0)
            Current function value: 98.5000000066481
            Iterations: 1
            Function evaluations: 5
            Gradient evaluations: 1
New op index: 22	$R_Y$[7]
Current grad: 0.8904089243210407
98.5000000066481 
 [ 5.78334891e-09  1.67913879e-01  0.00000000e+00  4.37334791e-09
 -9.94491828e-07  5.79257176e-09 -3.00880259e-07 -3.29412303e-01
  0.00000000e+00 -1.50102750e-07 -9.36074883e-07 -3.84578414e-09
  5.00691044e-09 -1.33191804e-08 -3.68565907e-08  2.84153145e-09
 -3.29412343e-01  0.00000000e+00  4.86541296e-09 -1.01394384e-06
  6.60776323e-09  5.79862558e-09  1.67913880e-01  0.00000000e+00
  4.37334791e-09 -1.80970972e-09  0.00000000e+00  1.00978070e-09
  1.92993355e-09  0.00000000e+00 -1.50102750e-07  4.98708630e-09
  0.00000000e+00  4.92192953e-10  4.92192953e-10  2.95800362e-09
 -3.23991856e-09  5.19423793e-09  0.00000000e+00  4.86541296e-09
  4.95118968e-09  0.00000000e+00 -4.90004481e-10 -1.75030834e-09
  0.00000000e+00]
Precision cutoff reached.
Calculating energies for FreeWilson2D(N_x=2, N_y=2, mass=-0.667, r=1.000)
h_im: 0.0
New op index: 13	$R_Y$[4]
Current grad: 3.3333333333333295
242.49999999999991 
 [42.         42.66666666 42.         42.         42.16666667 42.
 42.         42.16666667 42.         42.         43.33333333 43.
 42.         43.33333333 43.         42.         42.16666666 42.
 42.         42.16666667 42.         42.         42.66666667 42.
 42.         42.         42.         42.         42.         42.
 42.         43.         43.         42.         42.         42.
 42.         43.         43.         42.         42.         42.
 42.         42.         42.        ]
Optimization terminated successfully    (Exit mode 0)
            Current function value: 199.16666666799753
            Iterations: 1
            Function evaluations: 2
            Gradient evaluations: 1
New op index: 16	$R_Y$[5]
Current grad: 281.0548837308413
199.16666666799753 
 [0.00000000e+00 5.05024670e+01 0.00000000e+00 0.00000000e+00
 4.96691337e+01 0.00000000e+00 0.00000000e+00 5.00024670e+01
 0.00000000e+00 0.00000000e+00 4.86666666e+01 0.00000000e+00
 0.00000000e+00 3.48279627e-10 0.00000000e+00 0.00000000e+00
 5.05098675e+01 0.00000000e+00 0.00000000e+00 4.96691337e+01
 0.00000000e+00 0.00000000e+00 5.05024670e+01 0.00000000e+00
 0.00000000e+00 0.00000000e+00 0.00000000e+00 0.00000000e+00
 0.00000000e+00 0.00000000e+00 0.00000000e+00 0.00000000e+00
 0.00000000e+00 0.00000000e+00 0.00000000e+00 0.00000000e+00
 0.00000000e+00 0.00000000e+00 0.00000000e+00 0.00000000e+00
 0.00000000e+00 0.00000000e+00 0.00000000e+00 0.00000000e+00
 0.00000000e+00]
Optimization terminated successfully    (Exit mode 0)
            Current function value: 148.65679920659358
            Iterations: 1
            Function evaluations: 3
            Gradient evaluations: 1
New op index: 19	$R_Y$[6]
Current grad: 3.000157934340286
148.65679920659358 
 [-1.49782409e-11  6.61765455e-01 -1.49782409e-11  3.21449534e-11
  6.91982848e-01  3.21449534e-11 -1.49782409e-11  1.61765938e-01
 -1.49782409e-11  1.46371804e-11  8.28564320e-01  0.00000000e+00
 -8.30766567e-11 -6.37507469e-09  0.00000000e+00 -9.16646457e-08
 -2.70046030e-09 -1.20792265e-11  9.09494702e-12  8.29061539e-01
  0.00000000e+00  0.00000000e+00  6.61765471e-01  0.00000000e+00
  3.21449534e-11  3.21449534e-11  3.21449534e-11 -1.49782409e-11
 -1.49782409e-11 -1.49782409e-11  1.46371804e-11  0.00000000e+00
  0.00000000e+00 -8.30766567e-11 -8.30766567e-11  0.00000000e+00
  0.00000000e+00  0.00000000e+00  0.00000000e+00 -9.17738987e-08
 -2.83785084e-09  0.00000000e+00  0.00000000e+00  0.00000000e+00
  0.00000000e+00]
Optimization terminated successfully    (Exit mode 0)
            Current function value: 147.82773765541313
            Iterations: 1
            Function evaluations: 7
            Gradient evaluations: 1
New op index: 1	$R_Y$[0]
Current grad: 200.60214260905062
147.82773765541313 
 [-1.21026460e-08  5.04993388e+01 -1.21026460e-08 -1.21081030e-08
  4.96660054e+01 -1.21081030e-08 -1.21836194e-08  4.99993387e+01
 -1.21836194e-08 -1.21526398e-08  4.91709384e+01 -1.20490142e-08
 -1.22045947e-08  6.07769834e-10 -1.20490142e-08 -2.56793697e-07
 -5.33526361e-08 -1.20490142e-08 -1.37659413e-08 -4.86407714e-08
 -6.94950018e-08 -1.22456356e-08  5.04968716e+01 -1.20490142e-08
 -1.21081030e-08 -1.21081030e-08 -1.21081030e-08 -1.21836194e-08
 -1.21836194e-08 -1.21836194e-08 -1.21526398e-08 -1.20490142e-08
 -1.20490142e-08 -1.22045947e-08 -1.20899131e-08 -5.65574396e-08
 -3.99418241e-08 -3.30943323e-07 -1.20490142e-08 -1.19926256e-08
 -1.22799406e-08 -1.20490142e-08 -1.37659697e-08 -1.37693519e-08
 -1.20490142e-08]
Optimization terminated successfully    (Exit mode 0)
            Current function value: 97.32839889077334
            Iterations: 1
            Function evaluations: 5
            Gradient evaluations: 1
New op index: 4	$R_Y$[1]
Current grad: 2.1629960667455808
97.32839889077334 
 [-2.98825853e-10 -1.10295844e-08  0.00000000e+00  0.00000000e+00
  8.35373563e-01  0.00000000e+00  0.00000000e+00  3.29777484e-01
  0.00000000e+00  0.00000000e+00  6.61757866e-01  0.00000000e+00
 -3.48421736e-10  6.10624795e-09  0.00000000e+00 -1.65371716e-10
 -9.05589559e-09  0.00000000e+00 -8.50008064e-10 -1.21290839e-07
 -1.61577091e-07  0.00000000e+00  6.62973800e-01  0.00000000e+00
 -3.03558068e-10 -3.03558068e-10  0.00000000e+00  0.00000000e+00
  0.00000000e+00  0.00000000e+00  0.00000000e+00  0.00000000e+00
  0.00000000e+00 -3.48421736e-10 -2.24972041e-10 -1.61585760e-07
 -8.48245918e-11 -7.42659267e-11  0.00000000e+00 -1.34505740e-10
 -5.30064881e-11  0.00000000e+00 -3.12823545e-10 -3.65346864e-10
  0.00000000e+00]
Optimization terminated successfully    (Exit mode 0)
            Current function value: 96.49302532790689
            Iterations: 1
            Function evaluations: 6
            Gradient evaluations: 1
New op index: 7	$R_Y$[2]
Current grad: 120.5787020954402
96.49302532790689 
 [ 8.91276386e-10 -2.06532292e-07 -7.03422103e-08 -5.41375442e-08
 -3.39341000e-10 -7.03422103e-08 -7.03422103e-08  4.06535562e+01
 -7.03422103e-08 -7.03501826e-08  3.90291046e+01 -7.03422103e-08
 -7.09873262e-08 -1.44325583e-08 -7.03422103e-08 -6.78207641e-08
 -2.08499202e-07 -7.03422103e-08 -4.46250681e-08 -2.62538975e-07
 -3.38506268e-07 -7.01033116e-08  4.06514963e+01 -7.03422103e-08
 -6.98776006e-08 -6.95211639e-08 -7.03422103e-08 -5.54911423e-08
 -5.55283322e-08 -7.03422103e-08 -7.03501826e-08 -7.03422103e-08
 -7.03422103e-08 -7.09873262e-08 -7.05839085e-08 -3.68352602e-08
 -3.01047663e-07 -1.76410438e-07 -7.03422103e-08 -6.96210520e-08
 -7.02163305e-08 -7.03422103e-08 -4.70619881e-08 -4.51637305e-08
 -7.03422103e-08]
Optimization terminated successfully    (Exit mode 0)
            Current function value: 45.992598513298105
            Iterations: 9
            Function evaluations: 73
            Gradient evaluations: 9
New op index: 10	$R_Y$[3]
Current grad: 1.3351986418748942
45.992598513298105 
 [ 2.45243825e-10  3.69451669e-09  4.81090723e-09  1.14717125e-10
 -9.98564076e-09  1.88315141e-10  2.37641018e-10  4.58738469e-09
  4.80895324e-09  1.88315141e-10  6.60857677e-01  1.88315141e-10
 -1.15250032e-11 -1.42180163e-07  1.88315141e-10  1.80243376e-10
  7.00391212e-09  1.88315141e-10  6.23145979e-11 -1.25227970e-08
 -1.79265037e-07  1.88315141e-10  6.60527263e-01  1.88315141e-10
  2.15223395e-10  3.10741655e-10  1.88315141e-10  3.07991854e-10
  4.29388081e-10  1.88315141e-10  9.59232693e-11  2.72940781e-10
  1.88315141e-10 -1.15250032e-11 -9.87725457e-10  1.88315141e-10
  3.43909790e-10  2.65615085e-10  1.88315141e-10  2.70482303e-10
  3.44563489e-10  1.88315141e-10  7.02584657e-11 -9.54287316e-10
  1.88315141e-10]
Optimization terminated successfully    (Exit mode 0)
            Current function value: 45.32940418969378
            Iterations: 8
            Function evaluations: 71
            Gradient evaluations: 8
New op index: 22	$R_Y$[7]
Current grad: 50.235441999035956
45.32940418969378 
 [-1.54296980e+00 -1.54296974e+00 -1.54296980e+00 -1.54296972e+00
 -2.13058300e-08 -1.54299447e+00 -1.54296972e+00 -1.54296977e+00
 -1.54296980e+00 -1.54296976e+00 -1.54296973e+00 -1.54297478e+00
 -1.54296974e+00 -1.35793906e+00 -1.54296973e+00 -1.54296983e+00
 -1.54136641e+00 -1.54296980e+00 -1.54296975e+00 -1.35773754e+00
 -1.54296980e+00 -1.54296980e+00  5.04452041e+01 -1.54296980e+00
 -1.54296976e+00 -1.54296976e+00 -1.54296980e+00 -1.54296999e+00
 -1.54296999e+00 -1.54297057e+00 -1.54296980e+00 -1.54296980e+00
 -1.54297051e+00 -1.54297012e+00 -1.54297008e+00 -1.54296972e+00
 -1.54296980e+00 -1.54296980e+00 -1.54296977e+00 -1.54296979e+00
 -1.54296980e+00 -1.54296980e+00 -1.54296978e+00 -1.54296978e+00
 -1.54296980e+00]
Precision cutoff reached.
Calculating energies for FreeWilson2D(N_x=2, N_y=2, mass=0.222, r=1.000)
h_im: 0.0
New op index: 10	$R_Y$[3]
Current grad: 6.88888888888888
242.49999999999991 
 [42.         43.11111111 42.         42.         42.61111111 42.
 42.         42.6111111  42.         42.         43.71842846 43.
 42.         43.71842845 43.         42.         42.61111111 42.
 42.         42.61111111 42.         42.         43.11111111 42.
 42.         42.         42.         42.         42.         42.
 42.         43.         43.         42.         42.         42.
 42.         43.         43.         42.         42.         42.
 42.         42.         42.        ]
Optimization terminated successfully    (Exit mode 0)
            Current function value: 198.7815715446309
            Iterations: 1
            Function evaluations: 2
            Gradient evaluations: 1
New op index: 7	$R_Y$[2]
Current grad: 320.53058397706263
198.7815715446309 
 [ 0.00000000e+00  5.10062394e+01  0.00000000e+00  0.00000000e+00
  4.92840171e+01  0.00000000e+00  0.00000000e+00  5.10135754e+01
  0.00000000e+00  0.00000000e+00 -8.29913915e-12  0.00000000e+00
  0.00000000e+00  4.82815715e+01  0.00000000e+00  0.00000000e+00
  5.05062394e+01  0.00000000e+00  0.00000000e+00  4.92840171e+01
  0.00000000e+00  0.00000000e+00  5.10062394e+01  0.00000000e+00
  0.00000000e+00  0.00000000e+00  0.00000000e+00  0.00000000e+00
  0.00000000e+00  0.00000000e+00  0.00000000e+00  0.00000000e+00
  0.00000000e+00  0.00000000e+00  0.00000000e+00  0.00000000e+00
  0.00000000e+00  0.00000000e+00  0.00000000e+00  0.00000000e+00
  0.00000000e+00  0.00000000e+00  0.00000000e+00  0.00000000e+00
  0.00000000e+00]
Optimization terminated successfully    (Exit mode 0)
            Current function value: 147.767996105174
            Iterations: 1
            Function evaluations: 3
            Gradient evaluations: 1
New op index: 4	$R_Y$[1]
Current grad: 5.6667944343732435
147.767996105174 
 [ 1.84741111e-12  1.10627412e+00  1.84741111e-12 -2.99849034e-11
  1.21375712e+00  0.00000000e+00  0.00000000e+00 -3.35617756e-09
 -1.59161573e-11  0.00000000e+00 -6.26991437e-09  0.00000000e+00
 -1.48645540e-11  1.21353513e+00  0.00000000e+00 -2.66027200e-11
  6.06274310e-01 -2.66027200e-11 -9.00968189e-12  9.85065040e-01
 -9.00968189e-12 -1.35003120e-11  1.10627413e+00 -1.35003120e-11
 -2.99849034e-11  0.00000000e+00  0.00000000e+00  0.00000000e+00
  0.00000000e+00  0.00000000e+00  0.00000000e+00  0.00000000e+00
  0.00000000e+00  0.00000000e+00  0.00000000e+00  0.00000000e+00
 -2.66027200e-11  0.00000000e+00  0.00000000e+00 -9.00968189e-12
 -9.00968189e-12 -9.00968189e-12 -1.35003120e-11 -1.35003120e-11
 -1.35003120e-11]
Optimization terminated successfully    (Exit mode 0)
            Current function value: 146.55423898224396
            Iterations: 1
            Function evaluations: 4
            Gradient evaluations: 1
New op index: 22	$R_Y$[7]
Current grad: 228.68675752617514
146.55423898224396 
 [ 0.00000000e+00  5.10011293e+01  0.00000000e+00 -8.64613696e-08
  4.24978452e-09  1.00349951e-08 -2.67096709e-08 -2.73458340e-08
  0.00000000e+00 -1.21983135e-09  2.23277539e-08  0.00000000e+00
 -2.66911115e-09  4.87862424e+01  0.00000000e+00 -2.74951617e-10
  5.05035748e+01 -2.74951617e-10  0.00000000e+00  4.92813527e+01
  0.00000000e+00  0.00000000e+00  5.10035750e+01  0.00000000e+00
 -8.64613696e-08 -2.10250391e-07  0.00000000e+00 -1.91968752e-09
 -1.73116632e-09  0.00000000e+00 -1.95022551e-07  1.63631739e-08
  0.00000000e+00  2.21524488e-09 -1.83825932e-09  1.88939850e-08
 -2.74951617e-10  0.00000000e+00  0.00000000e+00  0.00000000e+00
  0.00000000e+00  0.00000000e+00  0.00000000e+00  0.00000000e+00
  0.00000000e+00]
Optimization terminated successfully    (Exit mode 0)
            Current function value: 95.55066402543129
            Iterations: 1
            Function evaluations: 5
            Gradient evaluations: 1
New op index: 19	$R_Y$[6]
Current grad: 3.9407296424955485
95.55066402543129 
 [-1.29318778e-12  1.10745586e+00  0.00000000e+00 -1.41795908e-10
 -1.21459280e-07 -1.58430879e-07 -1.74821935e-10 -9.35122557e-09
  0.00000000e+00 -2.70674150e-10  5.18822674e-09  0.00000000e+00
 -9.89359705e-11  1.10621949e+00  0.00000000e+00 -1.81955784e-10
  7.14829484e-01 -1.81955784e-10 -2.61479727e-11  1.21994090e+00
 -2.61479727e-11 -5.78069148e-10 -1.09490230e-08 -1.05586651e-11
 -1.41795908e-10  6.15898443e-11  0.00000000e+00 -4.09272616e-12
 -4.09272616e-12  0.00000000e+00  0.00000000e+00  0.00000000e+00
  0.00000000e+00 -6.82859991e-10 -7.06108949e-10 -1.58432272e-07
 -1.81955784e-10  0.00000000e+00  0.00000000e+00 -2.61479727e-11
 -2.61479727e-11 -2.61479727e-11 -5.78069148e-10 -5.78069148e-10
 -1.05586651e-11]
Optimization terminated successfully    (Exit mode 0)
            Current function value: 94.33072310874995
            Iterations: 1
            Function evaluations: 9
            Gradient evaluations: 1
New op index: 16	$R_Y$[5]
Current grad: 137.65353831383132
94.33072310874995 
 [-1.51920915e-07  4.66533430e+01 -1.28182668e-03  4.93989916e-08
 -4.13441228e-07 -4.24244462e-08  3.63897072e-08 -4.88807459e-07
 -1.28188135e-03  3.08939576e-08  4.39456898e-08 -1.51920915e-07
 -1.51920915e-07  4.42350800e+01 -1.51920915e-07 -1.51920915e-07
  4.66555925e+01 -3.06012552e-07 -1.20024083e-07 -4.78110067e-07
 -1.51920915e-07  5.06142044e-08 -4.40889015e+00 -3.31973936e-07
  4.93989916e-08 -1.24590812e-07  1.08271507e-08  1.68089684e-08
  5.04392261e-08 -3.17126620e-07 -2.08535070e-07 -2.87146051e-07
  3.74061386e-08  3.07376666e-08 -7.41752615e-08 -8.94854963e-08
 -1.51920915e-07 -2.57973142e-07 -2.57973142e-07 -1.20024083e-07
  4.70853649e-08 -3.06177526e-07 -5.56740787e-08  4.76339324e-08
 -3.31973936e-07]
Optimization terminated successfully    (Exit mode 0)
            Current function value: 43.325996239969086
            Iterations: 8
            Function evaluations: 65
            Gradient evaluations: 8
New op index: 13	$R_Y$[4]
Current grad: 2.2255956062701996
43.325996239969086 
 [ 3.02048875e-09  1.10500537e+00  3.02048875e-09  2.19483809e-09
 -8.74164385e-09 -1.73175899e-07  2.16154916e-09  1.02019158e-08
  3.02048875e-09  2.72006417e-09 -9.54761958e-08  3.02048875e-09
  3.02048875e-09  1.10505038e+00  3.02048875e-09  2.52726551e-09
  7.45298934e-09  7.63694175e-09  1.70249592e-09 -6.84890011e-09
  3.02048875e-09  3.12886783e-09  6.63295907e-09  7.63832730e-09
  2.19483809e-09  2.62178901e-09  3.02048875e-09  2.91178281e-09
  2.91347391e-09  3.02048875e-09  2.94954816e-09  3.09903925e-09
  3.02048875e-09  2.22129160e-09  3.02593151e-09  3.02048875e-09
  2.52726551e-09  2.52725130e-09  3.02048875e-09  2.90590663e-09
  3.04808623e-09  3.02048875e-09  2.84332913e-09  2.97968938e-09
  3.02048875e-09]
Optimization terminated successfully    (Exit mode 0)
            Current function value: 42.21976724040213
            Iterations: 2
            Function evaluations: 21
            Gradient evaluations: 2
New op index: 1	$R_Y$[0]
Current grad: 51.12211031522724
42.21976724040213 
 [-2.11836022e+00  5.11042874e+01 -2.11836022e+00 -2.11836037e+00
 -2.11573836e+00 -2.11836022e+00 -2.11836021e+00 -2.09200536e+00
 -2.11836022e+00 -2.11836061e+00 -2.11387138e+00 -2.11841445e+00
 -2.11836062e+00 -2.11836026e+00 -2.11836063e+00 -2.11836023e+00
  3.67368763e-07 -2.11836022e+00 -2.11836023e+00  1.77181150e-08
 -2.11836161e+00 -2.11836022e+00  3.54967817e-07 -2.11836022e+00
 -2.11836037e+00 -2.11836036e+00 -2.11836022e+00 -2.11836022e+00
 -2.11836022e+00 -2.11836022e+00 -2.11836022e+00 -2.11836022e+00
 -2.11836022e+00 -2.11836023e+00 -2.11836023e+00 -2.11841503e+00
 -2.11836022e+00 -2.11836022e+00 -2.11835898e+00 -2.11836021e+00
 -2.11836022e+00 -2.11835900e+00 -2.11836023e+00 -2.11836023e+00
 -2.11836022e+00]
Precision cutoff reached.
Calculating energies for FreeWilson2D(N_x=2, N_y=2, mass=1.111, r=1.000)
h_im: 0.0
New op index: 13	$R_Y$[4]
Current grad: 10.444444444444434
242.49999999999991 
 [42.         43.55555555 42.         42.         43.05555554 42.
 42.         43.05555553 42.         42.         44.13393778 43.
 42.         44.13393779 43.         42.         43.05555554 42.
 42.         43.05555554 42.         42.         43.55555555 42.
 42.         42.         42.         42.         42.         42.
 42.         43.         43.         42.         42.         42.
 42.         43.         43.         42.         42.         42.
 42.         42.         42.        ]
Optimization terminated successfully    (Exit mode 0)
            Current function value: 198.36606220963344
            Iterations: 1
            Function evaluations: 2
            Gradient evaluations: 1
New op index: 16	$R_Y$[5]
Current grad: 334.9027763591754
198.36606220963344 
 [0.00000000e+00 5.14795978e+01 0.00000000e+00 0.00000000e+00
 4.88684867e+01 0.00000000e+00 0.00000000e+00 5.09795978e+01
 0.00000000e+00 0.00000000e+00 4.78660622e+01 0.00000000e+00
 0.00000000e+00 1.17370462e-07 0.00000000e+00 0.00000000e+00
 5.14868707e+01 0.00000000e+00 0.00000000e+00 4.88684867e+01
 0.00000000e+00 0.00000000e+00 5.14795978e+01 0.00000000e+00
 0.00000000e+00 0.00000000e+00 0.00000000e+00 0.00000000e+00
 0.00000000e+00 0.00000000e+00 0.00000000e+00 0.00000000e+00
 0.00000000e+00 0.00000000e+00 0.00000000e+00 0.00000000e+00
 0.00000000e+00 0.00000000e+00 0.00000000e+00 0.00000000e+00
 0.00000000e+00 0.00000000e+00 0.00000000e+00 0.00000000e+00
 0.00000000e+00]
Optimization terminated successfully    (Exit mode 0)
            Current function value: 146.87919152510761
            Iterations: 1
            Function evaluations: 3
            Gradient evaluations: 1
New op index: 19	$R_Y$[6]
Current grad: 8.333449862647687
146.87919152510761 
 [-2.14015472e-11  1.55078138e+00 -2.14015472e-11 -2.25952590e-11
  1.33956008e+00 -2.25952590e-11 -1.47508672e-11  1.05078148e+00
 -1.47508672e-11 -2.14015472e-11  1.62835144e+00  0.00000000e+00
 -1.23463906e-10 -5.80871529e-09  0.00000000e+00 -9.43430223e-10
 -3.20744675e-09 -2.92743607e-11 -2.00373051e-11  1.62847395e+00
  0.00000000e+00  0.00000000e+00  1.55078138e+00  0.00000000e+00
 -2.25952590e-11 -2.25952590e-11 -2.25952590e-11 -1.47508672e-11
 -1.47508672e-11 -1.47508672e-11 -2.14015472e-11  0.00000000e+00
  0.00000000e+00 -1.23463906e-10 -2.02947490e-08  0.00000000e+00
 -5.17275112e-12 -5.17275112e-12  0.00000000e+00 -8.82863560e-10
 -8.79282425e-10  0.00000000e+00  0.00000000e+00  0.00000000e+00
  0.00000000e+00]
Optimization terminated successfully    (Exit mode 0)
            Current function value: 145.2507174104347
            Iterations: 1
            Function evaluations: 6
            Gradient evaluations: 1
New op index: 1	$R_Y$[0]
Current grad: 239.06425515496835
145.2507174104347 
 [-1.66057305e-07  5.14777890e+01 -1.66057305e-07 -1.68473605e-07
  4.88666779e+01 -1.68473605e-07 -1.65066439e-07  5.09777890e+01
 -1.65066439e-07 -1.70127862e-07  4.83715258e+01 -1.68629953e-07
 -1.68008398e-07 -3.24407267e-07 -1.68629953e-07  3.19993774e-08
 -5.58845414e-07 -1.68629953e-07 -4.02144167e-08  2.91630045e-08
  6.41855991e-09 -1.65034351e-07  5.14753644e+01 -1.68629953e-07
 -1.68473605e-07 -1.68473605e-07 -1.68473605e-07 -1.65066439e-07
 -1.65066439e-07 -1.65066439e-07 -1.70127862e-07 -1.68629953e-07
 -1.68629953e-07 -1.68008398e-07 -1.68122625e-07  3.28010401e-08
 -7.70539827e-08 -7.80193830e-08 -1.68629953e-07  1.18259891e-09
  1.51947290e-08 -1.68629953e-07 -4.25719406e-08 -4.29464535e-08
 -1.68629953e-07]
Optimization terminated successfully    (Exit mode 0)
            Current function value: 93.77292842100083
            Iterations: 1
            Function evaluations: 5
            Gradient evaluations: 1
New op index: 4	$R_Y$[1]
Current grad: 5.718557053050498
93.77292842100083 
 [-1.01340447e-09  5.73750469e-09  0.00000000e+00  0.00000000e+00
  1.63458410e+00  0.00000000e+00  0.00000000e+00  1.13034917e+00
  0.00000000e+00  0.00000000e+00  1.55070587e+00  0.00000000e+00
 -2.78075163e-09  5.18681986e-09  0.00000000e+00 -2.67533551e-10
 -8.70221584e-09  0.00000000e+00 -2.07516848e-09 -1.32455526e-07
 -1.54252859e-07  0.00000000e+00  1.55193695e+00  0.00000000e+00
 -1.87539229e-09 -1.87539229e-09  0.00000000e+00  0.00000000e+00
  0.00000000e+00  0.00000000e+00  0.00000000e+00  0.00000000e+00
  0.00000000e+00 -2.78075163e-09 -4.58396698e-09 -1.54255602e-07
 -1.15505827e-10 -1.75111836e-09  0.00000000e+00 -5.66259928e-10
 -2.97372083e-09  0.00000000e+00 -4.13109547e-11 -7.43654027e-11
  0.00000000e+00]
Optimization terminated successfully    (Exit mode 0)
            Current function value: 92.13834432488406
            Iterations: 1
            Function evaluations: 6
            Gradient evaluations: 1
New op index: 7	$R_Y$[2]
Current grad: 144.05489081088666
92.13834432488406 
 [-3.68204610e-07 -6.09686418e+00 -1.08283477e-03  7.47718332e-10
 -1.96780547e-09 -2.53722163e-08 -2.53722163e-08  4.90897875e+01
 -1.08247892e-03 -2.53722163e-08  4.58312453e+01 -2.53722163e-08
 -3.31347252e-08 -3.07792902e-09 -2.53722163e-08 -1.50930930e-08
 -1.83162285e-09 -4.61636091e-07 -9.06972275e-09 -6.63108608e-08
 -1.60690561e-07 -2.53722163e-08  4.90874683e+01 -1.69999126e-07
 -1.14970220e-08 -7.25572136e-09 -1.08273061e-03 -9.16449494e-09
 -9.42074507e-09 -1.08247892e-03 -2.53722163e-08 -2.51989036e-07
 -2.51989036e-07 -3.31347252e-08 -3.67873653e-07 -8.97283172e-08
  2.58097543e-10 -6.11141218e-08 -3.31702381e-08 -1.00787076e-08
 -4.77920992e-09 -2.67320132e-07 -1.92730454e-09 -1.44585641e-08
 -2.37085231e-07]
Optimization terminated successfully    (Exit mode 0)
            Current function value: 40.65939279362139
            Iterations: 7
            Function evaluations: 59
            Gradient evaluations: 7
New op index: 10	$R_Y$[3]
Current grad: 3.1117619207989105
40.65939279362139 
 [-1.13879182e-08 -6.51624532e-10  2.55283794e-10 -9.33663813e-09
 -1.38711513e-08 -9.14874221e-09 -9.85275506e-09 -3.92278814e-07
  2.52931898e-10 -9.86632642e-09  1.54953252e+00 -9.14874221e-09
 -1.10782423e-08 -1.10646866e-07 -9.14874221e-09 -1.02786970e-08
  4.34425829e-10 -9.14874221e-09 -9.41375333e-09 -1.51919082e-08
 -1.78894901e-07 -9.54494794e-09  1.54951696e+00 -9.14874221e-09
 -9.68117320e-09 -9.48791978e-09 -9.14874221e-09 -9.58912239e-09
 -9.71754588e-09 -9.14874221e-09 -1.09614575e-08 -1.01660476e-08
 -9.14874221e-09 -1.10782423e-08 -9.79904513e-09 -9.14874221e-09
 -1.11549383e-08 -9.40384837e-09 -9.14874221e-09 -9.57508917e-09
 -1.02359294e-08 -9.14874221e-09 -9.17174958e-09 -8.77606254e-09
 -9.14874221e-09]
Optimization terminated successfully    (Exit mode 0)
            Current function value: 39.10864944312294
            Iterations: 7
            Function evaluations: 64
            Gradient evaluations: 7
New op index: 22	$R_Y$[7]
Current grad: 51.5586534753573
39.10864944312294 
 [-3.02981997e+00  4.42819115e-08 -3.02981997e+00 -3.02981997e+00
  5.41851719e-08 -3.02982000e+00 -3.02982047e+00 -2.92143284e-07
 -3.02981997e+00 -3.02982032e+00 -3.02982010e+00 -3.02982000e+00
 -3.02982000e+00 -3.02981955e+00 -3.02981997e+00 -3.02981996e+00
 -2.99324581e+00 -3.02981997e+00 -3.02982002e+00 -3.02981889e+00
 -3.02981998e+00 -3.02981997e+00  5.15524647e+01 -3.02981997e+00
 -3.02982001e+00 -3.02982002e+00 -3.02981997e+00 -3.02982031e+00
 -3.02982010e+00 -3.02982048e+00 -3.02982020e+00 -3.02982000e+00
 -3.02982061e+00 -3.02981996e+00 -3.02982024e+00 -3.02982000e+00
 -3.02982018e+00 -3.02982032e+00 -3.02981997e+00 -3.02982021e+00
 -3.02982030e+00 -3.02981997e+00 -3.02981996e+00 -3.02981996e+00
 -3.02981997e+00]
Precision cutoff reached.
Calculating energies for FreeWilson2D(N_x=2, N_y=2, mass=2.000, r=1.000)
h_im: 0.0
New op index: 13	$R_Y$[4]
Current grad: 13.999999999999988
242.49999999999991 
 [42.         43.99999999 42.         42.         43.5        42.
 42.         43.5        42.         42.         44.56155281 43.
 42.         44.56155281 43.         42.         43.5        42.
 42.         43.5        42.         42.         43.99999999 42.
 42.         42.         42.         42.         42.         42.
 42.         43.         43.         42.         42.         42.
 42.         43.         43.         42.         42.         42.
 42.         42.         42.        ]
Optimization terminated successfully    (Exit mode 0)
            Current function value: 197.93844718719595
            Iterations: 1
            Function evaluations: 2
            Gradient evaluations: 1
New op index: 16	$R_Y$[5]
Current grad: 341.6862606346577
197.93844718719595 
 [ 0.00000000e+00  5.19408510e+01  0.00000000e+00  0.00000000e+00
  4.84408510e+01  0.00000000e+00  0.00000000e+00  5.14408510e+01
  0.00000000e+00  0.00000000e+00  4.74384472e+01  0.00000000e+00
  0.00000000e+00 -1.14782210e-08  0.00000000e+00  0.00000000e+00
  5.19480617e+01  0.00000000e+00  0.00000000e+00  4.84408510e+01
  0.00000000e+00  0.00000000e+00  5.19408510e+01  0.00000000e+00
  0.00000000e+00  0.00000000e+00  0.00000000e+00  0.00000000e+00
  0.00000000e+00  0.00000000e+00  0.00000000e+00  0.00000000e+00
  0.00000000e+00  0.00000000e+00  0.00000000e+00  0.00000000e+00
  0.00000000e+00  0.00000000e+00  0.00000000e+00  0.00000000e+00
  0.00000000e+00  0.00000000e+00  0.00000000e+00  0.00000000e+00
  0.00000000e+00]
Optimization terminated successfully    (Exit mode 0)
            Current function value: 145.99038550430248
            Iterations: 1
            Function evaluations: 3
            Gradient evaluations: 1
New op index: 19	$R_Y$[6]
Current grad: 11.000132709034512
145.99038550430248 
 [ 2.56648036e-11  1.99528733e+00  2.56648036e-11  2.11741735e-11
  1.72645344e+00  2.11741735e-11  2.31068498e-11  1.49528731e+00
  2.31068498e-11  2.18278728e-11  2.05523048e+00  0.00000000e+00
  0.00000000e+00 -5.03061415e-09  0.00000000e+00 -1.86691153e-07
 -2.85643864e-09  1.25055521e-11  1.75930381e-11  2.05530764e+00
  0.00000000e+00  0.00000000e+00  1.99528733e+00  0.00000000e+00
  2.11741735e-11  2.11741735e-11  2.11741735e-11  2.31068498e-11
  2.31068498e-11  2.31068498e-11  2.18278728e-11  0.00000000e+00
  0.00000000e+00  0.00000000e+00  0.00000000e+00  0.00000000e+00
  0.00000000e+00  0.00000000e+00  0.00000000e+00  8.27071744e-11
 -1.69476095e-07  0.00000000e+00  0.00000000e+00  0.00000000e+00
  0.00000000e+00]
Optimization terminated successfully    (Exit mode 0)
            Current function value: 143.93507786742364
            Iterations: 1
            Function evaluations: 4
            Gradient evaluations: 1
New op index: 1	$R_Y$[0]
Current grad: 244.1176565385543
143.93507786742364 
 [-7.43057171e-10  5.19398858e+01 -7.43057171e-10 -2.04727257e-09
  4.84398858e+01 -2.04727257e-09  3.39070994e-11  5.14398858e+01
  3.39070994e-11 -7.73411557e-10  4.79446922e+01 -5.83327164e-10
 -7.69091457e-11 -2.76181993e-07 -5.83327164e-10 -5.83327164e-10
 -6.65710616e-08 -5.83327164e-10  3.03561762e-08 -1.93313923e-07
  2.92842799e-08 -4.49830395e-10  5.19374819e+01 -5.83327164e-10
 -2.04727257e-09 -2.04727257e-09 -2.04727257e-09  3.39070994e-11
  3.39070994e-11  3.39070994e-11 -7.73411557e-10 -5.83327164e-10
 -5.83327164e-10 -7.69091457e-11 -6.98321401e-11  4.06645029e-08
  2.61155435e-08  2.66876725e-08 -5.83327164e-10  3.56521355e-08
  3.47084494e-08 -5.83327164e-10  3.63969548e-08 -3.08756256e-07
 -5.83327164e-10]
Optimization terminated successfully    (Exit mode 0)
            Current function value: 91.99519209682775
            Iterations: 1
            Function evaluations: 5
            Gradient evaluations: 1
New op index: 4	$R_Y$[1]
Current grad: 7.496512410032853
91.99519209682775 
 [-6.69551525e-09  7.08865855e-09  0.00000000e+00  0.00000000e+00
  2.06135902e+00  0.00000000e+00  0.00000000e+00  1.55798828e+00
  0.00000000e+00  0.00000000e+00  1.99519177e+00  0.00000000e+00
 -5.28174837e-10  6.56343957e-09  0.00000000e+00 -7.11168013e-09
 -6.72805811e-09  0.00000000e+00 -1.17653087e-09 -1.37998597e-07
 -1.48770170e-07  0.00000000e+00  1.99641720e+00  0.00000000e+00
 -4.77029971e-10 -4.77029971e-10  0.00000000e+00  0.00000000e+00
  0.00000000e+00  0.00000000e+00  0.00000000e+00  0.00000000e+00
  0.00000000e+00 -5.28174837e-10 -1.36766687e-09 -1.48770752e-07
 -5.73754733e-09 -1.13519008e-08  0.00000000e+00  1.45220724e-10
 -3.98179623e-09  0.00000000e+00 -1.51189283e-10 -1.66328107e-09
  0.00000000e+00]
Optimization terminated successfully    (Exit mode 0)
            Current function value: 89.93383307218657
            Iterations: 1
            Function evaluations: 6
            Gradient evaluations: 1
New op index: 7	$R_Y$[2]
Current grad: 147.26788656889056
89.93383307218657 
 [ 1.76143544e-09 -9.71203917e-09 -3.28369026e-07 -7.16335791e-08
 -6.87356364e+00  2.23296581e-09  7.24185156e-11  5.04507592e+01
 -3.04571884e-07  8.91020591e-12  4.63346805e+01  2.23296581e-09
 -9.21299659e-09 -5.23035681e-07  2.23296581e-09  6.76921275e-09
 -2.16790284e-08 -1.23199973e-03 -4.57176569e-07 -1.94652912e-07
 -2.91483374e-07  2.02800265e-09  5.04484249e+01 -1.23194296e-03
 -1.23498211e-07 -2.41946964e-07 -1.67015344e-08 -9.67707052e-08
 -7.87410812e-08 -3.04571884e-07  8.91020591e-12 -4.25665689e-08
 -4.25665689e-08 -9.21299659e-09 -1.10972991e-08 -3.25614664e-07
 -9.43542489e-09 -2.89840330e-09 -1.75819608e-07  6.31688124e-09
  6.18406659e-09 -1.53875632e-07 -2.59330903e-08 -3.91753332e-08
 -1.57833739e-07]
Optimization terminated successfully    (Exit mode 0)
            Current function value: 37.9927883012067
            Iterations: 7
            Function evaluations: 56
            Gradient evaluations: 7
New op index: 10	$R_Y$[3]
Current grad: 4.001050997032419
37.9927883012067 
 [-5.63652094e-08  4.65647076e-10  1.25242394e-09 -6.09000637e-08
 -1.23240795e-08 -5.29995958e-08 -5.03583877e-08 -2.52532104e-07
  1.25228183e-09 -5.29995958e-08  1.99402894e+00 -5.29995958e-08
 -5.94937717e-08 -7.65034756e-08 -5.29995958e-08 -5.21874526e-08
  1.80236981e-09 -5.29995958e-08 -6.03995787e-08  1.25518085e-09
 -1.95753792e-07 -5.29995958e-08  1.99401808e+00 -5.29995958e-08
 -5.96722742e-08 -6.07904695e-08 -5.29995958e-08 -5.92897322e-08
 -5.17656034e-08 -5.29995958e-08 -5.80012980e-08 -5.03132611e-08
 -5.29995958e-08 -5.94937717e-08 -5.48556756e-08 -5.29995958e-08
 -5.99794703e-08 -6.84526498e-08 -5.29995958e-08 -5.47523982e-08
 -5.72428860e-08 -5.29995958e-08 -5.03375261e-08 -5.42322809e-08
 -5.29995958e-08]
Optimization terminated successfully    (Exit mode 0)
            Current function value: 35.99754975604517
            Iterations: 6
            Function evaluations: 57
            Gradient evaluations: 6
New op index: 22	$R_Y$[7]
Current grad: 52.00390281819503
35.99754975604517 
 [ 4.55243544e-07  6.73456675e-07  5.92543884e-07  3.49879315e-07
  4.95260991e-07  7.33169486e-07  5.86496384e-07  6.40440042e-07
  5.92543884e-07  6.65367082e-07  7.21183781e-07  6.72222910e-07
  7.27681694e-07 -1.89160443e-05  5.92543884e-07  7.29033303e-07
  7.40925984e-07  5.92543884e-07  7.23964249e-07  7.27400824e-07
  5.89147234e-07  5.92543884e-07  5.19969204e+01  5.92543884e-07
  7.12759316e-07  6.40705231e-07  5.92543884e-07  7.30278892e-07
  6.80820584e-07  6.67739265e-07  5.01158731e-07  5.15861743e-07
  6.81762032e-07  6.88250864e-07  6.95797283e-07  6.02597005e-07
  6.20698174e-07  7.17129183e-07  5.92543884e-07  5.65536951e-07
  7.12950744e-07  5.92543884e-07 -7.90236378e-07 -5.99285983e-07
  5.92543884e-07]
Optimization terminated successfully    (Exit mode 0)
            Current function value: -15.99999999997267
            Iterations: 2
            Function evaluations: 23
            Gradient evaluations: 2
New op index: 4	$R_Y$[1]
Current grad: 7.899562362951958e-05
-15.99999999997267 
 [-2.88062683e-07 -2.49815175e-07 -2.86027213e-07 -2.88468705e-07
 -1.10849996e-10 -2.14754687e-07 -2.86972005e-07 -2.39653630e-10
 -2.86027213e-07 -2.87273135e-07 -1.20198962e-10 -2.17105613e-07
 -2.86036007e-07 -6.53813004e-10 -2.89559821e-07 -2.86699827e-07
 -2.86298842e-08 -2.86027213e-07 -2.87702246e-07 -8.75402328e-09
 -2.86271209e-07 -2.87472293e-07 -4.74811253e-07 -2.88132631e-07
 -2.87443884e-07 -2.86470287e-07 -2.17027107e-07 -2.87160253e-07
 -2.89153544e-07 -2.17037623e-07 -2.89196636e-07 -2.69672574e-07
 -2.19708424e-07 -1.17591972e-06 -1.41442744e-06 -2.16276073e-07
 -2.86027213e-07 -2.86027213e-07 -2.88782175e-07 -2.87445358e-07
 -2.87445358e-07 -2.90116322e-07 -2.89919297e-07 -2.89919297e-07
 -2.86238475e-07]
Precision cutoff reached.
-----Beginning pprint-----
/:
	Attributes:
		ProcessId: 26737543
	2026-07-30_13-21-03-26737543:
		Attributes:
			HamiltonianType: ZeroChargePenalty
			Last-Modified: 2026-07-30_13-21-03
			ProcessId: 26737543
			SimulatorType: Statevector
			SolverName: AdaptVQE
			SystemName: FreeWilson2D
			n_x: 2
			n_y: 2
			r: 1.0
		AdaptOptions:
			Attributes:
				SelSeed: 26737543
				allow_duplicate_gates: False
				gradient_hamiltonian_type: HamiltonianType.ZeroChargePenalty
				max_depth: 50
				parameter_prec_cutoff: 0.001
				prec_cutoff: 0.001
				precision: 0
		AnsatzOperatorDerivatives: Dataset (dtype=float64, shape=(10, 9, 45), maxshape=(10, None, 45))
			Attributes:
				DIMENSION_LABELS: ['mass' 'AnsatzOperatorAxis' 'AnsatzPoolOperatorAxis']
				NDataDims: 2
		AnsatzOperatorSecondDerivatives: Dataset (dtype=float64, shape=(10, 9, 45), maxshape=(10, None, 45))
			Attributes:
				DIMENSION_LABELS: ['mass' 'AnsatzOperatorAxis' 'AnsatzPoolOperatorAxis']
				NDataDims: 2
		AnsatzOperators: Dataset (dtype=int64, shape=(10, 8), maxshape=(10, None))
			Attributes:
				DIMENSION_LABELS: ['mass' 'AnsatzOperatorAxis']
				NDataDims: 1
		Circuit:
			Attributes:
				Ansatz: HardwareAdaptAnsatz22
			AnsatzOptions:
				Attributes:
					num_qubits: 8
		CircuitParameters: Dataset (dtype=float64, shape=(10, 190, 8), maxshape=(10, None, None))
			Attributes:
				DIMENSION_LABELS: ['mass' 'IterationAxis' 'CircuitParameterAxis']
				NDataDims: 2
		Data:
			Attributes:
			evs:
				Attributes:
				Hamiltonian: Dataset (dtype=float64, shape=(10, 190), maxshape=(10, None))
					Attributes:
						DIMENSION_LABELS: ['mass' 'IterationAxis']
						NDataDims: 1
			stds:
				Attributes:
				Hamiltonian: Dataset (dtype=float64, shape=(10, 190), maxshape=(10, None))
					Attributes:
						DIMENSION_LABELS: ['mass' 'IterationAxis']
						NDataDims: 1
		EstimatorOptions:
			Attributes:
				_VERSION: 2
				default_precision: Unset
				default_shots: Unset
				experimental: Unset
				max_execution_time: Unset
				resilience_level: Unset
				seed_estimator: 26737543
			dynamical_decoupling:
				Attributes:
					enable: Unset
					extra_slack_distribution: Unset
					scheduling_method: Unset
					sequence_type: Unset
					skip_reset_qubits: Unset
			environment:
				Attributes:
					callback: None
					job_tags: None
					log_level: WARNING
					private: False
			execution:
				Attributes:
					init_qubits: Unset
					rep_delay: Unset
			resilience:
				Attributes:
					layer_noise_model: Unset
					measure_mitigation: Unset
					pec_mitigation: Unset
					zne_mitigation: Unset
				layer_noise_learning:
					Attributes:
						layer_pair_depths: Unset
						max_layers_to_learn: Unset
						num_randomizations: Unset
						shots_per_randomization: Unset
				measure_noise_learning:
					Attributes:
						num_randomizations: Unset
						shots_per_randomization: Unset
				pec:
					Attributes:
						max_overhead: Unset
						noise_gain: Unset
				zne:
					Attributes:
						amplifier: Unset
						extrapolated_noise_factors: Unset
						extrapolator: Unset
						noise_factors: Unset
			simulator:
				Attributes:
					basis_gates: Unset
					coupling_map: Unset
					noise_model: Unset
					seed_simulator: Unset
			twirling:
				Attributes:
					enable_gates: Unset
					enable_measure: Unset
					num_randomizations: Unset
					shots_per_randomization: Unset
					strategy: Unset
		MetaData:
			Attributes:
			circuit_metadata: Dataset (dtype=object, shape=(10, 190), maxshape=(10, None))
				Attributes:
					DIMENSION_LABELS: ['mass' 'IterationAxis']
					NDataDims: 1
			target_precision: Dataset (dtype=float64, shape=(10, 190), maxshape=(10, None))
				Attributes:
					DIMENSION_LABELS: ['mass' 'IterationAxis']
					NDataDims: 1
			version: Dataset (dtype=int64, shape=(10, 190), maxshape=(10, None))
				Attributes:
					DIMENSION_LABELS: ['mass' 'IterationAxis']
					NDataDims: 1
		NIterations: Dataset (dtype=int64, shape=(10,), maxshape=(10,))
			Attributes:
				DIMENSION_LABELS: ['mass']
				NDataDims: 0
		OptimizerOptions:
			Attributes:
				bounds: None
				callback: None
				constraints: []
				method: slsqp
				tol: None
				x0Seed: 26737543
			options:
				Attributes:
					disp: 1
					maxiter: 20000
		PresetPassManagerOptions:
			Attributes:
		SimulatorOptions:
			Attributes:
		StartIterations: Dataset (dtype=int64, shape=(10, 8), maxshape=(10, None))
			Attributes:
				DIMENSION_LABELS: ['mass' 'AnsatzOperatorAxis']
				NDataDims: 1
		VersionInfo:
			Attributes:
				QiskitAerVersion: 0.17.1
				QiskitIBMRuntimeVersion: 0.41.1
				QiskitVersion: 2.1.2
		mass: Dataset (dtype=float64, shape=(10,), maxshape=(10,))
			Attributes:
-----Ending pprint-----
End 2026-07-30 13:45:55 | 26737543 MyPyJob | lmnode193 | /home/s6nidich_hpc/PycharmProjects/QC-MasterThesis 

