Start 2025-11-06 11:36:21 | 23819322 MyPyJob | node089 | /home/s6nidich_hpc/PycharmProjects/QC-MasterThesis 

Used python interpreter:
/home/s6nidich_hpc/PycharmProjects/QC-MasterThesis/.venv_intel_3_12_3/bin/python
Python version:
Python 3.12.3

Currently Loaded Modules:
  1) GCCcore/13.3.0                   7) Tcl/8.6.14-GCCcore-13.3.0
  2) zlib/1.3.1-GCCcore-13.3.0        8) SQLite/3.45.3-GCCcore-13.3.0
  3) binutils/2.42-GCCcore-13.3.0     9) XZ/5.4.5-GCCcore-13.3.0
  4) bzip2/1.0.8-GCCcore-13.3.0      10) libffi/3.4.5-GCCcore-13.3.0
  5) ncurses/6.5-GCCcore-13.3.0      11) OpenSSL/3
  6) libreadline/8.2-GCCcore-13.3.0  12) Python/3.12.3-GCCcore-13.3.0

 

Start of Program:

/home/s6nidich_hpc/PycharmProjects/QC-MasterThesis/.venv_intel_3_12_3/lib/python3.12/site-packages/qiskit_ibm_runtime/fake_provider/local_service.py:269: UserWarning: Options {'seed_estimator': 23819322} have no effect in local testing mode.
  warnings.warn(f"Options {options_copy} have no effect in local testing mode.")
-----Beginning pprint-----
/:
	Attributes:
-----Ending pprint-----
Calculating energies for FreeWilson2D(N_x=4, N_y=4, mass=-6.000, r=1.000)
hi
hi
hi
hi
hi
hi
hi
hi
hi
hi
hi
hi
hi
hi
hi
hi
hi
hi
hi
hi
hi
hi
hi
hi
hi
hi
hi
hi
hi
hi
hi
hi
hi
hi
hi
hi
hi
hi
hi
hi
hi
hi
hi
hi
hi
hi
hi
hi
hi
hi
hi
hi
hi
hi
hi
hi
hi
hi
hi
hi
hi
hi
hi
hi
h: 0.0
Traceback (most recent call last):
  File "/home/s6nidich_hpc/PycharmProjects/QC-MasterThesis/main.py", line 82, in <module>
    run_adapt_vqe(f)
  File "/home/s6nidich_hpc/PycharmProjects/QC-MasterThesis/main.py", line 46, in run_adapt_vqe
    my_adapt_vqe.run({HamiltonianParameters.XExtend: [4],
  File "/home/s6nidich_hpc/PycharmProjects/QC-MasterThesis/solver/adapt_vqe.py", line 125, in run
    print("Prec", estimator.default_precision)
                  ^^^^^^^^^^^^^^^^^^^^^^^^^^^
AttributeError: 'EstimatorV2' object has no attribute 'default_precision'
End 2025-11-06 11:57:56 | 23819322 MyPyJob | node089 | /home/s6nidich_hpc/PycharmProjects/QC-MasterThesis 

