Start 2025-10-28 14:22:44 | 23770883 MyPyJob | node073 | /home/s6nidich_hpc/PycharmProjects/QC-MasterThesis 

Used python interpreter:
/home/s6nidich_hpc/PycharmProjects/QC-MasterThesis/.venv_intel_3_12_3/bin/python
Python version:
Python 3.12.3

Currently Loaded Modules:
  1) GCCcore/13.3.0                   7) Tcl/8.6.14-GCCcore-13.3.0
  2) zlib/1.3.1-GCCcore-13.3.0        8) SQLite/3.45.3-GCCcore-13.3.0
  3) binutils/2.42-GCCcore-13.3.0     9) XZ/5.4.5-GCCcore-13.3.0
  4) bzip2/1.0.8-GCCcore-13.3.0      10) libffi/3.4.5-GCCcore-13.3.0
  5) ncurses/6.5-GCCcore-13.3.0      11) OpenSSL/3
  6) libreadline/8.2-GCCcore-13.3.0  12) Python/3.12.3-GCCcore-13.3.0

 

Start of Program:

-----Beginning pprint-----
/:
	Attributes:
-----Ending pprint-----
Calculating energies for FreeWilson2D(N_x=2, N_y=2, mass=-6.000, r=1.000)
h: 0.0
Prec 0.0
New op index: 31
Current grad: 51.99999999999996
0:	2.00e+00	0.00e+00
1:	-1.22e-16	0.00e+00
2:	-2.89e-34	0.00e+00
3:	-2.50e+00	0.00e+00
4:	1.53e-16	0.00e+00
5:	-7.90e-33	0.00e+00
6:	2.50e+00	0.00e+00
7:	-1.53e-16	0.00e+00
8:	6.84e-33	0.00e+00
9:	-2.00e+00	-5.00e-01
10:	1.22e-16	0.00e+00
11:	6.16e-33	-5.00e-01
12:	-2.00e+00	-5.00e-01
13:	1.22e-16	0.00e+00
14:	4.62e-33	-5.00e-01
15:	2.50e+00	1.39e-17
16:	-1.53e-16	4.16e-17
17:	-5.78e-34	1.39e-17
18:	-2.50e+00	6.94e-18
19:	1.53e-16	0.00e+00
20:	-2.12e-33	6.94e-18
21:	2.00e+00	6.94e-18
22:	-1.22e-16	3.47e-17
23:	-5.97e-33	1.39e-17
24:	-7.70e-34	0.00e+00
25:	-6.12e-17	0.00e+00
26:	-5.00e-01	0.00e+00
27:	-4.50e+00	0.00e+00
28:	3.08e-33	0.00e+00
29:	-4.62e-33	0.00e+00
30:	0.00e+00	0.00e+00
31:	5.00e+00	0.00e+00
32:	-2.70e-33	-5.00e-01
33:	6.12e-17	-5.00e-01
34:	5.00e-01	-5.00e-01
35:	-4.50e+00	-5.00e-01
36:	-1.54e-33	6.94e-18
37:	-4.90e-16	6.94e-18
38:	-4.00e+00	6.94e-18
39:	0.00e+00	-2.00e+00
40:	0.00e+00	-5.00e-01
41:	6.12e-17	-5.00e-01
42:	5.00e-01	-5.00e-01
43:	4.50e+00	-5.00e-01
44:	0.00e+00	2.08e-17
45:	-1.23e-32	2.08e-17
46:	0.00e+00	2.08e-17
47:	-5.00e+00	2.08e-17
48:	0.00e+00	2.08e-17
49:	-6.12e-17	2.08e-17
50:	-5.00e-01	2.08e-17
51:	4.50e+00	2.08e-17
New op index: 47
Current grad: 41.025569838742
New op index: 38
Current grad: 30.051320161697983
New op index: 51
Current grad: 24.21790746183858
New op index: 43
Current grad: 21.731937652778637
New op index: 35
Current grad: 19.995433462616017
New op index: 27
Current grad: 16.982908619099625
New op index: 21
Current grad: 14.410415957947732
New op index: 51
Current grad: 22.420408452618176
New op index: 47
Current grad: 16.965316589855078
New op index: 0
Current grad: 13.046816223012497
New op index: 27
Current grad: 20.4002282036903
New op index: 31
Current grad: 14.927703587530178
New op index: 12
Current grad: 11.579075217612214
New op index: 43
Current grad: 13.147982847437717
New op index: 6
Current grad: 5.977584129322912
New op index: 35
Current grad: 7.964629629471013
New op index: 31
Current grad: 0.00028735813231529656
Precision cutoff reached.
Calculating energies for FreeWilson2D(N_x=2, N_y=2, mass=-5.111, r=1.000)
h: 0.0
Prec 0.0
New op index: 31
Current grad: 42.22222222222218
0:	1.56e+00	0.00e+00
1:	-9.53e-17	0.00e+00
2:	-2.89e-34	0.00e+00
3:	-2.06e+00	0.00e+00
4:	1.26e-16	0.00e+00
5:	-7.90e-33	0.00e+00
6:	2.06e+00	0.00e+00
7:	-1.26e-16	0.00e+00
8:	6.84e-33	0.00e+00
9:	-1.56e+00	-5.00e-01
10:	9.53e-17	0.00e+00
11:	6.16e-33	-5.00e-01
12:	-1.56e+00	-5.00e-01
13:	9.53e-17	0.00e+00
14:	4.62e-33	-5.00e-01
15:	2.06e+00	1.08e-17
16:	-1.26e-16	3.85e-17
17:	-5.78e-34	1.39e-17
18:	-2.06e+00	1.00e-17
19:	1.26e-16	3.08e-18
20:	-2.12e-33	6.94e-18
21:	1.56e+00	3.85e-18
22:	-9.53e-17	3.16e-17
23:	-5.97e-33	1.39e-17
24:	-7.70e-34	0.00e+00
25:	-6.12e-17	0.00e+00
26:	-5.00e-01	0.00e+00
27:	-3.61e+00	0.00e+00
28:	3.08e-33	0.00e+00
29:	-4.62e-33	0.00e+00
30:	0.00e+00	0.00e+00
31:	4.11e+00	0.00e+00
32:	-2.70e-33	-5.00e-01
33:	6.12e-17	-5.00e-01
34:	5.00e-01	-5.00e-01
35:	-3.61e+00	-5.00e-01
36:	-1.54e-33	6.94e-18
37:	-3.81e-16	6.94e-18
38:	-3.11e+00	6.94e-18
39:	0.00e+00	-2.00e+00
40:	0.00e+00	-5.00e-01
41:	6.12e-17	-5.00e-01
42:	5.00e-01	-5.00e-01
43:	3.61e+00	-5.00e-01
44:	0.00e+00	2.08e-17
45:	-1.23e-32	2.08e-17
46:	0.00e+00	2.08e-17
47:	-4.11e+00	2.08e-17
48:	-2.47e-32	2.08e-17
49:	-6.12e-17	2.08e-17
50:	-5.00e-01	2.08e-17
51:	3.61e+00	2.08e-17
New op index: 47
Current grad: 32.86553430443564
New op index: 38
Current grad: 23.510079872398308
New op index: 27
Current grad: 19.13830943551806
New op index: 35
Current grad: 17.34171537742951
New op index: 43
Current grad: 16.206246888905312
New op index: 51
Current grad: 13.691403774626664
New op index: 21
Current grad: 11.854949648290395
New op index: 51
Current grad: 18.375341107701267
New op index: 47
Current grad: 13.873786418214847
New op index: 12
Current grad: 10.886674662435512
New op index: 43
Current grad: 12.453450122046194
New op index: 31
Current grad: 8.72696510619184
New op index: 3
Current grad: 6.954441442179308
New op index: 31
Current grad: 8.032804995969238
New op index: 35
Current grad: 5.6132905510082445
New op index: 27
Current grad: 4.338059409723154
New op index: 0
Current grad: 3.142472944908343
New op index: 27
Current grad: 5.726681728433038
New op index: 51
Current grad: 0.0018327688131150256
New op index: 51
Current grad: 0.001532415903759689
Adding the same operator twice is not sensible, terminating.
Calculating energies for FreeWilson2D(N_x=2, N_y=2, mass=-4.222, r=1.000)
h: 0.0
Prec 0.0
New op index: 31
Current grad: 32.44444444444442
0:	1.11e+00	0.00e+00
1:	-6.80e-17	0.00e+00
2:	-2.89e-34	0.00e+00
3:	-1.61e+00	0.00e+00
4:	9.87e-17	0.00e+00
5:	-7.90e-33	0.00e+00
6:	1.61e+00	0.00e+00
7:	-9.87e-17	0.00e+00
8:	6.84e-33	0.00e+00
9:	-1.11e+00	-5.00e-01
10:	6.80e-17	0.00e+00
11:	6.16e-33	-5.00e-01
12:	-1.11e+00	-5.00e-01
13:	6.80e-17	0.00e+00
14:	4.62e-33	-5.00e-01
15:	1.61e+00	7.71e-18
16:	-9.87e-17	3.55e-17
17:	-5.78e-34	1.39e-17
18:	-1.61e+00	1.31e-17
19:	9.87e-17	6.17e-18
20:	-2.12e-33	6.94e-18
21:	1.11e+00	7.71e-19
22:	-6.80e-17	2.85e-17
23:	-5.97e-33	1.39e-17
24:	-7.70e-34	0.00e+00
25:	-6.12e-17	0.00e+00
26:	-5.00e-01	0.00e+00
27:	-2.72e+00	0.00e+00
28:	3.08e-33	0.00e+00
29:	-4.62e-33	0.00e+00
30:	0.00e+00	0.00e+00
31:	3.22e+00	0.00e+00
32:	-2.70e-33	-5.00e-01
33:	6.12e-17	-5.00e-01
34:	5.00e-01	-5.00e-01
35:	-2.72e+00	-5.00e-01
36:	-1.54e-33	6.94e-18
37:	-2.72e-16	6.94e-18
38:	-2.22e+00	6.94e-18
39:	0.00e+00	-2.00e+00
40:	0.00e+00	-5.00e-01
41:	6.12e-17	-5.00e-01
42:	5.00e-01	-5.00e-01
43:	2.72e+00	-5.00e-01
44:	0.00e+00	2.08e-17
45:	-1.23e-32	2.08e-17
46:	0.00e+00	2.08e-17
47:	-3.22e+00	2.08e-17
48:	0.00e+00	2.08e-17
49:	-6.12e-17	2.08e-17
50:	-5.00e-01	2.08e-17
51:	2.72e+00	2.08e-17
New op index: 47
Current grad: 24.671155999543544
New op index: 38
Current grad: 16.897217917123807
New op index: 35
Current grad: 13.94737473655883
New op index: 43
Current grad: 12.98832043842585
New op index: 27
Current grad: 11.161277061214209
New op index: 51
Current grad: 10.391422194137371
New op index: 0
Current grad: 9.213784460305169
New op index: 27
Current grad: 14.269735738870477
New op index: 31
Current grad: 9.477372248368951
New op index: 38
Current grad: 7.724582549395812
New op index: 47
Current grad: 8.022909178608202
New op index: 21
Current grad: 5.97370290694612
New op index: 51
Current grad: 7.844173580196654
New op index: 9
Current grad: 6.867428395472397
New op index: 39
Current grad: 4.312640316686322
New op index: 47
Current grad: 3.3831002441357008
New op index: 35
Current grad: 2.5699930795808195
New op index: 0
Current grad: 2.0683913964622276
New op index: 43
Current grad: 3.070567685236544
New op index: 38
Current grad: 2.109040940816671
New op index: 47
Current grad: 0.0009066085279731356
Precision cutoff reached.
Calculating energies for FreeWilson2D(N_x=2, N_y=2, mass=-3.333, r=1.000)
h: 0.0
Prec 0.0
New op index: 31
Current grad: 22.666666666666647
0:	6.67e-01	0.00e+00
1:	-4.08e-17	0.00e+00
2:	-2.89e-34	0.00e+00
3:	-1.17e+00	0.00e+00
4:	7.14e-17	0.00e+00
5:	-7.90e-33	0.00e+00
6:	1.17e+00	0.00e+00
7:	-7.14e-17	0.00e+00
8:	6.84e-33	0.00e+00
9:	-6.67e-01	-5.00e-01
10:	4.08e-17	0.00e+00
11:	6.16e-33	-5.00e-01
12:	-6.67e-01	-5.00e-01
13:	4.08e-17	0.00e+00
14:	4.62e-33	-5.00e-01
15:	1.17e+00	4.63e-18
16:	-7.14e-17	3.24e-17
17:	-5.78e-34	1.39e-17
18:	-1.17e+00	1.62e-17
19:	7.14e-17	9.25e-18
20:	-2.12e-33	6.94e-18
21:	6.67e-01	-2.31e-18
22:	-4.08e-17	2.54e-17
23:	-5.97e-33	1.39e-17
24:	-7.70e-34	0.00e+00
25:	-6.12e-17	0.00e+00
26:	-5.00e-01	0.00e+00
27:	-1.83e+00	0.00e+00
28:	3.08e-33	0.00e+00
29:	-4.62e-33	0.00e+00
30:	0.00e+00	0.00e+00
31:	2.33e+00	0.00e+00
32:	9.63e-33	-5.00e-01
33:	6.12e-17	-5.00e-01
34:	5.00e-01	-5.00e-01
35:	-1.83e+00	-5.00e-01
36:	-1.54e-33	6.94e-18
37:	-1.63e-16	6.94e-18
38:	-1.33e+00	6.94e-18
39:	0.00e+00	-2.00e+00
40:	0.00e+00	-5.00e-01
41:	6.12e-17	-5.00e-01
42:	5.00e-01	-5.00e-01
43:	1.83e+00	-5.00e-01
44:	1.23e-32	2.08e-17
45:	-1.23e-32	2.08e-17
46:	0.00e+00	2.08e-17
47:	-2.33e+00	2.08e-17
48:	-1.23e-32	2.08e-17
49:	-6.12e-17	2.08e-17
50:	-5.00e-01	2.08e-17
51:	1.83e+00	2.08e-17
New op index: 47
Current grad: 16.397370140766256
New op index: 38
Current grad: 10.127973789591836
New op index: 35
Current grad: 8.486593616198087
New op index: 43
Current grad: 8.1909511230374
New op index: 27
Current grad: 7.0219773149066125
New op index: 51
Current grad: 6.702519467894258
New op index: 38
Current grad: 5.863347182892563
New op index: 35
Current grad: 4.7745446909662554
New op index: 31
Current grad: 7.3077642153210745
New op index: 35
Current grad: 5.194225130914751
New op index: 21
Current grad: 3.8387556885861636
New op index: 43
Current grad: 6.624847328174275
New op index: 18
Current grad: 4.998747620162606
New op index: 47
Current grad: 3.169614030521171
New op index: 39
Current grad: 2.9595871786636723
New op index: 15
Current grad: 2.7479279775678656
New op index: 47
Current grad: 7.965884593101402
New op index: 27
Current grad: 4.77242707933985
New op index: 3
Current grad: 2.7344327390135814
New op index: 27
Current grad: 4.0310963093545364
New op index: 31
Current grad: 0.5618735917379264
New op index: 51
Current grad: 0.3279124089357539
New op index: 47
Current grad: 0.8582607691594775
New op index: 27
Current grad: 0.0627639886159938
New op index: 35
Current grad: 0.13328063888182518
New op index: 43
Current grad: 0.11421088581762663
New op index: 31
Current grad: 0.0957941363553139
New op index: 27
Current grad: 0.21448892354666468
New op index: 35
Current grad: 0.001879679174268831
Calculating energies for FreeWilson2D(N_x=2, N_y=2, mass=-2.444, r=1.000)
h: 0.0
Prec 0.0
New op index: 31
Current grad: 12.888888888888879
0:	2.22e-01	0.00e+00
1:	-1.36e-17	0.00e+00
2:	-2.89e-34	0.00e+00
3:	-7.22e-01	0.00e+00
4:	4.42e-17	0.00e+00
5:	-7.90e-33	0.00e+00
6:	7.22e-01	0.00e+00
7:	-4.42e-17	0.00e+00
8:	6.84e-33	0.00e+00
9:	-2.22e-01	-5.00e-01
10:	1.36e-17	0.00e+00
11:	6.16e-33	-5.00e-01
12:	-2.22e-01	-5.00e-01
13:	1.36e-17	0.00e+00
14:	4.62e-33	-5.00e-01
15:	7.22e-01	1.54e-18
16:	-4.42e-17	2.93e-17
17:	-5.78e-34	1.39e-17
18:	-7.22e-01	1.93e-17
19:	4.42e-17	1.23e-17
20:	-2.12e-33	6.94e-18
21:	2.22e-01	-5.40e-18
22:	-1.36e-17	2.24e-17
23:	-5.97e-33	1.39e-17
24:	-7.70e-34	0.00e+00
25:	-6.12e-17	0.00e+00
26:	-5.00e-01	0.00e+00
27:	-9.44e-01	0.00e+00
28:	3.08e-33	0.00e+00
29:	-4.62e-33	0.00e+00
30:	0.00e+00	0.00e+00
31:	1.44e+00	0.00e+00
32:	3.47e-33	-5.00e-01
33:	6.12e-17	-5.00e-01
34:	5.00e-01	-5.00e-01
35:	-9.44e-01	-5.00e-01
36:	-1.54e-33	6.94e-18
37:	-5.44e-17	6.94e-18
38:	-4.44e-01	6.94e-18
39:	0.00e+00	-2.00e+00
40:	-6.16e-33	-5.00e-01
41:	6.12e-17	-5.00e-01
42:	5.00e-01	-5.00e-01
43:	9.44e-01	-5.00e-01
44:	6.16e-33	2.08e-17
45:	-1.23e-32	2.08e-17
46:	0.00e+00	2.08e-17
47:	-1.44e+00	2.08e-17
48:	-1.23e-32	2.08e-17
49:	-6.12e-17	2.08e-17
50:	-5.00e-01	2.08e-17
51:	9.44e-01	2.08e-17
New op index: 47
Current grad: 8.843277111925048
New op index: 42
Current grad: 4.797621946608826
New op index: 43
Current grad: 8.110753931297936
New op index: 34
Current grad: 5.352803496939555
New op index: 35
Current grad: 6.487785757806618
New op index: 0
Current grad: 0.4444657350385857
New op index: 21
Current grad: 0.22240832276372202
New op index: 21
Current grad: 1.0007322110276515
Adding the same operator twice is not sensible, terminating.
Calculating energies for FreeWilson2D(N_x=2, N_y=2, mass=-1.556, r=1.000)
h: 0.0
Prec 0.0
New op index: 31
Current grad: 5.777777777777773
0:	-2.22e-01	0.00e+00
1:	1.36e-17	0.00e+00
2:	-2.89e-34	0.00e+00
3:	-2.78e-01	0.00e+00
4:	1.70e-17	0.00e+00
5:	-7.90e-33	0.00e+00
6:	2.78e-01	0.00e+00
7:	-1.70e-17	0.00e+00
8:	6.84e-33	0.00e+00
9:	2.22e-01	-5.00e-01
10:	-1.36e-17	0.00e+00
11:	6.16e-33	-5.00e-01
12:	2.22e-01	-5.00e-01
13:	-1.36e-17	0.00e+00
14:	4.62e-33	-5.00e-01
15:	2.78e-01	-1.54e-18
16:	-1.70e-17	2.62e-17
17:	-5.78e-34	1.39e-17
18:	-2.78e-01	2.24e-17
19:	1.70e-17	1.54e-17
20:	-2.12e-33	6.94e-18
21:	-2.22e-01	-8.48e-18
22:	1.36e-17	1.93e-17
23:	-5.97e-33	1.39e-17
24:	-7.70e-34	0.00e+00
25:	-6.12e-17	0.00e+00
26:	-5.00e-01	0.00e+00
27:	-5.56e-02	0.00e+00
28:	3.08e-33	0.00e+00
29:	-4.62e-33	0.00e+00
30:	0.00e+00	0.00e+00
31:	5.56e-01	0.00e+00
32:	3.47e-33	-5.00e-01
33:	6.12e-17	-5.00e-01
34:	5.00e-01	-5.00e-01
35:	-5.56e-02	-5.00e-01
36:	-1.54e-33	6.94e-18
37:	5.44e-17	6.94e-18
38:	4.44e-01	6.94e-18
39:	0.00e+00	-2.00e+00
40:	-6.16e-33	-5.00e-01
41:	6.12e-17	-5.00e-01
42:	5.00e-01	-5.00e-01
43:	5.56e-02	-5.00e-01
44:	6.16e-33	2.08e-17
45:	-1.23e-32	2.08e-17
46:	0.00e+00	2.08e-17
47:	-5.56e-01	2.08e-17
48:	-1.23e-32	2.08e-17
49:	-6.12e-17	2.08e-17
50:	-5.00e-01	2.08e-17
51:	5.56e-02	2.08e-17
New op index: 47
Current grad: 5.287661165251196
New op index: 26
Current grad: 4.797546656514856
New op index: 27
Current grad: 7.648399090932766
New op index: 50
Current grad: 2.8440181400636724
New op index: 43
Current grad: 5.694068664184518
New op index: 42
Current grad: 3.1176104713107873
New op index: 38
Current grad: 0.8893477607349526
New op index: 9
Current grad: 0.10177766592111956
New op index: 43
Current grad: 0.758932002713074
New op index: 47
Current grad: 3.250576440540489
New op index: 31
Current grad: 4.103700662902996
New op index: 51
Current grad: 3.951138960287805
New op index: 43
Current grad: 1.398964475455506
New op index: 35
Current grad: 2.321955477455159
New op index: 39
Current grad: 1.687830212222536
New op index: 31
Current grad: 1.4751652787794722
New op index: 47
Current grad: 1.3790110861595095
New op index: 27
Current grad: 1.8316890503046979
New op index: 38
Current grad: 0.6951680577829208
New op index: 0
Current grad: 0.6961521412902321
New op index: 38
Current grad: 0.7476784996651328
Adding the same operator twice is not sensible, terminating.
Calculating energies for FreeWilson2D(N_x=2, N_y=2, mass=-0.667, r=1.000)
h: 0.0
Prec 0.0
New op index: 38
Current grad: 10.666666666666655
0:	-6.67e-01	0.00e+00
1:	4.08e-17	0.00e+00
2:	-2.89e-34	0.00e+00
3:	1.67e-01	0.00e+00
4:	-1.02e-17	0.00e+00
5:	-7.90e-33	0.00e+00
6:	-1.67e-01	0.00e+00
7:	1.02e-17	0.00e+00
8:	6.84e-33	0.00e+00
9:	6.67e-01	-5.00e-01
10:	-4.08e-17	0.00e+00
11:	6.16e-33	-5.00e-01
12:	6.67e-01	-5.00e-01
13:	-4.08e-17	0.00e+00
14:	4.62e-33	-5.00e-01
15:	-1.67e-01	-4.63e-18
16:	1.02e-17	2.31e-17
17:	-5.78e-34	1.39e-17
18:	1.67e-01	2.54e-17
19:	-1.02e-17	1.85e-17
20:	-2.12e-33	6.94e-18
21:	-6.67e-01	-1.16e-17
22:	4.08e-17	1.62e-17
23:	-5.97e-33	1.39e-17
24:	-7.70e-34	0.00e+00
25:	-6.12e-17	0.00e+00
26:	-5.00e-01	0.00e+00
27:	8.33e-01	0.00e+00
28:	3.08e-33	0.00e+00
29:	-4.62e-33	0.00e+00
30:	0.00e+00	0.00e+00
31:	-3.33e-01	0.00e+00
32:	9.63e-33	-5.00e-01
33:	6.12e-17	-5.00e-01
34:	5.00e-01	-5.00e-01
35:	8.33e-01	-5.00e-01
36:	-1.54e-33	6.94e-18
37:	1.63e-16	6.94e-18
38:	1.33e+00	6.94e-18
39:	0.00e+00	-2.00e+00
40:	0.00e+00	-5.00e-01
41:	6.12e-17	-5.00e-01
42:	5.00e-01	-5.00e-01
43:	-8.33e-01	-5.00e-01
44:	1.23e-32	2.08e-17
45:	-1.23e-32	2.08e-17
46:	0.00e+00	2.08e-17
47:	3.33e-01	2.08e-17
48:	-1.23e-32	2.08e-17
49:	-6.12e-17	2.08e-17
50:	-5.00e-01	2.08e-17
51:	-8.33e-01	2.08e-17
New op index: 34
Current grad: 13.283029805940396
New op index: 27
Current grad: 14.512590974107624
New op index: 43
Current grad: 10.94732698335945
New op index: 51
Current grad: 7.853595931567927
New op index: 38
Current grad: 7.263320191628313
New op index: 31
Current grad: 7.298036305783011
New op index: 47
Current grad: 7.140123450704017
New op index: 30
Current grad: 5.398054492034902
New op index: 39
Current grad: 5.436579101361993
New op index: 27
Current grad: 4.772771653970025
New op index: 42
Current grad: 5.352733611360326
New op index: 51
Current grad: 7.238098984071883
New op index: 31
Current grad: 4.5668872916380385
New op index: 47
Current grad: 3.3977127131649665
New op index: 35
Current grad: 3.162242156815271
New op index: 43
Current grad: 3.2383266688011636
New op index: 39
Current grad: 4.5241464422330075
New op index: 21
Current grad: 4.361892905709212
New op index: 26
Current grad: 2.5127599881220597
New op index: 26
Current grad: 2.51299864934884
Adding the same operator twice is not sensible, terminating.
Calculating energies for FreeWilson2D(N_x=2, N_y=2, mass=0.222, r=1.000)
h: 0.0
Prec 0.0
New op index: 38
Current grad: 20.44444444444442
0:	-1.11e+00	0.00e+00
1:	6.80e-17	0.00e+00
2:	-2.89e-34	0.00e+00
3:	6.11e-01	0.00e+00
4:	-3.74e-17	0.00e+00
5:	-7.90e-33	0.00e+00
6:	-6.11e-01	0.00e+00
7:	3.74e-17	0.00e+00
8:	6.84e-33	0.00e+00
9:	1.11e+00	-5.00e-01
10:	-6.80e-17	0.00e+00
11:	6.16e-33	-5.00e-01
12:	1.11e+00	-5.00e-01
13:	-6.80e-17	0.00e+00
14:	4.62e-33	-5.00e-01
15:	-6.11e-01	-7.71e-18
16:	3.74e-17	2.00e-17
17:	-5.78e-34	1.39e-17
18:	6.11e-01	2.85e-17
19:	-3.74e-17	2.16e-17
20:	-2.12e-33	6.94e-18
21:	-1.11e+00	-1.46e-17
22:	6.80e-17	1.31e-17
23:	-5.97e-33	1.39e-17
24:	-7.70e-34	0.00e+00
25:	-6.12e-17	0.00e+00
26:	-5.00e-01	0.00e+00
27:	1.72e+00	0.00e+00
28:	3.08e-33	0.00e+00
29:	-4.62e-33	0.00e+00
30:	0.00e+00	0.00e+00
31:	-1.22e+00	0.00e+00
32:	-2.70e-33	-5.00e-01
33:	6.12e-17	-5.00e-01
34:	5.00e-01	-5.00e-01
35:	1.72e+00	-5.00e-01
36:	-1.54e-33	6.94e-18
37:	2.72e-16	6.94e-18
38:	2.22e+00	6.94e-18
39:	0.00e+00	-2.00e+00
40:	0.00e+00	-5.00e-01
41:	6.12e-17	-5.00e-01
42:	5.00e-01	-5.00e-01
43:	-1.72e+00	-5.00e-01
44:	0.00e+00	2.08e-17
45:	-1.23e-32	2.08e-17
46:	0.00e+00	2.08e-17
47:	1.22e+00	2.08e-17
48:	0.00e+00	2.08e-17
49:	-6.12e-17	2.08e-17
50:	-5.00e-01	2.08e-17
51:	-1.72e+00	2.08e-17
New op index: 43
Current grad: 21.393011476107716
New op index: 35
Current grad: 19.79828332275128
New op index: 27
Current grad: 16.44216135863781
New op index: 51
Current grad: 13.526779315739763
New op index: 47
Current grad: 10.579535804023212
New op index: 31
Current grad: 9.326351602633201
New op index: 0
Current grad: 8.31668835650363
New op index: 38
Current grad: 10.046878127130938
New op index: 43
Current grad: 9.013266989138188
New op index: 39
Current grad: 8.534924417301044
New op index: 38
Current grad: 6.7222365847969625
New op index: 51
Current grad: 6.999335934213248
New op index: 46
Current grad: 4.505447868890152
New op index: 51
Current grad: 9.712644429576034
New op index: 43
Current grad: 6.782141860935406
New op index: 39
Current grad: 3.4193895647535246
New op index: 47
Current grad: 3.3405916173658006
New op index: 15
Current grad: 3.002908938093039
New op index: 15
Current grad: 4.314565446149691
Adding the same operator twice is not sensible, terminating.
Calculating energies for FreeWilson2D(N_x=2, N_y=2, mass=1.111, r=1.000)
h: 0.0
Prec 0.0
New op index: 38
Current grad: 30.222222222222193
0:	-1.56e+00	0.00e+00
1:	9.53e-17	0.00e+00
2:	-2.89e-34	0.00e+00
3:	1.06e+00	0.00e+00
4:	-6.46e-17	0.00e+00
5:	-7.90e-33	0.00e+00
6:	-1.06e+00	0.00e+00
7:	6.46e-17	0.00e+00
8:	6.84e-33	0.00e+00
9:	1.56e+00	-5.00e-01
10:	-9.53e-17	0.00e+00
11:	6.16e-33	-5.00e-01
12:	1.56e+00	-5.00e-01
13:	-9.53e-17	0.00e+00
14:	4.62e-33	-5.00e-01
15:	-1.06e+00	-1.08e-17
16:	6.46e-17	1.70e-17
17:	-5.78e-34	1.39e-17
18:	1.06e+00	3.16e-17
19:	-6.46e-17	2.47e-17
20:	-2.12e-33	6.94e-18
21:	-1.56e+00	-1.77e-17
22:	9.53e-17	1.00e-17
23:	-5.97e-33	1.39e-17
24:	-7.70e-34	0.00e+00
25:	-6.12e-17	0.00e+00
26:	-5.00e-01	0.00e+00
27:	2.61e+00	0.00e+00
28:	3.08e-33	0.00e+00
29:	-4.62e-33	0.00e+00
30:	0.00e+00	0.00e+00
31:	-2.11e+00	0.00e+00
32:	-2.70e-33	-5.00e-01
33:	6.12e-17	-5.00e-01
34:	5.00e-01	-5.00e-01
35:	2.61e+00	-5.00e-01
36:	-1.54e-33	6.94e-18
37:	3.81e-16	6.94e-18
38:	3.11e+00	6.94e-18
39:	0.00e+00	-2.00e+00
40:	0.00e+00	-5.00e-01
41:	6.12e-17	-5.00e-01
42:	5.00e-01	-5.00e-01
43:	-2.61e+00	-5.00e-01
44:	0.00e+00	2.08e-17
45:	-1.23e-32	2.08e-17
46:	0.00e+00	2.08e-17
47:	2.11e+00	2.08e-17
48:	-2.47e-32	2.08e-17
49:	-6.12e-17	2.08e-17
50:	-5.00e-01	2.08e-17
51:	-2.61e+00	2.08e-17
New op index: 27
Current grad: 29.500525602256058
New op index: 51
Current grad: 25.947851127942293
New op index: 35
Current grad: 22.39468547748806
New op index: 43
Current grad: 19.37148024182773
New op index: 31
Current grad: 13.92578753614553
New op index: 47
Current grad: 12.427073515715955
New op index: 0
Current grad: 10.976294621756498
New op index: 38
Current grad: 12.983774701037564
New op index: 27
Current grad: 13.61835159942896
New op index: 21
Current grad: 7.944375973010863
New op index: 51
Current grad: 11.828565833662502
New op index: 15
Current grad: 5.939357013806919
New op index: 6
Current grad: 5.743652612529242
New op index: 43
Current grad: 13.769685305345048
New op index: 35
Current grad: 7.928520310356243
New op index: 38
Current grad: 0.0015916802969221963
New op index: 27
Current grad: 0.0012012944055969155
Adding the same operator twice is not sensible, terminating.
Calculating energies for FreeWilson2D(N_x=2, N_y=2, mass=2.000, r=1.000)
h: 0.0
Prec 0.0
New op index: 38
Current grad: 39.99999999999997
0:	-2.00e+00	0.00e+00
1:	1.22e-16	0.00e+00
2:	-2.89e-34	0.00e+00
3:	1.50e+00	0.00e+00
4:	-9.18e-17	0.00e+00
5:	-7.90e-33	0.00e+00
6:	-1.50e+00	0.00e+00
7:	9.18e-17	0.00e+00
8:	6.84e-33	0.00e+00
9:	2.00e+00	-5.00e-01
10:	-1.22e-16	0.00e+00
11:	6.16e-33	-5.00e-01
12:	2.00e+00	-5.00e-01
13:	-1.22e-16	0.00e+00
14:	4.62e-33	-5.00e-01
15:	-1.50e+00	-1.39e-17
16:	9.18e-17	1.39e-17
17:	-5.78e-34	1.39e-17
18:	1.50e+00	3.47e-17
19:	-9.18e-17	2.78e-17
20:	-2.12e-33	6.94e-18
21:	-2.00e+00	-2.08e-17
22:	1.22e-16	6.94e-18
23:	-5.97e-33	1.39e-17
24:	-7.70e-34	0.00e+00
25:	-6.12e-17	0.00e+00
26:	-5.00e-01	0.00e+00
27:	3.50e+00	0.00e+00
28:	3.08e-33	0.00e+00
29:	-4.62e-33	0.00e+00
30:	0.00e+00	0.00e+00
31:	-3.00e+00	0.00e+00
32:	-2.70e-33	-5.00e-01
33:	6.12e-17	-5.00e-01
34:	5.00e-01	-5.00e-01
35:	3.50e+00	-5.00e-01
36:	-1.54e-33	6.94e-18
37:	4.90e-16	6.94e-18
38:	4.00e+00	6.94e-18
39:	0.00e+00	-2.00e+00
40:	0.00e+00	-5.00e-01
41:	6.12e-17	-5.00e-01
42:	5.00e-01	-5.00e-01
43:	-3.50e+00	-5.00e-01
44:	0.00e+00	2.08e-17
45:	-1.23e-32	2.08e-17
46:	0.00e+00	2.08e-17
47:	3.00e+00	2.08e-17
48:	0.00e+00	2.08e-17
49:	-6.12e-17	2.08e-17
50:	-5.00e-01	2.08e-17
51:	-3.50e+00	2.08e-17
New op index: 43
Current grad: 41.849261094325456
New op index: 35
Current grad: 36.35047584117346
New op index: 27
Current grad: 28.582044534482506
New op index: 51
Current grad: 23.848368265517905
New op index: 31
Current grad: 19.13433848768732
New op index: 47
Current grad: 15.692399759434853
New op index: 21
Current grad: 13.141173873784599
New op index: 38
Current grad: 14.322349473871594
New op index: 35
Current grad: 13.38798712864363
New op index: 0
Current grad: 11.382977484587634
New op index: 38
Current grad: 8.000446234480714
New op index: 31
Current grad: 7.409465008361044
New op index: 12
Current grad: 3.7127095715922955
New op index: 6
Current grad: 5.33748323612259
New op index: 31
Current grad: 7.809251045497125
New op index: 39
Current grad: 2.771748462207693
New op index: 35
Current grad: 2.363844550781932
New op index: 12
Current grad: 1.502867423920211
New op index: 27
Current grad: 4.748726336053494
New op index: 39
Current grad: 1.688972448745739
New op index: 51
Current grad: 0.00252178342573305
New op index: 51
Current grad: 0.0024168146022598485
Adding the same operator twice is not sensible, terminating.
-----Beginning pprint-----
/:
	Attributes:
		ProcessId: 23770883
	2025-10-28_14-22-46-23770883:
		Attributes:
			HamiltonianType: ZeroChargePenalty
			Last-Modified: 2025-10-28_14-22-46
			ProcessId: 23770883
			SimulatorType: Statevector
			SolverName: AdaptVQE
			SystemName: FreeWilson2D
			n_x: 2
			n_y: 2
			r: 1.0
		AdaptOptions:
			Attributes:
				gradient_hamiltonian_type: HamiltonianType.Full
				max_depth: 30
				prec_cutoff: 0.001
				precision: 0
		AnsatzOperatorDerivatives: Dataset (dtype=float64, shape=(10, 30, 52), maxshape=(10, None, 52))
			Attributes:
				DIMENSION_LABELS: ['mass' 'AnsatzOperatorAxis' 'AnsatzPoolOperatorAxis']
				NDataDims: 2
		AnsatzOperatorSecondDerivatives: Dataset (dtype=float64, shape=(10, 30, 52), maxshape=(10, None, 52))
			Attributes:
				DIMENSION_LABELS: ['mass' 'AnsatzOperatorAxis' 'AnsatzPoolOperatorAxis']
				NDataDims: 2
		AnsatzOperators: Dataset (dtype=int64, shape=(10, 30), maxshape=(10, None))
			Attributes:
				DIMENSION_LABELS: ['mass' 'AnsatzOperatorAxis']
				NDataDims: 1
		Circuit:
			Attributes:
				Ansatz: HardwareAdaptAnsatz6
			AnsatzOptions:
				Attributes:
					num_qubits: 8
		CircuitParameters: Dataset (dtype=float64, shape=(10, 15380, 30), maxshape=(10, None, None))
			Attributes:
				DIMENSION_LABELS: ['mass' 'IterationAxis' 'CircuitParameterAxis']
				NDataDims: 2
		Data:
			Attributes:
			evs:
				Attributes:
				Hamiltonian: Dataset (dtype=float64, shape=(10, 15380), maxshape=(10, None))
					Attributes:
						DIMENSION_LABELS: ['mass' 'IterationAxis']
						NDataDims: 1
			stds:
				Attributes:
				Hamiltonian: Dataset (dtype=float64, shape=(10, 15380), maxshape=(10, None))
					Attributes:
						DIMENSION_LABELS: ['mass' 'IterationAxis']
						NDataDims: 1
		EstimatorOptions:
			Attributes:
				_VERSION: 2
				default_precision: Unset
				default_shots: Unset
				experimental: Unset
				max_execution_time: Unset
				resilience_level: Unset
				seed_estimator: 23770883
			dynamical_decoupling:
				Attributes:
					enable: Unset
					extra_slack_distribution: Unset
					scheduling_method: Unset
					sequence_type: Unset
					skip_reset_qubits: Unset
			environment:
				Attributes:
					callback: None
					job_tags: None
					log_level: WARNING
					private: False
			execution:
				Attributes:
					init_qubits: Unset
					rep_delay: Unset
			resilience:
				Attributes:
					layer_noise_model: Unset
					measure_mitigation: Unset
					pec_mitigation: Unset
					zne_mitigation: Unset
				layer_noise_learning:
					Attributes:
						layer_pair_depths: Unset
						max_layers_to_learn: Unset
						num_randomizations: Unset
						shots_per_randomization: Unset
				measure_noise_learning:
					Attributes:
						num_randomizations: Unset
						shots_per_randomization: Unset
				pec:
					Attributes:
						max_overhead: Unset
						noise_gain: Unset
				zne:
					Attributes:
						amplifier: Unset
						extrapolated_noise_factors: Unset
						extrapolator: Unset
						noise_factors: Unset
			simulator:
				Attributes:
					basis_gates: Unset
					coupling_map: Unset
					noise_model: Unset
					seed_simulator: Unset
			twirling:
				Attributes:
					enable_gates: Unset
					enable_measure: Unset
					num_randomizations: Unset
					shots_per_randomization: Unset
					strategy: Unset
		MetaData:
			Attributes:
			circuit_metadata: Dataset (dtype=object, shape=(10, 15380), maxshape=(10, None))
				Attributes:
					DIMENSION_LABELS: ['mass' 'IterationAxis']
					NDataDims: 1
			target_precision: Dataset (dtype=float64, shape=(10, 15380), maxshape=(10, None))
				Attributes:
					DIMENSION_LABELS: ['mass' 'IterationAxis']
					NDataDims: 1
			version: Dataset (dtype=int64, shape=(10, 15380), maxshape=(10, None))
				Attributes:
					DIMENSION_LABELS: ['mass' 'IterationAxis']
					NDataDims: 1
		NIterations: Dataset (dtype=int64, shape=(10,), maxshape=(10,))
			Attributes:
				DIMENSION_LABELS: ['mass']
				NDataDims: 0
		OptimizerOptions:
			Attributes:
				bounds: None
				callback: None
				constraints: []
				method: slsqp
				tol: None
				x0Seed: 23770883
			options:
				Attributes:
					disp: 0
					maxiter: 20000
		PresetPassManagerOptions:
			Attributes:
		SimulatorOptions:
			Attributes:
		StartIterations: Dataset (dtype=int64, shape=(10, 30), maxshape=(10, None))
			Attributes:
				DIMENSION_LABELS: ['mass' 'AnsatzOperatorAxis']
				NDataDims: 1
		VersionInfo:
			Attributes:
				QiskitAerVersion: 0.17.1
				QiskitIBMRuntimeVersion: 0.41.1
				QiskitVersion: 2.1.2
		mass: Dataset (dtype=float64, shape=(10,), maxshape=(10,))
			Attributes:
-----Ending pprint-----
End 2025-10-28 14:33:10 | 23770883 MyPyJob | node073 | /home/s6nidich_hpc/PycharmProjects/QC-MasterThesis 

