Start 2026-01-11 01:16:48 | 24245112 MyPyJob | lmnode196 | /home/s6nidich_hpc/PycharmProjects/QC-MasterThesis 

Used python interpreter:
/home/s6nidich_hpc/PycharmProjects/QC-MasterThesis/.venv_intel_3_12_3/bin/python
Python version:
Python 3.12.3

Currently Loaded Modules:
  1) GCCcore/13.3.0                   7) Tcl/8.6.14-GCCcore-13.3.0
  2) zlib/1.3.1-GCCcore-13.3.0        8) SQLite/3.45.3-GCCcore-13.3.0
  3) binutils/2.42-GCCcore-13.3.0     9) XZ/5.4.5-GCCcore-13.3.0
  4) bzip2/1.0.8-GCCcore-13.3.0      10) libffi/3.4.5-GCCcore-13.3.0
  5) ncurses/6.5-GCCcore-13.3.0      11) OpenSSL/3
  6) libreadline/8.2-GCCcore-13.3.0  12) Python/3.12.3-GCCcore-13.3.0

 

Start of Program:

-----Beginning pprint-----
/:
	Attributes:
-----Ending pprint-----
Calculating energies for FreeWilson2D(N_x=2, N_y=2, mass=-6.000, r=1.000)
h_im: 0.0
New op index: 5	$A_3(0,1)$[4, 5, 6, 7]
Current grad: 8.0
0:	0.00e+00	3.20e+01
1:	0.00e+00	0.00e+00
2:	0.00e+00	3.20e+01
3:	0.00e+00	0.00e+00
4:	0.00e+00	0.00e+00
5:	-4.00e+00	0.00e+00
6:	0.00e+00	0.00e+00
7:	-4.00e+00	0.00e+00
New op index: 6	$A_4(0,0)$[0, 1, 2, 3, 4, 5, 6, 7]
Current grad: 4.000086636797316
New op index: 4	$A_3(0,0)$[0, 1, 2, 3]
Current grad: 4.000379802310345
New op index: 6	$A_4(0,0)$[0, 1, 2, 3, 4, 5, 6, 7]
Current grad: 0.001561930278096741
Parameter value cutoff reached.
Calculating energies for FreeWilson2D(N_x=2, N_y=2, mass=-5.837, r=1.000)
h_im: 0.0
New op index: 5	$A_3(0,1)$[4, 5, 6, 7]
Current grad: 8.0
0:	0.00e+00	3.07e+01
1:	0.00e+00	0.00e+00
2:	0.00e+00	3.07e+01
3:	0.00e+00	0.00e+00
4:	0.00e+00	0.00e+00
5:	-4.00e+00	0.00e+00
6:	0.00e+00	0.00e+00
7:	-4.00e+00	0.00e+00
New op index: 6	$A_4(0,0)$[0, 1, 2, 3, 4, 5, 6, 7]
Current grad: 4.000090717606682
New op index: 4	$A_3(0,0)$[0, 1, 2, 3]
Current grad: 4.0003636607662685
New op index: 6	$A_4(0,0)$[0, 1, 2, 3, 4, 5, 6, 7]
Current grad: 0.001578935753380191
Parameter value cutoff reached.
Calculating energies for FreeWilson2D(N_x=2, N_y=2, mass=-5.673, r=1.000)
h_im: 0.0
New op index: 5	$A_3(0,1)$[4, 5, 6, 7]
Current grad: 8.0
0:	0.00e+00	2.94e+01
1:	0.00e+00	0.00e+00
2:	0.00e+00	2.94e+01
3:	0.00e+00	0.00e+00
4:	0.00e+00	0.00e+00
5:	-4.00e+00	0.00e+00
6:	0.00e+00	0.00e+00
7:	-4.00e+00	0.00e+00
New op index: 6	$A_4(0,0)$[0, 1, 2, 3, 4, 5, 6, 7]
Current grad: 4.000087116945109
New op index: 4	$A_3(0,0)$[0, 1, 2, 3]
Current grad: 4.000383324308111
New op index: 6	$A_4(0,0)$[0, 1, 2, 3, 4, 5, 6, 7]
Current grad: 0.001581632850010805
Parameter value cutoff reached.
Calculating energies for FreeWilson2D(N_x=2, N_y=2, mass=-5.510, r=1.000)
h_im: 0.0
New op index: 5	$A_3(0,1)$[4, 5, 6, 7]
Current grad: 8.0
0:	0.00e+00	2.81e+01
1:	0.00e+00	0.00e+00
2:	0.00e+00	2.81e+01
3:	0.00e+00	0.00e+00
4:	0.00e+00	0.00e+00
5:	-4.00e+00	0.00e+00
6:	0.00e+00	0.00e+00
7:	-4.00e+00	0.00e+00
New op index: 6	$A_4(0,0)$[0, 1, 2, 3, 4, 5, 6, 7]
Current grad: 4.000085138707175
New op index: 4	$A_3(0,0)$[0, 1, 2, 3]
Current grad: 4.000370153792622
New op index: 6	$A_4(0,0)$[0, 1, 2, 3, 4, 5, 6, 7]
Current grad: 0.0015526232585455094
Parameter value cutoff reached.
Calculating energies for FreeWilson2D(N_x=2, N_y=2, mass=-5.347, r=1.000)
h_im: 0.0
New op index: 5	$A_3(0,1)$[4, 5, 6, 7]
Current grad: 8.0
0:	0.00e+00	2.68e+01
1:	0.00e+00	0.00e+00
2:	0.00e+00	2.68e+01
3:	0.00e+00	0.00e+00
4:	0.00e+00	0.00e+00
5:	-4.00e+00	0.00e+00
6:	0.00e+00	0.00e+00
7:	-4.00e+00	0.00e+00
New op index: 6	$A_4(0,0)$[0, 1, 2, 3, 4, 5, 6, 7]
Current grad: 4.000086807892764
New op index: 4	$A_3(0,0)$[0, 1, 2, 3]
Current grad: 4.000387861966673
New op index: 6	$A_4(0,0)$[0, 1, 2, 3, 4, 5, 6, 7]
Current grad: 0.0015737932913458155
Parameter value cutoff reached.
Calculating energies for FreeWilson2D(N_x=2, N_y=2, mass=-5.184, r=1.000)
h_im: 0.0
New op index: 5	$A_3(0,1)$[4, 5, 6, 7]
Current grad: 8.0
0:	0.00e+00	2.55e+01
1:	0.00e+00	0.00e+00
2:	0.00e+00	2.55e+01
3:	0.00e+00	0.00e+00
4:	0.00e+00	0.00e+00
5:	-4.00e+00	0.00e+00
6:	0.00e+00	0.00e+00
7:	-4.00e+00	0.00e+00
New op index: 6	$A_4(0,0)$[0, 1, 2, 3, 4, 5, 6, 7]
Current grad: 4.000093590273314
New op index: 4	$A_3(0,0)$[0, 1, 2, 3]
Current grad: 4.000374545438887
New op index: 6	$A_4(0,0)$[0, 1, 2, 3, 4, 5, 6, 7]
Current grad: 0.001556085994747848
Parameter value cutoff reached.
Calculating energies for FreeWilson2D(N_x=2, N_y=2, mass=-5.020, r=1.000)
h_im: 0.0
New op index: 5	$A_3(0,1)$[4, 5, 6, 7]
Current grad: 8.0
0:	0.00e+00	2.42e+01
1:	0.00e+00	0.00e+00
2:	0.00e+00	2.42e+01
3:	0.00e+00	0.00e+00
4:	0.00e+00	0.00e+00
5:	-4.00e+00	0.00e+00
6:	0.00e+00	0.00e+00
7:	-4.00e+00	0.00e+00
New op index: 6	$A_4(0,0)$[0, 1, 2, 3, 4, 5, 6, 7]
Current grad: 4.000090252222041
New op index: 4	$A_3(0,0)$[0, 1, 2, 3]
Current grad: 4.000372301270011
New op index: 6	$A_4(0,0)$[0, 1, 2, 3, 4, 5, 6, 7]
Current grad: 0.0015825819116756005
Parameter value cutoff reached.
Calculating energies for FreeWilson2D(N_x=2, N_y=2, mass=-4.857, r=1.000)
h_im: 0.0
New op index: 5	$A_3(0,1)$[4, 5, 6, 7]
Current grad: 8.0
0:	0.00e+00	2.29e+01
1:	0.00e+00	0.00e+00
2:	0.00e+00	2.29e+01
3:	0.00e+00	0.00e+00
4:	0.00e+00	0.00e+00
5:	-4.00e+00	0.00e+00
6:	0.00e+00	0.00e+00
7:	-4.00e+00	0.00e+00
New op index: 6	$A_4(0,0)$[0, 1, 2, 3, 4, 5, 6, 7]
Current grad: 4.0000870812567335
New op index: 4	$A_3(0,0)$[0, 1, 2, 3]
Current grad: 4.000375397830332
New op index: 6	$A_4(0,0)$[0, 1, 2, 3, 4, 5, 6, 7]
Current grad: 0.0015633395884857044
Parameter value cutoff reached.
Calculating energies for FreeWilson2D(N_x=2, N_y=2, mass=-4.694, r=1.000)
h_im: 0.0
New op index: 5	$A_3(0,1)$[4, 5, 6, 7]
Current grad: 8.0
0:	0.00e+00	2.16e+01
1:	0.00e+00	0.00e+00
2:	0.00e+00	2.16e+01
3:	0.00e+00	0.00e+00
4:	0.00e+00	0.00e+00
5:	-4.00e+00	0.00e+00
6:	0.00e+00	0.00e+00
7:	-4.00e+00	0.00e+00
New op index: 6	$A_4(0,0)$[0, 1, 2, 3, 4, 5, 6, 7]
Current grad: 4.000088325534387
New op index: 4	$A_3(0,0)$[0, 1, 2, 3]
Current grad: 4.000372262228873
New op index: 6	$A_4(0,0)$[0, 1, 2, 3, 4, 5, 6, 7]
Current grad: 0.0015418048717442368
Parameter value cutoff reached.
Calculating energies for FreeWilson2D(N_x=2, N_y=2, mass=-4.531, r=1.000)
h_im: 0.0
New op index: 5	$A_3(0,1)$[4, 5, 6, 7]
Current grad: 8.0
0:	0.00e+00	2.02e+01
1:	0.00e+00	0.00e+00
2:	0.00e+00	2.02e+01
3:	0.00e+00	0.00e+00
4:	0.00e+00	0.00e+00
5:	-4.00e+00	0.00e+00
6:	0.00e+00	0.00e+00
7:	-4.00e+00	0.00e+00
New op index: 6	$A_4(0,0)$[0, 1, 2, 3, 4, 5, 6, 7]
Current grad: 4.000088829154255
New op index: 4	$A_3(0,0)$[0, 1, 2, 3]
Current grad: 4.0003743354606245
New op index: 6	$A_4(0,0)$[0, 1, 2, 3, 4, 5, 6, 7]
Current grad: 0.0015684172227115765
Parameter value cutoff reached.
Calculating energies for FreeWilson2D(N_x=2, N_y=2, mass=-4.367, r=1.000)
h_im: 0.0
New op index: 5	$A_3(0,1)$[4, 5, 6, 7]
Current grad: 8.0
0:	0.00e+00	1.89e+01
1:	0.00e+00	0.00e+00
2:	0.00e+00	1.89e+01
3:	0.00e+00	0.00e+00
4:	0.00e+00	0.00e+00
5:	-4.00e+00	0.00e+00
6:	0.00e+00	0.00e+00
7:	-4.00e+00	0.00e+00
New op index: 6	$A_4(0,0)$[0, 1, 2, 3, 4, 5, 6, 7]
Current grad: 4.000090763524154
New op index: 4	$A_3(0,0)$[0, 1, 2, 3]
Current grad: 4.0003728381703905
New op index: 6	$A_4(0,0)$[0, 1, 2, 3, 4, 5, 6, 7]
Current grad: 0.0015718969450442054
Parameter value cutoff reached.
Calculating energies for FreeWilson2D(N_x=2, N_y=2, mass=-4.204, r=1.000)
h_im: 0.0
New op index: 5	$A_3(0,1)$[4, 5, 6, 7]
Current grad: 8.0
0:	0.00e+00	1.76e+01
1:	0.00e+00	0.00e+00
2:	0.00e+00	1.76e+01
3:	0.00e+00	0.00e+00
4:	0.00e+00	0.00e+00
5:	-4.00e+00	0.00e+00
6:	0.00e+00	0.00e+00
7:	-4.00e+00	0.00e+00
New op index: 6	$A_4(0,0)$[0, 1, 2, 3, 4, 5, 6, 7]
Current grad: 4.000088518183113
New op index: 4	$A_3(0,0)$[0, 1, 2, 3]
Current grad: 4.00036966329142
New op index: 6	$A_4(0,0)$[0, 1, 2, 3, 4, 5, 6, 7]
Current grad: 0.0015602149073214678
Parameter value cutoff reached.
Calculating energies for FreeWilson2D(N_x=2, N_y=2, mass=-4.041, r=1.000)
h_im: 0.0
New op index: 5	$A_3(0,1)$[4, 5, 6, 7]
Current grad: 8.0
0:	0.00e+00	1.63e+01
1:	0.00e+00	0.00e+00
2:	0.00e+00	1.63e+01
3:	0.00e+00	0.00e+00
4:	0.00e+00	0.00e+00
5:	-4.00e+00	0.00e+00
6:	0.00e+00	0.00e+00
7:	-4.00e+00	0.00e+00
New op index: 6	$A_4(0,0)$[0, 1, 2, 3, 4, 5, 6, 7]
Current grad: 4.000089095450171
New op index: 4	$A_3(0,0)$[0, 1, 2, 3]
Current grad: 4.0003687503226395
New op index: 6	$A_4(0,0)$[0, 1, 2, 3, 4, 5, 6, 7]
Current grad: 0.0015715904752582473
Parameter value cutoff reached.
Calculating energies for FreeWilson2D(N_x=2, N_y=2, mass=-3.878, r=1.000)
h_im: 0.0
New op index: 5	$A_3(0,1)$[4, 5, 6, 7]
Current grad: 8.0
0:	0.00e+00	1.50e+01
1:	0.00e+00	0.00e+00
2:	0.00e+00	1.50e+01
3:	0.00e+00	0.00e+00
4:	0.00e+00	0.00e+00
5:	-4.00e+00	0.00e+00
6:	0.00e+00	0.00e+00
7:	-4.00e+00	0.00e+00
New op index: 6	$A_4(0,0)$[0, 1, 2, 3, 4, 5, 6, 7]
Current grad: 4.00008852454282
New op index: 4	$A_3(0,0)$[0, 1, 2, 3]
Current grad: 4.0003695832325175
New op index: 6	$A_4(0,0)$[0, 1, 2, 3, 4, 5, 6, 7]
Current grad: 0.0015751382271597416
Parameter value cutoff reached.
Calculating energies for FreeWilson2D(N_x=2, N_y=2, mass=-3.714, r=1.000)
h_im: 0.0
New op index: 5	$A_3(0,1)$[4, 5, 6, 7]
Current grad: 8.0
0:	0.00e+00	1.37e+01
1:	0.00e+00	0.00e+00
2:	0.00e+00	1.37e+01
3:	0.00e+00	0.00e+00
4:	0.00e+00	0.00e+00
5:	-4.00e+00	0.00e+00
6:	0.00e+00	0.00e+00
7:	-4.00e+00	0.00e+00
New op index: 6	$A_4(0,0)$[0, 1, 2, 3, 4, 5, 6, 7]
Current grad: 4.000088810203353
New op index: 4	$A_3(0,0)$[0, 1, 2, 3]
Current grad: 4.000383107964826
New op index: 6	$A_4(0,0)$[0, 1, 2, 3, 4, 5, 6, 7]
Current grad: 0.0015472547611905822
Parameter value cutoff reached.
Calculating energies for FreeWilson2D(N_x=2, N_y=2, mass=-3.551, r=1.000)
h_im: 0.0
New op index: 5	$A_3(0,1)$[4, 5, 6, 7]
Current grad: 8.0
0:	0.00e+00	1.24e+01
1:	0.00e+00	0.00e+00
2:	0.00e+00	1.24e+01
3:	0.00e+00	0.00e+00
4:	0.00e+00	0.00e+00
5:	-4.00e+00	0.00e+00
6:	0.00e+00	0.00e+00
7:	-4.00e+00	0.00e+00
New op index: 6	$A_4(0,0)$[0, 1, 2, 3, 4, 5, 6, 7]
Current grad: 4.00008912760673
New op index: 4	$A_3(0,0)$[0, 1, 2, 3]
Current grad: 4.000366680989444
New op index: 6	$A_4(0,0)$[0, 1, 2, 3, 4, 5, 6, 7]
Current grad: 0.0015451978335507092
Parameter value cutoff reached.
Calculating energies for FreeWilson2D(N_x=2, N_y=2, mass=-3.388, r=1.000)
h_im: 0.0
New op index: 5	$A_3(0,1)$[4, 5, 6, 7]
Current grad: 8.0
0:	0.00e+00	1.11e+01
1:	0.00e+00	0.00e+00
2:	0.00e+00	1.11e+01
3:	0.00e+00	0.00e+00
4:	0.00e+00	0.00e+00
5:	-4.00e+00	0.00e+00
6:	0.00e+00	0.00e+00
7:	-4.00e+00	0.00e+00
New op index: 6	$A_4(0,0)$[0, 1, 2, 3, 4, 5, 6, 7]
Current grad: 4.000086403624887
New op index: 4	$A_3(0,0)$[0, 1, 2, 3]
Current grad: 4.000377169721811
New op index: 6	$A_4(0,0)$[0, 1, 2, 3, 4, 5, 6, 7]
Current grad: 0.0015599954584510458
Parameter value cutoff reached.
Calculating energies for FreeWilson2D(N_x=2, N_y=2, mass=-3.224, r=1.000)
h_im: 0.0
New op index: 5	$A_3(0,1)$[4, 5, 6, 7]
Current grad: 8.0
0:	0.00e+00	9.80e+00
1:	0.00e+00	0.00e+00
2:	0.00e+00	9.80e+00
3:	0.00e+00	0.00e+00
4:	0.00e+00	0.00e+00
5:	-4.00e+00	0.00e+00
6:	0.00e+00	0.00e+00
7:	-4.00e+00	0.00e+00
New op index: 6	$A_4(0,0)$[0, 1, 2, 3, 4, 5, 6, 7]
Current grad: 4.00008868278197
New op index: 4	$A_3(0,0)$[0, 1, 2, 3]
Current grad: 4.000377007276455
New op index: 6	$A_4(0,0)$[0, 1, 2, 3, 4, 5, 6, 7]
Current grad: 0.0015596765269765183
Parameter value cutoff reached.
Calculating energies for FreeWilson2D(N_x=2, N_y=2, mass=-3.061, r=1.000)
h_im: 0.0
New op index: 5	$A_3(0,1)$[4, 5, 6, 7]
Current grad: 8.0
0:	0.00e+00	8.49e+00
1:	0.00e+00	0.00e+00
2:	0.00e+00	8.49e+00
3:	0.00e+00	0.00e+00
4:	0.00e+00	0.00e+00
5:	-4.00e+00	0.00e+00
6:	0.00e+00	0.00e+00
7:	-4.00e+00	0.00e+00
New op index: 6	$A_4(0,0)$[0, 1, 2, 3, 4, 5, 6, 7]
Current grad: 4.000085804480654
New op index: 4	$A_3(0,0)$[0, 1, 2, 3]
Current grad: 4.000375521744049
New op index: 6	$A_4(0,0)$[0, 1, 2, 3, 4, 5, 6, 7]
Current grad: 0.0015885689398768101
Parameter value cutoff reached.
Calculating energies for FreeWilson2D(N_x=2, N_y=2, mass=-2.898, r=1.000)
h_im: 0.0
New op index: 5	$A_3(0,1)$[4, 5, 6, 7]
Current grad: 8.0
0:	0.00e+00	7.18e+00
1:	0.00e+00	0.00e+00
2:	0.00e+00	7.18e+00
3:	0.00e+00	0.00e+00
4:	0.00e+00	0.00e+00
5:	-4.00e+00	0.00e+00
6:	0.00e+00	0.00e+00
7:	-4.00e+00	0.00e+00
New op index: 6	$A_4(0,0)$[0, 1, 2, 3, 4, 5, 6, 7]
Current grad: 4.000085192774795
New op index: 4	$A_3(0,0)$[0, 1, 2, 3]
Current grad: 4.000376596687264
New op index: 6	$A_4(0,0)$[0, 1, 2, 3, 4, 5, 6, 7]
Current grad: 0.0015951889484678524
Parameter value cutoff reached.
Calculating energies for FreeWilson2D(N_x=2, N_y=2, mass=-2.735, r=1.000)
h_im: 0.0
New op index: 5	$A_3(0,1)$[4, 5, 6, 7]
Current grad: 8.0
0:	0.00e+00	5.88e+00
1:	0.00e+00	0.00e+00
2:	0.00e+00	5.88e+00
3:	0.00e+00	0.00e+00
4:	0.00e+00	0.00e+00
5:	-4.00e+00	0.00e+00
6:	0.00e+00	0.00e+00
7:	-4.00e+00	0.00e+00
New op index: 6	$A_4(0,0)$[0, 1, 2, 3, 4, 5, 6, 7]
Current grad: 4.000088408824807
New op index: 4	$A_3(0,0)$[0, 1, 2, 3]
Current grad: 4.000373948826015
New op index: 6	$A_4(0,0)$[0, 1, 2, 3, 4, 5, 6, 7]
Current grad: 0.001561988631922334
Parameter value cutoff reached.
Calculating energies for FreeWilson2D(N_x=2, N_y=2, mass=-2.571, r=1.000)
h_im: 0.0
New op index: 5	$A_3(0,1)$[4, 5, 6, 7]
Current grad: 8.0
0:	0.00e+00	4.57e+00
1:	0.00e+00	0.00e+00
2:	0.00e+00	4.57e+00
3:	0.00e+00	0.00e+00
4:	0.00e+00	0.00e+00
5:	-4.00e+00	0.00e+00
6:	0.00e+00	0.00e+00
7:	-4.00e+00	0.00e+00
New op index: 6	$A_4(0,0)$[0, 1, 2, 3, 4, 5, 6, 7]
Current grad: 4.000085916404066
New op index: 4	$A_3(0,0)$[0, 1, 2, 3]
Current grad: 4.00037601713924
New op index: 6	$A_4(0,0)$[0, 1, 2, 3, 4, 5, 6, 7]
Current grad: 0.0015705532716477
Parameter value cutoff reached.
Calculating energies for FreeWilson2D(N_x=2, N_y=2, mass=-2.408, r=1.000)
h_im: 0.0
New op index: 5	$A_3(0,1)$[4, 5, 6, 7]
Current grad: 8.0
0:	0.00e+00	3.27e+00
1:	0.00e+00	0.00e+00
2:	0.00e+00	3.27e+00
3:	0.00e+00	0.00e+00
4:	0.00e+00	0.00e+00
5:	-4.00e+00	0.00e+00
6:	0.00e+00	0.00e+00
7:	-4.00e+00	0.00e+00
New op index: 6	$A_4(0,0)$[0, 1, 2, 3, 4, 5, 6, 7]
Current grad: 4.000087841203251
New op index: 4	$A_3(0,0)$[0, 1, 2, 3]
Current grad: 4.000371193260468
New op index: 6	$A_4(0,0)$[0, 1, 2, 3, 4, 5, 6, 7]
Current grad: 0.0015560516446461586
Parameter value cutoff reached.
Calculating energies for FreeWilson2D(N_x=2, N_y=2, mass=-2.245, r=1.000)
h_im: 0.0
New op index: 5	$A_3(0,1)$[4, 5, 6, 7]
Current grad: 8.0
0:	0.00e+00	1.96e+00
1:	0.00e+00	0.00e+00
2:	0.00e+00	1.96e+00
3:	0.00e+00	0.00e+00
4:	0.00e+00	0.00e+00
5:	-4.00e+00	0.00e+00
6:	0.00e+00	0.00e+00
7:	-4.00e+00	0.00e+00
New op index: 6	$A_4(0,0)$[0, 1, 2, 3, 4, 5, 6, 7]
Current grad: 4.00008741250109
New op index: 4	$A_3(0,0)$[0, 1, 2, 3]
Current grad: 4.000369064547627
New op index: 6	$A_4(0,0)$[0, 1, 2, 3, 4, 5, 6, 7]
Current grad: 0.0015959563849540991
Parameter value cutoff reached.
Calculating energies for FreeWilson2D(N_x=2, N_y=2, mass=-2.082, r=1.000)
h_im: 0.0
New op index: 5	$A_3(0,1)$[4, 5, 6, 7]
Current grad: 8.0
0:	0.00e+00	6.53e-01
1:	0.00e+00	0.00e+00
2:	0.00e+00	6.53e-01
3:	0.00e+00	0.00e+00
4:	0.00e+00	0.00e+00
5:	-4.00e+00	0.00e+00
6:	0.00e+00	0.00e+00
7:	-4.00e+00	0.00e+00
New op index: 6	$A_4(0,0)$[0, 1, 2, 3, 4, 5, 6, 7]
Current grad: 4.000090036103643
New op index: 4	$A_3(0,0)$[0, 1, 2, 3]
Current grad: 4.000365976437303
New op index: 6	$A_4(0,0)$[0, 1, 2, 3, 4, 5, 6, 7]
Current grad: 0.0015570689217658017
Parameter value cutoff reached.
Calculating energies for FreeWilson2D(N_x=2, N_y=2, mass=-1.918, r=1.000)
h_im: 0.0
New op index: 5	$A_3(0,1)$[4, 5, 6, 7]
Current grad: 8.0
0:	0.00e+00	-6.53e-01
1:	0.00e+00	0.00e+00
2:	0.00e+00	-6.53e-01
3:	0.00e+00	0.00e+00
4:	0.00e+00	0.00e+00
5:	-4.00e+00	0.00e+00
6:	0.00e+00	0.00e+00
7:	-4.00e+00	0.00e+00
New op index: 6	$A_4(0,0)$[0, 1, 2, 3, 4, 5, 6, 7]
Current grad: 4.000088683668331
New op index: 4	$A_3(0,0)$[0, 1, 2, 3]
Current grad: 4.000374861423666
New op index: 6	$A_4(0,0)$[0, 1, 2, 3, 4, 5, 6, 7]
Current grad: 0.0015686107000971977
Parameter value cutoff reached.
Calculating energies for FreeWilson2D(N_x=2, N_y=2, mass=-1.755, r=1.000)
h_im: 0.0
New op index: 5	$A_3(0,1)$[4, 5, 6, 7]
Current grad: 8.0
0:	0.00e+00	-1.96e+00
1:	0.00e+00	0.00e+00
2:	0.00e+00	-1.96e+00
3:	0.00e+00	0.00e+00
4:	0.00e+00	0.00e+00
5:	-4.00e+00	0.00e+00
6:	0.00e+00	0.00e+00
7:	-4.00e+00	0.00e+00
New op index: 6	$A_4(0,0)$[0, 1, 2, 3, 4, 5, 6, 7]
Current grad: 4.000086019941958
New op index: 4	$A_3(0,0)$[0, 1, 2, 3]
Current grad: 4.000375089519011
New op index: 6	$A_4(0,0)$[0, 1, 2, 3, 4, 5, 6, 7]
Current grad: 0.0015669368945545002
Parameter value cutoff reached.
Calculating energies for FreeWilson2D(N_x=2, N_y=2, mass=-1.592, r=1.000)
h_im: 0.0
New op index: 5	$A_3(0,1)$[4, 5, 6, 7]
Current grad: 8.0
0:	0.00e+00	-3.27e+00
1:	0.00e+00	0.00e+00
2:	0.00e+00	-3.27e+00
3:	0.00e+00	0.00e+00
4:	0.00e+00	0.00e+00
5:	-4.00e+00	0.00e+00
6:	0.00e+00	0.00e+00
7:	-4.00e+00	0.00e+00
New op index: 6	$A_4(0,0)$[0, 1, 2, 3, 4, 5, 6, 7]
Current grad: 4.000090539123615
New op index: 4	$A_3(0,0)$[0, 1, 2, 3]
Current grad: 4.000384665697167
New op index: 6	$A_4(0,0)$[0, 1, 2, 3, 4, 5, 6, 7]
Current grad: 0.001547966890567111
Parameter value cutoff reached.
Calculating energies for FreeWilson2D(N_x=2, N_y=2, mass=-1.429, r=1.000)
h_im: 0.0
New op index: 5	$A_3(0,1)$[4, 5, 6, 7]
Current grad: 8.0
0:	0.00e+00	-4.57e+00
1:	0.00e+00	0.00e+00
2:	0.00e+00	-4.57e+00
3:	0.00e+00	0.00e+00
4:	0.00e+00	0.00e+00
5:	-4.00e+00	0.00e+00
6:	0.00e+00	0.00e+00
7:	-4.00e+00	0.00e+00
New op index: 6	$A_4(0,0)$[0, 1, 2, 3, 4, 5, 6, 7]
Current grad: 4.000084409622892
New op index: 4	$A_3(0,0)$[0, 1, 2, 3]
Current grad: 4.000386806807592
New op index: 6	$A_4(0,0)$[0, 1, 2, 3, 4, 5, 6, 7]
Current grad: 0.0015300882142652117
Parameter value cutoff reached.
Calculating energies for FreeWilson2D(N_x=2, N_y=2, mass=-1.265, r=1.000)
h_im: 0.0
New op index: 5	$A_3(0,1)$[4, 5, 6, 7]
Current grad: 8.0
0:	0.00e+00	-5.88e+00
1:	0.00e+00	0.00e+00
2:	0.00e+00	-5.88e+00
3:	0.00e+00	0.00e+00
4:	0.00e+00	0.00e+00
5:	-4.00e+00	0.00e+00
6:	0.00e+00	0.00e+00
7:	-4.00e+00	0.00e+00
New op index: 6	$A_4(0,0)$[0, 1, 2, 3, 4, 5, 6, 7]
Current grad: 4.000090000833075
New op index: 4	$A_3(0,0)$[0, 1, 2, 3]
Current grad: 4.00037181040026
New op index: 6	$A_4(0,0)$[0, 1, 2, 3, 4, 5, 6, 7]
Current grad: 0.001577011509887318
Parameter value cutoff reached.
Calculating energies for FreeWilson2D(N_x=2, N_y=2, mass=-1.102, r=1.000)
h_im: 0.0
New op index: 5	$A_3(0,1)$[4, 5, 6, 7]
Current grad: 8.0
0:	0.00e+00	-7.18e+00
1:	0.00e+00	0.00e+00
2:	0.00e+00	-7.18e+00
3:	0.00e+00	0.00e+00
4:	0.00e+00	0.00e+00
5:	-4.00e+00	0.00e+00
6:	0.00e+00	0.00e+00
7:	-4.00e+00	0.00e+00
New op index: 6	$A_4(0,0)$[0, 1, 2, 3, 4, 5, 6, 7]
Current grad: 4.000089383052918
New op index: 4	$A_3(0,0)$[0, 1, 2, 3]
Current grad: 4.000373025235689
New op index: 6	$A_4(0,0)$[0, 1, 2, 3, 4, 5, 6, 7]
Current grad: 0.0015574488712908534
Parameter value cutoff reached.
Calculating energies for FreeWilson2D(N_x=2, N_y=2, mass=-0.939, r=1.000)
h_im: 0.0
New op index: 5	$A_3(0,1)$[4, 5, 6, 7]
Current grad: 8.0
0:	0.00e+00	-8.49e+00
1:	0.00e+00	0.00e+00
2:	0.00e+00	-8.49e+00
3:	0.00e+00	0.00e+00
4:	0.00e+00	0.00e+00
5:	-4.00e+00	0.00e+00
6:	0.00e+00	0.00e+00
7:	-4.00e+00	0.00e+00
New op index: 6	$A_4(0,0)$[0, 1, 2, 3, 4, 5, 6, 7]
Current grad: 4.000087715546782
New op index: 4	$A_3(0,0)$[0, 1, 2, 3]
Current grad: 4.00038126655981
New op index: 6	$A_4(0,0)$[0, 1, 2, 3, 4, 5, 6, 7]
Current grad: 0.0015657261432745408
Parameter value cutoff reached.
Calculating energies for FreeWilson2D(N_x=2, N_y=2, mass=-0.776, r=1.000)
h_im: 0.0
New op index: 5	$A_3(0,1)$[4, 5, 6, 7]
Current grad: 8.0
0:	0.00e+00	-9.80e+00
1:	0.00e+00	0.00e+00
2:	0.00e+00	-9.80e+00
3:	0.00e+00	0.00e+00
4:	0.00e+00	0.00e+00
5:	-4.00e+00	0.00e+00
6:	0.00e+00	0.00e+00
7:	-4.00e+00	0.00e+00
New op index: 6	$A_4(0,0)$[0, 1, 2, 3, 4, 5, 6, 7]
Current grad: 4.000093014998194
New op index: 4	$A_3(0,0)$[0, 1, 2, 3]
Current grad: 4.000377032874869
New op index: 6	$A_4(0,0)$[0, 1, 2, 3, 4, 5, 6, 7]
Current grad: 0.0015797231214917894
Parameter value cutoff reached.
Calculating energies for FreeWilson2D(N_x=2, N_y=2, mass=-0.612, r=1.000)
h_im: 0.0
New op index: 5	$A_3(0,1)$[4, 5, 6, 7]
Current grad: 8.0
0:	0.00e+00	-1.11e+01
1:	0.00e+00	0.00e+00
2:	0.00e+00	-1.11e+01
3:	0.00e+00	0.00e+00
4:	0.00e+00	0.00e+00
5:	-4.00e+00	0.00e+00
6:	0.00e+00	0.00e+00
7:	-4.00e+00	0.00e+00
New op index: 6	$A_4(0,0)$[0, 1, 2, 3, 4, 5, 6, 7]
Current grad: 4.0000930261351915
New op index: 4	$A_3(0,0)$[0, 1, 2, 3]
Current grad: 4.000373548434995
New op index: 6	$A_4(0,0)$[0, 1, 2, 3, 4, 5, 6, 7]
Current grad: 0.0015585414592285865
Parameter value cutoff reached.
Calculating energies for FreeWilson2D(N_x=2, N_y=2, mass=-0.449, r=1.000)
h_im: 0.0
New op index: 5	$A_3(0,1)$[4, 5, 6, 7]
Current grad: 8.0
0:	0.00e+00	-1.24e+01
1:	0.00e+00	0.00e+00
2:	0.00e+00	-1.24e+01
3:	0.00e+00	0.00e+00
4:	0.00e+00	0.00e+00
5:	-4.00e+00	0.00e+00
6:	0.00e+00	0.00e+00
7:	-4.00e+00	0.00e+00
New op index: 6	$A_4(0,0)$[0, 1, 2, 3, 4, 5, 6, 7]
Current grad: 4.000085721656453
New op index: 4	$A_3(0,0)$[0, 1, 2, 3]
Current grad: 4.000372387311123
New op index: 6	$A_4(0,0)$[0, 1, 2, 3, 4, 5, 6, 7]
Current grad: 0.0015577204358834217
Parameter value cutoff reached.
Calculating energies for FreeWilson2D(N_x=2, N_y=2, mass=-0.286, r=1.000)
h_im: 0.0
New op index: 5	$A_3(0,1)$[4, 5, 6, 7]
Current grad: 8.0
0:	0.00e+00	-1.37e+01
1:	0.00e+00	0.00e+00
2:	0.00e+00	-1.37e+01
3:	0.00e+00	0.00e+00
4:	0.00e+00	0.00e+00
5:	-4.00e+00	0.00e+00
6:	0.00e+00	0.00e+00
7:	-4.00e+00	0.00e+00
New op index: 6	$A_4(0,0)$[0, 1, 2, 3, 4, 5, 6, 7]
Current grad: 4.000090101994478
New op index: 4	$A_3(0,0)$[0, 1, 2, 3]
Current grad: 4.000374531540363
New op index: 6	$A_4(0,0)$[0, 1, 2, 3, 4, 5, 6, 7]
Current grad: 0.0015700978713448278
Parameter value cutoff reached.
Calculating energies for FreeWilson2D(N_x=2, N_y=2, mass=-0.122, r=1.000)
h_im: 0.0
New op index: 5	$A_3(0,1)$[4, 5, 6, 7]
Current grad: 8.0
0:	0.00e+00	-1.50e+01
1:	0.00e+00	0.00e+00
2:	0.00e+00	-1.50e+01
3:	0.00e+00	0.00e+00
4:	0.00e+00	0.00e+00
5:	-4.00e+00	0.00e+00
6:	0.00e+00	0.00e+00
7:	-4.00e+00	0.00e+00
New op index: 6	$A_4(0,0)$[0, 1, 2, 3, 4, 5, 6, 7]
Current grad: 4.00009049666861
New op index: 4	$A_3(0,0)$[0, 1, 2, 3]
Current grad: 4.000393285140765
New op index: 6	$A_4(0,0)$[0, 1, 2, 3, 4, 5, 6, 7]
Current grad: 0.0015585656209850046
Parameter value cutoff reached.
Calculating energies for FreeWilson2D(N_x=2, N_y=2, mass=0.041, r=1.000)
h_im: 0.0
New op index: 5	$A_3(0,1)$[4, 5, 6, 7]
Current grad: 8.0
0:	0.00e+00	-1.63e+01
1:	0.00e+00	0.00e+00
2:	0.00e+00	-1.63e+01
3:	0.00e+00	0.00e+00
4:	0.00e+00	0.00e+00
5:	-4.00e+00	0.00e+00
6:	0.00e+00	0.00e+00
7:	-4.00e+00	0.00e+00
New op index: 6	$A_4(0,0)$[0, 1, 2, 3, 4, 5, 6, 7]
Current grad: 4.000088256701609
New op index: 4	$A_3(0,0)$[0, 1, 2, 3]
Current grad: 4.0003847871413925
New op index: 6	$A_4(0,0)$[0, 1, 2, 3, 4, 5, 6, 7]
Current grad: 0.0015781103248795256
Parameter value cutoff reached.
Calculating energies for FreeWilson2D(N_x=2, N_y=2, mass=0.204, r=1.000)
h_im: 0.0
New op index: 5	$A_3(0,1)$[4, 5, 6, 7]
Current grad: 8.0
0:	0.00e+00	-1.76e+01
1:	0.00e+00	0.00e+00
2:	0.00e+00	-1.76e+01
3:	0.00e+00	0.00e+00
4:	0.00e+00	0.00e+00
5:	-4.00e+00	0.00e+00
6:	0.00e+00	0.00e+00
7:	-4.00e+00	0.00e+00
New op index: 6	$A_4(0,0)$[0, 1, 2, 3, 4, 5, 6, 7]
Current grad: 4.000090225498778
New op index: 4	$A_3(0,0)$[0, 1, 2, 3]
Current grad: 4.000384220662659
New op index: 6	$A_4(0,0)$[0, 1, 2, 3, 4, 5, 6, 7]
Current grad: 0.0015653515655540322
Parameter value cutoff reached.
Calculating energies for FreeWilson2D(N_x=2, N_y=2, mass=0.367, r=1.000)
h_im: 0.0
New op index: 5	$A_3(0,1)$[4, 5, 6, 7]
Current grad: 8.0
0:	0.00e+00	-1.89e+01
1:	0.00e+00	0.00e+00
2:	0.00e+00	-1.89e+01
3:	0.00e+00	0.00e+00
4:	0.00e+00	0.00e+00
5:	-4.00e+00	0.00e+00
6:	0.00e+00	0.00e+00
7:	-4.00e+00	0.00e+00
New op index: 6	$A_4(0,0)$[0, 1, 2, 3, 4, 5, 6, 7]
Current grad: 4.000089011516313
New op index: 4	$A_3(0,0)$[0, 1, 2, 3]
Current grad: 4.000378902324446
New op index: 6	$A_4(0,0)$[0, 1, 2, 3, 4, 5, 6, 7]
Current grad: 0.0015544852603262538
Parameter value cutoff reached.
Calculating energies for FreeWilson2D(N_x=2, N_y=2, mass=0.531, r=1.000)
h_im: 0.0
New op index: 5	$A_3(0,1)$[4, 5, 6, 7]
Current grad: 8.0
0:	0.00e+00	-2.02e+01
1:	0.00e+00	0.00e+00
2:	0.00e+00	-2.02e+01
3:	0.00e+00	0.00e+00
4:	0.00e+00	0.00e+00
5:	-4.00e+00	0.00e+00
6:	0.00e+00	0.00e+00
7:	-4.00e+00	0.00e+00
New op index: 6	$A_4(0,0)$[0, 1, 2, 3, 4, 5, 6, 7]
Current grad: 4.000086716545286
New op index: 4	$A_3(0,0)$[0, 1, 2, 3]
Current grad: 4.000363482345086
New op index: 6	$A_4(0,0)$[0, 1, 2, 3, 4, 5, 6, 7]
Current grad: 0.0015973564598921344
Parameter value cutoff reached.
Calculating energies for FreeWilson2D(N_x=2, N_y=2, mass=0.694, r=1.000)
h_im: 0.0
New op index: 5	$A_3(0,1)$[4, 5, 6, 7]
Current grad: 8.0
0:	0.00e+00	-2.16e+01
1:	0.00e+00	0.00e+00
2:	0.00e+00	-2.16e+01
3:	0.00e+00	0.00e+00
4:	0.00e+00	0.00e+00
5:	-4.00e+00	0.00e+00
6:	0.00e+00	0.00e+00
7:	-4.00e+00	0.00e+00
New op index: 6	$A_4(0,0)$[0, 1, 2, 3, 4, 5, 6, 7]
Current grad: 4.000089918120017
New op index: 4	$A_3(0,0)$[0, 1, 2, 3]
Current grad: 4.000373479038906
New op index: 6	$A_4(0,0)$[0, 1, 2, 3, 4, 5, 6, 7]
Current grad: 0.0015743394161579032
Parameter value cutoff reached.
Calculating energies for FreeWilson2D(N_x=2, N_y=2, mass=0.857, r=1.000)
h_im: 0.0
New op index: 5	$A_3(0,1)$[4, 5, 6, 7]
Current grad: 8.0
0:	0.00e+00	-2.29e+01
1:	0.00e+00	0.00e+00
2:	0.00e+00	-2.29e+01
3:	0.00e+00	0.00e+00
4:	0.00e+00	0.00e+00
5:	-4.00e+00	0.00e+00
6:	0.00e+00	0.00e+00
7:	-4.00e+00	0.00e+00
New op index: 6	$A_4(0,0)$[0, 1, 2, 3, 4, 5, 6, 7]
Current grad: 4.000088505249846
New op index: 4	$A_3(0,0)$[0, 1, 2, 3]
Current grad: 4.000373792696108
New op index: 6	$A_4(0,0)$[0, 1, 2, 3, 4, 5, 6, 7]
Current grad: 0.00156703483052509
Parameter value cutoff reached.
Calculating energies for FreeWilson2D(N_x=2, N_y=2, mass=1.020, r=1.000)
h_im: 0.0
New op index: 5	$A_3(0,1)$[4, 5, 6, 7]
Current grad: 8.0
0:	0.00e+00	-2.42e+01
1:	0.00e+00	0.00e+00
2:	0.00e+00	-2.42e+01
3:	0.00e+00	0.00e+00
4:	0.00e+00	0.00e+00
5:	-4.00e+00	0.00e+00
6:	0.00e+00	0.00e+00
7:	-4.00e+00	0.00e+00
New op index: 6	$A_4(0,0)$[0, 1, 2, 3, 4, 5, 6, 7]
Current grad: 4.000091784402945
New op index: 4	$A_3(0,0)$[0, 1, 2, 3]
Current grad: 4.000373488364878
New op index: 6	$A_4(0,0)$[0, 1, 2, 3, 4, 5, 6, 7]
Current grad: 0.0015502801146459048
Parameter value cutoff reached.
Calculating energies for FreeWilson2D(N_x=2, N_y=2, mass=1.184, r=1.000)
h_im: 0.0
New op index: 5	$A_3(0,1)$[4, 5, 6, 7]
Current grad: 8.0
0:	0.00e+00	-2.55e+01
1:	0.00e+00	0.00e+00
2:	0.00e+00	-2.55e+01
3:	0.00e+00	0.00e+00
4:	0.00e+00	0.00e+00
5:	-4.00e+00	0.00e+00
6:	0.00e+00	0.00e+00
7:	-4.00e+00	0.00e+00
New op index: 6	$A_4(0,0)$[0, 1, 2, 3, 4, 5, 6, 7]
Current grad: 4.000095499794785
New op index: 4	$A_3(0,0)$[0, 1, 2, 3]
Current grad: 4.000383272383058
New op index: 6	$A_4(0,0)$[0, 1, 2, 3, 4, 5, 6, 7]
Current grad: 0.0015778832901231098
Parameter value cutoff reached.
Calculating energies for FreeWilson2D(N_x=2, N_y=2, mass=1.347, r=1.000)
h_im: 0.0
New op index: 5	$A_3(0,1)$[4, 5, 6, 7]
Current grad: 8.0
0:	0.00e+00	-2.68e+01
1:	0.00e+00	0.00e+00
2:	0.00e+00	-2.68e+01
3:	0.00e+00	0.00e+00
4:	0.00e+00	0.00e+00
5:	-4.00e+00	0.00e+00
6:	0.00e+00	0.00e+00
7:	-4.00e+00	0.00e+00
New op index: 6	$A_4(0,0)$[0, 1, 2, 3, 4, 5, 6, 7]
Current grad: 4.000090113001147
New op index: 4	$A_3(0,0)$[0, 1, 2, 3]
Current grad: 4.0003721485776556
New op index: 6	$A_4(0,0)$[0, 1, 2, 3, 4, 5, 6, 7]
Current grad: 0.0015690639148428875
Parameter value cutoff reached.
Calculating energies for FreeWilson2D(N_x=2, N_y=2, mass=1.510, r=1.000)
h_im: 0.0
New op index: 5	$A_3(0,1)$[4, 5, 6, 7]
Current grad: 8.0
0:	0.00e+00	-2.81e+01
1:	0.00e+00	0.00e+00
2:	0.00e+00	-2.81e+01
3:	0.00e+00	0.00e+00
4:	0.00e+00	0.00e+00
5:	-4.00e+00	0.00e+00
6:	0.00e+00	0.00e+00
7:	-4.00e+00	0.00e+00
New op index: 6	$A_4(0,0)$[0, 1, 2, 3, 4, 5, 6, 7]
Current grad: 4.000090009161494
New op index: 4	$A_3(0,0)$[0, 1, 2, 3]
Current grad: 4.0003730524955525
New op index: 6	$A_4(0,0)$[0, 1, 2, 3, 4, 5, 6, 7]
Current grad: 0.0015710408688868632
Parameter value cutoff reached.
Calculating energies for FreeWilson2D(N_x=2, N_y=2, mass=1.673, r=1.000)
h_im: 0.0
New op index: 5	$A_3(0,1)$[4, 5, 6, 7]
Current grad: 8.0
0:	0.00e+00	-2.94e+01
1:	0.00e+00	0.00e+00
2:	0.00e+00	-2.94e+01
3:	0.00e+00	0.00e+00
4:	0.00e+00	0.00e+00
5:	-4.00e+00	0.00e+00
6:	0.00e+00	0.00e+00
7:	-4.00e+00	0.00e+00
New op index: 6	$A_4(0,0)$[0, 1, 2, 3, 4, 5, 6, 7]
Current grad: 4.000088534582654
New op index: 4	$A_3(0,0)$[0, 1, 2, 3]
Current grad: 4.000375862529741
New op index: 6	$A_4(0,0)$[0, 1, 2, 3, 4, 5, 6, 7]
Current grad: 0.00156149964864826
Parameter value cutoff reached.
Calculating energies for FreeWilson2D(N_x=2, N_y=2, mass=1.837, r=1.000)
h_im: 0.0
New op index: 5	$A_3(0,1)$[4, 5, 6, 7]
Current grad: 8.0
0:	0.00e+00	-3.07e+01
1:	0.00e+00	0.00e+00
2:	0.00e+00	-3.07e+01
3:	0.00e+00	0.00e+00
4:	0.00e+00	0.00e+00
5:	-4.00e+00	0.00e+00
6:	0.00e+00	0.00e+00
7:	-4.00e+00	0.00e+00
New op index: 6	$A_4(0,0)$[0, 1, 2, 3, 4, 5, 6, 7]
Current grad: 4.000088358329446
New op index: 4	$A_3(0,0)$[0, 1, 2, 3]
Current grad: 4.000378786518828
New op index: 6	$A_4(0,0)$[0, 1, 2, 3, 4, 5, 6, 7]
Current grad: 0.001570122998948926
Parameter value cutoff reached.
Calculating energies for FreeWilson2D(N_x=2, N_y=2, mass=2.000, r=1.000)
h_im: 0.0
New op index: 5	$A_3(0,1)$[4, 5, 6, 7]
Current grad: 8.0
0:	0.00e+00	-3.20e+01
1:	0.00e+00	0.00e+00
2:	0.00e+00	-3.20e+01
3:	0.00e+00	0.00e+00
4:	0.00e+00	0.00e+00
5:	-4.00e+00	0.00e+00
6:	0.00e+00	0.00e+00
7:	-4.00e+00	0.00e+00
New op index: 6	$A_4(0,0)$[0, 1, 2, 3, 4, 5, 6, 7]
Current grad: 4.00008929834687
New op index: 4	$A_3(0,0)$[0, 1, 2, 3]
Current grad: 4.000378759670048
New op index: 6	$A_4(0,0)$[0, 1, 2, 3, 4, 5, 6, 7]
Current grad: 0.0015807000366176965
Parameter value cutoff reached.
-----Beginning pprint-----
/:
	Attributes:
		ProcessId: 24245112
	2026-01-11_01-16-50-24245112:
		Attributes:
			HamiltonianType: ZeroChargePenalty
			Last-Modified: 2026-01-11_01-16-50
			ProcessId: 24245112
			SimulatorType: Statevector
			SolverName: AdaptVQE
			SystemName: FreeWilson2D
			n_x: 2
			n_y: 2
			r: 1.0
		AdaptOptions:
			Attributes:
				allow_duplicate_gates: False
				gradient_hamiltonian_type: HamiltonianType.ZeroChargePenalty
				max_depth: 50
				parameter_prec_cutoff: 0.001
				prec_cutoff: 0.001
				precision: 0
		AnsatzOperatorDerivatives: Dataset (dtype=float64, shape=(50, 4, 8), maxshape=(50, None, 8))
			Attributes:
				DIMENSION_LABELS: ['mass' 'AnsatzOperatorAxis' 'AnsatzPoolOperatorAxis']
				NDataDims: 2
		AnsatzOperatorSecondDerivatives: Dataset (dtype=float64, shape=(50, 4, 8), maxshape=(50, None, 8))
			Attributes:
				DIMENSION_LABELS: ['mass' 'AnsatzOperatorAxis' 'AnsatzPoolOperatorAxis']
				NDataDims: 2
		AnsatzOperators: Dataset (dtype=int64, shape=(50, 4), maxshape=(50, None))
			Attributes:
				DIMENSION_LABELS: ['mass' 'AnsatzOperatorAxis']
				NDataDims: 1
		Circuit:
			Attributes:
				Ansatz: PhysicsAdaptAnsatz7
			AnsatzOptions:
				Attributes:
					num_qubits: 8
		CircuitParameters: Dataset (dtype=float64, shape=(50, 80, 4), maxshape=(50, None, None))
			Attributes:
				DIMENSION_LABELS: ['mass' 'IterationAxis' 'CircuitParameterAxis']
				NDataDims: 2
		Data:
			Attributes:
			evs:
				Attributes:
				Hamiltonian: Dataset (dtype=float64, shape=(50, 80), maxshape=(50, None))
					Attributes:
						DIMENSION_LABELS: ['mass' 'IterationAxis']
						NDataDims: 1
			stds:
				Attributes:
				Hamiltonian: Dataset (dtype=float64, shape=(50, 80), maxshape=(50, None))
					Attributes:
						DIMENSION_LABELS: ['mass' 'IterationAxis']
						NDataDims: 1
		EstimatorOptions:
			Attributes:
				_VERSION: 2
				default_precision: Unset
				default_shots: Unset
				experimental: Unset
				max_execution_time: Unset
				resilience_level: Unset
				seed_estimator: 24245112
			dynamical_decoupling:
				Attributes:
					enable: Unset
					extra_slack_distribution: Unset
					scheduling_method: Unset
					sequence_type: Unset
					skip_reset_qubits: Unset
			environment:
				Attributes:
					callback: None
					job_tags: None
					log_level: WARNING
					private: False
			execution:
				Attributes:
					init_qubits: Unset
					rep_delay: Unset
			resilience:
				Attributes:
					layer_noise_model: Unset
					measure_mitigation: Unset
					pec_mitigation: Unset
					zne_mitigation: Unset
				layer_noise_learning:
					Attributes:
						layer_pair_depths: Unset
						max_layers_to_learn: Unset
						num_randomizations: Unset
						shots_per_randomization: Unset
				measure_noise_learning:
					Attributes:
						num_randomizations: Unset
						shots_per_randomization: Unset
				pec:
					Attributes:
						max_overhead: Unset
						noise_gain: Unset
				zne:
					Attributes:
						amplifier: Unset
						extrapolated_noise_factors: Unset
						extrapolator: Unset
						noise_factors: Unset
			simulator:
				Attributes:
					basis_gates: Unset
					coupling_map: Unset
					noise_model: Unset
					seed_simulator: Unset
			twirling:
				Attributes:
					enable_gates: Unset
					enable_measure: Unset
					num_randomizations: Unset
					shots_per_randomization: Unset
					strategy: Unset
		MetaData:
			Attributes:
			circuit_metadata: Dataset (dtype=object, shape=(50, 80), maxshape=(50, None))
				Attributes:
					DIMENSION_LABELS: ['mass' 'IterationAxis']
					NDataDims: 1
			target_precision: Dataset (dtype=float64, shape=(50, 80), maxshape=(50, None))
				Attributes:
					DIMENSION_LABELS: ['mass' 'IterationAxis']
					NDataDims: 1
			version: Dataset (dtype=int64, shape=(50, 80), maxshape=(50, None))
				Attributes:
					DIMENSION_LABELS: ['mass' 'IterationAxis']
					NDataDims: 1
		NIterations: Dataset (dtype=int64, shape=(50,), maxshape=(50,))
			Attributes:
				DIMENSION_LABELS: ['mass']
				NDataDims: 0
		OptimizerOptions:
			Attributes:
				bounds: None
				callback: None
				constraints: []
				method: slsqp
				tol: None
				x0Seed: 24245112
			options:
				Attributes:
					disp: 0
					maxiter: 20000
		PresetPassManagerOptions:
			Attributes:
		SimulatorOptions:
			Attributes:
		StartIterations: Dataset (dtype=int64, shape=(50, 4), maxshape=(50, None))
			Attributes:
				DIMENSION_LABELS: ['mass' 'AnsatzOperatorAxis']
				NDataDims: 1
		VersionInfo:
			Attributes:
				QiskitAerVersion: 0.17.1
				QiskitIBMRuntimeVersion: 0.41.1
				QiskitVersion: 2.1.2
		mass: Dataset (dtype=float64, shape=(50,), maxshape=(50,))
			Attributes:
-----Ending pprint-----
End 2026-01-11 01:18:13 | 24245112 MyPyJob | lmnode196 | /home/s6nidich_hpc/PycharmProjects/QC-MasterThesis 

