Start 2026-01-11 12:31:26 | 24245433 MyPyJob | lmnode196 | /home/s6nidich_hpc/PycharmProjects/QC-MasterThesis 

Used python interpreter:
/home/s6nidich_hpc/PycharmProjects/QC-MasterThesis/.venv_intel_3_12_3/bin/python
Python version:
Python 3.12.3

Currently Loaded Modules:
  1) GCCcore/13.3.0                   7) Tcl/8.6.14-GCCcore-13.3.0
  2) zlib/1.3.1-GCCcore-13.3.0        8) SQLite/3.45.3-GCCcore-13.3.0
  3) binutils/2.42-GCCcore-13.3.0     9) XZ/5.4.5-GCCcore-13.3.0
  4) bzip2/1.0.8-GCCcore-13.3.0      10) libffi/3.4.5-GCCcore-13.3.0
  5) ncurses/6.5-GCCcore-13.3.0      11) OpenSSL/3
  6) libreadline/8.2-GCCcore-13.3.0  12) Python/3.12.3-GCCcore-13.3.0

 

Start of Program:

-----Beginning pprint-----
/:
	Attributes:
-----Ending pprint-----
Calculating energies for FreeWilson2D(N_x=2, N_y=2, mass=-6.000, r=1.000)
h_im: 0.0
New op index: 6	$A_4(0,0)$[0, 1, 2, 3, 4, 5, 6, 7]
Current grad: 8.0
0:	0.00e+00	3.20e+01
1:	0.00e+00	-3.20e+01
2:	0.00e+00	0.00e+00
3:	0.00e+00	0.00e+00
4:	0.00e+00	0.00e+00
5:	0.00e+00	0.00e+00
6:	-4.00e+00	0.00e+00
7:	-4.00e+00	0.00e+00
New op index: 7	$A_4(1,0)$[2, 3, 4, 5]
Current grad: 8.00017678854147
New op index: 7	$A_4(1,0)$[2, 3, 4, 5]
Current grad: 0.00019638865343010931
Precision cutoff reached.
Calculating energies for FreeWilson2D(N_x=2, N_y=2, mass=-5.837, r=1.000)
h_im: 0.0
New op index: 6	$A_4(0,0)$[0, 1, 2, 3, 4, 5, 6, 7]
Current grad: 8.0
0:	0.00e+00	3.07e+01
1:	0.00e+00	-3.07e+01
2:	0.00e+00	0.00e+00
3:	0.00e+00	0.00e+00
4:	0.00e+00	0.00e+00
5:	0.00e+00	0.00e+00
6:	-4.00e+00	0.00e+00
7:	-4.00e+00	0.00e+00
New op index: 7	$A_4(1,0)$[2, 3, 4, 5]
Current grad: 8.000177220256539
New op index: 7	$A_4(1,0)$[2, 3, 4, 5]
Current grad: 0.0002102300547136246
Precision cutoff reached.
Calculating energies for FreeWilson2D(N_x=2, N_y=2, mass=-5.673, r=1.000)
h_im: 0.0
New op index: 6	$A_4(0,0)$[0, 1, 2, 3, 4, 5, 6, 7]
Current grad: 8.0
0:	0.00e+00	2.94e+01
1:	0.00e+00	-2.94e+01
2:	0.00e+00	0.00e+00
3:	0.00e+00	0.00e+00
4:	0.00e+00	0.00e+00
5:	0.00e+00	0.00e+00
6:	-4.00e+00	0.00e+00
7:	-4.00e+00	0.00e+00
New op index: 7	$A_4(1,0)$[2, 3, 4, 5]
Current grad: 8.00017713438817
New op index: 7	$A_4(1,0)$[2, 3, 4, 5]
Current grad: 0.00021572356521388857
Precision cutoff reached.
Calculating energies for FreeWilson2D(N_x=2, N_y=2, mass=-5.510, r=1.000)
h_im: 0.0
New op index: 6	$A_4(0,0)$[0, 1, 2, 3, 4, 5, 6, 7]
Current grad: 8.0
0:	0.00e+00	2.81e+01
1:	0.00e+00	-2.81e+01
2:	0.00e+00	0.00e+00
3:	0.00e+00	0.00e+00
4:	0.00e+00	0.00e+00
5:	0.00e+00	0.00e+00
6:	-4.00e+00	0.00e+00
7:	-4.00e+00	0.00e+00
New op index: 7	$A_4(1,0)$[2, 3, 4, 5]
Current grad: 8.00017753832297
New op index: 7	$A_4(1,0)$[2, 3, 4, 5]
Current grad: 0.00020505456763680549
Precision cutoff reached.
Calculating energies for FreeWilson2D(N_x=2, N_y=2, mass=-5.347, r=1.000)
h_im: 0.0
New op index: 6	$A_4(0,0)$[0, 1, 2, 3, 4, 5, 6, 7]
Current grad: 8.0
0:	0.00e+00	2.68e+01
1:	0.00e+00	-2.68e+01
2:	0.00e+00	0.00e+00
3:	0.00e+00	0.00e+00
4:	0.00e+00	0.00e+00
5:	0.00e+00	0.00e+00
6:	-4.00e+00	0.00e+00
7:	-4.00e+00	0.00e+00
New op index: 7	$A_4(1,0)$[2, 3, 4, 5]
Current grad: 8.000177421458709
New op index: 7	$A_4(1,0)$[2, 3, 4, 5]
Current grad: 0.00020419778143098989
Precision cutoff reached.
Calculating energies for FreeWilson2D(N_x=2, N_y=2, mass=-5.184, r=1.000)
h_im: 0.0
New op index: 6	$A_4(0,0)$[0, 1, 2, 3, 4, 5, 6, 7]
Current grad: 8.0
0:	0.00e+00	2.55e+01
1:	0.00e+00	-2.55e+01
2:	0.00e+00	0.00e+00
3:	0.00e+00	0.00e+00
4:	0.00e+00	0.00e+00
5:	0.00e+00	0.00e+00
6:	-4.00e+00	0.00e+00
7:	-4.00e+00	0.00e+00
New op index: 7	$A_4(1,0)$[2, 3, 4, 5]
Current grad: 8.000177105765385
New op index: 7	$A_4(1,0)$[2, 3, 4, 5]
Current grad: 0.00020115085036538413
Precision cutoff reached.
Calculating energies for FreeWilson2D(N_x=2, N_y=2, mass=-5.020, r=1.000)
h_im: 0.0
New op index: 6	$A_4(0,0)$[0, 1, 2, 3, 4, 5, 6, 7]
Current grad: 8.0
0:	0.00e+00	2.42e+01
1:	0.00e+00	-2.42e+01
2:	0.00e+00	0.00e+00
3:	0.00e+00	0.00e+00
4:	0.00e+00	0.00e+00
5:	0.00e+00	0.00e+00
6:	-4.00e+00	0.00e+00
7:	-4.00e+00	0.00e+00
New op index: 7	$A_4(1,0)$[2, 3, 4, 5]
Current grad: 8.0001772722568
New op index: 7	$A_4(1,0)$[2, 3, 4, 5]
Current grad: 0.00022093762439590807
Precision cutoff reached.
Calculating energies for FreeWilson2D(N_x=2, N_y=2, mass=-4.857, r=1.000)
h_im: 0.0
New op index: 6	$A_4(0,0)$[0, 1, 2, 3, 4, 5, 6, 7]
Current grad: 8.0
0:	0.00e+00	2.29e+01
1:	0.00e+00	-2.29e+01
2:	0.00e+00	0.00e+00
3:	0.00e+00	0.00e+00
4:	0.00e+00	0.00e+00
5:	0.00e+00	0.00e+00
6:	-4.00e+00	0.00e+00
7:	-4.00e+00	0.00e+00
New op index: 7	$A_4(1,0)$[2, 3, 4, 5]
Current grad: 8.000176509611173
New op index: 7	$A_4(1,0)$[2, 3, 4, 5]
Current grad: 0.00020613123789649175
Precision cutoff reached.
Calculating energies for FreeWilson2D(N_x=2, N_y=2, mass=-4.694, r=1.000)
h_im: 0.0
New op index: 6	$A_4(0,0)$[0, 1, 2, 3, 4, 5, 6, 7]
Current grad: 8.0
0:	0.00e+00	2.16e+01
1:	0.00e+00	-2.16e+01
2:	0.00e+00	0.00e+00
3:	0.00e+00	0.00e+00
4:	0.00e+00	0.00e+00
5:	0.00e+00	0.00e+00
6:	-4.00e+00	0.00e+00
7:	-4.00e+00	0.00e+00
New op index: 7	$A_4(1,0)$[2, 3, 4, 5]
Current grad: 8.000176571579953
New op index: 7	$A_4(1,0)$[2, 3, 4, 5]
Current grad: 0.00019655403287103707
Precision cutoff reached.
Calculating energies for FreeWilson2D(N_x=2, N_y=2, mass=-4.531, r=1.000)
h_im: 0.0
New op index: 6	$A_4(0,0)$[0, 1, 2, 3, 4, 5, 6, 7]
Current grad: 8.0
0:	0.00e+00	2.02e+01
1:	0.00e+00	-2.02e+01
2:	0.00e+00	0.00e+00
3:	0.00e+00	0.00e+00
4:	0.00e+00	0.00e+00
5:	0.00e+00	0.00e+00
6:	-4.00e+00	0.00e+00
7:	-4.00e+00	0.00e+00
New op index: 7	$A_4(1,0)$[2, 3, 4, 5]
Current grad: 8.000177354909262
New op index: 7	$A_4(1,0)$[2, 3, 4, 5]
Current grad: 0.0002059631945779359
Precision cutoff reached.
Calculating energies for FreeWilson2D(N_x=2, N_y=2, mass=-4.367, r=1.000)
h_im: 0.0
New op index: 6	$A_4(0,0)$[0, 1, 2, 3, 4, 5, 6, 7]
Current grad: 8.0
0:	0.00e+00	1.89e+01
1:	0.00e+00	-1.89e+01
2:	0.00e+00	0.00e+00
3:	0.00e+00	0.00e+00
4:	0.00e+00	0.00e+00
5:	0.00e+00	0.00e+00
6:	-4.00e+00	0.00e+00
7:	-4.00e+00	0.00e+00
New op index: 7	$A_4(1,0)$[2, 3, 4, 5]
Current grad: 8.00017744364969
New op index: 7	$A_4(1,0)$[2, 3, 4, 5]
Current grad: 0.00022412872657740678
Precision cutoff reached.
Calculating energies for FreeWilson2D(N_x=2, N_y=2, mass=-4.204, r=1.000)
h_im: 0.0
New op index: 6	$A_4(0,0)$[0, 1, 2, 3, 4, 5, 6, 7]
Current grad: 8.0
0:	0.00e+00	1.76e+01
1:	0.00e+00	-1.76e+01
2:	0.00e+00	0.00e+00
3:	0.00e+00	0.00e+00
4:	0.00e+00	0.00e+00
5:	0.00e+00	0.00e+00
6:	-4.00e+00	0.00e+00
7:	-4.00e+00	0.00e+00
New op index: 7	$A_4(1,0)$[2, 3, 4, 5]
Current grad: 8.000177595568495
New op index: 7	$A_4(1,0)$[2, 3, 4, 5]
Current grad: 0.0002009062292493774
Precision cutoff reached.
Calculating energies for FreeWilson2D(N_x=2, N_y=2, mass=-4.041, r=1.000)
h_im: 0.0
New op index: 6	$A_4(0,0)$[0, 1, 2, 3, 4, 5, 6, 7]
Current grad: 8.0
0:	0.00e+00	1.63e+01
1:	0.00e+00	-1.63e+01
2:	0.00e+00	0.00e+00
3:	0.00e+00	0.00e+00
4:	0.00e+00	0.00e+00
5:	0.00e+00	0.00e+00
6:	-4.00e+00	0.00e+00
7:	-4.00e+00	0.00e+00
New op index: 7	$A_4(1,0)$[2, 3, 4, 5]
Current grad: 8.000177278344815
New op index: 7	$A_4(1,0)$[2, 3, 4, 5]
Current grad: 0.00021384591007782665
Precision cutoff reached.
Calculating energies for FreeWilson2D(N_x=2, N_y=2, mass=-3.878, r=1.000)
h_im: 0.0
New op index: 6	$A_4(0,0)$[0, 1, 2, 3, 4, 5, 6, 7]
Current grad: 8.0
0:	0.00e+00	1.50e+01
1:	0.00e+00	-1.50e+01
2:	0.00e+00	0.00e+00
3:	0.00e+00	0.00e+00
4:	0.00e+00	0.00e+00
5:	0.00e+00	0.00e+00
6:	-4.00e+00	0.00e+00
7:	-4.00e+00	0.00e+00
New op index: 7	$A_4(1,0)$[2, 3, 4, 5]
Current grad: 8.000177037685507
New op index: 7	$A_4(1,0)$[2, 3, 4, 5]
Current grad: 0.0001955165172176451
Precision cutoff reached.
Calculating energies for FreeWilson2D(N_x=2, N_y=2, mass=-3.714, r=1.000)
h_im: 0.0
New op index: 6	$A_4(0,0)$[0, 1, 2, 3, 4, 5, 6, 7]
Current grad: 8.0
0:	0.00e+00	1.37e+01
1:	0.00e+00	-1.37e+01
2:	0.00e+00	0.00e+00
3:	0.00e+00	0.00e+00
4:	0.00e+00	0.00e+00
5:	0.00e+00	0.00e+00
6:	-4.00e+00	0.00e+00
7:	-4.00e+00	0.00e+00
New op index: 7	$A_4(1,0)$[2, 3, 4, 5]
Current grad: 8.00017733559038
New op index: 7	$A_4(1,0)$[2, 3, 4, 5]
Current grad: 0.00020089456398700154
Precision cutoff reached.
Calculating energies for FreeWilson2D(N_x=2, N_y=2, mass=-3.551, r=1.000)
h_im: 0.0
New op index: 6	$A_4(0,0)$[0, 1, 2, 3, 4, 5, 6, 7]
Current grad: 8.0
0:	0.00e+00	1.24e+01
1:	0.00e+00	-1.24e+01
2:	0.00e+00	0.00e+00
3:	0.00e+00	0.00e+00
4:	0.00e+00	0.00e+00
5:	0.00e+00	0.00e+00
6:	-4.00e+00	0.00e+00
7:	-4.00e+00	0.00e+00
New op index: 7	$A_4(1,0)$[2, 3, 4, 5]
Current grad: 8.000177205933394
New op index: 7	$A_4(1,0)$[2, 3, 4, 5]
Current grad: 0.00019930592588820084
Precision cutoff reached.
Calculating energies for FreeWilson2D(N_x=2, N_y=2, mass=-3.388, r=1.000)
h_im: 0.0
New op index: 6	$A_4(0,0)$[0, 1, 2, 3, 4, 5, 6, 7]
Current grad: 8.0
0:	0.00e+00	1.11e+01
1:	0.00e+00	-1.11e+01
2:	0.00e+00	0.00e+00
3:	0.00e+00	0.00e+00
4:	0.00e+00	0.00e+00
5:	0.00e+00	0.00e+00
6:	-4.00e+00	0.00e+00
7:	-4.00e+00	0.00e+00
New op index: 7	$A_4(1,0)$[2, 3, 4, 5]
Current grad: 8.000177234556169
New op index: 7	$A_4(1,0)$[2, 3, 4, 5]
Current grad: 0.0002173102442092841
Precision cutoff reached.
Calculating energies for FreeWilson2D(N_x=2, N_y=2, mass=-3.224, r=1.000)
h_im: 0.0
New op index: 6	$A_4(0,0)$[0, 1, 2, 3, 4, 5, 6, 7]
Current grad: 8.0
0:	0.00e+00	9.80e+00
1:	0.00e+00	-9.80e+00
2:	0.00e+00	0.00e+00
3:	0.00e+00	0.00e+00
4:	0.00e+00	0.00e+00
5:	0.00e+00	0.00e+00
6:	-4.00e+00	0.00e+00
7:	-4.00e+00	0.00e+00
New op index: 7	$A_4(1,0)$[2, 3, 4, 5]
Current grad: 8.000177148960766
New op index: 7	$A_4(1,0)$[2, 3, 4, 5]
Current grad: 0.00021238462383730804
Precision cutoff reached.
Calculating energies for FreeWilson2D(N_x=2, N_y=2, mass=-3.061, r=1.000)
h_im: 0.0
New op index: 6	$A_4(0,0)$[0, 1, 2, 3, 4, 5, 6, 7]
Current grad: 8.0
0:	0.00e+00	8.49e+00
1:	0.00e+00	-8.49e+00
2:	0.00e+00	0.00e+00
3:	0.00e+00	0.00e+00
4:	0.00e+00	0.00e+00
5:	0.00e+00	0.00e+00
6:	-4.00e+00	0.00e+00
7:	-4.00e+00	0.00e+00
New op index: 7	$A_4(1,0)$[2, 3, 4, 5]
Current grad: 8.000177428483774
New op index: 7	$A_4(1,0)$[2, 3, 4, 5]
Current grad: 0.00021540577087297323
Precision cutoff reached.
Calculating energies for FreeWilson2D(N_x=2, N_y=2, mass=-2.898, r=1.000)
h_im: 0.0
New op index: 6	$A_4(0,0)$[0, 1, 2, 3, 4, 5, 6, 7]
Current grad: 8.0
0:	0.00e+00	7.18e+00
1:	0.00e+00	-7.18e+00
2:	0.00e+00	0.00e+00
3:	0.00e+00	0.00e+00
4:	0.00e+00	0.00e+00
5:	0.00e+00	0.00e+00
6:	-4.00e+00	0.00e+00
7:	-4.00e+00	0.00e+00
New op index: 7	$A_4(1,0)$[2, 3, 4, 5]
Current grad: 8.000177657739021
New op index: 7	$A_4(1,0)$[2, 3, 4, 5]
Current grad: 0.00021273884322958064
Precision cutoff reached.
Calculating energies for FreeWilson2D(N_x=2, N_y=2, mass=-2.735, r=1.000)
h_im: 0.0
New op index: 6	$A_4(0,0)$[0, 1, 2, 3, 4, 5, 6, 7]
Current grad: 8.0
0:	0.00e+00	5.88e+00
1:	0.00e+00	-5.88e+00
2:	0.00e+00	0.00e+00
3:	0.00e+00	0.00e+00
4:	0.00e+00	0.00e+00
5:	0.00e+00	0.00e+00
6:	-4.00e+00	0.00e+00
7:	-4.00e+00	0.00e+00
New op index: 7	$A_4(1,0)$[2, 3, 4, 5]
Current grad: 8.000177140784551
New op index: 7	$A_4(1,0)$[2, 3, 4, 5]
Current grad: 0.00020740396479483963
Precision cutoff reached.
Calculating energies for FreeWilson2D(N_x=2, N_y=2, mass=-2.571, r=1.000)
h_im: 0.0
New op index: 6	$A_4(0,0)$[0, 1, 2, 3, 4, 5, 6, 7]
Current grad: 8.0
0:	0.00e+00	4.57e+00
1:	0.00e+00	-4.57e+00
2:	0.00e+00	0.00e+00
3:	0.00e+00	0.00e+00
4:	0.00e+00	0.00e+00
5:	0.00e+00	0.00e+00
6:	-4.00e+00	0.00e+00
7:	-4.00e+00	0.00e+00
New op index: 7	$A_4(1,0)$[2, 3, 4, 5]
Current grad: 8.0001776980741
New op index: 7	$A_4(1,0)$[2, 3, 4, 5]
Current grad: 0.0002075204734624063
Precision cutoff reached.
Calculating energies for FreeWilson2D(N_x=2, N_y=2, mass=-2.408, r=1.000)
h_im: 0.0
New op index: 6	$A_4(0,0)$[0, 1, 2, 3, 4, 5, 6, 7]
Current grad: 8.0
0:	0.00e+00	3.27e+00
1:	0.00e+00	-3.27e+00
2:	0.00e+00	0.00e+00
3:	0.00e+00	0.00e+00
4:	0.00e+00	0.00e+00
5:	0.00e+00	0.00e+00
6:	-4.00e+00	0.00e+00
7:	-4.00e+00	0.00e+00
New op index: 7	$A_4(1,0)$[2, 3, 4, 5]
Current grad: 8.000177037685507
New op index: 7	$A_4(1,0)$[2, 3, 4, 5]
Current grad: 0.00020975042900328844
Precision cutoff reached.
Calculating energies for FreeWilson2D(N_x=2, N_y=2, mass=-2.245, r=1.000)
h_im: 0.0
New op index: 6	$A_4(0,0)$[0, 1, 2, 3, 4, 5, 6, 7]
Current grad: 8.0
0:	0.00e+00	1.96e+00
1:	0.00e+00	-1.96e+00
2:	0.00e+00	0.00e+00
3:	0.00e+00	0.00e+00
4:	0.00e+00	0.00e+00
5:	0.00e+00	0.00e+00
6:	-4.00e+00	0.00e+00
7:	-4.00e+00	0.00e+00
New op index: 7	$A_4(1,0)$[2, 3, 4, 5]
Current grad: 8.000177461467706
New op index: 7	$A_4(1,0)$[2, 3, 4, 5]
Current grad: 0.00020693471276929113
Precision cutoff reached.
Calculating energies for FreeWilson2D(N_x=2, N_y=2, mass=-2.082, r=1.000)
h_im: 0.0
New op index: 6	$A_4(0,0)$[0, 1, 2, 3, 4, 5, 6, 7]
Current grad: 8.0
0:	0.00e+00	6.53e-01
1:	0.00e+00	-6.53e-01
2:	0.00e+00	0.00e+00
3:	0.00e+00	0.00e+00
4:	0.00e+00	0.00e+00
5:	0.00e+00	0.00e+00
6:	-4.00e+00	0.00e+00
7:	-4.00e+00	0.00e+00
New op index: 7	$A_4(1,0)$[2, 3, 4, 5]
Current grad: 8.000177292074717
New op index: 7	$A_4(1,0)$[2, 3, 4, 5]
Current grad: 0.00020484598474996071
Precision cutoff reached.
Calculating energies for FreeWilson2D(N_x=2, N_y=2, mass=-1.918, r=1.000)
h_im: 0.0
New op index: 6	$A_4(0,0)$[0, 1, 2, 3, 4, 5, 6, 7]
Current grad: 8.0
0:	0.00e+00	-6.53e-01
1:	0.00e+00	6.53e-01
2:	0.00e+00	0.00e+00
3:	0.00e+00	0.00e+00
4:	0.00e+00	0.00e+00
5:	0.00e+00	0.00e+00
6:	-4.00e+00	0.00e+00
7:	-4.00e+00	0.00e+00
New op index: 7	$A_4(1,0)$[2, 3, 4, 5]
Current grad: 8.000177234829149
New op index: 7	$A_4(1,0)$[2, 3, 4, 5]
Current grad: 0.00020857676721669063
Precision cutoff reached.
Calculating energies for FreeWilson2D(N_x=2, N_y=2, mass=-1.755, r=1.000)
h_im: 0.0
New op index: 6	$A_4(0,0)$[0, 1, 2, 3, 4, 5, 6, 7]
Current grad: 8.0
0:	0.00e+00	-1.96e+00
1:	0.00e+00	1.96e+00
2:	0.00e+00	0.00e+00
3:	0.00e+00	0.00e+00
4:	0.00e+00	0.00e+00
5:	0.00e+00	0.00e+00
6:	-4.00e+00	0.00e+00
7:	-4.00e+00	0.00e+00
New op index: 7	$A_4(1,0)$[2, 3, 4, 5]
Current grad: 8.000176848996908
New op index: 7	$A_4(1,0)$[2, 3, 4, 5]
Current grad: 0.00020709341647539382
Precision cutoff reached.
Calculating energies for FreeWilson2D(N_x=2, N_y=2, mass=-1.592, r=1.000)
h_im: 0.0
New op index: 6	$A_4(0,0)$[0, 1, 2, 3, 4, 5, 6, 7]
Current grad: 8.0
0:	0.00e+00	-3.27e+00
1:	0.00e+00	3.27e+00
2:	0.00e+00	0.00e+00
3:	0.00e+00	0.00e+00
4:	0.00e+00	0.00e+00
5:	0.00e+00	0.00e+00
6:	-4.00e+00	0.00e+00
7:	-4.00e+00	0.00e+00
New op index: 7	$A_4(1,0)$[2, 3, 4, 5]
Current grad: 8.000177384374862
New op index: 7	$A_4(1,0)$[2, 3, 4, 5]
Current grad: 0.000194650473998195
Precision cutoff reached.
Calculating energies for FreeWilson2D(N_x=2, N_y=2, mass=-1.429, r=1.000)
h_im: 0.0
New op index: 6	$A_4(0,0)$[0, 1, 2, 3, 4, 5, 6, 7]
Current grad: 8.0
0:	0.00e+00	-4.57e+00
1:	0.00e+00	4.57e+00
2:	0.00e+00	0.00e+00
3:	0.00e+00	0.00e+00
4:	0.00e+00	0.00e+00
5:	0.00e+00	0.00e+00
6:	-4.00e+00	0.00e+00
7:	-4.00e+00	0.00e+00
New op index: 7	$A_4(1,0)$[2, 3, 4, 5]
Current grad: 8.00017800911517
New op index: 7	$A_4(1,0)$[2, 3, 4, 5]
Current grad: 0.000214350092723643
Precision cutoff reached.
Calculating energies for FreeWilson2D(N_x=2, N_y=2, mass=-1.265, r=1.000)
h_im: 0.0
New op index: 6	$A_4(0,0)$[0, 1, 2, 3, 4, 5, 6, 7]
Current grad: 8.0
0:	0.00e+00	-5.88e+00
1:	0.00e+00	5.88e+00
2:	0.00e+00	0.00e+00
3:	0.00e+00	0.00e+00
4:	0.00e+00	0.00e+00
5:	0.00e+00	0.00e+00
6:	-4.00e+00	0.00e+00
7:	-4.00e+00	0.00e+00
New op index: 7	$A_4(1,0)$[2, 3, 4, 5]
Current grad: 8.000177943135434
New op index: 7	$A_4(1,0)$[2, 3, 4, 5]
Current grad: 0.00020641167684061552
Precision cutoff reached.
Calculating energies for FreeWilson2D(N_x=2, N_y=2, mass=-1.102, r=1.000)
h_im: 0.0
New op index: 6	$A_4(0,0)$[0, 1, 2, 3, 4, 5, 6, 7]
Current grad: 8.0
0:	0.00e+00	-7.18e+00
1:	0.00e+00	7.18e+00
2:	0.00e+00	0.00e+00
3:	0.00e+00	0.00e+00
4:	0.00e+00	0.00e+00
5:	0.00e+00	0.00e+00
6:	-4.00e+00	0.00e+00
7:	-4.00e+00	0.00e+00
New op index: 7	$A_4(1,0)$[2, 3, 4, 5]
Current grad: 8.000177123553915
New op index: 7	$A_4(1,0)$[2, 3, 4, 5]
Current grad: 0.0002090468541287822
Precision cutoff reached.
Calculating energies for FreeWilson2D(N_x=2, N_y=2, mass=-0.939, r=1.000)
h_im: 0.0
New op index: 6	$A_4(0,0)$[0, 1, 2, 3, 4, 5, 6, 7]
Current grad: 8.0
0:	0.00e+00	-8.49e+00
1:	0.00e+00	8.49e+00
2:	0.00e+00	0.00e+00
3:	0.00e+00	0.00e+00
4:	0.00e+00	0.00e+00
5:	0.00e+00	0.00e+00
6:	-4.00e+00	0.00e+00
7:	-4.00e+00	0.00e+00
New op index: 7	$A_4(1,0)$[2, 3, 4, 5]
Current grad: 8.000177035062872
New op index: 7	$A_4(1,0)$[2, 3, 4, 5]
Current grad: 0.00020452551996262097
Precision cutoff reached.
Calculating energies for FreeWilson2D(N_x=2, N_y=2, mass=-0.776, r=1.000)
h_im: 0.0
New op index: 6	$A_4(0,0)$[0, 1, 2, 3, 4, 5, 6, 7]
Current grad: 8.0
0:	0.00e+00	-9.80e+00
1:	0.00e+00	9.80e+00
2:	0.00e+00	0.00e+00
3:	0.00e+00	0.00e+00
4:	0.00e+00	0.00e+00
5:	0.00e+00	0.00e+00
6:	-4.00e+00	0.00e+00
7:	-4.00e+00	0.00e+00
New op index: 7	$A_4(1,0)$[2, 3, 4, 5]
Current grad: 8.000177384374862
New op index: 7	$A_4(1,0)$[2, 3, 4, 5]
Current grad: 0.0001951388006578558
Precision cutoff reached.
Calculating energies for FreeWilson2D(N_x=2, N_y=2, mass=-0.612, r=1.000)
h_im: 0.0
New op index: 6	$A_4(0,0)$[0, 1, 2, 3, 4, 5, 6, 7]
Current grad: 8.0
0:	0.00e+00	-1.11e+01
1:	0.00e+00	1.11e+01
2:	0.00e+00	0.00e+00
3:	0.00e+00	0.00e+00
4:	0.00e+00	0.00e+00
5:	0.00e+00	0.00e+00
6:	-4.00e+00	0.00e+00
7:	-4.00e+00	0.00e+00
New op index: 7	$A_4(1,0)$[2, 3, 4, 5]
Current grad: 8.000177273099617
New op index: 7	$A_4(1,0)$[2, 3, 4, 5]
Current grad: 0.00020590885358434048
Precision cutoff reached.
Calculating energies for FreeWilson2D(N_x=2, N_y=2, mass=-0.449, r=1.000)
h_im: 0.0
New op index: 6	$A_4(0,0)$[0, 1, 2, 3, 4, 5, 6, 7]
Current grad: 8.0
0:	0.00e+00	-1.24e+01
1:	0.00e+00	1.24e+01
2:	0.00e+00	0.00e+00
3:	0.00e+00	0.00e+00
4:	0.00e+00	0.00e+00
5:	0.00e+00	0.00e+00
6:	-4.00e+00	0.00e+00
7:	-4.00e+00	0.00e+00
New op index: 7	$A_4(1,0)$[2, 3, 4, 5]
Current grad: 8.000177485729317
New op index: 7	$A_4(1,0)$[2, 3, 4, 5]
Current grad: 0.0002119324211180895
Precision cutoff reached.
Calculating energies for FreeWilson2D(N_x=2, N_y=2, mass=-0.286, r=1.000)
h_im: 0.0
New op index: 6	$A_4(0,0)$[0, 1, 2, 3, 4, 5, 6, 7]
Current grad: 8.0
0:	0.00e+00	-1.37e+01
1:	0.00e+00	1.37e+01
2:	0.00e+00	0.00e+00
3:	0.00e+00	0.00e+00
4:	0.00e+00	0.00e+00
5:	0.00e+00	0.00e+00
6:	-4.00e+00	0.00e+00
7:	-4.00e+00	0.00e+00
New op index: 7	$A_4(1,0)$[2, 3, 4, 5]
Current grad: 8.000177392835923
New op index: 7	$A_4(1,0)$[2, 3, 4, 5]
Current grad: 0.00019981238099424657
Precision cutoff reached.
Calculating energies for FreeWilson2D(N_x=2, N_y=2, mass=-0.122, r=1.000)
h_im: 0.0
New op index: 6	$A_4(0,0)$[0, 1, 2, 3, 4, 5, 6, 7]
Current grad: 8.0
0:	0.00e+00	-1.50e+01
1:	0.00e+00	1.50e+01
2:	0.00e+00	0.00e+00
3:	0.00e+00	0.00e+00
4:	0.00e+00	0.00e+00
5:	0.00e+00	0.00e+00
6:	-4.00e+00	0.00e+00
7:	-4.00e+00	0.00e+00
New op index: 7	$A_4(1,0)$[2, 3, 4, 5]
Current grad: 8.00017713438817
New op index: 7	$A_4(1,0)$[2, 3, 4, 5]
Current grad: 0.00022004105147175438
Precision cutoff reached.
Calculating energies for FreeWilson2D(N_x=2, N_y=2, mass=0.041, r=1.000)
h_im: 0.0
New op index: 6	$A_4(0,0)$[0, 1, 2, 3, 4, 5, 6, 7]
Current grad: 8.0
0:	0.00e+00	-1.63e+01
1:	0.00e+00	1.63e+01
2:	0.00e+00	0.00e+00
3:	0.00e+00	0.00e+00
4:	0.00e+00	0.00e+00
5:	0.00e+00	0.00e+00
6:	-4.00e+00	0.00e+00
7:	-4.00e+00	0.00e+00
New op index: 7	$A_4(1,0)$[2, 3, 4, 5]
Current grad: 8.000177213824717
New op index: 7	$A_4(1,0)$[2, 3, 4, 5]
Current grad: 0.00022319198753515296
Precision cutoff reached.
Calculating energies for FreeWilson2D(N_x=2, N_y=2, mass=0.204, r=1.000)
h_im: 0.0
New op index: 6	$A_4(0,0)$[0, 1, 2, 3, 4, 5, 6, 7]
Current grad: 8.0
0:	0.00e+00	-1.76e+01
1:	0.00e+00	1.76e+01
2:	0.00e+00	0.00e+00
3:	0.00e+00	0.00e+00
4:	0.00e+00	0.00e+00
5:	0.00e+00	0.00e+00
6:	-4.00e+00	0.00e+00
7:	-4.00e+00	0.00e+00
New op index: 7	$A_4(1,0)$[2, 3, 4, 5]
Current grad: 8.000176845787077
New op index: 7	$A_4(1,0)$[2, 3, 4, 5]
Current grad: 0.0002028036661770444
Precision cutoff reached.
Calculating energies for FreeWilson2D(N_x=2, N_y=2, mass=0.367, r=1.000)
h_im: 0.0
New op index: 6	$A_4(0,0)$[0, 1, 2, 3, 4, 5, 6, 7]
Current grad: 8.0
0:	0.00e+00	-1.89e+01
1:	0.00e+00	1.89e+01
2:	0.00e+00	0.00e+00
3:	0.00e+00	0.00e+00
4:	0.00e+00	0.00e+00
5:	0.00e+00	0.00e+00
6:	-4.00e+00	0.00e+00
7:	-4.00e+00	0.00e+00
New op index: 7	$A_4(1,0)$[2, 3, 4, 5]
Current grad: 8.000176845787077
New op index: 7	$A_4(1,0)$[2, 3, 4, 5]
Current grad: 0.00020544240015804295
Precision cutoff reached.
Calculating energies for FreeWilson2D(N_x=2, N_y=2, mass=0.531, r=1.000)
h_im: 0.0
New op index: 6	$A_4(0,0)$[0, 1, 2, 3, 4, 5, 6, 7]
Current grad: 8.0
0:	0.00e+00	-2.02e+01
1:	0.00e+00	2.02e+01
2:	0.00e+00	0.00e+00
3:	0.00e+00	0.00e+00
4:	0.00e+00	0.00e+00
5:	0.00e+00	0.00e+00
6:	-4.00e+00	0.00e+00
7:	-4.00e+00	0.00e+00
New op index: 7	$A_4(1,0)$[2, 3, 4, 5]
Current grad: 8.000176852562667
New op index: 7	$A_4(1,0)$[2, 3, 4, 5]
Current grad: 0.00020362659777959098
Precision cutoff reached.
Calculating energies for FreeWilson2D(N_x=2, N_y=2, mass=0.694, r=1.000)
h_im: 0.0
New op index: 6	$A_4(0,0)$[0, 1, 2, 3, 4, 5, 6, 7]
Current grad: 8.0
0:	0.00e+00	-2.16e+01
1:	0.00e+00	2.16e+01
2:	0.00e+00	0.00e+00
3:	0.00e+00	0.00e+00
4:	0.00e+00	0.00e+00
5:	0.00e+00	0.00e+00
6:	-4.00e+00	0.00e+00
7:	-4.00e+00	0.00e+00
New op index: 7	$A_4(1,0)$[2, 3, 4, 5]
Current grad: 8.000177384374862
New op index: 7	$A_4(1,0)$[2, 3, 4, 5]
Current grad: 0.00019811002163581078
Precision cutoff reached.
Calculating energies for FreeWilson2D(N_x=2, N_y=2, mass=0.857, r=1.000)
h_im: 0.0
New op index: 6	$A_4(0,0)$[0, 1, 2, 3, 4, 5, 6, 7]
Current grad: 8.0
0:	0.00e+00	-2.29e+01
1:	0.00e+00	2.29e+01
2:	0.00e+00	0.00e+00
3:	0.00e+00	0.00e+00
4:	0.00e+00	0.00e+00
5:	0.00e+00	0.00e+00
6:	-4.00e+00	0.00e+00
7:	-4.00e+00	0.00e+00
New op index: 7	$A_4(1,0)$[2, 3, 4, 5]
Current grad: 8.000176937244547
New op index: 7	$A_4(1,0)$[2, 3, 4, 5]
Current grad: 0.00021104029563516472
Precision cutoff reached.
Calculating energies for FreeWilson2D(N_x=2, N_y=2, mass=1.020, r=1.000)
h_im: 0.0
New op index: 6	$A_4(0,0)$[0, 1, 2, 3, 4, 5, 6, 7]
Current grad: 8.0
0:	0.00e+00	-2.42e+01
1:	0.00e+00	2.42e+01
2:	0.00e+00	0.00e+00
3:	0.00e+00	0.00e+00
4:	0.00e+00	0.00e+00
5:	0.00e+00	0.00e+00
6:	-4.00e+00	0.00e+00
7:	-4.00e+00	0.00e+00
New op index: 7	$A_4(1,0)$[2, 3, 4, 5]
Current grad: 8.000176749084282
New op index: 7	$A_4(1,0)$[2, 3, 4, 5]
Current grad: 0.00020726003967651792
Precision cutoff reached.
Calculating energies for FreeWilson2D(N_x=2, N_y=2, mass=1.184, r=1.000)
h_im: 0.0
New op index: 6	$A_4(0,0)$[0, 1, 2, 3, 4, 5, 6, 7]
Current grad: 8.0
0:	0.00e+00	-2.55e+01
1:	0.00e+00	2.55e+01
2:	0.00e+00	0.00e+00
3:	0.00e+00	0.00e+00
4:	0.00e+00	0.00e+00
5:	0.00e+00	0.00e+00
6:	-4.00e+00	0.00e+00
7:	-4.00e+00	0.00e+00
New op index: 7	$A_4(1,0)$[2, 3, 4, 5]
Current grad: 8.000176674393963
New op index: 7	$A_4(1,0)$[2, 3, 4, 5]
Current grad: 0.00020291716009071192
Precision cutoff reached.
Calculating energies for FreeWilson2D(N_x=2, N_y=2, mass=1.347, r=1.000)
h_im: 0.0
New op index: 6	$A_4(0,0)$[0, 1, 2, 3, 4, 5, 6, 7]
Current grad: 8.0
0:	0.00e+00	-2.68e+01
1:	0.00e+00	2.68e+01
2:	0.00e+00	0.00e+00
3:	0.00e+00	0.00e+00
4:	0.00e+00	0.00e+00
5:	0.00e+00	0.00e+00
6:	-4.00e+00	0.00e+00
7:	-4.00e+00	0.00e+00
New op index: 7	$A_4(1,0)$[2, 3, 4, 5]
Current grad: 8.000176979253322
New op index: 7	$A_4(1,0)$[2, 3, 4, 5]
Current grad: 0.00019635259930988772
Precision cutoff reached.
Calculating energies for FreeWilson2D(N_x=2, N_y=2, mass=1.510, r=1.000)
h_im: 0.0
New op index: 6	$A_4(0,0)$[0, 1, 2, 3, 4, 5, 6, 7]
Current grad: 8.0
0:	0.00e+00	-2.81e+01
1:	0.00e+00	2.81e+01
2:	0.00e+00	0.00e+00
3:	0.00e+00	0.00e+00
4:	0.00e+00	0.00e+00
5:	0.00e+00	0.00e+00
6:	-4.00e+00	0.00e+00
7:	-4.00e+00	0.00e+00
New op index: 7	$A_4(1,0)$[2, 3, 4, 5]
Current grad: 8.000177213824717
New op index: 7	$A_4(1,0)$[2, 3, 4, 5]
Current grad: 0.0002067004898795151
Precision cutoff reached.
Calculating energies for FreeWilson2D(N_x=2, N_y=2, mass=1.673, r=1.000)
h_im: 0.0
New op index: 6	$A_4(0,0)$[0, 1, 2, 3, 4, 5, 6, 7]
Current grad: 8.0
0:	0.00e+00	-2.94e+01
1:	0.00e+00	2.94e+01
2:	0.00e+00	0.00e+00
3:	0.00e+00	0.00e+00
4:	0.00e+00	0.00e+00
5:	0.00e+00	0.00e+00
6:	-4.00e+00	0.00e+00
7:	-4.00e+00	0.00e+00
New op index: 7	$A_4(1,0)$[2, 3, 4, 5]
Current grad: 8.000177507327013
New op index: 7	$A_4(1,0)$[2, 3, 4, 5]
Current grad: 0.00020213153534128487
Precision cutoff reached.
Calculating energies for FreeWilson2D(N_x=2, N_y=2, mass=1.837, r=1.000)
h_im: 0.0
New op index: 6	$A_4(0,0)$[0, 1, 2, 3, 4, 5, 6, 7]
Current grad: 8.0
0:	0.00e+00	-3.07e+01
1:	0.00e+00	3.07e+01
2:	0.00e+00	0.00e+00
3:	0.00e+00	0.00e+00
4:	0.00e+00	0.00e+00
5:	0.00e+00	0.00e+00
6:	-4.00e+00	0.00e+00
7:	-4.00e+00	0.00e+00
New op index: 7	$A_4(1,0)$[2, 3, 4, 5]
Current grad: 8.000177367429037
New op index: 7	$A_4(1,0)$[2, 3, 4, 5]
Current grad: 0.00021351106399617234
Precision cutoff reached.
Calculating energies for FreeWilson2D(N_x=2, N_y=2, mass=2.000, r=1.000)
h_im: 0.0
New op index: 6	$A_4(0,0)$[0, 1, 2, 3, 4, 5, 6, 7]
Current grad: 8.0
0:	0.00e+00	-3.20e+01
1:	0.00e+00	3.20e+01
2:	0.00e+00	0.00e+00
3:	0.00e+00	0.00e+00
4:	0.00e+00	0.00e+00
5:	0.00e+00	0.00e+00
6:	-4.00e+00	0.00e+00
7:	-4.00e+00	0.00e+00
New op index: 7	$A_4(1,0)$[2, 3, 4, 5]
Current grad: 8.000176965867341
New op index: 7	$A_4(1,0)$[2, 3, 4, 5]
Current grad: 0.00020747789066557134
Precision cutoff reached.
-----Beginning pprint-----
/:
	Attributes:
		ProcessId: 24245433
	2026-01-11_12-31-28-24245433:
		Attributes:
			HamiltonianType: Full
			Last-Modified: 2026-01-11_12-31-28
			ProcessId: 24245433
			SimulatorType: Statevector
			SolverName: AdaptVQE
			SystemName: FreeWilson2D
			n_x: 2
			n_y: 2
			r: 1.0
		AdaptOptions:
			Attributes:
				allow_duplicate_gates: False
				gradient_hamiltonian_type: HamiltonianType.Full
				max_depth: 50
				parameter_prec_cutoff: 0.001
				prec_cutoff: 0.001
				precision: 0
		AnsatzOperatorDerivatives: Dataset (dtype=float64, shape=(50, 3, 8), maxshape=(50, None, 8))
			Attributes:
				DIMENSION_LABELS: ['mass' 'AnsatzOperatorAxis' 'AnsatzPoolOperatorAxis']
				NDataDims: 2
		AnsatzOperatorSecondDerivatives: Dataset (dtype=float64, shape=(50, 3, 8), maxshape=(50, None, 8))
			Attributes:
				DIMENSION_LABELS: ['mass' 'AnsatzOperatorAxis' 'AnsatzPoolOperatorAxis']
				NDataDims: 2
		AnsatzOperators: Dataset (dtype=int64, shape=(50, 2), maxshape=(50, None))
			Attributes:
				DIMENSION_LABELS: ['mass' 'AnsatzOperatorAxis']
				NDataDims: 1
		Circuit:
			Attributes:
				Ansatz: PhysicsAdaptAnsatz1
			AnsatzOptions:
				Attributes:
					num_qubits: 8
		CircuitParameters: Dataset (dtype=float64, shape=(50, 30, 2), maxshape=(50, None, None))
			Attributes:
				DIMENSION_LABELS: ['mass' 'IterationAxis' 'CircuitParameterAxis']
				NDataDims: 2
		Data:
			Attributes:
			evs:
				Attributes:
				Hamiltonian: Dataset (dtype=float64, shape=(50, 30), maxshape=(50, None))
					Attributes:
						DIMENSION_LABELS: ['mass' 'IterationAxis']
						NDataDims: 1
			stds:
				Attributes:
				Hamiltonian: Dataset (dtype=float64, shape=(50, 30), maxshape=(50, None))
					Attributes:
						DIMENSION_LABELS: ['mass' 'IterationAxis']
						NDataDims: 1
		EstimatorOptions:
			Attributes:
				_VERSION: 2
				default_precision: Unset
				default_shots: Unset
				experimental: Unset
				max_execution_time: Unset
				resilience_level: Unset
				seed_estimator: 24245433
			dynamical_decoupling:
				Attributes:
					enable: Unset
					extra_slack_distribution: Unset
					scheduling_method: Unset
					sequence_type: Unset
					skip_reset_qubits: Unset
			environment:
				Attributes:
					callback: None
					job_tags: None
					log_level: WARNING
					private: False
			execution:
				Attributes:
					init_qubits: Unset
					rep_delay: Unset
			resilience:
				Attributes:
					layer_noise_model: Unset
					measure_mitigation: Unset
					pec_mitigation: Unset
					zne_mitigation: Unset
				layer_noise_learning:
					Attributes:
						layer_pair_depths: Unset
						max_layers_to_learn: Unset
						num_randomizations: Unset
						shots_per_randomization: Unset
				measure_noise_learning:
					Attributes:
						num_randomizations: Unset
						shots_per_randomization: Unset
				pec:
					Attributes:
						max_overhead: Unset
						noise_gain: Unset
				zne:
					Attributes:
						amplifier: Unset
						extrapolated_noise_factors: Unset
						extrapolator: Unset
						noise_factors: Unset
			simulator:
				Attributes:
					basis_gates: Unset
					coupling_map: Unset
					noise_model: Unset
					seed_simulator: Unset
			twirling:
				Attributes:
					enable_gates: Unset
					enable_measure: Unset
					num_randomizations: Unset
					shots_per_randomization: Unset
					strategy: Unset
		MetaData:
			Attributes:
			circuit_metadata: Dataset (dtype=object, shape=(50, 30), maxshape=(50, None))
				Attributes:
					DIMENSION_LABELS: ['mass' 'IterationAxis']
					NDataDims: 1
			target_precision: Dataset (dtype=float64, shape=(50, 30), maxshape=(50, None))
				Attributes:
					DIMENSION_LABELS: ['mass' 'IterationAxis']
					NDataDims: 1
			version: Dataset (dtype=int64, shape=(50, 30), maxshape=(50, None))
				Attributes:
					DIMENSION_LABELS: ['mass' 'IterationAxis']
					NDataDims: 1
		NIterations: Dataset (dtype=int64, shape=(50,), maxshape=(50,))
			Attributes:
				DIMENSION_LABELS: ['mass']
				NDataDims: 0
		OptimizerOptions:
			Attributes:
				bounds: None
				callback: None
				constraints: []
				method: slsqp
				tol: None
				x0Seed: 24245433
			options:
				Attributes:
					disp: 0
					maxiter: 20000
		PresetPassManagerOptions:
			Attributes:
		SimulatorOptions:
			Attributes:
		StartIterations: Dataset (dtype=int64, shape=(50, 2), maxshape=(50, None))
			Attributes:
				DIMENSION_LABELS: ['mass' 'AnsatzOperatorAxis']
				NDataDims: 1
		VersionInfo:
			Attributes:
				QiskitAerVersion: 0.17.1
				QiskitIBMRuntimeVersion: 0.41.1
				QiskitVersion: 2.1.2
		mass: Dataset (dtype=float64, shape=(50,), maxshape=(50,))
			Attributes:
-----Ending pprint-----
End 2026-01-11 12:31:59 | 24245433 MyPyJob | lmnode196 | /home/s6nidich_hpc/PycharmProjects/QC-MasterThesis 

