Start 2026-01-11 12:35:09 | 24245436 MyPyJob | lmnode196 | /home/s6nidich_hpc/PycharmProjects/QC-MasterThesis 

Used python interpreter:
/home/s6nidich_hpc/PycharmProjects/QC-MasterThesis/.venv_intel_3_12_3/bin/python
Python version:
Python 3.12.3

Currently Loaded Modules:
  1) GCCcore/13.3.0                   7) Tcl/8.6.14-GCCcore-13.3.0
  2) zlib/1.3.1-GCCcore-13.3.0        8) SQLite/3.45.3-GCCcore-13.3.0
  3) binutils/2.42-GCCcore-13.3.0     9) XZ/5.4.5-GCCcore-13.3.0
  4) bzip2/1.0.8-GCCcore-13.3.0      10) libffi/3.4.5-GCCcore-13.3.0
  5) ncurses/6.5-GCCcore-13.3.0      11) OpenSSL/3
  6) libreadline/8.2-GCCcore-13.3.0  12) Python/3.12.3-GCCcore-13.3.0

 

Start of Program:

-----Beginning pprint-----
/:
	Attributes:
-----Ending pprint-----
Calculating energies for FreeWilson2D(N_x=2, N_y=2, mass=-6.000, r=1.000)
h_im: 0.0
New op index: 4	$A_3(0,0)$[0, 1, 2, 3]
Current grad: 8.0
0:	0.00e+00	0.00e+00
1:	0.00e+00	-3.20e+01
2:	0.00e+00	-3.20e+01
3:	0.00e+00	0.00e+00
4:	4.00e+00	0.00e+00
5:	0.00e+00	0.00e+00
6:	0.00e+00	0.00e+00
7:	-4.00e+00	0.00e+00
New op index: 6	$A_4(0,0)$[0, 1, 2, 3, 4, 5, 6, 7]
Current grad: 4.0000889268359
New op index: 5	$A_3(0,1)$[4, 5, 6, 7]
Current grad: 4.00037483320083
New op index: 6	$A_4(0,0)$[0, 1, 2, 3, 4, 5, 6, 7]
Current grad: 0.0015683554380245227
Parameter value cutoff reached.
Calculating energies for FreeWilson2D(N_x=2, N_y=2, mass=-5.837, r=1.000)
h_im: 0.0
New op index: 4	$A_3(0,0)$[0, 1, 2, 3]
Current grad: 8.0
0:	0.00e+00	0.00e+00
1:	0.00e+00	-3.07e+01
2:	0.00e+00	-3.07e+01
3:	0.00e+00	0.00e+00
4:	4.00e+00	0.00e+00
5:	0.00e+00	0.00e+00
6:	0.00e+00	0.00e+00
7:	-4.00e+00	0.00e+00
New op index: 6	$A_4(0,0)$[0, 1, 2, 3, 4, 5, 6, 7]
Current grad: 4.000088678558546
New op index: 5	$A_3(0,1)$[4, 5, 6, 7]
Current grad: 4.000375047990885
New op index: 6	$A_4(0,0)$[0, 1, 2, 3, 4, 5, 6, 7]
Current grad: 0.0015677899861475865
Parameter value cutoff reached.
Calculating energies for FreeWilson2D(N_x=2, N_y=2, mass=-5.673, r=1.000)
h_im: 0.0
New op index: 4	$A_3(0,0)$[0, 1, 2, 3]
Current grad: 8.0
0:	0.00e+00	0.00e+00
1:	0.00e+00	-2.94e+01
2:	0.00e+00	-2.94e+01
3:	0.00e+00	0.00e+00
4:	4.00e+00	0.00e+00
5:	0.00e+00	0.00e+00
6:	0.00e+00	0.00e+00
7:	-4.00e+00	0.00e+00
New op index: 6	$A_4(0,0)$[0, 1, 2, 3, 4, 5, 6, 7]
Current grad: 4.0000889268359
New op index: 5	$A_3(0,1)$[4, 5, 6, 7]
Current grad: 4.000375171907947
New op index: 6	$A_4(0,0)$[0, 1, 2, 3, 4, 5, 6, 7]
Current grad: 0.0015678379634483865
Parameter value cutoff reached.
Calculating energies for FreeWilson2D(N_x=2, N_y=2, mass=-5.510, r=1.000)
h_im: 0.0
New op index: 4	$A_3(0,0)$[0, 1, 2, 3]
Current grad: 8.0
0:	0.00e+00	0.00e+00
1:	0.00e+00	-2.81e+01
2:	0.00e+00	-2.81e+01
3:	0.00e+00	0.00e+00
4:	4.00e+00	0.00e+00
5:	0.00e+00	0.00e+00
6:	0.00e+00	0.00e+00
7:	-4.00e+00	0.00e+00
New op index: 6	$A_4(0,0)$[0, 1, 2, 3, 4, 5, 6, 7]
Current grad: 4.000088347948634
New op index: 5	$A_3(0,1)$[4, 5, 6, 7]
Current grad: 4.000374784702056
New op index: 6	$A_4(0,0)$[0, 1, 2, 3, 4, 5, 6, 7]
Current grad: 0.0015679179481041584
Parameter value cutoff reached.
Calculating energies for FreeWilson2D(N_x=2, N_y=2, mass=-5.347, r=1.000)
h_im: 0.0
New op index: 4	$A_3(0,0)$[0, 1, 2, 3]
Current grad: 8.0
0:	0.00e+00	0.00e+00
1:	0.00e+00	-2.68e+01
2:	0.00e+00	-2.68e+01
3:	0.00e+00	0.00e+00
4:	4.00e+00	0.00e+00
5:	0.00e+00	0.00e+00
6:	0.00e+00	0.00e+00
7:	-4.00e+00	0.00e+00
New op index: 6	$A_4(0,0)$[0, 1, 2, 3, 4, 5, 6, 7]
Current grad: 4.00008867974523
New op index: 5	$A_3(0,1)$[4, 5, 6, 7]
Current grad: 4.000374985401127
New op index: 6	$A_4(0,0)$[0, 1, 2, 3, 4, 5, 6, 7]
Current grad: 0.0015678156620808782
Parameter value cutoff reached.
Calculating energies for FreeWilson2D(N_x=2, N_y=2, mass=-5.184, r=1.000)
h_im: 0.0
New op index: 4	$A_3(0,0)$[0, 1, 2, 3]
Current grad: 8.0
0:	0.00e+00	0.00e+00
1:	0.00e+00	-2.55e+01
2:	0.00e+00	-2.55e+01
3:	0.00e+00	0.00e+00
4:	4.00e+00	0.00e+00
5:	0.00e+00	0.00e+00
6:	0.00e+00	0.00e+00
7:	-4.00e+00	0.00e+00
New op index: 6	$A_4(0,0)$[0, 1, 2, 3, 4, 5, 6, 7]
Current grad: 4.000088678558546
New op index: 5	$A_3(0,1)$[4, 5, 6, 7]
Current grad: 4.000375455521569
New op index: 6	$A_4(0,0)$[0, 1, 2, 3, 4, 5, 6, 7]
Current grad: 0.001567876858556149
Parameter value cutoff reached.
Calculating energies for FreeWilson2D(N_x=2, N_y=2, mass=-5.020, r=1.000)
h_im: 0.0
New op index: 4	$A_3(0,0)$[0, 1, 2, 3]
Current grad: 8.0
0:	0.00e+00	0.00e+00
1:	0.00e+00	-2.42e+01
2:	0.00e+00	-2.42e+01
3:	0.00e+00	0.00e+00
4:	4.00e+00	0.00e+00
5:	0.00e+00	0.00e+00
6:	0.00e+00	0.00e+00
7:	-4.00e+00	0.00e+00
New op index: 6	$A_4(0,0)$[0, 1, 2, 3, 4, 5, 6, 7]
Current grad: 4.00008891515917
New op index: 5	$A_3(0,1)$[4, 5, 6, 7]
Current grad: 4.000374639584567
New op index: 6	$A_4(0,0)$[0, 1, 2, 3, 4, 5, 6, 7]
Current grad: 0.001568128009622568
Parameter value cutoff reached.
Calculating energies for FreeWilson2D(N_x=2, N_y=2, mass=-4.857, r=1.000)
h_im: 0.0
New op index: 4	$A_3(0,0)$[0, 1, 2, 3]
Current grad: 8.0
0:	0.00e+00	0.00e+00
1:	0.00e+00	-2.29e+01
2:	0.00e+00	-2.29e+01
3:	0.00e+00	0.00e+00
4:	4.00e+00	0.00e+00
5:	0.00e+00	0.00e+00
6:	0.00e+00	0.00e+00
7:	-4.00e+00	0.00e+00
New op index: 6	$A_4(0,0)$[0, 1, 2, 3, 4, 5, 6, 7]
Current grad: 4.000088716828996
New op index: 5	$A_3(0,1)$[4, 5, 6, 7]
Current grad: 4.0003747508239
New op index: 6	$A_4(0,0)$[0, 1, 2, 3, 4, 5, 6, 7]
Current grad: 0.001567706432835688
Parameter value cutoff reached.
Calculating energies for FreeWilson2D(N_x=2, N_y=2, mass=-4.694, r=1.000)
h_im: 0.0
New op index: 4	$A_3(0,0)$[0, 1, 2, 3]
Current grad: 8.0
0:	0.00e+00	0.00e+00
1:	0.00e+00	-2.16e+01
2:	0.00e+00	-2.16e+01
3:	0.00e+00	0.00e+00
4:	4.00e+00	0.00e+00
5:	0.00e+00	0.00e+00
6:	0.00e+00	0.00e+00
7:	-4.00e+00	0.00e+00
New op index: 6	$A_4(0,0)$[0, 1, 2, 3, 4, 5, 6, 7]
Current grad: 4.000088708368004
New op index: 5	$A_3(0,1)$[4, 5, 6, 7]
Current grad: 4.000374923448489
New op index: 6	$A_4(0,0)$[0, 1, 2, 3, 4, 5, 6, 7]
Current grad: 0.0015682098630643924
Parameter value cutoff reached.
Calculating energies for FreeWilson2D(N_x=2, N_y=2, mass=-4.531, r=1.000)
h_im: 0.0
New op index: 4	$A_3(0,0)$[0, 1, 2, 3]
Current grad: 8.0
0:	0.00e+00	0.00e+00
1:	0.00e+00	-2.02e+01
2:	0.00e+00	-2.02e+01
3:	0.00e+00	0.00e+00
4:	4.00e+00	0.00e+00
5:	0.00e+00	0.00e+00
6:	0.00e+00	0.00e+00
7:	-4.00e+00	0.00e+00
New op index: 6	$A_4(0,0)$[0, 1, 2, 3, 4, 5, 6, 7]
Current grad: 4.000088736990789
New op index: 5	$A_3(0,1)$[4, 5, 6, 7]
Current grad: 4.000374976128256
New op index: 6	$A_4(0,0)$[0, 1, 2, 3, 4, 5, 6, 7]
Current grad: 0.0015679306684111786
Parameter value cutoff reached.
Calculating energies for FreeWilson2D(N_x=2, N_y=2, mass=-4.367, r=1.000)
h_im: 0.0
New op index: 4	$A_3(0,0)$[0, 1, 2, 3]
Current grad: 8.0
0:	0.00e+00	0.00e+00
1:	0.00e+00	-1.89e+01
2:	0.00e+00	-1.89e+01
3:	0.00e+00	0.00e+00
4:	4.00e+00	0.00e+00
5:	0.00e+00	0.00e+00
6:	0.00e+00	0.00e+00
7:	-4.00e+00	0.00e+00
New op index: 6	$A_4(0,0)$[0, 1, 2, 3, 4, 5, 6, 7]
Current grad: 4.000088767642772
New op index: 5	$A_3(0,1)$[4, 5, 6, 7]
Current grad: 4.00037527039559
New op index: 6	$A_4(0,0)$[0, 1, 2, 3, 4, 5, 6, 7]
Current grad: 0.001567920268857658
Parameter value cutoff reached.
Calculating energies for FreeWilson2D(N_x=2, N_y=2, mass=-4.204, r=1.000)
h_im: 0.0
New op index: 4	$A_3(0,0)$[0, 1, 2, 3]
Current grad: 8.0
0:	0.00e+00	0.00e+00
1:	0.00e+00	-1.76e+01
2:	0.00e+00	-1.76e+01
3:	0.00e+00	0.00e+00
4:	4.00e+00	0.00e+00
5:	0.00e+00	0.00e+00
6:	0.00e+00	0.00e+00
7:	-4.00e+00	0.00e+00
New op index: 6	$A_4(0,0)$[0, 1, 2, 3, 4, 5, 6, 7]
Current grad: 4.000088708368004
New op index: 5	$A_3(0,1)$[4, 5, 6, 7]
Current grad: 4.0003749095332015
New op index: 6	$A_4(0,0)$[0, 1, 2, 3, 4, 5, 6, 7]
Current grad: 0.0015679024912588215
Parameter value cutoff reached.
Calculating energies for FreeWilson2D(N_x=2, N_y=2, mass=-4.041, r=1.000)
h_im: 0.0
New op index: 4	$A_3(0,0)$[0, 1, 2, 3]
Current grad: 8.0
0:	0.00e+00	0.00e+00
1:	0.00e+00	-1.63e+01
2:	0.00e+00	-1.63e+01
3:	0.00e+00	0.00e+00
4:	4.00e+00	0.00e+00
5:	0.00e+00	0.00e+00
6:	0.00e+00	0.00e+00
7:	-4.00e+00	0.00e+00
New op index: 6	$A_4(0,0)$[0, 1, 2, 3, 4, 5, 6, 7]
Current grad: 4.000088708368004
New op index: 5	$A_3(0,1)$[4, 5, 6, 7]
Current grad: 4.00037510704685
New op index: 6	$A_4(0,0)$[0, 1, 2, 3, 4, 5, 6, 7]
Current grad: 0.0015679364065113563
Parameter value cutoff reached.
Calculating energies for FreeWilson2D(N_x=2, N_y=2, mass=-3.878, r=1.000)
h_im: 0.0
New op index: 4	$A_3(0,0)$[0, 1, 2, 3]
Current grad: 8.0
0:	0.00e+00	0.00e+00
1:	0.00e+00	-1.50e+01
2:	0.00e+00	-1.50e+01
3:	0.00e+00	0.00e+00
4:	4.00e+00	0.00e+00
5:	0.00e+00	0.00e+00
6:	0.00e+00	0.00e+00
7:	-4.00e+00	0.00e+00
New op index: 6	$A_4(0,0)$[0, 1, 2, 3, 4, 5, 6, 7]
Current grad: 4.000088792628396
New op index: 5	$A_3(0,1)$[4, 5, 6, 7]
Current grad: 4.000375014073201
New op index: 6	$A_4(0,0)$[0, 1, 2, 3, 4, 5, 6, 7]
Current grad: 0.0015679615366812993
Parameter value cutoff reached.
Calculating energies for FreeWilson2D(N_x=2, N_y=2, mass=-3.714, r=1.000)
h_im: 0.0
New op index: 4	$A_3(0,0)$[0, 1, 2, 3]
Current grad: 8.0
0:	0.00e+00	0.00e+00
1:	0.00e+00	-1.37e+01
2:	0.00e+00	-1.37e+01
3:	0.00e+00	0.00e+00
4:	4.00e+00	0.00e+00
5:	0.00e+00	0.00e+00
6:	0.00e+00	0.00e+00
7:	-4.00e+00	0.00e+00
New op index: 6	$A_4(0,0)$[0, 1, 2, 3, 4, 5, 6, 7]
Current grad: 4.000088639012301
New op index: 5	$A_3(0,1)$[4, 5, 6, 7]
Current grad: 4.000375001024652
New op index: 6	$A_4(0,0)$[0, 1, 2, 3, 4, 5, 6, 7]
Current grad: 0.0015680182930047054
Parameter value cutoff reached.
Calculating energies for FreeWilson2D(N_x=2, N_y=2, mass=-3.551, r=1.000)
h_im: 0.0
New op index: 4	$A_3(0,0)$[0, 1, 2, 3]
Current grad: 8.0
0:	0.00e+00	0.00e+00
1:	0.00e+00	-1.24e+01
2:	0.00e+00	-1.24e+01
3:	0.00e+00	0.00e+00
4:	4.00e+00	0.00e+00
5:	0.00e+00	0.00e+00
6:	0.00e+00	0.00e+00
7:	-4.00e+00	0.00e+00
New op index: 6	$A_4(0,0)$[0, 1, 2, 3, 4, 5, 6, 7]
Current grad: 4.000088708368004
New op index: 5	$A_3(0,1)$[4, 5, 6, 7]
Current grad: 4.000375017859746
New op index: 6	$A_4(0,0)$[0, 1, 2, 3, 4, 5, 6, 7]
Current grad: 0.0015680024178176893
Parameter value cutoff reached.
Calculating energies for FreeWilson2D(N_x=2, N_y=2, mass=-3.388, r=1.000)
h_im: 0.0
New op index: 4	$A_3(0,0)$[0, 1, 2, 3]
Current grad: 8.0
0:	0.00e+00	0.00e+00
1:	0.00e+00	-1.11e+01
2:	0.00e+00	-1.11e+01
3:	0.00e+00	0.00e+00
4:	4.00e+00	0.00e+00
5:	0.00e+00	0.00e+00
6:	0.00e+00	0.00e+00
7:	-4.00e+00	0.00e+00
New op index: 6	$A_4(0,0)$[0, 1, 2, 3, 4, 5, 6, 7]
Current grad: 4.000088721071446
New op index: 5	$A_3(0,1)$[4, 5, 6, 7]
Current grad: 4.000375119092164
New op index: 6	$A_4(0,0)$[0, 1, 2, 3, 4, 5, 6, 7]
Current grad: 0.0015677812098266566
Parameter value cutoff reached.
Calculating energies for FreeWilson2D(N_x=2, N_y=2, mass=-3.224, r=1.000)
h_im: 0.0
New op index: 4	$A_3(0,0)$[0, 1, 2, 3]
Current grad: 8.0
0:	0.00e+00	0.00e+00
1:	0.00e+00	-9.80e+00
2:	0.00e+00	-9.80e+00
3:	0.00e+00	0.00e+00
4:	4.00e+00	0.00e+00
5:	0.00e+00	0.00e+00
6:	0.00e+00	0.00e+00
7:	-4.00e+00	0.00e+00
New op index: 6	$A_4(0,0)$[0, 1, 2, 3, 4, 5, 6, 7]
Current grad: 4.000088693845949
New op index: 5	$A_3(0,1)$[4, 5, 6, 7]
Current grad: 4.000374893148663
New op index: 6	$A_4(0,0)$[0, 1, 2, 3, 4, 5, 6, 7]
Current grad: 0.001568027796832244
Parameter value cutoff reached.
Calculating energies for FreeWilson2D(N_x=2, N_y=2, mass=-3.061, r=1.000)
h_im: 0.0
New op index: 4	$A_3(0,0)$[0, 1, 2, 3]
Current grad: 8.0
0:	0.00e+00	0.00e+00
1:	0.00e+00	-8.49e+00
2:	0.00e+00	-8.49e+00
3:	0.00e+00	0.00e+00
4:	4.00e+00	0.00e+00
5:	0.00e+00	0.00e+00
6:	0.00e+00	0.00e+00
7:	-4.00e+00	0.00e+00
New op index: 6	$A_4(0,0)$[0, 1, 2, 3, 4, 5, 6, 7]
Current grad: 4.000088724076677
New op index: 5	$A_3(0,1)$[4, 5, 6, 7]
Current grad: 4.000375022585391
New op index: 6	$A_4(0,0)$[0, 1, 2, 3, 4, 5, 6, 7]
Current grad: 0.0015679553896476505
Parameter value cutoff reached.
Calculating energies for FreeWilson2D(N_x=2, N_y=2, mass=-2.898, r=1.000)
h_im: 0.0
New op index: 4	$A_3(0,0)$[0, 1, 2, 3]
Current grad: 8.0
0:	0.00e+00	0.00e+00
1:	0.00e+00	-7.18e+00
2:	0.00e+00	-7.18e+00
3:	0.00e+00	0.00e+00
4:	4.00e+00	0.00e+00
5:	0.00e+00	0.00e+00
6:	0.00e+00	0.00e+00
7:	-4.00e+00	0.00e+00
New op index: 6	$A_4(0,0)$[0, 1, 2, 3, 4, 5, 6, 7]
Current grad: 4.000088720056801
New op index: 5	$A_3(0,1)$[4, 5, 6, 7]
Current grad: 4.000374935224883
New op index: 6	$A_4(0,0)$[0, 1, 2, 3, 4, 5, 6, 7]
Current grad: 0.0015680180954651785
Parameter value cutoff reached.
Calculating energies for FreeWilson2D(N_x=2, N_y=2, mass=-2.735, r=1.000)
h_im: 0.0
New op index: 4	$A_3(0,0)$[0, 1, 2, 3]
Current grad: 8.0
0:	0.00e+00	0.00e+00
1:	0.00e+00	-5.88e+00
2:	0.00e+00	-5.88e+00
3:	0.00e+00	0.00e+00
4:	4.00e+00	0.00e+00
5:	0.00e+00	0.00e+00
6:	0.00e+00	0.00e+00
7:	-4.00e+00	0.00e+00
New op index: 6	$A_4(0,0)$[0, 1, 2, 3, 4, 5, 6, 7]
Current grad: 4.000088671147638
New op index: 5	$A_3(0,1)$[4, 5, 6, 7]
Current grad: 4.000374955133079
New op index: 6	$A_4(0,0)$[0, 1, 2, 3, 4, 5, 6, 7]
Current grad: 0.0015679089153557602
Parameter value cutoff reached.
Calculating energies for FreeWilson2D(N_x=2, N_y=2, mass=-2.571, r=1.000)
h_im: 0.0
New op index: 4	$A_3(0,0)$[0, 1, 2, 3]
Current grad: 8.0
0:	0.00e+00	0.00e+00
1:	0.00e+00	-4.57e+00
2:	0.00e+00	-4.57e+00
3:	0.00e+00	0.00e+00
4:	4.00e+00	0.00e+00
5:	0.00e+00	0.00e+00
6:	0.00e+00	0.00e+00
7:	-4.00e+00	0.00e+00
New op index: 6	$A_4(0,0)$[0, 1, 2, 3, 4, 5, 6, 7]
Current grad: 4.0000887665835965
New op index: 5	$A_3(0,1)$[4, 5, 6, 7]
Current grad: 4.000374886325948
New op index: 6	$A_4(0,0)$[0, 1, 2, 3, 4, 5, 6, 7]
Current grad: 0.0015679158532670371
Parameter value cutoff reached.
Calculating energies for FreeWilson2D(N_x=2, N_y=2, mass=-2.408, r=1.000)
h_im: 0.0
New op index: 4	$A_3(0,0)$[0, 1, 2, 3]
Current grad: 8.0
0:	0.00e+00	0.00e+00
1:	0.00e+00	-3.27e+00
2:	0.00e+00	-3.27e+00
3:	0.00e+00	0.00e+00
4:	4.00e+00	0.00e+00
5:	0.00e+00	0.00e+00
6:	0.00e+00	0.00e+00
7:	-4.00e+00	0.00e+00
New op index: 6	$A_4(0,0)$[0, 1, 2, 3, 4, 5, 6, 7]
Current grad: 4.000088803166035
New op index: 5	$A_3(0,1)$[4, 5, 6, 7]
Current grad: 4.0003750272155445
New op index: 6	$A_4(0,0)$[0, 1, 2, 3, 4, 5, 6, 7]
Current grad: 0.0015677625640006451
Parameter value cutoff reached.
Calculating energies for FreeWilson2D(N_x=2, N_y=2, mass=-2.245, r=1.000)
h_im: 0.0
New op index: 4	$A_3(0,0)$[0, 1, 2, 3]
Current grad: 8.0
0:	0.00e+00	0.00e+00
1:	0.00e+00	-1.96e+00
2:	0.00e+00	-1.96e+00
3:	0.00e+00	0.00e+00
4:	4.00e+00	0.00e+00
5:	0.00e+00	0.00e+00
6:	0.00e+00	0.00e+00
7:	-4.00e+00	0.00e+00
New op index: 6	$A_4(0,0)$[0, 1, 2, 3, 4, 5, 6, 7]
Current grad: 4.000088869323518
New op index: 5	$A_3(0,1)$[4, 5, 6, 7]
Current grad: 4.000375058922245
New op index: 6	$A_4(0,0)$[0, 1, 2, 3, 4, 5, 6, 7]
Current grad: 0.00156783185105898
Parameter value cutoff reached.
Calculating energies for FreeWilson2D(N_x=2, N_y=2, mass=-2.082, r=1.000)
h_im: 0.0
New op index: 4	$A_3(0,0)$[0, 1, 2, 3]
Current grad: 8.0
0:	0.00e+00	0.00e+00
1:	0.00e+00	-6.53e-01
2:	0.00e+00	-6.53e-01
3:	0.00e+00	0.00e+00
4:	4.00e+00	0.00e+00
5:	0.00e+00	0.00e+00
6:	0.00e+00	0.00e+00
7:	-4.00e+00	0.00e+00
New op index: 6	$A_4(0,0)$[0, 1, 2, 3, 4, 5, 6, 7]
Current grad: 4.000088570886228
New op index: 5	$A_3(0,1)$[4, 5, 6, 7]
Current grad: 4.000375105703379
New op index: 6	$A_4(0,0)$[0, 1, 2, 3, 4, 5, 6, 7]
Current grad: 0.0015678810426944024
Parameter value cutoff reached.
Calculating energies for FreeWilson2D(N_x=2, N_y=2, mass=-1.918, r=1.000)
h_im: 0.0
New op index: 4	$A_3(0,0)$[0, 1, 2, 3]
Current grad: 8.0
0:	0.00e+00	0.00e+00
1:	0.00e+00	6.53e-01
2:	0.00e+00	6.53e-01
3:	0.00e+00	0.00e+00
4:	4.00e+00	0.00e+00
5:	0.00e+00	0.00e+00
6:	0.00e+00	0.00e+00
7:	-4.00e+00	0.00e+00
New op index: 6	$A_4(0,0)$[0, 1, 2, 3, 4, 5, 6, 7]
Current grad: 4.000088685813519
New op index: 5	$A_3(0,1)$[4, 5, 6, 7]
Current grad: 4.000375487364511
New op index: 6	$A_4(0,0)$[0, 1, 2, 3, 4, 5, 6, 7]
Current grad: 0.00156793277280351
Parameter value cutoff reached.
Calculating energies for FreeWilson2D(N_x=2, N_y=2, mass=-1.755, r=1.000)
h_im: 0.0
New op index: 4	$A_3(0,0)$[0, 1, 2, 3]
Current grad: 8.0
0:	0.00e+00	0.00e+00
1:	0.00e+00	1.96e+00
2:	0.00e+00	1.96e+00
3:	0.00e+00	0.00e+00
4:	4.00e+00	0.00e+00
5:	0.00e+00	0.00e+00
6:	0.00e+00	0.00e+00
7:	-4.00e+00	0.00e+00
New op index: 6	$A_4(0,0)$[0, 1, 2, 3, 4, 5, 6, 7]
Current grad: 4.00008868823583
New op index: 5	$A_3(0,1)$[4, 5, 6, 7]
Current grad: 4.0003751869068775
New op index: 6	$A_4(0,0)$[0, 1, 2, 3, 4, 5, 6, 7]
Current grad: 0.001568059204474771
Parameter value cutoff reached.
Calculating energies for FreeWilson2D(N_x=2, N_y=2, mass=-1.592, r=1.000)
h_im: 0.0
New op index: 4	$A_3(0,0)$[0, 1, 2, 3]
Current grad: 8.0
0:	0.00e+00	0.00e+00
1:	0.00e+00	3.27e+00
2:	0.00e+00	3.27e+00
3:	0.00e+00	0.00e+00
4:	4.00e+00	0.00e+00
5:	0.00e+00	0.00e+00
6:	0.00e+00	0.00e+00
7:	-4.00e+00	0.00e+00
New op index: 6	$A_4(0,0)$[0, 1, 2, 3, 4, 5, 6, 7]
Current grad: 4.0000885238030754
New op index: 5	$A_3(0,1)$[4, 5, 6, 7]
Current grad: 4.000375039621757
New op index: 6	$A_4(0,0)$[0, 1, 2, 3, 4, 5, 6, 7]
Current grad: 0.0015678457944612576
Parameter value cutoff reached.
Calculating energies for FreeWilson2D(N_x=2, N_y=2, mass=-1.429, r=1.000)
h_im: 0.0
New op index: 4	$A_3(0,0)$[0, 1, 2, 3]
Current grad: 8.0
0:	0.00e+00	0.00e+00
1:	0.00e+00	4.57e+00
2:	0.00e+00	4.57e+00
3:	0.00e+00	0.00e+00
4:	4.00e+00	0.00e+00
5:	0.00e+00	0.00e+00
6:	0.00e+00	0.00e+00
7:	-4.00e+00	0.00e+00
New op index: 6	$A_4(0,0)$[0, 1, 2, 3, 4, 5, 6, 7]
Current grad: 4.000088730594436
New op index: 5	$A_3(0,1)$[4, 5, 6, 7]
Current grad: 4.00037440423433
New op index: 6	$A_4(0,0)$[0, 1, 2, 3, 4, 5, 6, 7]
Current grad: 0.0015672986405210739
Parameter value cutoff reached.
Calculating energies for FreeWilson2D(N_x=2, N_y=2, mass=-1.265, r=1.000)
h_im: 0.0
New op index: 4	$A_3(0,0)$[0, 1, 2, 3]
Current grad: 8.0
0:	0.00e+00	0.00e+00
1:	0.00e+00	5.88e+00
2:	0.00e+00	5.88e+00
3:	0.00e+00	0.00e+00
4:	4.00e+00	0.00e+00
5:	0.00e+00	0.00e+00
6:	0.00e+00	0.00e+00
7:	-4.00e+00	0.00e+00
New op index: 6	$A_4(0,0)$[0, 1, 2, 3, 4, 5, 6, 7]
Current grad: 4.000088727378534
New op index: 5	$A_3(0,1)$[4, 5, 6, 7]
Current grad: 4.000374726828778
New op index: 6	$A_4(0,0)$[0, 1, 2, 3, 4, 5, 6, 7]
Current grad: 0.0015684672785505678
Parameter value cutoff reached.
Calculating energies for FreeWilson2D(N_x=2, N_y=2, mass=-1.102, r=1.000)
h_im: 0.0
New op index: 4	$A_3(0,0)$[0, 1, 2, 3]
Current grad: 8.0
0:	0.00e+00	0.00e+00
1:	0.00e+00	7.18e+00
2:	0.00e+00	7.18e+00
3:	0.00e+00	0.00e+00
4:	4.00e+00	0.00e+00
5:	0.00e+00	0.00e+00
6:	0.00e+00	0.00e+00
7:	-4.00e+00	0.00e+00
New op index: 6	$A_4(0,0)$[0, 1, 2, 3, 4, 5, 6, 7]
Current grad: 4.000088738770655
New op index: 5	$A_3(0,1)$[4, 5, 6, 7]
Current grad: 4.0003750527338635
New op index: 6	$A_4(0,0)$[0, 1, 2, 3, 4, 5, 6, 7]
Current grad: 0.0015678729422403065
Parameter value cutoff reached.
Calculating energies for FreeWilson2D(N_x=2, N_y=2, mass=-0.939, r=1.000)
h_im: 0.0
New op index: 4	$A_3(0,0)$[0, 1, 2, 3]
Current grad: 8.0
0:	0.00e+00	0.00e+00
1:	0.00e+00	8.49e+00
2:	0.00e+00	8.49e+00
3:	0.00e+00	0.00e+00
4:	4.00e+00	0.00e+00
5:	0.00e+00	0.00e+00
6:	0.00e+00	0.00e+00
7:	-4.00e+00	0.00e+00
New op index: 6	$A_4(0,0)$[0, 1, 2, 3, 4, 5, 6, 7]
Current grad: 4.00008883107078
New op index: 5	$A_3(0,1)$[4, 5, 6, 7]
Current grad: 4.000375816146347
New op index: 6	$A_4(0,0)$[0, 1, 2, 3, 4, 5, 6, 7]
Current grad: 0.0015679448693270749
Parameter value cutoff reached.
Calculating energies for FreeWilson2D(N_x=2, N_y=2, mass=-0.776, r=1.000)
h_im: 0.0
New op index: 4	$A_3(0,0)$[0, 1, 2, 3]
Current grad: 8.0
0:	0.00e+00	0.00e+00
1:	0.00e+00	9.80e+00
2:	0.00e+00	9.80e+00
3:	0.00e+00	0.00e+00
4:	4.00e+00	0.00e+00
5:	0.00e+00	0.00e+00
6:	0.00e+00	0.00e+00
7:	-4.00e+00	0.00e+00
New op index: 6	$A_4(0,0)$[0, 1, 2, 3, 4, 5, 6, 7]
Current grad: 4.0000889963755935
New op index: 5	$A_3(0,1)$[4, 5, 6, 7]
Current grad: 4.000374634436705
New op index: 6	$A_4(0,0)$[0, 1, 2, 3, 4, 5, 6, 7]
Current grad: 0.0015672239039560296
Parameter value cutoff reached.
Calculating energies for FreeWilson2D(N_x=2, N_y=2, mass=-0.612, r=1.000)
h_im: 0.0
New op index: 4	$A_3(0,0)$[0, 1, 2, 3]
Current grad: 8.0
0:	0.00e+00	0.00e+00
1:	0.00e+00	1.11e+01
2:	0.00e+00	1.11e+01
3:	0.00e+00	0.00e+00
4:	4.00e+00	0.00e+00
5:	0.00e+00	0.00e+00
6:	0.00e+00	0.00e+00
7:	-4.00e+00	0.00e+00
New op index: 6	$A_4(0,0)$[0, 1, 2, 3, 4, 5, 6, 7]
Current grad: 4.000088974777855
New op index: 5	$A_3(0,1)$[4, 5, 6, 7]
Current grad: 4.000374868888791
New op index: 6	$A_4(0,0)$[0, 1, 2, 3, 4, 5, 6, 7]
Current grad: 0.0015674455831660534
Parameter value cutoff reached.
Calculating energies for FreeWilson2D(N_x=2, N_y=2, mass=-0.449, r=1.000)
h_im: 0.0
New op index: 4	$A_3(0,0)$[0, 1, 2, 3]
Current grad: 8.0
0:	0.00e+00	0.00e+00
1:	0.00e+00	1.24e+01
2:	0.00e+00	1.24e+01
3:	0.00e+00	0.00e+00
4:	4.00e+00	0.00e+00
5:	0.00e+00	0.00e+00
6:	0.00e+00	0.00e+00
7:	-4.00e+00	0.00e+00
New op index: 6	$A_4(0,0)$[0, 1, 2, 3, 4, 5, 6, 7]
Current grad: 4.000088917532343
New op index: 5	$A_3(0,1)$[4, 5, 6, 7]
Current grad: 4.000375459031467
New op index: 6	$A_4(0,0)$[0, 1, 2, 3, 4, 5, 6, 7]
Current grad: 0.001568532958931623
Parameter value cutoff reached.
Calculating energies for FreeWilson2D(N_x=2, N_y=2, mass=-0.286, r=1.000)
h_im: 0.0
New op index: 4	$A_3(0,0)$[0, 1, 2, 3]
Current grad: 8.0
0:	0.00e+00	0.00e+00
1:	0.00e+00	1.37e+01
2:	0.00e+00	1.37e+01
3:	0.00e+00	0.00e+00
4:	4.00e+00	0.00e+00
5:	0.00e+00	0.00e+00
6:	0.00e+00	0.00e+00
7:	-4.00e+00	0.00e+00
New op index: 6	$A_4(0,0)$[0, 1, 2, 3, 4, 5, 6, 7]
Current grad: 4.0000891108666
New op index: 5	$A_3(0,1)$[4, 5, 6, 7]
Current grad: 4.000374831074694
New op index: 6	$A_4(0,0)$[0, 1, 2, 3, 4, 5, 6, 7]
Current grad: 0.001567918372731275
Parameter value cutoff reached.
Calculating energies for FreeWilson2D(N_x=2, N_y=2, mass=-0.122, r=1.000)
h_im: 0.0
New op index: 4	$A_3(0,0)$[0, 1, 2, 3]
Current grad: 8.0
0:	0.00e+00	0.00e+00
1:	0.00e+00	1.50e+01
2:	0.00e+00	1.50e+01
3:	0.00e+00	0.00e+00
4:	4.00e+00	0.00e+00
5:	0.00e+00	0.00e+00
6:	0.00e+00	0.00e+00
7:	-4.00e+00	0.00e+00
New op index: 6	$A_4(0,0)$[0, 1, 2, 3, 4, 5, 6, 7]
Current grad: 4.000088109661984
New op index: 5	$A_3(0,1)$[4, 5, 6, 7]
Current grad: 4.000374737028587
New op index: 6	$A_4(0,0)$[0, 1, 2, 3, 4, 5, 6, 7]
Current grad: 0.0015682049930890792
Parameter value cutoff reached.
Calculating energies for FreeWilson2D(N_x=2, N_y=2, mass=0.041, r=1.000)
h_im: 0.0
New op index: 4	$A_3(0,0)$[0, 1, 2, 3]
Current grad: 8.0
0:	0.00e+00	0.00e+00
1:	0.00e+00	1.63e+01
2:	0.00e+00	1.63e+01
3:	0.00e+00	0.00e+00
4:	4.00e+00	0.00e+00
5:	0.00e+00	0.00e+00
6:	0.00e+00	0.00e+00
7:	-4.00e+00	0.00e+00
New op index: 6	$A_4(0,0)$[0, 1, 2, 3, 4, 5, 6, 7]
Current grad: 4.000088803041278
New op index: 5	$A_3(0,1)$[4, 5, 6, 7]
Current grad: 4.000375168314915
New op index: 6	$A_4(0,0)$[0, 1, 2, 3, 4, 5, 6, 7]
Current grad: 0.0015678723234425005
Parameter value cutoff reached.
Calculating energies for FreeWilson2D(N_x=2, N_y=2, mass=0.204, r=1.000)
h_im: 0.0
New op index: 4	$A_3(0,0)$[0, 1, 2, 3]
Current grad: 8.0
0:	0.00e+00	0.00e+00
1:	0.00e+00	1.76e+01
2:	0.00e+00	1.76e+01
3:	0.00e+00	0.00e+00
4:	4.00e+00	0.00e+00
5:	0.00e+00	0.00e+00
6:	0.00e+00	0.00e+00
7:	-4.00e+00	0.00e+00
New op index: 6	$A_4(0,0)$[0, 1, 2, 3, 4, 5, 6, 7]
Current grad: 4.000088745795729
New op index: 5	$A_3(0,1)$[4, 5, 6, 7]
Current grad: 4.0003762519407795
New op index: 6	$A_4(0,0)$[0, 1, 2, 3, 4, 5, 6, 7]
Current grad: 0.0015675523436080305
Parameter value cutoff reached.
Calculating energies for FreeWilson2D(N_x=2, N_y=2, mass=0.367, r=1.000)
h_im: 0.0
New op index: 4	$A_3(0,0)$[0, 1, 2, 3]
Current grad: 8.0
0:	0.00e+00	0.00e+00
1:	0.00e+00	1.89e+01
2:	0.00e+00	1.89e+01
3:	0.00e+00	0.00e+00
4:	4.00e+00	0.00e+00
5:	0.00e+00	0.00e+00
6:	0.00e+00	0.00e+00
7:	-4.00e+00	0.00e+00
New op index: 6	$A_4(0,0)$[0, 1, 2, 3, 4, 5, 6, 7]
Current grad: 4.000088282585432
New op index: 5	$A_3(0,1)$[4, 5, 6, 7]
Current grad: 4.000375220377082
New op index: 6	$A_4(0,0)$[0, 1, 2, 3, 4, 5, 6, 7]
Current grad: 0.0015668597650680927
Parameter value cutoff reached.
Calculating energies for FreeWilson2D(N_x=2, N_y=2, mass=0.531, r=1.000)
h_im: 0.0
New op index: 4	$A_3(0,0)$[0, 1, 2, 3]
Current grad: 8.0
0:	0.00e+00	0.00e+00
1:	0.00e+00	2.02e+01
2:	0.00e+00	2.02e+01
3:	0.00e+00	0.00e+00
4:	4.00e+00	0.00e+00
5:	0.00e+00	0.00e+00
6:	0.00e+00	0.00e+00
7:	-4.00e+00	0.00e+00
New op index: 6	$A_4(0,0)$[0, 1, 2, 3, 4, 5, 6, 7]
Current grad: 4.000088860286814
New op index: 5	$A_3(0,1)$[4, 5, 6, 7]
Current grad: 4.0003756577341285
New op index: 6	$A_4(0,0)$[0, 1, 2, 3, 4, 5, 6, 7]
Current grad: 0.0015680779270519256
Parameter value cutoff reached.
Calculating energies for FreeWilson2D(N_x=2, N_y=2, mass=0.694, r=1.000)
h_im: 0.0
New op index: 4	$A_3(0,0)$[0, 1, 2, 3]
Current grad: 8.0
0:	0.00e+00	0.00e+00
1:	0.00e+00	2.16e+01
2:	0.00e+00	2.16e+01
3:	0.00e+00	0.00e+00
4:	4.00e+00	0.00e+00
5:	0.00e+00	0.00e+00
6:	0.00e+00	0.00e+00
7:	-4.00e+00	0.00e+00
New op index: 6	$A_4(0,0)$[0, 1, 2, 3, 4, 5, 6, 7]
Current grad: 4.000088745795729
New op index: 5	$A_3(0,1)$[4, 5, 6, 7]
Current grad: 4.0003741533333
New op index: 6	$A_4(0,0)$[0, 1, 2, 3, 4, 5, 6, 7]
Current grad: 0.0015673128122207331
Parameter value cutoff reached.
Calculating energies for FreeWilson2D(N_x=2, N_y=2, mass=0.857, r=1.000)
h_im: 0.0
New op index: 4	$A_3(0,0)$[0, 1, 2, 3]
Current grad: 8.0
0:	0.00e+00	0.00e+00
1:	0.00e+00	2.29e+01
2:	0.00e+00	2.29e+01
3:	0.00e+00	0.00e+00
4:	4.00e+00	0.00e+00
5:	0.00e+00	0.00e+00
6:	0.00e+00	0.00e+00
7:	-4.00e+00	0.00e+00
New op index: 6	$A_4(0,0)$[0, 1, 2, 3, 4, 5, 6, 7]
Current grad: 4.0000882253397645
New op index: 5	$A_3(0,1)$[4, 5, 6, 7]
Current grad: 4.0003751928537765
New op index: 6	$A_4(0,0)$[0, 1, 2, 3, 4, 5, 6, 7]
Current grad: 0.0015679360527130878
Parameter value cutoff reached.
Calculating energies for FreeWilson2D(N_x=2, N_y=2, mass=1.020, r=1.000)
h_im: 0.0
New op index: 4	$A_3(0,0)$[0, 1, 2, 3]
Current grad: 8.0
0:	0.00e+00	0.00e+00
1:	0.00e+00	2.42e+01
2:	0.00e+00	2.42e+01
3:	0.00e+00	0.00e+00
4:	4.00e+00	0.00e+00
5:	0.00e+00	0.00e+00
6:	0.00e+00	0.00e+00
7:	-4.00e+00	0.00e+00
New op index: 6	$A_4(0,0)$[0, 1, 2, 3, 4, 5, 6, 7]
Current grad: 4.000088745795729
New op index: 5	$A_3(0,1)$[4, 5, 6, 7]
Current grad: 4.000374300043237
New op index: 6	$A_4(0,0)$[0, 1, 2, 3, 4, 5, 6, 7]
Current grad: 0.00156775215515689
Parameter value cutoff reached.
Calculating energies for FreeWilson2D(N_x=2, N_y=2, mass=1.184, r=1.000)
h_im: 0.0
New op index: 4	$A_3(0,0)$[0, 1, 2, 3]
Current grad: 8.0
0:	0.00e+00	0.00e+00
1:	0.00e+00	2.55e+01
2:	0.00e+00	2.55e+01
3:	0.00e+00	0.00e+00
4:	4.00e+00	0.00e+00
5:	0.00e+00	0.00e+00
6:	0.00e+00	0.00e+00
7:	-4.00e+00	0.00e+00
New op index: 6	$A_4(0,0)$[0, 1, 2, 3, 4, 5, 6, 7]
Current grad: 4.00008856238172
New op index: 5	$A_3(0,1)$[4, 5, 6, 7]
Current grad: 4.000375648428592
New op index: 6	$A_4(0,0)$[0, 1, 2, 3, 4, 5, 6, 7]
Current grad: 0.0015687297977490667
Parameter value cutoff reached.
Calculating energies for FreeWilson2D(N_x=2, N_y=2, mass=1.347, r=1.000)
h_im: 0.0
New op index: 4	$A_3(0,0)$[0, 1, 2, 3]
Current grad: 8.0
0:	0.00e+00	0.00e+00
1:	0.00e+00	2.68e+01
2:	0.00e+00	2.68e+01
3:	0.00e+00	0.00e+00
4:	4.00e+00	0.00e+00
5:	0.00e+00	0.00e+00
6:	0.00e+00	0.00e+00
7:	-4.00e+00	0.00e+00
New op index: 6	$A_4(0,0)$[0, 1, 2, 3, 4, 5, 6, 7]
Current grad: 4.000088745795729
New op index: 5	$A_3(0,1)$[4, 5, 6, 7]
Current grad: 4.000374771636387
New op index: 6	$A_4(0,0)$[0, 1, 2, 3, 4, 5, 6, 7]
Current grad: 0.0015675506500781977
Parameter value cutoff reached.
Calculating energies for FreeWilson2D(N_x=2, N_y=2, mass=1.510, r=1.000)
h_im: 0.0
New op index: 4	$A_3(0,0)$[0, 1, 2, 3]
Current grad: 8.0
0:	0.00e+00	0.00e+00
1:	0.00e+00	2.81e+01
2:	0.00e+00	2.81e+01
3:	0.00e+00	0.00e+00
4:	4.00e+00	0.00e+00
5:	0.00e+00	0.00e+00
6:	0.00e+00	0.00e+00
7:	-4.00e+00	0.00e+00
New op index: 6	$A_4(0,0)$[0, 1, 2, 3, 4, 5, 6, 7]
Current grad: 4.000089363819256
New op index: 5	$A_3(0,1)$[4, 5, 6, 7]
Current grad: 4.000374570162562
New op index: 6	$A_4(0,0)$[0, 1, 2, 3, 4, 5, 6, 7]
Current grad: 0.0015668123751121173
Parameter value cutoff reached.
Calculating energies for FreeWilson2D(N_x=2, N_y=2, mass=1.673, r=1.000)
h_im: 0.0
New op index: 4	$A_3(0,0)$[0, 1, 2, 3]
Current grad: 8.0
0:	0.00e+00	0.00e+00
1:	0.00e+00	2.94e+01
2:	0.00e+00	2.94e+01
3:	0.00e+00	0.00e+00
4:	4.00e+00	0.00e+00
5:	0.00e+00	0.00e+00
6:	0.00e+00	0.00e+00
7:	-4.00e+00	0.00e+00
New op index: 6	$A_4(0,0)$[0, 1, 2, 3, 4, 5, 6, 7]
Current grad: 4.000088549517926
New op index: 5	$A_3(0,1)$[4, 5, 6, 7]
Current grad: 4.0003725948288205
New op index: 6	$A_4(0,0)$[0, 1, 2, 3, 4, 5, 6, 7]
Current grad: 0.0015690763791090367
Parameter value cutoff reached.
Calculating energies for FreeWilson2D(N_x=2, N_y=2, mass=1.837, r=1.000)
h_im: 0.0
New op index: 4	$A_3(0,0)$[0, 1, 2, 3]
Current grad: 8.0
0:	0.00e+00	0.00e+00
1:	0.00e+00	3.07e+01
2:	0.00e+00	3.07e+01
3:	0.00e+00	0.00e+00
4:	4.00e+00	0.00e+00
5:	0.00e+00	0.00e+00
6:	0.00e+00	0.00e+00
7:	-4.00e+00	0.00e+00
New op index: 6	$A_4(0,0)$[0, 1, 2, 3, 4, 5, 6, 7]
Current grad: 4.0000889187188164
New op index: 5	$A_3(0,1)$[4, 5, 6, 7]
Current grad: 4.0003734796453605
New op index: 6	$A_4(0,0)$[0, 1, 2, 3, 4, 5, 6, 7]
Current grad: 0.001568780398774383
Parameter value cutoff reached.
Calculating energies for FreeWilson2D(N_x=2, N_y=2, mass=2.000, r=1.000)
h_im: 0.0
New op index: 4	$A_3(0,0)$[0, 1, 2, 3]
Current grad: 8.0
0:	0.00e+00	0.00e+00
1:	0.00e+00	3.20e+01
2:	0.00e+00	3.20e+01
3:	0.00e+00	0.00e+00
4:	4.00e+00	0.00e+00
5:	0.00e+00	0.00e+00
6:	0.00e+00	0.00e+00
7:	-4.00e+00	0.00e+00
New op index: 6	$A_4(0,0)$[0, 1, 2, 3, 4, 5, 6, 7]
Current grad: 4.000088664009182
New op index: 5	$A_3(0,1)$[4, 5, 6, 7]
Current grad: 4.0003749720285295
New op index: 6	$A_4(0,0)$[0, 1, 2, 3, 4, 5, 6, 7]
Current grad: 0.0015671716764614247
Parameter value cutoff reached.
-----Beginning pprint-----
/:
	Attributes:
		ProcessId: 24245436
	2026-01-11_12-35-11-24245436:
		Attributes:
			HamiltonianType: Full
			Last-Modified: 2026-01-11_12-35-11
			ProcessId: 24245436
			SimulatorType: Statevector
			SolverName: AdaptVQE
			SystemName: FreeWilson2D
			n_x: 2
			n_y: 2
			r: 1.0
		AdaptOptions:
			Attributes:
				allow_duplicate_gates: False
				gradient_hamiltonian_type: HamiltonianType.Full
				max_depth: 50
				parameter_prec_cutoff: 0.001
				prec_cutoff: 0.001
				precision: 0
		AnsatzOperatorDerivatives: Dataset (dtype=float64, shape=(50, 4, 8), maxshape=(50, None, 8))
			Attributes:
				DIMENSION_LABELS: ['mass' 'AnsatzOperatorAxis' 'AnsatzPoolOperatorAxis']
				NDataDims: 2
		AnsatzOperatorSecondDerivatives: Dataset (dtype=float64, shape=(50, 4, 8), maxshape=(50, None, 8))
			Attributes:
				DIMENSION_LABELS: ['mass' 'AnsatzOperatorAxis' 'AnsatzPoolOperatorAxis']
				NDataDims: 2
		AnsatzOperators: Dataset (dtype=int64, shape=(50, 4), maxshape=(50, None))
			Attributes:
				DIMENSION_LABELS: ['mass' 'AnsatzOperatorAxis']
				NDataDims: 1
		Circuit:
			Attributes:
				Ansatz: PhysicsAdaptAnsatz5
			AnsatzOptions:
				Attributes:
					num_qubits: 8
		CircuitParameters: Dataset (dtype=float64, shape=(50, 80, 4), maxshape=(50, None, None))
			Attributes:
				DIMENSION_LABELS: ['mass' 'IterationAxis' 'CircuitParameterAxis']
				NDataDims: 2
		Data:
			Attributes:
			evs:
				Attributes:
				Hamiltonian: Dataset (dtype=float64, shape=(50, 80), maxshape=(50, None))
					Attributes:
						DIMENSION_LABELS: ['mass' 'IterationAxis']
						NDataDims: 1
			stds:
				Attributes:
				Hamiltonian: Dataset (dtype=float64, shape=(50, 80), maxshape=(50, None))
					Attributes:
						DIMENSION_LABELS: ['mass' 'IterationAxis']
						NDataDims: 1
		EstimatorOptions:
			Attributes:
				_VERSION: 2
				default_precision: Unset
				default_shots: Unset
				experimental: Unset
				max_execution_time: Unset
				resilience_level: Unset
				seed_estimator: 24245436
			dynamical_decoupling:
				Attributes:
					enable: Unset
					extra_slack_distribution: Unset
					scheduling_method: Unset
					sequence_type: Unset
					skip_reset_qubits: Unset
			environment:
				Attributes:
					callback: None
					job_tags: None
					log_level: WARNING
					private: False
			execution:
				Attributes:
					init_qubits: Unset
					rep_delay: Unset
			resilience:
				Attributes:
					layer_noise_model: Unset
					measure_mitigation: Unset
					pec_mitigation: Unset
					zne_mitigation: Unset
				layer_noise_learning:
					Attributes:
						layer_pair_depths: Unset
						max_layers_to_learn: Unset
						num_randomizations: Unset
						shots_per_randomization: Unset
				measure_noise_learning:
					Attributes:
						num_randomizations: Unset
						shots_per_randomization: Unset
				pec:
					Attributes:
						max_overhead: Unset
						noise_gain: Unset
				zne:
					Attributes:
						amplifier: Unset
						extrapolated_noise_factors: Unset
						extrapolator: Unset
						noise_factors: Unset
			simulator:
				Attributes:
					basis_gates: Unset
					coupling_map: Unset
					noise_model: Unset
					seed_simulator: Unset
			twirling:
				Attributes:
					enable_gates: Unset
					enable_measure: Unset
					num_randomizations: Unset
					shots_per_randomization: Unset
					strategy: Unset
		MetaData:
			Attributes:
			circuit_metadata: Dataset (dtype=object, shape=(50, 80), maxshape=(50, None))
				Attributes:
					DIMENSION_LABELS: ['mass' 'IterationAxis']
					NDataDims: 1
			target_precision: Dataset (dtype=float64, shape=(50, 80), maxshape=(50, None))
				Attributes:
					DIMENSION_LABELS: ['mass' 'IterationAxis']
					NDataDims: 1
			version: Dataset (dtype=int64, shape=(50, 80), maxshape=(50, None))
				Attributes:
					DIMENSION_LABELS: ['mass' 'IterationAxis']
					NDataDims: 1
		NIterations: Dataset (dtype=int64, shape=(50,), maxshape=(50,))
			Attributes:
				DIMENSION_LABELS: ['mass']
				NDataDims: 0
		OptimizerOptions:
			Attributes:
				bounds: None
				callback: None
				constraints: []
				method: slsqp
				tol: None
				x0Seed: 24245436
			options:
				Attributes:
					disp: 0
					maxiter: 20000
		PresetPassManagerOptions:
			Attributes:
		SimulatorOptions:
			Attributes:
		StartIterations: Dataset (dtype=int64, shape=(50, 4), maxshape=(50, None))
			Attributes:
				DIMENSION_LABELS: ['mass' 'AnsatzOperatorAxis']
				NDataDims: 1
		VersionInfo:
			Attributes:
				QiskitAerVersion: 0.17.1
				QiskitIBMRuntimeVersion: 0.41.1
				QiskitVersion: 2.1.2
		mass: Dataset (dtype=float64, shape=(50,), maxshape=(50,))
			Attributes:
-----Ending pprint-----
End 2026-01-11 12:36:32 | 24245436 MyPyJob | lmnode196 | /home/s6nidich_hpc/PycharmProjects/QC-MasterThesis 

