Start 2025-10-27 10:13:53 | 23768245 MyPyJob | node002 | /home/s6nidich_hpc/PycharmProjects/QC-MasterThesis 

Used python interpreter:
/home/s6nidich_hpc/PycharmProjects/QC-MasterThesis/.venv_intel_3_12_3/bin/python
Python version:
Python 3.12.3

Currently Loaded Modules:
  1) GCCcore/13.3.0                   7) Tcl/8.6.14-GCCcore-13.3.0
  2) zlib/1.3.1-GCCcore-13.3.0        8) SQLite/3.45.3-GCCcore-13.3.0
  3) binutils/2.42-GCCcore-13.3.0     9) XZ/5.4.5-GCCcore-13.3.0
  4) bzip2/1.0.8-GCCcore-13.3.0      10) libffi/3.4.5-GCCcore-13.3.0
  5) ncurses/6.5-GCCcore-13.3.0      11) OpenSSL/3
  6) libreadline/8.2-GCCcore-13.3.0  12) Python/3.12.3-GCCcore-13.3.0

 

Start of Program:

-----Beginning pprint-----
/:
	Attributes:
-----Ending pprint-----
Calculating energies for FreeWilson2D(N_x=2, N_y=2, mass=-6.000, r=1.000)
h: 0.0
Prec 0.0
Prec 0.0
New op index: 27
Current grad: 29.505582987387893
0:	1.52e-01	-2.03e-01
1:	-2.52e+00	-2.56e-01
2:	3.75e-01	-4.07e-01
3:	4.70e-01	3.08e-01
4:	1.52e+00	5.64e-01
5:	-6.51e-01	-5.70e-02
6:	6.39e-02	-4.20e-01
7:	-2.66e+00	-4.12e-01
8:	-8.40e-03	3.25e-01
9:	-4.27e-01	3.72e-01
10:	2.44e+00	-2.28e-01
11:	3.89e-01	-8.33e-01
12:	3.30e-02	1.16e-01
13:	2.56e+00	-4.42e-01
14:	2.34e-01	-3.91e-01
15:	-4.30e-01	4.36e-01
16:	-2.32e+00	1.12e-01
17:	-4.79e-01	3.39e-01
18:	4.39e-01	3.38e-02
19:	2.48e+00	1.45e-01
20:	-9.24e-02	3.16e-01
21:	-3.40e-01	-7.29e-01
22:	-1.39e+00	-1.60e-01
23:	-7.73e-02	-2.35e-01
24:	2.86e-01	-3.19e-01
25:	-1.76e-01	-1.38e-01
26:	-2.34e-01	2.47e-01
27:	4.18e+00	-4.33e-01
28:	-2.94e-01	-1.59e-02
29:	2.15e-01	-8.41e-01
30:	1.57e+00	-1.67e-01
Return from COBYLA because the trust region radius reaches its lower bound.
Number of function values = 30   Least value of F = 198.50000000001302
The corresponding X is: [-0.7854]

Prec 0.0
New op index: 22
Current grad: 23.741628123312505
Return from COBYLA because the trust region radius reaches its lower bound.
Number of function values = 52   Least value of F = 146.50000000122958
The corresponding X is: [-0.78539495  1.57079877]

Prec 0.0
New op index: 7
Current grad: 27.3553912722369
Return from COBYLA because the trust region radius reaches its lower bound.
Number of function values = 617   Least value of F = 144.14629418599432
The corresponding X is:
[-0.78453816  1.57084564  1.57006996]

Prec 0.0
New op index: 4
Current grad: 23.7609103851295
Return from COBYLA because the trust region radius reaches its lower bound.
Number of function values = 116   Least value of F = 92.49639446008894
The corresponding X is:
[-0.78538882  1.57079028  1.56119009 -1.56400592]

Prec 0.0
New op index: 1
Current grad: 22.439162581833237
Return from COBYLA because the trust region radius reaches its lower bound.
Number of function values = 1157   Least value of F = 90.4993897489416
The corresponding X is:
[-0.78539424  1.57090294  1.56952587 -1.56732676  1.56949473]

Prec 0.0
New op index: 16
Current grad: 19.19531554642973
Return from COBYLA because the trust region radius reaches its lower bound.
Number of function values = 161   Least value of F = 42.85205457905269
The corresponding X is:
[-0.78708475  1.57079335  1.57079333 -1.56401458  1.57079275 -1.57080207]

Prec 0.0
New op index: 19
Current grad: 16.25352019312717
Return from COBYLA because the trust region radius reaches its lower bound.
Number of function values = 3394   Least value of F = 36.49877548364809
The corresponding X is:
[-0.78539512  1.57161535  1.57074624 -1.56732624  1.57077819 -4.71159971
 -1.56732795]

Prec 0.0
New op index: 13
Current grad: 14.90241323298911
Return from COBYLA because the trust region radius reaches its lower bound.
Number of function values = 316   Least value of F = 16.736638318177103
The corresponding X is:
[-0.53499627  1.57081538  1.57082837 -1.56557481  1.57079219 -4.7124126
 -1.56995576 -0.95354459]

Prec 0.0
New op index: 10
Current grad: 18.735471204151676
Return from COBYLA because the trust region radius reaches its lower bound.
Number of function values = 5641   Least value of F = -15.999993803298054
The corresponding X is:
[-0.01569564  1.57079357  1.57079971 -1.57080357  1.57079632 -4.71239039
 -1.57078981 -1.55509222 -1.55509499]

Prec 0.0
New op index: 22
Current grad: 11.977779687856302
Adding the same operator twice is not sensible, terminating.
Calculating energies for FreeWilson2D(N_x=2, N_y=2, mass=-3.333, r=1.000)
h: 0.0
Prec 0.0
Prec 0.0
New op index: 10
Current grad: 17.13071501072954
0:	-2.20e-01	-8.71e-02
1:	-6.51e-01	8.34e-01
2:	1.34e-01	-5.52e-01
3:	-3.10e-01	2.94e-01
4:	1.40e+00	1.60e-01
5:	-2.67e-01	-4.35e-01
6:	-2.06e-01	8.87e-02
7:	-4.85e-01	6.06e-01
8:	-5.20e-01	-1.62e-01
9:	-1.21e+00	-8.46e-01
10:	1.47e+00	-5.09e-01
11:	1.27e+00	-9.51e-01
12:	-2.03e-01	-1.71e-01
13:	-3.02e-01	-5.41e-01
14:	-1.55e-01	-1.35e+00
15:	-1.43e-01	-8.08e-01
16:	-1.26e+00	2.41e-01
17:	-5.57e-01	-2.61e-01
18:	2.90e-01	-1.28e+00
19:	1.43e+00	3.92e-01
20:	-7.47e-01	1.36e-01
21:	3.50e-01	-3.57e-01
22:	3.60e-01	-6.58e-01
23:	8.60e-02	4.18e-01
24:	3.31e-01	1.75e-01
25:	-7.10e-02	1.19e+00
26:	-1.92e-01	-2.90e-01
27:	4.68e-01	1.94e-01
28:	-4.18e-01	-5.83e-01
29:	-1.95e-01	4.08e-01
30:	1.42e+00	3.13e-01
Return from COBYLA because the trust region radius reaches its lower bound.
Number of function values = 31   Least value of F = 199.16666666666933
The corresponding X is: [-2.2143]

Prec 0.0
New op index: 16
Current grad: 16.528385690412016
Return from COBYLA because the trust region radius reaches its lower bound.
Number of function values = 52   Least value of F = 148.16419962169695
The corresponding X is: [-1.5806674   1.57079579]

Prec 0.0
New op index: 10
Current grad: 18.32218303295293
Adding the same operator twice is not sensible, terminating.
Calculating energies for FreeWilson2D(N_x=2, N_y=2, mass=-0.667, r=1.000)
h: 0.0
Prec 0.0
Prec 0.0
New op index: 27
Current grad: 15.905702164630132
0:	-6.61e-02	7.14e-01
1:	4.46e-02	9.19e-01
2:	-1.60e-01	-1.68e-01
3:	1.09e-01	9.53e-01
4:	-2.68e-01	1.78e-02
5:	-2.89e-01	8.77e-01
6:	1.26e-01	-4.66e-02
7:	-8.53e-02	6.55e-02
8:	-3.14e-01	1.83e-01
9:	1.56e-01	1.59e+00
10:	-8.68e-01	-7.44e-02
11:	1.22e-01	-8.54e-01
12:	1.37e-01	4.84e-01
13:	-1.24e+00	-6.81e-01
14:	-2.41e-01	-7.45e-01
15:	7.19e-01	4.54e-01
16:	-4.14e-01	1.55e-02
17:	-1.06e+00	1.39e-01
18:	-9.31e-01	6.99e-03
19:	-1.52e-01	1.68e-01
20:	1.55e-02	2.12e-01
21:	-5.88e-02	-9.68e-01
22:	1.27e+00	3.33e-01
23:	-1.34e+00	-4.91e-01
24:	6.98e-01	-7.21e-01
25:	7.81e-01	-2.92e-02
26:	-1.06e+00	-4.58e-01
27:	-1.52e+00	-3.47e-01
28:	-8.76e-01	-8.45e-02
29:	-4.47e-01	-6.71e-01
30:	3.37e-01	-2.03e-01
Return from COBYLA because the trust region radius reaches its lower bound.
Number of function values = 27   Least value of F = 199.8333333333374
The corresponding X is: [0.7854]

Prec 0.0
New op index: 28
Current grad: 15.671322107993785
Return from COBYLA because the trust region radius reaches its lower bound.
Number of function values = 50   Least value of F = 151.39493877588657
The corresponding X is: [ 1.54378293 -0.78183918]

Prec 0.0
New op index: 19
Current grad: 19.501465969728507
Return from COBYLA because the trust region radius reaches its lower bound.
Number of function values = 748   Least value of F = 149.74628618929256
The corresponding X is:
[ 0.540616   -0.94274912  1.5864095 ]

Prec 0.0
New op index: 1
Current grad: 12.584971224441203
Return from COBYLA because the trust region radius reaches its lower bound.
Number of function values = 107   Least value of F = 100.06162167695182
The corresponding X is:
[ 1.54378455 -0.78541243  1.57782205 -1.57078811]

Prec 0.0
New op index: 23
Current grad: 15.217739767026293
Return from COBYLA because the trust region radius reaches its lower bound.
Number of function values = 4952   Least value of F = 99.35328835544307
The corresponding X is:
[ 1.54379382 -0.78185936  1.57771024 -1.57080129  3.13847745]

Prec 0.0
New op index: 26
Current grad: 13.71082769953901
Return from COBYLA because the trust region radius reaches its lower bound.
Number of function values = 2614   Least value of F = 98.22489046195523
The corresponding X is:
[ 0.45220164 -0.98877452  1.5789882  -1.57079596  3.14899302  0.58203185]

Prec 0.0
New op index: 30
Current grad: 17.16633569383007
Return from COBYLA because the trust region radius reaches its lower bound.
Number of function values = 4721   Least value of F = 98.19655931967947
The corresponding X is:
[ 0.45823908 -0.99125576  1.85255902 -1.57079759  3.14160126  0.57980724
  0.13900351]

Prec 0.0
New op index: 30
Current grad: 12.854251989029061
Adding the same operator twice is not sensible, terminating.
Calculating energies for FreeWilson2D(N_x=2, N_y=2, mass=2.000, r=1.000)
h: 0.0
Prec 0.0
Prec 0.0
New op index: 27
Current grad: 30.016243840940145
0:	3.07e-01	1.35e-01
1:	2.38e+00	2.06e-01
2:	-1.26e-01	9.30e-01
3:	-1.24e+00	2.34e-01
4:	-2.00e+00	3.29e-01
5:	6.16e-01	1.36e+00
6:	-1.39e+00	-1.07e-01
7:	1.33e+00	-3.99e-01
8:	-5.90e-01	2.14e-01
9:	4.02e-01	2.19e-01
10:	-2.34e+00	-7.63e-01
11:	2.02e-01	-1.02e+00
12:	2.83e-01	1.15e+00
13:	-1.08e+00	-3.37e-01
14:	-1.01e-01	-8.66e-01
15:	1.88e-01	4.58e-01
16:	7.57e-01	-5.46e-02
17:	5.95e-01	-1.26e-01
18:	-3.80e-01	2.81e-01
19:	-1.78e+00	-6.46e-01
20:	-1.11e-02	1.76e-01
21:	-7.81e-01	9.56e-01
22:	2.11e+00	2.33e-01
23:	4.84e-01	-1.88e-01
24:	6.46e-01	-2.54e-01
25:	-7.94e-01	-2.05e-01
26:	-5.62e-01	-6.27e-01
27:	-3.63e+00	-1.89e-01
28:	-1.44e+00	-4.18e-02
29:	-5.37e-01	-8.67e-01
30:	9.38e-01	4.31e-01
Return from COBYLA because the trust region radius reaches its lower bound.
Number of function values = 27   Least value of F = 198.50000000001307
The corresponding X is: [0.7854]

Prec 0.0
New op index: 22
Current grad: 29.373265375756006
Return from COBYLA because the trust region radius reaches its lower bound.
Number of function values = 52   Least value of F = 146.50000000387897
The corresponding X is: [ 0.78539818 -1.57078411]

Prec 0.0
New op index: 1
Current grad: 24.310477904368177
Return from COBYLA because the trust region radius reaches its lower bound.
Number of function values = 902   Least value of F = 144.50000088681347
The corresponding X is:
[ 0.7854     -1.57058199 -1.56987971]

Prec 0.0
New op index: 13
Current grad: 24.230761644449295
Return from COBYLA because the trust region radius reaches its lower bound.
Number of function values = 161   Least value of F = 124.52970293544828
The corresponding X is:
[ 0.53577545 -1.5708484  -1.57078566  0.95450828]

Prec 0.0
New op index: 19
Current grad: 24.818868223467888
Return from COBYLA because the trust region radius reaches its lower bound.
Number of function values = 508   Least value of F = 91.32669049080891
The corresponding X is:
[ 0.41446887 -1.57807152 -1.57079434  0.97849337  1.57079342]

Prec 0.0
New op index: 16
Current grad: 17.982225182174876
Return from COBYLA because the trust region radius reaches its lower bound.
Number of function values = 272   Least value of F = 70.73676514645435
The corresponding X is:
[ 0.53500307 -1.5710259  -1.57083592  0.95355666  1.57164702 -1.56119053]

Prec 0.0
New op index: 4
Current grad: 19.21945856435002
Return from COBYLA because the trust region radius reaches its lower bound.
Number of function values = 1164   Least value of F = 37.49201314469562
The corresponding X is:
[ 0.39923511 -1.57080952 -1.57810315  1.00511769  1.57348985 -1.56840105
  1.57079855]

Prec 0.0
New op index: 10
Current grad: 16.209055192398086
Return from COBYLA because the trust region radius reaches its lower bound.
Number of function values = 6221   Least value of F = 35.9975551359587
The corresponding X is:
[ 0.01845175 -1.57081978 -1.57569138  1.55216452  1.57082724 -1.56589611
  1.57078896  1.55213654]

Prec 0.0
New op index: 22
Current grad: 11.68038372490048
Adding the same operator twice is not sensible, terminating.
-----Beginning pprint-----
/:
	Attributes:
		ProcessId: 23768245
	2025-10-27_10-13-56-23768245:
		Attributes:
			HamiltonianType: ZeroChargePenalty
			Last-Modified: 2025-10-27_10-13-56
			ProcessId: 23768245
			SimulatorType: Statevector
			SolverName: AdaptVQE
			SystemName: FreeWilson2D
			n_x: 2
			n_y: 2
			r: 1.0
		AdaptOptions:
			Attributes:
				gradient_hamiltonian_type: HamiltonianType.Full
				max_depth: 40
				prec_cutoff: 0.001
				precision: 0.5
		AnsatzOperatorDerivatives: Dataset (dtype=float64, shape=(4, 10, 31), maxshape=(4, None, 31))
			Attributes:
				DIMENSION_LABELS: ['mass' 'AnsatzOperatorAxis' 'AnsatzPoolOperatorAxis']
				NDataDims: 2
		AnsatzOperatorSecondDerivatives: Dataset (dtype=float64, shape=(4, 10, 31), maxshape=(4, None, 31))
			Attributes:
				DIMENSION_LABELS: ['mass' 'AnsatzOperatorAxis' 'AnsatzPoolOperatorAxis']
				NDataDims: 2
		AnsatzOperators: Dataset (dtype=int64, shape=(4, 9), maxshape=(4, None))
			Attributes:
				DIMENSION_LABELS: ['mass' 'AnsatzOperatorAxis']
				NDataDims: 1
		Circuit:
			Attributes:
				Ansatz: HardwareAdaptAnsatz1
			AnsatzOptions:
				Attributes:
					num_qubits: 8
		CircuitParameters: Dataset (dtype=float64, shape=(4, 13220, 9), maxshape=(4, None, None))
			Attributes:
				DIMENSION_LABELS: ['mass' 'IterationAxis' 'CircuitParameterAxis']
				NDataDims: 2
		Data:
			Attributes:
			evs:
				Attributes:
				Hamiltonian: Dataset (dtype=float64, shape=(4, 13220), maxshape=(4, None))
					Attributes:
						DIMENSION_LABELS: ['mass' 'IterationAxis']
						NDataDims: 1
			stds:
				Attributes:
				Hamiltonian: Dataset (dtype=float64, shape=(4, 13220), maxshape=(4, None))
					Attributes:
						DIMENSION_LABELS: ['mass' 'IterationAxis']
						NDataDims: 1
		EstimatorOptions:
			Attributes:
				_VERSION: 2
				default_precision: Unset
				default_shots: Unset
				experimental: Unset
				max_execution_time: Unset
				resilience_level: Unset
				seed_estimator: 23768245
			dynamical_decoupling:
				Attributes:
					enable: Unset
					extra_slack_distribution: Unset
					scheduling_method: Unset
					sequence_type: Unset
					skip_reset_qubits: Unset
			environment:
				Attributes:
					callback: None
					job_tags: None
					log_level: WARNING
					private: False
			execution:
				Attributes:
					init_qubits: Unset
					rep_delay: Unset
			resilience:
				Attributes:
					layer_noise_model: Unset
					measure_mitigation: Unset
					pec_mitigation: Unset
					zne_mitigation: Unset
				layer_noise_learning:
					Attributes:
						layer_pair_depths: Unset
						max_layers_to_learn: Unset
						num_randomizations: Unset
						shots_per_randomization: Unset
				measure_noise_learning:
					Attributes:
						num_randomizations: Unset
						shots_per_randomization: Unset
				pec:
					Attributes:
						max_overhead: Unset
						noise_gain: Unset
				zne:
					Attributes:
						amplifier: Unset
						extrapolated_noise_factors: Unset
						extrapolator: Unset
						noise_factors: Unset
			simulator:
				Attributes:
					basis_gates: Unset
					coupling_map: Unset
					noise_model: Unset
					seed_simulator: Unset
			twirling:
				Attributes:
					enable_gates: Unset
					enable_measure: Unset
					num_randomizations: Unset
					shots_per_randomization: Unset
					strategy: Unset
		MetaData:
			Attributes:
			circuit_metadata: Dataset (dtype=object, shape=(4, 13220), maxshape=(4, None))
				Attributes:
					DIMENSION_LABELS: ['mass' 'IterationAxis']
					NDataDims: 1
			target_precision: Dataset (dtype=float64, shape=(4, 13220), maxshape=(4, None))
				Attributes:
					DIMENSION_LABELS: ['mass' 'IterationAxis']
					NDataDims: 1
			version: Dataset (dtype=int64, shape=(4, 13220), maxshape=(4, None))
				Attributes:
					DIMENSION_LABELS: ['mass' 'IterationAxis']
					NDataDims: 1
		NIterations: Dataset (dtype=int64, shape=(4,), maxshape=(4,))
			Attributes:
				DIMENSION_LABELS: ['mass']
				NDataDims: 0
		OptimizerOptions:
			Attributes:
				bounds: None
				callback: None
				constraints: []
				method: cobyla
				tol: 1e-05
				x0Seed: 23768245
			options:
				Attributes:
					disp: 1
					maxiter: 20000
		PresetPassManagerOptions:
			Attributes:
		SimulatorOptions:
			Attributes:
		StartIterations: Dataset (dtype=int64, shape=(4, 9), maxshape=(4, None))
			Attributes:
				DIMENSION_LABELS: ['mass' 'AnsatzOperatorAxis']
				NDataDims: 1
		VersionInfo:
			Attributes:
				QiskitAerVersion: 0.17.1
				QiskitIBMRuntimeVersion: 0.41.1
				QiskitVersion: 2.1.2
		mass: Dataset (dtype=float64, shape=(4,), maxshape=(4,))
			Attributes:
-----Ending pprint-----
End 2025-10-27 10:17:22 | 23768245 MyPyJob | node002 | /home/s6nidich_hpc/PycharmProjects/QC-MasterThesis 

