Start 2025-11-20 17:06:38 | 23963697 MyPyJob | lmnode200 | /home/s6nidich_hpc/PycharmProjects/QC-MasterThesis 

Used python interpreter:
/home/s6nidich_hpc/PycharmProjects/QC-MasterThesis/.venv_intel_3_12_3/bin/python
Python version:
Python 3.12.3

Currently Loaded Modules:
  1) GCCcore/13.3.0                   7) Tcl/8.6.14-GCCcore-13.3.0
  2) zlib/1.3.1-GCCcore-13.3.0        8) SQLite/3.45.3-GCCcore-13.3.0
  3) binutils/2.42-GCCcore-13.3.0     9) XZ/5.4.5-GCCcore-13.3.0
  4) bzip2/1.0.8-GCCcore-13.3.0      10) libffi/3.4.5-GCCcore-13.3.0
  5) ncurses/6.5-GCCcore-13.3.0      11) OpenSSL/3
  6) libreadline/8.2-GCCcore-13.3.0  12) Python/3.12.3-GCCcore-13.3.0

 

Start of Program:

-----Beginning pprint-----
/:
	Attributes:
-----Ending pprint-----
Calculating energies for FreeWilson2D(N_x=2, N_y=2, mass=-6.000, r=1.000)
h_im: 0.0
New op index: 27	$R_{YX-XY}$[1, 2]
Current grad: 45.99999999999997
0:	0.00e+00	0.00e+00
1:	-2.00e+00	0.00e+00
2:	0.00e+00	0.00e+00
3:	0.00e+00	0.00e+00
4:	2.50e+00	0.00e+00
5:	0.00e+00	0.00e+00
6:	0.00e+00	0.00e+00
7:	-2.50e+00	0.00e+00
8:	0.00e+00	0.00e+00
9:	0.00e+00	0.00e+00
10:	2.00e+00	-5.00e-01
11:	0.00e+00	-5.00e-01
12:	0.00e+00	0.00e+00
13:	2.00e+00	-5.00e-01
14:	0.00e+00	-5.00e-01
15:	0.00e+00	2.12e-15
16:	-2.50e+00	2.10e-15
17:	0.00e+00	1.39e-17
18:	0.00e+00	2.08e-15
19:	2.50e+00	2.09e-15
20:	0.00e+00	6.94e-18
21:	0.00e+00	2.12e-15
22:	-2.00e+00	2.09e-15
23:	0.00e+00	1.39e-17
24:	0.00e+00	0.00e+00
25:	-4.50e+00	0.00e+00
26:	0.00e+00	0.00e+00
27:	5.00e+00	0.00e+00
28:	0.00e+00	-5.00e-01
29:	-4.50e+00	-5.00e-01
30:	0.00e+00	6.94e-18
31:	0.00e+00	-2.00e+00
32:	0.00e+00	-5.00e-01
33:	4.50e+00	-5.00e-01
34:	0.00e+00	2.08e-17
35:	-5.00e+00	2.08e-17
36:	0.00e+00	2.08e-17
37:	4.50e+00	2.08e-17
New op index: 4	$R_Y$[1]
Current grad: 111.24430652331928
New op index: 27	$R_{YX-XY}$[1, 2]
Current grad: 38.59221917333683
New op index: 35	$R_{YX-XY}$[5, 6]
Current grad: 27.925413734386012
New op index: 16	$R_Y$[5]
Current grad: 93.16916421535005
New op index: 35	$R_{YX-XY}$[5, 6]
Current grad: 20.51739805996559
New op index: 1	$R_Y$[0]
Current grad: 9.850825591366727
New op index: 10	$R_Y$[3]
Current grad: 148.4225437297708
New op index: 13	$R_Y$[4]
Current grad: 5.925439421165967
New op index: 22	$R_Y$[7]
Current grad: 52.00129105763844
New op index: 7	$R_Y$[2]
Current grad: 2.2419120052626223e-05
Precision cutoff reached.
Calculating energies for FreeWilson2D(N_x=2, N_y=2, mass=-5.837, r=1.000)
h_im: 0.0
New op index: 27	$R_{YX-XY}$[1, 2]
Current grad: 44.36734693877547
0:	0.00e+00	0.00e+00
1:	-1.92e+00	0.00e+00
2:	0.00e+00	0.00e+00
3:	0.00e+00	0.00e+00
4:	2.42e+00	0.00e+00
5:	0.00e+00	0.00e+00
6:	0.00e+00	0.00e+00
7:	-2.42e+00	0.00e+00
8:	0.00e+00	0.00e+00
9:	0.00e+00	0.00e+00
10:	1.92e+00	-5.00e-01
11:	0.00e+00	-5.00e-01
12:	0.00e+00	0.00e+00
13:	1.92e+00	-5.00e-01
14:	0.00e+00	-5.00e-01
15:	0.00e+00	2.12e-15
16:	-2.42e+00	2.09e-15
17:	0.00e+00	1.39e-17
18:	0.00e+00	2.08e-15
19:	2.42e+00	2.09e-15
20:	0.00e+00	6.94e-18
21:	0.00e+00	2.12e-15
22:	-1.92e+00	2.09e-15
23:	0.00e+00	1.39e-17
24:	0.00e+00	0.00e+00
25:	-4.34e+00	0.00e+00
26:	0.00e+00	0.00e+00
27:	4.84e+00	0.00e+00
28:	0.00e+00	-5.00e-01
29:	-4.34e+00	-5.00e-01
30:	0.00e+00	6.94e-18
31:	0.00e+00	-2.00e+00
32:	0.00e+00	-5.00e-01
33:	4.34e+00	-5.00e-01
34:	0.00e+00	2.08e-17
35:	-4.84e+00	2.08e-17
36:	0.00e+00	2.08e-17
37:	4.34e+00	2.08e-17
New op index: 4	$R_Y$[1]
Current grad: 110.11520803528651
New op index: 27	$R_{YX-XY}$[1, 2]
Current grad: 37.240916992698764
New op index: 35	$R_{YX-XY}$[5, 6]
Current grad: 26.948942068529437
New op index: 16	$R_Y$[5]
Current grad: 92.69640978302868
New op index: 35	$R_{YX-XY}$[5, 6]
Current grad: 19.82230071122398
New op index: 10	$R_Y$[3]
Current grad: 9.530582641214103
New op index: 22	$R_Y$[7]
Current grad: 148.18226275301183
New op index: 13	$R_Y$[4]
Current grad: 4.855366753630015
New op index: 1	$R_Y$[0]
Current grad: 51.91962415950643
New op index: 10	$R_Y$[3]
Current grad: 7.720713754709212e-05
Precision cutoff reached.
Calculating energies for FreeWilson2D(N_x=2, N_y=2, mass=-5.673, r=1.000)
h_im: 0.0
New op index: 27	$R_{YX-XY}$[1, 2]
Current grad: 42.73469387755098
0:	0.00e+00	0.00e+00
1:	-1.84e+00	0.00e+00
2:	0.00e+00	0.00e+00
3:	0.00e+00	0.00e+00
4:	2.34e+00	0.00e+00
5:	0.00e+00	0.00e+00
6:	0.00e+00	0.00e+00
7:	-2.34e+00	0.00e+00
8:	0.00e+00	0.00e+00
9:	0.00e+00	0.00e+00
10:	1.84e+00	-5.00e-01
11:	0.00e+00	-5.00e-01
12:	0.00e+00	0.00e+00
13:	1.84e+00	-5.00e-01
14:	0.00e+00	-5.00e-01
15:	0.00e+00	2.12e-15
16:	-2.34e+00	2.09e-15
17:	0.00e+00	1.39e-17
18:	0.00e+00	2.08e-15
19:	2.34e+00	2.09e-15
20:	0.00e+00	6.94e-18
21:	0.00e+00	2.12e-15
22:	-1.84e+00	2.09e-15
23:	0.00e+00	1.39e-17
24:	0.00e+00	0.00e+00
25:	-4.17e+00	0.00e+00
26:	0.00e+00	0.00e+00
27:	4.67e+00	0.00e+00
28:	0.00e+00	-5.00e-01
29:	-4.17e+00	-5.00e-01
30:	0.00e+00	6.94e-18
31:	0.00e+00	-2.00e+00
32:	0.00e+00	-5.00e-01
33:	4.17e+00	-5.00e-01
34:	0.00e+00	2.08e-17
35:	-4.67e+00	2.08e-17
36:	0.00e+00	2.08e-17
37:	4.17e+00	2.08e-17
New op index: 4	$R_Y$[1]
Current grad: 109.00119212489982
New op index: 27	$R_{YX-XY}$[1, 2]
Current grad: 35.89118031222255
New op index: 35	$R_{YX-XY}$[5, 6]
Current grad: 25.972524031136707
New op index: 19	$R_Y$[6]
Current grad: 92.23873183511667
New op index: 35	$R_{YX-XY}$[5, 6]
Current grad: 19.128792186662565
New op index: 10	$R_Y$[3]
Current grad: 9.210303576131702
New op index: 22	$R_Y$[7]
Current grad: 147.8932233576993
New op index: 13	$R_Y$[4]
Current grad: 4.692137350664149
New op index: 1	$R_Y$[0]
Current grad: 51.837995989747725
New op index: 35	$R_{YX-XY}$[5, 6]
Current grad: 0.00036396404769516177
Adding the same operator twice is not sensible, terminating.
Calculating energies for FreeWilson2D(N_x=2, N_y=2, mass=-5.510, r=1.000)
h_im: 0.0
New op index: 27	$R_{YX-XY}$[1, 2]
Current grad: 41.10204081632649
0:	0.00e+00	0.00e+00
1:	-1.76e+00	0.00e+00
2:	0.00e+00	0.00e+00
3:	0.00e+00	0.00e+00
4:	2.26e+00	0.00e+00
5:	0.00e+00	0.00e+00
6:	0.00e+00	0.00e+00
7:	-2.26e+00	0.00e+00
8:	0.00e+00	0.00e+00
9:	0.00e+00	0.00e+00
10:	1.76e+00	-5.00e-01
11:	0.00e+00	-5.00e-01
12:	0.00e+00	0.00e+00
13:	1.76e+00	-5.00e-01
14:	0.00e+00	-5.00e-01
15:	0.00e+00	2.12e-15
16:	-2.26e+00	2.09e-15
17:	0.00e+00	1.39e-17
18:	0.00e+00	2.08e-15
19:	2.26e+00	2.09e-15
20:	0.00e+00	6.94e-18
21:	0.00e+00	2.11e-15
22:	-1.76e+00	2.09e-15
23:	0.00e+00	1.39e-17
24:	0.00e+00	0.00e+00
25:	-4.01e+00	0.00e+00
26:	0.00e+00	0.00e+00
27:	4.51e+00	0.00e+00
28:	0.00e+00	-5.00e-01
29:	-4.01e+00	-5.00e-01
30:	0.00e+00	6.94e-18
31:	0.00e+00	-2.00e+00
32:	0.00e+00	-5.00e-01
33:	4.01e+00	-5.00e-01
34:	0.00e+00	2.08e-17
35:	-4.51e+00	2.08e-17
36:	0.00e+00	2.08e-17
37:	4.01e+00	2.08e-17
New op index: 4	$R_Y$[1]
Current grad: 107.90442146090402
New op index: 27	$R_{YX-XY}$[1, 2]
Current grad: 34.54309834340623
New op index: 35	$R_{YX-XY}$[5, 6]
Current grad: 24.996095978589025
New op index: 19	$R_Y$[6]
Current grad: 91.79805024853272
New op index: 35	$R_{YX-XY}$[5, 6]
Current grad: 18.43690911480507
New op index: 1	$R_Y$[0]
Current grad: 8.890130842567755
New op index: 10	$R_Y$[3]
Current grad: 146.87080568678988
New op index: 13	$R_Y$[4]
Current grad: 5.445075595069825
New op index: 22	$R_Y$[7]
Current grad: 51.75650638006768
New op index: 13	$R_Y$[4]
Current grad: 3.456226109469792e-05
Precision cutoff reached.
Calculating energies for FreeWilson2D(N_x=2, N_y=2, mass=-5.347, r=1.000)
h_im: 0.0
New op index: 27	$R_{YX-XY}$[1, 2]
Current grad: 39.469387755102005
0:	0.00e+00	0.00e+00
1:	-1.67e+00	0.00e+00
2:	0.00e+00	0.00e+00
3:	0.00e+00	0.00e+00
4:	2.17e+00	0.00e+00
5:	0.00e+00	0.00e+00
6:	0.00e+00	0.00e+00
7:	-2.17e+00	0.00e+00
8:	0.00e+00	0.00e+00
9:	0.00e+00	0.00e+00
10:	1.67e+00	-5.00e-01
11:	0.00e+00	-5.00e-01
12:	0.00e+00	0.00e+00
13:	1.67e+00	-5.00e-01
14:	0.00e+00	-5.00e-01
15:	0.00e+00	2.12e-15
16:	-2.17e+00	2.09e-15
17:	0.00e+00	1.39e-17
18:	0.00e+00	2.08e-15
19:	2.17e+00	2.09e-15
20:	0.00e+00	6.94e-18
21:	0.00e+00	2.11e-15
22:	-1.67e+00	2.09e-15
23:	0.00e+00	1.39e-17
24:	0.00e+00	0.00e+00
25:	-3.85e+00	0.00e+00
26:	0.00e+00	0.00e+00
27:	4.35e+00	0.00e+00
28:	0.00e+00	-5.00e-01
29:	-3.85e+00	-5.00e-01
30:	0.00e+00	6.94e-18
31:	0.00e+00	-2.00e+00
32:	0.00e+00	-5.00e-01
33:	3.85e+00	-5.00e-01
34:	0.00e+00	2.08e-17
35:	-4.35e+00	2.08e-17
36:	0.00e+00	2.08e-17
37:	3.85e+00	2.08e-17
New op index: 4	$R_Y$[1]
Current grad: 106.82660430343802
New op index: 27	$R_{YX-XY}$[1, 2]
Current grad: 33.19660933691188
New op index: 35	$R_{YX-XY}$[5, 6]
Current grad: 24.019750544086886
New op index: 19	$R_Y$[6]
Current grad: 91.3765910510585
New op index: 35	$R_{YX-XY}$[5, 6]
Current grad: 17.74669521254092
New op index: 22	$R_Y$[7]
Current grad: 8.57007014649997
New op index: 10	$R_Y$[3]
Current grad: 146.22828793416429
New op index: 13	$R_Y$[4]
Current grad: 4.365734431670006
New op index: 1	$R_Y$[0]
Current grad: 51.67470870509775
New op index: 13	$R_Y$[4]
Current grad: 0.00012518450395769605
Adding the same operator twice is not sensible, terminating.
Calculating energies for FreeWilson2D(N_x=2, N_y=2, mass=-5.184, r=1.000)
h_im: 0.0
New op index: 27	$R_{YX-XY}$[1, 2]
Current grad: 37.83673469387752
0:	0.00e+00	0.00e+00
1:	-1.59e+00	0.00e+00
2:	0.00e+00	0.00e+00
3:	0.00e+00	0.00e+00
4:	2.09e+00	0.00e+00
5:	0.00e+00	0.00e+00
6:	0.00e+00	0.00e+00
7:	-2.09e+00	0.00e+00
8:	0.00e+00	0.00e+00
9:	0.00e+00	0.00e+00
10:	1.59e+00	-5.00e-01
11:	0.00e+00	-5.00e-01
12:	0.00e+00	0.00e+00
13:	1.59e+00	-5.00e-01
14:	0.00e+00	-5.00e-01
15:	0.00e+00	2.12e-15
16:	-2.09e+00	2.09e-15
17:	0.00e+00	1.39e-17
18:	0.00e+00	2.08e-15
19:	2.09e+00	2.09e-15
20:	0.00e+00	6.94e-18
21:	0.00e+00	2.11e-15
22:	-1.59e+00	2.09e-15
23:	0.00e+00	1.39e-17
24:	0.00e+00	0.00e+00
25:	-3.68e+00	0.00e+00
26:	0.00e+00	0.00e+00
27:	4.18e+00	0.00e+00
28:	0.00e+00	-5.00e-01
29:	-3.68e+00	-5.00e-01
30:	0.00e+00	6.94e-18
31:	0.00e+00	-2.00e+00
32:	0.00e+00	-5.00e-01
33:	3.68e+00	-5.00e-01
34:	0.00e+00	2.08e-17
35:	-4.18e+00	2.08e-17
36:	0.00e+00	2.08e-17
37:	3.68e+00	2.08e-17
New op index: 7	$R_Y$[2]
Current grad: 105.77030506840765
New op index: 27	$R_{YX-XY}$[1, 2]
Current grad: 31.851825488586424
New op index: 35	$R_{YX-XY}$[5, 6]
Current grad: 23.043319365646866
New op index: 16	$R_Y$[5]
Current grad: 90.97662992600056
New op index: 35	$R_{YX-XY}$[5, 6]
Current grad: 17.058154278522153
New op index: 10	$R_Y$[3]
Current grad: 8.249866981822855
New op index: 1	$R_Y$[0]
Current grad: 146.99683414571948
New op index: 13	$R_Y$[4]
Current grad: 5.125212761993419
New op index: 22	$R_Y$[7]
Current grad: 51.593150758164214
New op index: 10	$R_Y$[3]
Current grad: 0.000283795443472281
Adding the same operator twice is not sensible, terminating.
Calculating energies for FreeWilson2D(N_x=2, N_y=2, mass=-5.020, r=1.000)
h_im: 0.0
New op index: 27	$R_{YX-XY}$[1, 2]
Current grad: 36.20408163265302
0:	0.00e+00	0.00e+00
1:	-1.51e+00	0.00e+00
2:	0.00e+00	0.00e+00
3:	0.00e+00	0.00e+00
4:	2.01e+00	0.00e+00
5:	0.00e+00	0.00e+00
6:	0.00e+00	0.00e+00
7:	-2.01e+00	0.00e+00
8:	0.00e+00	0.00e+00
9:	0.00e+00	0.00e+00
10:	1.51e+00	-5.00e-01
11:	0.00e+00	-5.00e-01
12:	0.00e+00	0.00e+00
13:	1.51e+00	-5.00e-01
14:	0.00e+00	-5.00e-01
15:	0.00e+00	2.12e-15
16:	-2.01e+00	2.09e-15
17:	0.00e+00	1.39e-17
18:	0.00e+00	2.09e-15
19:	2.01e+00	2.09e-15
20:	0.00e+00	6.94e-18
21:	0.00e+00	2.11e-15
22:	-1.51e+00	2.09e-15
23:	0.00e+00	1.39e-17
24:	0.00e+00	0.00e+00
25:	-3.52e+00	0.00e+00
26:	0.00e+00	0.00e+00
27:	4.02e+00	0.00e+00
28:	0.00e+00	-5.00e-01
29:	-3.52e+00	-5.00e-01
30:	0.00e+00	6.94e-18
31:	0.00e+00	-2.00e+00
32:	0.00e+00	-5.00e-01
33:	3.52e+00	-5.00e-01
34:	0.00e+00	2.08e-17
35:	-4.02e+00	2.08e-17
36:	0.00e+00	2.08e-17
37:	3.52e+00	2.08e-17
New op index: 7	$R_Y$[2]
Current grad: 104.73845219307164
New op index: 27	$R_{YX-XY}$[1, 2]
Current grad: 30.508741539347078
New op index: 35	$R_{YX-XY}$[5, 6]
Current grad: 22.066962422606846
New op index: 19	$R_Y$[6]
Current grad: 90.6010703278546
New op index: 35	$R_{YX-XY}$[5, 6]
Current grad: 16.37136459321154
New op index: 1	$R_Y$[0]
Current grad: 7.929836364651108
New op index: 10	$R_Y$[3]
Current grad: 144.67610142076992
New op index: 13	$R_Y$[4]
Current grad: 4.965032889117915
New op index: 22	$R_Y$[7]
Current grad: 51.51146744597008
New op index: 10	$R_Y$[3]
Current grad: 6.824478285001176e-05
Precision cutoff reached.
Calculating energies for FreeWilson2D(N_x=2, N_y=2, mass=-4.857, r=1.000)
h_im: 0.0
New op index: 27	$R_{YX-XY}$[1, 2]
Current grad: 34.57142857142855
0:	0.00e+00	0.00e+00
1:	-1.43e+00	0.00e+00
2:	0.00e+00	0.00e+00
3:	0.00e+00	0.00e+00
4:	1.93e+00	0.00e+00
5:	0.00e+00	0.00e+00
6:	0.00e+00	0.00e+00
7:	-1.93e+00	0.00e+00
8:	0.00e+00	0.00e+00
9:	0.00e+00	0.00e+00
10:	1.43e+00	-5.00e-01
11:	0.00e+00	-5.00e-01
12:	0.00e+00	0.00e+00
13:	1.43e+00	-5.00e-01
14:	0.00e+00	-5.00e-01
15:	0.00e+00	2.12e-15
16:	-1.93e+00	2.09e-15
17:	0.00e+00	1.39e-17
18:	0.00e+00	2.09e-15
19:	1.93e+00	2.09e-15
20:	0.00e+00	6.94e-18
21:	0.00e+00	2.11e-15
22:	-1.43e+00	2.08e-15
23:	0.00e+00	1.39e-17
24:	0.00e+00	0.00e+00
25:	-3.36e+00	0.00e+00
26:	0.00e+00	0.00e+00
27:	3.86e+00	0.00e+00
28:	0.00e+00	-5.00e-01
29:	-3.36e+00	-5.00e-01
30:	0.00e+00	6.94e-18
31:	0.00e+00	-2.00e+00
32:	0.00e+00	-5.00e-01
33:	3.36e+00	-5.00e-01
34:	0.00e+00	2.08e-17
35:	-3.86e+00	2.08e-17
36:	0.00e+00	2.08e-17
37:	3.36e+00	2.08e-17
New op index: 4	$R_Y$[1]
Current grad: 103.73472180958052
New op index: 27	$R_{YX-XY}$[1, 2]
Current grad: 29.167324987000786
New op index: 35	$R_{YX-XY}$[5, 6]
Current grad: 21.09069582254723
New op index: 19	$R_Y$[6]
Current grad: 90.2536731018953
New op index: 35	$R_{YX-XY}$[5, 6]
Current grad: 15.68631506326489
New op index: 1	$R_Y$[0]
Current grad: 7.609908634371324
New op index: 10	$R_Y$[3]
Current grad: 143.7284913524828
New op index: 13	$R_Y$[4]
Current grad: 4.804957391970914
New op index: 22	$R_Y$[7]
Current grad: 51.42995305667933
New op index: 27	$R_{YX-XY}$[1, 2]
Current grad: 8.357967482752781e-05
Precision cutoff reached.
Calculating energies for FreeWilson2D(N_x=2, N_y=2, mass=-4.694, r=1.000)
h_im: 0.0
New op index: 27	$R_{YX-XY}$[1, 2]
Current grad: 32.93877551020406
0:	0.00e+00	0.00e+00
1:	-1.35e+00	0.00e+00
2:	0.00e+00	0.00e+00
3:	0.00e+00	0.00e+00
4:	1.85e+00	0.00e+00
5:	0.00e+00	0.00e+00
6:	0.00e+00	0.00e+00
7:	-1.85e+00	0.00e+00
8:	0.00e+00	0.00e+00
9:	0.00e+00	0.00e+00
10:	1.35e+00	-5.00e-01
11:	0.00e+00	-5.00e-01
12:	0.00e+00	0.00e+00
13:	1.35e+00	-5.00e-01
14:	0.00e+00	-5.00e-01
15:	0.00e+00	2.12e-15
16:	-1.85e+00	2.09e-15
17:	0.00e+00	1.39e-17
18:	0.00e+00	2.09e-15
19:	1.85e+00	2.09e-15
20:	0.00e+00	6.94e-18
21:	0.00e+00	2.11e-15
22:	-1.35e+00	2.08e-15
23:	0.00e+00	1.39e-17
24:	0.00e+00	0.00e+00
25:	-3.19e+00	0.00e+00
26:	0.00e+00	0.00e+00
27:	3.69e+00	0.00e+00
28:	0.00e+00	-5.00e-01
29:	-3.19e+00	-5.00e-01
30:	0.00e+00	6.94e-18
31:	0.00e+00	-2.00e+00
32:	0.00e+00	-5.00e-01
33:	3.19e+00	-5.00e-01
34:	0.00e+00	2.08e-17
35:	-3.69e+00	2.08e-17
36:	0.00e+00	2.08e-17
37:	3.19e+00	2.08e-17
New op index: 4	$R_Y$[1]
Current grad: 102.7624092461635
New op index: 27	$R_{YX-XY}$[1, 2]
Current grad: 27.82769759682888
New op index: 35	$R_{YX-XY}$[5, 6]
Current grad: 20.114377663638997
New op index: 19	$R_Y$[6]
Current grad: 89.93808745812034
New op index: 35	$R_{YX-XY}$[5, 6]
Current grad: 15.003036762008797
New op index: 10	$R_Y$[3]
Current grad: 7.290021276430174
New op index: 1	$R_Y$[0]
Current grad: 146.0037439803595
New op index: 13	$R_Y$[4]
Current grad: 4.6449809754762725
New op index: 22	$R_Y$[7]
Current grad: 51.34838149902782
New op index: 22	$R_Y$[7]
Current grad: 0.0011754889871931423
Adding the same operator twice is not sensible, terminating.
Calculating energies for FreeWilson2D(N_x=2, N_y=2, mass=-4.531, r=1.000)
h_im: 0.0
New op index: 27	$R_{YX-XY}$[1, 2]
Current grad: 31.306122448979565
0:	0.00e+00	0.00e+00
1:	-1.27e+00	0.00e+00
2:	0.00e+00	0.00e+00
3:	0.00e+00	0.00e+00
4:	1.77e+00	0.00e+00
5:	0.00e+00	0.00e+00
6:	0.00e+00	0.00e+00
7:	-1.77e+00	0.00e+00
8:	0.00e+00	0.00e+00
9:	0.00e+00	0.00e+00
10:	1.27e+00	-5.00e-01
11:	0.00e+00	-5.00e-01
12:	0.00e+00	0.00e+00
13:	1.27e+00	-5.00e-01
14:	0.00e+00	-5.00e-01
15:	0.00e+00	2.12e-15
16:	-1.77e+00	2.09e-15
17:	0.00e+00	1.39e-17
18:	0.00e+00	2.09e-15
19:	1.77e+00	2.09e-15
20:	0.00e+00	6.94e-18
21:	0.00e+00	2.11e-15
22:	-1.27e+00	2.08e-15
23:	0.00e+00	1.39e-17
24:	0.00e+00	0.00e+00
25:	-3.03e+00	0.00e+00
26:	0.00e+00	0.00e+00
27:	3.53e+00	0.00e+00
28:	0.00e+00	-5.00e-01
29:	-3.03e+00	-5.00e-01
30:	0.00e+00	6.94e-18
31:	0.00e+00	-2.00e+00
32:	0.00e+00	-5.00e-01
33:	3.03e+00	-5.00e-01
34:	0.00e+00	2.08e-17
35:	-3.53e+00	2.08e-17
36:	0.00e+00	2.08e-17
37:	3.03e+00	2.08e-17
New op index: 7	$R_Y$[2]
Current grad: 101.82803483436423
New op index: 27	$R_{YX-XY}$[1, 2]
Current grad: 26.489876208338536
New op index: 35	$R_{YX-XY}$[5, 6]
Current grad: 19.138102175044782
New op index: 19	$R_Y$[6]
Current grad: 89.65982188202588
New op index: 35	$R_{YX-XY}$[5, 6]
Current grad: 14.321627412606746
New op index: 22	$R_Y$[7]
Current grad: 6.9700529999981
New op index: 10	$R_Y$[3]
Current grad: 141.35119383752507
New op index: 13	$R_Y$[4]
Current grad: 3.5496988691152747
New op index: 1	$R_Y$[0]
Current grad: 51.2667190437547
New op index: 19	$R_Y$[6]
Current grad: 0.00012847465140061778
Parameter value cutoff reached.
Calculating energies for FreeWilson2D(N_x=2, N_y=2, mass=-4.367, r=1.000)
h_im: 0.0
New op index: 27	$R_{YX-XY}$[1, 2]
Current grad: 29.673469387755077
0:	0.00e+00	0.00e+00
1:	-1.18e+00	0.00e+00
2:	0.00e+00	0.00e+00
3:	0.00e+00	0.00e+00
4:	1.68e+00	0.00e+00
5:	0.00e+00	0.00e+00
6:	0.00e+00	0.00e+00
7:	-1.68e+00	0.00e+00
8:	0.00e+00	0.00e+00
9:	0.00e+00	0.00e+00
10:	1.18e+00	-5.00e-01
11:	0.00e+00	-5.00e-01
12:	0.00e+00	0.00e+00
13:	1.18e+00	-5.00e-01
14:	0.00e+00	-5.00e-01
15:	0.00e+00	2.12e-15
16:	-1.68e+00	2.09e-15
17:	0.00e+00	1.39e-17
18:	0.00e+00	2.09e-15
19:	1.68e+00	2.09e-15
20:	0.00e+00	6.94e-18
21:	0.00e+00	2.11e-15
22:	-1.18e+00	2.08e-15
23:	0.00e+00	1.39e-17
24:	0.00e+00	0.00e+00
25:	-2.87e+00	0.00e+00
26:	0.00e+00	0.00e+00
27:	3.37e+00	0.00e+00
28:	0.00e+00	-5.00e-01
29:	-2.87e+00	-5.00e-01
30:	0.00e+00	6.94e-18
31:	0.00e+00	-2.00e+00
32:	0.00e+00	-5.00e-01
33:	2.87e+00	-5.00e-01
34:	0.00e+00	2.08e-17
35:	-3.37e+00	2.08e-17
36:	0.00e+00	2.08e-17
37:	2.87e+00	2.08e-17
New op index: 4	$R_Y$[1]
Current grad: 100.93630021488865
New op index: 27	$R_{YX-XY}$[1, 2]
Current grad: 25.15377251053614
New op index: 35	$R_{YX-XY}$[5, 6]
Current grad: 18.16189661060093
New op index: 19	$R_Y$[6]
Current grad: 89.42447023682855
New op index: 35	$R_{YX-XY}$[5, 6]
Current grad: 13.642033976618926
New op index: 10	$R_Y$[3]
Current grad: 6.650281520618649
New op index: 1	$R_Y$[0]
Current grad: 145.2336116608176
New op index: 13	$R_Y$[4]
Current grad: 4.325211413677604
New op index: 22	$R_Y$[7]
Current grad: 51.18495423508342
New op index: 16	$R_Y$[5]
Current grad: 3.164672235013502e-05
Precision cutoff reached.
Calculating energies for FreeWilson2D(N_x=2, N_y=2, mass=-4.204, r=1.000)
h_im: 0.0
New op index: 27	$R_{YX-XY}$[1, 2]
Current grad: 28.04081632653058
0:	0.00e+00	0.00e+00
1:	-1.10e+00	0.00e+00
2:	0.00e+00	0.00e+00
3:	0.00e+00	0.00e+00
4:	1.60e+00	0.00e+00
5:	0.00e+00	0.00e+00
6:	0.00e+00	0.00e+00
7:	-1.60e+00	0.00e+00
8:	0.00e+00	0.00e+00
9:	0.00e+00	0.00e+00
10:	1.10e+00	-5.00e-01
11:	0.00e+00	-5.00e-01
12:	0.00e+00	0.00e+00
13:	1.10e+00	-5.00e-01
14:	0.00e+00	-5.00e-01
15:	0.00e+00	2.12e-15
16:	-1.60e+00	2.09e-15
17:	0.00e+00	1.39e-17
18:	0.00e+00	2.09e-15
19:	1.60e+00	2.09e-15
20:	0.00e+00	6.94e-18
21:	0.00e+00	2.11e-15
22:	-1.10e+00	2.08e-15
23:	0.00e+00	1.39e-17
24:	0.00e+00	0.00e+00
25:	-2.70e+00	0.00e+00
26:	0.00e+00	0.00e+00
27:	3.20e+00	0.00e+00
28:	0.00e+00	-5.00e-01
29:	-2.70e+00	-5.00e-01
30:	0.00e+00	6.94e-18
31:	0.00e+00	-2.00e+00
32:	0.00e+00	-5.00e-01
33:	2.70e+00	-5.00e-01
34:	0.00e+00	2.08e-17
35:	-3.20e+00	2.08e-17
36:	0.00e+00	2.08e-17
37:	2.70e+00	2.08e-17
New op index: 4	$R_Y$[1]
Current grad: 100.09466625726891
New op index: 27	$R_{YX-XY}$[1, 2]
Current grad: 23.819430157279147
New op index: 35	$R_{YX-XY}$[5, 6]
Current grad: 17.18573892229632
New op index: 16	$R_Y$[5]
Current grad: 89.24007609243836
New op index: 35	$R_{YX-XY}$[5, 6]
Current grad: 12.964336225415188
New op index: 10	$R_Y$[3]
Current grad: 6.330698258198969
New op index: 1	$R_Y$[0]
Current grad: 144.27218332364447
New op index: 13	$R_Y$[4]
Current grad: 4.165334995605816
New op index: 22	$R_Y$[7]
Current grad: 51.10338469347184
New op index: 27	$R_{YX-XY}$[1, 2]
Current grad: 4.737582967166937e-05
Precision cutoff reached.
Calculating energies for FreeWilson2D(N_x=2, N_y=2, mass=-4.041, r=1.000)
h_im: 0.0
New op index: 27	$R_{YX-XY}$[1, 2]
Current grad: 26.408163265306097
0:	0.00e+00	0.00e+00
1:	-1.02e+00	0.00e+00
2:	0.00e+00	0.00e+00
3:	0.00e+00	0.00e+00
4:	1.52e+00	0.00e+00
5:	0.00e+00	0.00e+00
6:	0.00e+00	0.00e+00
7:	-1.52e+00	0.00e+00
8:	0.00e+00	0.00e+00
9:	0.00e+00	0.00e+00
10:	1.02e+00	-5.00e-01
11:	0.00e+00	-5.00e-01
12:	0.00e+00	0.00e+00
13:	1.02e+00	-5.00e-01
14:	0.00e+00	-5.00e-01
15:	0.00e+00	2.12e-15
16:	-1.52e+00	2.09e-15
17:	0.00e+00	1.39e-17
18:	0.00e+00	2.09e-15
19:	1.52e+00	2.10e-15
20:	0.00e+00	6.94e-18
21:	0.00e+00	2.11e-15
22:	-1.02e+00	2.08e-15
23:	0.00e+00	1.39e-17
24:	0.00e+00	0.00e+00
25:	-2.54e+00	0.00e+00
26:	0.00e+00	0.00e+00
27:	3.04e+00	0.00e+00
28:	0.00e+00	-5.00e-01
29:	-2.54e+00	-5.00e-01
30:	0.00e+00	6.94e-18
31:	0.00e+00	-2.00e+00
32:	0.00e+00	-5.00e-01
33:	2.54e+00	-5.00e-01
34:	0.00e+00	2.08e-17
35:	-3.04e+00	2.08e-17
36:	0.00e+00	2.08e-17
37:	2.54e+00	2.08e-17
New op index: 4	$R_Y$[1]
Current grad: 99.31323059389354
New op index: 27	$R_{YX-XY}$[1, 2]
Current grad: 22.487098230744508
New op index: 35	$R_{YX-XY}$[5, 6]
Current grad: 16.20995208588305
New op index: 16	$R_Y$[5]
Current grad: 89.11495915263946
New op index: 35	$R_{YX-XY}$[5, 6]
Current grad: 12.288584307256237
New op index: 10	$R_Y$[3]
Current grad: 6.011382675180441
New op index: 22	$R_Y$[7]
Current grad: 142.50124426604788
New op index: 13	$R_Y$[4]
Current grad: 3.0601113856145417
New op index: 1	$R_Y$[0]
Current grad: 51.022042348145774
New op index: 1	$R_Y$[0]
Current grad: 2.7972250826064402e-05
Precision cutoff reached.
Calculating energies for FreeWilson2D(N_x=2, N_y=2, mass=-3.878, r=1.000)
h_im: 0.0
New op index: 27	$R_{YX-XY}$[1, 2]
Current grad: 24.775510204081613
0:	0.00e+00	0.00e+00
1:	-9.39e-01	0.00e+00
2:	0.00e+00	0.00e+00
3:	0.00e+00	0.00e+00
4:	1.44e+00	0.00e+00
5:	0.00e+00	0.00e+00
6:	0.00e+00	0.00e+00
7:	-1.44e+00	0.00e+00
8:	0.00e+00	0.00e+00
9:	0.00e+00	0.00e+00
10:	9.39e-01	-5.00e-01
11:	0.00e+00	-5.00e-01
12:	0.00e+00	0.00e+00
13:	9.39e-01	-5.00e-01
14:	0.00e+00	-5.00e-01
15:	0.00e+00	2.12e-15
16:	-1.44e+00	2.09e-15
17:	0.00e+00	1.39e-17
18:	0.00e+00	2.09e-15
19:	1.44e+00	2.10e-15
20:	0.00e+00	6.94e-18
21:	0.00e+00	2.11e-15
22:	-9.39e-01	2.08e-15
23:	0.00e+00	1.39e-17
24:	0.00e+00	0.00e+00
25:	-2.38e+00	0.00e+00
26:	0.00e+00	0.00e+00
27:	2.88e+00	0.00e+00
28:	0.00e+00	-5.00e-01
29:	-2.38e+00	-5.00e-01
30:	0.00e+00	6.94e-18
31:	0.00e+00	-2.00e+00
32:	0.00e+00	-5.00e-01
33:	2.38e+00	-5.00e-01
34:	0.00e+00	2.08e-17
35:	-2.88e+00	2.08e-17
36:	0.00e+00	2.08e-17
37:	2.38e+00	2.08e-17
New op index: 4	$R_Y$[1]
Current grad: 98.60314481214358
New op index: 27	$R_{YX-XY}$[1, 2]
Current grad: 21.15665065138551
New op index: 35	$R_{YX-XY}$[5, 6]
Current grad: 15.233622987847177
New op index: 19	$R_Y$[6]
Current grad: 89.0614528009872
New op index: 35	$R_{YX-XY}$[5, 6]
Current grad: 11.614785518541668
New op index: 10	$R_Y$[3]
Current grad: 5.691833966099933
New op index: 22	$R_Y$[7]
Current grad: 140.05284756477047
New op index: 31	$R_{YX-XY}$[3, 4]
Current grad: 2.8969634836385527
New op index: 1	$R_Y$[0]
Current grad: 2.2510163200887763
New op index: 13	$R_Y$[4]
Current grad: 71.33172739381692
New op index: 35	$R_{YX-XY}$[5, 6]
Current grad: 5.93432551235954e-05
Precision cutoff reached.
Calculating energies for FreeWilson2D(N_x=2, N_y=2, mass=-3.714, r=1.000)
h_im: 0.0
New op index: 27	$R_{YX-XY}$[1, 2]
Current grad: 23.14285714285712
0:	0.00e+00	0.00e+00
1:	-8.57e-01	0.00e+00
2:	0.00e+00	0.00e+00
3:	0.00e+00	0.00e+00
4:	1.36e+00	0.00e+00
5:	0.00e+00	0.00e+00
6:	0.00e+00	0.00e+00
7:	-1.36e+00	0.00e+00
8:	0.00e+00	0.00e+00
9:	0.00e+00	0.00e+00
10:	8.57e-01	-5.00e-01
11:	0.00e+00	-5.00e-01
12:	0.00e+00	0.00e+00
13:	8.57e-01	-5.00e-01
14:	0.00e+00	-5.00e-01
15:	0.00e+00	2.12e-15
16:	-1.36e+00	2.09e-15
17:	0.00e+00	1.39e-17
18:	0.00e+00	2.09e-15
19:	1.36e+00	2.10e-15
20:	0.00e+00	6.94e-18
21:	0.00e+00	2.11e-15
22:	-8.57e-01	2.08e-15
23:	0.00e+00	1.39e-17
24:	0.00e+00	0.00e+00
25:	-2.21e+00	0.00e+00
26:	0.00e+00	0.00e+00
27:	2.71e+00	0.00e+00
28:	0.00e+00	-5.00e-01
29:	-2.21e+00	-5.00e-01
30:	0.00e+00	6.94e-18
31:	0.00e+00	-2.00e+00
32:	0.00e+00	-5.00e-01
33:	2.21e+00	-5.00e-01
34:	0.00e+00	2.08e-17
35:	-2.71e+00	2.08e-17
36:	0.00e+00	2.08e-17
37:	2.21e+00	2.08e-17
New op index: 4	$R_Y$[1]
Current grad: 97.97882955558204
New op index: 27	$R_{YX-XY}$[1, 2]
Current grad: 19.82811663216124
New op index: 35	$R_{YX-XY}$[5, 6]
Current grad: 14.257706547927146
New op index: 19	$R_Y$[6]
Current grad: 89.09354724821381
New op index: 35	$R_{YX-XY}$[5, 6]
Current grad: 10.943032340556476
New op index: 10	$R_Y$[3]
Current grad: 5.3724663319896715
New op index: 1	$R_Y$[0]
Current grad: 135.46227122080683
New op index: 31	$R_{YX-XY}$[3, 4]
Current grad: 3.686277661964836
New op index: 22	$R_Y$[7]
Current grad: 2.056562639956918
New op index: 13	$R_Y$[4]
Current grad: 71.216315287129
New op index: 13	$R_Y$[4]
Current grad: 4.8536313170806105e-05
Precision cutoff reached.
Calculating energies for FreeWilson2D(N_x=2, N_y=2, mass=-3.551, r=1.000)
h_im: 0.0
New op index: 27	$R_{YX-XY}$[1, 2]
Current grad: 21.51020408163264
0:	0.00e+00	0.00e+00
1:	-7.76e-01	0.00e+00
2:	0.00e+00	0.00e+00
3:	0.00e+00	0.00e+00
4:	1.28e+00	0.00e+00
5:	0.00e+00	0.00e+00
6:	0.00e+00	0.00e+00
7:	-1.28e+00	0.00e+00
8:	0.00e+00	0.00e+00
9:	0.00e+00	0.00e+00
10:	7.76e-01	-5.00e-01
11:	0.00e+00	-5.00e-01
12:	0.00e+00	0.00e+00
13:	7.76e-01	-5.00e-01
14:	0.00e+00	-5.00e-01
15:	0.00e+00	2.11e-15
16:	-1.28e+00	2.09e-15
17:	0.00e+00	1.39e-17
18:	0.00e+00	2.09e-15
19:	1.28e+00	2.10e-15
20:	0.00e+00	6.94e-18
21:	0.00e+00	2.11e-15
22:	-7.76e-01	2.08e-15
23:	0.00e+00	1.39e-17
24:	0.00e+00	0.00e+00
25:	-2.05e+00	0.00e+00
26:	0.00e+00	0.00e+00
27:	2.55e+00	0.00e+00
28:	0.00e+00	-5.00e-01
29:	-2.05e+00	-5.00e-01
30:	0.00e+00	6.94e-18
31:	0.00e+00	-2.00e+00
32:	0.00e+00	-5.00e-01
33:	2.05e+00	-5.00e-01
34:	0.00e+00	2.08e-17
35:	-2.55e+00	2.08e-17
36:	0.00e+00	2.08e-17
37:	2.05e+00	2.08e-17
New op index: 4	$R_Y$[1]
Current grad: 97.45850710892252
New op index: 27	$R_{YX-XY}$[1, 2]
Current grad: 18.501518659293918
New op index: 35	$R_{YX-XY}$[5, 6]
Current grad: 13.281847908290642
New op index: 16	$R_Y$[5]
Current grad: 89.23016021347783
New op index: 35	$R_{YX-XY}$[5, 6]
Current grad: 10.273152156952444
New op index: 22	$R_Y$[7]
Current grad: 5.054148593241749
New op index: 10	$R_Y$[3]
Current grad: 125.85087407932544
New op index: 31	$R_{YX-XY}$[3, 4]
Current grad: 2.5704967964604926
New op index: 1	$R_Y$[0]
Current grad: 1.8622946187347296
New op index: 10	$R_Y$[3]
Current grad: 71.10086147418838
New op index: 10	$R_Y$[3]
Current grad: 6.87243267816385e-05
Precision cutoff reached.
Calculating energies for FreeWilson2D(N_x=2, N_y=2, mass=-3.388, r=1.000)
h_im: 0.0
New op index: 27	$R_{YX-XY}$[1, 2]
Current grad: 19.877551020408145
0:	0.00e+00	0.00e+00
1:	-6.94e-01	0.00e+00
2:	0.00e+00	0.00e+00
3:	0.00e+00	0.00e+00
4:	1.19e+00	0.00e+00
5:	0.00e+00	0.00e+00
6:	0.00e+00	0.00e+00
7:	-1.19e+00	0.00e+00
8:	0.00e+00	0.00e+00
9:	0.00e+00	0.00e+00
10:	6.94e-01	-5.00e-01
11:	0.00e+00	-5.00e-01
12:	0.00e+00	0.00e+00
13:	6.94e-01	-5.00e-01
14:	0.00e+00	-5.00e-01
15:	0.00e+00	2.11e-15
16:	-1.19e+00	2.09e-15
17:	0.00e+00	1.39e-17
18:	0.00e+00	2.09e-15
19:	1.19e+00	2.10e-15
20:	0.00e+00	6.94e-18
21:	0.00e+00	2.11e-15
22:	-6.94e-01	2.08e-15
23:	0.00e+00	1.39e-17
24:	0.00e+00	0.00e+00
25:	-1.89e+00	0.00e+00
26:	0.00e+00	0.00e+00
27:	2.39e+00	0.00e+00
28:	0.00e+00	-5.00e-01
29:	-1.89e+00	-5.00e-01
30:	0.00e+00	6.94e-18
31:	0.00e+00	-2.00e+00
32:	0.00e+00	-5.00e-01
33:	1.89e+00	-5.00e-01
34:	0.00e+00	2.08e-17
35:	-2.39e+00	2.08e-17
36:	0.00e+00	2.08e-17
37:	1.89e+00	2.08e-17
New op index: 4	$R_Y$[1]
Current grad: 97.06678204943127
New op index: 27	$R_{YX-XY}$[1, 2]
Current grad: 17.17687968395628
New op index: 35	$R_{YX-XY}$[5, 6]
Current grad: 12.306343733289483
New op index: 16	$R_Y$[5]
Current grad: 89.49547024757278
New op index: 35	$R_{YX-XY}$[5, 6]
Current grad: 9.605498247926885
New op index: 1	$R_Y$[0]
Current grad: 4.734847743136971
New op index: 10	$R_Y$[3]
Current grad: 120.64025666315477
New op index: 31	$R_{YX-XY}$[3, 4]
Current grad: 3.367479830558711
New op index: 22	$R_Y$[7]
Current grad: 1.6678441133107793
New op index: 13	$R_Y$[4]
Current grad: 70.98538411129691
New op index: 13	$R_Y$[4]
Current grad: 4.663015182069683e-05
Precision cutoff reached.
Calculating energies for FreeWilson2D(N_x=2, N_y=2, mass=-3.224, r=1.000)
h_im: 0.0
New op index: 27	$R_{YX-XY}$[1, 2]
Current grad: 18.244897959183657
0:	0.00e+00	0.00e+00
1:	-6.12e-01	0.00e+00
2:	0.00e+00	0.00e+00
3:	0.00e+00	0.00e+00
4:	1.11e+00	0.00e+00
5:	0.00e+00	0.00e+00
6:	0.00e+00	0.00e+00
7:	-1.11e+00	0.00e+00
8:	0.00e+00	0.00e+00
9:	0.00e+00	0.00e+00
10:	6.12e-01	-5.00e-01
11:	0.00e+00	-5.00e-01
12:	0.00e+00	0.00e+00
13:	6.12e-01	-5.00e-01
14:	0.00e+00	-5.00e-01
15:	0.00e+00	2.11e-15
16:	-1.11e+00	2.09e-15
17:	0.00e+00	1.39e-17
18:	0.00e+00	2.09e-15
19:	1.11e+00	2.10e-15
20:	0.00e+00	6.94e-18
21:	0.00e+00	2.11e-15
22:	-6.12e-01	2.08e-15
23:	0.00e+00	1.39e-17
24:	0.00e+00	0.00e+00
25:	-1.72e+00	0.00e+00
26:	0.00e+00	0.00e+00
27:	2.22e+00	0.00e+00
28:	0.00e+00	-5.00e-01
29:	-1.72e+00	-5.00e-01
30:	0.00e+00	6.94e-18
31:	0.00e+00	-2.00e+00
32:	0.00e+00	-5.00e-01
33:	1.72e+00	-5.00e-01
34:	0.00e+00	2.08e-17
35:	-2.22e+00	2.08e-17
36:	0.00e+00	2.08e-17
37:	1.72e+00	2.08e-17
New op index: 4	$R_Y$[1]
Current grad: 96.83417820054127
New op index: 27	$R_{YX-XY}$[1, 2]
Current grad: 15.854218168686371
New op index: 35	$R_{YX-XY}$[5, 6]
Current grad: 11.330742760804554
New op index: 16	$R_Y$[5]
Current grad: 89.92057233420527
New op index: 35	$R_{YX-XY}$[5, 6]
Current grad: 8.940045122558667
New op index: 10	$R_Y$[3]
Current grad: 4.416589803916776
New op index: 1	$R_Y$[0]
Current grad: 117.97611357751747
New op index: 31	$R_{YX-XY}$[3, 4]
Current grad: 3.208306387708153
New op index: 22	$R_Y$[7]
Current grad: 1.4737214202423883
New op index: 13	$R_Y$[4]
Current grad: 70.86999849969916
New op index: 1	$R_Y$[0]
Current grad: 4.080721080594854e-05
Precision cutoff reached.
Calculating energies for FreeWilson2D(N_x=2, N_y=2, mass=-3.061, r=1.000)
h_im: 0.0
New op index: 27	$R_{YX-XY}$[1, 2]
Current grad: 16.612244897959172
0:	0.00e+00	0.00e+00
1:	-5.31e-01	0.00e+00
2:	0.00e+00	0.00e+00
3:	0.00e+00	0.00e+00
4:	1.03e+00	0.00e+00
5:	0.00e+00	0.00e+00
6:	0.00e+00	0.00e+00
7:	-1.03e+00	0.00e+00
8:	0.00e+00	0.00e+00
9:	0.00e+00	0.00e+00
10:	5.31e-01	-5.00e-01
11:	0.00e+00	-5.00e-01
12:	0.00e+00	0.00e+00
13:	5.31e-01	-5.00e-01
14:	0.00e+00	-5.00e-01
15:	0.00e+00	2.11e-15
16:	-1.03e+00	2.09e-15
17:	0.00e+00	1.39e-17
18:	0.00e+00	2.09e-15
19:	1.03e+00	2.10e-15
20:	0.00e+00	6.94e-18
21:	0.00e+00	2.11e-15
22:	-5.31e-01	2.08e-15
23:	0.00e+00	1.39e-17
24:	0.00e+00	0.00e+00
25:	-1.56e+00	0.00e+00
26:	0.00e+00	0.00e+00
27:	2.06e+00	0.00e+00
28:	0.00e+00	-5.00e-01
29:	-1.56e+00	-5.00e-01
30:	0.00e+00	6.94e-18
31:	0.00e+00	-2.00e+00
32:	0.00e+00	-5.00e-01
33:	1.56e+00	-5.00e-01
34:	0.00e+00	2.08e-17
35:	-2.06e+00	2.08e-17
36:	0.00e+00	2.08e-17
37:	1.56e+00	2.08e-17
New op index: 4	$R_Y$[1]
Current grad: 96.80255868288171
New op index: 27	$R_{YX-XY}$[1, 2]
Current grad: 14.533562667199677
New op index: 35	$R_{YX-XY}$[5, 6]
Current grad: 10.355581308586542
New op index: 16	$R_Y$[5]
Current grad: 90.54629831415073
New op index: 35	$R_{YX-XY}$[5, 6]
Current grad: 8.27692396680135
New op index: 10	$R_Y$[3]
Current grad: 4.098967063564954
New op index: 1	$R_Y$[0]
Current grad: 108.77380443921368
New op index: 31	$R_{YX-XY}$[3, 4]
Current grad: 3.049483808115231
New op index: 22	$R_Y$[7]
Current grad: 1.2797583097496377
New op index: 10	$R_Y$[3]
Current grad: 70.75638075359655
New op index: 4	$R_Y$[1]
Current grad: 5.82459195003572e-05
Precision cutoff reached.
Calculating energies for FreeWilson2D(N_x=2, N_y=2, mass=-2.898, r=1.000)
h_im: 0.0
New op index: 27	$R_{YX-XY}$[1, 2]
Current grad: 14.97959183673468
0:	0.00e+00	0.00e+00
1:	-4.49e-01	0.00e+00
2:	0.00e+00	0.00e+00
3:	0.00e+00	0.00e+00
4:	9.49e-01	0.00e+00
5:	0.00e+00	0.00e+00
6:	0.00e+00	0.00e+00
7:	-9.49e-01	0.00e+00
8:	0.00e+00	0.00e+00
9:	0.00e+00	0.00e+00
10:	4.49e-01	-5.00e-01
11:	0.00e+00	-5.00e-01
12:	0.00e+00	0.00e+00
13:	4.49e-01	-5.00e-01
14:	0.00e+00	-5.00e-01
15:	0.00e+00	2.11e-15
16:	-9.49e-01	2.08e-15
17:	0.00e+00	1.39e-17
18:	0.00e+00	2.09e-15
19:	9.49e-01	2.10e-15
20:	0.00e+00	6.94e-18
21:	0.00e+00	2.11e-15
22:	-4.49e-01	2.08e-15
23:	0.00e+00	1.39e-17
24:	0.00e+00	0.00e+00
25:	-1.40e+00	0.00e+00
26:	0.00e+00	0.00e+00
27:	1.90e+00	0.00e+00
28:	0.00e+00	-5.00e-01
29:	-1.40e+00	-5.00e-01
30:	0.00e+00	6.94e-18
31:	0.00e+00	-2.00e+00
32:	0.00e+00	-5.00e-01
33:	1.40e+00	-5.00e-01
34:	0.00e+00	2.08e-17
35:	-1.90e+00	2.08e-17
36:	0.00e+00	2.08e-17
37:	1.40e+00	2.08e-17
New op index: 7	$R_Y$[2]
Current grad: 97.02310687011963
New op index: 35	$R_{YX-XY}$[5, 6]
Current grad: 13.214939394403146
New op index: 19	$R_Y$[6]
Current grad: 95.25885427702228
New op index: 27	$R_{YX-XY}$[1, 2]
Current grad: 11.450307465369752
New op index: 35	$R_{YX-XY}$[5, 6]
Current grad: 7.616405822320856
New op index: 25	$R_{YX-XY}$[0, 1]
Current grad: 3.782345341853873
New op index: 37	$R_{YX-XY}$[6, 7]
Current grad: 2.34011264002283
New op index: 10	$R_Y$[3]
Current grad: 0.8980014586526868
New op index: 1	$R_Y$[0]
Current grad: 88.80423972087853
New op index: 31	$R_{YX-XY}$[3, 4]
Current grad: 1.4516316896125756
New op index: 13	$R_Y$[4]
Current grad: 0.03545101245831363
New op index: 10	$R_Y$[3]
Current grad: 0.00032024538314480975
Parameter value cutoff reached.
Calculating energies for FreeWilson2D(N_x=2, N_y=2, mass=-2.735, r=1.000)
h_im: 0.0
New op index: 27	$R_{YX-XY}$[1, 2]
Current grad: 13.346938775510196
0:	0.00e+00	0.00e+00
1:	-3.67e-01	0.00e+00
2:	0.00e+00	0.00e+00
3:	0.00e+00	0.00e+00
4:	8.67e-01	0.00e+00
5:	0.00e+00	0.00e+00
6:	0.00e+00	0.00e+00
7:	-8.67e-01	0.00e+00
8:	0.00e+00	0.00e+00
9:	0.00e+00	0.00e+00
10:	3.67e-01	-5.00e-01
11:	0.00e+00	-5.00e-01
12:	0.00e+00	0.00e+00
13:	3.67e-01	-5.00e-01
14:	0.00e+00	-5.00e-01
15:	0.00e+00	2.11e-15
16:	-8.67e-01	2.08e-15
17:	0.00e+00	1.39e-17
18:	0.00e+00	2.09e-15
19:	8.67e-01	2.10e-15
20:	0.00e+00	6.94e-18
21:	0.00e+00	2.11e-15
22:	-3.67e-01	2.08e-15
23:	0.00e+00	1.39e-17
24:	0.00e+00	0.00e+00
25:	-1.23e+00	0.00e+00
26:	0.00e+00	0.00e+00
27:	1.73e+00	0.00e+00
28:	0.00e+00	-5.00e-01
29:	-1.23e+00	-5.00e-01
30:	0.00e+00	6.94e-18
31:	0.00e+00	-2.00e+00
32:	0.00e+00	-5.00e-01
33:	1.23e+00	-5.00e-01
34:	0.00e+00	2.08e-17
35:	-1.73e+00	2.08e-17
36:	0.00e+00	2.08e-17
37:	1.23e+00	2.08e-17
New op index: 4	$R_Y$[1]
Current grad: 97.56069309057048
New op index: 35	$R_{YX-XY}$[5, 6]
Current grad: 11.898356229806941
New op index: 16	$R_Y$[5]
Current grad: 96.1123054605877
New op index: 33	$R_{YX-XY}$[4, 5]
Current grad: 10.449789763450886
New op index: 29	$R_{YX-XY}$[2, 3]
Current grad: 7.261275483458142
New op index: 22	$R_Y$[7]
Current grad: 0.7347359759637027
New op index: 1	$R_Y$[0]
Current grad: 29.237364760702945
New op index: 33	$R_{YX-XY}$[4, 5]
Current grad: 5.732346606309447e-05
Precision cutoff reached.
Calculating energies for FreeWilson2D(N_x=2, N_y=2, mass=-2.571, r=1.000)
h_im: 0.0
New op index: 27	$R_{YX-XY}$[1, 2]
Current grad: 11.714285714285706
0:	0.00e+00	0.00e+00
1:	-2.86e-01	0.00e+00
2:	0.00e+00	0.00e+00
3:	0.00e+00	0.00e+00
4:	7.86e-01	0.00e+00
5:	0.00e+00	0.00e+00
6:	0.00e+00	0.00e+00
7:	-7.86e-01	0.00e+00
8:	0.00e+00	0.00e+00
9:	0.00e+00	0.00e+00
10:	2.86e-01	-5.00e-01
11:	0.00e+00	-5.00e-01
12:	0.00e+00	0.00e+00
13:	2.86e-01	-5.00e-01
14:	0.00e+00	-5.00e-01
15:	0.00e+00	2.11e-15
16:	-7.86e-01	2.08e-15
17:	0.00e+00	1.39e-17
18:	0.00e+00	2.09e-15
19:	7.86e-01	2.10e-15
20:	0.00e+00	6.94e-18
21:	0.00e+00	2.10e-15
22:	-2.86e-01	2.08e-15
23:	0.00e+00	1.39e-17
24:	0.00e+00	0.00e+00
25:	-1.07e+00	0.00e+00
26:	0.00e+00	0.00e+00
27:	1.57e+00	0.00e+00
28:	0.00e+00	-5.00e-01
29:	-1.07e+00	-5.00e-01
30:	0.00e+00	6.94e-18
31:	0.00e+00	-2.00e+00
32:	0.00e+00	-5.00e-01
33:	1.07e+00	-5.00e-01
34:	0.00e+00	2.08e-17
35:	-1.57e+00	2.08e-17
36:	0.00e+00	2.08e-17
37:	1.07e+00	2.08e-17
New op index: 4	$R_Y$[1]
Current grad: 98.95895751185233
New op index: 35	$R_{YX-XY}$[5, 6]
Current grad: 10.583850400490558
New op index: 16	$R_Y$[5]
Current grad: 97.82864868679555
New op index: 25	$R_{YX-XY}$[0, 1]
Current grad: 9.453502238733838
New op index: 33	$R_{YX-XY}$[4, 5]
Current grad: 5.024501939534291
New op index: 29	$R_{YX-XY}$[2, 3]
Current grad: 2.0785295021730974
New op index: 1	$R_Y$[0]
Current grad: 0.5715851178871606
New op index: 22	$R_Y$[7]
Current grad: 24.521745062750114
New op index: 22	$R_Y$[7]
Current grad: 0.0001913347558040728
Adding the same operator twice is not sensible, terminating.
Calculating energies for FreeWilson2D(N_x=2, N_y=2, mass=-2.408, r=1.000)
h_im: 0.0
New op index: 27	$R_{YX-XY}$[1, 2]
Current grad: 10.08163265306122
0:	0.00e+00	0.00e+00
1:	-2.04e-01	0.00e+00
2:	0.00e+00	0.00e+00
3:	0.00e+00	0.00e+00
4:	7.04e-01	0.00e+00
5:	0.00e+00	0.00e+00
6:	0.00e+00	0.00e+00
7:	-7.04e-01	0.00e+00
8:	0.00e+00	0.00e+00
9:	0.00e+00	0.00e+00
10:	2.04e-01	-5.00e-01
11:	0.00e+00	-5.00e-01
12:	0.00e+00	0.00e+00
13:	2.04e-01	-5.00e-01
14:	0.00e+00	-5.00e-01
15:	0.00e+00	2.11e-15
16:	-7.04e-01	2.08e-15
17:	0.00e+00	1.39e-17
18:	0.00e+00	2.09e-15
19:	7.04e-01	2.10e-15
20:	0.00e+00	6.94e-18
21:	0.00e+00	2.10e-15
22:	-2.04e-01	2.08e-15
23:	0.00e+00	1.39e-17
24:	0.00e+00	0.00e+00
25:	-9.08e-01	0.00e+00
26:	0.00e+00	0.00e+00
27:	1.41e+00	0.00e+00
28:	0.00e+00	-5.00e-01
29:	-9.08e-01	-5.00e-01
30:	0.00e+00	6.94e-18
31:	0.00e+00	-2.00e+00
32:	0.00e+00	-5.00e-01
33:	9.08e-01	-5.00e-01
34:	0.00e+00	2.08e-17
35:	-1.41e+00	2.08e-17
36:	0.00e+00	2.08e-17
37:	9.08e-01	2.08e-17
New op index: 4	$R_Y$[1]
Current grad: 100.85289990662997
New op index: 25	$R_{YX-XY}$[0, 1]
Current grad: 9.271415303737172
New op index: 35	$R_{YX-XY}$[5, 6]
Current grad: 5.244919210861597
New op index: 16	$R_Y$[5]
Current grad: 96.02011896292603
New op index: 33	$R_{YX-XY}$[4, 5]
Current grad: 4.443099148232957
New op index: 29	$R_{YX-XY}$[2, 3]
Current grad: 1.755881229785722
New op index: 22	$R_Y$[7]
Current grad: 0.40824329654409425
New op index: 1	$R_Y$[0]
Current grad: 18.690899451533717
New op index: 13	$R_Y$[4]
Current grad: 0.00017742190239589464
Parameter value cutoff reached.
Calculating energies for FreeWilson2D(N_x=2, N_y=2, mass=-2.245, r=1.000)
h_im: 0.0
New op index: 27	$R_{YX-XY}$[1, 2]
Current grad: 8.44897959183673
0:	0.00e+00	0.00e+00
1:	-1.22e-01	0.00e+00
2:	0.00e+00	0.00e+00
3:	0.00e+00	0.00e+00
4:	6.22e-01	0.00e+00
5:	0.00e+00	0.00e+00
6:	0.00e+00	0.00e+00
7:	-6.22e-01	0.00e+00
8:	0.00e+00	0.00e+00
9:	0.00e+00	0.00e+00
10:	1.22e-01	-5.00e-01
11:	0.00e+00	-5.00e-01
12:	0.00e+00	0.00e+00
13:	1.22e-01	-5.00e-01
14:	0.00e+00	-5.00e-01
15:	0.00e+00	2.11e-15
16:	-6.22e-01	2.08e-15
17:	0.00e+00	1.39e-17
18:	0.00e+00	2.09e-15
19:	6.22e-01	2.10e-15
20:	0.00e+00	6.94e-18
21:	0.00e+00	2.10e-15
22:	-1.22e-01	2.08e-15
23:	0.00e+00	1.39e-17
24:	0.00e+00	0.00e+00
25:	-7.45e-01	0.00e+00
26:	0.00e+00	0.00e+00
27:	1.24e+00	0.00e+00
28:	0.00e+00	-5.00e-01
29:	-7.45e-01	-5.00e-01
30:	0.00e+00	6.94e-18
31:	0.00e+00	-2.00e+00
32:	0.00e+00	-5.00e-01
33:	7.45e-01	-5.00e-01
34:	0.00e+00	2.08e-17
35:	-1.24e+00	2.08e-17
36:	0.00e+00	2.08e-17
37:	7.45e-01	2.08e-17
New op index: 4	$R_Y$[1]
Current grad: 102.89397626358038
New op index: 25	$R_{YX-XY}$[0, 1]
Current grad: 7.961093499196279
New op index: 35	$R_{YX-XY}$[5, 6]
Current grad: 4.346947986033757
New op index: 16	$R_Y$[5]
Current grad: 98.79226402374884
New op index: 33	$R_{YX-XY}$[4, 5]
Current grad: 3.864496921960148
New op index: 29	$R_{YX-XY}$[2, 3]
Current grad: 1.432567468914532
New op index: 1	$R_Y$[0]
Current grad: 0.244924448499678
New op index: 22	$R_Y$[7]
Current grad: 11.771002005749605
New op index: 4	$R_Y$[1]
Current grad: 0.0003304117493114599
Parameter value cutoff reached.
Calculating energies for FreeWilson2D(N_x=2, N_y=2, mass=-2.082, r=1.000)
h_im: 0.0
New op index: 27	$R_{YX-XY}$[1, 2]
Current grad: 6.816326530612239
0:	0.00e+00	0.00e+00
1:	-4.08e-02	0.00e+00
2:	0.00e+00	0.00e+00
3:	0.00e+00	0.00e+00
4:	5.41e-01	0.00e+00
5:	0.00e+00	0.00e+00
6:	0.00e+00	0.00e+00
7:	-5.41e-01	0.00e+00
8:	0.00e+00	0.00e+00
9:	0.00e+00	0.00e+00
10:	4.08e-02	-5.00e-01
11:	0.00e+00	-5.00e-01
12:	0.00e+00	0.00e+00
13:	4.08e-02	-5.00e-01
14:	0.00e+00	-5.00e-01
15:	0.00e+00	2.11e-15
16:	-5.41e-01	2.08e-15
17:	0.00e+00	1.39e-17
18:	0.00e+00	2.10e-15
19:	5.41e-01	2.10e-15
20:	0.00e+00	6.94e-18
21:	0.00e+00	2.10e-15
22:	-4.08e-02	2.08e-15
23:	0.00e+00	1.39e-17
24:	0.00e+00	0.00e+00
25:	-5.82e-01	0.00e+00
26:	0.00e+00	0.00e+00
27:	1.08e+00	0.00e+00
28:	0.00e+00	-5.00e-01
29:	-5.82e-01	-5.00e-01
30:	0.00e+00	6.94e-18
31:	0.00e+00	-2.00e+00
32:	0.00e+00	-5.00e-01
33:	5.82e-01	-5.00e-01
34:	0.00e+00	2.08e-17
35:	-1.08e+00	2.08e-17
36:	0.00e+00	2.08e-17
37:	5.82e-01	2.08e-17
New op index: 4	$R_Y$[1]
Current grad: 104.15156960925482
New op index: 25	$R_{YX-XY}$[0, 1]
Current grad: 6.652896471244708
New op index: 35	$R_{YX-XY}$[5, 6]
Current grad: 3.4490267067953484
New op index: 16	$R_Y$[5]
Current grad: 100.78428603767739
New op index: 33	$R_{YX-XY}$[4, 5]
Current grad: 3.287222225892143
New op index: 29	$R_{YX-XY}$[2, 3]
Current grad: 1.1097953248648338
New op index: 22	$R_Y$[7]
Current grad: 0.08184370678575041
New op index: 1	$R_Y$[0]
Current grad: 4.027696282196862
New op index: 1	$R_Y$[0]
Current grad: 0.0001474251073229558
Adding the same operator twice is not sensible, terminating.
Calculating energies for FreeWilson2D(N_x=2, N_y=2, mass=-1.918, r=1.000)
h_im: 0.0
New op index: 27	$R_{YX-XY}$[1, 2]
Current grad: 5.510204081632648
0:	0.00e+00	0.00e+00
1:	4.08e-02	0.00e+00
2:	0.00e+00	0.00e+00
3:	0.00e+00	0.00e+00
4:	4.59e-01	0.00e+00
5:	0.00e+00	0.00e+00
6:	0.00e+00	0.00e+00
7:	-4.59e-01	0.00e+00
8:	0.00e+00	0.00e+00
9:	0.00e+00	0.00e+00
10:	-4.08e-02	-5.00e-01
11:	0.00e+00	-5.00e-01
12:	0.00e+00	0.00e+00
13:	-4.08e-02	-5.00e-01
14:	0.00e+00	-5.00e-01
15:	0.00e+00	2.11e-15
16:	-4.59e-01	2.08e-15
17:	0.00e+00	1.39e-17
18:	0.00e+00	2.10e-15
19:	4.59e-01	2.10e-15
20:	0.00e+00	6.94e-18
21:	0.00e+00	2.10e-15
22:	4.08e-02	2.07e-15
23:	0.00e+00	1.39e-17
24:	0.00e+00	0.00e+00
25:	-4.18e-01	0.00e+00
26:	0.00e+00	0.00e+00
27:	9.18e-01	0.00e+00
28:	0.00e+00	-5.00e-01
29:	-4.18e-01	-5.00e-01
30:	0.00e+00	6.94e-18
31:	0.00e+00	-2.00e+00
32:	0.00e+00	-5.00e-01
33:	4.18e-01	-5.00e-01
34:	0.00e+00	2.08e-17
35:	-9.18e-01	2.08e-17
36:	0.00e+00	2.08e-17
37:	4.18e-01	2.08e-17
New op index: 4	$R_Y$[1]
Current grad: 103.49871645912178
New op index: 25	$R_{YX-XY}$[0, 1]
Current grad: 5.999835145288946
New op index: 35	$R_{YX-XY}$[5, 6]
Current grad: 2.795958074780322
New op index: 19	$R_Y$[6]
Current grad: 100.78435922927247
New op index: 37	$R_{YX-XY}$[6, 7]
Current grad: 3.2839558803666336
New op index: 10	$R_Y$[3]
Current grad: 0.08168773297675094
New op index: 13	$R_Y$[4]
Current grad: 50.959660611727536
New op index: 31	$R_{YX-XY}$[3, 4]
Current grad: 1.990379659262754
New op index: 7	$R_Y$[2]
Current grad: 2.9258350412988722e-05
Precision cutoff reached.
Calculating energies for FreeWilson2D(N_x=2, N_y=2, mass=-1.755, r=1.000)
h_im: 0.0
New op index: 27	$R_{YX-XY}$[1, 2]
Current grad: 4.530612244897959
0:	0.00e+00	0.00e+00
1:	1.22e-01	0.00e+00
2:	0.00e+00	0.00e+00
3:	0.00e+00	0.00e+00
4:	3.78e-01	0.00e+00
5:	0.00e+00	0.00e+00
6:	0.00e+00	0.00e+00
7:	-3.78e-01	0.00e+00
8:	0.00e+00	0.00e+00
9:	0.00e+00	0.00e+00
10:	-1.22e-01	-5.00e-01
11:	0.00e+00	-5.00e-01
12:	0.00e+00	0.00e+00
13:	-1.22e-01	-5.00e-01
14:	0.00e+00	-5.00e-01
15:	0.00e+00	2.11e-15
16:	-3.78e-01	2.08e-15
17:	0.00e+00	1.39e-17
18:	0.00e+00	2.10e-15
19:	3.78e-01	2.10e-15
20:	0.00e+00	6.94e-18
21:	0.00e+00	2.10e-15
22:	1.22e-01	2.07e-15
23:	0.00e+00	1.39e-17
24:	0.00e+00	0.00e+00
25:	-2.55e-01	0.00e+00
26:	0.00e+00	0.00e+00
27:	7.55e-01	0.00e+00
28:	0.00e+00	-5.00e-01
29:	-2.55e-01	-5.00e-01
30:	0.00e+00	6.94e-18
31:	0.00e+00	-2.00e+00
32:	0.00e+00	-5.00e-01
33:	2.55e-01	-5.00e-01
34:	0.00e+00	2.08e-17
35:	-7.55e-01	2.08e-17
36:	0.00e+00	2.08e-17
37:	2.55e-01	2.08e-17
New op index: 4	$R_Y$[1]
Current grad: 100.93494070664315
New op index: 25	$R_{YX-XY}$[0, 1]
Current grad: 6.001912758830304
New op index: 35	$R_{YX-XY}$[5, 6]
Current grad: 2.3878132999737587
New op index: 16	$R_Y$[5]
Current grad: 98.79257451511157
New op index: 33	$R_{YX-XY}$[4, 5]
Current grad: 3.8640658313076353
New op index: 29	$R_{YX-XY}$[2, 3]
Current grad: 1.432577690016992
New op index: 22	$R_Y$[7]
Current grad: 0.2449465208202033
New op index: 1	$R_Y$[0]
Current grad: 11.77159221819713
New op index: 4	$R_Y$[1]
Current grad: 0.0003345631628874806
Parameter value cutoff reached.
Calculating energies for FreeWilson2D(N_x=2, N_y=2, mass=-1.592, r=1.000)
h_im: 0.0
New op index: 27	$R_{YX-XY}$[1, 2]
Current grad: 3.5510204081632653
0:	0.00e+00	0.00e+00
1:	2.04e-01	0.00e+00
2:	0.00e+00	0.00e+00
3:	0.00e+00	0.00e+00
4:	2.96e-01	0.00e+00
5:	0.00e+00	0.00e+00
6:	0.00e+00	0.00e+00
7:	-2.96e-01	0.00e+00
8:	0.00e+00	0.00e+00
9:	0.00e+00	0.00e+00
10:	-2.04e-01	-5.00e-01
11:	0.00e+00	-5.00e-01
12:	0.00e+00	0.00e+00
13:	-2.04e-01	-5.00e-01
14:	0.00e+00	-5.00e-01
15:	0.00e+00	2.11e-15
16:	-2.96e-01	2.08e-15
17:	0.00e+00	1.39e-17
18:	0.00e+00	2.10e-15
19:	2.96e-01	2.10e-15
20:	0.00e+00	6.94e-18
21:	0.00e+00	2.10e-15
22:	2.04e-01	2.07e-15
23:	0.00e+00	1.39e-17
24:	0.00e+00	0.00e+00
25:	-9.18e-02	0.00e+00
26:	0.00e+00	0.00e+00
27:	5.92e-01	0.00e+00
28:	0.00e+00	-5.00e-01
29:	-9.18e-02	-5.00e-01
30:	0.00e+00	6.94e-18
31:	0.00e+00	-2.00e+00
32:	0.00e+00	-5.00e-01
33:	9.18e-02	-5.00e-01
34:	0.00e+00	2.08e-17
35:	-5.92e-01	2.08e-17
36:	0.00e+00	2.08e-17
37:	9.18e-02	2.08e-17
New op index: 4	$R_Y$[1]
Current grad: 97.5875468136818
New op index: 25	$R_{YX-XY}$[0, 1]
Current grad: 6.006109258883005
New op index: 35	$R_{YX-XY}$[5, 6]
Current grad: 1.9796552493989312
New op index: 19	$R_Y$[6]
Current grad: 96.01625828551488
New op index: 37	$R_{YX-XY}$[6, 7]
Current grad: 4.426406945771525
New op index: 13	$R_Y$[4]
Current grad: 0.4082274766552536
New op index: 10	$R_Y$[3]
Current grad: 50.79679022516523
New op index: 31	$R_{YX-XY}$[3, 4]
Current grad: 1.9901423556780375
New op index: 37	$R_{YX-XY}$[6, 7]
Current grad: 2.4011758765211948e-05
Precision cutoff reached.
Calculating energies for FreeWilson2D(N_x=2, N_y=2, mass=-1.429, r=1.000)
h_im: 0.0
New op index: 27	$R_{YX-XY}$[1, 2]
Current grad: 3.1428571428571397
0:	0.00e+00	0.00e+00
1:	2.86e-01	0.00e+00
2:	0.00e+00	0.00e+00
3:	0.00e+00	0.00e+00
4:	2.14e-01	0.00e+00
5:	0.00e+00	0.00e+00
6:	0.00e+00	0.00e+00
7:	-2.14e-01	0.00e+00
8:	0.00e+00	0.00e+00
9:	0.00e+00	0.00e+00
10:	-2.86e-01	-5.00e-01
11:	0.00e+00	-5.00e-01
12:	0.00e+00	0.00e+00
13:	-2.86e-01	-5.00e-01
14:	0.00e+00	-5.00e-01
15:	0.00e+00	2.11e-15
16:	-2.14e-01	2.08e-15
17:	0.00e+00	1.39e-17
18:	0.00e+00	2.10e-15
19:	2.14e-01	2.10e-15
20:	0.00e+00	6.94e-18
21:	0.00e+00	2.10e-15
22:	2.86e-01	2.07e-15
23:	0.00e+00	1.39e-17
24:	0.00e+00	0.00e+00
25:	7.14e-02	0.00e+00
26:	0.00e+00	0.00e+00
27:	4.29e-01	0.00e+00
28:	0.00e+00	-5.00e-01
29:	7.14e-02	-5.00e-01
30:	0.00e+00	6.94e-18
31:	0.00e+00	-2.00e+00
32:	0.00e+00	-5.00e-01
33:	-7.14e-02	-5.00e-01
34:	0.00e+00	2.08e-17
35:	-4.29e-01	2.08e-17
36:	0.00e+00	2.08e-17
37:	-7.14e-02	2.08e-17
New op index: 4	$R_Y$[1]
Current grad: 94.67284931486668
New op index: 25	$R_{YX-XY}$[0, 1]
Current grad: 6.298129522793247
New op index: 35	$R_{YX-XY}$[5, 6]
Current grad: 1.8572033879332408
New op index: 16	$R_Y$[5]
Current grad: 93.38749249973266
New op index: 33	$R_{YX-XY}$[4, 5]
Current grad: 5.024175463407057
New op index: 29	$R_{YX-XY}$[2, 3]
Current grad: 2.078372244469159
New op index: 1	$R_Y$[0]
Current grad: 0.5715240959847443
New op index: 22	$R_Y$[7]
Current grad: 24.521088046898605
New op index: 4	$R_Y$[1]
Current grad: 6.107722070142901e-05
Precision cutoff reached.
Calculating energies for FreeWilson2D(N_x=2, N_y=2, mass=-1.265, r=1.000)
h_im: 0.0
New op index: 22	$R_Y$[7]
Current grad: 3.469387755102038
0:	0.00e+00	0.00e+00
1:	3.67e-01	0.00e+00
2:	0.00e+00	0.00e+00
3:	0.00e+00	0.00e+00
4:	1.33e-01	0.00e+00
5:	0.00e+00	0.00e+00
6:	0.00e+00	0.00e+00
7:	-1.33e-01	0.00e+00
8:	0.00e+00	0.00e+00
9:	0.00e+00	0.00e+00
10:	-3.67e-01	-5.00e-01
11:	0.00e+00	-5.00e-01
12:	0.00e+00	0.00e+00
13:	-3.67e-01	-5.00e-01
14:	0.00e+00	-5.00e-01
15:	0.00e+00	2.11e-15
16:	-1.33e-01	2.08e-15
17:	0.00e+00	1.39e-17
18:	0.00e+00	2.10e-15
19:	1.33e-01	2.11e-15
20:	0.00e+00	6.94e-18
21:	0.00e+00	2.10e-15
22:	3.67e-01	2.07e-15
23:	0.00e+00	1.39e-17
24:	0.00e+00	0.00e+00
25:	2.35e-01	0.00e+00
26:	0.00e+00	0.00e+00
27:	2.65e-01	0.00e+00
28:	0.00e+00	-5.00e-01
29:	2.35e-01	-5.00e-01
30:	0.00e+00	6.94e-18
31:	0.00e+00	-2.00e+00
32:	0.00e+00	-5.00e-01
33:	-2.35e-01	-5.00e-01
34:	0.00e+00	2.08e-17
35:	-2.65e-01	2.08e-17
36:	0.00e+00	2.08e-17
37:	-2.35e-01	2.08e-17
New op index: 10	$R_Y$[3]
Current grad: 352.5714253575748
New op index: 31	$R_{YX-XY}$[3, 4]
Current grad: 5.190646868165565
New op index: 29	$R_{YX-XY}$[2, 3]
Current grad: 4.864641038283642
New op index: 10	$R_Y$[3]
Current grad: 94.99055993238655
New op index: 27	$R_{YX-XY}$[1, 2]
Current grad: 7.6157721915067755
New op index: 31	$R_{YX-XY}$[3, 4]
Current grad: 3.836880481779059
New op index: 35	$R_{YX-XY}$[5, 6]
Current grad: 3.2656222142927955
New op index: 19	$R_Y$[6]
Current grad: 60.42582834424246
New op index: 35	$R_{YX-XY}$[5, 6]
Current grad: 4.304184288980608
New op index: 4	$R_Y$[1]
Current grad: 0.8069850449357291
New op index: 1	$R_Y$[0]
Current grad: 2.814018936317454
New op index: 27	$R_{YX-XY}$[1, 2]
Current grad: 3.516268470556444
New op index: 19	$R_Y$[6]
Current grad: 0.0002170182551444656
Parameter value cutoff reached.
Calculating energies for FreeWilson2D(N_x=2, N_y=2, mass=-1.102, r=1.000)
h_im: 0.0
New op index: 1	$R_Y$[0]
Current grad: 3.7959183673469337
0:	0.00e+00	0.00e+00
1:	4.49e-01	0.00e+00
2:	0.00e+00	0.00e+00
3:	0.00e+00	0.00e+00
4:	5.10e-02	0.00e+00
5:	0.00e+00	0.00e+00
6:	0.00e+00	0.00e+00
7:	-5.10e-02	0.00e+00
8:	0.00e+00	0.00e+00
9:	0.00e+00	0.00e+00
10:	-4.49e-01	-5.00e-01
11:	0.00e+00	-5.00e-01
12:	0.00e+00	0.00e+00
13:	-4.49e-01	-5.00e-01
14:	0.00e+00	-5.00e-01
15:	0.00e+00	2.11e-15
16:	-5.10e-02	2.08e-15
17:	0.00e+00	1.39e-17
18:	0.00e+00	2.10e-15
19:	5.10e-02	2.11e-15
20:	0.00e+00	6.94e-18
21:	0.00e+00	2.10e-15
22:	4.49e-01	2.07e-15
23:	0.00e+00	1.39e-17
24:	0.00e+00	0.00e+00
25:	3.98e-01	0.00e+00
26:	0.00e+00	0.00e+00
27:	1.02e-01	0.00e+00
28:	0.00e+00	-5.00e-01
29:	3.98e-01	-5.00e-01
30:	0.00e+00	6.94e-18
31:	0.00e+00	-2.00e+00
32:	0.00e+00	-5.00e-01
33:	-3.98e-01	-5.00e-01
34:	0.00e+00	2.08e-17
35:	-1.02e-01	2.08e-17
36:	0.00e+00	2.08e-17
37:	-3.98e-01	2.08e-17
New op index: 10	$R_Y$[3]
Current grad: 353.1428547134126
New op index: 31	$R_{YX-XY}$[3, 4]
Current grad: 6.212632375493984
New op index: 27	$R_{YX-XY}$[1, 2]
Current grad: 5.945604207927693
New op index: 7	$R_Y$[2]
Current grad: 82.62268029014041
New op index: 27	$R_{YX-XY}$[1, 2]
Current grad: 4.805831656773088
New op index: 22	$R_Y$[7]
Current grad: 1.6791822406049486
New op index: 19	$R_Y$[6]
Current grad: 172.1678430436086
New op index: 16	$R_Y$[5]
Current grad: 1.5114031404765733
New op index: 13	$R_Y$[4]
Current grad: 70.54722858022829
New op index: 4	$R_Y$[1]
Current grad: 0.00010847137375337224
Parameter value cutoff reached.
Calculating energies for FreeWilson2D(N_x=2, N_y=2, mass=-0.939, r=1.000)
h_im: 0.0
New op index: 25	$R_{YX-XY}$[0, 1]
Current grad: 4.612244897959174
0:	0.00e+00	0.00e+00
1:	5.31e-01	0.00e+00
2:	0.00e+00	0.00e+00
3:	0.00e+00	0.00e+00
4:	-3.06e-02	0.00e+00
5:	0.00e+00	0.00e+00
6:	0.00e+00	0.00e+00
7:	3.06e-02	0.00e+00
8:	0.00e+00	0.00e+00
9:	0.00e+00	0.00e+00
10:	-5.31e-01	-5.00e-01
11:	0.00e+00	-5.00e-01
12:	0.00e+00	0.00e+00
13:	-5.31e-01	-5.00e-01
14:	0.00e+00	-5.00e-01
15:	0.00e+00	2.11e-15
16:	3.06e-02	2.08e-15
17:	0.00e+00	1.39e-17
18:	0.00e+00	2.10e-15
19:	-3.06e-02	2.11e-15
20:	0.00e+00	6.94e-18
21:	0.00e+00	2.10e-15
22:	5.31e-01	2.07e-15
23:	0.00e+00	1.39e-17
24:	0.00e+00	0.00e+00
25:	5.61e-01	0.00e+00
26:	0.00e+00	0.00e+00
27:	-6.12e-02	0.00e+00
28:	0.00e+00	-5.00e-01
29:	5.61e-01	-5.00e-01
30:	0.00e+00	6.94e-18
31:	0.00e+00	-2.00e+00
32:	0.00e+00	-5.00e-01
33:	-5.61e-01	-5.00e-01
34:	0.00e+00	2.08e-17
35:	6.12e-02	2.08e-17
36:	0.00e+00	2.08e-17
37:	-5.61e-01	2.08e-17
New op index: 1	$R_Y$[0]
Current grad: 59.39873014381843
New op index: 25	$R_{YX-XY}$[0, 1]
Current grad: 7.106540380953039
New op index: 29	$R_{YX-XY}$[2, 3]
Current grad: 4.928626580791557
New op index: 10	$R_Y$[3]
Current grad: 88.07075938290683
New op index: 29	$R_{YX-XY}$[2, 3]
Current grad: 5.524301974848713
New op index: 31	$R_{YX-XY}$[3, 4]
Current grad: 3.3061517109092797
New op index: 37	$R_{YX-XY}$[6, 7]
Current grad: 2.0103685267173894
New op index: 22	$R_Y$[7]
Current grad: 56.606853878051716
New op index: 37	$R_{YX-XY}$[6, 7]
Current grad: 4.147685965339964
New op index: 16	$R_Y$[5]
Current grad: 1.676101827191841
New op index: 13	$R_Y$[4]
Current grad: 70.75479787336042
New op index: 22	$R_Y$[7]
Current grad: 0.000149884043766766
Parameter value cutoff reached.
Calculating energies for FreeWilson2D(N_x=2, N_y=2, mass=-0.776, r=1.000)
h_im: 0.0
New op index: 25	$R_{YX-XY}$[0, 1]
Current grad: 6.244897959183663
0:	0.00e+00	0.00e+00
1:	6.12e-01	0.00e+00
2:	0.00e+00	0.00e+00
3:	0.00e+00	0.00e+00
4:	-1.12e-01	0.00e+00
5:	0.00e+00	0.00e+00
6:	0.00e+00	0.00e+00
7:	1.12e-01	0.00e+00
8:	0.00e+00	0.00e+00
9:	0.00e+00	0.00e+00
10:	-6.12e-01	-5.00e-01
11:	0.00e+00	-5.00e-01
12:	0.00e+00	0.00e+00
13:	-6.12e-01	-5.00e-01
14:	0.00e+00	-5.00e-01
15:	0.00e+00	2.11e-15
16:	1.12e-01	2.08e-15
17:	0.00e+00	1.39e-17
18:	0.00e+00	2.10e-15
19:	-1.12e-01	2.11e-15
20:	0.00e+00	6.94e-18
21:	0.00e+00	2.10e-15
22:	6.12e-01	2.07e-15
23:	0.00e+00	1.39e-17
24:	0.00e+00	0.00e+00
25:	7.24e-01	0.00e+00
26:	0.00e+00	0.00e+00
27:	-2.24e-01	0.00e+00
28:	0.00e+00	-5.00e-01
29:	7.24e-01	-5.00e-01
30:	0.00e+00	6.94e-18
31:	0.00e+00	-2.00e+00
32:	0.00e+00	-5.00e-01
33:	-7.24e-01	-5.00e-01
34:	0.00e+00	2.08e-17
35:	2.24e-01	2.08e-17
36:	0.00e+00	2.08e-17
37:	-7.24e-01	2.08e-17
New op index: 1	$R_Y$[0]
Current grad: 63.485909576026465
New op index: 25	$R_{YX-XY}$[0, 1]
Current grad: 8.596079449043481
New op index: 29	$R_{YX-XY}$[2, 3]
Current grad: 6.071663169015279
New op index: 10	$R_Y$[3]
Current grad: 87.1671656385941
New op index: 29	$R_{YX-XY}$[2, 3]
Current grad: 6.687802040688087
New op index: 31	$R_{YX-XY}$[3, 4]
Current grad: 4.122488360854227
New op index: 37	$R_{YX-XY}$[6, 7]
Current grad: 2.603545052226181
New op index: 22	$R_Y$[7]
Current grad: 59.81766907790276
New op index: 37	$R_{YX-XY}$[6, 7]
Current grad: 4.8066088435826995
New op index: 16	$R_Y$[5]
Current grad: 1.9890523240234166
New op index: 13	$R_Y$[4]
Current grad: 70.8699202704788
New op index: 4	$R_Y$[1]
Current grad: 0.0004027057451085434
Parameter value cutoff reached.
Calculating energies for FreeWilson2D(N_x=2, N_y=2, mass=-0.612, r=1.000)
h_im: 0.0
New op index: 25	$R_{YX-XY}$[0, 1]
Current grad: 7.877551020408152
0:	0.00e+00	0.00e+00
1:	6.94e-01	0.00e+00
2:	0.00e+00	0.00e+00
3:	0.00e+00	0.00e+00
4:	-1.94e-01	0.00e+00
5:	0.00e+00	0.00e+00
6:	0.00e+00	0.00e+00
7:	1.94e-01	0.00e+00
8:	0.00e+00	0.00e+00
9:	0.00e+00	0.00e+00
10:	-6.94e-01	-5.00e-01
11:	0.00e+00	-5.00e-01
12:	0.00e+00	0.00e+00
13:	-6.94e-01	-5.00e-01
14:	0.00e+00	-5.00e-01
15:	0.00e+00	2.10e-15
16:	1.94e-01	2.08e-15
17:	0.00e+00	1.39e-17
18:	0.00e+00	2.10e-15
19:	-1.94e-01	2.11e-15
20:	0.00e+00	6.94e-18
21:	0.00e+00	2.10e-15
22:	6.94e-01	2.07e-15
23:	0.00e+00	1.39e-17
24:	0.00e+00	0.00e+00
25:	8.88e-01	0.00e+00
26:	0.00e+00	0.00e+00
27:	-3.88e-01	0.00e+00
28:	0.00e+00	-5.00e-01
29:	8.88e-01	-5.00e-01
30:	0.00e+00	6.94e-18
31:	0.00e+00	-2.00e+00
32:	0.00e+00	-5.00e-01
33:	-8.88e-01	-5.00e-01
34:	0.00e+00	2.08e-17
35:	3.88e-01	2.08e-17
36:	0.00e+00	2.08e-17
37:	-8.88e-01	2.08e-17
New op index: 1	$R_Y$[0]
Current grad: 66.78471359585882
New op index: 25	$R_{YX-XY}$[0, 1]
Current grad: 10.088603274017421
New op index: 29	$R_{YX-XY}$[2, 3]
Current grad: 7.214339591199897
New op index: 10	$R_Y$[3]
Current grad: 86.71423265880087
New op index: 29	$R_{YX-XY}$[2, 3]
Current grad: 7.853250070067956
New op index: 31	$R_{YX-XY}$[3, 4]
Current grad: 4.939012833520431
New op index: 37	$R_{YX-XY}$[6, 7]
Current grad: 3.4056666541982716
New op index: 22	$R_Y$[7]
Current grad: 62.28467964455314
New op index: 37	$R_{YX-XY}$[6, 7]
Current grad: 5.468725198315205
New op index: 16	$R_Y$[5]
Current grad: 2.301041583877049
New op index: 13	$R_Y$[4]
Current grad: 70.98539650121015
New op index: 37	$R_{YX-XY}$[6, 7]
Current grad: 0.00010973357678310827
Adding the same operator twice is not sensible, terminating.
Calculating energies for FreeWilson2D(N_x=2, N_y=2, mass=-0.449, r=1.000)
h_im: 0.0
New op index: 25	$R_{YX-XY}$[0, 1]
Current grad: 9.510204081632644
0:	0.00e+00	0.00e+00
1:	7.76e-01	0.00e+00
2:	0.00e+00	0.00e+00
3:	0.00e+00	0.00e+00
4:	-2.76e-01	0.00e+00
5:	0.00e+00	0.00e+00
6:	0.00e+00	0.00e+00
7:	2.76e-01	0.00e+00
8:	0.00e+00	0.00e+00
9:	0.00e+00	0.00e+00
10:	-7.76e-01	-5.00e-01
11:	0.00e+00	-5.00e-01
12:	0.00e+00	0.00e+00
13:	-7.76e-01	-5.00e-01
14:	0.00e+00	-5.00e-01
15:	0.00e+00	2.10e-15
16:	2.76e-01	2.08e-15
17:	0.00e+00	1.39e-17
18:	0.00e+00	2.10e-15
19:	-2.76e-01	2.11e-15
20:	0.00e+00	6.94e-18
21:	0.00e+00	2.10e-15
22:	7.76e-01	2.07e-15
23:	0.00e+00	1.39e-17
24:	0.00e+00	0.00e+00
25:	1.05e+00	0.00e+00
26:	0.00e+00	0.00e+00
27:	-5.51e-01	0.00e+00
28:	0.00e+00	-5.00e-01
29:	1.05e+00	-5.00e-01
30:	0.00e+00	6.94e-18
31:	0.00e+00	-2.00e+00
32:	0.00e+00	-5.00e-01
33:	-1.05e+00	-5.00e-01
34:	0.00e+00	2.08e-17
35:	5.51e-01	2.08e-17
36:	0.00e+00	2.08e-17
37:	-1.05e+00	2.08e-17
New op index: 1	$R_Y$[0]
Current grad: 69.59769889747882
New op index: 25	$R_{YX-XY}$[0, 1]
Current grad: 11.584386837882862
New op index: 29	$R_{YX-XY}$[2, 3]
Current grad: 8.357223557034995
New op index: 10	$R_Y$[3]
Current grad: 86.5678327459713
New op index: 29	$R_{YX-XY}$[2, 3]
Current grad: 9.0207863545291
New op index: 33	$R_{YX-XY}$[4, 5]
Current grad: 5.755194117565669
New op index: 13	$R_Y$[4]
Current grad: 65.35842139297185
New op index: 33	$R_{YX-XY}$[4, 5]
Current grad: 7.7985107753939715
New op index: 37	$R_{YX-XY}$[6, 7]
Current grad: 3.602344242022935
New op index: 22	$R_Y$[7]
Current grad: 71.81507916959706
New op index: 37	$R_{YX-XY}$[6, 7]
Current grad: 4.195362850084151
New op index: 19	$R_Y$[6]
Current grad: 0.0006941000701644433
Parameter value cutoff reached.
Calculating energies for FreeWilson2D(N_x=2, N_y=2, mass=-0.286, r=1.000)
h_im: 0.0
New op index: 25	$R_{YX-XY}$[0, 1]
Current grad: 11.142857142857125
0:	0.00e+00	0.00e+00
1:	8.57e-01	0.00e+00
2:	0.00e+00	0.00e+00
3:	0.00e+00	0.00e+00
4:	-3.57e-01	0.00e+00
5:	0.00e+00	0.00e+00
6:	0.00e+00	0.00e+00
7:	3.57e-01	0.00e+00
8:	0.00e+00	0.00e+00
9:	0.00e+00	0.00e+00
10:	-8.57e-01	-5.00e-01
11:	0.00e+00	-5.00e-01
12:	0.00e+00	0.00e+00
13:	-8.57e-01	-5.00e-01
14:	0.00e+00	-5.00e-01
15:	0.00e+00	2.10e-15
16:	3.57e-01	2.08e-15
17:	0.00e+00	1.39e-17
18:	0.00e+00	2.10e-15
19:	-3.57e-01	2.11e-15
20:	0.00e+00	6.94e-18
21:	0.00e+00	2.10e-15
22:	8.57e-01	2.07e-15
23:	0.00e+00	1.39e-17
24:	0.00e+00	0.00e+00
25:	1.21e+00	0.00e+00
26:	0.00e+00	0.00e+00
27:	-7.14e-01	0.00e+00
28:	0.00e+00	-5.00e-01
29:	1.21e+00	-5.00e-01
30:	0.00e+00	6.94e-18
31:	0.00e+00	-2.00e+00
32:	0.00e+00	-5.00e-01
33:	-1.21e+00	-5.00e-01
34:	0.00e+00	2.08e-17
35:	7.14e-01	2.08e-17
36:	0.00e+00	2.08e-17
37:	-1.21e+00	2.08e-17
New op index: 1	$R_Y$[0]
Current grad: 72.08673503404721
New op index: 25	$R_{YX-XY}$[0, 1]
Current grad: 13.082860076621833
New op index: 29	$R_{YX-XY}$[2, 3]
Current grad: 9.5000281442602
New op index: 7	$R_Y$[2]
Current grad: 70.39522039343663
New op index: 29	$R_{YX-XY}$[2, 3]
Current grad: 10.188663756070715
New op index: 37	$R_{YX-XY}$[6, 7]
Current grad: 6.5733334407477475
New op index: 22	$R_Y$[7]
Current grad: 67.51547831569515
New op index: 37	$R_{YX-XY}$[6, 7]
Current grad: 8.511347642565037
New op index: 33	$R_{YX-XY}$[4, 5]
Current grad: 4.92859343471126
New op index: 13	$R_Y$[4]
Current grad: 72.43152094754397
New op index: 33	$R_{YX-XY}$[4, 5]
Current grad: 5.507808835959592
New op index: 25	$R_{YX-XY}$[0, 1]
Current grad: 8.465639214095419e-05
Precision cutoff reached.
Calculating energies for FreeWilson2D(N_x=2, N_y=2, mass=-0.122, r=1.000)
h_im: 0.0
New op index: 25	$R_{YX-XY}$[0, 1]
Current grad: 12.775510204081614
0:	0.00e+00	0.00e+00
1:	9.39e-01	0.00e+00
2:	0.00e+00	0.00e+00
3:	0.00e+00	0.00e+00
4:	-4.39e-01	0.00e+00
5:	0.00e+00	0.00e+00
6:	0.00e+00	0.00e+00
7:	4.39e-01	0.00e+00
8:	0.00e+00	0.00e+00
9:	0.00e+00	0.00e+00
10:	-9.39e-01	-5.00e-01
11:	0.00e+00	-5.00e-01
12:	0.00e+00	0.00e+00
13:	-9.39e-01	-5.00e-01
14:	0.00e+00	-5.00e-01
15:	0.00e+00	2.10e-15
16:	4.39e-01	2.08e-15
17:	0.00e+00	1.39e-17
18:	0.00e+00	2.10e-15
19:	-4.39e-01	2.11e-15
20:	0.00e+00	6.94e-18
21:	0.00e+00	2.10e-15
22:	9.39e-01	2.07e-15
23:	0.00e+00	1.39e-17
24:	0.00e+00	0.00e+00
25:	1.38e+00	0.00e+00
26:	0.00e+00	0.00e+00
27:	-8.78e-01	0.00e+00
28:	0.00e+00	-5.00e-01
29:	1.38e+00	-5.00e-01
30:	0.00e+00	6.94e-18
31:	0.00e+00	-2.00e+00
32:	0.00e+00	-5.00e-01
33:	-1.38e+00	-5.00e-01
34:	0.00e+00	2.08e-17
35:	8.78e-01	2.08e-17
36:	0.00e+00	2.08e-17
37:	-1.38e+00	2.08e-17
New op index: 1	$R_Y$[0]
Current grad: 74.3518395574963
New op index: 25	$R_{YX-XY}$[0, 1]
Current grad: 14.584434762392215
New op index: 29	$R_{YX-XY}$[2, 3]
Current grad: 10.642939682276541
New op index: 10	$R_Y$[3]
Current grad: 86.85607875050013
New op index: 29	$R_{YX-XY}$[2, 3]
Current grad: 11.36134003086645
New op index: 37	$R_{YX-XY}$[6, 7]
Current grad: 7.3878001001929015
New op index: 22	$R_Y$[7]
Current grad: 68.96369167117876
New op index: 37	$R_{YX-XY}$[6, 7]
Current grad: 9.196675197220813
New op index: 33	$R_{YX-XY}$[4, 5]
Current grad: 5.255150104176877
New op index: 16	$R_Y$[5]
Current grad: 72.54734956357149
New op index: 33	$R_{YX-XY}$[4, 5]
Current grad: 5.853538640234005
New op index: 1	$R_Y$[0]
Current grad: 0.001071219403568138
Parameter value cutoff reached.
Calculating energies for FreeWilson2D(N_x=2, N_y=2, mass=0.041, r=1.000)
h_im: 0.0
New op index: 25	$R_{YX-XY}$[0, 1]
Current grad: 14.408163265306104
0:	0.00e+00	0.00e+00
1:	1.02e+00	0.00e+00
2:	0.00e+00	0.00e+00
3:	0.00e+00	0.00e+00
4:	-5.20e-01	0.00e+00
5:	0.00e+00	0.00e+00
6:	0.00e+00	0.00e+00
7:	5.20e-01	0.00e+00
8:	0.00e+00	0.00e+00
9:	0.00e+00	0.00e+00
10:	-1.02e+00	-5.00e-01
11:	0.00e+00	-5.00e-01
12:	0.00e+00	0.00e+00
13:	-1.02e+00	-5.00e-01
14:	0.00e+00	-5.00e-01
15:	0.00e+00	2.10e-15
16:	5.20e-01	2.07e-15
17:	0.00e+00	1.39e-17
18:	0.00e+00	2.10e-15
19:	-5.20e-01	2.11e-15
20:	0.00e+00	6.94e-18
21:	0.00e+00	2.10e-15
22:	1.02e+00	2.07e-15
23:	0.00e+00	1.39e-17
24:	0.00e+00	0.00e+00
25:	1.54e+00	0.00e+00
26:	0.00e+00	0.00e+00
27:	-1.04e+00	0.00e+00
28:	0.00e+00	-5.00e-01
29:	1.54e+00	-5.00e-01
30:	0.00e+00	6.94e-18
31:	0.00e+00	-2.00e+00
32:	0.00e+00	-5.00e-01
33:	-1.54e+00	-5.00e-01
34:	0.00e+00	2.08e-17
35:	1.04e+00	2.08e-17
36:	0.00e+00	2.08e-17
37:	-1.54e+00	2.08e-17
New op index: 1	$R_Y$[0]
Current grad: 76.45296616754355
New op index: 25	$R_{YX-XY}$[0, 1]
Current grad: 16.088931892334195
New op index: 29	$R_{YX-XY}$[2, 3]
Current grad: 11.785750467086682
New op index: 10	$R_Y$[3]
Current grad: 87.19635212619444
New op index: 29	$R_{YX-XY}$[2, 3]
Current grad: 12.534330690010039
New op index: 33	$R_{YX-XY}$[4, 5]
Current grad: 8.204126049531435
New op index: 13	$R_Y$[4]
Current grad: 69.75727265316544
New op index: 33	$R_{YX-XY}$[4, 5]
Current grad: 9.844673730654506
New op index: 37	$R_{YX-XY}$[6, 7]
Current grad: 4.582003328910755
New op index: 22	$R_Y$[7]
Current grad: 72.1631939235616
New op index: 37	$R_{YX-XY}$[6, 7]
Current grad: 5.241578131916015
New op index: 29	$R_{YX-XY}$[2, 3]
Current grad: 8.553878999418036e-05
Precision cutoff reached.
Calculating energies for FreeWilson2D(N_x=2, N_y=2, mass=0.204, r=1.000)
h_im: 0.0
New op index: 25	$R_{YX-XY}$[0, 1]
Current grad: 16.0408163265306
0:	0.00e+00	0.00e+00
1:	1.10e+00	0.00e+00
2:	0.00e+00	0.00e+00
3:	0.00e+00	0.00e+00
4:	-6.02e-01	0.00e+00
5:	0.00e+00	0.00e+00
6:	0.00e+00	0.00e+00
7:	6.02e-01	0.00e+00
8:	0.00e+00	0.00e+00
9:	0.00e+00	0.00e+00
10:	-1.10e+00	-5.00e-01
11:	0.00e+00	-5.00e-01
12:	0.00e+00	0.00e+00
13:	-1.10e+00	-5.00e-01
14:	0.00e+00	-5.00e-01
15:	0.00e+00	2.10e-15
16:	6.02e-01	2.07e-15
17:	0.00e+00	1.39e-17
18:	0.00e+00	2.10e-15
19:	-6.02e-01	2.11e-15
20:	0.00e+00	6.94e-18
21:	0.00e+00	2.09e-15
22:	1.10e+00	2.07e-15
23:	0.00e+00	1.39e-17
24:	0.00e+00	0.00e+00
25:	1.70e+00	0.00e+00
26:	0.00e+00	0.00e+00
27:	-1.20e+00	0.00e+00
28:	0.00e+00	-5.00e-01
29:	1.70e+00	-5.00e-01
30:	0.00e+00	6.94e-18
31:	0.00e+00	-2.00e+00
32:	0.00e+00	-5.00e-01
33:	-1.70e+00	-5.00e-01
34:	0.00e+00	2.08e-17
35:	1.20e+00	2.08e-17
36:	0.00e+00	2.08e-17
37:	-1.70e+00	2.08e-17
New op index: 1	$R_Y$[0]
Current grad: 78.43218962449136
New op index: 25	$R_{YX-XY}$[0, 1]
Current grad: 17.596216846083554
New op index: 29	$R_{YX-XY}$[2, 3]
Current grad: 12.92862870033192
New op index: 10	$R_Y$[3]
Current grad: 87.62740161460822
New op index: 29	$R_{YX-XY}$[2, 3]
Current grad: 13.709294904440952
New op index: 37	$R_{YX-XY}$[6, 7]
Current grad: 9.020451161662294
New op index: 22	$R_Y$[7]
Current grad: 71.4126319589408
New op index: 37	$R_{YX-XY}$[6, 7]
Current grad: 10.575795581575928
New op index: 33	$R_{YX-XY}$[4, 5]
Current grad: 5.90839541795987
New op index: 13	$R_Y$[4]
Current grad: 72.78009863830657
New op index: 33	$R_{YX-XY}$[4, 5]
Current grad: 6.549987203695912
New op index: 7	$R_Y$[2]
Current grad: 3.106981030872473e-05
Precision cutoff reached.
Calculating energies for FreeWilson2D(N_x=2, N_y=2, mass=0.367, r=1.000)
h_im: 0.0
New op index: 25	$R_{YX-XY}$[0, 1]
Current grad: 17.673469387755077
0:	0.00e+00	0.00e+00
1:	1.18e+00	0.00e+00
2:	0.00e+00	0.00e+00
3:	0.00e+00	0.00e+00
4:	-6.84e-01	0.00e+00
5:	0.00e+00	0.00e+00
6:	0.00e+00	0.00e+00
7:	6.84e-01	0.00e+00
8:	0.00e+00	0.00e+00
9:	0.00e+00	0.00e+00
10:	-1.18e+00	-5.00e-01
11:	0.00e+00	-5.00e-01
12:	0.00e+00	0.00e+00
13:	-1.18e+00	-5.00e-01
14:	0.00e+00	-5.00e-01
15:	0.00e+00	2.10e-15
16:	6.84e-01	2.07e-15
17:	0.00e+00	1.39e-17
18:	0.00e+00	2.10e-15
19:	-6.84e-01	2.11e-15
20:	0.00e+00	6.94e-18
21:	0.00e+00	2.09e-15
22:	1.18e+00	2.07e-15
23:	0.00e+00	1.39e-17
24:	0.00e+00	0.00e+00
25:	1.87e+00	0.00e+00
26:	0.00e+00	0.00e+00
27:	-1.37e+00	0.00e+00
28:	0.00e+00	-5.00e-01
29:	1.87e+00	-5.00e-01
30:	0.00e+00	6.94e-18
31:	0.00e+00	-2.00e+00
32:	0.00e+00	-5.00e-01
33:	-1.87e+00	-5.00e-01
34:	0.00e+00	2.08e-17
35:	1.37e+00	2.08e-17
36:	0.00e+00	2.08e-17
37:	-1.87e+00	2.08e-17
New op index: 1	$R_Y$[0]
Current grad: 80.3180286268285
New op index: 25	$R_{YX-XY}$[0, 1]
Current grad: 19.10661960807339
New op index: 29	$R_{YX-XY}$[2, 3]
Current grad: 14.07144086574024
New op index: 10	$R_Y$[3]
Current grad: 88.12909030552927
New op index: 29	$R_{YX-XY}$[2, 3]
Current grad: 14.886085733416483
New op index: 33	$R_{YX-XY}$[4, 5]
Current grad: 9.836801767002289
New op index: 13	$R_Y$[4]
Current grad: 71.9880882279482
New op index: 33	$R_{YX-XY}$[4, 5]
Current grad: 11.223209586995624
New op index: 37	$R_{YX-XY}$[6, 7]
Current grad: 5.235025426483838
New op index: 22	$R_Y$[7]
Current grad: 72.3962779436455
New op index: 37	$R_{YX-XY}$[6, 7]
Current grad: 5.948525742088259
New op index: 29	$R_{YX-XY}$[2, 3]
Current grad: 9.112896711680336e-05
Precision cutoff reached.
Calculating energies for FreeWilson2D(N_x=2, N_y=2, mass=0.531, r=1.000)
h_im: 0.0
New op index: 25	$R_{YX-XY}$[0, 1]
Current grad: 19.306122448979565
0:	0.00e+00	0.00e+00
1:	1.27e+00	0.00e+00
2:	0.00e+00	0.00e+00
3:	0.00e+00	0.00e+00
4:	-7.65e-01	0.00e+00
5:	0.00e+00	0.00e+00
6:	0.00e+00	0.00e+00
7:	7.65e-01	0.00e+00
8:	0.00e+00	0.00e+00
9:	0.00e+00	0.00e+00
10:	-1.27e+00	-5.00e-01
11:	0.00e+00	-5.00e-01
12:	0.00e+00	0.00e+00
13:	-1.27e+00	-5.00e-01
14:	0.00e+00	-5.00e-01
15:	0.00e+00	2.10e-15
16:	7.65e-01	2.07e-15
17:	0.00e+00	1.39e-17
18:	0.00e+00	2.10e-15
19:	-7.65e-01	2.11e-15
20:	0.00e+00	6.94e-18
21:	0.00e+00	2.09e-15
22:	1.27e+00	2.07e-15
23:	0.00e+00	1.39e-17
24:	0.00e+00	0.00e+00
25:	2.03e+00	0.00e+00
26:	0.00e+00	0.00e+00
27:	-1.53e+00	0.00e+00
28:	0.00e+00	-5.00e-01
29:	2.03e+00	-5.00e-01
30:	0.00e+00	6.94e-18
31:	0.00e+00	-2.00e+00
32:	0.00e+00	-5.00e-01
33:	-2.03e+00	-5.00e-01
34:	0.00e+00	2.08e-17
35:	1.53e+00	2.08e-17
36:	0.00e+00	2.08e-17
37:	-2.03e+00	2.08e-17
New op index: 1	$R_Y$[0]
Current grad: 82.13067582032372
New op index: 25	$R_{YX-XY}$[0, 1]
Current grad: 20.619799154200887
New op index: 29	$R_{YX-XY}$[2, 3]
Current grad: 15.214301376439739
New op index: 10	$R_Y$[3]
Current grad: 88.6881066508544
New op index: 29	$R_{YX-XY}$[2, 3]
Current grad: 16.064634847095657
New op index: 33	$R_{YX-XY}$[4, 5]
Current grad: 10.653107858820766
New op index: 13	$R_Y$[4]
Current grad: 72.98263370410122
New op index: 33	$R_{YX-XY}$[4, 5]
Current grad: 11.916857993862205
New op index: 37	$R_{YX-XY}$[6, 7]
Current grad: 5.561245638223374
New op index: 22	$R_Y$[7]
Current grad: 72.51253633800233
New op index: 37	$R_{YX-XY}$[6, 7]
Current grad: 6.304953156858005
New op index: 4	$R_Y$[1]
Current grad: 0.00046325715585762874
Parameter value cutoff reached.
Calculating energies for FreeWilson2D(N_x=2, N_y=2, mass=0.694, r=1.000)
h_im: 0.0
New op index: 25	$R_{YX-XY}$[0, 1]
Current grad: 20.93877551020406
0:	0.00e+00	0.00e+00
1:	1.35e+00	0.00e+00
2:	0.00e+00	0.00e+00
3:	0.00e+00	0.00e+00
4:	-8.47e-01	0.00e+00
5:	0.00e+00	0.00e+00
6:	0.00e+00	0.00e+00
7:	8.47e-01	0.00e+00
8:	0.00e+00	0.00e+00
9:	0.00e+00	0.00e+00
10:	-1.35e+00	-5.00e-01
11:	0.00e+00	-5.00e-01
12:	0.00e+00	0.00e+00
13:	-1.35e+00	-5.00e-01
14:	0.00e+00	-5.00e-01
15:	0.00e+00	2.10e-15
16:	8.47e-01	2.07e-15
17:	0.00e+00	1.39e-17
18:	0.00e+00	2.10e-15
19:	-8.47e-01	2.11e-15
20:	0.00e+00	6.94e-18
21:	0.00e+00	2.09e-15
22:	1.35e+00	2.07e-15
23:	0.00e+00	1.39e-17
24:	0.00e+00	0.00e+00
25:	2.19e+00	0.00e+00
26:	0.00e+00	0.00e+00
27:	-1.69e+00	0.00e+00
28:	0.00e+00	-5.00e-01
29:	2.19e+00	-5.00e-01
30:	0.00e+00	6.94e-18
31:	0.00e+00	-2.00e+00
32:	0.00e+00	-5.00e-01
33:	-2.19e+00	-5.00e-01
34:	0.00e+00	2.08e-17
35:	1.69e+00	2.08e-17
36:	0.00e+00	2.08e-17
37:	-2.19e+00	2.08e-17
New op index: 1	$R_Y$[0]
Current grad: 83.88429097130148
New op index: 25	$R_{YX-XY}$[0, 1]
Current grad: 22.13586055847256
New op index: 29	$R_{YX-XY}$[2, 3]
Current grad: 16.357167347587957
New op index: 10	$R_Y$[3]
Current grad: 89.29346451795872
New op index: 29	$R_{YX-XY}$[2, 3]
Current grad: 17.24499073461285
New op index: 33	$R_{YX-XY}$[4, 5]
Current grad: 11.469424210527395
New op index: 13	$R_Y$[4]
Current grad: 73.91942758285107
New op index: 33	$R_{YX-XY}$[4, 5]
Current grad: 12.613594140234007
New op index: 37	$R_{YX-XY}$[6, 7]
Current grad: 5.887833287444483
New op index: 22	$R_Y$[7]
Current grad: 72.62911129243075
New op index: 37	$R_{YX-XY}$[6, 7]
Current grad: 6.662892086373817
New op index: 25	$R_{YX-XY}$[0, 1]
Current grad: 6.897196959276824e-05
Precision cutoff reached.
Calculating energies for FreeWilson2D(N_x=2, N_y=2, mass=0.857, r=1.000)
h_im: 0.0
New op index: 25	$R_{YX-XY}$[0, 1]
Current grad: 22.571428571428545
0:	0.00e+00	0.00e+00
1:	1.43e+00	0.00e+00
2:	0.00e+00	0.00e+00
3:	0.00e+00	0.00e+00
4:	-9.29e-01	0.00e+00
5:	0.00e+00	0.00e+00
6:	0.00e+00	0.00e+00
7:	9.29e-01	0.00e+00
8:	0.00e+00	0.00e+00
9:	0.00e+00	0.00e+00
10:	-1.43e+00	-5.00e-01
11:	0.00e+00	-5.00e-01
12:	0.00e+00	0.00e+00
13:	-1.43e+00	-5.00e-01
14:	0.00e+00	-5.00e-01
15:	0.00e+00	2.10e-15
16:	9.29e-01	2.07e-15
17:	0.00e+00	1.39e-17
18:	0.00e+00	2.11e-15
19:	-9.29e-01	2.11e-15
20:	0.00e+00	6.94e-18
21:	0.00e+00	2.09e-15
22:	1.43e+00	2.06e-15
23:	0.00e+00	1.39e-17
24:	0.00e+00	0.00e+00
25:	2.36e+00	0.00e+00
26:	0.00e+00	0.00e+00
27:	-1.86e+00	0.00e+00
28:	0.00e+00	-5.00e-01
29:	2.36e+00	-5.00e-01
30:	0.00e+00	6.94e-18
31:	0.00e+00	-2.00e+00
32:	0.00e+00	-5.00e-01
33:	-2.36e+00	-5.00e-01
34:	0.00e+00	2.08e-17
35:	1.86e+00	2.08e-17
36:	0.00e+00	2.08e-17
37:	-2.36e+00	2.08e-17
New op index: 1	$R_Y$[0]
Current grad: 85.5903848258555
New op index: 25	$R_{YX-XY}$[0, 1]
Current grad: 23.654708659884808
New op index: 29	$R_{YX-XY}$[2, 3]
Current grad: 17.500091772194526
New op index: 10	$R_Y$[3]
Current grad: 89.9369894130623
New op index: 29	$R_{YX-XY}$[2, 3]
Current grad: 18.42708649404266
New op index: 37	$R_{YX-XY}$[6, 7]
Current grad: 12.285754175965229
New op index: 22	$R_Y$[7]
Current grad: 75.30430912190245
New op index: 37	$R_{YX-XY}$[6, 7]
Current grad: 13.369088946184355
New op index: 33	$R_{YX-XY}$[4, 5]
Current grad: 7.214317826632327
New op index: 13	$R_Y$[4]
Current grad: 73.2450327058349
New op index: 33	$R_{YX-XY}$[4, 5]
Current grad: 7.965972999933374
New op index: 13	$R_Y$[4]
Current grad: 0.0013282711542976547
Parameter value cutoff reached.
Calculating energies for FreeWilson2D(N_x=2, N_y=2, mass=1.020, r=1.000)
h_im: 0.0
New op index: 25	$R_{YX-XY}$[0, 1]
Current grad: 24.20408163265304
0:	0.00e+00	0.00e+00
1:	1.51e+00	0.00e+00
2:	0.00e+00	0.00e+00
3:	0.00e+00	0.00e+00
4:	-1.01e+00	0.00e+00
5:	0.00e+00	0.00e+00
6:	0.00e+00	0.00e+00
7:	1.01e+00	0.00e+00
8:	0.00e+00	0.00e+00
9:	0.00e+00	0.00e+00
10:	-1.51e+00	-5.00e-01
11:	0.00e+00	-5.00e-01
12:	0.00e+00	0.00e+00
13:	-1.51e+00	-5.00e-01
14:	0.00e+00	-5.00e-01
15:	0.00e+00	2.10e-15
16:	1.01e+00	2.07e-15
17:	0.00e+00	1.39e-17
18:	0.00e+00	2.11e-15
19:	-1.01e+00	2.11e-15
20:	0.00e+00	6.94e-18
21:	0.00e+00	2.09e-15
22:	1.51e+00	2.06e-15
23:	0.00e+00	1.39e-17
24:	0.00e+00	0.00e+00
25:	2.52e+00	0.00e+00
26:	0.00e+00	0.00e+00
27:	-2.02e+00	0.00e+00
28:	0.00e+00	-5.00e-01
29:	2.52e+00	-5.00e-01
30:	0.00e+00	6.94e-18
31:	0.00e+00	-2.00e+00
32:	0.00e+00	-5.00e-01
33:	-2.52e+00	-5.00e-01
34:	0.00e+00	2.08e-17
35:	2.02e+00	2.08e-17
36:	0.00e+00	2.08e-17
37:	-2.52e+00	2.08e-17
New op index: 1	$R_Y$[0]
Current grad: 87.2558860713252
New op index: 25	$R_{YX-XY}$[0, 1]
Current grad: 25.176455063871018
New op index: 29	$R_{YX-XY}$[2, 3]
Current grad: 18.64289105065313
New op index: 10	$R_Y$[3]
Current grad: 90.61253895536
New op index: 29	$R_{YX-XY}$[2, 3]
Current grad: 19.61090268757974
New op index: 37	$R_{YX-XY}$[6, 7]
Current grad: 13.102067441013702
New op index: 22	$R_Y$[7]
Current grad: 76.15435100520902
New op index: 37	$R_{YX-XY}$[6, 7]
Current grad: 14.074500364145631
New op index: 33	$R_{YX-XY}$[4, 5]
Current grad: 7.540910245674661
New op index: 16	$R_Y$[5]
Current grad: 73.36120984880243
New op index: 33	$R_{YX-XY}$[4, 5]
Current grad: 8.324499482680828
New op index: 25	$R_{YX-XY}$[0, 1]
Current grad: 5.692415330664096e-05
Precision cutoff reached.
Calculating energies for FreeWilson2D(N_x=2, N_y=2, mass=1.184, r=1.000)
h_im: 0.0
New op index: 25	$R_{YX-XY}$[0, 1]
Current grad: 25.83673469387752
0:	0.00e+00	0.00e+00
1:	1.59e+00	0.00e+00
2:	0.00e+00	0.00e+00
3:	0.00e+00	0.00e+00
4:	-1.09e+00	0.00e+00
5:	0.00e+00	0.00e+00
6:	0.00e+00	0.00e+00
7:	1.09e+00	0.00e+00
8:	0.00e+00	0.00e+00
9:	0.00e+00	0.00e+00
10:	-1.59e+00	-5.00e-01
11:	0.00e+00	-5.00e-01
12:	0.00e+00	0.00e+00
13:	-1.59e+00	-5.00e-01
14:	0.00e+00	-5.00e-01
15:	0.00e+00	2.10e-15
16:	1.09e+00	2.07e-15
17:	0.00e+00	1.39e-17
18:	0.00e+00	2.11e-15
19:	-1.09e+00	2.11e-15
20:	0.00e+00	6.94e-18
21:	0.00e+00	2.09e-15
22:	1.59e+00	2.06e-15
23:	0.00e+00	1.39e-17
24:	0.00e+00	0.00e+00
25:	2.68e+00	0.00e+00
26:	0.00e+00	0.00e+00
27:	-2.18e+00	0.00e+00
28:	0.00e+00	-5.00e-01
29:	2.68e+00	-5.00e-01
30:	0.00e+00	6.94e-18
31:	0.00e+00	-2.00e+00
32:	0.00e+00	-5.00e-01
33:	-2.68e+00	-5.00e-01
34:	0.00e+00	2.08e-17
35:	2.18e+00	2.08e-17
36:	0.00e+00	2.08e-17
37:	-2.68e+00	2.08e-17
New op index: 1	$R_Y$[0]
Current grad: 88.8904876915168
New op index: 25	$R_{YX-XY}$[0, 1]
Current grad: 26.700973232405353
New op index: 29	$R_{YX-XY}$[2, 3]
Current grad: 19.785815713553415
New op index: 7	$R_Y$[2]
Current grad: 81.82578910952083
New op index: 29	$R_{YX-XY}$[2, 3]
Current grad: 20.792876774765872
New op index: 33	$R_{YX-XY}$[4, 5]
Current grad: 13.918510554185527
New op index: 13	$R_Y$[4]
Current grad: 76.4754228782784
New op index: 33	$R_{YX-XY}$[4, 5]
Current grad: 14.720011200602688
New op index: 37	$R_{YX-XY}$[6, 7]
Current grad: 6.868506933994155
New op index: 22	$R_Y$[7]
Current grad: 72.97797657569961
New op index: 37	$R_{YX-XY}$[6, 7]
Current grad: 7.747738701246005
New op index: 22	$R_Y$[7]
Current grad: 0.00013200814833711356
Parameter value cutoff reached.
Calculating energies for FreeWilson2D(N_x=2, N_y=2, mass=1.347, r=1.000)
h_im: 0.0
New op index: 25	$R_{YX-XY}$[0, 1]
Current grad: 27.469387755102005
0:	0.00e+00	0.00e+00
1:	1.67e+00	0.00e+00
2:	0.00e+00	0.00e+00
3:	0.00e+00	0.00e+00
4:	-1.17e+00	0.00e+00
5:	0.00e+00	0.00e+00
6:	0.00e+00	0.00e+00
7:	1.17e+00	0.00e+00
8:	0.00e+00	0.00e+00
9:	0.00e+00	0.00e+00
10:	-1.67e+00	-5.00e-01
11:	0.00e+00	-5.00e-01
12:	0.00e+00	0.00e+00
13:	-1.67e+00	-5.00e-01
14:	0.00e+00	-5.00e-01
15:	0.00e+00	2.10e-15
16:	1.17e+00	2.07e-15
17:	0.00e+00	1.39e-17
18:	0.00e+00	2.11e-15
19:	-1.17e+00	2.11e-15
20:	0.00e+00	6.94e-18
21:	0.00e+00	2.09e-15
22:	1.67e+00	2.06e-15
23:	0.00e+00	1.39e-17
24:	0.00e+00	0.00e+00
25:	2.85e+00	0.00e+00
26:	0.00e+00	0.00e+00
27:	-2.35e+00	0.00e+00
28:	0.00e+00	-5.00e-01
29:	2.85e+00	-5.00e-01
30:	0.00e+00	6.94e-18
31:	0.00e+00	-2.00e+00
32:	0.00e+00	-5.00e-01
33:	-2.85e+00	-5.00e-01
34:	0.00e+00	2.08e-17
35:	2.35e+00	2.08e-17
36:	0.00e+00	2.08e-17
37:	-2.85e+00	2.08e-17
New op index: 1	$R_Y$[0]
Current grad: 90.49688353751385
New op index: 25	$R_{YX-XY}$[0, 1]
Current grad: 28.228261605749445
New op index: 29	$R_{YX-XY}$[2, 3]
Current grad: 20.92859584407855
New op index: 7	$R_Y$[2]
Current grad: 82.93561914173742
New op index: 29	$R_{YX-XY}$[2, 3]
Current grad: 21.979725272055802
New op index: 37	$R_{YX-XY}$[6, 7]
Current grad: 14.734923901965402
New op index: 22	$R_Y$[7]
Current grad: 77.76218645475954
New op index: 37	$R_{YX-XY}$[6, 7]
Current grad: 15.493770619530167
New op index: 33	$R_{YX-XY}$[4, 5]
Current grad: 8.194395483099097
New op index: 13	$R_Y$[4]
Current grad: 73.59371669532891
New op index: 33	$R_{YX-XY}$[4, 5]
Current grad: 9.046088332515254
New op index: 19	$R_Y$[6]
Current grad: 0.00025581386598311115
Parameter value cutoff reached.
Calculating energies for FreeWilson2D(N_x=2, N_y=2, mass=1.510, r=1.000)
h_im: 0.0
New op index: 25	$R_{YX-XY}$[0, 1]
Current grad: 29.1020408163265
0:	0.00e+00	0.00e+00
1:	1.76e+00	0.00e+00
2:	0.00e+00	0.00e+00
3:	0.00e+00	0.00e+00
4:	-1.26e+00	0.00e+00
5:	0.00e+00	0.00e+00
6:	0.00e+00	0.00e+00
7:	1.26e+00	0.00e+00
8:	0.00e+00	0.00e+00
9:	0.00e+00	0.00e+00
10:	-1.76e+00	-5.00e-01
11:	0.00e+00	-5.00e-01
12:	0.00e+00	0.00e+00
13:	-1.76e+00	-5.00e-01
14:	0.00e+00	-5.00e-01
15:	0.00e+00	2.10e-15
16:	1.26e+00	2.07e-15
17:	0.00e+00	1.39e-17
18:	0.00e+00	2.11e-15
19:	-1.26e+00	2.11e-15
20:	0.00e+00	6.94e-18
21:	0.00e+00	2.09e-15
22:	1.76e+00	2.06e-15
23:	0.00e+00	1.39e-17
24:	0.00e+00	0.00e+00
25:	3.01e+00	0.00e+00
26:	0.00e+00	0.00e+00
27:	-2.51e+00	0.00e+00
28:	0.00e+00	-5.00e-01
29:	3.01e+00	-5.00e-01
30:	0.00e+00	6.94e-18
31:	0.00e+00	-2.00e+00
32:	0.00e+00	-5.00e-01
33:	-3.01e+00	-5.00e-01
34:	0.00e+00	2.08e-17
35:	2.51e+00	2.08e-17
36:	0.00e+00	2.08e-17
37:	-3.01e+00	2.08e-17
New op index: 1	$R_Y$[0]
Current grad: 92.07973518013983
New op index: 25	$R_{YX-XY}$[0, 1]
Current grad: 29.75828623843871
New op index: 29	$R_{YX-XY}$[2, 3]
Current grad: 22.071493016829308
New op index: 7	$R_Y$[2]
Current grad: 84.02965084164174
New op index: 29	$R_{YX-XY}$[2, 3]
Current grad: 23.168599307534244
New op index: 33	$R_{YX-XY}$[4, 5]
Current grad: 15.551079006425455
New op index: 13	$R_Y$[4]
Current grad: 78.03187649607939
New op index: 33	$R_{YX-XY}$[4, 5]
Current grad: 16.138340974724315
New op index: 37	$R_{YX-XY}$[6, 7]
Current grad: 7.520644240251952
New op index: 19	$R_Y$[6]
Current grad: 73.21047366282494
New op index: 37	$R_{YX-XY}$[6, 7]
Current grad: 8.479762843845949
New op index: 29	$R_{YX-XY}$[2, 3]
Current grad: 0.0002887654715421174
Adding the same operator twice is not sensible, terminating.
Calculating energies for FreeWilson2D(N_x=2, N_y=2, mass=1.673, r=1.000)
h_im: 0.0
New op index: 25	$R_{YX-XY}$[0, 1]
Current grad: 30.73469387755099
0:	0.00e+00	0.00e+00
1:	1.84e+00	0.00e+00
2:	0.00e+00	0.00e+00
3:	0.00e+00	0.00e+00
4:	-1.34e+00	0.00e+00
5:	0.00e+00	0.00e+00
6:	0.00e+00	0.00e+00
7:	1.34e+00	0.00e+00
8:	0.00e+00	0.00e+00
9:	0.00e+00	0.00e+00
10:	-1.84e+00	-5.00e-01
11:	0.00e+00	-5.00e-01
12:	0.00e+00	0.00e+00
13:	-1.84e+00	-5.00e-01
14:	0.00e+00	-5.00e-01
15:	0.00e+00	2.10e-15
16:	1.34e+00	2.07e-15
17:	0.00e+00	1.39e-17
18:	0.00e+00	2.11e-15
19:	-1.34e+00	2.12e-15
20:	0.00e+00	6.94e-18
21:	0.00e+00	2.09e-15
22:	1.84e+00	2.06e-15
23:	0.00e+00	1.39e-17
24:	0.00e+00	0.00e+00
25:	3.17e+00	0.00e+00
26:	0.00e+00	0.00e+00
27:	-2.67e+00	0.00e+00
28:	0.00e+00	-5.00e-01
29:	3.17e+00	-5.00e-01
30:	0.00e+00	6.94e-18
31:	0.00e+00	-2.00e+00
32:	0.00e+00	-5.00e-01
33:	-3.17e+00	-5.00e-01
34:	0.00e+00	2.08e-17
35:	2.67e+00	2.08e-17
36:	0.00e+00	2.08e-17
37:	-3.17e+00	2.08e-17
New op index: 1	$R_Y$[0]
Current grad: 93.64299677776293
New op index: 25	$R_{YX-XY}$[0, 1]
Current grad: 31.29101500126986
New op index: 29	$R_{YX-XY}$[2, 3]
Current grad: 23.21446645430663
New op index: 7	$R_Y$[2]
Current grad: 85.10980908430028
New op index: 29	$R_{YX-XY}$[2, 3]
Current grad: 24.358480584297023
New op index: 33	$R_{YX-XY}$[4, 5]
Current grad: 16.367370745150446
New op index: 13	$R_Y$[4]
Current grad: 78.77807030649767
New op index: 33	$R_{YX-XY}$[4, 5]
Current grad: 16.851490264398883
New op index: 37	$R_{YX-XY}$[6, 7]
Current grad: 7.846956142359515
New op index: 19	$R_Y$[6]
Current grad: 73.32603606978135
New op index: 37	$R_{YX-XY}$[6, 7]
Current grad: 8.848302220106136
New op index: 29	$R_{YX-XY}$[2, 3]
Current grad: 0.00037788624301128516
Adding the same operator twice is not sensible, terminating.
Calculating energies for FreeWilson2D(N_x=2, N_y=2, mass=1.837, r=1.000)
h_im: 0.0
New op index: 25	$R_{YX-XY}$[0, 1]
Current grad: 32.367346938775476
0:	0.00e+00	0.00e+00
1:	1.92e+00	0.00e+00
2:	0.00e+00	0.00e+00
3:	0.00e+00	0.00e+00
4:	-1.42e+00	0.00e+00
5:	0.00e+00	0.00e+00
6:	0.00e+00	0.00e+00
7:	1.42e+00	0.00e+00
8:	0.00e+00	0.00e+00
9:	0.00e+00	0.00e+00
10:	-1.92e+00	-5.00e-01
11:	0.00e+00	-5.00e-01
12:	0.00e+00	0.00e+00
13:	-1.92e+00	-5.00e-01
14:	0.00e+00	-5.00e-01
15:	0.00e+00	2.10e-15
16:	1.42e+00	2.07e-15
17:	0.00e+00	1.39e-17
18:	0.00e+00	2.11e-15
19:	-1.42e+00	2.12e-15
20:	0.00e+00	6.94e-18
21:	0.00e+00	2.09e-15
22:	1.92e+00	2.06e-15
23:	0.00e+00	1.39e-17
24:	0.00e+00	0.00e+00
25:	3.34e+00	0.00e+00
26:	0.00e+00	0.00e+00
27:	-2.84e+00	0.00e+00
28:	0.00e+00	-5.00e-01
29:	3.34e+00	-5.00e-01
30:	0.00e+00	6.94e-18
31:	0.00e+00	-2.00e+00
32:	0.00e+00	-5.00e-01
33:	-3.34e+00	-5.00e-01
34:	0.00e+00	2.08e-17
35:	2.84e+00	2.08e-17
36:	0.00e+00	2.08e-17
37:	-3.34e+00	2.08e-17
New op index: 1	$R_Y$[0]
Current grad: 95.18883129144231
New op index: 25	$R_{YX-XY}$[0, 1]
Current grad: 32.826670556338456
New op index: 29	$R_{YX-XY}$[2, 3]
Current grad: 24.357185708133464
New op index: 7	$R_Y$[2]
Current grad: 86.17729950267373
New op index: 29	$R_{YX-XY}$[2, 3]
Current grad: 25.550251353425967
New op index: 33	$R_{YX-XY}$[4, 5]
Current grad: 17.1837165858765
New op index: 13	$R_Y$[4]
Current grad: 79.50732110006702
New op index: 33	$R_{YX-XY}$[4, 5]
Current grad: 17.567659169336697
New op index: 37	$R_{YX-XY}$[6, 7]
Current grad: 8.173789033636568
New op index: 22	$R_Y$[7]
Current grad: 73.4422804909539
New op index: 37	$R_{YX-XY}$[6, 7]
Current grad: 9.218448536978569
New op index: 16	$R_Y$[5]
Current grad: 0.0002236579975825893
Parameter value cutoff reached.
Calculating energies for FreeWilson2D(N_x=2, N_y=2, mass=2.000, r=1.000)
h_im: 0.0
New op index: 25	$R_{YX-XY}$[0, 1]
Current grad: 33.99999999999997
0:	0.00e+00	0.00e+00
1:	2.00e+00	0.00e+00
2:	0.00e+00	0.00e+00
3:	0.00e+00	0.00e+00
4:	-1.50e+00	0.00e+00
5:	0.00e+00	0.00e+00
6:	0.00e+00	0.00e+00
7:	1.50e+00	0.00e+00
8:	0.00e+00	0.00e+00
9:	0.00e+00	0.00e+00
10:	-2.00e+00	-5.00e-01
11:	0.00e+00	-5.00e-01
12:	0.00e+00	0.00e+00
13:	-2.00e+00	-5.00e-01
14:	0.00e+00	-5.00e-01
15:	0.00e+00	2.10e-15
16:	1.50e+00	2.07e-15
17:	0.00e+00	1.39e-17
18:	0.00e+00	2.11e-15
19:	-1.50e+00	2.12e-15
20:	0.00e+00	6.94e-18
21:	0.00e+00	2.09e-15
22:	2.00e+00	2.06e-15
23:	0.00e+00	1.39e-17
24:	0.00e+00	0.00e+00
25:	3.50e+00	0.00e+00
26:	0.00e+00	0.00e+00
27:	-3.00e+00	0.00e+00
28:	0.00e+00	-5.00e-01
29:	3.50e+00	-5.00e-01
30:	0.00e+00	6.94e-18
31:	0.00e+00	-2.00e+00
32:	0.00e+00	-5.00e-01
33:	-3.50e+00	-5.00e-01
34:	0.00e+00	2.08e-17
35:	3.00e+00	2.08e-17
36:	0.00e+00	2.08e-17
37:	-3.50e+00	2.08e-17
New op index: 4	$R_Y$[1]
Current grad: 105.4156296994653
New op index: 25	$R_{YX-XY}$[0, 1]
Current grad: 34.38981959419057
New op index: 29	$R_{YX-XY}$[2, 3]
Current grad: 25.500142782468433
New op index: 7	$R_Y$[2]
Current grad: 87.23426185161377
New op index: 29	$R_{YX-XY}$[2, 3]
Current grad: 26.743471450316495
New op index: 33	$R_{YX-XY}$[4, 5]
Current grad: 18.000098962005513
New op index: 16	$R_Y$[5]
Current grad: 88.91732802304689
New op index: 33	$R_{YX-XY}$[4, 5]
Current grad: 18.3088680139753
New op index: 37	$R_{YX-XY}$[6, 7]
Current grad: 8.500367981308164
New op index: 22	$R_Y$[7]
Current grad: 73.5584847452394
New op index: 37	$R_{YX-XY}$[6, 7]
Current grad: 9.590313208617832
New op index: 37	$R_{YX-XY}$[6, 7]
Current grad: 0.00018062783268055313
Adding the same operator twice is not sensible, terminating.
-----Beginning pprint-----
/:
	Attributes:
		ProcessId: 23963697
	2025-11-20_17-06-40-23963697:
		Attributes:
			HamiltonianType: ZeroChargePenalty
			Last-Modified: 2025-11-20_17-06-40
			ProcessId: 23963697
			SimulatorType: Statevector
			SolverName: AdaptVQE
			SystemName: FreeWilson2D
			n_x: 2
			n_y: 2
			r: 1.0
		AdaptOptions:
			Attributes:
				gradient_hamiltonian_type: HamiltonianType.ZeroChargePenalty
				max_depth: 50
				prec_cutoff: 0.0001
				precision: 0
		AnsatzOperatorDerivatives: Dataset (dtype=float64, shape=(50, 14, 38), maxshape=(50, None, 38))
			Attributes:
				DIMENSION_LABELS: ['mass' 'AnsatzOperatorAxis' 'AnsatzPoolOperatorAxis']
				NDataDims: 2
		AnsatzOperatorSecondDerivatives: Dataset (dtype=float64, shape=(50, 14, 38), maxshape=(50, None, 38))
			Attributes:
				DIMENSION_LABELS: ['mass' 'AnsatzOperatorAxis' 'AnsatzPoolOperatorAxis']
				NDataDims: 2
		AnsatzOperators: Dataset (dtype=int64, shape=(50, 14), maxshape=(50, None))
			Attributes:
				DIMENSION_LABELS: ['mass' 'AnsatzOperatorAxis']
				NDataDims: 1
		Circuit:
			Attributes:
				Ansatz: HardwareAdaptAnsatz7
			AnsatzOptions:
				Attributes:
					num_qubits: 8
		CircuitParameters: Dataset (dtype=float64, shape=(50, 2110, 14), maxshape=(50, None, None))
			Attributes:
				DIMENSION_LABELS: ['mass' 'IterationAxis' 'CircuitParameterAxis']
				NDataDims: 2
		Data:
			Attributes:
			evs:
				Attributes:
				Hamiltonian: Dataset (dtype=float64, shape=(50, 2110), maxshape=(50, None))
					Attributes:
						DIMENSION_LABELS: ['mass' 'IterationAxis']
						NDataDims: 1
			stds:
				Attributes:
				Hamiltonian: Dataset (dtype=float64, shape=(50, 2110), maxshape=(50, None))
					Attributes:
						DIMENSION_LABELS: ['mass' 'IterationAxis']
						NDataDims: 1
		EstimatorOptions:
			Attributes:
				_VERSION: 2
				default_precision: Unset
				default_shots: Unset
				experimental: Unset
				max_execution_time: Unset
				resilience_level: Unset
				seed_estimator: 23963697
			dynamical_decoupling:
				Attributes:
					enable: Unset
					extra_slack_distribution: Unset
					scheduling_method: Unset
					sequence_type: Unset
					skip_reset_qubits: Unset
			environment:
				Attributes:
					callback: None
					job_tags: None
					log_level: WARNING
					private: False
			execution:
				Attributes:
					init_qubits: Unset
					rep_delay: Unset
			resilience:
				Attributes:
					layer_noise_model: Unset
					measure_mitigation: Unset
					pec_mitigation: Unset
					zne_mitigation: Unset
				layer_noise_learning:
					Attributes:
						layer_pair_depths: Unset
						max_layers_to_learn: Unset
						num_randomizations: Unset
						shots_per_randomization: Unset
				measure_noise_learning:
					Attributes:
						num_randomizations: Unset
						shots_per_randomization: Unset
				pec:
					Attributes:
						max_overhead: Unset
						noise_gain: Unset
				zne:
					Attributes:
						amplifier: Unset
						extrapolated_noise_factors: Unset
						extrapolator: Unset
						noise_factors: Unset
			simulator:
				Attributes:
					basis_gates: Unset
					coupling_map: Unset
					noise_model: Unset
					seed_simulator: Unset
			twirling:
				Attributes:
					enable_gates: Unset
					enable_measure: Unset
					num_randomizations: Unset
					shots_per_randomization: Unset
					strategy: Unset
		MetaData:
			Attributes:
			circuit_metadata: Dataset (dtype=object, shape=(50, 2110), maxshape=(50, None))
				Attributes:
					DIMENSION_LABELS: ['mass' 'IterationAxis']
					NDataDims: 1
			target_precision: Dataset (dtype=float64, shape=(50, 2110), maxshape=(50, None))
				Attributes:
					DIMENSION_LABELS: ['mass' 'IterationAxis']
					NDataDims: 1
			version: Dataset (dtype=int64, shape=(50, 2110), maxshape=(50, None))
				Attributes:
					DIMENSION_LABELS: ['mass' 'IterationAxis']
					NDataDims: 1
		NIterations: Dataset (dtype=int64, shape=(50,), maxshape=(50,))
			Attributes:
				DIMENSION_LABELS: ['mass']
				NDataDims: 0
		OptimizerOptions:
			Attributes:
				bounds: None
				callback: None
				constraints: []
				method: slsqp
				tol: 1e-09
				x0Seed: 23963697
			options:
				Attributes:
					disp: 0
					maxiter: 20000
		PresetPassManagerOptions:
			Attributes:
		SimulatorOptions:
			Attributes:
		StartIterations: Dataset (dtype=int64, shape=(50, 14), maxshape=(50, None))
			Attributes:
				DIMENSION_LABELS: ['mass' 'AnsatzOperatorAxis']
				NDataDims: 1
		VersionInfo:
			Attributes:
				QiskitAerVersion: 0.17.1
				QiskitIBMRuntimeVersion: 0.41.1
				QiskitVersion: 2.1.2
		mass: Dataset (dtype=float64, shape=(50,), maxshape=(50,))
			Attributes:
-----Ending pprint-----
End 2025-11-20 17:13:19 | 23963697 MyPyJob | lmnode200 | /home/s6nidich_hpc/PycharmProjects/QC-MasterThesis 

