Start 2025-11-21 14:30:33 | 23971060 MyPyJob | lmnode200 | /home/s6nidich_hpc/PycharmProjects/QC-MasterThesis 

Used python interpreter:
/home/s6nidich_hpc/PycharmProjects/QC-MasterThesis/.venv_intel_3_12_3/bin/python
Python version:
Python 3.12.3

Currently Loaded Modules:
  1) GCCcore/13.3.0                   7) Tcl/8.6.14-GCCcore-13.3.0
  2) zlib/1.3.1-GCCcore-13.3.0        8) SQLite/3.45.3-GCCcore-13.3.0
  3) binutils/2.42-GCCcore-13.3.0     9) XZ/5.4.5-GCCcore-13.3.0
  4) bzip2/1.0.8-GCCcore-13.3.0      10) libffi/3.4.5-GCCcore-13.3.0
  5) ncurses/6.5-GCCcore-13.3.0      11) OpenSSL/3
  6) libreadline/8.2-GCCcore-13.3.0  12) Python/3.12.3-GCCcore-13.3.0

 

Start of Program:

-----Beginning pprint-----
/:
	Attributes:
-----Ending pprint-----
Traceback (most recent call last):
  File "/home/s6nidich_hpc/PycharmProjects/QC-MasterThesis/main.py", line 116, in <module>
    rerun_vqe(f, sf["2025-11-20_18-55-43-23964375"])
  File "/home/s6nidich_hpc/PycharmProjects/QC-MasterThesis/main.py", line 88, in rerun_vqe
    my_vqe.run({HamiltonianParameters.XExtend: [2],
  File "/home/s6nidich_hpc/PycharmProjects/QC-MasterThesis/solver/variational_quantum_eigensolver.py", line 35, in run
    local_group, h5_saver, estimator, pm, x0 = self.initialize_run(parameters_dict_list, hamiltonian_type,
                                               ^^^^^^^^^^^^^^^^^^^^^^^^^^^^^^^^^^^^^^^^^^^^^^^^^^^^^^^^^^^
  File "/home/s6nidich_hpc/PycharmProjects/QC-MasterThesis/solver/base.py", line 276, in initialize_run
    local_group, h5_saver, test_hamiltonian = super().initialize_run(parameters_dict_list, hamiltonian_type)
                                              ^^^^^^^^^^^^^^^^^^^^^^^^^^^^^^^^^^^^^^^^^^^^^^^^^^^^^^^^^^^^^^
  File "/home/s6nidich_hpc/PycharmProjects/QC-MasterThesis/solver/base.py", line 57, in initialize_run
    h5_saver = H5Saver(local_group, parameters_dict_list)
               ^^^^^^^^^^^^^^^^^^^^^^^^^^^^^^^^^^^^^^^^^^
  File "/home/s6nidich_hpc/PycharmProjects/QC-MasterThesis/h5_interface.py", line 58, in __init__
    itertools.product(
TypeError: 'numpy.float64' object is not iterable
End 2025-11-21 14:30:35 | 23971060 MyPyJob | lmnode200 | /home/s6nidich_hpc/PycharmProjects/QC-MasterThesis 

