Start 2025-11-21 16:36:45 | 23972372 MyPyJob | lmnode193 | /home/s6nidich_hpc/PycharmProjects/QC-MasterThesis 

Used python interpreter:
/home/s6nidich_hpc/PycharmProjects/QC-MasterThesis/.venv_intel_3_12_3/bin/python
Python version:
Python 3.12.3

Currently Loaded Modules:
  1) GCCcore/13.3.0                   7) Tcl/8.6.14-GCCcore-13.3.0
  2) zlib/1.3.1-GCCcore-13.3.0        8) SQLite/3.45.3-GCCcore-13.3.0
  3) binutils/2.42-GCCcore-13.3.0     9) XZ/5.4.5-GCCcore-13.3.0
  4) bzip2/1.0.8-GCCcore-13.3.0      10) libffi/3.4.5-GCCcore-13.3.0
  5) ncurses/6.5-GCCcore-13.3.0      11) OpenSSL/3
  6) libreadline/8.2-GCCcore-13.3.0  12) Python/3.12.3-GCCcore-13.3.0

 

Start of Program:

-----Beginning pprint-----
/:
	Attributes:
-----Ending pprint-----
Calculating energies for FreeWilson2D(N_x=2, N_y=2, mass=-6.000, r=1.000)
Calculating energies for FreeWilson2D(N_x=2, N_y=2, mass=-5.837, r=1.000)
Calculating energies for FreeWilson2D(N_x=2, N_y=2, mass=-5.673, r=1.000)
Calculating energies for FreeWilson2D(N_x=2, N_y=2, mass=-5.510, r=1.000)
Calculating energies for FreeWilson2D(N_x=2, N_y=2, mass=-5.347, r=1.000)
Calculating energies for FreeWilson2D(N_x=2, N_y=2, mass=-5.184, r=1.000)
Traceback (most recent call last):
  File "/home/s6nidich_hpc/PycharmProjects/QC-MasterThesis/main.py", line 117, in <module>
    rerun_vqe(f, sf["2025-11-20_18-47-41-23964341"])
  File "/home/s6nidich_hpc/PycharmProjects/QC-MasterThesis/main.py", line 88, in rerun_vqe
    my_vqe.run({HamiltonianParameters.XExtend: [2],
  File "/home/s6nidich_hpc/PycharmProjects/QC-MasterThesis/solver/variational_quantum_eigensolver.py", line 35, in run
    local_group, h5_saver, estimator, pm, x0 = self.initialize_run(parameters_dict_list, hamiltonian_type,
                                               ^^^^^^^^^^^^^^^^^^^^^^^^^^^^^^^^^^^^^^^^^^^^^^^^^^^^^^^^^^^
  File "/home/s6nidich_hpc/PycharmProjects/QC-MasterThesis/solver/base.py", line 276, in initialize_run
    local_group, h5_saver, test_hamiltonian = super().initialize_run(parameters_dict_list, hamiltonian_type)
                                              ^^^^^^^^^^^^^^^^^^^^^^^^^^^^^^^^^^^^^^^^^^^^^^^^^^^^^^^^^^^^^^
  File "/home/s6nidich_hpc/PycharmProjects/QC-MasterThesis/solver/base.py", line 55, in initialize_run
    local_group = self.save_group.create_group(datetime.now().strftime('%Y-%m-%d_%H-%M-%S')
                  ^^^^^^^^^^^^^^^^^^^^^^^^^^^^^^^^^^^^^^^^^^^^^^^^^^^^^^^^^^^^^^^^^^^^^^^^^
  File "/home/s6nidich_hpc/PycharmProjects/QC-MasterThesis/.venv_intel_3_12_3/lib/python3.12/site-packages/h5py/_hl/group.py", line 64, in create_group
    gid = h5g.create(self.id, name, lcpl=lcpl, gcpl=gcpl)
          ^^^^^^^^^^^^^^^^^^^^^^^^^^^^^^^^^^^^^^^^^^^^^^^
  File "h5py/_objects.pyx", line 56, in h5py._objects.with_phil.wrapper
  File "h5py/_objects.pyx", line 57, in h5py._objects.with_phil.wrapper
  File "h5py/h5g.pyx", line 176, in h5py.h5g.create
ValueError: Unable to synchronously create group (name already exists)
End 2025-11-21 16:37:37 | 23972372 MyPyJob | lmnode193 | /home/s6nidich_hpc/PycharmProjects/QC-MasterThesis 

