Start 2025-11-14 14:49:27 | 23883328 MyPyJob | lmnode193 | /home/s6nidich_hpc/PycharmProjects/QC-MasterThesis 

Used python interpreter:
/home/s6nidich_hpc/PycharmProjects/QC-MasterThesis/.venv_intel_3_12_3/bin/python
Python version:
Python 3.12.3

Currently Loaded Modules:
  1) GCCcore/13.3.0                   7) Tcl/8.6.14-GCCcore-13.3.0
  2) zlib/1.3.1-GCCcore-13.3.0        8) SQLite/3.45.3-GCCcore-13.3.0
  3) binutils/2.42-GCCcore-13.3.0     9) XZ/5.4.5-GCCcore-13.3.0
  4) bzip2/1.0.8-GCCcore-13.3.0      10) libffi/3.4.5-GCCcore-13.3.0
  5) ncurses/6.5-GCCcore-13.3.0      11) OpenSSL/3
  6) libreadline/8.2-GCCcore-13.3.0  12) Python/3.12.3-GCCcore-13.3.0

 

Start of Program:

-----Beginning pprint-----
/:
	Attributes:
-----Ending pprint-----
Calculating energies for FreeWilson2D(N_x=4, N_y=4, mass=-6.000, r=1.000)
h_im: 0.0
New op index: 99
Current grad: 201.49999999999898
0:	0.00e+00	0.00e+00
1:	-2.00e+00	0.00e+00
2:	0.00e+00	0.00e+00
3:	0.00e+00	0.00e+00
4:	2.25e+00	0.00e+00
5:	2.50e-01	0.00e+00
6:	0.00e+00	0.00e+00
7:	-2.25e+00	0.00e+00
8:	-2.50e-01	0.00e+00
9:	0.00e+00	0.00e+00
10:	2.25e+00	0.00e+00
11:	2.50e-01	0.00e+00
12:	0.00e+00	0.00e+00
13:	-2.25e+00	0.00e+00
14:	-2.50e-01	0.00e+00
15:	0.00e+00	0.00e+00
16:	2.25e+00	0.00e+00
17:	2.50e-01	0.00e+00
18:	0.00e+00	0.00e+00
19:	-2.25e+00	0.00e+00
20:	-2.50e-01	0.00e+00
21:	0.00e+00	0.00e+00
22:	1.75e+00	-2.50e-01
23:	0.00e+00	-2.50e-01
24:	0.00e+00	0.00e+00
25:	2.25e+00	-2.50e-01
26:	0.00e+00	-2.50e-01
27:	0.00e+00	0.00e+00
28:	-2.25e+00	0.00e+00
29:	-2.50e-01	0.00e+00
30:	0.00e+00	0.00e+00
31:	2.25e+00	0.00e+00
32:	2.50e-01	0.00e+00
33:	0.00e+00	0.00e+00
34:	-2.25e+00	0.00e+00
35:	-2.50e-01	0.00e+00
36:	0.00e+00	0.00e+00
37:	2.25e+00	0.00e+00
38:	2.50e-01	0.00e+00
39:	0.00e+00	0.00e+00
40:	-2.25e+00	0.00e+00
41:	-2.50e-01	0.00e+00
42:	0.00e+00	0.00e+00
43:	2.25e+00	0.00e+00
44:	2.50e-01	0.00e+00
45:	0.00e+00	0.00e+00
46:	-1.75e+00	2.50e-01
47:	0.00e+00	2.50e-01
48:	0.00e+00	0.00e+00
49:	-2.25e+00	2.50e-01
50:	0.00e+00	2.50e-01
51:	0.00e+00	0.00e+00
52:	2.25e+00	0.00e+00
53:	2.50e-01	0.00e+00
54:	0.00e+00	0.00e+00
55:	-2.25e+00	0.00e+00
56:	-2.50e-01	0.00e+00
57:	0.00e+00	0.00e+00
58:	2.25e+00	0.00e+00
59:	2.50e-01	0.00e+00
60:	0.00e+00	0.00e+00
61:	-2.25e+00	0.00e+00
62:	-2.50e-01	0.00e+00
63:	0.00e+00	0.00e+00
64:	2.25e+00	0.00e+00
65:	2.50e-01	0.00e+00
66:	0.00e+00	0.00e+00
67:	-2.25e+00	0.00e+00
68:	-2.50e-01	0.00e+00
69:	0.00e+00	0.00e+00
70:	1.75e+00	-2.50e-01
71:	0.00e+00	-2.50e-01
72:	0.00e+00	0.00e+00
73:	2.25e+00	-2.50e-01
74:	0.00e+00	-2.50e-01
75:	0.00e+00	0.00e+00
76:	-2.25e+00	0.00e+00
77:	-2.50e-01	0.00e+00
78:	0.00e+00	0.00e+00
79:	2.25e+00	0.00e+00
80:	2.50e-01	0.00e+00
81:	0.00e+00	0.00e+00
82:	-2.25e+00	0.00e+00
83:	-2.50e-01	0.00e+00
84:	0.00e+00	0.00e+00
85:	2.25e+00	0.00e+00
86:	2.50e-01	0.00e+00
87:	0.00e+00	0.00e+00
88:	-2.25e+00	0.00e+00
89:	-2.50e-01	0.00e+00
90:	0.00e+00	0.00e+00
91:	2.25e+00	0.00e+00
92:	2.50e-01	0.00e+00
93:	0.00e+00	0.00e+00
94:	-2.00e+00	0.00e+00
95:	0.00e+00	0.00e+00
96:	0.00e+00	0.00e+00
97:	-4.25e+00	0.00e+00
98:	0.00e+00	0.00e+00
99:	4.50e+00	0.00e+00
100:	0.00e+00	0.00e+00
101:	-4.50e+00	0.00e+00
102:	0.00e+00	0.00e+00
103:	4.50e+00	0.00e+00
104:	0.00e+00	0.00e+00
105:	-4.50e+00	0.00e+00
106:	0.00e+00	0.00e+00
107:	4.50e+00	0.00e+00
108:	0.00e+00	-2.50e-01
109:	-4.00e+00	-2.50e-01
110:	0.00e+00	0.00e+00
111:	-5.00e-01	-1.00e+00
112:	0.00e+00	-2.50e-01
113:	4.50e+00	-2.50e-01
114:	0.00e+00	0.00e+00
115:	-4.50e+00	0.00e+00
116:	0.00e+00	0.00e+00
117:	4.50e+00	0.00e+00
118:	0.00e+00	0.00e+00
119:	-4.50e+00	0.00e+00
120:	0.00e+00	0.00e+00
121:	4.50e+00	0.00e+00
122:	0.00e+00	0.00e+00
123:	-4.50e+00	0.00e+00
124:	0.00e+00	2.50e-01
125:	4.00e+00	2.50e-01
126:	0.00e+00	0.00e+00
127:	5.00e-01	1.00e+00
128:	0.00e+00	2.50e-01
129:	-4.50e+00	2.50e-01
130:	0.00e+00	0.00e+00
131:	4.50e+00	0.00e+00
132:	0.00e+00	0.00e+00
133:	-4.50e+00	0.00e+00
134:	0.00e+00	0.00e+00
135:	4.50e+00	0.00e+00
136:	0.00e+00	0.00e+00
137:	-4.50e+00	0.00e+00
138:	0.00e+00	0.00e+00
139:	4.50e+00	0.00e+00
140:	0.00e+00	-2.50e-01
141:	-4.00e+00	-2.50e-01
142:	0.00e+00	0.00e+00
143:	-5.00e-01	-1.00e+00
144:	0.00e+00	-2.50e-01
145:	4.50e+00	-2.50e-01
146:	0.00e+00	0.00e+00
147:	-4.50e+00	0.00e+00
148:	0.00e+00	0.00e+00
149:	4.50e+00	0.00e+00
150:	0.00e+00	0.00e+00
151:	-4.50e+00	0.00e+00
152:	0.00e+00	0.00e+00
153:	4.50e+00	0.00e+00
154:	0.00e+00	0.00e+00
155:	-4.50e+00	0.00e+00
156:	0.00e+00	0.00e+00
157:	4.25e+00	0.00e+00
New op index: 4
Current grad: 266.19240168988006
New op index: 99
Current grad: 194.2199172721293
New op index: 105
Current grad: 184.5062764289953
New op index: 16
Current grad: 249.99589644046864
New op index: 105
Current grad: 175.71424463170436
New op index: 113
Current grad: 167.48548219891512
New op index: 25
Current grad: 235.8850736767459
New op index: 113
Current grad: 162.4349869639713
New op index: 119
Current grad: 154.25374885552057
New op index: 34
Current grad: 218.99286505227178
New op index: 119
Current grad: 147.19908645912332
New op index: 129
Current grad: 137.46564000404172
New op index: 52
Current grad: 201.768259080895
New op index: 129
Current grad: 133.0746218098868
New op index: 135
Current grad: 124.24857897649807
New op index: 61
Current grad: 188.96963520954026
New op index: 135
Current grad: 117.08388667117833
New op index: 145
Current grad: 107.50264385290984
New op index: 73
Current grad: 175.9059225554549
New op index: 145
Current grad: 102.44273034584761
New op index: 151
Current grad: 94.22866509682785
New op index: 82
Current grad: 158.9604787967722
New op index: 151
Current grad: 87.17663595710941
New op index: 123
Current grad: 77.43598964721008
New op index: 43
Current grad: 143.99290266381945
New op index: 123
Current grad: 74.85509869786135
New op index: 141
Current grad: 65.00075560367956
New op index: 67
Current grad: 129.9144984900325
New op index: 141
Current grad: 60.91641715596429
New op index: 155
Current grad: 52.09695184388248
New op index: 91
Current grad: 118.44920308015313
New op index: 155
Current grad: 50.03568695732789
New op index: 109
Current grad: 40.23724253411734
New op index: 22
Current grad: 105.9087868431832
New op index: 109
Current grad: 40.625727528712886
New op index: 55
Current grad: 31.98057810167958
New op index: 31
Current grad: 360.3920036867984
New op index: 10
Current grad: 27.0551750716213
New op index: 46
Current grad: 261.0063447720895
New op index: 79
Current grad: 21.56134714368836
New op index: 1
Current grad: 162.0127611150558
New op index: 94
Current grad: 16.530328556725813
New op index: 64
Current grad: 63.685150028205186
New op index: 146
Current grad: 12.008407353691315
New op index: 150
Current grad: 12.006664309069157
New op index: 114
Current grad: 10.251298991392849
New op index: 114
Current grad: 10.251298991392849
Adding the same operator twice is not sensible, terminating.
Calculating energies for FreeWilson2D(N_x=4, N_y=4, mass=2.000, r=1.000)
h_im: 0.0
New op index: 109
Current grad: 165.49999999999918
0:	0.00e+00	0.00e+00
1:	2.00e+00	0.00e+00
2:	0.00e+00	0.00e+00
3:	0.00e+00	0.00e+00
4:	-1.75e+00	0.00e+00
5:	2.50e-01	0.00e+00
6:	0.00e+00	0.00e+00
7:	1.75e+00	0.00e+00
8:	-2.50e-01	0.00e+00
9:	0.00e+00	0.00e+00
10:	-1.75e+00	0.00e+00
11:	2.50e-01	0.00e+00
12:	0.00e+00	0.00e+00
13:	1.75e+00	0.00e+00
14:	-2.50e-01	0.00e+00
15:	0.00e+00	0.00e+00
16:	-1.75e+00	0.00e+00
17:	2.50e-01	0.00e+00
18:	0.00e+00	0.00e+00
19:	1.75e+00	0.00e+00
20:	-2.50e-01	0.00e+00
21:	0.00e+00	0.00e+00
22:	-2.25e+00	-2.50e-01
23:	0.00e+00	-2.50e-01
24:	0.00e+00	0.00e+00
25:	-1.75e+00	-2.50e-01
26:	0.00e+00	-2.50e-01
27:	0.00e+00	0.00e+00
28:	1.75e+00	0.00e+00
29:	-2.50e-01	0.00e+00
30:	0.00e+00	0.00e+00
31:	-1.75e+00	0.00e+00
32:	2.50e-01	0.00e+00
33:	0.00e+00	0.00e+00
34:	1.75e+00	0.00e+00
35:	-2.50e-01	0.00e+00
36:	0.00e+00	0.00e+00
37:	-1.75e+00	0.00e+00
38:	2.50e-01	0.00e+00
39:	0.00e+00	0.00e+00
40:	1.75e+00	0.00e+00
41:	-2.50e-01	0.00e+00
42:	0.00e+00	0.00e+00
43:	-1.75e+00	0.00e+00
44:	2.50e-01	0.00e+00
45:	0.00e+00	0.00e+00
46:	2.25e+00	2.50e-01
47:	0.00e+00	2.50e-01
48:	0.00e+00	0.00e+00
49:	1.75e+00	2.50e-01
50:	0.00e+00	2.50e-01
51:	0.00e+00	0.00e+00
52:	-1.75e+00	0.00e+00
53:	2.50e-01	0.00e+00
54:	0.00e+00	0.00e+00
55:	1.75e+00	0.00e+00
56:	-2.50e-01	0.00e+00
57:	0.00e+00	0.00e+00
58:	-1.75e+00	0.00e+00
59:	2.50e-01	0.00e+00
60:	0.00e+00	0.00e+00
61:	1.75e+00	0.00e+00
62:	-2.50e-01	0.00e+00
63:	0.00e+00	0.00e+00
64:	-1.75e+00	0.00e+00
65:	2.50e-01	0.00e+00
66:	0.00e+00	0.00e+00
67:	1.75e+00	0.00e+00
68:	-2.50e-01	0.00e+00
69:	0.00e+00	0.00e+00
70:	-2.25e+00	-2.50e-01
71:	0.00e+00	-2.50e-01
72:	0.00e+00	0.00e+00
73:	-1.75e+00	-2.50e-01
74:	0.00e+00	-2.50e-01
75:	0.00e+00	0.00e+00
76:	1.75e+00	0.00e+00
77:	-2.50e-01	0.00e+00
78:	0.00e+00	0.00e+00
79:	-1.75e+00	0.00e+00
80:	2.50e-01	0.00e+00
81:	0.00e+00	0.00e+00
82:	1.75e+00	0.00e+00
83:	-2.50e-01	0.00e+00
84:	0.00e+00	0.00e+00
85:	-1.75e+00	0.00e+00
86:	2.50e-01	0.00e+00
87:	0.00e+00	0.00e+00
88:	1.75e+00	0.00e+00
89:	-2.50e-01	0.00e+00
90:	0.00e+00	0.00e+00
91:	-1.75e+00	0.00e+00
92:	2.50e-01	0.00e+00
93:	0.00e+00	0.00e+00
94:	2.00e+00	0.00e+00
95:	0.00e+00	0.00e+00
96:	0.00e+00	0.00e+00
97:	3.75e+00	0.00e+00
98:	0.00e+00	0.00e+00
99:	-3.50e+00	0.00e+00
100:	0.00e+00	0.00e+00
101:	3.50e+00	0.00e+00
102:	0.00e+00	0.00e+00
103:	-3.50e+00	0.00e+00
104:	0.00e+00	0.00e+00
105:	3.50e+00	0.00e+00
106:	0.00e+00	0.00e+00
107:	-3.50e+00	0.00e+00
108:	0.00e+00	-2.50e-01
109:	4.00e+00	-2.50e-01
110:	0.00e+00	0.00e+00
111:	-5.00e-01	-1.00e+00
112:	0.00e+00	-2.50e-01
113:	-3.50e+00	-2.50e-01
114:	0.00e+00	0.00e+00
115:	3.50e+00	0.00e+00
116:	0.00e+00	0.00e+00
117:	-3.50e+00	0.00e+00
118:	0.00e+00	0.00e+00
119:	3.50e+00	0.00e+00
120:	0.00e+00	0.00e+00
121:	-3.50e+00	0.00e+00
122:	0.00e+00	0.00e+00
123:	3.50e+00	0.00e+00
124:	0.00e+00	2.50e-01
125:	-4.00e+00	2.50e-01
126:	0.00e+00	0.00e+00
127:	5.00e-01	1.00e+00
128:	0.00e+00	2.50e-01
129:	3.50e+00	2.50e-01
130:	0.00e+00	0.00e+00
131:	-3.50e+00	0.00e+00
132:	0.00e+00	0.00e+00
133:	3.50e+00	0.00e+00
134:	0.00e+00	0.00e+00
135:	-3.50e+00	0.00e+00
136:	0.00e+00	0.00e+00
137:	3.50e+00	0.00e+00
138:	0.00e+00	0.00e+00
139:	-3.50e+00	0.00e+00
140:	0.00e+00	-2.50e-01
141:	4.00e+00	-2.50e-01
142:	0.00e+00	0.00e+00
143:	-5.00e-01	-1.00e+00
144:	0.00e+00	-2.50e-01
145:	-3.50e+00	-2.50e-01
146:	0.00e+00	0.00e+00
147:	3.50e+00	0.00e+00
148:	0.00e+00	0.00e+00
149:	-3.50e+00	0.00e+00
150:	0.00e+00	0.00e+00
151:	3.50e+00	0.00e+00
152:	0.00e+00	0.00e+00
153:	-3.50e+00	0.00e+00
154:	0.00e+00	0.00e+00
155:	3.50e+00	0.00e+00
156:	0.00e+00	0.00e+00
157:	-3.75e+00	0.00e+00
New op index: 19
Current grad: 231.0487967598208
New op index: 109
Current grad: 163.1725590419834
New op index: 125
Current grad: 156.24317258014634
New op index: 46
Current grad: 219.32577724758397
New op index: 125
Current grad: 153.78088724220333
New op index: 141
Current grad: 145.98249725758623
New op index: 67
Current grad: 211.5430147912005
New op index: 141
Current grad: 143.6933333213878
New op index: 145
Current grad: 136.7157377674834
New op index: 76
Current grad: 203.38403706781315
New op index: 145
Current grad: 133.7838037531948
New op index: 137
Current grad: 125.52153001601498
New op index: 61
Current grad: 191.14177123608368
New op index: 137
Current grad: 123.7342011621718
New op index: 149
Current grad: 115.7565837467454
New op index: 82
Current grad: 183.4327345667463
New op index: 149
Current grad: 113.79045284633531
New op index: 133
Current grad: 105.4825397705859
New op index: 55
Current grad: 171.2445173332215
New op index: 133
Current grad: 103.91934565740357
New op index: 129
Current grad: 95.9747567421264
New op index: 52
Current grad: 161.71318766920075
New op index: 129
Current grad: 96.9230256776136
New op index: 121
Current grad: 87.27939394482102
New op index: 37
Current grad: 155.90392474030955
New op index: 121
Current grad: 85.6011636201714
New op index: 113
Current grad: 77.28301763448796
New op index: 28
Current grad: 143.9388460113073
New op index: 113
Current grad: 74.34232851692393
New op index: 105
Current grad: 66.06099708824405
New op index: 13
Current grad: 131.7356554467719
New op index: 105
Current grad: 64.23028917210345
New op index: 117
Current grad: 56.28489012572809
New op index: 34
Current grad: 121.44762509900376
New op index: 117
Current grad: 56.71927254170855
New op index: 153
Current grad: 48.020309254629225
New op index: 88
Current grad: 113.69666554626103
New op index: 153
Current grad: 46.463528499860686
New op index: 157
Current grad: 38.52203409211335
New op index: 94
Current grad: 104.20231351177793
New op index: 157
Current grad: 38.72572523325327
New op index: 97
Current grad: 30.070547810411874
New op index: 4
Current grad: 98.55871935208343
New op index: 97
Current grad: 28.2729007823009
New op index: 101
Current grad: 20.037055805162698
New op index: 10
Current grad: 85.78978942581988
New op index: 101
Current grad: 20.729793324375315
New op index: 114
Current grad: 12.054998502816169
New op index: 146
Current grad: 12.060227301153747
New op index: 134
Current grad: 10.26166842666729
New op index: 134
Current grad: 10.261624370013873
Adding the same operator twice is not sensible, terminating.
-----Beginning pprint-----
/:
	Attributes:
		ProcessId: 23883328
	2025-11-14_14-49-29-23883328:
		Attributes:
			HamiltonianType: ZeroChargePenalty
			Last-Modified: 2025-11-14_14-49-29
			ProcessId: 23883328
			SimulatorType: Aer
			SolverName: AdaptVQE
			SystemName: FreeWilson2D
			n_x: 4
			n_y: 4
			r: 1.0
		AdaptOptions:
			Attributes:
				gradient_hamiltonian_type: HamiltonianType.ZeroChargePenalty
				max_depth: 200
				prec_cutoff: 0.001
				precision: 0
		AnsatzOperatorDerivatives: Dataset (dtype=float64, shape=(2, 52, 158), maxshape=(2, None, 158))
			Attributes:
				DIMENSION_LABELS: ['mass' 'AnsatzOperatorAxis' 'AnsatzPoolOperatorAxis']
				NDataDims: 2
		AnsatzOperatorSecondDerivatives: Dataset (dtype=float64, shape=(2, 52, 158), maxshape=(2, None, 158))
			Attributes:
				DIMENSION_LABELS: ['mass' 'AnsatzOperatorAxis' 'AnsatzPoolOperatorAxis']
				NDataDims: 2
		AnsatzOperators: Dataset (dtype=int64, shape=(2, 51), maxshape=(2, None))
			Attributes:
				DIMENSION_LABELS: ['mass' 'AnsatzOperatorAxis']
				NDataDims: 1
		Circuit:
			Attributes:
				Ansatz: HardwareAdaptAnsatz7
			AnsatzOptions:
				Attributes:
					num_qubits: 32
		CircuitParameters: Dataset (dtype=float64, shape=(2, 15160, 51), maxshape=(2, None, None))
			Attributes:
				DIMENSION_LABELS: ['mass' 'IterationAxis' 'CircuitParameterAxis']
				NDataDims: 2
		Data:
			Attributes:
			evs:
				Attributes:
				Hamiltonian: Dataset (dtype=float64, shape=(2, 15160), maxshape=(2, None))
					Attributes:
						DIMENSION_LABELS: ['mass' 'IterationAxis']
						NDataDims: 1
			stds:
				Attributes:
				Hamiltonian: Dataset (dtype=float64, shape=(2, 15160), maxshape=(2, None))
					Attributes:
						DIMENSION_LABELS: ['mass' 'IterationAxis']
						NDataDims: 1
		EstimatorOptions:
			Attributes:
				_VERSION: 2
				default_precision: Unset
				default_shots: Unset
				experimental: Unset
				max_execution_time: Unset
				resilience_level: Unset
				seed_estimator: 23883328
			dynamical_decoupling:
				Attributes:
					enable: Unset
					extra_slack_distribution: Unset
					scheduling_method: Unset
					sequence_type: Unset
					skip_reset_qubits: Unset
			environment:
				Attributes:
					callback: None
					job_tags: None
					log_level: WARNING
					private: False
			execution:
				Attributes:
					init_qubits: Unset
					rep_delay: Unset
			resilience:
				Attributes:
					layer_noise_model: Unset
					measure_mitigation: Unset
					pec_mitigation: Unset
					zne_mitigation: Unset
				layer_noise_learning:
					Attributes:
						layer_pair_depths: Unset
						max_layers_to_learn: Unset
						num_randomizations: Unset
						shots_per_randomization: Unset
				measure_noise_learning:
					Attributes:
						num_randomizations: Unset
						shots_per_randomization: Unset
				pec:
					Attributes:
						max_overhead: Unset
						noise_gain: Unset
				zne:
					Attributes:
						amplifier: Unset
						extrapolated_noise_factors: Unset
						extrapolator: Unset
						noise_factors: Unset
			simulator:
				Attributes:
					basis_gates: Unset
					coupling_map: Unset
					noise_model: Unset
					seed_simulator: Unset
			twirling:
				Attributes:
					enable_gates: Unset
					enable_measure: Unset
					num_randomizations: Unset
					shots_per_randomization: Unset
					strategy: Unset
		MetaData:
			Attributes:
			circuit_metadata: Dataset (dtype=object, shape=(2, 15160), maxshape=(2, None))
				Attributes:
					DIMENSION_LABELS: ['mass' 'IterationAxis']
					NDataDims: 1
			simulator_metadata: Dataset (dtype=object, shape=(2, 15160), maxshape=(2, None))
				Attributes:
					DIMENSION_LABELS: ['mass' 'IterationAxis']
					NDataDims: 1
			target_precision: Dataset (dtype=float64, shape=(2, 15160), maxshape=(2, None))
				Attributes:
					DIMENSION_LABELS: ['mass' 'IterationAxis']
					NDataDims: 1
			version: Dataset (dtype=int64, shape=(2, 15160), maxshape=(2, None))
				Attributes:
					DIMENSION_LABELS: ['mass' 'IterationAxis']
					NDataDims: 1
		NIterations: Dataset (dtype=int64, shape=(2,), maxshape=(2,))
			Attributes:
				DIMENSION_LABELS: ['mass']
				NDataDims: 0
		OptimizerOptions:
			Attributes:
				bounds: None
				callback: None
				constraints: []
				method: slsqp
				tol: None
				x0Seed: 23883328
			options:
				Attributes:
					disp: 0
					maxiter: 20000
		PresetPassManagerOptions:
			Attributes:
		SimulatorOptions:
			Attributes:
				method: matrix_product_state
		StartIterations: Dataset (dtype=int64, shape=(2, 51), maxshape=(2, None))
			Attributes:
				DIMENSION_LABELS: ['mass' 'AnsatzOperatorAxis']
				NDataDims: 1
		VersionInfo:
			Attributes:
				QiskitAerVersion: 0.17.1
				QiskitIBMRuntimeVersion: 0.41.1
				QiskitVersion: 2.1.2
		mass: Dataset (dtype=float64, shape=(2,), maxshape=(2,))
			Attributes:
-----Ending pprint-----
End 2025-11-14 16:25:59 | 23883328 MyPyJob | lmnode193 | /home/s6nidich_hpc/PycharmProjects/QC-MasterThesis 

