Start 2025-10-21 17:40:54 | 23726244 MyPyJob | node015 | /home/s6nidich_hpc/PycharmProjects/QC-MasterThesis 

Used python interpreter:
/home/s6nidich_hpc/PycharmProjects/QC-MasterThesis/.venv_intel_3_12_3/bin/python
Python version:
Python 3.12.3

Currently Loaded Modules:
  1) GCCcore/13.3.0                   7) Tcl/8.6.14-GCCcore-13.3.0
  2) zlib/1.3.1-GCCcore-13.3.0        8) SQLite/3.45.3-GCCcore-13.3.0
  3) binutils/2.42-GCCcore-13.3.0     9) XZ/5.4.5-GCCcore-13.3.0
  4) bzip2/1.0.8-GCCcore-13.3.0      10) libffi/3.4.5-GCCcore-13.3.0
  5) ncurses/6.5-GCCcore-13.3.0      11) OpenSSL/3
  6) libreadline/8.2-GCCcore-13.3.0  12) Python/3.12.3-GCCcore-13.3.0

 

Start of Program:

-----Beginning pprint-----
/:
	Attributes:
-----Ending pprint-----
Calculating energies for FreeWilson2D(N_x=2, N_y=2, mass=-6.000, r=1.000)
h: 0.0
New op index: 11
Current grad: 23.999999999999982
0:	-2.00e+00	0.00e+00
1:	2.50e+00	0.00e+00
2:	-2.50e+00	0.00e+00
3:	2.00e+00	-5.00e-01
4:	2.00e+00	-5.00e-01
5:	-2.50e+00	1.39e-17
6:	2.50e+00	6.94e-18
7:	-2.00e+00	6.94e-18
8:	5.00e-01	0.00e+00
9:	0.00e+00	0.00e+00
10:	-5.00e-01	-5.00e-01
11:	4.00e+00	6.94e-18
12:	-5.00e-01	-5.00e-01
13:	-6.94e-18	2.08e-17
14:	5.00e-01	2.08e-17
Return from COBYLA because the trust region radius reaches its lower bound.
Number of function values = 30   Least value of F = 198.50000000001302
The corresponding X is: [-0.7854]

New op index: 1
Current grad: 19.656868942303213
Return from COBYLA because the trust region radius reaches its lower bound.
Number of function values = 76   Least value of F = 151.00000000149683
The corresponding X is: [-0.78539468  1.57079319]

New op index: 6
Current grad: 17.01044413974497
Return from COBYLA because the trust region radius reaches its lower bound.
Number of function values = 311   Least value of F = 148.50000003218125
The corresponding X is:
[-0.785392    1.57079203 -1.57063851]

New op index: 4
Current grad: 14.364396232511773
Return from COBYLA because the trust region radius reaches its lower bound.
Number of function values = 81   Least value of F = 101.50000000041697
The corresponding X is:
[-1.57079754  1.5707961  -1.57079911  1.57079368]

New op index: 5
Current grad: 8.000017531584959
Return from COBYLA because the trust region radius reaches its lower bound.
Number of function values = 1392   Least value of F = 95.9908139282369
The corresponding X is:
[-0.39936252  1.5707973  -1.56810959 -1.00488348  1.56109265]

New op index: 7
Current grad: 10.336209836310722
Return from COBYLA because the trust region radius reaches its lower bound.
Number of function values = 281   Least value of F = 75.23676531129972
The corresponding X is:
[-0.53499958  1.57092954 -1.56994687 -0.95355486  1.56120221  1.57052225]

New op index: 0
Current grad: 8.589122834316829
Return from COBYLA because the trust region radius reaches its lower bound.
Number of function values = 1089   Least value of F = 45.489885674759925
The corresponding X is:
[-0.39951693  1.57079638 -1.56810951 -1.00462135  1.56839611  1.5707775
 -1.58662064]

New op index: 2
Current grad: 6.345227070748071
Return from COBYLA because the trust region radius reaches its lower bound.
Number of function values = 355   Least value of F = 24.732539455918946
The corresponding X is:
[-0.53495718  1.54651234 -1.57000448 -0.95356718  1.57080152  1.57078521
 -1.57079394  1.57078628]

New op index: 3
Current grad: 4.1272950334807135
Return from COBYLA because the trust region radius reaches its lower bound.
Number of function values = 5692   Least value of F = -7.999994106987814
The corresponding X is:
[-0.01550105  1.57079756 -1.57079771 -1.55529594  1.57079587  1.57080492
 -1.5707959   1.57079057 -1.55528839]

New op index: 11
Current grad: 0.001988143383209178
Return from COBYLA because the trust region radius reaches its lower bound.
Number of function values = 138   Least value of F = -7.999999970101232
The corresponding X is:
[-1.55842091e-02  1.57079451e+00 -1.57080238e+00 -1.55521162e+00
  1.57079746e+00  1.57082415e+00 -1.57077995e+00  1.57079057e+00
 -1.55520659e+00  1.21235488e-04]

New op index: 7
Current grad: 0.00017211470583766616
Precision cutoff reached.
Calculating energies for FreeWilson2D(N_x=2, N_y=2, mass=-5.111, r=1.000)
h: 0.0
New op index: 11
Current grad: 19.55555555555554
0:	-1.56e+00	0.00e+00
1:	2.06e+00	0.00e+00
2:	-2.06e+00	0.00e+00
3:	1.56e+00	-5.00e-01
4:	1.56e+00	-5.00e-01
5:	-2.06e+00	1.08e-17
6:	2.06e+00	1.00e-17
7:	-1.56e+00	3.85e-18
8:	5.00e-01	0.00e+00
9:	0.00e+00	0.00e+00
10:	-5.00e-01	-5.00e-01
11:	3.11e+00	6.94e-18
12:	-5.00e-01	-5.00e-01
13:	-6.94e-18	2.08e-17
14:	5.00e-01	2.08e-17
Return from COBYLA because the trust region radius reaches its lower bound.
Number of function values = 31   Least value of F = 198.94444444445446
The corresponding X is: [-0.7854]

New op index: 1
Current grad: 16.36166080388869
Return from COBYLA because the trust region radius reaches its lower bound.
Number of function values = 51   Least value of F = 151.00000000306576
The corresponding X is: [-0.78540136  1.57080548]

New op index: 6
Current grad: 14.159696167082325
Return from COBYLA because the trust region radius reaches its lower bound.
Number of function values = 316   Least value of F = 148.94444448529708
The corresponding X is:
[-0.78538701  1.57080187 -1.57060163]

New op index: 3
Current grad: 11.958103618048787
Return from COBYLA because the trust region radius reaches its lower bound.
Number of function values = 93   Least value of F = 101.50000000081657
The corresponding X is:
[-1.570794    1.57079739 -1.5707954   1.57079115]

New op index: 5
Current grad: 6.222257688182645
Return from COBYLA because the trust region radius reaches its lower bound.
Number of function values = 1716   Least value of F = 97.02068209922423
The corresponding X is:
[-0.37811474  1.57079464 -1.55776198 -1.04357365  1.561031  ]

New op index: 0
Current grad: 9.886061933746655
Return from COBYLA because the trust region radius reaches its lower bound.
Number of function values = 257   Least value of F = 76.22740313563256
The corresponding X is:
[-0.53463916  1.57076816 -1.5655432  -0.9531686   1.53750566  1.59427336]

New op index: 2
Current grad: 9.444878165275622
Return from COBYLA because the trust region radius reaches its lower bound.
Number of function values = 1230   Least value of F = 46.52180923616674
The corresponding X is:
[-0.37800031  1.57209813 -1.55775172 -1.04375838  1.56338846  1.56843409
 -1.5707948 ]

New op index: 7
Current grad: 5.9983240473977535
Return from COBYLA because the trust region radius reaches its lower bound.
Number of function values = 312   Least value of F = 26.244927985829143
The corresponding X is:
[-0.53464404  1.57460521 -1.56554817 -0.9531567   1.57077308  1.57079722
 -1.57079505  1.57079203]

New op index: 4
Current grad: 3.416736354962686
Return from COBYLA because the trust region radius reaches its lower bound.
Number of function values = 6029   Least value of F = -6.222216760208306
The corresponding X is:
[-0.01522553  1.57079638 -1.57079647 -1.55556351  1.57079659  1.57079253
 -1.57080203  1.57080197 -1.55556564]

New op index: 11
Current grad: 0.0015161135445617034
Return from COBYLA because the trust region radius reaches its lower bound.
Number of function values = 138   Least value of F = -6.22222220959094
The corresponding X is:
[-1.53364320e-02  1.57078392e+00 -1.57079157e+00 -1.55546618e+00
  1.57079266e+00  1.57079347e+00 -1.57080140e+00  1.57080164e+00
 -1.55545477e+00  1.21003859e-04]

New op index: 11
Current grad: 0.00011196438690778931
Precision cutoff reached.
Calculating energies for FreeWilson2D(N_x=2, N_y=2, mass=-4.222, r=1.000)
h: 0.0
New op index: 11
Current grad: 15.1111111111111
0:	-1.11e+00	0.00e+00
1:	1.61e+00	0.00e+00
2:	-1.61e+00	0.00e+00
3:	1.11e+00	-5.00e-01
4:	1.11e+00	-5.00e-01
5:	-1.61e+00	7.71e-18
6:	1.61e+00	1.31e-17
7:	-1.11e+00	7.71e-19
8:	5.00e-01	0.00e+00
9:	0.00e+00	0.00e+00
10:	-5.00e-01	-5.00e-01
11:	2.22e+00	6.94e-18
12:	-5.00e-01	-5.00e-01
13:	-6.94e-18	2.08e-17
14:	5.00e-01	2.08e-17
Return from COBYLA because the trust region radius reaches its lower bound.
Number of function values = 30   Least value of F = 199.3888888888959
The corresponding X is: [-0.7854]

New op index: 1
Current grad: 13.066452665474174
Return from COBYLA because the trust region radius reaches its lower bound.
Number of function values = 61   Least value of F = 151.00000000155362
The corresponding X is: [-0.78540187  1.57079383]

New op index: 6
Current grad: 11.308907945796117
Return from COBYLA because the trust region radius reaches its lower bound.
Number of function values = 448   Least value of F = 149.38888891322088
The corresponding X is:
[-0.78538017  1.57080026 -1.5706279 ]

New op index: 3
Current grad: 9.55165435196933
Return from COBYLA because the trust region radius reaches its lower bound.
Number of function values = 92   Least value of F = 101.50000000151915
The corresponding X is:
[-1.57079531  1.57079506 -1.57080208  1.57079135]

New op index: 2
Current grad: 4.444487190151136
Return from COBYLA because the trust region radius reaches its lower bound.
Number of function values = 944   Least value of F = 99.0051529753853
The corresponding X is:
[-1.5708052   1.5707974  -1.57079697  1.570801    2.30326283]

New op index: 5
Current grad: 3.7056580277475017
Return from COBYLA because the trust region radius reaches its lower bound.
Number of function values = 134   Least value of F = 51.494895388589484
The corresponding X is:
[-1.57080203  1.57079911 -1.57079808  1.57079472  1.58078153 -1.56036194]

New op index: 0
Current grad: 3.2431232109414845
Return from COBYLA because the trust region radius reaches its lower bound.
Number of function values = 3295   Least value of F = 47.54691115445683
The corresponding X is:
[-0.34279274  1.56975195 -1.58383041 -1.10749774  1.57077852 -1.5560331
  1.56852577]

New op index: 4
Current grad: 5.039812452364766
Return from COBYLA because the trust region radius reaches its lower bound.
Number of function values = 12858   Least value of F = 44.30449620014244
The corresponding X is:
[-0.00988609  1.57079717 -1.57080058 -1.56090423  1.51192926  1.39265745
  1.82623129 -1.56090716]

New op index: 7
Current grad: 1.7782874089415868
Return from COBYLA because the trust region radius reaches its lower bound.
Number of function values = 5054   Least value of F = -4.444437397251244
The corresponding X is:
[-0.01624654  1.57079085 -1.57080014 -1.55454482  1.57079472  1.57079386
  1.57079693 -1.55454525 -1.57079969]

New op index: 11
Current grad: 0.0012184077515736574
Return from COBYLA because the trust region radius reaches its lower bound.
Number of function values = 118   Least value of F = -4.444444439441841
The corresponding X is:
[-1.62897291e-02  1.57079567e+00 -1.57079422e+00 -1.55451436e+00
  1.57080136e+00  1.57080049e+00  1.57079205e+00 -1.55450129e+00
 -1.57079141e+00  1.33809593e-04]

New op index: 11
Current grad: 3.349327127002543e-05
Precision cutoff reached.
Calculating energies for FreeWilson2D(N_x=2, N_y=2, mass=-3.333, r=1.000)
h: 0.0
New op index: 11
Current grad: 10.666666666666659
0:	-6.67e-01	0.00e+00
1:	1.17e+00	0.00e+00
2:	-1.17e+00	0.00e+00
3:	6.67e-01	-5.00e-01
4:	6.67e-01	-5.00e-01
5:	-1.17e+00	4.63e-18
6:	1.17e+00	1.62e-17
7:	-6.67e-01	-2.31e-18
8:	5.00e-01	0.00e+00
9:	0.00e+00	0.00e+00
10:	-5.00e-01	-5.00e-01
11:	1.33e+00	6.94e-18
12:	-5.00e-01	-5.00e-01
13:	-6.94e-18	2.08e-17
14:	5.00e-01	2.08e-17
Return from COBYLA because the trust region radius reaches its lower bound.
Number of function values = 30   Least value of F = 199.83333333333735
The corresponding X is: [-0.7854]

New op index: 3
Current grad: 9.77124452705966
Return from COBYLA because the trust region radius reaches its lower bound.
Number of function values = 42   Least value of F = 151.50000000042454
The corresponding X is: [-1.57079997  1.57079428]

New op index: 1
Current grad: 7.999996683667553
Return from COBYLA because the trust region radius reaches its lower bound.
Number of function values = 2582   Least value of F = 149.4907794650763
The corresponding X is:
[-3.22277098 -1.65496374 -1.57079729]

New op index: 6
Current grad: 6.017531509507989
Return from COBYLA because the trust region radius reaches its lower bound.
Number of function values = 94   Least value of F = 101.50000000030597
The corresponding X is:
[-4.71239058 -1.57079875 -1.5707961   1.57079428]

New op index: 5
Current grad: 2.6666820494827097
Return from COBYLA because the trust region radius reaches its lower bound.
Number of function values = 984   Least value of F = 99.29814969443608
The corresponding X is:
[-4.7123814  -1.57078302 -1.57079461  1.5708006   2.55315008]

New op index: 2
Current grad: 2.278093315426573
Return from COBYLA because the trust region radius reaches its lower bound.
Number of function values = 136   Least value of F = 51.494897035668835
The corresponding X is:
[-4.71238574 -1.57079573 -1.57079463  1.57078947  1.58087017 -1.56045095]

New op index: 0
Current grad: 2.353902472453472
Return from COBYLA because the trust region radius reaches its lower bound.
Number of function values = 2798   Least value of F = 50.1580244592927
The corresponding X is:
[-4.71238404 -1.57079531 -1.57079543  1.57078243  2.16706037 -1.5679441
  1.61513293]

New op index: 7
Current grad: 1.3375881929717632
Return from COBYLA because the trust region radius reaches its lower bound.
Number of function values = 184   Least value of F = 1.0000000012804695
The corresponding X is:
[-4.71238659 -1.57079866 -1.57079893  1.57079595  1.57079721 -1.57079578
  1.57079819 -1.57079094]

New op index: 7
Current grad: 1.2608806615935186e-05
Precision cutoff reached.
Calculating energies for FreeWilson2D(N_x=2, N_y=2, mass=-2.444, r=1.000)
h: 0.0
New op index: 1
Current grad: 6.22222222222222
0:	-2.22e-01	0.00e+00
1:	7.22e-01	0.00e+00
2:	-7.22e-01	0.00e+00
3:	2.22e-01	-5.00e-01
4:	2.22e-01	-5.00e-01
5:	-7.22e-01	1.54e-18
6:	7.22e-01	1.93e-17
7:	-2.22e-01	-5.40e-18
8:	5.00e-01	0.00e+00
9:	0.00e+00	0.00e+00
10:	-5.00e-01	-5.00e-01
11:	4.44e-01	6.94e-18
12:	-5.00e-01	-5.00e-01
13:	-6.94e-18	2.08e-17
14:	5.00e-01	2.08e-17
Return from COBYLA because the trust region radius reaches its lower bound.
Number of function values = 31   Least value of F = 199.77777777778257
The corresponding X is: [-1.5708]

New op index: 5
Current grad: 4.500006326075454
Return from COBYLA because the trust region radius reaches its lower bound.
Number of function values = 43   Least value of F = 149.05555555565348
The corresponding X is: [-1.57079485  1.57079503]

New op index: 13
Current grad: 2.777782555837469
Return from COBYLA because the trust region radius reaches its lower bound.
Number of function values = 3401   Least value of F = 148.96559718087136
The corresponding X is:
[-1.57080605  2.28394345 -0.359769  ]

New op index: 13
Current grad: 2.9878862096126837
Adding the same operator twice is not sensible, terminating.
Calculating energies for FreeWilson2D(N_x=2, N_y=2, mass=-1.556, r=1.000)
h: 0.0
New op index: 8
Current grad: 4.444444444444441
0:	2.22e-01	0.00e+00
1:	2.78e-01	0.00e+00
2:	-2.78e-01	0.00e+00
3:	-2.22e-01	-5.00e-01
4:	-2.22e-01	-5.00e-01
5:	-2.78e-01	-1.54e-18
6:	2.78e-01	2.24e-17
7:	2.22e-01	-8.48e-18
8:	5.00e-01	0.00e+00
9:	0.00e+00	0.00e+00
10:	-5.00e-01	-5.00e-01
11:	-4.44e-01	6.94e-18
12:	-5.00e-01	-5.00e-01
13:	-6.94e-18	2.08e-17
14:	5.00e-01	2.08e-17
Return from COBYLA because the trust region radius reaches its lower bound.
Number of function values = 31   Least value of F = 200.0000000000028
The corresponding X is: [-1.5708]

New op index: 9
Current grad: 3.888896031225389
Return from COBYLA because the trust region radius reaches its lower bound.
Number of function values = 50   Least value of F = 149.43902897681963
The corresponding X is: [-1.57079714  0.78715726]

New op index: 12
Current grad: 3.7793864137765123
Return from COBYLA because the trust region radius reaches its lower bound.
Number of function values = 1112   Least value of F = 148.22541376983062
The corresponding X is:
[-1.4964114   0.82137677  2.35572376]

New op index: 6
Current grad: 4.7017690548430355
Return from COBYLA because the trust region radius reaches its lower bound.
Number of function values = 96   Least value of F = 98.00722732683373
The corresponding X is:
[-1.57080951  0.78715311  2.3597045   1.5638149 ]

New op index: 12
Current grad: 4.372015008192894
Adding the same operator twice is not sensible, terminating.
Calculating energies for FreeWilson2D(N_x=2, N_y=2, mass=-0.667, r=1.000)
h: 0.0
New op index: 11
Current grad: 6.666666666666661
0:	6.67e-01	0.00e+00
1:	-1.67e-01	0.00e+00
2:	1.67e-01	0.00e+00
3:	-6.67e-01	-5.00e-01
4:	-6.67e-01	-5.00e-01
5:	1.67e-01	-4.63e-18
6:	-1.67e-01	2.54e-17
7:	6.67e-01	-1.16e-17
8:	5.00e-01	0.00e+00
9:	0.00e+00	0.00e+00
10:	-5.00e-01	-5.00e-01
11:	-1.33e+00	6.94e-18
12:	-5.00e-01	-5.00e-01
13:	-6.94e-18	2.08e-17
14:	5.00e-01	2.08e-17
Return from COBYLA because the trust region radius reaches its lower bound.
Number of function values = 27   Least value of F = 199.8333333333374
The corresponding X is: [0.7854]

New op index: 10
Current grad: 8.35703356203719
Return from COBYLA because the trust region radius reaches its lower bound.
Number of function values = 50   Least value of F = 151.39493877623187
The corresponding X is: [ 1.54378415 -0.78183483]

New op index: 12
Current grad: 7.5826648944558475
Return from COBYLA because the trust region radius reaches its lower bound.
Number of function values = 1516   Least value of F = 150.2518225983203
The corresponding X is:
[ 0.47582611 -0.99834375  0.57339197]

New op index: 3
Current grad: 7.113298357141976
Return from COBYLA because the trust region radius reaches its lower bound.
Number of function values = 1637   Least value of F = 147.74859314505585
The corresponding X is:
[ 1.56615868 -2.15799545  0.81592235  3.25232874]

New op index: 1
Current grad: 6.685309443610874
Return from COBYLA because the trust region radius reaches its lower bound.
Number of function values = 249   Least value of F = 118.89383621684937
The corresponding X is:
[ 0.69358462 -0.86067254  0.58678658  4.98737426  1.57392421]

New op index: 2
Current grad: 5.5133466341440345
Return from COBYLA because the trust region radius reaches its lower bound.
Number of function values = 1990   Least value of F = 98.90630836100165
The corresponding X is:
[ 0.23241264 -0.2243446   0.67433973  4.70375677  1.57072327 -1.36433763]

New op index: 2
Current grad: 4.797755954747572
Adding the same operator twice is not sensible, terminating.
Calculating energies for FreeWilson2D(N_x=2, N_y=2, mass=0.222, r=1.000)
h: 0.0
New op index: 11
Current grad: 11.1111111111111
0:	1.11e+00	0.00e+00
1:	-6.11e-01	0.00e+00
2:	6.11e-01	0.00e+00
3:	-1.11e+00	-5.00e-01
4:	-1.11e+00	-5.00e-01
5:	6.11e-01	-7.71e-18
6:	-6.11e-01	2.85e-17
7:	1.11e+00	-1.46e-17
8:	5.00e-01	0.00e+00
9:	0.00e+00	0.00e+00
10:	-5.00e-01	-5.00e-01
11:	-2.22e+00	6.94e-18
12:	-5.00e-01	-5.00e-01
13:	-6.94e-18	2.08e-17
14:	5.00e-01	2.08e-17
Return from COBYLA because the trust region radius reaches its lower bound.
Number of function values = 27   Least value of F = 199.38888888889596
The corresponding X is: [0.7854]

New op index: 3
Current grad: 11.652241700451702
Return from COBYLA because the trust region radius reaches its lower bound.
Number of function values = 53   Least value of F = 151.50000000023326
The corresponding X is: [ 1.57079773 -1.5707936 ]

New op index: 2
Current grad: 8.666677248322916
Return from COBYLA because the trust region radius reaches its lower bound.
Number of function values = 1199   Least value of F = 147.45552071253042
The corresponding X is:
[ 3.58602061 -0.89244668 -1.56834263]

New op index: 5
Current grad: 9.502076264565744
Return from COBYLA because the trust region radius reaches its lower bound.
Number of function values = 190   Least value of F = 127.45834307269902
The corresponding X is:
[ 3.67510965 -0.94549412 -1.57077889 -1.57076578]

New op index: 11
Current grad: 7.0178038563060365
Return from COBYLA because the trust region radius reaches its lower bound.
Number of function values = 354   Least value of F = 96.05066446686573
The corresponding X is:
[ 4.71236039 -1.55696848 -1.57081188 -1.57081955 -0.78539558]

New op index: 6
Current grad: 6.432446003174621
Return from COBYLA because the trust region radius reaches its lower bound.
Number of function values = 8167   Least value of F = 94.29428851359641
The corresponding X is:
[ 5.15051941 -1.49771688 -1.57081442 -1.57598075 -1.01233839  1.66062521]

New op index: 1
Current grad: 6.555785675805016
Return from COBYLA because the trust region radius reaches its lower bound.
Number of function values = 389   Least value of F = 46.050664524656895
The corresponding X is:
[ 4.71241706 -1.57078655 -1.56101004 -1.58056791 -0.78541191  1.57081187
 -1.57077496]

New op index: 7
Current grad: 3.200617856196704
Return from COBYLA because the trust region radius reaches its lower bound.
Number of function values = 7523   Least value of F = 44.30513566944158
The corresponding X is:
[ 4.71239245 -1.57078333 -1.32647802 -1.51079743 -0.78539774  1.57078961
 -1.57107229 -1.75725517]

New op index: 0
Current grad: 1.7756195410350646
Return from COBYLA because the trust region radius reaches its lower bound.
Number of function values = 415   Least value of F = -4.444444424293312
The corresponding X is:
[ 4.71236318 -1.57079066 -1.5707991  -1.57079138 -0.78538448  1.57079266
 -1.57080276 -1.57079872  1.57079606]

New op index: 1
Current grad: 6.208585578341924e-05
Precision cutoff reached.
Calculating energies for FreeWilson2D(N_x=2, N_y=2, mass=1.111, r=1.000)
h: 0.0
New op index: 11
Current grad: 15.555555555555543
0:	1.56e+00	0.00e+00
1:	-1.06e+00	0.00e+00
2:	1.06e+00	0.00e+00
3:	-1.56e+00	-5.00e-01
4:	-1.56e+00	-5.00e-01
5:	1.06e+00	-1.08e-17
6:	-1.06e+00	3.16e-17
7:	1.56e+00	-1.77e-17
8:	5.00e-01	0.00e+00
9:	0.00e+00	0.00e+00
10:	-5.00e-01	-5.00e-01
11:	-3.11e+00	6.94e-18
12:	-5.00e-01	-5.00e-01
13:	-6.94e-18	2.08e-17
14:	5.00e-01	2.08e-17
Return from COBYLA because the trust region radius reaches its lower bound.
Number of function values = 27   Least value of F = 198.94444444445452
The corresponding X is: [0.7854]

New op index: 3
Current grad: 14.947449838866222
Return from COBYLA because the trust region radius reaches its lower bound.
Number of function values = 49   Least value of F = 151.50000000007034
The corresponding X is: [ 1.57079754 -1.57079756]

New op index: 5
Current grad: 11.333339550887256
Return from COBYLA because the trust region radius reaches its lower bound.
Number of function values = 792   Least value of F = 146.05982681949817
The corresponding X is:
[ 3.49508882 -1.08971752 -1.5685192 ]

New op index: 0
Current grad: 11.329016335007188
Return from COBYLA because the trust region radius reaches its lower bound.
Number of function values = 187   Least value of F = 125.81482235044794
The corresponding X is:
[ 3.67505936 -0.95465375 -1.5612109  -1.57075722]

New op index: 7
Current grad: 10.552942920281385
Return from COBYLA because the trust region radius reaches its lower bound.
Number of function values = 1125   Least value of F = 96.05982654734791
The corresponding X is:
[ 3.49562209 -1.0886964  -1.56852453 -1.5707903   1.57080258]

New op index: 6
Current grad: 8.185578643638316
Return from COBYLA because the trust region radius reaches its lower bound.
Number of function values = 223   Least value of F = 79.35118541441288
The corresponding X is:
[ 3.67621055 -0.95318947 -1.56106334 -1.57082846  1.57073065 -1.54700655]

New op index: 2
Current grad: 7.8320714296255565
Return from COBYLA because the trust region radius reaches its lower bound.
Number of function values = 1295   Least value of F = 49.70106639198541
The corresponding X is:
[ 3.45718684 -1.17086979 -1.57080538 -1.57079529  1.57079422 -1.56093471
  1.57079107]

New op index: 1
Current grad: 5.238460041732303
Return from COBYLA because the trust region radius reaches its lower bound.
Number of function values = 354   Least value of F = 32.46319242637762
The corresponding X is:
[ 3.67621055 -0.95316722 -1.5708139  -1.5708056   1.57079446 -1.54711035
  1.57079759 -1.574322  ]

New op index: 4
Current grad: 3.4559632904955353
Return from COBYLA because the trust region radius reaches its lower bound.
Number of function values = 5873   Least value of F = 5.791310050407006e-06
The corresponding X is:
[ 3.15703663 -1.55533976 -1.5708019  -1.57079889  1.57080221 -1.57079226
  1.57079405 -1.57078834 -1.55533977]

New op index: 11
Current grad: 0.0015961673541830482
Return from COBYLA because the trust region radius reaches its lower bound.
Number of function values = 88   Least value of F = 2.0282550527994658e-08
The corresponding X is:
[ 3.15703131e+00 -1.55536164e+00 -1.57080244e+00 -1.57080677e+00
  1.57078787e+00 -1.57078791e+00  1.57079008e+00 -1.57078009e+00
 -1.55534520e+00 -1.18097080e-04]

New op index: 1
Current grad: 0.00014989625750163186
Precision cutoff reached.
Calculating energies for FreeWilson2D(N_x=2, N_y=2, mass=2.000, r=1.000)
h: 0.0
New op index: 11
Current grad: 19.999999999999986
0:	2.00e+00	0.00e+00
1:	-1.50e+00	0.00e+00
2:	1.50e+00	0.00e+00
3:	-2.00e+00	-5.00e-01
4:	-2.00e+00	-5.00e-01
5:	1.50e+00	-1.39e-17
6:	-1.50e+00	3.47e-17
7:	2.00e+00	-2.08e-17
8:	5.00e-01	0.00e+00
9:	0.00e+00	0.00e+00
10:	-5.00e-01	-5.00e-01
11:	-4.00e+00	6.94e-18
12:	-5.00e-01	-5.00e-01
13:	-6.94e-18	2.08e-17
14:	5.00e-01	2.08e-17
Return from COBYLA because the trust region radius reaches its lower bound.
Number of function values = 27   Least value of F = 198.50000000001307
The corresponding X is: [0.7854]

New op index: 3
Current grad: 18.24265797728074
Return from COBYLA because the trust region radius reaches its lower bound.
Number of function values = 50   Least value of F = 151.50000000023715
The corresponding X is: [ 1.57079602 -1.57079322]

New op index: 7
Current grad: 14.000013049075658
Return from COBYLA because the trust region radius reaches its lower bound.
Number of function values = 666   Least value of F = 145.3285102634714
The corresponding X is:
[ 3.55587362 -0.97890768 -1.57079374]

New op index: 5
Current grad: 15.764449644898088
Return from COBYLA because the trust region radius reaches its lower bound.
Number of function values = 181   Least value of F = 124.30653096571011
The corresponding X is:
[ 3.67541955 -0.95503015 -1.57081433 -1.56136029]

New op index: 6
Current grad: 12.628612985976876
Return from COBYLA because the trust region radius reaches its lower bound.
Number of function values = 932   Least value of F = 91.49098824100014
The corresponding X is:
[ 3.54055578 -1.0057236  -1.5708163  -1.56839396  1.55786523]

New op index: 2
Current grad: 10.672448299798502
Return from COBYLA because the trust region radius reaches its lower bound.
Number of function values = 261   Least value of F = 70.665736314935
The corresponding X is:
[ 3.67773838 -0.94589576 -1.57081119 -1.57081374  1.56809503 -1.57078619]

New op index: 0
Current grad: 8.27060986088207
Return from COBYLA because the trust region radius reaches its lower bound.
Number of function values = 1309   Least value of F = 41.377677559639395
The corresponding X is:
[ 3.59820538 -0.87402451 -1.57080031 -1.57079789  1.56282537 -1.57079739
  1.57080167]

New op index: 1
Current grad: 5.232040642195519
Return from COBYLA because the trust region radius reaches its lower bound.
Number of function values = 402   Least value of F = 24.736532587972643
The corresponding X is:
[ 3.67659243 -0.95352895 -1.57077914 -1.57079448  1.56557935 -1.57078958
  1.57079328 -1.56687988]

New op index: 4
Current grad: 4.082626284758913
Return from COBYLA because the trust region radius reaches its lower bound.
Number of function values = 5373   Least value of F = -7.999993091059213
The corresponding X is:
[ 3.15772238 -1.55466347 -1.57079555 -1.57079573  1.57078925 -1.57080237
  1.57080215 -1.57078896 -1.55466271]

New op index: 11
Current grad: 0.002160820119133613
Return from COBYLA because the trust region radius reaches its lower bound.
Number of function values = 130   Least value of F = -7.999999982112798
The corresponding X is:
[ 3.15768274e+00 -1.55471941e+00 -1.57079306e+00 -1.57081053e+00
  1.57079787e+00 -1.57079968e+00  1.57079970e+00 -1.57078029e+00
 -1.55471342e+00 -1.31445927e-04]

New op index: 3
Current grad: 0.00015416301542540677
Precision cutoff reached.
-----Beginning pprint-----
/:
	Attributes:
		ProcessId: 23726244
	2025-10-21_17-40-56-23726244:
		Attributes:
			HamiltonianType: ZeroChargePenalty
			Last-Modified: 2025-10-21_17-40-56
			ProcessId: 23726244
			SimulatorType: Statevector
			SolverName: AdaptVQE
			SystemName: FreeWilson2D
			n_x: 2
			n_y: 2
			r: 1.0
		AdaptOptions:
			Attributes:
				prec_cutoff: 0.001
		AnsatzOperatorDerivatives: Dataset (dtype=float64, shape=(10, 11, 15), maxshape=(10, None, 15))
			Attributes:
				DIMENSION_LABELS: ['mass' 'AnsatzOperatorAxis' 'AnsatzPoolOperatorAxis']
				NDataDims: 2
		AnsatzOperators: Dataset (dtype=int64, shape=(10, 10), maxshape=(10, None))
			Attributes:
				DIMENSION_LABELS: ['mass' 'AnsatzOperatorAxis']
				NDataDims: 1
		Circuit:
			Attributes:
				Ansatz: YXPlusXYRYAdaptAnsatz1
			AnsatzOptions:
				Attributes:
					num_qubits: 8
		CircuitParameters: Dataset (dtype=float64, shape=(10, 23040, 10), maxshape=(10, None, None))
			Attributes:
				DIMENSION_LABELS: ['mass' 'IterationAxis' 'CircuitParameterAxis']
				NDataDims: 2
		Data:
			Attributes:
			evs:
				Attributes:
				Hamiltonian: Dataset (dtype=float64, shape=(10, 23040), maxshape=(10, None))
					Attributes:
						DIMENSION_LABELS: ['mass' 'IterationAxis']
						NDataDims: 1
			stds:
				Attributes:
				Hamiltonian: Dataset (dtype=float64, shape=(10, 23040), maxshape=(10, None))
					Attributes:
						DIMENSION_LABELS: ['mass' 'IterationAxis']
						NDataDims: 1
		EstimatorOptions:
			Attributes:
				_VERSION: 2
				default_precision: Unset
				default_shots: Unset
				experimental: Unset
				max_execution_time: Unset
				resilience_level: Unset
				seed_estimator: 23726244
			dynamical_decoupling:
				Attributes:
					enable: Unset
					extra_slack_distribution: Unset
					scheduling_method: Unset
					sequence_type: Unset
					skip_reset_qubits: Unset
			environment:
				Attributes:
					callback: None
					job_tags: None
					log_level: WARNING
					private: False
			execution:
				Attributes:
					init_qubits: Unset
					rep_delay: Unset
			resilience:
				Attributes:
					layer_noise_model: Unset
					measure_mitigation: Unset
					pec_mitigation: Unset
					zne_mitigation: Unset
				layer_noise_learning:
					Attributes:
						layer_pair_depths: Unset
						max_layers_to_learn: Unset
						num_randomizations: Unset
						shots_per_randomization: Unset
				measure_noise_learning:
					Attributes:
						num_randomizations: Unset
						shots_per_randomization: Unset
				pec:
					Attributes:
						max_overhead: Unset
						noise_gain: Unset
				zne:
					Attributes:
						amplifier: Unset
						extrapolated_noise_factors: Unset
						extrapolator: Unset
						noise_factors: Unset
			simulator:
				Attributes:
					basis_gates: Unset
					coupling_map: Unset
					noise_model: Unset
					seed_simulator: Unset
			twirling:
				Attributes:
					enable_gates: Unset
					enable_measure: Unset
					num_randomizations: Unset
					shots_per_randomization: Unset
					strategy: Unset
		MetaData:
			Attributes:
			circuit_metadata: Dataset (dtype=object, shape=(10, 23040), maxshape=(10, None))
				Attributes:
					DIMENSION_LABELS: ['mass' 'IterationAxis']
					NDataDims: 1
			target_precision: Dataset (dtype=float64, shape=(10, 23040), maxshape=(10, None))
				Attributes:
					DIMENSION_LABELS: ['mass' 'IterationAxis']
					NDataDims: 1
			version: Dataset (dtype=int64, shape=(10, 23040), maxshape=(10, None))
				Attributes:
					DIMENSION_LABELS: ['mass' 'IterationAxis']
					NDataDims: 1
		NIterations: Dataset (dtype=int64, shape=(10,), maxshape=(10,))
			Attributes:
				DIMENSION_LABELS: ['mass']
				NDataDims: 0
		OptimizerOptions:
			Attributes:
				bounds: None
				callback: None
				constraints: []
				method: cobyla
				tol: 1e-05
				x0Seed: 23726244
			options:
				Attributes:
					disp: 1
					maxiter: 20000
		PresetPassManagerOptions:
			Attributes:
		SimulatorOptions:
			Attributes:
		StartIterations: Dataset (dtype=int64, shape=(10, 10), maxshape=(10, None))
			Attributes:
				DIMENSION_LABELS: ['mass' 'AnsatzOperatorAxis']
				NDataDims: 1
		VersionInfo:
			Attributes:
				QiskitAerVersion: 0.17.1
				QiskitIBMRuntimeVersion: 0.41.1
				QiskitVersion: 2.1.2
		mass: Dataset (dtype=float64, shape=(10,), maxshape=(10,))
			Attributes:
-----Ending pprint-----
End 2025-10-21 17:50:36 | 23726244 MyPyJob | node015 | /home/s6nidich_hpc/PycharmProjects/QC-MasterThesis 

