Start 2025-10-27 10:18:54 | 23768277 MyPyJob | node002 | /home/s6nidich_hpc/PycharmProjects/QC-MasterThesis 

Used python interpreter:
/home/s6nidich_hpc/PycharmProjects/QC-MasterThesis/.venv_intel_3_12_3/bin/python
Python version:
Python 3.12.3

Currently Loaded Modules:
  1) GCCcore/13.3.0                   7) Tcl/8.6.14-GCCcore-13.3.0
  2) zlib/1.3.1-GCCcore-13.3.0        8) SQLite/3.45.3-GCCcore-13.3.0
  3) binutils/2.42-GCCcore-13.3.0     9) XZ/5.4.5-GCCcore-13.3.0
  4) bzip2/1.0.8-GCCcore-13.3.0      10) libffi/3.4.5-GCCcore-13.3.0
  5) ncurses/6.5-GCCcore-13.3.0      11) OpenSSL/3
  6) libreadline/8.2-GCCcore-13.3.0  12) Python/3.12.3-GCCcore-13.3.0

 

Start of Program:

-----Beginning pprint-----
/:
	Attributes:
-----Ending pprint-----
Calculating energies for FreeWilson2D(N_x=2, N_y=2, mass=-6.000, r=1.000)
h: 0.0
Prec 0.0
Prec 0.0
New op index: 27
Current grad: 25.101116597477567
0:	3.05e-02	-4.06e-02
1:	-2.10e+00	-5.12e-02
2:	7.50e-02	-8.14e-02
3:	9.41e-02	6.16e-02
4:	2.30e+00	1.13e-01
5:	-1.30e-01	-1.14e-02
6:	1.28e-02	-8.40e-02
7:	-2.53e+00	-8.24e-02
8:	-1.68e-03	6.51e-02
9:	-8.53e-02	7.43e-02
10:	2.09e+00	-4.46e-01
11:	7.78e-02	-5.67e-01
12:	6.60e-03	2.32e-02
13:	2.11e+00	-4.88e-01
14:	4.68e-02	-4.78e-01
15:	-8.59e-02	8.71e-02
16:	-2.46e+00	2.24e-02
17:	-9.59e-02	6.79e-02
18:	8.78e-02	6.76e-03
19:	2.50e+00	2.89e-02
20:	-1.85e-02	6.31e-02
21:	-6.81e-02	-1.46e-01
22:	-1.88e+00	-3.20e-02
23:	-1.55e-02	-4.70e-02
24:	4.57e-01	-6.39e-02
25:	-3.52e-02	-2.75e-02
26:	-4.47e-01	-3.51e-01
27:	4.04e+00	-8.66e-02
28:	-4.59e-01	-4.03e-01
29:	4.31e-02	-1.68e-01
30:	7.14e-01	-3.35e-02
Return from COBYLA because the trust region radius reaches its lower bound.
Number of function values = 30   Least value of F = 198.50000000001302
The corresponding X is: [-0.7854]

Prec 0.0
New op index: 4
Current grad: 20.473797269992406
Return from COBYLA because the trust region radius reaches its lower bound.
Number of function values = 76   Least value of F = 151.00000000149683
The corresponding X is: [-0.78539468  1.57079319]

Prec 0.0
New op index: 19
Current grad: 18.755848625077256
Return from COBYLA because the trust region radius reaches its lower bound.
Number of function values = 311   Least value of F = 148.50000003218125
The corresponding X is:
[-0.785392    1.57079203 -1.57063851]

Prec 0.0
New op index: 10
Current grad: 16.14045881167845
Return from COBYLA because the trust region radius reaches its lower bound.
Number of function values = 87   Least value of F = 101.50000000167083
The corresponding X is:
[-1.57079977  1.57079205 -1.57079872  1.57080219]

Prec 0.0
New op index: 1
Current grad: 9.993782412147425
Return from COBYLA because the trust region radius reaches its lower bound.
Number of function values = 1196   Least value of F = 94.82669058248426
The corresponding X is:
[-3.555794    1.57078653 -1.5707942   0.97907456  1.57807869]

Prec 0.0
New op index: 13
Current grad: 13.474758747878978
Return from COBYLA because the trust region radius reaches its lower bound.
Number of function values = 3974   Least value of F = 92.99878024540014
The corresponding X is:
[-3.15978057  1.57079837 -1.57086028  1.55248987  1.57569559  1.55252245]

Prec 0.0
New op index: 7
Current grad: 8.702062195901954
Return from COBYLA because the trust region radius reaches its lower bound.
Number of function values = 2914   Least value of F = 41.4976076883185
The corresponding X is:
[-3.15999414  1.57079754 -1.57079557  1.55238244  1.57088935  1.5523884
  1.56118029]

Prec 0.0
New op index: 16
Current grad: 6.681137130975746
Return from COBYLA because the trust region radius reaches its lower bound.
Number of function values = 5768   Least value of F = 35.997549243524766
The corresponding X is:
[-3.14890523 -1.57052076 -1.57105742  1.56373562  1.56589262  1.56321802
  1.57074344  1.56589105]

Prec 0.0
New op index: 22
Current grad: 5.856582943548686
Return from COBYLA because the trust region radius reaches its lower bound.
Number of function values = 5406   Least value of F = -15.999993893946233
The corresponding X is:
[-3.12595314 -1.57079688 -1.57079652  1.58644464  1.57079095  1.58643885
  1.57079921  1.57079727  1.57079435]

Prec 0.0
New op index: 22
Current grad: 2.394014742493004
Adding the same operator twice is not sensible, terminating.
Calculating energies for FreeWilson2D(N_x=2, N_y=2, mass=-3.333, r=1.000)
h: 0.0
Prec 0.0
Prec 0.0
New op index: 19
Current grad: 11.694905064299352
0:	-4.41e-02	-1.74e-02
1:	-6.63e-01	1.67e-01
2:	2.69e-02	-1.10e-01
3:	-6.20e-02	5.87e-02
4:	1.21e+00	3.19e-02
5:	-5.33e-02	-8.69e-02
6:	-4.12e-02	1.77e-02
7:	-1.03e+00	1.21e-01
8:	-1.04e-01	-3.24e-02
9:	-2.41e-01	-1.69e-01
10:	8.28e-01	-5.02e-01
11:	2.55e-01	-5.90e-01
12:	-4.05e-02	-3.42e-02
13:	4.73e-01	-5.08e-01
14:	-3.10e-02	-6.71e-01
15:	-2.86e-02	-1.62e-01
16:	-1.19e+00	4.82e-02
17:	-1.11e-01	-5.23e-02
18:	5.80e-02	-2.56e-01
19:	1.22e+00	7.85e-02
20:	-1.49e-01	2.72e-02
21:	6.99e-02	-7.14e-02
22:	-4.61e-01	-1.32e-01
23:	1.72e-02	8.36e-02
24:	4.66e-01	3.49e-02
25:	-1.42e-02	2.38e-01
26:	-4.38e-01	-4.58e-01
27:	1.16e+00	3.88e-02
28:	-4.84e-01	-5.17e-01
29:	-3.90e-02	8.17e-02
30:	6.85e-01	6.25e-02
Return from COBYLA because the trust region radius reaches its lower bound.
Number of function values = 29   Least value of F = 199.33333333334073
The corresponding X is: [-1.5708]

Prec 0.0
New op index: 27
Current grad: 10.23052415538014
Return from COBYLA because the trust region radius reaches its lower bound.
Number of function values = 51   Least value of F = 150.00000000374615
The corresponding X is: [-1.57078458  0.78539668]

Prec 0.0
New op index: 4
Current grad: 8.340021521600145
Return from COBYLA because the trust region radius reaches its lower bound.
Number of function values = 1209   Least value of F = 148.83333490704462
The corresponding X is:
[-1.5707979   0.78539486 -1.56915496]

Prec 0.0
New op index: 26
Current grad: 7.004787461095709
Return from COBYLA because the trust region radius reaches its lower bound.
Number of function values = 244   Least value of F = 129.90351801775935
The corresponding X is:
[-1.570839    0.53272715 -1.55990584  0.47484959]

Prec 0.0
New op index: 16
Current grad: 7.0671002973734245
Return from COBYLA because the trust region radius reaches its lower bound.
Number of function values = 1392   Least value of F = 97.59601545674028
The corresponding X is:
[-1.5525675  -0.66141066 -1.55224281  0.95106847  1.56765994]

Prec 0.0
New op index: 27
Current grad: 8.050879616227721
Return from COBYLA because the trust region radius reaches its lower bound.
Number of function values = 3376   Least value of F = 97.21917695594504
The corresponding X is:
[-1.47768192 -0.53531428 -1.26820163  1.09131913  1.56803384 -0.63384404]

Prec 0.0
New op index: 13
Current grad: 6.006111055555079
Return from COBYLA because the trust region radius reaches its lower bound.
Number of function values = 257   Least value of F = 49.189791094150785
The corresponding X is:
[-1.57066545 -0.77881594 -1.57086027  1.54701003  1.5609828  -1.57612972
  1.57082965]

Prec 0.0
New op index: 22
Current grad: 3.7125506356082587
Return from COBYLA because the trust region radius reaches its lower bound.
Number of function values = 16766   Least value of F = 45.99978615016327
The corresponding X is:
[-1.56077257  0.92350387 -1.57859987  0.91204598  1.57449922 -4.30507169
  2.14350799  1.56705688]

Prec 0.0
New op index: 1
Current grad: 3.947427341562703
Return from COBYLA because the trust region radius reaches its lower bound.
Number of function values = 254   Least value of F = -4.045878158822163
The corresponding X is:
[-1.57072245  0.78862041 -1.57084573  1.55681546  1.57087826 -4.70762595
  1.57079974  1.57079154  1.57065565]

Prec 0.0
New op index: 30
Current grad: 2.7021431664639306
Return from COBYLA because the trust region radius reaches its lower bound.
Number of function values = 78   Least value of F = -4.045878164608132
The corresponding X is:
[-1.57072829  0.78862121 -1.57084683  1.5568199   1.57088141 -4.70762297
  1.57080302  1.5707929   1.57064774  0.00500058]

Prec 0.0
New op index: 7
Current grad: 2.4362331800696975
Return from COBYLA because the trust region radius reaches its lower bound.
Number of function values = 7732   Least value of F = -4.16900867215337
The corresponding X is:
[-1.5707646   0.73776396 -1.57077986  1.38084963  1.57078598 -4.37364327
  1.89094463  1.57079715  1.57077174  0.00981013 -0.49665777]

Prec 0.0
New op index: 6
Current grad: 2.891782394681977
Return from COBYLA because the trust region radius reaches its lower bound.
Number of function values = 618   Least value of F = -4.169010725967154
The corresponding X is:
[-1.57076113e+00  7.37604677e-01 -1.57078540e+00  1.38061665e+00
  1.57079333e+00 -4.37290107e+00  1.89141081e+00  1.57079497e+00
  1.57077287e+00 -4.00587239e-02 -4.97526280e-01  2.51187864e-06]

Prec 0.0
New op index: 17
Current grad: 2.7707023215165174
Return from COBYLA because the trust region radius reaches its lower bound.
Number of function values = 98   Least value of F = -4.169010745273745
The corresponding X is:
[-1.57077152e+00  7.37604037e-01 -1.57078128e+00  1.38060980e+00
  1.57079408e+00 -4.37289354e+00  1.89141897e+00  1.57079711e+00
  1.57077152e+00 -4.00617331e-02 -4.97529477e-01 -1.19983717e-06
  1.00000026e+00]

Prec 0.0
New op index: 11
Current grad: 2.7233948689421354
Return from COBYLA because the trust region radius reaches its lower bound.
Number of function values = 411   Least value of F = -4.169011344534371
The corresponding X is:
[-1.57077123e+00  7.37532742e-01 -1.57078395e+00  1.38049870e+00
  1.57078980e+00 -4.37255481e+00  1.89162045e+00  1.57079751e+00
  1.57077443e+00 -3.99949549e-02 -4.97903660e-01  2.21298819e-06
  1.99995407e+00 -3.14335664e-06]

Prec 0.0
New op index: 18
Current grad: 2.327426080878985
Return from COBYLA because the trust region radius reaches its lower bound.
Number of function values = 187   Least value of F = -4.169011422048711
The corresponding X is:
[-1.57076681e+00  7.37526829e-01 -1.57078595e+00  1.38047872e+00
  1.57078748e+00 -4.37251033e+00  1.89164430e+00  1.57080096e+00
  1.57076810e+00 -4.00120591e-02 -4.97971253e-01  5.52753317e-06
  2.99996734e+00 -1.15491989e-05  3.53546288e-06]

Prec 0.0
New op index: 28
Current grad: 2.3510399725277855
Return from COBYLA because the trust region radius reaches its lower bound.
Number of function values = 139   Least value of F = -4.169011440975394
The corresponding X is:
[-1.57077292e+00  7.37519414e-01 -1.57078225e+00  1.38047650e+00
  1.57079192e+00 -4.37249604e+00  1.89165957e+00  1.57079294e+00
  1.57076541e+00 -9.00070341e-02 -4.97982482e-01  7.11494513e-07
  2.99997053e+00  3.47274067e-05  2.93042874e-06  4.05429940e-07]

Prec 0.0
New op index: 4
Current grad: 2.735043012489203
Adding the same operator twice is not sensible, terminating.
Calculating energies for FreeWilson2D(N_x=2, N_y=2, mass=-0.667, r=1.000)
h: 0.0
Prec 0.0
Prec 0.0
New op index: 27
Current grad: 8.149244163661171
0:	-2.27e-02	1.90e-01
1:	5.05e-01	-4.53e-02
2:	9.89e-02	2.60e-02
3:	3.65e-02	1.02e-01
4:	-2.39e-01	-1.64e-02
5:	-2.81e-02	-5.81e-02
6:	-1.50e-01	-2.28e-01
7:	6.41e-02	6.41e-02
8:	-5.38e-02	-1.13e-02
9:	1.23e-01	-1.01e-01
10:	-7.31e-01	-4.87e-01
11:	6.40e-02	-5.58e-01
12:	-5.38e-02	-5.28e-02
13:	-6.42e-01	-4.39e-01
14:	-1.41e-02	-6.34e-01
15:	8.73e-02	1.05e-01
16:	1.13e-01	-1.40e-01
17:	-1.57e-01	-6.63e-02
18:	-1.38e-01	1.92e-01
19:	-2.20e-01	1.13e-01
20:	-1.25e-01	9.76e-03
21:	4.10e-02	-9.41e-02
22:	6.20e-01	-5.29e-02
23:	2.37e-01	7.33e-03
24:	3.26e-01	3.75e-03
25:	2.04e-02	-9.09e-03
26:	-6.13e-01	-5.03e-01
27:	-1.38e+00	-2.14e-02
28:	-4.86e-01	-6.44e-01
29:	-2.33e-01	-5.17e-02
30:	5.24e-01	9.15e-02
Return from COBYLA because the trust region radius reaches its lower bound.
Number of function values = 27   Least value of F = 199.8333333333374
The corresponding X is: [0.7854]

Prec 0.0
New op index: 28
Current grad: 9.289124010978819
Return from COBYLA because the trust region radius reaches its lower bound.
Number of function values = 50   Least value of F = 151.39493877588657
The corresponding X is: [ 1.54378293 -0.78183918]

Prec 0.0
New op index: 26
Current grad: 8.393297963614915
Return from COBYLA because the trust region radius reaches its lower bound.
Number of function values = 1606   Least value of F = 150.25182212131355
The corresponding X is:
[ 0.47561282 -0.99827184  0.57348019]

Prec 0.0
New op index: 13
Current grad: 8.852590967890563
Return from COBYLA because the trust region radius reaches its lower bound.
Number of function values = 1636   Least value of F = 147.74859264042058
The corresponding X is:
[ 1.56616432 -2.15806941  0.81603948  3.25278826]

Prec 0.0
New op index: 27
Current grad: 9.183949035859257
Return from COBYLA because the trust region radius reaches its lower bound.
Number of function values = 904   Least value of F = 147.5307016354103
The corresponding X is:
[ 1.64206484 -2.21469225  0.85691893  3.3148115  -0.51983302]

Prec 0.0
New op index: 19
Current grad: 7.816191498433518
Return from COBYLA because the trust region radius reaches its lower bound.
Number of function values = 542   Least value of F = 100.39229986963629
The corresponding X is:
[ 2.31559263 -1.59411072  1.48233674  3.2176614  -0.80028494 -1.56351877]

Prec 0.0
New op index: 22
Current grad: 6.556531440282123
Return from COBYLA because the trust region radius reaches its lower bound.
Number of function values = 6861   Least value of F = 96.51889000473972
The corresponding X is:
[ 1.61829304 -2.25419264  0.8569741   3.31626871 -0.64139457  1.55732651
 -1.56678514]

Prec 0.0
New op index: 1
Current grad: 5.052565827645062
Return from COBYLA because the trust region radius reaches its lower bound.
Number of function values = 716   Least value of F = 47.71146442026944
The corresponding X is:
[ 2.31198149 -1.60429658  1.48303804  3.21697647 -0.80009766  1.563719
 -1.57047917 -1.57080234]

Prec 0.0
New op index: 4
Current grad: 3.9517334738462178
Return from COBYLA because the trust region radius reaches its lower bound.
Number of function values = 1801   Least value of F = 45.46959110344194
The corresponding X is:
[ 1.61367026 -2.27697955  0.85228865  3.28739827 -0.78137582  1.55870682
 -1.56670135 -1.57494949  1.55871397]

Prec 0.0
New op index: 1
Current grad: 4.5187595895236505
Adding the same operator twice is not sensible, terminating.
Calculating energies for FreeWilson2D(N_x=2, N_y=2, mass=2.000, r=1.000)
h: 0.0
Prec 0.0
Prec 0.0
New op index: 27
Current grad: 21.333787907354548
0:	1.16e-01	5.17e-02
1:	2.09e+00	-2.22e-01
2:	2.57e-01	1.47e-01
3:	-7.50e-02	1.69e-02
4:	-1.55e+00	1.00e-01
5:	-3.06e-02	-9.02e-02
6:	-4.90e-02	-1.55e-01
7:	1.41e+00	2.61e-02
8:	-2.76e-01	-3.36e-03
9:	-4.35e-02	-4.92e-02
10:	-1.96e+00	-4.92e-01
11:	-4.93e-02	-2.23e-01
12:	1.94e-01	8.35e-02
13:	-2.00e+00	-3.95e-01
14:	1.29e-01	-4.16e-01
15:	2.61e-02	1.48e-01
16:	1.58e+00	-1.90e-02
17:	2.79e-02	-2.05e-01
18:	1.37e-01	-1.89e-02
19:	-1.49e+00	8.12e-02
20:	4.96e-02	-9.70e-02
21:	3.66e-02	-1.76e-02
22:	1.97e+00	-6.92e-02
23:	4.05e-02	1.50e-01
24:	7.23e-01	7.49e-02
25:	-2.70e-02	6.52e-02
26:	-4.58e-01	-4.38e-01
27:	-3.87e+00	-3.72e-03
28:	-3.86e-01	-4.80e-01
29:	1.17e-03	-1.19e-01
30:	2.62e-01	-2.19e-01
Return from COBYLA because the trust region radius reaches its lower bound.
Number of function values = 27   Least value of F = 198.50000000001307
The corresponding X is: [0.7854]

Prec 0.0
New op index: 13
Current grad: 19.59198357638854
Return from COBYLA because the trust region radius reaches its lower bound.
Number of function values = 57   Least value of F = 151.50000000007128
The corresponding X is: [ 1.57079732 -1.57079776]

Prec 0.0
New op index: 7
Current grad: 15.417280085259758
Return from COBYLA because the trust region radius reaches its lower bound.
Number of function values = 634   Least value of F = 145.03136452247998
The corresponding X is:
[ 3.52088011 -1.04357843 -1.5684588 ]

Prec 0.0
New op index: 22
Current grad: 15.504267000016913
Return from COBYLA because the trust region radius reaches its lower bound.
Number of function values = 195   Least value of F = 124.30653093776738
The corresponding X is:
[ 3.67541476 -0.95503063 -1.56139048 -1.5707826 ]

Prec 0.0
New op index: 1
Current grad: 15.126576853654244
Return from COBYLA because the trust region radius reaches its lower bound.
Number of function values = 915   Least value of F = 95.03136440681965
The corresponding X is:
[ 3.52125038 -1.0428118  -1.56845526 -1.57079702  1.57080034]

Prec 0.0
New op index: 19
Current grad: 11.463305829149395
Return from COBYLA because the trust region radius reaches its lower bound.
Number of function values = 342   Least value of F = 78.30076907060315
The corresponding X is:
[ 3.67540802 -0.95500783 -1.56141447 -1.54775004  1.57079268 -1.57077104]

Prec 0.0
New op index: 16
Current grad: 11.10671745874849
Return from COBYLA because the trust region radius reaches its lower bound.
Number of function values = 1324   Least value of F = 49.03150770209798
The corresponding X is:
[ 3.52119135 -1.04294594 -1.57079706 -1.57079671  1.57079723 -1.56962019
  1.57080081]

Prec 0.0
New op index: 10
Current grad: 7.10964789185462
Return from COBYLA because the trust region radius reaches its lower bound.
Number of function values = 11006   Least value of F = 35.99755913006527
The corresponding X is:
[ 3.15767163 -1.55476073 -1.57084538 -1.57085386 -1.57074191 -4.70748593
 -1.57076091 -1.54981033]

Prec 0.0
New op index: 4
Current grad: 5.1497726091281
Return from COBYLA because the trust region radius reaches its lower bound.
Number of function values = 5190   Least value of F = -15.999993014798612
The corresponding X is:
[ 3.15776689 -1.55461139 -1.57079777 -1.57079839 -1.57079842 -4.71239099
 -1.57080031 -1.5546191   1.570797  ]

Prec 0.0
New op index: 11
Current grad: 2.929854680962368
Return from COBYLA because the trust region radius reaches its lower bound.
Number of function values = 271   Least value of F = -15.999993579083746
The corresponding X is:
[ 3.1574292  -1.55495541 -1.57078922 -1.57079658 -1.57079499 -4.71238871
 -1.57079703 -1.55495233  1.57078855  0.99998538]

Prec 0.0
New op index: 21
Current grad: 2.987368805235311
Return from COBYLA because the trust region radius reaches its lower bound.
Number of function values = 1153   Least value of F = -15.999995497491726
The corresponding X is:
[ 3.15608479e+00 -1.55629913e+00 -1.57079463e+00 -1.57079923e+00
 -1.57079959e+00 -4.71239381e+00 -1.57080214e+00 -1.55630170e+00
  1.57079301e+00  9.50032229e-01  2.00910449e-06]

Prec 0.0
New op index: 17
Current grad: 2.9886574933880454
Return from COBYLA because the trust region radius reaches its lower bound.
Number of function values = 161   Least value of F = -15.999995643809996
The corresponding X is:
[ 3.15596652e+00 -1.55641544e+00 -1.57079818e+00 -1.57079491e+00
 -1.57079353e+00 -4.71239047e+00 -1.57079636e+00 -1.55642022e+00
  1.57079446e+00  1.95001797e+00 -5.40002899e-07  9.99961328e-01]

Prec 0.0
New op index: 24
Current grad: 2.1045772154906945
Return from COBYLA because the trust region radius reaches its lower bound.
Number of function values = 439   Least value of F = -15.999996065749889
The corresponding X is:
[ 3.15559612e+00 -1.55678324e+00 -1.57079579e+00 -1.57079945e+00
 -1.57079492e+00 -4.71238357e+00 -1.57079082e+00 -1.55677751e+00
  1.57079348e+00  2.95008139e+00 -8.72843700e-07  9.99940041e-01
  1.00000906e+00]

Prec 0.0
New op index: 12
Current grad: 1.9015218138719245
Return from COBYLA because the trust region radius reaches its lower bound.
Number of function values = 757   Least value of F = -15.999996648482409
The corresponding X is:
[ 3.15505104e+00 -1.55733599e+00 -1.57079359e+00 -1.57079631e+00
 -1.57079994e+00 -4.71238945e+00 -1.57079089e+00 -1.55733086e+00
  1.57078855e+00  2.95007694e+00  4.96340860e-06  9.99983165e-01
  1.99999408e+00  6.21425757e-07]

Prec 0.0
New op index: 13
Current grad: 2.4760822127633677
Return from COBYLA because the trust region radius reaches its lower bound.
Number of function values = 564   Least value of F = -15.999997012827416
The corresponding X is:
[ 3.15466852e+00 -1.55750869e+00 -1.57079714e+00 -1.57079661e+00
 -1.57079601e+00 -4.71239282e+00 -1.57079193e+00 -1.55771252e+00
  1.57079107e+00  2.95009942e+00  3.84965093e-06  9.99973610e-01
  2.99994574e+00 -2.74939395e-06 -2.05467435e-04]

Prec 0.0
New op index: 7
Current grad: 2.3233893833548662
Adding the same operator twice is not sensible, terminating.
-----Beginning pprint-----
/:
	Attributes:
		ProcessId: 23768277
	2025-10-27_10-18-56-23768277:
		Attributes:
			HamiltonianType: ZeroChargePenalty
			Last-Modified: 2025-10-27_10-18-56
			ProcessId: 23768277
			SimulatorType: Statevector
			SolverName: AdaptVQE
			SystemName: FreeWilson2D
			n_x: 2
			n_y: 2
			r: 1.0
		AdaptOptions:
			Attributes:
				gradient_hamiltonian_type: HamiltonianType.Full
				max_depth: 40
				prec_cutoff: 0.001
				precision: 0.1
		AnsatzOperatorDerivatives: Dataset (dtype=float64, shape=(4, 17, 31), maxshape=(4, None, 31))
			Attributes:
				DIMENSION_LABELS: ['mass' 'AnsatzOperatorAxis' 'AnsatzPoolOperatorAxis']
				NDataDims: 2
		AnsatzOperatorSecondDerivatives: Dataset (dtype=float64, shape=(4, 17, 31), maxshape=(4, None, 31))
			Attributes:
				DIMENSION_LABELS: ['mass' 'AnsatzOperatorAxis' 'AnsatzPoolOperatorAxis']
				NDataDims: 2
		AnsatzOperators: Dataset (dtype=int64, shape=(4, 16), maxshape=(4, None))
			Attributes:
				DIMENSION_LABELS: ['mass' 'AnsatzOperatorAxis']
				NDataDims: 1
		Circuit:
			Attributes:
				Ansatz: HardwareAdaptAnsatz1
			AnsatzOptions:
				Attributes:
					num_qubits: 8
		CircuitParameters: Dataset (dtype=float64, shape=(4, 32850, 16), maxshape=(4, None, None))
			Attributes:
				DIMENSION_LABELS: ['mass' 'IterationAxis' 'CircuitParameterAxis']
				NDataDims: 2
		Data:
			Attributes:
			evs:
				Attributes:
				Hamiltonian: Dataset (dtype=float64, shape=(4, 32850), maxshape=(4, None))
					Attributes:
						DIMENSION_LABELS: ['mass' 'IterationAxis']
						NDataDims: 1
			stds:
				Attributes:
				Hamiltonian: Dataset (dtype=float64, shape=(4, 32850), maxshape=(4, None))
					Attributes:
						DIMENSION_LABELS: ['mass' 'IterationAxis']
						NDataDims: 1
		EstimatorOptions:
			Attributes:
				_VERSION: 2
				default_precision: Unset
				default_shots: Unset
				experimental: Unset
				max_execution_time: Unset
				resilience_level: Unset
				seed_estimator: 23768277
			dynamical_decoupling:
				Attributes:
					enable: Unset
					extra_slack_distribution: Unset
					scheduling_method: Unset
					sequence_type: Unset
					skip_reset_qubits: Unset
			environment:
				Attributes:
					callback: None
					job_tags: None
					log_level: WARNING
					private: False
			execution:
				Attributes:
					init_qubits: Unset
					rep_delay: Unset
			resilience:
				Attributes:
					layer_noise_model: Unset
					measure_mitigation: Unset
					pec_mitigation: Unset
					zne_mitigation: Unset
				layer_noise_learning:
					Attributes:
						layer_pair_depths: Unset
						max_layers_to_learn: Unset
						num_randomizations: Unset
						shots_per_randomization: Unset
				measure_noise_learning:
					Attributes:
						num_randomizations: Unset
						shots_per_randomization: Unset
				pec:
					Attributes:
						max_overhead: Unset
						noise_gain: Unset
				zne:
					Attributes:
						amplifier: Unset
						extrapolated_noise_factors: Unset
						extrapolator: Unset
						noise_factors: Unset
			simulator:
				Attributes:
					basis_gates: Unset
					coupling_map: Unset
					noise_model: Unset
					seed_simulator: Unset
			twirling:
				Attributes:
					enable_gates: Unset
					enable_measure: Unset
					num_randomizations: Unset
					shots_per_randomization: Unset
					strategy: Unset
		MetaData:
			Attributes:
			circuit_metadata: Dataset (dtype=object, shape=(4, 32850), maxshape=(4, None))
				Attributes:
					DIMENSION_LABELS: ['mass' 'IterationAxis']
					NDataDims: 1
			target_precision: Dataset (dtype=float64, shape=(4, 32850), maxshape=(4, None))
				Attributes:
					DIMENSION_LABELS: ['mass' 'IterationAxis']
					NDataDims: 1
			version: Dataset (dtype=int64, shape=(4, 32850), maxshape=(4, None))
				Attributes:
					DIMENSION_LABELS: ['mass' 'IterationAxis']
					NDataDims: 1
		NIterations: Dataset (dtype=int64, shape=(4,), maxshape=(4,))
			Attributes:
				DIMENSION_LABELS: ['mass']
				NDataDims: 0
		OptimizerOptions:
			Attributes:
				bounds: None
				callback: None
				constraints: []
				method: cobyla
				tol: 1e-05
				x0Seed: 23768277
			options:
				Attributes:
					disp: 1
					maxiter: 20000
		PresetPassManagerOptions:
			Attributes:
		SimulatorOptions:
			Attributes:
		StartIterations: Dataset (dtype=int64, shape=(4, 16), maxshape=(4, None))
			Attributes:
				DIMENSION_LABELS: ['mass' 'AnsatzOperatorAxis']
				NDataDims: 1
		VersionInfo:
			Attributes:
				QiskitAerVersion: 0.17.1
				QiskitIBMRuntimeVersion: 0.41.1
				QiskitVersion: 2.1.2
		mass: Dataset (dtype=float64, shape=(4,), maxshape=(4,))
			Attributes:
-----Ending pprint-----
End 2025-10-27 10:28:24 | 23768277 MyPyJob | node002 | /home/s6nidich_hpc/PycharmProjects/QC-MasterThesis 

