Start 2025-11-18 16:34:56 | 23954761 MyPyJob | lmnode207 | /home/s6nidich_hpc/PycharmProjects/QC-MasterThesis 

Used python interpreter:
/home/s6nidich_hpc/PycharmProjects/QC-MasterThesis/.venv_intel_3_12_3/bin/python
Python version:
Python 3.12.3

Currently Loaded Modules:
  1) GCCcore/13.3.0                   7) Tcl/8.6.14-GCCcore-13.3.0
  2) zlib/1.3.1-GCCcore-13.3.0        8) SQLite/3.45.3-GCCcore-13.3.0
  3) binutils/2.42-GCCcore-13.3.0     9) XZ/5.4.5-GCCcore-13.3.0
  4) bzip2/1.0.8-GCCcore-13.3.0      10) libffi/3.4.5-GCCcore-13.3.0
  5) ncurses/6.5-GCCcore-13.3.0      11) OpenSSL/3
  6) libreadline/8.2-GCCcore-13.3.0  12) Python/3.12.3-GCCcore-13.3.0

 

Start of Program:

-----Beginning pprint-----
/:
	Attributes:
-----Ending pprint-----
Calculating energies for FreeWilson2D(N_x=2, N_y=2, mass=-6.000, r=1.000)
h_im: 0.0
New op index: 21	$R_{YX-XY}$[0, 7]
Current grad: 8.0
0:	0.00e+00	0.00e+00
1:	0.00e+00	0.00e+00
2:	0.00e+00	0.00e+00
3:	0.00e+00	0.00e+00
4:	0.00e+00	0.00e+00
5:	0.00e+00	0.00e+00
6:	0.00e+00	0.00e+00
7:	0.00e+00	0.00e+00
8:	0.00e+00	1.60e+01
9:	0.00e+00	1.60e+01
10:	0.00e+00	0.00e+00
11:	0.00e+00	0.00e+00
12:	0.00e+00	1.60e+01
13:	0.00e+00	1.60e+01
14:	0.00e+00	0.00e+00
15:	0.00e+00	0.00e+00
16:	0.00e+00	0.00e+00
17:	0.00e+00	0.00e+00
18:	0.00e+00	0.00e+00
19:	0.00e+00	0.00e+00
20:	0.00e+00	0.00e+00
21:	-2.00e+00	0.00e+00
22:	0.00e+00	1.60e+01
23:	0.00e+00	1.60e+01
24:	0.00e+00	0.00e+00
25:	0.00e+00	0.00e+00
26:	0.00e+00	0.00e+00
27:	0.00e+00	0.00e+00
28:	0.00e+00	0.00e+00
29:	0.00e+00	0.00e+00
30:	0.00e+00	0.00e+00
31:	2.00e+00	0.00e+00
32:	0.00e+00	0.00e+00
33:	0.00e+00	0.00e+00
34:	0.00e+00	1.60e+01
35:	0.00e+00	1.60e+01
36:	0.00e+00	0.00e+00
37:	0.00e+00	0.00e+00
38:	0.00e+00	0.00e+00
39:	-2.00e+00	0.00e+00
40:	0.00e+00	0.00e+00
41:	0.00e+00	0.00e+00
42:	0.00e+00	0.00e+00
43:	0.00e+00	0.00e+00
44:	0.00e+00	0.00e+00
45:	2.00e+00	0.00e+00
46:	0.00e+00	0.00e+00
47:	0.00e+00	0.00e+00
48:	0.00e+00	0.00e+00
49:	0.00e+00	0.00e+00
50:	0.00e+00	0.00e+00
51:	0.00e+00	0.00e+00
52:	0.00e+00	-1.60e+01
53:	0.00e+00	-1.60e+01
54:	0.00e+00	0.00e+00
55:	0.00e+00	0.00e+00
56:	0.00e+00	-1.60e+01
57:	0.00e+00	-1.60e+01
58:	0.00e+00	-1.60e+01
59:	0.00e+00	-1.60e+01
60:	0.00e+00	0.00e+00
61:	0.00e+00	0.00e+00
62:	0.00e+00	-1.60e+01
63:	0.00e+00	-1.60e+01
New op index: 31	$R_{YX-XY}$[1, 6]
Current grad: 10.000235523017562
New op index: 39	$R_{YX-XY}$[2, 5]
Current grad: 8.00073390174806
New op index: 45	$R_{YX-XY}$[3, 4]
Current grad: 2.001247982389896
New op index: 45	$R_{YX-XY}$[3, 4]
Current grad: 0.0001166880544322263
Precision cutoff reached.
Calculating energies for FreeWilson2D(N_x=2, N_y=2, mass=-5.837, r=1.000)
h_im: 0.0
New op index: 21	$R_{YX-XY}$[0, 7]
Current grad: 8.0
0:	0.00e+00	0.00e+00
1:	0.00e+00	0.00e+00
2:	0.00e+00	0.00e+00
3:	0.00e+00	0.00e+00
4:	0.00e+00	0.00e+00
5:	0.00e+00	0.00e+00
6:	0.00e+00	0.00e+00
7:	0.00e+00	0.00e+00
8:	0.00e+00	1.53e+01
9:	0.00e+00	1.53e+01
10:	0.00e+00	0.00e+00
11:	0.00e+00	0.00e+00
12:	0.00e+00	1.53e+01
13:	0.00e+00	1.53e+01
14:	0.00e+00	0.00e+00
15:	0.00e+00	0.00e+00
16:	0.00e+00	0.00e+00
17:	0.00e+00	0.00e+00
18:	0.00e+00	0.00e+00
19:	0.00e+00	0.00e+00
20:	0.00e+00	0.00e+00
21:	-2.00e+00	0.00e+00
22:	0.00e+00	1.53e+01
23:	0.00e+00	1.53e+01
24:	0.00e+00	0.00e+00
25:	0.00e+00	0.00e+00
26:	0.00e+00	0.00e+00
27:	0.00e+00	0.00e+00
28:	0.00e+00	0.00e+00
29:	0.00e+00	0.00e+00
30:	0.00e+00	0.00e+00
31:	2.00e+00	0.00e+00
32:	0.00e+00	0.00e+00
33:	0.00e+00	0.00e+00
34:	0.00e+00	1.53e+01
35:	0.00e+00	1.53e+01
36:	0.00e+00	0.00e+00
37:	0.00e+00	0.00e+00
38:	0.00e+00	0.00e+00
39:	-2.00e+00	0.00e+00
40:	0.00e+00	0.00e+00
41:	0.00e+00	0.00e+00
42:	0.00e+00	0.00e+00
43:	0.00e+00	0.00e+00
44:	0.00e+00	0.00e+00
45:	2.00e+00	0.00e+00
46:	0.00e+00	0.00e+00
47:	0.00e+00	0.00e+00
48:	0.00e+00	0.00e+00
49:	0.00e+00	0.00e+00
50:	0.00e+00	0.00e+00
51:	0.00e+00	0.00e+00
52:	0.00e+00	-1.53e+01
53:	0.00e+00	-1.53e+01
54:	0.00e+00	0.00e+00
55:	0.00e+00	0.00e+00
56:	0.00e+00	-1.53e+01
57:	0.00e+00	-1.53e+01
58:	0.00e+00	-1.53e+01
59:	0.00e+00	-1.53e+01
60:	0.00e+00	0.00e+00
61:	0.00e+00	0.00e+00
62:	0.00e+00	-1.53e+01
63:	0.00e+00	-1.53e+01
New op index: 31	$R_{YX-XY}$[1, 6]
Current grad: 10.000226669844803
New op index: 39	$R_{YX-XY}$[2, 5]
Current grad: 8.000703452807846
New op index: 45	$R_{YX-XY}$[3, 4]
Current grad: 2.0012219752167892
New op index: 45	$R_{YX-XY}$[3, 4]
Current grad: 0.00011149454405484649
Precision cutoff reached.
Calculating energies for FreeWilson2D(N_x=2, N_y=2, mass=-5.673, r=1.000)
h_im: 0.0
New op index: 21	$R_{YX-XY}$[0, 7]
Current grad: 8.0
0:	0.00e+00	0.00e+00
1:	0.00e+00	0.00e+00
2:	0.00e+00	0.00e+00
3:	0.00e+00	0.00e+00
4:	0.00e+00	0.00e+00
5:	0.00e+00	0.00e+00
6:	0.00e+00	0.00e+00
7:	0.00e+00	0.00e+00
8:	0.00e+00	1.47e+01
9:	0.00e+00	1.47e+01
10:	0.00e+00	0.00e+00
11:	0.00e+00	0.00e+00
12:	0.00e+00	1.47e+01
13:	0.00e+00	1.47e+01
14:	0.00e+00	0.00e+00
15:	0.00e+00	0.00e+00
16:	0.00e+00	0.00e+00
17:	0.00e+00	0.00e+00
18:	0.00e+00	0.00e+00
19:	0.00e+00	0.00e+00
20:	0.00e+00	0.00e+00
21:	-2.00e+00	0.00e+00
22:	0.00e+00	1.47e+01
23:	0.00e+00	1.47e+01
24:	0.00e+00	0.00e+00
25:	0.00e+00	0.00e+00
26:	0.00e+00	0.00e+00
27:	0.00e+00	0.00e+00
28:	0.00e+00	0.00e+00
29:	0.00e+00	0.00e+00
30:	0.00e+00	0.00e+00
31:	2.00e+00	0.00e+00
32:	0.00e+00	0.00e+00
33:	0.00e+00	0.00e+00
34:	0.00e+00	1.47e+01
35:	0.00e+00	1.47e+01
36:	0.00e+00	0.00e+00
37:	0.00e+00	0.00e+00
38:	0.00e+00	0.00e+00
39:	-2.00e+00	0.00e+00
40:	0.00e+00	0.00e+00
41:	0.00e+00	0.00e+00
42:	0.00e+00	0.00e+00
43:	0.00e+00	0.00e+00
44:	0.00e+00	0.00e+00
45:	2.00e+00	0.00e+00
46:	0.00e+00	0.00e+00
47:	0.00e+00	0.00e+00
48:	0.00e+00	0.00e+00
49:	0.00e+00	0.00e+00
50:	0.00e+00	0.00e+00
51:	0.00e+00	0.00e+00
52:	0.00e+00	-1.47e+01
53:	0.00e+00	-1.47e+01
54:	0.00e+00	0.00e+00
55:	0.00e+00	0.00e+00
56:	0.00e+00	-1.47e+01
57:	0.00e+00	-1.47e+01
58:	0.00e+00	-1.47e+01
59:	0.00e+00	-1.47e+01
60:	0.00e+00	0.00e+00
61:	0.00e+00	0.00e+00
62:	0.00e+00	-1.47e+01
63:	0.00e+00	-1.47e+01
New op index: 31	$R_{YX-XY}$[1, 6]
Current grad: 10.000222859296798
New op index: 39	$R_{YX-XY}$[2, 5]
Current grad: 8.0007019551323
New op index: 45	$R_{YX-XY}$[3, 4]
Current grad: 2.0012047324580586
New op index: 45	$R_{YX-XY}$[3, 4]
Current grad: 0.00011164174366543045
Precision cutoff reached.
Calculating energies for FreeWilson2D(N_x=2, N_y=2, mass=-5.510, r=1.000)
h_im: 0.0
New op index: 21	$R_{YX-XY}$[0, 7]
Current grad: 8.0
0:	0.00e+00	0.00e+00
1:	0.00e+00	0.00e+00
2:	0.00e+00	0.00e+00
3:	0.00e+00	0.00e+00
4:	0.00e+00	0.00e+00
5:	0.00e+00	0.00e+00
6:	0.00e+00	0.00e+00
7:	0.00e+00	0.00e+00
8:	0.00e+00	1.40e+01
9:	0.00e+00	1.40e+01
10:	0.00e+00	0.00e+00
11:	0.00e+00	0.00e+00
12:	0.00e+00	1.40e+01
13:	0.00e+00	1.40e+01
14:	0.00e+00	0.00e+00
15:	0.00e+00	0.00e+00
16:	0.00e+00	0.00e+00
17:	0.00e+00	0.00e+00
18:	0.00e+00	0.00e+00
19:	0.00e+00	0.00e+00
20:	0.00e+00	0.00e+00
21:	-2.00e+00	0.00e+00
22:	0.00e+00	1.40e+01
23:	0.00e+00	1.40e+01
24:	0.00e+00	0.00e+00
25:	0.00e+00	0.00e+00
26:	0.00e+00	0.00e+00
27:	0.00e+00	0.00e+00
28:	0.00e+00	0.00e+00
29:	0.00e+00	0.00e+00
30:	0.00e+00	0.00e+00
31:	2.00e+00	0.00e+00
32:	0.00e+00	0.00e+00
33:	0.00e+00	0.00e+00
34:	0.00e+00	1.40e+01
35:	0.00e+00	1.40e+01
36:	0.00e+00	0.00e+00
37:	0.00e+00	0.00e+00
38:	0.00e+00	0.00e+00
39:	-2.00e+00	0.00e+00
40:	0.00e+00	0.00e+00
41:	0.00e+00	0.00e+00
42:	0.00e+00	0.00e+00
43:	0.00e+00	0.00e+00
44:	0.00e+00	0.00e+00
45:	2.00e+00	0.00e+00
46:	0.00e+00	0.00e+00
47:	0.00e+00	0.00e+00
48:	0.00e+00	0.00e+00
49:	0.00e+00	0.00e+00
50:	0.00e+00	0.00e+00
51:	0.00e+00	0.00e+00
52:	0.00e+00	-1.40e+01
53:	0.00e+00	-1.40e+01
54:	0.00e+00	0.00e+00
55:	0.00e+00	0.00e+00
56:	0.00e+00	-1.40e+01
57:	0.00e+00	-1.40e+01
58:	0.00e+00	-1.40e+01
59:	0.00e+00	-1.40e+01
60:	0.00e+00	0.00e+00
61:	0.00e+00	0.00e+00
62:	0.00e+00	-1.40e+01
63:	0.00e+00	-1.40e+01
New op index: 31	$R_{YX-XY}$[1, 6]
Current grad: 10.000231972123855
New op index: 39	$R_{YX-XY}$[2, 5]
Current grad: 8.00070173553465
New op index: 45	$R_{YX-XY}$[3, 4]
Current grad: 2.001197151912588
New op index: 45	$R_{YX-XY}$[3, 4]
Current grad: 0.00011447171653759802
Precision cutoff reached.
Calculating energies for FreeWilson2D(N_x=2, N_y=2, mass=-5.347, r=1.000)
h_im: 0.0
New op index: 21	$R_{YX-XY}$[0, 7]
Current grad: 8.0
0:	0.00e+00	0.00e+00
1:	0.00e+00	0.00e+00
2:	0.00e+00	0.00e+00
3:	0.00e+00	0.00e+00
4:	0.00e+00	0.00e+00
5:	0.00e+00	0.00e+00
6:	0.00e+00	0.00e+00
7:	0.00e+00	0.00e+00
8:	0.00e+00	1.34e+01
9:	0.00e+00	1.34e+01
10:	0.00e+00	0.00e+00
11:	0.00e+00	0.00e+00
12:	0.00e+00	1.34e+01
13:	0.00e+00	1.34e+01
14:	0.00e+00	0.00e+00
15:	0.00e+00	0.00e+00
16:	0.00e+00	0.00e+00
17:	0.00e+00	0.00e+00
18:	0.00e+00	0.00e+00
19:	0.00e+00	0.00e+00
20:	0.00e+00	0.00e+00
21:	-2.00e+00	0.00e+00
22:	0.00e+00	1.34e+01
23:	0.00e+00	1.34e+01
24:	0.00e+00	0.00e+00
25:	0.00e+00	0.00e+00
26:	0.00e+00	0.00e+00
27:	0.00e+00	0.00e+00
28:	0.00e+00	0.00e+00
29:	0.00e+00	0.00e+00
30:	0.00e+00	0.00e+00
31:	2.00e+00	0.00e+00
32:	0.00e+00	0.00e+00
33:	0.00e+00	0.00e+00
34:	0.00e+00	1.34e+01
35:	0.00e+00	1.34e+01
36:	0.00e+00	0.00e+00
37:	0.00e+00	0.00e+00
38:	0.00e+00	0.00e+00
39:	-2.00e+00	0.00e+00
40:	0.00e+00	0.00e+00
41:	0.00e+00	0.00e+00
42:	0.00e+00	0.00e+00
43:	0.00e+00	0.00e+00
44:	0.00e+00	0.00e+00
45:	2.00e+00	0.00e+00
46:	0.00e+00	0.00e+00
47:	0.00e+00	0.00e+00
48:	0.00e+00	0.00e+00
49:	0.00e+00	0.00e+00
50:	0.00e+00	0.00e+00
51:	0.00e+00	0.00e+00
52:	0.00e+00	-1.34e+01
53:	0.00e+00	-1.34e+01
54:	0.00e+00	0.00e+00
55:	0.00e+00	0.00e+00
56:	0.00e+00	-1.34e+01
57:	0.00e+00	-1.34e+01
58:	0.00e+00	-1.34e+01
59:	0.00e+00	-1.34e+01
60:	0.00e+00	0.00e+00
61:	0.00e+00	0.00e+00
62:	0.00e+00	-1.34e+01
63:	0.00e+00	-1.34e+01
New op index: 31	$R_{YX-XY}$[1, 6]
Current grad: 10.000225400328285
New op index: 39	$R_{YX-XY}$[2, 5]
Current grad: 8.000705200753941
New op index: 45	$R_{YX-XY}$[3, 4]
Current grad: 2.0011763836224326
New op index: 45	$R_{YX-XY}$[3, 4]
Current grad: 0.00010859927901024635
Precision cutoff reached.
Calculating energies for FreeWilson2D(N_x=2, N_y=2, mass=-5.184, r=1.000)
h_im: 0.0
New op index: 21	$R_{YX-XY}$[0, 7]
Current grad: 8.0
0:	0.00e+00	0.00e+00
1:	0.00e+00	0.00e+00
2:	0.00e+00	0.00e+00
3:	0.00e+00	0.00e+00
4:	0.00e+00	0.00e+00
5:	0.00e+00	0.00e+00
6:	0.00e+00	0.00e+00
7:	0.00e+00	0.00e+00
8:	0.00e+00	1.27e+01
9:	0.00e+00	1.27e+01
10:	0.00e+00	0.00e+00
11:	0.00e+00	0.00e+00
12:	0.00e+00	1.27e+01
13:	0.00e+00	1.27e+01
14:	0.00e+00	0.00e+00
15:	0.00e+00	0.00e+00
16:	0.00e+00	0.00e+00
17:	0.00e+00	0.00e+00
18:	0.00e+00	0.00e+00
19:	0.00e+00	0.00e+00
20:	0.00e+00	0.00e+00
21:	-2.00e+00	0.00e+00
22:	0.00e+00	1.27e+01
23:	0.00e+00	1.27e+01
24:	0.00e+00	0.00e+00
25:	0.00e+00	0.00e+00
26:	0.00e+00	0.00e+00
27:	0.00e+00	0.00e+00
28:	0.00e+00	0.00e+00
29:	0.00e+00	0.00e+00
30:	0.00e+00	0.00e+00
31:	2.00e+00	0.00e+00
32:	0.00e+00	0.00e+00
33:	0.00e+00	0.00e+00
34:	0.00e+00	1.27e+01
35:	0.00e+00	1.27e+01
36:	0.00e+00	0.00e+00
37:	0.00e+00	0.00e+00
38:	0.00e+00	0.00e+00
39:	-2.00e+00	0.00e+00
40:	0.00e+00	0.00e+00
41:	0.00e+00	0.00e+00
42:	0.00e+00	0.00e+00
43:	0.00e+00	0.00e+00
44:	0.00e+00	0.00e+00
45:	2.00e+00	0.00e+00
46:	0.00e+00	0.00e+00
47:	0.00e+00	0.00e+00
48:	0.00e+00	0.00e+00
49:	0.00e+00	0.00e+00
50:	0.00e+00	0.00e+00
51:	0.00e+00	0.00e+00
52:	0.00e+00	-1.27e+01
53:	0.00e+00	-1.27e+01
54:	0.00e+00	0.00e+00
55:	0.00e+00	0.00e+00
56:	0.00e+00	-1.27e+01
57:	0.00e+00	-1.27e+01
58:	0.00e+00	-1.27e+01
59:	0.00e+00	-1.27e+01
60:	0.00e+00	0.00e+00
61:	0.00e+00	0.00e+00
62:	0.00e+00	-1.27e+01
63:	0.00e+00	-1.27e+01
New op index: 31	$R_{YX-XY}$[1, 6]
Current grad: 10.000224340053324
New op index: 39	$R_{YX-XY}$[2, 5]
Current grad: 8.000712281826969
New op index: 45	$R_{YX-XY}$[3, 4]
Current grad: 2.0011578808530333
New op index: 45	$R_{YX-XY}$[3, 4]
Current grad: 0.00010957977480859082
Precision cutoff reached.
Calculating energies for FreeWilson2D(N_x=2, N_y=2, mass=-5.020, r=1.000)
h_im: 0.0
New op index: 21	$R_{YX-XY}$[0, 7]
Current grad: 8.0
0:	0.00e+00	0.00e+00
1:	0.00e+00	0.00e+00
2:	0.00e+00	0.00e+00
3:	0.00e+00	0.00e+00
4:	0.00e+00	0.00e+00
5:	0.00e+00	0.00e+00
6:	0.00e+00	0.00e+00
7:	0.00e+00	0.00e+00
8:	0.00e+00	1.21e+01
9:	0.00e+00	1.21e+01
10:	0.00e+00	0.00e+00
11:	0.00e+00	0.00e+00
12:	0.00e+00	1.21e+01
13:	0.00e+00	1.21e+01
14:	0.00e+00	0.00e+00
15:	0.00e+00	0.00e+00
16:	0.00e+00	0.00e+00
17:	0.00e+00	0.00e+00
18:	0.00e+00	0.00e+00
19:	0.00e+00	0.00e+00
20:	0.00e+00	0.00e+00
21:	-2.00e+00	0.00e+00
22:	0.00e+00	1.21e+01
23:	0.00e+00	1.21e+01
24:	0.00e+00	0.00e+00
25:	0.00e+00	0.00e+00
26:	0.00e+00	0.00e+00
27:	0.00e+00	0.00e+00
28:	0.00e+00	0.00e+00
29:	0.00e+00	0.00e+00
30:	0.00e+00	0.00e+00
31:	2.00e+00	0.00e+00
32:	0.00e+00	0.00e+00
33:	0.00e+00	0.00e+00
34:	0.00e+00	1.21e+01
35:	0.00e+00	1.21e+01
36:	0.00e+00	0.00e+00
37:	0.00e+00	0.00e+00
38:	0.00e+00	0.00e+00
39:	-2.00e+00	0.00e+00
40:	0.00e+00	0.00e+00
41:	0.00e+00	0.00e+00
42:	0.00e+00	0.00e+00
43:	0.00e+00	0.00e+00
44:	0.00e+00	0.00e+00
45:	2.00e+00	0.00e+00
46:	0.00e+00	0.00e+00
47:	0.00e+00	0.00e+00
48:	0.00e+00	0.00e+00
49:	0.00e+00	0.00e+00
50:	0.00e+00	0.00e+00
51:	0.00e+00	0.00e+00
52:	0.00e+00	-1.21e+01
53:	0.00e+00	-1.21e+01
54:	0.00e+00	0.00e+00
55:	0.00e+00	0.00e+00
56:	0.00e+00	-1.21e+01
57:	0.00e+00	-1.21e+01
58:	0.00e+00	-1.21e+01
59:	0.00e+00	-1.21e+01
60:	0.00e+00	0.00e+00
61:	0.00e+00	0.00e+00
62:	0.00e+00	-1.21e+01
63:	0.00e+00	-1.21e+01
New op index: 31	$R_{YX-XY}$[1, 6]
Current grad: 10.000224877274507
New op index: 39	$R_{YX-XY}$[2, 5]
Current grad: 8.00068359923481
New op index: 45	$R_{YX-XY}$[3, 4]
Current grad: 2.001177783893754
New op index: 45	$R_{YX-XY}$[3, 4]
Current grad: 0.00011399347726699649
Precision cutoff reached.
Calculating energies for FreeWilson2D(N_x=2, N_y=2, mass=-4.857, r=1.000)
h_im: 0.0
New op index: 21	$R_{YX-XY}$[0, 7]
Current grad: 8.0
0:	0.00e+00	0.00e+00
1:	0.00e+00	0.00e+00
2:	0.00e+00	0.00e+00
3:	0.00e+00	0.00e+00
4:	0.00e+00	0.00e+00
5:	0.00e+00	0.00e+00
6:	0.00e+00	0.00e+00
7:	0.00e+00	0.00e+00
8:	0.00e+00	1.14e+01
9:	0.00e+00	1.14e+01
10:	0.00e+00	0.00e+00
11:	0.00e+00	0.00e+00
12:	0.00e+00	1.14e+01
13:	0.00e+00	1.14e+01
14:	0.00e+00	0.00e+00
15:	0.00e+00	0.00e+00
16:	0.00e+00	0.00e+00
17:	0.00e+00	0.00e+00
18:	0.00e+00	0.00e+00
19:	0.00e+00	0.00e+00
20:	0.00e+00	0.00e+00
21:	-2.00e+00	0.00e+00
22:	0.00e+00	1.14e+01
23:	0.00e+00	1.14e+01
24:	0.00e+00	0.00e+00
25:	0.00e+00	0.00e+00
26:	0.00e+00	0.00e+00
27:	0.00e+00	0.00e+00
28:	0.00e+00	0.00e+00
29:	0.00e+00	0.00e+00
30:	0.00e+00	0.00e+00
31:	2.00e+00	0.00e+00
32:	0.00e+00	0.00e+00
33:	0.00e+00	0.00e+00
34:	0.00e+00	1.14e+01
35:	0.00e+00	1.14e+01
36:	0.00e+00	0.00e+00
37:	0.00e+00	0.00e+00
38:	0.00e+00	0.00e+00
39:	-2.00e+00	0.00e+00
40:	0.00e+00	0.00e+00
41:	0.00e+00	0.00e+00
42:	0.00e+00	0.00e+00
43:	0.00e+00	0.00e+00
44:	0.00e+00	0.00e+00
45:	2.00e+00	0.00e+00
46:	0.00e+00	0.00e+00
47:	0.00e+00	0.00e+00
48:	0.00e+00	0.00e+00
49:	0.00e+00	0.00e+00
50:	0.00e+00	0.00e+00
51:	0.00e+00	0.00e+00
52:	0.00e+00	-1.14e+01
53:	0.00e+00	-1.14e+01
54:	0.00e+00	0.00e+00
55:	0.00e+00	0.00e+00
56:	0.00e+00	-1.14e+01
57:	0.00e+00	-1.14e+01
58:	0.00e+00	-1.14e+01
59:	0.00e+00	-1.14e+01
60:	0.00e+00	0.00e+00
61:	0.00e+00	0.00e+00
62:	0.00e+00	-1.14e+01
63:	0.00e+00	-1.14e+01
New op index: 31	$R_{YX-XY}$[1, 6]
Current grad: 10.000230769333724
New op index: 39	$R_{YX-XY}$[2, 5]
Current grad: 8.000732619154324
New op index: 45	$R_{YX-XY}$[3, 4]
Current grad: 2.0012175805055885
New op index: 45	$R_{YX-XY}$[3, 4]
Current grad: 0.00010972591953457844
Precision cutoff reached.
Calculating energies for FreeWilson2D(N_x=2, N_y=2, mass=-4.694, r=1.000)
h_im: 0.0
New op index: 21	$R_{YX-XY}$[0, 7]
Current grad: 8.0
0:	0.00e+00	0.00e+00
1:	0.00e+00	0.00e+00
2:	0.00e+00	0.00e+00
3:	0.00e+00	0.00e+00
4:	0.00e+00	0.00e+00
5:	0.00e+00	0.00e+00
6:	0.00e+00	0.00e+00
7:	0.00e+00	0.00e+00
8:	0.00e+00	1.08e+01
9:	0.00e+00	1.08e+01
10:	0.00e+00	0.00e+00
11:	0.00e+00	0.00e+00
12:	0.00e+00	1.08e+01
13:	0.00e+00	1.08e+01
14:	0.00e+00	0.00e+00
15:	0.00e+00	0.00e+00
16:	0.00e+00	0.00e+00
17:	0.00e+00	0.00e+00
18:	0.00e+00	0.00e+00
19:	0.00e+00	0.00e+00
20:	0.00e+00	0.00e+00
21:	-2.00e+00	0.00e+00
22:	0.00e+00	1.08e+01
23:	0.00e+00	1.08e+01
24:	0.00e+00	0.00e+00
25:	0.00e+00	0.00e+00
26:	0.00e+00	0.00e+00
27:	0.00e+00	0.00e+00
28:	0.00e+00	0.00e+00
29:	0.00e+00	0.00e+00
30:	0.00e+00	0.00e+00
31:	2.00e+00	0.00e+00
32:	0.00e+00	0.00e+00
33:	0.00e+00	0.00e+00
34:	0.00e+00	1.08e+01
35:	0.00e+00	1.08e+01
36:	0.00e+00	0.00e+00
37:	0.00e+00	0.00e+00
38:	0.00e+00	0.00e+00
39:	-2.00e+00	0.00e+00
40:	0.00e+00	0.00e+00
41:	0.00e+00	0.00e+00
42:	0.00e+00	0.00e+00
43:	0.00e+00	0.00e+00
44:	0.00e+00	0.00e+00
45:	2.00e+00	0.00e+00
46:	0.00e+00	0.00e+00
47:	0.00e+00	0.00e+00
48:	0.00e+00	0.00e+00
49:	0.00e+00	0.00e+00
50:	0.00e+00	0.00e+00
51:	0.00e+00	0.00e+00
52:	0.00e+00	-1.08e+01
53:	0.00e+00	-1.08e+01
54:	0.00e+00	0.00e+00
55:	0.00e+00	0.00e+00
56:	0.00e+00	-1.08e+01
57:	0.00e+00	-1.08e+01
58:	0.00e+00	-1.08e+01
59:	0.00e+00	-1.08e+01
60:	0.00e+00	0.00e+00
61:	0.00e+00	0.00e+00
62:	0.00e+00	-1.08e+01
63:	0.00e+00	-1.08e+01
New op index: 31	$R_{YX-XY}$[1, 6]
Current grad: 10.000227131988291
New op index: 39	$R_{YX-XY}$[2, 5]
Current grad: 8.000698826420097
New op index: 45	$R_{YX-XY}$[3, 4]
Current grad: 2.0011354261013956
New op index: 45	$R_{YX-XY}$[3, 4]
Current grad: 0.00010627080728205229
Precision cutoff reached.
Calculating energies for FreeWilson2D(N_x=2, N_y=2, mass=-4.531, r=1.000)
h_im: 0.0
New op index: 21	$R_{YX-XY}$[0, 7]
Current grad: 8.0
0:	0.00e+00	0.00e+00
1:	0.00e+00	0.00e+00
2:	0.00e+00	0.00e+00
3:	0.00e+00	0.00e+00
4:	0.00e+00	0.00e+00
5:	0.00e+00	0.00e+00
6:	0.00e+00	0.00e+00
7:	0.00e+00	0.00e+00
8:	0.00e+00	1.01e+01
9:	0.00e+00	1.01e+01
10:	0.00e+00	0.00e+00
11:	0.00e+00	0.00e+00
12:	0.00e+00	1.01e+01
13:	0.00e+00	1.01e+01
14:	0.00e+00	0.00e+00
15:	0.00e+00	0.00e+00
16:	0.00e+00	0.00e+00
17:	0.00e+00	0.00e+00
18:	0.00e+00	0.00e+00
19:	0.00e+00	0.00e+00
20:	0.00e+00	0.00e+00
21:	-2.00e+00	0.00e+00
22:	0.00e+00	1.01e+01
23:	0.00e+00	1.01e+01
24:	0.00e+00	0.00e+00
25:	0.00e+00	0.00e+00
26:	0.00e+00	0.00e+00
27:	0.00e+00	0.00e+00
28:	0.00e+00	0.00e+00
29:	0.00e+00	0.00e+00
30:	0.00e+00	0.00e+00
31:	2.00e+00	0.00e+00
32:	0.00e+00	0.00e+00
33:	0.00e+00	0.00e+00
34:	0.00e+00	1.01e+01
35:	0.00e+00	1.01e+01
36:	0.00e+00	0.00e+00
37:	0.00e+00	0.00e+00
38:	0.00e+00	0.00e+00
39:	-2.00e+00	0.00e+00
40:	0.00e+00	0.00e+00
41:	0.00e+00	0.00e+00
42:	0.00e+00	0.00e+00
43:	0.00e+00	0.00e+00
44:	0.00e+00	0.00e+00
45:	2.00e+00	0.00e+00
46:	0.00e+00	0.00e+00
47:	0.00e+00	0.00e+00
48:	0.00e+00	0.00e+00
49:	0.00e+00	0.00e+00
50:	0.00e+00	0.00e+00
51:	0.00e+00	0.00e+00
52:	0.00e+00	-1.01e+01
53:	0.00e+00	-1.01e+01
54:	0.00e+00	0.00e+00
55:	0.00e+00	0.00e+00
56:	0.00e+00	-1.01e+01
57:	0.00e+00	-1.01e+01
58:	0.00e+00	-1.01e+01
59:	0.00e+00	-1.01e+01
60:	0.00e+00	0.00e+00
61:	0.00e+00	0.00e+00
62:	0.00e+00	-1.01e+01
63:	0.00e+00	-1.01e+01
New op index: 31	$R_{YX-XY}$[1, 6]
Current grad: 10.000222966260193
New op index: 39	$R_{YX-XY}$[2, 5]
Current grad: 8.000738726852134
New op index: 45	$R_{YX-XY}$[3, 4]
Current grad: 2.0013363048566983
New op index: 45	$R_{YX-XY}$[3, 4]
Current grad: 0.00012488266340916765
Precision cutoff reached.
Calculating energies for FreeWilson2D(N_x=2, N_y=2, mass=-4.367, r=1.000)
h_im: 0.0
New op index: 21	$R_{YX-XY}$[0, 7]
Current grad: 8.0
0:	0.00e+00	0.00e+00
1:	0.00e+00	0.00e+00
2:	0.00e+00	0.00e+00
3:	0.00e+00	0.00e+00
4:	0.00e+00	0.00e+00
5:	0.00e+00	0.00e+00
6:	0.00e+00	0.00e+00
7:	0.00e+00	0.00e+00
8:	0.00e+00	9.47e+00
9:	0.00e+00	9.47e+00
10:	0.00e+00	0.00e+00
11:	0.00e+00	0.00e+00
12:	0.00e+00	9.47e+00
13:	0.00e+00	9.47e+00
14:	0.00e+00	0.00e+00
15:	0.00e+00	0.00e+00
16:	0.00e+00	0.00e+00
17:	0.00e+00	0.00e+00
18:	0.00e+00	0.00e+00
19:	0.00e+00	0.00e+00
20:	0.00e+00	0.00e+00
21:	-2.00e+00	0.00e+00
22:	0.00e+00	9.47e+00
23:	0.00e+00	9.47e+00
24:	0.00e+00	0.00e+00
25:	0.00e+00	0.00e+00
26:	0.00e+00	0.00e+00
27:	0.00e+00	0.00e+00
28:	0.00e+00	0.00e+00
29:	0.00e+00	0.00e+00
30:	0.00e+00	0.00e+00
31:	2.00e+00	0.00e+00
32:	0.00e+00	0.00e+00
33:	0.00e+00	0.00e+00
34:	0.00e+00	9.47e+00
35:	0.00e+00	9.47e+00
36:	0.00e+00	0.00e+00
37:	0.00e+00	0.00e+00
38:	0.00e+00	0.00e+00
39:	-2.00e+00	0.00e+00
40:	0.00e+00	0.00e+00
41:	0.00e+00	0.00e+00
42:	0.00e+00	0.00e+00
43:	0.00e+00	0.00e+00
44:	0.00e+00	0.00e+00
45:	2.00e+00	0.00e+00
46:	0.00e+00	0.00e+00
47:	0.00e+00	0.00e+00
48:	0.00e+00	0.00e+00
49:	0.00e+00	0.00e+00
50:	0.00e+00	0.00e+00
51:	0.00e+00	0.00e+00
52:	0.00e+00	-9.47e+00
53:	0.00e+00	-9.47e+00
54:	0.00e+00	0.00e+00
55:	0.00e+00	0.00e+00
56:	0.00e+00	-9.47e+00
57:	0.00e+00	-9.47e+00
58:	0.00e+00	-9.47e+00
59:	0.00e+00	-9.47e+00
60:	0.00e+00	0.00e+00
61:	0.00e+00	0.00e+00
62:	0.00e+00	-9.47e+00
63:	0.00e+00	-9.47e+00
New op index: 31	$R_{YX-XY}$[1, 6]
Current grad: 10.000232846743149
New op index: 39	$R_{YX-XY}$[2, 5]
Current grad: 8.00074062167405
New op index: 45	$R_{YX-XY}$[3, 4]
Current grad: 2.0012379316673274
New op index: 45	$R_{YX-XY}$[3, 4]
Current grad: 0.00011249052396301862
Precision cutoff reached.
Calculating energies for FreeWilson2D(N_x=2, N_y=2, mass=-4.204, r=1.000)
h_im: 0.0
New op index: 21	$R_{YX-XY}$[0, 7]
Current grad: 8.0
0:	0.00e+00	0.00e+00
1:	0.00e+00	0.00e+00
2:	0.00e+00	0.00e+00
3:	0.00e+00	0.00e+00
4:	0.00e+00	0.00e+00
5:	0.00e+00	0.00e+00
6:	0.00e+00	0.00e+00
7:	0.00e+00	0.00e+00
8:	0.00e+00	8.82e+00
9:	0.00e+00	8.82e+00
10:	0.00e+00	0.00e+00
11:	0.00e+00	0.00e+00
12:	0.00e+00	8.82e+00
13:	0.00e+00	8.82e+00
14:	0.00e+00	0.00e+00
15:	0.00e+00	0.00e+00
16:	0.00e+00	0.00e+00
17:	0.00e+00	0.00e+00
18:	0.00e+00	0.00e+00
19:	0.00e+00	0.00e+00
20:	0.00e+00	0.00e+00
21:	-2.00e+00	0.00e+00
22:	0.00e+00	8.82e+00
23:	0.00e+00	8.82e+00
24:	0.00e+00	0.00e+00
25:	0.00e+00	0.00e+00
26:	0.00e+00	0.00e+00
27:	0.00e+00	0.00e+00
28:	0.00e+00	0.00e+00
29:	0.00e+00	0.00e+00
30:	0.00e+00	0.00e+00
31:	2.00e+00	0.00e+00
32:	0.00e+00	0.00e+00
33:	0.00e+00	0.00e+00
34:	0.00e+00	8.82e+00
35:	0.00e+00	8.82e+00
36:	0.00e+00	0.00e+00
37:	0.00e+00	0.00e+00
38:	0.00e+00	0.00e+00
39:	-2.00e+00	0.00e+00
40:	0.00e+00	0.00e+00
41:	0.00e+00	0.00e+00
42:	0.00e+00	0.00e+00
43:	0.00e+00	0.00e+00
44:	0.00e+00	0.00e+00
45:	2.00e+00	0.00e+00
46:	0.00e+00	0.00e+00
47:	0.00e+00	0.00e+00
48:	0.00e+00	0.00e+00
49:	0.00e+00	0.00e+00
50:	0.00e+00	0.00e+00
51:	0.00e+00	0.00e+00
52:	0.00e+00	-8.82e+00
53:	0.00e+00	-8.82e+00
54:	0.00e+00	0.00e+00
55:	0.00e+00	0.00e+00
56:	0.00e+00	-8.82e+00
57:	0.00e+00	-8.82e+00
58:	0.00e+00	-8.82e+00
59:	0.00e+00	-8.82e+00
60:	0.00e+00	0.00e+00
61:	0.00e+00	0.00e+00
62:	0.00e+00	-8.82e+00
63:	0.00e+00	-8.82e+00
New op index: 31	$R_{YX-XY}$[1, 6]
Current grad: 10.00022457510573
New op index: 39	$R_{YX-XY}$[2, 5]
Current grad: 8.000778390358201
New op index: 45	$R_{YX-XY}$[3, 4]
Current grad: 2.0013925592430954
New op index: 45	$R_{YX-XY}$[3, 4]
Current grad: 0.00012792559367821865
Precision cutoff reached.
Calculating energies for FreeWilson2D(N_x=2, N_y=2, mass=-4.041, r=1.000)
h_im: 0.0
New op index: 21	$R_{YX-XY}$[0, 7]
Current grad: 8.0
0:	0.00e+00	0.00e+00
1:	0.00e+00	0.00e+00
2:	0.00e+00	0.00e+00
3:	0.00e+00	0.00e+00
4:	0.00e+00	0.00e+00
5:	0.00e+00	0.00e+00
6:	0.00e+00	0.00e+00
7:	0.00e+00	0.00e+00
8:	0.00e+00	8.16e+00
9:	0.00e+00	8.16e+00
10:	0.00e+00	0.00e+00
11:	0.00e+00	0.00e+00
12:	0.00e+00	8.16e+00
13:	0.00e+00	8.16e+00
14:	0.00e+00	0.00e+00
15:	0.00e+00	0.00e+00
16:	0.00e+00	0.00e+00
17:	0.00e+00	0.00e+00
18:	0.00e+00	0.00e+00
19:	0.00e+00	0.00e+00
20:	0.00e+00	0.00e+00
21:	-2.00e+00	0.00e+00
22:	0.00e+00	8.16e+00
23:	0.00e+00	8.16e+00
24:	0.00e+00	0.00e+00
25:	0.00e+00	0.00e+00
26:	0.00e+00	0.00e+00
27:	0.00e+00	0.00e+00
28:	0.00e+00	0.00e+00
29:	0.00e+00	0.00e+00
30:	0.00e+00	0.00e+00
31:	2.00e+00	0.00e+00
32:	0.00e+00	0.00e+00
33:	0.00e+00	0.00e+00
34:	0.00e+00	8.16e+00
35:	0.00e+00	8.16e+00
36:	0.00e+00	0.00e+00
37:	0.00e+00	0.00e+00
38:	0.00e+00	0.00e+00
39:	-2.00e+00	0.00e+00
40:	0.00e+00	0.00e+00
41:	0.00e+00	0.00e+00
42:	0.00e+00	0.00e+00
43:	0.00e+00	0.00e+00
44:	0.00e+00	0.00e+00
45:	2.00e+00	0.00e+00
46:	0.00e+00	0.00e+00
47:	0.00e+00	0.00e+00
48:	0.00e+00	0.00e+00
49:	0.00e+00	0.00e+00
50:	0.00e+00	0.00e+00
51:	0.00e+00	0.00e+00
52:	0.00e+00	-8.16e+00
53:	0.00e+00	-8.16e+00
54:	0.00e+00	0.00e+00
55:	0.00e+00	0.00e+00
56:	0.00e+00	-8.16e+00
57:	0.00e+00	-8.16e+00
58:	0.00e+00	-8.16e+00
59:	0.00e+00	-8.16e+00
60:	0.00e+00	0.00e+00
61:	0.00e+00	0.00e+00
62:	0.00e+00	-8.16e+00
63:	0.00e+00	-8.16e+00
New op index: 31	$R_{YX-XY}$[1, 6]
Current grad: 10.00022340457636
New op index: 39	$R_{YX-XY}$[2, 5]
Current grad: 8.000719201764847
New op index: 45	$R_{YX-XY}$[3, 4]
Current grad: 2.001273456004279
New op index: 45	$R_{YX-XY}$[3, 4]
Current grad: 0.00011546373282783629
Precision cutoff reached.
Calculating energies for FreeWilson2D(N_x=2, N_y=2, mass=-3.878, r=1.000)
h_im: 0.0
New op index: 21	$R_{YX-XY}$[0, 7]
Current grad: 8.0
0:	0.00e+00	0.00e+00
1:	0.00e+00	0.00e+00
2:	0.00e+00	0.00e+00
3:	0.00e+00	0.00e+00
4:	0.00e+00	0.00e+00
5:	0.00e+00	0.00e+00
6:	0.00e+00	0.00e+00
7:	0.00e+00	0.00e+00
8:	0.00e+00	7.51e+00
9:	0.00e+00	7.51e+00
10:	0.00e+00	0.00e+00
11:	0.00e+00	0.00e+00
12:	0.00e+00	7.51e+00
13:	0.00e+00	7.51e+00
14:	0.00e+00	0.00e+00
15:	0.00e+00	0.00e+00
16:	0.00e+00	0.00e+00
17:	0.00e+00	0.00e+00
18:	0.00e+00	0.00e+00
19:	0.00e+00	0.00e+00
20:	0.00e+00	0.00e+00
21:	-2.00e+00	0.00e+00
22:	0.00e+00	7.51e+00
23:	0.00e+00	7.51e+00
24:	0.00e+00	0.00e+00
25:	0.00e+00	0.00e+00
26:	0.00e+00	0.00e+00
27:	0.00e+00	0.00e+00
28:	0.00e+00	0.00e+00
29:	0.00e+00	0.00e+00
30:	0.00e+00	0.00e+00
31:	2.00e+00	0.00e+00
32:	0.00e+00	0.00e+00
33:	0.00e+00	0.00e+00
34:	0.00e+00	7.51e+00
35:	0.00e+00	7.51e+00
36:	0.00e+00	0.00e+00
37:	0.00e+00	0.00e+00
38:	0.00e+00	0.00e+00
39:	-2.00e+00	0.00e+00
40:	0.00e+00	0.00e+00
41:	0.00e+00	0.00e+00
42:	0.00e+00	0.00e+00
43:	0.00e+00	0.00e+00
44:	0.00e+00	0.00e+00
45:	2.00e+00	0.00e+00
46:	0.00e+00	0.00e+00
47:	0.00e+00	0.00e+00
48:	0.00e+00	0.00e+00
49:	0.00e+00	0.00e+00
50:	0.00e+00	0.00e+00
51:	0.00e+00	0.00e+00
52:	0.00e+00	-7.51e+00
53:	0.00e+00	-7.51e+00
54:	0.00e+00	0.00e+00
55:	0.00e+00	0.00e+00
56:	0.00e+00	-7.51e+00
57:	0.00e+00	-7.51e+00
58:	0.00e+00	-7.51e+00
59:	0.00e+00	-7.51e+00
60:	0.00e+00	0.00e+00
61:	0.00e+00	0.00e+00
62:	0.00e+00	-7.51e+00
63:	0.00e+00	-7.51e+00
New op index: 31	$R_{YX-XY}$[1, 6]
Current grad: 10.000229032890841
New op index: 39	$R_{YX-XY}$[2, 5]
Current grad: 8.00072078346441
New op index: 45	$R_{YX-XY}$[3, 4]
Current grad: 2.001208393155595
New op index: 45	$R_{YX-XY}$[3, 4]
Current grad: 0.00012197176925783648
Precision cutoff reached.
Calculating energies for FreeWilson2D(N_x=2, N_y=2, mass=-3.714, r=1.000)
h_im: 0.0
New op index: 21	$R_{YX-XY}$[0, 7]
Current grad: 8.0
0:	0.00e+00	0.00e+00
1:	0.00e+00	0.00e+00
2:	0.00e+00	0.00e+00
3:	0.00e+00	0.00e+00
4:	0.00e+00	0.00e+00
5:	0.00e+00	0.00e+00
6:	0.00e+00	0.00e+00
7:	0.00e+00	0.00e+00
8:	0.00e+00	6.86e+00
9:	0.00e+00	6.86e+00
10:	0.00e+00	0.00e+00
11:	0.00e+00	0.00e+00
12:	0.00e+00	6.86e+00
13:	0.00e+00	6.86e+00
14:	0.00e+00	0.00e+00
15:	0.00e+00	0.00e+00
16:	0.00e+00	0.00e+00
17:	0.00e+00	0.00e+00
18:	0.00e+00	0.00e+00
19:	0.00e+00	0.00e+00
20:	0.00e+00	0.00e+00
21:	-2.00e+00	0.00e+00
22:	0.00e+00	6.86e+00
23:	0.00e+00	6.86e+00
24:	0.00e+00	0.00e+00
25:	0.00e+00	0.00e+00
26:	0.00e+00	0.00e+00
27:	0.00e+00	0.00e+00
28:	0.00e+00	0.00e+00
29:	0.00e+00	0.00e+00
30:	0.00e+00	0.00e+00
31:	2.00e+00	0.00e+00
32:	0.00e+00	0.00e+00
33:	0.00e+00	0.00e+00
34:	0.00e+00	6.86e+00
35:	0.00e+00	6.86e+00
36:	0.00e+00	0.00e+00
37:	0.00e+00	0.00e+00
38:	0.00e+00	0.00e+00
39:	-2.00e+00	0.00e+00
40:	0.00e+00	0.00e+00
41:	0.00e+00	0.00e+00
42:	0.00e+00	0.00e+00
43:	0.00e+00	0.00e+00
44:	0.00e+00	0.00e+00
45:	2.00e+00	0.00e+00
46:	0.00e+00	0.00e+00
47:	0.00e+00	0.00e+00
48:	0.00e+00	0.00e+00
49:	0.00e+00	0.00e+00
50:	0.00e+00	0.00e+00
51:	0.00e+00	0.00e+00
52:	0.00e+00	-6.86e+00
53:	0.00e+00	-6.86e+00
54:	0.00e+00	0.00e+00
55:	0.00e+00	0.00e+00
56:	0.00e+00	-6.86e+00
57:	0.00e+00	-6.86e+00
58:	0.00e+00	-6.86e+00
59:	0.00e+00	-6.86e+00
60:	0.00e+00	0.00e+00
61:	0.00e+00	0.00e+00
62:	0.00e+00	-6.86e+00
63:	0.00e+00	-6.86e+00
New op index: 31	$R_{YX-XY}$[1, 6]
Current grad: 10.000226027392882
New op index: 39	$R_{YX-XY}$[2, 5]
Current grad: 8.000710011097702
New op index: 45	$R_{YX-XY}$[3, 4]
Current grad: 2.001205222815062
New op index: 45	$R_{YX-XY}$[3, 4]
Current grad: 0.00011201198097217369
Precision cutoff reached.
Calculating energies for FreeWilson2D(N_x=2, N_y=2, mass=-3.551, r=1.000)
h_im: 0.0
New op index: 21	$R_{YX-XY}$[0, 7]
Current grad: 8.0
0:	0.00e+00	0.00e+00
1:	0.00e+00	0.00e+00
2:	0.00e+00	0.00e+00
3:	0.00e+00	0.00e+00
4:	0.00e+00	0.00e+00
5:	0.00e+00	0.00e+00
6:	0.00e+00	0.00e+00
7:	0.00e+00	0.00e+00
8:	0.00e+00	6.20e+00
9:	0.00e+00	6.20e+00
10:	0.00e+00	0.00e+00
11:	0.00e+00	0.00e+00
12:	0.00e+00	6.20e+00
13:	0.00e+00	6.20e+00
14:	0.00e+00	0.00e+00
15:	0.00e+00	0.00e+00
16:	0.00e+00	0.00e+00
17:	0.00e+00	0.00e+00
18:	0.00e+00	0.00e+00
19:	0.00e+00	0.00e+00
20:	0.00e+00	0.00e+00
21:	-2.00e+00	0.00e+00
22:	0.00e+00	6.20e+00
23:	0.00e+00	6.20e+00
24:	0.00e+00	0.00e+00
25:	0.00e+00	0.00e+00
26:	0.00e+00	0.00e+00
27:	0.00e+00	0.00e+00
28:	0.00e+00	0.00e+00
29:	0.00e+00	0.00e+00
30:	0.00e+00	0.00e+00
31:	2.00e+00	0.00e+00
32:	0.00e+00	0.00e+00
33:	0.00e+00	0.00e+00
34:	0.00e+00	6.20e+00
35:	0.00e+00	6.20e+00
36:	0.00e+00	0.00e+00
37:	0.00e+00	0.00e+00
38:	0.00e+00	0.00e+00
39:	-2.00e+00	0.00e+00
40:	0.00e+00	0.00e+00
41:	0.00e+00	0.00e+00
42:	0.00e+00	0.00e+00
43:	0.00e+00	0.00e+00
44:	0.00e+00	0.00e+00
45:	2.00e+00	0.00e+00
46:	0.00e+00	0.00e+00
47:	0.00e+00	0.00e+00
48:	0.00e+00	0.00e+00
49:	0.00e+00	0.00e+00
50:	0.00e+00	0.00e+00
51:	0.00e+00	0.00e+00
52:	0.00e+00	-6.20e+00
53:	0.00e+00	-6.20e+00
54:	0.00e+00	0.00e+00
55:	0.00e+00	0.00e+00
56:	0.00e+00	-6.20e+00
57:	0.00e+00	-6.20e+00
58:	0.00e+00	-6.20e+00
59:	0.00e+00	-6.20e+00
60:	0.00e+00	0.00e+00
61:	0.00e+00	0.00e+00
62:	0.00e+00	-6.20e+00
63:	0.00e+00	-6.20e+00
New op index: 31	$R_{YX-XY}$[1, 6]
Current grad: 10.000233431545814
New op index: 39	$R_{YX-XY}$[2, 5]
Current grad: 8.000732276957754
New op index: 45	$R_{YX-XY}$[3, 4]
Current grad: 2.001196655904772
New op index: 45	$R_{YX-XY}$[3, 4]
Current grad: 0.00011271283847084923
Precision cutoff reached.
Calculating energies for FreeWilson2D(N_x=2, N_y=2, mass=-3.388, r=1.000)
h_im: 0.0
New op index: 21	$R_{YX-XY}$[0, 7]
Current grad: 8.0
0:	0.00e+00	0.00e+00
1:	0.00e+00	0.00e+00
2:	0.00e+00	0.00e+00
3:	0.00e+00	0.00e+00
4:	0.00e+00	0.00e+00
5:	0.00e+00	0.00e+00
6:	0.00e+00	0.00e+00
7:	0.00e+00	0.00e+00
8:	0.00e+00	5.55e+00
9:	0.00e+00	5.55e+00
10:	0.00e+00	0.00e+00
11:	0.00e+00	0.00e+00
12:	0.00e+00	5.55e+00
13:	0.00e+00	5.55e+00
14:	0.00e+00	0.00e+00
15:	0.00e+00	0.00e+00
16:	0.00e+00	0.00e+00
17:	0.00e+00	0.00e+00
18:	0.00e+00	0.00e+00
19:	0.00e+00	0.00e+00
20:	0.00e+00	0.00e+00
21:	-2.00e+00	0.00e+00
22:	0.00e+00	5.55e+00
23:	0.00e+00	5.55e+00
24:	0.00e+00	0.00e+00
25:	0.00e+00	0.00e+00
26:	0.00e+00	0.00e+00
27:	0.00e+00	0.00e+00
28:	0.00e+00	0.00e+00
29:	0.00e+00	0.00e+00
30:	0.00e+00	0.00e+00
31:	2.00e+00	0.00e+00
32:	0.00e+00	0.00e+00
33:	0.00e+00	0.00e+00
34:	0.00e+00	5.55e+00
35:	0.00e+00	5.55e+00
36:	0.00e+00	0.00e+00
37:	0.00e+00	0.00e+00
38:	0.00e+00	0.00e+00
39:	-2.00e+00	0.00e+00
40:	0.00e+00	0.00e+00
41:	0.00e+00	0.00e+00
42:	0.00e+00	0.00e+00
43:	0.00e+00	0.00e+00
44:	0.00e+00	0.00e+00
45:	2.00e+00	0.00e+00
46:	0.00e+00	0.00e+00
47:	0.00e+00	0.00e+00
48:	0.00e+00	0.00e+00
49:	0.00e+00	0.00e+00
50:	0.00e+00	0.00e+00
51:	0.00e+00	0.00e+00
52:	0.00e+00	-5.55e+00
53:	0.00e+00	-5.55e+00
54:	0.00e+00	0.00e+00
55:	0.00e+00	0.00e+00
56:	0.00e+00	-5.55e+00
57:	0.00e+00	-5.55e+00
58:	0.00e+00	-5.55e+00
59:	0.00e+00	-5.55e+00
60:	0.00e+00	0.00e+00
61:	0.00e+00	0.00e+00
62:	0.00e+00	-5.55e+00
63:	0.00e+00	-5.55e+00
New op index: 31	$R_{YX-XY}$[1, 6]
Current grad: 10.000233043695719
New op index: 39	$R_{YX-XY}$[2, 5]
Current grad: 8.000704974910214
New op index: 45	$R_{YX-XY}$[3, 4]
Current grad: 2.0011580945998277
New op index: 45	$R_{YX-XY}$[3, 4]
Current grad: 0.00011578950000926125
Precision cutoff reached.
Calculating energies for FreeWilson2D(N_x=2, N_y=2, mass=-3.224, r=1.000)
h_im: 0.0
New op index: 21	$R_{YX-XY}$[0, 7]
Current grad: 8.0
0:	0.00e+00	0.00e+00
1:	0.00e+00	0.00e+00
2:	0.00e+00	0.00e+00
3:	0.00e+00	0.00e+00
4:	0.00e+00	0.00e+00
5:	0.00e+00	0.00e+00
6:	0.00e+00	0.00e+00
7:	0.00e+00	0.00e+00
8:	0.00e+00	4.90e+00
9:	0.00e+00	4.90e+00
10:	0.00e+00	0.00e+00
11:	0.00e+00	0.00e+00
12:	0.00e+00	4.90e+00
13:	0.00e+00	4.90e+00
14:	0.00e+00	0.00e+00
15:	0.00e+00	0.00e+00
16:	0.00e+00	0.00e+00
17:	0.00e+00	0.00e+00
18:	0.00e+00	0.00e+00
19:	0.00e+00	0.00e+00
20:	0.00e+00	0.00e+00
21:	-2.00e+00	0.00e+00
22:	0.00e+00	4.90e+00
23:	0.00e+00	4.90e+00
24:	0.00e+00	0.00e+00
25:	0.00e+00	0.00e+00
26:	0.00e+00	0.00e+00
27:	0.00e+00	0.00e+00
28:	0.00e+00	0.00e+00
29:	0.00e+00	0.00e+00
30:	0.00e+00	0.00e+00
31:	2.00e+00	0.00e+00
32:	0.00e+00	0.00e+00
33:	0.00e+00	0.00e+00
34:	0.00e+00	4.90e+00
35:	0.00e+00	4.90e+00
36:	0.00e+00	0.00e+00
37:	0.00e+00	0.00e+00
38:	0.00e+00	0.00e+00
39:	-2.00e+00	0.00e+00
40:	0.00e+00	0.00e+00
41:	0.00e+00	0.00e+00
42:	0.00e+00	0.00e+00
43:	0.00e+00	0.00e+00
44:	0.00e+00	0.00e+00
45:	2.00e+00	0.00e+00
46:	0.00e+00	0.00e+00
47:	0.00e+00	0.00e+00
48:	0.00e+00	0.00e+00
49:	0.00e+00	0.00e+00
50:	0.00e+00	0.00e+00
51:	0.00e+00	0.00e+00
52:	0.00e+00	-4.90e+00
53:	0.00e+00	-4.90e+00
54:	0.00e+00	0.00e+00
55:	0.00e+00	0.00e+00
56:	0.00e+00	-4.90e+00
57:	0.00e+00	-4.90e+00
58:	0.00e+00	-4.90e+00
59:	0.00e+00	-4.90e+00
60:	0.00e+00	0.00e+00
61:	0.00e+00	0.00e+00
62:	0.00e+00	-4.90e+00
63:	0.00e+00	-4.90e+00
New op index: 31	$R_{YX-XY}$[1, 6]
Current grad: 10.000224938180088
New op index: 39	$R_{YX-XY}$[2, 5]
Current grad: 8.000719808078067
New op index: 45	$R_{YX-XY}$[3, 4]
Current grad: 2.001299064373883
New op index: 45	$R_{YX-XY}$[3, 4]
Current grad: 0.00011521269338735096
Precision cutoff reached.
Calculating energies for FreeWilson2D(N_x=2, N_y=2, mass=-3.061, r=1.000)
h_im: 0.0
New op index: 21	$R_{YX-XY}$[0, 7]
Current grad: 8.0
0:	0.00e+00	0.00e+00
1:	0.00e+00	0.00e+00
2:	0.00e+00	0.00e+00
3:	0.00e+00	0.00e+00
4:	0.00e+00	0.00e+00
5:	0.00e+00	0.00e+00
6:	0.00e+00	0.00e+00
7:	0.00e+00	0.00e+00
8:	0.00e+00	4.24e+00
9:	0.00e+00	4.24e+00
10:	0.00e+00	0.00e+00
11:	0.00e+00	0.00e+00
12:	0.00e+00	4.24e+00
13:	0.00e+00	4.24e+00
14:	0.00e+00	0.00e+00
15:	0.00e+00	0.00e+00
16:	0.00e+00	0.00e+00
17:	0.00e+00	0.00e+00
18:	0.00e+00	0.00e+00
19:	0.00e+00	0.00e+00
20:	0.00e+00	0.00e+00
21:	-2.00e+00	0.00e+00
22:	0.00e+00	4.24e+00
23:	0.00e+00	4.24e+00
24:	0.00e+00	0.00e+00
25:	0.00e+00	0.00e+00
26:	0.00e+00	0.00e+00
27:	0.00e+00	0.00e+00
28:	0.00e+00	0.00e+00
29:	0.00e+00	0.00e+00
30:	0.00e+00	0.00e+00
31:	2.00e+00	0.00e+00
32:	0.00e+00	0.00e+00
33:	0.00e+00	0.00e+00
34:	0.00e+00	4.24e+00
35:	0.00e+00	4.24e+00
36:	0.00e+00	0.00e+00
37:	0.00e+00	0.00e+00
38:	0.00e+00	0.00e+00
39:	-2.00e+00	0.00e+00
40:	0.00e+00	0.00e+00
41:	0.00e+00	0.00e+00
42:	0.00e+00	0.00e+00
43:	0.00e+00	0.00e+00
44:	0.00e+00	0.00e+00
45:	2.00e+00	0.00e+00
46:	0.00e+00	0.00e+00
47:	0.00e+00	0.00e+00
48:	0.00e+00	0.00e+00
49:	0.00e+00	0.00e+00
50:	0.00e+00	0.00e+00
51:	0.00e+00	0.00e+00
52:	0.00e+00	-4.24e+00
53:	0.00e+00	-4.24e+00
54:	0.00e+00	0.00e+00
55:	0.00e+00	0.00e+00
56:	0.00e+00	-4.24e+00
57:	0.00e+00	-4.24e+00
58:	0.00e+00	-4.24e+00
59:	0.00e+00	-4.24e+00
60:	0.00e+00	0.00e+00
61:	0.00e+00	0.00e+00
62:	0.00e+00	-4.24e+00
63:	0.00e+00	-4.24e+00
New op index: 31	$R_{YX-XY}$[1, 6]
Current grad: 10.000229422997938
New op index: 39	$R_{YX-XY}$[2, 5]
Current grad: 8.000747100434591
New op index: 45	$R_{YX-XY}$[3, 4]
Current grad: 2.0012358350055983
New op index: 45	$R_{YX-XY}$[3, 4]
Current grad: 0.00011570015950300439
Precision cutoff reached.
Calculating energies for FreeWilson2D(N_x=2, N_y=2, mass=-2.898, r=1.000)
h_im: 0.0
New op index: 21	$R_{YX-XY}$[0, 7]
Current grad: 8.0
0:	0.00e+00	0.00e+00
1:	0.00e+00	0.00e+00
2:	0.00e+00	0.00e+00
3:	0.00e+00	0.00e+00
4:	0.00e+00	0.00e+00
5:	0.00e+00	0.00e+00
6:	0.00e+00	0.00e+00
7:	0.00e+00	0.00e+00
8:	0.00e+00	3.59e+00
9:	0.00e+00	3.59e+00
10:	0.00e+00	0.00e+00
11:	0.00e+00	0.00e+00
12:	0.00e+00	3.59e+00
13:	0.00e+00	3.59e+00
14:	0.00e+00	0.00e+00
15:	0.00e+00	0.00e+00
16:	0.00e+00	0.00e+00
17:	0.00e+00	0.00e+00
18:	0.00e+00	0.00e+00
19:	0.00e+00	0.00e+00
20:	0.00e+00	0.00e+00
21:	-2.00e+00	0.00e+00
22:	0.00e+00	3.59e+00
23:	0.00e+00	3.59e+00
24:	0.00e+00	0.00e+00
25:	0.00e+00	0.00e+00
26:	0.00e+00	0.00e+00
27:	0.00e+00	0.00e+00
28:	0.00e+00	0.00e+00
29:	0.00e+00	0.00e+00
30:	0.00e+00	0.00e+00
31:	2.00e+00	0.00e+00
32:	0.00e+00	0.00e+00
33:	0.00e+00	0.00e+00
34:	0.00e+00	3.59e+00
35:	0.00e+00	3.59e+00
36:	0.00e+00	0.00e+00
37:	0.00e+00	0.00e+00
38:	0.00e+00	0.00e+00
39:	-2.00e+00	0.00e+00
40:	0.00e+00	0.00e+00
41:	0.00e+00	0.00e+00
42:	0.00e+00	0.00e+00
43:	0.00e+00	0.00e+00
44:	0.00e+00	0.00e+00
45:	2.00e+00	0.00e+00
46:	0.00e+00	0.00e+00
47:	0.00e+00	0.00e+00
48:	0.00e+00	0.00e+00
49:	0.00e+00	0.00e+00
50:	0.00e+00	0.00e+00
51:	0.00e+00	0.00e+00
52:	0.00e+00	-3.59e+00
53:	0.00e+00	-3.59e+00
54:	0.00e+00	0.00e+00
55:	0.00e+00	0.00e+00
56:	0.00e+00	-3.59e+00
57:	0.00e+00	-3.59e+00
58:	0.00e+00	-3.59e+00
59:	0.00e+00	-3.59e+00
60:	0.00e+00	0.00e+00
61:	0.00e+00	0.00e+00
62:	0.00e+00	-3.59e+00
63:	0.00e+00	-3.59e+00
New op index: 31	$R_{YX-XY}$[1, 6]
Current grad: 10.00023213834003
New op index: 39	$R_{YX-XY}$[2, 5]
Current grad: 8.000764841326902
New op index: 45	$R_{YX-XY}$[3, 4]
Current grad: 2.0013885301328562
New op index: 45	$R_{YX-XY}$[3, 4]
Current grad: 0.0001244557460093748
Precision cutoff reached.
Calculating energies for FreeWilson2D(N_x=2, N_y=2, mass=-2.735, r=1.000)
h_im: 0.0
New op index: 21	$R_{YX-XY}$[0, 7]
Current grad: 8.0
0:	0.00e+00	0.00e+00
1:	0.00e+00	0.00e+00
2:	0.00e+00	0.00e+00
3:	0.00e+00	0.00e+00
4:	0.00e+00	0.00e+00
5:	0.00e+00	0.00e+00
6:	0.00e+00	0.00e+00
7:	0.00e+00	0.00e+00
8:	0.00e+00	2.94e+00
9:	0.00e+00	2.94e+00
10:	0.00e+00	0.00e+00
11:	0.00e+00	0.00e+00
12:	0.00e+00	2.94e+00
13:	0.00e+00	2.94e+00
14:	0.00e+00	0.00e+00
15:	0.00e+00	0.00e+00
16:	0.00e+00	0.00e+00
17:	0.00e+00	0.00e+00
18:	0.00e+00	0.00e+00
19:	0.00e+00	0.00e+00
20:	0.00e+00	0.00e+00
21:	-2.00e+00	0.00e+00
22:	0.00e+00	2.94e+00
23:	0.00e+00	2.94e+00
24:	0.00e+00	0.00e+00
25:	0.00e+00	0.00e+00
26:	0.00e+00	0.00e+00
27:	0.00e+00	0.00e+00
28:	0.00e+00	0.00e+00
29:	0.00e+00	0.00e+00
30:	0.00e+00	0.00e+00
31:	2.00e+00	0.00e+00
32:	0.00e+00	0.00e+00
33:	0.00e+00	0.00e+00
34:	0.00e+00	2.94e+00
35:	0.00e+00	2.94e+00
36:	0.00e+00	0.00e+00
37:	0.00e+00	0.00e+00
38:	0.00e+00	0.00e+00
39:	-2.00e+00	0.00e+00
40:	0.00e+00	0.00e+00
41:	0.00e+00	0.00e+00
42:	0.00e+00	0.00e+00
43:	0.00e+00	0.00e+00
44:	0.00e+00	0.00e+00
45:	2.00e+00	0.00e+00
46:	0.00e+00	0.00e+00
47:	0.00e+00	0.00e+00
48:	0.00e+00	0.00e+00
49:	0.00e+00	0.00e+00
50:	0.00e+00	0.00e+00
51:	0.00e+00	0.00e+00
52:	0.00e+00	-2.94e+00
53:	0.00e+00	-2.94e+00
54:	0.00e+00	0.00e+00
55:	0.00e+00	0.00e+00
56:	0.00e+00	-2.94e+00
57:	0.00e+00	-2.94e+00
58:	0.00e+00	-2.94e+00
59:	0.00e+00	-2.94e+00
60:	0.00e+00	0.00e+00
61:	0.00e+00	0.00e+00
62:	0.00e+00	-2.94e+00
63:	0.00e+00	-2.94e+00
New op index: 31	$R_{YX-XY}$[1, 6]
Current grad: 10.00023062326527
New op index: 39	$R_{YX-XY}$[2, 5]
Current grad: 8.00069211352411
New op index: 45	$R_{YX-XY}$[3, 4]
Current grad: 2.0011761193123974
New op index: 45	$R_{YX-XY}$[3, 4]
Current grad: 0.00011119701120551606
Precision cutoff reached.
Calculating energies for FreeWilson2D(N_x=2, N_y=2, mass=-2.571, r=1.000)
h_im: 0.0
New op index: 21	$R_{YX-XY}$[0, 7]
Current grad: 8.0
0:	0.00e+00	0.00e+00
1:	0.00e+00	0.00e+00
2:	0.00e+00	0.00e+00
3:	0.00e+00	0.00e+00
4:	0.00e+00	0.00e+00
5:	0.00e+00	0.00e+00
6:	0.00e+00	0.00e+00
7:	0.00e+00	0.00e+00
8:	0.00e+00	2.29e+00
9:	0.00e+00	2.29e+00
10:	0.00e+00	0.00e+00
11:	0.00e+00	0.00e+00
12:	0.00e+00	2.29e+00
13:	0.00e+00	2.29e+00
14:	0.00e+00	0.00e+00
15:	0.00e+00	0.00e+00
16:	0.00e+00	0.00e+00
17:	0.00e+00	0.00e+00
18:	0.00e+00	0.00e+00
19:	0.00e+00	0.00e+00
20:	0.00e+00	0.00e+00
21:	-2.00e+00	0.00e+00
22:	0.00e+00	2.29e+00
23:	0.00e+00	2.29e+00
24:	0.00e+00	0.00e+00
25:	0.00e+00	0.00e+00
26:	0.00e+00	0.00e+00
27:	0.00e+00	0.00e+00
28:	0.00e+00	0.00e+00
29:	0.00e+00	0.00e+00
30:	0.00e+00	0.00e+00
31:	2.00e+00	0.00e+00
32:	0.00e+00	0.00e+00
33:	0.00e+00	0.00e+00
34:	0.00e+00	2.29e+00
35:	0.00e+00	2.29e+00
36:	0.00e+00	0.00e+00
37:	0.00e+00	0.00e+00
38:	0.00e+00	0.00e+00
39:	-2.00e+00	0.00e+00
40:	0.00e+00	0.00e+00
41:	0.00e+00	0.00e+00
42:	0.00e+00	0.00e+00
43:	0.00e+00	0.00e+00
44:	0.00e+00	0.00e+00
45:	2.00e+00	0.00e+00
46:	0.00e+00	0.00e+00
47:	0.00e+00	0.00e+00
48:	0.00e+00	0.00e+00
49:	0.00e+00	0.00e+00
50:	0.00e+00	0.00e+00
51:	0.00e+00	0.00e+00
52:	0.00e+00	-2.29e+00
53:	0.00e+00	-2.29e+00
54:	0.00e+00	0.00e+00
55:	0.00e+00	0.00e+00
56:	0.00e+00	-2.29e+00
57:	0.00e+00	-2.29e+00
58:	0.00e+00	-2.29e+00
59:	0.00e+00	-2.29e+00
60:	0.00e+00	0.00e+00
61:	0.00e+00	0.00e+00
62:	0.00e+00	-2.29e+00
63:	0.00e+00	-2.29e+00
New op index: 31	$R_{YX-XY}$[1, 6]
Current grad: 10.000229333559563
New op index: 39	$R_{YX-XY}$[2, 5]
Current grad: 8.000726052456017
New op index: 45	$R_{YX-XY}$[3, 4]
Current grad: 2.001212244300573
New op index: 45	$R_{YX-XY}$[3, 4]
Current grad: 0.00011438011744656362
Precision cutoff reached.
Calculating energies for FreeWilson2D(N_x=2, N_y=2, mass=-2.408, r=1.000)
h_im: 0.0
New op index: 21	$R_{YX-XY}$[0, 7]
Current grad: 8.0
0:	0.00e+00	0.00e+00
1:	0.00e+00	0.00e+00
2:	0.00e+00	0.00e+00
3:	0.00e+00	0.00e+00
4:	0.00e+00	0.00e+00
5:	0.00e+00	0.00e+00
6:	0.00e+00	0.00e+00
7:	0.00e+00	0.00e+00
8:	0.00e+00	1.63e+00
9:	0.00e+00	1.63e+00
10:	0.00e+00	0.00e+00
11:	0.00e+00	0.00e+00
12:	0.00e+00	1.63e+00
13:	0.00e+00	1.63e+00
14:	0.00e+00	0.00e+00
15:	0.00e+00	0.00e+00
16:	0.00e+00	0.00e+00
17:	0.00e+00	0.00e+00
18:	0.00e+00	0.00e+00
19:	0.00e+00	0.00e+00
20:	0.00e+00	0.00e+00
21:	-2.00e+00	0.00e+00
22:	0.00e+00	1.63e+00
23:	0.00e+00	1.63e+00
24:	0.00e+00	0.00e+00
25:	0.00e+00	0.00e+00
26:	0.00e+00	0.00e+00
27:	0.00e+00	0.00e+00
28:	0.00e+00	0.00e+00
29:	0.00e+00	0.00e+00
30:	0.00e+00	0.00e+00
31:	2.00e+00	0.00e+00
32:	0.00e+00	0.00e+00
33:	0.00e+00	0.00e+00
34:	0.00e+00	1.63e+00
35:	0.00e+00	1.63e+00
36:	0.00e+00	0.00e+00
37:	0.00e+00	0.00e+00
38:	0.00e+00	0.00e+00
39:	-2.00e+00	0.00e+00
40:	0.00e+00	0.00e+00
41:	0.00e+00	0.00e+00
42:	0.00e+00	0.00e+00
43:	0.00e+00	0.00e+00
44:	0.00e+00	0.00e+00
45:	2.00e+00	0.00e+00
46:	0.00e+00	0.00e+00
47:	0.00e+00	0.00e+00
48:	0.00e+00	0.00e+00
49:	0.00e+00	0.00e+00
50:	0.00e+00	0.00e+00
51:	0.00e+00	0.00e+00
52:	0.00e+00	-1.63e+00
53:	0.00e+00	-1.63e+00
54:	0.00e+00	0.00e+00
55:	0.00e+00	0.00e+00
56:	0.00e+00	-1.63e+00
57:	0.00e+00	-1.63e+00
58:	0.00e+00	-1.63e+00
59:	0.00e+00	-1.63e+00
60:	0.00e+00	0.00e+00
61:	0.00e+00	0.00e+00
62:	0.00e+00	-1.63e+00
63:	0.00e+00	-1.63e+00
New op index: 31	$R_{YX-XY}$[1, 6]
Current grad: 10.000227722785224
New op index: 39	$R_{YX-XY}$[2, 5]
Current grad: 8.000727870584193
New op index: 45	$R_{YX-XY}$[3, 4]
Current grad: 2.001180311000965
New op index: 45	$R_{YX-XY}$[3, 4]
Current grad: 0.00011658147507041805
Precision cutoff reached.
Calculating energies for FreeWilson2D(N_x=2, N_y=2, mass=-2.245, r=1.000)
h_im: 0.0
New op index: 21	$R_{YX-XY}$[0, 7]
Current grad: 8.0
0:	0.00e+00	0.00e+00
1:	0.00e+00	0.00e+00
2:	0.00e+00	0.00e+00
3:	0.00e+00	0.00e+00
4:	0.00e+00	0.00e+00
5:	0.00e+00	0.00e+00
6:	0.00e+00	0.00e+00
7:	0.00e+00	0.00e+00
8:	0.00e+00	9.80e-01
9:	0.00e+00	9.80e-01
10:	0.00e+00	0.00e+00
11:	0.00e+00	0.00e+00
12:	0.00e+00	9.80e-01
13:	0.00e+00	9.80e-01
14:	0.00e+00	0.00e+00
15:	0.00e+00	0.00e+00
16:	0.00e+00	0.00e+00
17:	0.00e+00	0.00e+00
18:	0.00e+00	0.00e+00
19:	0.00e+00	0.00e+00
20:	0.00e+00	0.00e+00
21:	-2.00e+00	0.00e+00
22:	0.00e+00	9.80e-01
23:	0.00e+00	9.80e-01
24:	0.00e+00	0.00e+00
25:	0.00e+00	0.00e+00
26:	0.00e+00	0.00e+00
27:	0.00e+00	0.00e+00
28:	0.00e+00	0.00e+00
29:	0.00e+00	0.00e+00
30:	0.00e+00	0.00e+00
31:	2.00e+00	0.00e+00
32:	0.00e+00	0.00e+00
33:	0.00e+00	0.00e+00
34:	0.00e+00	9.80e-01
35:	0.00e+00	9.80e-01
36:	0.00e+00	0.00e+00
37:	0.00e+00	0.00e+00
38:	0.00e+00	0.00e+00
39:	-2.00e+00	0.00e+00
40:	0.00e+00	0.00e+00
41:	0.00e+00	0.00e+00
42:	0.00e+00	0.00e+00
43:	0.00e+00	0.00e+00
44:	0.00e+00	0.00e+00
45:	2.00e+00	0.00e+00
46:	0.00e+00	0.00e+00
47:	0.00e+00	0.00e+00
48:	0.00e+00	0.00e+00
49:	0.00e+00	0.00e+00
50:	0.00e+00	0.00e+00
51:	0.00e+00	0.00e+00
52:	0.00e+00	-9.80e-01
53:	0.00e+00	-9.80e-01
54:	0.00e+00	0.00e+00
55:	0.00e+00	0.00e+00
56:	0.00e+00	-9.80e-01
57:	0.00e+00	-9.80e-01
58:	0.00e+00	-9.80e-01
59:	0.00e+00	-9.80e-01
60:	0.00e+00	0.00e+00
61:	0.00e+00	0.00e+00
62:	0.00e+00	-9.80e-01
63:	0.00e+00	-9.80e-01
New op index: 31	$R_{YX-XY}$[1, 6]
Current grad: 10.000231892547182
New op index: 39	$R_{YX-XY}$[2, 5]
Current grad: 8.00071337240038
New op index: 45	$R_{YX-XY}$[3, 4]
Current grad: 2.0012540476880263
New op index: 45	$R_{YX-XY}$[3, 4]
Current grad: 0.00011770663911342405
Precision cutoff reached.
Calculating energies for FreeWilson2D(N_x=2, N_y=2, mass=-2.082, r=1.000)
h_im: 0.0
New op index: 21	$R_{YX-XY}$[0, 7]
Current grad: 8.0
0:	0.00e+00	0.00e+00
1:	0.00e+00	0.00e+00
2:	0.00e+00	0.00e+00
3:	0.00e+00	0.00e+00
4:	0.00e+00	0.00e+00
5:	0.00e+00	0.00e+00
6:	0.00e+00	0.00e+00
7:	0.00e+00	0.00e+00
8:	0.00e+00	3.27e-01
9:	0.00e+00	3.27e-01
10:	0.00e+00	0.00e+00
11:	0.00e+00	0.00e+00
12:	0.00e+00	3.27e-01
13:	0.00e+00	3.27e-01
14:	0.00e+00	0.00e+00
15:	0.00e+00	0.00e+00
16:	0.00e+00	0.00e+00
17:	0.00e+00	0.00e+00
18:	0.00e+00	0.00e+00
19:	0.00e+00	0.00e+00
20:	0.00e+00	0.00e+00
21:	-2.00e+00	0.00e+00
22:	0.00e+00	3.27e-01
23:	0.00e+00	3.27e-01
24:	0.00e+00	0.00e+00
25:	0.00e+00	0.00e+00
26:	0.00e+00	0.00e+00
27:	0.00e+00	0.00e+00
28:	0.00e+00	0.00e+00
29:	0.00e+00	0.00e+00
30:	0.00e+00	0.00e+00
31:	2.00e+00	0.00e+00
32:	0.00e+00	0.00e+00
33:	0.00e+00	0.00e+00
34:	0.00e+00	3.27e-01
35:	0.00e+00	3.27e-01
36:	0.00e+00	0.00e+00
37:	0.00e+00	0.00e+00
38:	0.00e+00	0.00e+00
39:	-2.00e+00	0.00e+00
40:	0.00e+00	0.00e+00
41:	0.00e+00	0.00e+00
42:	0.00e+00	0.00e+00
43:	0.00e+00	0.00e+00
44:	0.00e+00	0.00e+00
45:	2.00e+00	0.00e+00
46:	0.00e+00	0.00e+00
47:	0.00e+00	0.00e+00
48:	0.00e+00	0.00e+00
49:	0.00e+00	0.00e+00
50:	0.00e+00	0.00e+00
51:	0.00e+00	0.00e+00
52:	0.00e+00	-3.27e-01
53:	0.00e+00	-3.27e-01
54:	0.00e+00	0.00e+00
55:	0.00e+00	0.00e+00
56:	0.00e+00	-3.27e-01
57:	0.00e+00	-3.27e-01
58:	0.00e+00	-3.27e-01
59:	0.00e+00	-3.27e-01
60:	0.00e+00	0.00e+00
61:	0.00e+00	0.00e+00
62:	0.00e+00	-3.27e-01
63:	0.00e+00	-3.27e-01
New op index: 31	$R_{YX-XY}$[1, 6]
Current grad: 10.00022922070966
New op index: 39	$R_{YX-XY}$[2, 5]
Current grad: 8.000736977100217
New op index: 45	$R_{YX-XY}$[3, 4]
Current grad: 2.0012763783782144
New op index: 45	$R_{YX-XY}$[3, 4]
Current grad: 0.00011623354899591154
Precision cutoff reached.
Calculating energies for FreeWilson2D(N_x=2, N_y=2, mass=-1.918, r=1.000)
h_im: 0.0
New op index: 21	$R_{YX-XY}$[0, 7]
Current grad: 8.0
0:	0.00e+00	0.00e+00
1:	0.00e+00	0.00e+00
2:	0.00e+00	0.00e+00
3:	0.00e+00	0.00e+00
4:	0.00e+00	0.00e+00
5:	0.00e+00	0.00e+00
6:	0.00e+00	0.00e+00
7:	0.00e+00	0.00e+00
8:	0.00e+00	-3.27e-01
9:	0.00e+00	-3.27e-01
10:	0.00e+00	0.00e+00
11:	0.00e+00	0.00e+00
12:	0.00e+00	-3.27e-01
13:	0.00e+00	-3.27e-01
14:	0.00e+00	0.00e+00
15:	0.00e+00	0.00e+00
16:	0.00e+00	0.00e+00
17:	0.00e+00	0.00e+00
18:	0.00e+00	0.00e+00
19:	0.00e+00	0.00e+00
20:	0.00e+00	0.00e+00
21:	-2.00e+00	0.00e+00
22:	0.00e+00	-3.27e-01
23:	0.00e+00	-3.27e-01
24:	0.00e+00	0.00e+00
25:	0.00e+00	0.00e+00
26:	0.00e+00	0.00e+00
27:	0.00e+00	0.00e+00
28:	0.00e+00	0.00e+00
29:	0.00e+00	0.00e+00
30:	0.00e+00	0.00e+00
31:	2.00e+00	0.00e+00
32:	0.00e+00	0.00e+00
33:	0.00e+00	0.00e+00
34:	0.00e+00	-3.27e-01
35:	0.00e+00	-3.27e-01
36:	0.00e+00	0.00e+00
37:	0.00e+00	0.00e+00
38:	0.00e+00	0.00e+00
39:	-2.00e+00	0.00e+00
40:	0.00e+00	0.00e+00
41:	0.00e+00	0.00e+00
42:	0.00e+00	0.00e+00
43:	0.00e+00	0.00e+00
44:	0.00e+00	0.00e+00
45:	2.00e+00	0.00e+00
46:	0.00e+00	0.00e+00
47:	0.00e+00	0.00e+00
48:	0.00e+00	0.00e+00
49:	0.00e+00	0.00e+00
50:	0.00e+00	0.00e+00
51:	0.00e+00	0.00e+00
52:	0.00e+00	3.27e-01
53:	0.00e+00	3.27e-01
54:	0.00e+00	0.00e+00
55:	0.00e+00	0.00e+00
56:	0.00e+00	3.27e-01
57:	0.00e+00	3.27e-01
58:	0.00e+00	3.27e-01
59:	0.00e+00	3.27e-01
60:	0.00e+00	0.00e+00
61:	0.00e+00	0.00e+00
62:	0.00e+00	3.27e-01
63:	0.00e+00	3.27e-01
New op index: 31	$R_{YX-XY}$[1, 6]
Current grad: 10.000228719597636
New op index: 39	$R_{YX-XY}$[2, 5]
Current grad: 8.000691378594171
New op index: 45	$R_{YX-XY}$[3, 4]
Current grad: 2.001184534580959
New op index: 45	$R_{YX-XY}$[3, 4]
Current grad: 0.00011203578079371779
Precision cutoff reached.
Calculating energies for FreeWilson2D(N_x=2, N_y=2, mass=-1.755, r=1.000)
h_im: 0.0
New op index: 21	$R_{YX-XY}$[0, 7]
Current grad: 8.0
0:	0.00e+00	0.00e+00
1:	0.00e+00	0.00e+00
2:	0.00e+00	0.00e+00
3:	0.00e+00	0.00e+00
4:	0.00e+00	0.00e+00
5:	0.00e+00	0.00e+00
6:	0.00e+00	0.00e+00
7:	0.00e+00	0.00e+00
8:	0.00e+00	-9.80e-01
9:	0.00e+00	-9.80e-01
10:	0.00e+00	0.00e+00
11:	0.00e+00	0.00e+00
12:	0.00e+00	-9.80e-01
13:	0.00e+00	-9.80e-01
14:	0.00e+00	0.00e+00
15:	0.00e+00	0.00e+00
16:	0.00e+00	0.00e+00
17:	0.00e+00	0.00e+00
18:	0.00e+00	0.00e+00
19:	0.00e+00	0.00e+00
20:	0.00e+00	0.00e+00
21:	-2.00e+00	0.00e+00
22:	0.00e+00	-9.80e-01
23:	0.00e+00	-9.80e-01
24:	0.00e+00	0.00e+00
25:	0.00e+00	0.00e+00
26:	0.00e+00	0.00e+00
27:	0.00e+00	0.00e+00
28:	0.00e+00	0.00e+00
29:	0.00e+00	0.00e+00
30:	0.00e+00	0.00e+00
31:	2.00e+00	0.00e+00
32:	0.00e+00	0.00e+00
33:	0.00e+00	0.00e+00
34:	0.00e+00	-9.80e-01
35:	0.00e+00	-9.80e-01
36:	0.00e+00	0.00e+00
37:	0.00e+00	0.00e+00
38:	0.00e+00	0.00e+00
39:	-2.00e+00	0.00e+00
40:	0.00e+00	0.00e+00
41:	0.00e+00	0.00e+00
42:	0.00e+00	0.00e+00
43:	0.00e+00	0.00e+00
44:	0.00e+00	0.00e+00
45:	2.00e+00	0.00e+00
46:	0.00e+00	0.00e+00
47:	0.00e+00	0.00e+00
48:	0.00e+00	0.00e+00
49:	0.00e+00	0.00e+00
50:	0.00e+00	0.00e+00
51:	0.00e+00	0.00e+00
52:	0.00e+00	9.80e-01
53:	0.00e+00	9.80e-01
54:	0.00e+00	0.00e+00
55:	0.00e+00	0.00e+00
56:	0.00e+00	9.80e-01
57:	0.00e+00	9.80e-01
58:	0.00e+00	9.80e-01
59:	0.00e+00	9.80e-01
60:	0.00e+00	0.00e+00
61:	0.00e+00	0.00e+00
62:	0.00e+00	9.80e-01
63:	0.00e+00	9.80e-01
New op index: 31	$R_{YX-XY}$[1, 6]
Current grad: 10.000230670391439
New op index: 39	$R_{YX-XY}$[2, 5]
Current grad: 8.000727222623178
New op index: 45	$R_{YX-XY}$[3, 4]
Current grad: 2.0012916111776944
New op index: 45	$R_{YX-XY}$[3, 4]
Current grad: 0.00011657508338357159
Precision cutoff reached.
Calculating energies for FreeWilson2D(N_x=2, N_y=2, mass=-1.592, r=1.000)
h_im: 0.0
New op index: 21	$R_{YX-XY}$[0, 7]
Current grad: 8.0
0:	0.00e+00	0.00e+00
1:	0.00e+00	0.00e+00
2:	0.00e+00	0.00e+00
3:	0.00e+00	0.00e+00
4:	0.00e+00	0.00e+00
5:	0.00e+00	0.00e+00
6:	0.00e+00	0.00e+00
7:	0.00e+00	0.00e+00
8:	0.00e+00	-1.63e+00
9:	0.00e+00	-1.63e+00
10:	0.00e+00	0.00e+00
11:	0.00e+00	0.00e+00
12:	0.00e+00	-1.63e+00
13:	0.00e+00	-1.63e+00
14:	0.00e+00	0.00e+00
15:	0.00e+00	0.00e+00
16:	0.00e+00	0.00e+00
17:	0.00e+00	0.00e+00
18:	0.00e+00	0.00e+00
19:	0.00e+00	0.00e+00
20:	0.00e+00	0.00e+00
21:	-2.00e+00	0.00e+00
22:	0.00e+00	-1.63e+00
23:	0.00e+00	-1.63e+00
24:	0.00e+00	0.00e+00
25:	0.00e+00	0.00e+00
26:	0.00e+00	0.00e+00
27:	0.00e+00	0.00e+00
28:	0.00e+00	0.00e+00
29:	0.00e+00	0.00e+00
30:	0.00e+00	0.00e+00
31:	2.00e+00	0.00e+00
32:	0.00e+00	0.00e+00
33:	0.00e+00	0.00e+00
34:	0.00e+00	-1.63e+00
35:	0.00e+00	-1.63e+00
36:	0.00e+00	0.00e+00
37:	0.00e+00	0.00e+00
38:	0.00e+00	0.00e+00
39:	-2.00e+00	0.00e+00
40:	0.00e+00	0.00e+00
41:	0.00e+00	0.00e+00
42:	0.00e+00	0.00e+00
43:	0.00e+00	0.00e+00
44:	0.00e+00	0.00e+00
45:	2.00e+00	0.00e+00
46:	0.00e+00	0.00e+00
47:	0.00e+00	0.00e+00
48:	0.00e+00	0.00e+00
49:	0.00e+00	0.00e+00
50:	0.00e+00	0.00e+00
51:	0.00e+00	0.00e+00
52:	0.00e+00	1.63e+00
53:	0.00e+00	1.63e+00
54:	0.00e+00	0.00e+00
55:	0.00e+00	0.00e+00
56:	0.00e+00	1.63e+00
57:	0.00e+00	1.63e+00
58:	0.00e+00	1.63e+00
59:	0.00e+00	1.63e+00
60:	0.00e+00	0.00e+00
61:	0.00e+00	0.00e+00
62:	0.00e+00	1.63e+00
63:	0.00e+00	1.63e+00
New op index: 31	$R_{YX-XY}$[1, 6]
Current grad: 10.000232697005858
New op index: 39	$R_{YX-XY}$[2, 5]
Current grad: 8.000758618724742
New op index: 45	$R_{YX-XY}$[3, 4]
Current grad: 2.0012866487086125
New op index: 45	$R_{YX-XY}$[3, 4]
Current grad: 0.0001193800503237058
Precision cutoff reached.
Calculating energies for FreeWilson2D(N_x=2, N_y=2, mass=-1.429, r=1.000)
h_im: 0.0
New op index: 21	$R_{YX-XY}$[0, 7]
Current grad: 8.0
0:	0.00e+00	0.00e+00
1:	0.00e+00	0.00e+00
2:	0.00e+00	0.00e+00
3:	0.00e+00	0.00e+00
4:	0.00e+00	0.00e+00
5:	0.00e+00	0.00e+00
6:	0.00e+00	0.00e+00
7:	0.00e+00	0.00e+00
8:	0.00e+00	-2.29e+00
9:	0.00e+00	-2.29e+00
10:	0.00e+00	0.00e+00
11:	0.00e+00	0.00e+00
12:	0.00e+00	-2.29e+00
13:	0.00e+00	-2.29e+00
14:	0.00e+00	0.00e+00
15:	0.00e+00	0.00e+00
16:	0.00e+00	0.00e+00
17:	0.00e+00	0.00e+00
18:	0.00e+00	0.00e+00
19:	0.00e+00	0.00e+00
20:	0.00e+00	0.00e+00
21:	-2.00e+00	0.00e+00
22:	0.00e+00	-2.29e+00
23:	0.00e+00	-2.29e+00
24:	0.00e+00	0.00e+00
25:	0.00e+00	0.00e+00
26:	0.00e+00	0.00e+00
27:	0.00e+00	0.00e+00
28:	0.00e+00	0.00e+00
29:	0.00e+00	0.00e+00
30:	0.00e+00	0.00e+00
31:	2.00e+00	0.00e+00
32:	0.00e+00	0.00e+00
33:	0.00e+00	0.00e+00
34:	0.00e+00	-2.29e+00
35:	0.00e+00	-2.29e+00
36:	0.00e+00	0.00e+00
37:	0.00e+00	0.00e+00
38:	0.00e+00	0.00e+00
39:	-2.00e+00	0.00e+00
40:	0.00e+00	0.00e+00
41:	0.00e+00	0.00e+00
42:	0.00e+00	0.00e+00
43:	0.00e+00	0.00e+00
44:	0.00e+00	0.00e+00
45:	2.00e+00	0.00e+00
46:	0.00e+00	0.00e+00
47:	0.00e+00	0.00e+00
48:	0.00e+00	0.00e+00
49:	0.00e+00	0.00e+00
50:	0.00e+00	0.00e+00
51:	0.00e+00	0.00e+00
52:	0.00e+00	2.29e+00
53:	0.00e+00	2.29e+00
54:	0.00e+00	0.00e+00
55:	0.00e+00	0.00e+00
56:	0.00e+00	2.29e+00
57:	0.00e+00	2.29e+00
58:	0.00e+00	2.29e+00
59:	0.00e+00	2.29e+00
60:	0.00e+00	0.00e+00
61:	0.00e+00	0.00e+00
62:	0.00e+00	2.29e+00
63:	0.00e+00	2.29e+00
New op index: 31	$R_{YX-XY}$[1, 6]
Current grad: 10.00022210245479
New op index: 39	$R_{YX-XY}$[2, 5]
Current grad: 8.000686387579966
New op index: 45	$R_{YX-XY}$[3, 4]
Current grad: 2.001126845752668
New op index: 45	$R_{YX-XY}$[3, 4]
Current grad: 0.00011348816590980859
Precision cutoff reached.
Calculating energies for FreeWilson2D(N_x=2, N_y=2, mass=-1.265, r=1.000)
h_im: 0.0
New op index: 21	$R_{YX-XY}$[0, 7]
Current grad: 8.0
0:	0.00e+00	0.00e+00
1:	0.00e+00	0.00e+00
2:	0.00e+00	0.00e+00
3:	0.00e+00	0.00e+00
4:	0.00e+00	0.00e+00
5:	0.00e+00	0.00e+00
6:	0.00e+00	0.00e+00
7:	0.00e+00	0.00e+00
8:	0.00e+00	-2.94e+00
9:	0.00e+00	-2.94e+00
10:	0.00e+00	0.00e+00
11:	0.00e+00	0.00e+00
12:	0.00e+00	-2.94e+00
13:	0.00e+00	-2.94e+00
14:	0.00e+00	0.00e+00
15:	0.00e+00	0.00e+00
16:	0.00e+00	0.00e+00
17:	0.00e+00	0.00e+00
18:	0.00e+00	0.00e+00
19:	0.00e+00	0.00e+00
20:	0.00e+00	0.00e+00
21:	-2.00e+00	0.00e+00
22:	0.00e+00	-2.94e+00
23:	0.00e+00	-2.94e+00
24:	0.00e+00	0.00e+00
25:	0.00e+00	0.00e+00
26:	0.00e+00	0.00e+00
27:	0.00e+00	0.00e+00
28:	0.00e+00	0.00e+00
29:	0.00e+00	0.00e+00
30:	0.00e+00	0.00e+00
31:	2.00e+00	0.00e+00
32:	0.00e+00	0.00e+00
33:	0.00e+00	0.00e+00
34:	0.00e+00	-2.94e+00
35:	0.00e+00	-2.94e+00
36:	0.00e+00	0.00e+00
37:	0.00e+00	0.00e+00
38:	0.00e+00	0.00e+00
39:	-2.00e+00	0.00e+00
40:	0.00e+00	0.00e+00
41:	0.00e+00	0.00e+00
42:	0.00e+00	0.00e+00
43:	0.00e+00	0.00e+00
44:	0.00e+00	0.00e+00
45:	2.00e+00	0.00e+00
46:	0.00e+00	0.00e+00
47:	0.00e+00	0.00e+00
48:	0.00e+00	0.00e+00
49:	0.00e+00	0.00e+00
50:	0.00e+00	0.00e+00
51:	0.00e+00	0.00e+00
52:	0.00e+00	2.94e+00
53:	0.00e+00	2.94e+00
54:	0.00e+00	0.00e+00
55:	0.00e+00	0.00e+00
56:	0.00e+00	2.94e+00
57:	0.00e+00	2.94e+00
58:	0.00e+00	2.94e+00
59:	0.00e+00	2.94e+00
60:	0.00e+00	0.00e+00
61:	0.00e+00	0.00e+00
62:	0.00e+00	2.94e+00
63:	0.00e+00	2.94e+00
New op index: 31	$R_{YX-XY}$[1, 6]
Current grad: 10.000230014981204
New op index: 39	$R_{YX-XY}$[2, 5]
Current grad: 8.000730367048114
New op index: 45	$R_{YX-XY}$[3, 4]
Current grad: 2.0012706345554556
New op index: 45	$R_{YX-XY}$[3, 4]
Current grad: 0.0001227488299928442
Precision cutoff reached.
Calculating energies for FreeWilson2D(N_x=2, N_y=2, mass=-1.102, r=1.000)
h_im: 0.0
New op index: 21	$R_{YX-XY}$[0, 7]
Current grad: 8.0
0:	0.00e+00	0.00e+00
1:	0.00e+00	0.00e+00
2:	0.00e+00	0.00e+00
3:	0.00e+00	0.00e+00
4:	0.00e+00	0.00e+00
5:	0.00e+00	0.00e+00
6:	0.00e+00	0.00e+00
7:	0.00e+00	0.00e+00
8:	0.00e+00	-3.59e+00
9:	0.00e+00	-3.59e+00
10:	0.00e+00	0.00e+00
11:	0.00e+00	0.00e+00
12:	0.00e+00	-3.59e+00
13:	0.00e+00	-3.59e+00
14:	0.00e+00	0.00e+00
15:	0.00e+00	0.00e+00
16:	0.00e+00	0.00e+00
17:	0.00e+00	0.00e+00
18:	0.00e+00	0.00e+00
19:	0.00e+00	0.00e+00
20:	0.00e+00	0.00e+00
21:	-2.00e+00	0.00e+00
22:	0.00e+00	-3.59e+00
23:	0.00e+00	-3.59e+00
24:	0.00e+00	0.00e+00
25:	0.00e+00	0.00e+00
26:	0.00e+00	0.00e+00
27:	0.00e+00	0.00e+00
28:	0.00e+00	0.00e+00
29:	0.00e+00	0.00e+00
30:	0.00e+00	0.00e+00
31:	2.00e+00	0.00e+00
32:	0.00e+00	0.00e+00
33:	0.00e+00	0.00e+00
34:	0.00e+00	-3.59e+00
35:	0.00e+00	-3.59e+00
36:	0.00e+00	0.00e+00
37:	0.00e+00	0.00e+00
38:	0.00e+00	0.00e+00
39:	-2.00e+00	0.00e+00
40:	0.00e+00	0.00e+00
41:	0.00e+00	0.00e+00
42:	0.00e+00	0.00e+00
43:	0.00e+00	0.00e+00
44:	0.00e+00	0.00e+00
45:	2.00e+00	0.00e+00
46:	0.00e+00	0.00e+00
47:	0.00e+00	0.00e+00
48:	0.00e+00	0.00e+00
49:	0.00e+00	0.00e+00
50:	0.00e+00	0.00e+00
51:	0.00e+00	0.00e+00
52:	0.00e+00	3.59e+00
53:	0.00e+00	3.59e+00
54:	0.00e+00	0.00e+00
55:	0.00e+00	0.00e+00
56:	0.00e+00	3.59e+00
57:	0.00e+00	3.59e+00
58:	0.00e+00	3.59e+00
59:	0.00e+00	3.59e+00
60:	0.00e+00	0.00e+00
61:	0.00e+00	0.00e+00
62:	0.00e+00	3.59e+00
63:	0.00e+00	3.59e+00
New op index: 31	$R_{YX-XY}$[1, 6]
Current grad: 10.000227068595306
New op index: 39	$R_{YX-XY}$[2, 5]
Current grad: 8.00070374461805
New op index: 45	$R_{YX-XY}$[3, 4]
Current grad: 2.0011839902871023
New op index: 45	$R_{YX-XY}$[3, 4]
Current grad: 0.00010571037541512451
Precision cutoff reached.
Calculating energies for FreeWilson2D(N_x=2, N_y=2, mass=-0.939, r=1.000)
h_im: 0.0
New op index: 21	$R_{YX-XY}$[0, 7]
Current grad: 8.0
0:	0.00e+00	0.00e+00
1:	0.00e+00	0.00e+00
2:	0.00e+00	0.00e+00
3:	0.00e+00	0.00e+00
4:	0.00e+00	0.00e+00
5:	0.00e+00	0.00e+00
6:	0.00e+00	0.00e+00
7:	0.00e+00	0.00e+00
8:	0.00e+00	-4.24e+00
9:	0.00e+00	-4.24e+00
10:	0.00e+00	0.00e+00
11:	0.00e+00	0.00e+00
12:	0.00e+00	-4.24e+00
13:	0.00e+00	-4.24e+00
14:	0.00e+00	0.00e+00
15:	0.00e+00	0.00e+00
16:	0.00e+00	0.00e+00
17:	0.00e+00	0.00e+00
18:	0.00e+00	0.00e+00
19:	0.00e+00	0.00e+00
20:	0.00e+00	0.00e+00
21:	-2.00e+00	0.00e+00
22:	0.00e+00	-4.24e+00
23:	0.00e+00	-4.24e+00
24:	0.00e+00	0.00e+00
25:	0.00e+00	0.00e+00
26:	0.00e+00	0.00e+00
27:	0.00e+00	0.00e+00
28:	0.00e+00	0.00e+00
29:	0.00e+00	0.00e+00
30:	0.00e+00	0.00e+00
31:	2.00e+00	0.00e+00
32:	0.00e+00	0.00e+00
33:	0.00e+00	0.00e+00
34:	0.00e+00	-4.24e+00
35:	0.00e+00	-4.24e+00
36:	0.00e+00	0.00e+00
37:	0.00e+00	0.00e+00
38:	0.00e+00	0.00e+00
39:	-2.00e+00	0.00e+00
40:	0.00e+00	0.00e+00
41:	0.00e+00	0.00e+00
42:	0.00e+00	0.00e+00
43:	0.00e+00	0.00e+00
44:	0.00e+00	0.00e+00
45:	2.00e+00	0.00e+00
46:	0.00e+00	0.00e+00
47:	0.00e+00	0.00e+00
48:	0.00e+00	0.00e+00
49:	0.00e+00	0.00e+00
50:	0.00e+00	0.00e+00
51:	0.00e+00	0.00e+00
52:	0.00e+00	4.24e+00
53:	0.00e+00	4.24e+00
54:	0.00e+00	0.00e+00
55:	0.00e+00	0.00e+00
56:	0.00e+00	4.24e+00
57:	0.00e+00	4.24e+00
58:	0.00e+00	4.24e+00
59:	0.00e+00	4.24e+00
60:	0.00e+00	0.00e+00
61:	0.00e+00	0.00e+00
62:	0.00e+00	4.24e+00
63:	0.00e+00	4.24e+00
New op index: 31	$R_{YX-XY}$[1, 6]
Current grad: 10.000228373944495
New op index: 39	$R_{YX-XY}$[2, 5]
Current grad: 8.000730500954212
New op index: 45	$R_{YX-XY}$[3, 4]
Current grad: 2.0012623001439693
New op index: 45	$R_{YX-XY}$[3, 4]
Current grad: 0.00011912758998050554
Precision cutoff reached.
Calculating energies for FreeWilson2D(N_x=2, N_y=2, mass=-0.776, r=1.000)
h_im: 0.0
New op index: 21	$R_{YX-XY}$[0, 7]
Current grad: 8.0
0:	0.00e+00	0.00e+00
1:	0.00e+00	0.00e+00
2:	0.00e+00	0.00e+00
3:	0.00e+00	0.00e+00
4:	0.00e+00	0.00e+00
5:	0.00e+00	0.00e+00
6:	0.00e+00	0.00e+00
7:	0.00e+00	0.00e+00
8:	0.00e+00	-4.90e+00
9:	0.00e+00	-4.90e+00
10:	0.00e+00	0.00e+00
11:	0.00e+00	0.00e+00
12:	0.00e+00	-4.90e+00
13:	0.00e+00	-4.90e+00
14:	0.00e+00	0.00e+00
15:	0.00e+00	0.00e+00
16:	0.00e+00	0.00e+00
17:	0.00e+00	0.00e+00
18:	0.00e+00	0.00e+00
19:	0.00e+00	0.00e+00
20:	0.00e+00	0.00e+00
21:	-2.00e+00	0.00e+00
22:	0.00e+00	-4.90e+00
23:	0.00e+00	-4.90e+00
24:	0.00e+00	0.00e+00
25:	0.00e+00	0.00e+00
26:	0.00e+00	0.00e+00
27:	0.00e+00	0.00e+00
28:	0.00e+00	0.00e+00
29:	0.00e+00	0.00e+00
30:	0.00e+00	0.00e+00
31:	2.00e+00	0.00e+00
32:	0.00e+00	0.00e+00
33:	0.00e+00	0.00e+00
34:	0.00e+00	-4.90e+00
35:	0.00e+00	-4.90e+00
36:	0.00e+00	0.00e+00
37:	0.00e+00	0.00e+00
38:	0.00e+00	0.00e+00
39:	-2.00e+00	0.00e+00
40:	0.00e+00	0.00e+00
41:	0.00e+00	0.00e+00
42:	0.00e+00	0.00e+00
43:	0.00e+00	0.00e+00
44:	0.00e+00	0.00e+00
45:	2.00e+00	0.00e+00
46:	0.00e+00	0.00e+00
47:	0.00e+00	0.00e+00
48:	0.00e+00	0.00e+00
49:	0.00e+00	0.00e+00
50:	0.00e+00	0.00e+00
51:	0.00e+00	0.00e+00
52:	0.00e+00	4.90e+00
53:	0.00e+00	4.90e+00
54:	0.00e+00	0.00e+00
55:	0.00e+00	0.00e+00
56:	0.00e+00	4.90e+00
57:	0.00e+00	4.90e+00
58:	0.00e+00	4.90e+00
59:	0.00e+00	4.90e+00
60:	0.00e+00	0.00e+00
61:	0.00e+00	0.00e+00
62:	0.00e+00	4.90e+00
63:	0.00e+00	4.90e+00
New op index: 31	$R_{YX-XY}$[1, 6]
Current grad: 10.000224001677156
New op index: 39	$R_{YX-XY}$[2, 5]
Current grad: 8.000759077965956
New op index: 45	$R_{YX-XY}$[3, 4]
Current grad: 2.00134356840459
New op index: 45	$R_{YX-XY}$[3, 4]
Current grad: 0.00011729764425975897
Precision cutoff reached.
Calculating energies for FreeWilson2D(N_x=2, N_y=2, mass=-0.612, r=1.000)
h_im: 0.0
New op index: 21	$R_{YX-XY}$[0, 7]
Current grad: 8.0
0:	0.00e+00	0.00e+00
1:	0.00e+00	0.00e+00
2:	0.00e+00	0.00e+00
3:	0.00e+00	0.00e+00
4:	0.00e+00	0.00e+00
5:	0.00e+00	0.00e+00
6:	0.00e+00	0.00e+00
7:	0.00e+00	0.00e+00
8:	0.00e+00	-5.55e+00
9:	0.00e+00	-5.55e+00
10:	0.00e+00	0.00e+00
11:	0.00e+00	0.00e+00
12:	0.00e+00	-5.55e+00
13:	0.00e+00	-5.55e+00
14:	0.00e+00	0.00e+00
15:	0.00e+00	0.00e+00
16:	0.00e+00	0.00e+00
17:	0.00e+00	0.00e+00
18:	0.00e+00	0.00e+00
19:	0.00e+00	0.00e+00
20:	0.00e+00	0.00e+00
21:	-2.00e+00	0.00e+00
22:	0.00e+00	-5.55e+00
23:	0.00e+00	-5.55e+00
24:	0.00e+00	0.00e+00
25:	0.00e+00	0.00e+00
26:	0.00e+00	0.00e+00
27:	0.00e+00	0.00e+00
28:	0.00e+00	0.00e+00
29:	0.00e+00	0.00e+00
30:	0.00e+00	0.00e+00
31:	2.00e+00	0.00e+00
32:	0.00e+00	0.00e+00
33:	0.00e+00	0.00e+00
34:	0.00e+00	-5.55e+00
35:	0.00e+00	-5.55e+00
36:	0.00e+00	0.00e+00
37:	0.00e+00	0.00e+00
38:	0.00e+00	0.00e+00
39:	-2.00e+00	0.00e+00
40:	0.00e+00	0.00e+00
41:	0.00e+00	0.00e+00
42:	0.00e+00	0.00e+00
43:	0.00e+00	0.00e+00
44:	0.00e+00	0.00e+00
45:	2.00e+00	0.00e+00
46:	0.00e+00	0.00e+00
47:	0.00e+00	0.00e+00
48:	0.00e+00	0.00e+00
49:	0.00e+00	0.00e+00
50:	0.00e+00	0.00e+00
51:	0.00e+00	0.00e+00
52:	0.00e+00	5.55e+00
53:	0.00e+00	5.55e+00
54:	0.00e+00	0.00e+00
55:	0.00e+00	0.00e+00
56:	0.00e+00	5.55e+00
57:	0.00e+00	5.55e+00
58:	0.00e+00	5.55e+00
59:	0.00e+00	5.55e+00
60:	0.00e+00	0.00e+00
61:	0.00e+00	0.00e+00
62:	0.00e+00	5.55e+00
63:	0.00e+00	5.55e+00
New op index: 31	$R_{YX-XY}$[1, 6]
Current grad: 10.00022380537742
New op index: 39	$R_{YX-XY}$[2, 5]
Current grad: 8.000722561898526
New op index: 45	$R_{YX-XY}$[3, 4]
Current grad: 2.0012508424225404
New op index: 45	$R_{YX-XY}$[3, 4]
Current grad: 0.00011163095205704576
Precision cutoff reached.
Calculating energies for FreeWilson2D(N_x=2, N_y=2, mass=-0.449, r=1.000)
h_im: 0.0
New op index: 21	$R_{YX-XY}$[0, 7]
Current grad: 8.0
0:	0.00e+00	0.00e+00
1:	0.00e+00	0.00e+00
2:	0.00e+00	0.00e+00
3:	0.00e+00	0.00e+00
4:	0.00e+00	0.00e+00
5:	0.00e+00	0.00e+00
6:	0.00e+00	0.00e+00
7:	0.00e+00	0.00e+00
8:	0.00e+00	-6.20e+00
9:	0.00e+00	-6.20e+00
10:	0.00e+00	0.00e+00
11:	0.00e+00	0.00e+00
12:	0.00e+00	-6.20e+00
13:	0.00e+00	-6.20e+00
14:	0.00e+00	0.00e+00
15:	0.00e+00	0.00e+00
16:	0.00e+00	0.00e+00
17:	0.00e+00	0.00e+00
18:	0.00e+00	0.00e+00
19:	0.00e+00	0.00e+00
20:	0.00e+00	0.00e+00
21:	-2.00e+00	0.00e+00
22:	0.00e+00	-6.20e+00
23:	0.00e+00	-6.20e+00
24:	0.00e+00	0.00e+00
25:	0.00e+00	0.00e+00
26:	0.00e+00	0.00e+00
27:	0.00e+00	0.00e+00
28:	0.00e+00	0.00e+00
29:	0.00e+00	0.00e+00
30:	0.00e+00	0.00e+00
31:	2.00e+00	0.00e+00
32:	0.00e+00	0.00e+00
33:	0.00e+00	0.00e+00
34:	0.00e+00	-6.20e+00
35:	0.00e+00	-6.20e+00
36:	0.00e+00	0.00e+00
37:	0.00e+00	0.00e+00
38:	0.00e+00	0.00e+00
39:	-2.00e+00	0.00e+00
40:	0.00e+00	0.00e+00
41:	0.00e+00	0.00e+00
42:	0.00e+00	0.00e+00
43:	0.00e+00	0.00e+00
44:	0.00e+00	0.00e+00
45:	2.00e+00	0.00e+00
46:	0.00e+00	0.00e+00
47:	0.00e+00	0.00e+00
48:	0.00e+00	0.00e+00
49:	0.00e+00	0.00e+00
50:	0.00e+00	0.00e+00
51:	0.00e+00	0.00e+00
52:	0.00e+00	6.20e+00
53:	0.00e+00	6.20e+00
54:	0.00e+00	0.00e+00
55:	0.00e+00	0.00e+00
56:	0.00e+00	6.20e+00
57:	0.00e+00	6.20e+00
58:	0.00e+00	6.20e+00
59:	0.00e+00	6.20e+00
60:	0.00e+00	0.00e+00
61:	0.00e+00	0.00e+00
62:	0.00e+00	6.20e+00
63:	0.00e+00	6.20e+00
New op index: 31	$R_{YX-XY}$[1, 6]
Current grad: 10.000228818718206
New op index: 39	$R_{YX-XY}$[2, 5]
Current grad: 8.000745457186618
New op index: 45	$R_{YX-XY}$[3, 4]
Current grad: 2.0013026922841637
New op index: 45	$R_{YX-XY}$[3, 4]
Current grad: 0.00011550539966966034
Precision cutoff reached.
Calculating energies for FreeWilson2D(N_x=2, N_y=2, mass=-0.286, r=1.000)
h_im: 0.0
New op index: 21	$R_{YX-XY}$[0, 7]
Current grad: 8.0
0:	0.00e+00	0.00e+00
1:	0.00e+00	0.00e+00
2:	0.00e+00	0.00e+00
3:	0.00e+00	0.00e+00
4:	0.00e+00	0.00e+00
5:	0.00e+00	0.00e+00
6:	0.00e+00	0.00e+00
7:	0.00e+00	0.00e+00
8:	0.00e+00	-6.86e+00
9:	0.00e+00	-6.86e+00
10:	0.00e+00	0.00e+00
11:	0.00e+00	0.00e+00
12:	0.00e+00	-6.86e+00
13:	0.00e+00	-6.86e+00
14:	0.00e+00	0.00e+00
15:	0.00e+00	0.00e+00
16:	0.00e+00	0.00e+00
17:	0.00e+00	0.00e+00
18:	0.00e+00	0.00e+00
19:	0.00e+00	0.00e+00
20:	0.00e+00	0.00e+00
21:	-2.00e+00	0.00e+00
22:	0.00e+00	-6.86e+00
23:	0.00e+00	-6.86e+00
24:	0.00e+00	0.00e+00
25:	0.00e+00	0.00e+00
26:	0.00e+00	0.00e+00
27:	0.00e+00	0.00e+00
28:	0.00e+00	0.00e+00
29:	0.00e+00	0.00e+00
30:	0.00e+00	0.00e+00
31:	2.00e+00	0.00e+00
32:	0.00e+00	0.00e+00
33:	0.00e+00	0.00e+00
34:	0.00e+00	-6.86e+00
35:	0.00e+00	-6.86e+00
36:	0.00e+00	0.00e+00
37:	0.00e+00	0.00e+00
38:	0.00e+00	0.00e+00
39:	-2.00e+00	0.00e+00
40:	0.00e+00	0.00e+00
41:	0.00e+00	0.00e+00
42:	0.00e+00	0.00e+00
43:	0.00e+00	0.00e+00
44:	0.00e+00	0.00e+00
45:	2.00e+00	0.00e+00
46:	0.00e+00	0.00e+00
47:	0.00e+00	0.00e+00
48:	0.00e+00	0.00e+00
49:	0.00e+00	0.00e+00
50:	0.00e+00	0.00e+00
51:	0.00e+00	0.00e+00
52:	0.00e+00	6.86e+00
53:	0.00e+00	6.86e+00
54:	0.00e+00	0.00e+00
55:	0.00e+00	0.00e+00
56:	0.00e+00	6.86e+00
57:	0.00e+00	6.86e+00
58:	0.00e+00	6.86e+00
59:	0.00e+00	6.86e+00
60:	0.00e+00	0.00e+00
61:	0.00e+00	0.00e+00
62:	0.00e+00	6.86e+00
63:	0.00e+00	6.86e+00
New op index: 31	$R_{YX-XY}$[1, 6]
Current grad: 10.0002320478742
New op index: 39	$R_{YX-XY}$[2, 5]
Current grad: 8.000754372889979
New op index: 45	$R_{YX-XY}$[3, 4]
Current grad: 2.00131532641452
New op index: 45	$R_{YX-XY}$[3, 4]
Current grad: 0.00011715563138710305
Precision cutoff reached.
Calculating energies for FreeWilson2D(N_x=2, N_y=2, mass=-0.122, r=1.000)
h_im: 0.0
New op index: 21	$R_{YX-XY}$[0, 7]
Current grad: 8.0
0:	0.00e+00	0.00e+00
1:	0.00e+00	0.00e+00
2:	0.00e+00	0.00e+00
3:	0.00e+00	0.00e+00
4:	0.00e+00	0.00e+00
5:	0.00e+00	0.00e+00
6:	0.00e+00	0.00e+00
7:	0.00e+00	0.00e+00
8:	0.00e+00	-7.51e+00
9:	0.00e+00	-7.51e+00
10:	0.00e+00	0.00e+00
11:	0.00e+00	0.00e+00
12:	0.00e+00	-7.51e+00
13:	0.00e+00	-7.51e+00
14:	0.00e+00	0.00e+00
15:	0.00e+00	0.00e+00
16:	0.00e+00	0.00e+00
17:	0.00e+00	0.00e+00
18:	0.00e+00	0.00e+00
19:	0.00e+00	0.00e+00
20:	0.00e+00	0.00e+00
21:	-2.00e+00	0.00e+00
22:	0.00e+00	-7.51e+00
23:	0.00e+00	-7.51e+00
24:	0.00e+00	0.00e+00
25:	0.00e+00	0.00e+00
26:	0.00e+00	0.00e+00
27:	0.00e+00	0.00e+00
28:	0.00e+00	0.00e+00
29:	0.00e+00	0.00e+00
30:	0.00e+00	0.00e+00
31:	2.00e+00	0.00e+00
32:	0.00e+00	0.00e+00
33:	0.00e+00	0.00e+00
34:	0.00e+00	-7.51e+00
35:	0.00e+00	-7.51e+00
36:	0.00e+00	0.00e+00
37:	0.00e+00	0.00e+00
38:	0.00e+00	0.00e+00
39:	-2.00e+00	0.00e+00
40:	0.00e+00	0.00e+00
41:	0.00e+00	0.00e+00
42:	0.00e+00	0.00e+00
43:	0.00e+00	0.00e+00
44:	0.00e+00	0.00e+00
45:	2.00e+00	0.00e+00
46:	0.00e+00	0.00e+00
47:	0.00e+00	0.00e+00
48:	0.00e+00	0.00e+00
49:	0.00e+00	0.00e+00
50:	0.00e+00	0.00e+00
51:	0.00e+00	0.00e+00
52:	0.00e+00	7.51e+00
53:	0.00e+00	7.51e+00
54:	0.00e+00	0.00e+00
55:	0.00e+00	0.00e+00
56:	0.00e+00	7.51e+00
57:	0.00e+00	7.51e+00
58:	0.00e+00	7.51e+00
59:	0.00e+00	7.51e+00
60:	0.00e+00	0.00e+00
61:	0.00e+00	0.00e+00
62:	0.00e+00	7.51e+00
63:	0.00e+00	7.51e+00
New op index: 31	$R_{YX-XY}$[1, 6]
Current grad: 10.000222604553315
New op index: 39	$R_{YX-XY}$[2, 5]
Current grad: 8.000702080767052
New op index: 45	$R_{YX-XY}$[3, 4]
Current grad: 2.001201844660317
New op index: 45	$R_{YX-XY}$[3, 4]
Current grad: 0.00011351653849120402
Precision cutoff reached.
Calculating energies for FreeWilson2D(N_x=2, N_y=2, mass=0.041, r=1.000)
h_im: 0.0
New op index: 21	$R_{YX-XY}$[0, 7]
Current grad: 8.0
0:	0.00e+00	0.00e+00
1:	0.00e+00	0.00e+00
2:	0.00e+00	0.00e+00
3:	0.00e+00	0.00e+00
4:	0.00e+00	0.00e+00
5:	0.00e+00	0.00e+00
6:	0.00e+00	0.00e+00
7:	0.00e+00	0.00e+00
8:	0.00e+00	-8.16e+00
9:	0.00e+00	-8.16e+00
10:	0.00e+00	0.00e+00
11:	0.00e+00	0.00e+00
12:	0.00e+00	-8.16e+00
13:	0.00e+00	-8.16e+00
14:	0.00e+00	0.00e+00
15:	0.00e+00	0.00e+00
16:	0.00e+00	0.00e+00
17:	0.00e+00	0.00e+00
18:	0.00e+00	0.00e+00
19:	0.00e+00	0.00e+00
20:	0.00e+00	0.00e+00
21:	-2.00e+00	0.00e+00
22:	0.00e+00	-8.16e+00
23:	0.00e+00	-8.16e+00
24:	0.00e+00	0.00e+00
25:	0.00e+00	0.00e+00
26:	0.00e+00	0.00e+00
27:	0.00e+00	0.00e+00
28:	0.00e+00	0.00e+00
29:	0.00e+00	0.00e+00
30:	0.00e+00	0.00e+00
31:	2.00e+00	0.00e+00
32:	0.00e+00	0.00e+00
33:	0.00e+00	0.00e+00
34:	0.00e+00	-8.16e+00
35:	0.00e+00	-8.16e+00
36:	0.00e+00	0.00e+00
37:	0.00e+00	0.00e+00
38:	0.00e+00	0.00e+00
39:	-2.00e+00	0.00e+00
40:	0.00e+00	0.00e+00
41:	0.00e+00	0.00e+00
42:	0.00e+00	0.00e+00
43:	0.00e+00	0.00e+00
44:	0.00e+00	0.00e+00
45:	2.00e+00	0.00e+00
46:	0.00e+00	0.00e+00
47:	0.00e+00	0.00e+00
48:	0.00e+00	0.00e+00
49:	0.00e+00	0.00e+00
50:	0.00e+00	0.00e+00
51:	0.00e+00	0.00e+00
52:	0.00e+00	8.16e+00
53:	0.00e+00	8.16e+00
54:	0.00e+00	0.00e+00
55:	0.00e+00	0.00e+00
56:	0.00e+00	8.16e+00
57:	0.00e+00	8.16e+00
58:	0.00e+00	8.16e+00
59:	0.00e+00	8.16e+00
60:	0.00e+00	0.00e+00
61:	0.00e+00	0.00e+00
62:	0.00e+00	8.16e+00
63:	0.00e+00	8.16e+00
New op index: 31	$R_{YX-XY}$[1, 6]
Current grad: 10.000231555087414
New op index: 39	$R_{YX-XY}$[2, 5]
Current grad: 8.000690257494622
New op index: 45	$R_{YX-XY}$[3, 4]
Current grad: 2.0011090797865267
New op index: 45	$R_{YX-XY}$[3, 4]
Current grad: 0.00011005365569903558
Precision cutoff reached.
Calculating energies for FreeWilson2D(N_x=2, N_y=2, mass=0.204, r=1.000)
h_im: 0.0
New op index: 21	$R_{YX-XY}$[0, 7]
Current grad: 8.0
0:	0.00e+00	0.00e+00
1:	0.00e+00	0.00e+00
2:	0.00e+00	0.00e+00
3:	0.00e+00	0.00e+00
4:	0.00e+00	0.00e+00
5:	0.00e+00	0.00e+00
6:	0.00e+00	0.00e+00
7:	0.00e+00	0.00e+00
8:	0.00e+00	-8.82e+00
9:	0.00e+00	-8.82e+00
10:	0.00e+00	0.00e+00
11:	0.00e+00	0.00e+00
12:	0.00e+00	-8.82e+00
13:	0.00e+00	-8.82e+00
14:	0.00e+00	0.00e+00
15:	0.00e+00	0.00e+00
16:	0.00e+00	0.00e+00
17:	0.00e+00	0.00e+00
18:	0.00e+00	0.00e+00
19:	0.00e+00	0.00e+00
20:	0.00e+00	0.00e+00
21:	-2.00e+00	0.00e+00
22:	0.00e+00	-8.82e+00
23:	0.00e+00	-8.82e+00
24:	0.00e+00	0.00e+00
25:	0.00e+00	0.00e+00
26:	0.00e+00	0.00e+00
27:	0.00e+00	0.00e+00
28:	0.00e+00	0.00e+00
29:	0.00e+00	0.00e+00
30:	0.00e+00	0.00e+00
31:	2.00e+00	0.00e+00
32:	0.00e+00	0.00e+00
33:	0.00e+00	0.00e+00
34:	0.00e+00	-8.82e+00
35:	0.00e+00	-8.82e+00
36:	0.00e+00	0.00e+00
37:	0.00e+00	0.00e+00
38:	0.00e+00	0.00e+00
39:	-2.00e+00	0.00e+00
40:	0.00e+00	0.00e+00
41:	0.00e+00	0.00e+00
42:	0.00e+00	0.00e+00
43:	0.00e+00	0.00e+00
44:	0.00e+00	0.00e+00
45:	2.00e+00	0.00e+00
46:	0.00e+00	0.00e+00
47:	0.00e+00	0.00e+00
48:	0.00e+00	0.00e+00
49:	0.00e+00	0.00e+00
50:	0.00e+00	0.00e+00
51:	0.00e+00	0.00e+00
52:	0.00e+00	8.82e+00
53:	0.00e+00	8.82e+00
54:	0.00e+00	0.00e+00
55:	0.00e+00	0.00e+00
56:	0.00e+00	8.82e+00
57:	0.00e+00	8.82e+00
58:	0.00e+00	8.82e+00
59:	0.00e+00	8.82e+00
60:	0.00e+00	0.00e+00
61:	0.00e+00	0.00e+00
62:	0.00e+00	8.82e+00
63:	0.00e+00	8.82e+00
New op index: 31	$R_{YX-XY}$[1, 6]
Current grad: 10.000226309561462
New op index: 39	$R_{YX-XY}$[2, 5]
Current grad: 8.00074437431649
New op index: 45	$R_{YX-XY}$[3, 4]
Current grad: 2.0013961285051787
New op index: 45	$R_{YX-XY}$[3, 4]
Current grad: 0.0001268122186905002
Precision cutoff reached.
Calculating energies for FreeWilson2D(N_x=2, N_y=2, mass=0.367, r=1.000)
h_im: 0.0
New op index: 21	$R_{YX-XY}$[0, 7]
Current grad: 8.0
0:	0.00e+00	0.00e+00
1:	0.00e+00	0.00e+00
2:	0.00e+00	0.00e+00
3:	0.00e+00	0.00e+00
4:	0.00e+00	0.00e+00
5:	0.00e+00	0.00e+00
6:	0.00e+00	0.00e+00
7:	0.00e+00	0.00e+00
8:	0.00e+00	-9.47e+00
9:	0.00e+00	-9.47e+00
10:	0.00e+00	0.00e+00
11:	0.00e+00	0.00e+00
12:	0.00e+00	-9.47e+00
13:	0.00e+00	-9.47e+00
14:	0.00e+00	0.00e+00
15:	0.00e+00	0.00e+00
16:	0.00e+00	0.00e+00
17:	0.00e+00	0.00e+00
18:	0.00e+00	0.00e+00
19:	0.00e+00	0.00e+00
20:	0.00e+00	0.00e+00
21:	-2.00e+00	0.00e+00
22:	0.00e+00	-9.47e+00
23:	0.00e+00	-9.47e+00
24:	0.00e+00	0.00e+00
25:	0.00e+00	0.00e+00
26:	0.00e+00	0.00e+00
27:	0.00e+00	0.00e+00
28:	0.00e+00	0.00e+00
29:	0.00e+00	0.00e+00
30:	0.00e+00	0.00e+00
31:	2.00e+00	0.00e+00
32:	0.00e+00	0.00e+00
33:	0.00e+00	0.00e+00
34:	0.00e+00	-9.47e+00
35:	0.00e+00	-9.47e+00
36:	0.00e+00	0.00e+00
37:	0.00e+00	0.00e+00
38:	0.00e+00	0.00e+00
39:	-2.00e+00	0.00e+00
40:	0.00e+00	0.00e+00
41:	0.00e+00	0.00e+00
42:	0.00e+00	0.00e+00
43:	0.00e+00	0.00e+00
44:	0.00e+00	0.00e+00
45:	2.00e+00	0.00e+00
46:	0.00e+00	0.00e+00
47:	0.00e+00	0.00e+00
48:	0.00e+00	0.00e+00
49:	0.00e+00	0.00e+00
50:	0.00e+00	0.00e+00
51:	0.00e+00	0.00e+00
52:	0.00e+00	9.47e+00
53:	0.00e+00	9.47e+00
54:	0.00e+00	0.00e+00
55:	0.00e+00	0.00e+00
56:	0.00e+00	9.47e+00
57:	0.00e+00	9.47e+00
58:	0.00e+00	9.47e+00
59:	0.00e+00	9.47e+00
60:	0.00e+00	0.00e+00
61:	0.00e+00	0.00e+00
62:	0.00e+00	9.47e+00
63:	0.00e+00	9.47e+00
New op index: 31	$R_{YX-XY}$[1, 6]
Current grad: 10.000230714150028
New op index: 39	$R_{YX-XY}$[2, 5]
Current grad: 8.000710729006382
New op index: 45	$R_{YX-XY}$[3, 4]
Current grad: 2.00126478426587
New op index: 45	$R_{YX-XY}$[3, 4]
Current grad: 0.0001217550710673615
Precision cutoff reached.
Calculating energies for FreeWilson2D(N_x=2, N_y=2, mass=0.531, r=1.000)
h_im: 0.0
New op index: 21	$R_{YX-XY}$[0, 7]
Current grad: 8.0
0:	0.00e+00	0.00e+00
1:	0.00e+00	0.00e+00
2:	0.00e+00	0.00e+00
3:	0.00e+00	0.00e+00
4:	0.00e+00	0.00e+00
5:	0.00e+00	0.00e+00
6:	0.00e+00	0.00e+00
7:	0.00e+00	0.00e+00
8:	0.00e+00	-1.01e+01
9:	0.00e+00	-1.01e+01
10:	0.00e+00	0.00e+00
11:	0.00e+00	0.00e+00
12:	0.00e+00	-1.01e+01
13:	0.00e+00	-1.01e+01
14:	0.00e+00	0.00e+00
15:	0.00e+00	0.00e+00
16:	0.00e+00	0.00e+00
17:	0.00e+00	0.00e+00
18:	0.00e+00	0.00e+00
19:	0.00e+00	0.00e+00
20:	0.00e+00	0.00e+00
21:	-2.00e+00	0.00e+00
22:	0.00e+00	-1.01e+01
23:	0.00e+00	-1.01e+01
24:	0.00e+00	0.00e+00
25:	0.00e+00	0.00e+00
26:	0.00e+00	0.00e+00
27:	0.00e+00	0.00e+00
28:	0.00e+00	0.00e+00
29:	0.00e+00	0.00e+00
30:	0.00e+00	0.00e+00
31:	2.00e+00	0.00e+00
32:	0.00e+00	0.00e+00
33:	0.00e+00	0.00e+00
34:	0.00e+00	-1.01e+01
35:	0.00e+00	-1.01e+01
36:	0.00e+00	0.00e+00
37:	0.00e+00	0.00e+00
38:	0.00e+00	0.00e+00
39:	-2.00e+00	0.00e+00
40:	0.00e+00	0.00e+00
41:	0.00e+00	0.00e+00
42:	0.00e+00	0.00e+00
43:	0.00e+00	0.00e+00
44:	0.00e+00	0.00e+00
45:	2.00e+00	0.00e+00
46:	0.00e+00	0.00e+00
47:	0.00e+00	0.00e+00
48:	0.00e+00	0.00e+00
49:	0.00e+00	0.00e+00
50:	0.00e+00	0.00e+00
51:	0.00e+00	0.00e+00
52:	0.00e+00	1.01e+01
53:	0.00e+00	1.01e+01
54:	0.00e+00	0.00e+00
55:	0.00e+00	0.00e+00
56:	0.00e+00	1.01e+01
57:	0.00e+00	1.01e+01
58:	0.00e+00	1.01e+01
59:	0.00e+00	1.01e+01
60:	0.00e+00	0.00e+00
61:	0.00e+00	0.00e+00
62:	0.00e+00	1.01e+01
63:	0.00e+00	1.01e+01
New op index: 31	$R_{YX-XY}$[1, 6]
Current grad: 10.000233706433363
New op index: 39	$R_{YX-XY}$[2, 5]
Current grad: 8.000693050660233
New op index: 45	$R_{YX-XY}$[3, 4]
Current grad: 2.001109327166043
New op index: 45	$R_{YX-XY}$[3, 4]
Current grad: 0.00011626256367766596
Precision cutoff reached.
Calculating energies for FreeWilson2D(N_x=2, N_y=2, mass=0.694, r=1.000)
h_im: 0.0
New op index: 21	$R_{YX-XY}$[0, 7]
Current grad: 8.0
0:	0.00e+00	0.00e+00
1:	0.00e+00	0.00e+00
2:	0.00e+00	0.00e+00
3:	0.00e+00	0.00e+00
4:	0.00e+00	0.00e+00
5:	0.00e+00	0.00e+00
6:	0.00e+00	0.00e+00
7:	0.00e+00	0.00e+00
8:	0.00e+00	-1.08e+01
9:	0.00e+00	-1.08e+01
10:	0.00e+00	0.00e+00
11:	0.00e+00	0.00e+00
12:	0.00e+00	-1.08e+01
13:	0.00e+00	-1.08e+01
14:	0.00e+00	0.00e+00
15:	0.00e+00	0.00e+00
16:	0.00e+00	0.00e+00
17:	0.00e+00	0.00e+00
18:	0.00e+00	0.00e+00
19:	0.00e+00	0.00e+00
20:	0.00e+00	0.00e+00
21:	-2.00e+00	0.00e+00
22:	0.00e+00	-1.08e+01
23:	0.00e+00	-1.08e+01
24:	0.00e+00	0.00e+00
25:	0.00e+00	0.00e+00
26:	0.00e+00	0.00e+00
27:	0.00e+00	0.00e+00
28:	0.00e+00	0.00e+00
29:	0.00e+00	0.00e+00
30:	0.00e+00	0.00e+00
31:	2.00e+00	0.00e+00
32:	0.00e+00	0.00e+00
33:	0.00e+00	0.00e+00
34:	0.00e+00	-1.08e+01
35:	0.00e+00	-1.08e+01
36:	0.00e+00	0.00e+00
37:	0.00e+00	0.00e+00
38:	0.00e+00	0.00e+00
39:	-2.00e+00	0.00e+00
40:	0.00e+00	0.00e+00
41:	0.00e+00	0.00e+00
42:	0.00e+00	0.00e+00
43:	0.00e+00	0.00e+00
44:	0.00e+00	0.00e+00
45:	2.00e+00	0.00e+00
46:	0.00e+00	0.00e+00
47:	0.00e+00	0.00e+00
48:	0.00e+00	0.00e+00
49:	0.00e+00	0.00e+00
50:	0.00e+00	0.00e+00
51:	0.00e+00	0.00e+00
52:	0.00e+00	1.08e+01
53:	0.00e+00	1.08e+01
54:	0.00e+00	0.00e+00
55:	0.00e+00	0.00e+00
56:	0.00e+00	1.08e+01
57:	0.00e+00	1.08e+01
58:	0.00e+00	1.08e+01
59:	0.00e+00	1.08e+01
60:	0.00e+00	0.00e+00
61:	0.00e+00	0.00e+00
62:	0.00e+00	1.08e+01
63:	0.00e+00	1.08e+01
New op index: 31	$R_{YX-XY}$[1, 6]
Current grad: 10.000227973808858
New op index: 39	$R_{YX-XY}$[2, 5]
Current grad: 8.000750537086102
New op index: 45	$R_{YX-XY}$[3, 4]
Current grad: 2.0012409712455104
New op index: 45	$R_{YX-XY}$[3, 4]
Current grad: 0.00011364700909613501
Precision cutoff reached.
Calculating energies for FreeWilson2D(N_x=2, N_y=2, mass=0.857, r=1.000)
h_im: 0.0
New op index: 21	$R_{YX-XY}$[0, 7]
Current grad: 8.0
0:	0.00e+00	0.00e+00
1:	0.00e+00	0.00e+00
2:	0.00e+00	0.00e+00
3:	0.00e+00	0.00e+00
4:	0.00e+00	0.00e+00
5:	0.00e+00	0.00e+00
6:	0.00e+00	0.00e+00
7:	0.00e+00	0.00e+00
8:	0.00e+00	-1.14e+01
9:	0.00e+00	-1.14e+01
10:	0.00e+00	0.00e+00
11:	0.00e+00	0.00e+00
12:	0.00e+00	-1.14e+01
13:	0.00e+00	-1.14e+01
14:	0.00e+00	0.00e+00
15:	0.00e+00	0.00e+00
16:	0.00e+00	0.00e+00
17:	0.00e+00	0.00e+00
18:	0.00e+00	0.00e+00
19:	0.00e+00	0.00e+00
20:	0.00e+00	0.00e+00
21:	-2.00e+00	0.00e+00
22:	0.00e+00	-1.14e+01
23:	0.00e+00	-1.14e+01
24:	0.00e+00	0.00e+00
25:	0.00e+00	0.00e+00
26:	0.00e+00	0.00e+00
27:	0.00e+00	0.00e+00
28:	0.00e+00	0.00e+00
29:	0.00e+00	0.00e+00
30:	0.00e+00	0.00e+00
31:	2.00e+00	0.00e+00
32:	0.00e+00	0.00e+00
33:	0.00e+00	0.00e+00
34:	0.00e+00	-1.14e+01
35:	0.00e+00	-1.14e+01
36:	0.00e+00	0.00e+00
37:	0.00e+00	0.00e+00
38:	0.00e+00	0.00e+00
39:	-2.00e+00	0.00e+00
40:	0.00e+00	0.00e+00
41:	0.00e+00	0.00e+00
42:	0.00e+00	0.00e+00
43:	0.00e+00	0.00e+00
44:	0.00e+00	0.00e+00
45:	2.00e+00	0.00e+00
46:	0.00e+00	0.00e+00
47:	0.00e+00	0.00e+00
48:	0.00e+00	0.00e+00
49:	0.00e+00	0.00e+00
50:	0.00e+00	0.00e+00
51:	0.00e+00	0.00e+00
52:	0.00e+00	1.14e+01
53:	0.00e+00	1.14e+01
54:	0.00e+00	0.00e+00
55:	0.00e+00	0.00e+00
56:	0.00e+00	1.14e+01
57:	0.00e+00	1.14e+01
58:	0.00e+00	1.14e+01
59:	0.00e+00	1.14e+01
60:	0.00e+00	0.00e+00
61:	0.00e+00	0.00e+00
62:	0.00e+00	1.14e+01
63:	0.00e+00	1.14e+01
New op index: 31	$R_{YX-XY}$[1, 6]
Current grad: 10.000229334812445
New op index: 39	$R_{YX-XY}$[2, 5]
Current grad: 8.000730416218984
New op index: 45	$R_{YX-XY}$[3, 4]
Current grad: 2.001270019553917
New op index: 45	$R_{YX-XY}$[3, 4]
Current grad: 0.00011145046565419481
Precision cutoff reached.
Calculating energies for FreeWilson2D(N_x=2, N_y=2, mass=1.020, r=1.000)
h_im: 0.0
New op index: 21	$R_{YX-XY}$[0, 7]
Current grad: 8.0
0:	0.00e+00	0.00e+00
1:	0.00e+00	0.00e+00
2:	0.00e+00	0.00e+00
3:	0.00e+00	0.00e+00
4:	0.00e+00	0.00e+00
5:	0.00e+00	0.00e+00
6:	0.00e+00	0.00e+00
7:	0.00e+00	0.00e+00
8:	0.00e+00	-1.21e+01
9:	0.00e+00	-1.21e+01
10:	0.00e+00	0.00e+00
11:	0.00e+00	0.00e+00
12:	0.00e+00	-1.21e+01
13:	0.00e+00	-1.21e+01
14:	0.00e+00	0.00e+00
15:	0.00e+00	0.00e+00
16:	0.00e+00	0.00e+00
17:	0.00e+00	0.00e+00
18:	0.00e+00	0.00e+00
19:	0.00e+00	0.00e+00
20:	0.00e+00	0.00e+00
21:	-2.00e+00	0.00e+00
22:	0.00e+00	-1.21e+01
23:	0.00e+00	-1.21e+01
24:	0.00e+00	0.00e+00
25:	0.00e+00	0.00e+00
26:	0.00e+00	0.00e+00
27:	0.00e+00	0.00e+00
28:	0.00e+00	0.00e+00
29:	0.00e+00	0.00e+00
30:	0.00e+00	0.00e+00
31:	2.00e+00	0.00e+00
32:	0.00e+00	0.00e+00
33:	0.00e+00	0.00e+00
34:	0.00e+00	-1.21e+01
35:	0.00e+00	-1.21e+01
36:	0.00e+00	0.00e+00
37:	0.00e+00	0.00e+00
38:	0.00e+00	0.00e+00
39:	-2.00e+00	0.00e+00
40:	0.00e+00	0.00e+00
41:	0.00e+00	0.00e+00
42:	0.00e+00	0.00e+00
43:	0.00e+00	0.00e+00
44:	0.00e+00	0.00e+00
45:	2.00e+00	0.00e+00
46:	0.00e+00	0.00e+00
47:	0.00e+00	0.00e+00
48:	0.00e+00	0.00e+00
49:	0.00e+00	0.00e+00
50:	0.00e+00	0.00e+00
51:	0.00e+00	0.00e+00
52:	0.00e+00	1.21e+01
53:	0.00e+00	1.21e+01
54:	0.00e+00	0.00e+00
55:	0.00e+00	0.00e+00
56:	0.00e+00	1.21e+01
57:	0.00e+00	1.21e+01
58:	0.00e+00	1.21e+01
59:	0.00e+00	1.21e+01
60:	0.00e+00	0.00e+00
61:	0.00e+00	0.00e+00
62:	0.00e+00	1.21e+01
63:	0.00e+00	1.21e+01
New op index: 31	$R_{YX-XY}$[1, 6]
Current grad: 10.000230624023803
New op index: 39	$R_{YX-XY}$[2, 5]
Current grad: 8.000703650662263
New op index: 45	$R_{YX-XY}$[3, 4]
Current grad: 2.001197325122538
New op index: 45	$R_{YX-XY}$[3, 4]
Current grad: 0.00010901002612680177
Precision cutoff reached.
Calculating energies for FreeWilson2D(N_x=2, N_y=2, mass=1.184, r=1.000)
h_im: 0.0
New op index: 21	$R_{YX-XY}$[0, 7]
Current grad: 8.0
0:	0.00e+00	0.00e+00
1:	0.00e+00	0.00e+00
2:	0.00e+00	0.00e+00
3:	0.00e+00	0.00e+00
4:	0.00e+00	0.00e+00
5:	0.00e+00	0.00e+00
6:	0.00e+00	0.00e+00
7:	0.00e+00	0.00e+00
8:	0.00e+00	-1.27e+01
9:	0.00e+00	-1.27e+01
10:	0.00e+00	0.00e+00
11:	0.00e+00	0.00e+00
12:	0.00e+00	-1.27e+01
13:	0.00e+00	-1.27e+01
14:	0.00e+00	0.00e+00
15:	0.00e+00	0.00e+00
16:	0.00e+00	0.00e+00
17:	0.00e+00	0.00e+00
18:	0.00e+00	0.00e+00
19:	0.00e+00	0.00e+00
20:	0.00e+00	0.00e+00
21:	-2.00e+00	0.00e+00
22:	0.00e+00	-1.27e+01
23:	0.00e+00	-1.27e+01
24:	0.00e+00	0.00e+00
25:	0.00e+00	0.00e+00
26:	0.00e+00	0.00e+00
27:	0.00e+00	0.00e+00
28:	0.00e+00	0.00e+00
29:	0.00e+00	0.00e+00
30:	0.00e+00	0.00e+00
31:	2.00e+00	0.00e+00
32:	0.00e+00	0.00e+00
33:	0.00e+00	0.00e+00
34:	0.00e+00	-1.27e+01
35:	0.00e+00	-1.27e+01
36:	0.00e+00	0.00e+00
37:	0.00e+00	0.00e+00
38:	0.00e+00	0.00e+00
39:	-2.00e+00	0.00e+00
40:	0.00e+00	0.00e+00
41:	0.00e+00	0.00e+00
42:	0.00e+00	0.00e+00
43:	0.00e+00	0.00e+00
44:	0.00e+00	0.00e+00
45:	2.00e+00	0.00e+00
46:	0.00e+00	0.00e+00
47:	0.00e+00	0.00e+00
48:	0.00e+00	0.00e+00
49:	0.00e+00	0.00e+00
50:	0.00e+00	0.00e+00
51:	0.00e+00	0.00e+00
52:	0.00e+00	1.27e+01
53:	0.00e+00	1.27e+01
54:	0.00e+00	0.00e+00
55:	0.00e+00	0.00e+00
56:	0.00e+00	1.27e+01
57:	0.00e+00	1.27e+01
58:	0.00e+00	1.27e+01
59:	0.00e+00	1.27e+01
60:	0.00e+00	0.00e+00
61:	0.00e+00	0.00e+00
62:	0.00e+00	1.27e+01
63:	0.00e+00	1.27e+01
New op index: 31	$R_{YX-XY}$[1, 6]
Current grad: 10.000229197306433
New op index: 39	$R_{YX-XY}$[2, 5]
Current grad: 8.000731035985174
New op index: 45	$R_{YX-XY}$[3, 4]
Current grad: 2.001223415048334
New op index: 45	$R_{YX-XY}$[3, 4]
Current grad: 0.00011268479378223617
Precision cutoff reached.
Calculating energies for FreeWilson2D(N_x=2, N_y=2, mass=1.347, r=1.000)
h_im: 0.0
New op index: 21	$R_{YX-XY}$[0, 7]
Current grad: 8.0
0:	0.00e+00	0.00e+00
1:	0.00e+00	0.00e+00
2:	0.00e+00	0.00e+00
3:	0.00e+00	0.00e+00
4:	0.00e+00	0.00e+00
5:	0.00e+00	0.00e+00
6:	0.00e+00	0.00e+00
7:	0.00e+00	0.00e+00
8:	0.00e+00	-1.34e+01
9:	0.00e+00	-1.34e+01
10:	0.00e+00	0.00e+00
11:	0.00e+00	0.00e+00
12:	0.00e+00	-1.34e+01
13:	0.00e+00	-1.34e+01
14:	0.00e+00	0.00e+00
15:	0.00e+00	0.00e+00
16:	0.00e+00	0.00e+00
17:	0.00e+00	0.00e+00
18:	0.00e+00	0.00e+00
19:	0.00e+00	0.00e+00
20:	0.00e+00	0.00e+00
21:	-2.00e+00	0.00e+00
22:	0.00e+00	-1.34e+01
23:	0.00e+00	-1.34e+01
24:	0.00e+00	0.00e+00
25:	0.00e+00	0.00e+00
26:	0.00e+00	0.00e+00
27:	0.00e+00	0.00e+00
28:	0.00e+00	0.00e+00
29:	0.00e+00	0.00e+00
30:	0.00e+00	0.00e+00
31:	2.00e+00	0.00e+00
32:	0.00e+00	0.00e+00
33:	0.00e+00	0.00e+00
34:	0.00e+00	-1.34e+01
35:	0.00e+00	-1.34e+01
36:	0.00e+00	0.00e+00
37:	0.00e+00	0.00e+00
38:	0.00e+00	0.00e+00
39:	-2.00e+00	0.00e+00
40:	0.00e+00	0.00e+00
41:	0.00e+00	0.00e+00
42:	0.00e+00	0.00e+00
43:	0.00e+00	0.00e+00
44:	0.00e+00	0.00e+00
45:	2.00e+00	0.00e+00
46:	0.00e+00	0.00e+00
47:	0.00e+00	0.00e+00
48:	0.00e+00	0.00e+00
49:	0.00e+00	0.00e+00
50:	0.00e+00	0.00e+00
51:	0.00e+00	0.00e+00
52:	0.00e+00	1.34e+01
53:	0.00e+00	1.34e+01
54:	0.00e+00	0.00e+00
55:	0.00e+00	0.00e+00
56:	0.00e+00	1.34e+01
57:	0.00e+00	1.34e+01
58:	0.00e+00	1.34e+01
59:	0.00e+00	1.34e+01
60:	0.00e+00	0.00e+00
61:	0.00e+00	0.00e+00
62:	0.00e+00	1.34e+01
63:	0.00e+00	1.34e+01
New op index: 31	$R_{YX-XY}$[1, 6]
Current grad: 10.000222602239079
New op index: 39	$R_{YX-XY}$[2, 5]
Current grad: 8.000721546455184
New op index: 45	$R_{YX-XY}$[3, 4]
Current grad: 2.0012331609748255
New op index: 45	$R_{YX-XY}$[3, 4]
Current grad: 0.0001142857556602761
Precision cutoff reached.
Calculating energies for FreeWilson2D(N_x=2, N_y=2, mass=1.510, r=1.000)
h_im: 0.0
New op index: 21	$R_{YX-XY}$[0, 7]
Current grad: 8.0
0:	0.00e+00	0.00e+00
1:	0.00e+00	0.00e+00
2:	0.00e+00	0.00e+00
3:	0.00e+00	0.00e+00
4:	0.00e+00	0.00e+00
5:	0.00e+00	0.00e+00
6:	0.00e+00	0.00e+00
7:	0.00e+00	0.00e+00
8:	0.00e+00	-1.40e+01
9:	0.00e+00	-1.40e+01
10:	0.00e+00	0.00e+00
11:	0.00e+00	0.00e+00
12:	0.00e+00	-1.40e+01
13:	0.00e+00	-1.40e+01
14:	0.00e+00	0.00e+00
15:	0.00e+00	0.00e+00
16:	0.00e+00	0.00e+00
17:	0.00e+00	0.00e+00
18:	0.00e+00	0.00e+00
19:	0.00e+00	0.00e+00
20:	0.00e+00	0.00e+00
21:	-2.00e+00	0.00e+00
22:	0.00e+00	-1.40e+01
23:	0.00e+00	-1.40e+01
24:	0.00e+00	0.00e+00
25:	0.00e+00	0.00e+00
26:	0.00e+00	0.00e+00
27:	0.00e+00	0.00e+00
28:	0.00e+00	0.00e+00
29:	0.00e+00	0.00e+00
30:	0.00e+00	0.00e+00
31:	2.00e+00	0.00e+00
32:	0.00e+00	0.00e+00
33:	0.00e+00	0.00e+00
34:	0.00e+00	-1.40e+01
35:	0.00e+00	-1.40e+01
36:	0.00e+00	0.00e+00
37:	0.00e+00	0.00e+00
38:	0.00e+00	0.00e+00
39:	-2.00e+00	0.00e+00
40:	0.00e+00	0.00e+00
41:	0.00e+00	0.00e+00
42:	0.00e+00	0.00e+00
43:	0.00e+00	0.00e+00
44:	0.00e+00	0.00e+00
45:	2.00e+00	0.00e+00
46:	0.00e+00	0.00e+00
47:	0.00e+00	0.00e+00
48:	0.00e+00	0.00e+00
49:	0.00e+00	0.00e+00
50:	0.00e+00	0.00e+00
51:	0.00e+00	0.00e+00
52:	0.00e+00	1.40e+01
53:	0.00e+00	1.40e+01
54:	0.00e+00	0.00e+00
55:	0.00e+00	0.00e+00
56:	0.00e+00	1.40e+01
57:	0.00e+00	1.40e+01
58:	0.00e+00	1.40e+01
59:	0.00e+00	1.40e+01
60:	0.00e+00	0.00e+00
61:	0.00e+00	0.00e+00
62:	0.00e+00	1.40e+01
63:	0.00e+00	1.40e+01
New op index: 31	$R_{YX-XY}$[1, 6]
Current grad: 10.000226286936428
New op index: 39	$R_{YX-XY}$[2, 5]
Current grad: 8.000713440081638
New op index: 45	$R_{YX-XY}$[3, 4]
Current grad: 2.0012288514379306
New op index: 45	$R_{YX-XY}$[3, 4]
Current grad: 0.00011162878813804344
Precision cutoff reached.
Calculating energies for FreeWilson2D(N_x=2, N_y=2, mass=1.673, r=1.000)
h_im: 0.0
New op index: 21	$R_{YX-XY}$[0, 7]
Current grad: 8.0
0:	0.00e+00	0.00e+00
1:	0.00e+00	0.00e+00
2:	0.00e+00	0.00e+00
3:	0.00e+00	0.00e+00
4:	0.00e+00	0.00e+00
5:	0.00e+00	0.00e+00
6:	0.00e+00	0.00e+00
7:	0.00e+00	0.00e+00
8:	0.00e+00	-1.47e+01
9:	0.00e+00	-1.47e+01
10:	0.00e+00	0.00e+00
11:	0.00e+00	0.00e+00
12:	0.00e+00	-1.47e+01
13:	0.00e+00	-1.47e+01
14:	0.00e+00	0.00e+00
15:	0.00e+00	0.00e+00
16:	0.00e+00	0.00e+00
17:	0.00e+00	0.00e+00
18:	0.00e+00	0.00e+00
19:	0.00e+00	0.00e+00
20:	0.00e+00	0.00e+00
21:	-2.00e+00	0.00e+00
22:	0.00e+00	-1.47e+01
23:	0.00e+00	-1.47e+01
24:	0.00e+00	0.00e+00
25:	0.00e+00	0.00e+00
26:	0.00e+00	0.00e+00
27:	0.00e+00	0.00e+00
28:	0.00e+00	0.00e+00
29:	0.00e+00	0.00e+00
30:	0.00e+00	0.00e+00
31:	2.00e+00	0.00e+00
32:	0.00e+00	0.00e+00
33:	0.00e+00	0.00e+00
34:	0.00e+00	-1.47e+01
35:	0.00e+00	-1.47e+01
36:	0.00e+00	0.00e+00
37:	0.00e+00	0.00e+00
38:	0.00e+00	0.00e+00
39:	-2.00e+00	0.00e+00
40:	0.00e+00	0.00e+00
41:	0.00e+00	0.00e+00
42:	0.00e+00	0.00e+00
43:	0.00e+00	0.00e+00
44:	0.00e+00	0.00e+00
45:	2.00e+00	0.00e+00
46:	0.00e+00	0.00e+00
47:	0.00e+00	0.00e+00
48:	0.00e+00	0.00e+00
49:	0.00e+00	0.00e+00
50:	0.00e+00	0.00e+00
51:	0.00e+00	0.00e+00
52:	0.00e+00	1.47e+01
53:	0.00e+00	1.47e+01
54:	0.00e+00	0.00e+00
55:	0.00e+00	0.00e+00
56:	0.00e+00	1.47e+01
57:	0.00e+00	1.47e+01
58:	0.00e+00	1.47e+01
59:	0.00e+00	1.47e+01
60:	0.00e+00	0.00e+00
61:	0.00e+00	0.00e+00
62:	0.00e+00	1.47e+01
63:	0.00e+00	1.47e+01
New op index: 31	$R_{YX-XY}$[1, 6]
Current grad: 10.000225848123554
New op index: 39	$R_{YX-XY}$[2, 5]
Current grad: 8.000762303265603
New op index: 45	$R_{YX-XY}$[3, 4]
Current grad: 2.001315208875111
New op index: 45	$R_{YX-XY}$[3, 4]
Current grad: 0.00011514769127005109
Precision cutoff reached.
Calculating energies for FreeWilson2D(N_x=2, N_y=2, mass=1.837, r=1.000)
h_im: 0.0
New op index: 21	$R_{YX-XY}$[0, 7]
Current grad: 8.0
0:	0.00e+00	0.00e+00
1:	0.00e+00	0.00e+00
2:	0.00e+00	0.00e+00
3:	0.00e+00	0.00e+00
4:	0.00e+00	0.00e+00
5:	0.00e+00	0.00e+00
6:	0.00e+00	0.00e+00
7:	0.00e+00	0.00e+00
8:	0.00e+00	-1.53e+01
9:	0.00e+00	-1.53e+01
10:	0.00e+00	0.00e+00
11:	0.00e+00	0.00e+00
12:	0.00e+00	-1.53e+01
13:	0.00e+00	-1.53e+01
14:	0.00e+00	0.00e+00
15:	0.00e+00	0.00e+00
16:	0.00e+00	0.00e+00
17:	0.00e+00	0.00e+00
18:	0.00e+00	0.00e+00
19:	0.00e+00	0.00e+00
20:	0.00e+00	0.00e+00
21:	-2.00e+00	0.00e+00
22:	0.00e+00	-1.53e+01
23:	0.00e+00	-1.53e+01
24:	0.00e+00	0.00e+00
25:	0.00e+00	0.00e+00
26:	0.00e+00	0.00e+00
27:	0.00e+00	0.00e+00
28:	0.00e+00	0.00e+00
29:	0.00e+00	0.00e+00
30:	0.00e+00	0.00e+00
31:	2.00e+00	0.00e+00
32:	0.00e+00	0.00e+00
33:	0.00e+00	0.00e+00
34:	0.00e+00	-1.53e+01
35:	0.00e+00	-1.53e+01
36:	0.00e+00	0.00e+00
37:	0.00e+00	0.00e+00
38:	0.00e+00	0.00e+00
39:	-2.00e+00	0.00e+00
40:	0.00e+00	0.00e+00
41:	0.00e+00	0.00e+00
42:	0.00e+00	0.00e+00
43:	0.00e+00	0.00e+00
44:	0.00e+00	0.00e+00
45:	2.00e+00	0.00e+00
46:	0.00e+00	0.00e+00
47:	0.00e+00	0.00e+00
48:	0.00e+00	0.00e+00
49:	0.00e+00	0.00e+00
50:	0.00e+00	0.00e+00
51:	0.00e+00	0.00e+00
52:	0.00e+00	1.53e+01
53:	0.00e+00	1.53e+01
54:	0.00e+00	0.00e+00
55:	0.00e+00	0.00e+00
56:	0.00e+00	1.53e+01
57:	0.00e+00	1.53e+01
58:	0.00e+00	1.53e+01
59:	0.00e+00	1.53e+01
60:	0.00e+00	0.00e+00
61:	0.00e+00	0.00e+00
62:	0.00e+00	1.53e+01
63:	0.00e+00	1.53e+01
New op index: 31	$R_{YX-XY}$[1, 6]
Current grad: 10.000230596486047
New op index: 39	$R_{YX-XY}$[2, 5]
Current grad: 8.00071933187501
New op index: 45	$R_{YX-XY}$[3, 4]
Current grad: 2.0012771450005924
New op index: 45	$R_{YX-XY}$[3, 4]
Current grad: 0.0001149120184699981
Precision cutoff reached.
Calculating energies for FreeWilson2D(N_x=2, N_y=2, mass=2.000, r=1.000)
h_im: 0.0
New op index: 21	$R_{YX-XY}$[0, 7]
Current grad: 8.0
0:	0.00e+00	0.00e+00
1:	0.00e+00	0.00e+00
2:	0.00e+00	0.00e+00
3:	0.00e+00	0.00e+00
4:	0.00e+00	0.00e+00
5:	0.00e+00	0.00e+00
6:	0.00e+00	0.00e+00
7:	0.00e+00	0.00e+00
8:	0.00e+00	-1.60e+01
9:	0.00e+00	-1.60e+01
10:	0.00e+00	0.00e+00
11:	0.00e+00	0.00e+00
12:	0.00e+00	-1.60e+01
13:	0.00e+00	-1.60e+01
14:	0.00e+00	0.00e+00
15:	0.00e+00	0.00e+00
16:	0.00e+00	0.00e+00
17:	0.00e+00	0.00e+00
18:	0.00e+00	0.00e+00
19:	0.00e+00	0.00e+00
20:	0.00e+00	0.00e+00
21:	-2.00e+00	0.00e+00
22:	0.00e+00	-1.60e+01
23:	0.00e+00	-1.60e+01
24:	0.00e+00	0.00e+00
25:	0.00e+00	0.00e+00
26:	0.00e+00	0.00e+00
27:	0.00e+00	0.00e+00
28:	0.00e+00	0.00e+00
29:	0.00e+00	0.00e+00
30:	0.00e+00	0.00e+00
31:	2.00e+00	0.00e+00
32:	0.00e+00	0.00e+00
33:	0.00e+00	0.00e+00
34:	0.00e+00	-1.60e+01
35:	0.00e+00	-1.60e+01
36:	0.00e+00	0.00e+00
37:	0.00e+00	0.00e+00
38:	0.00e+00	0.00e+00
39:	-2.00e+00	0.00e+00
40:	0.00e+00	0.00e+00
41:	0.00e+00	0.00e+00
42:	0.00e+00	0.00e+00
43:	0.00e+00	0.00e+00
44:	0.00e+00	0.00e+00
45:	2.00e+00	0.00e+00
46:	0.00e+00	0.00e+00
47:	0.00e+00	0.00e+00
48:	0.00e+00	0.00e+00
49:	0.00e+00	0.00e+00
50:	0.00e+00	0.00e+00
51:	0.00e+00	0.00e+00
52:	0.00e+00	1.60e+01
53:	0.00e+00	1.60e+01
54:	0.00e+00	0.00e+00
55:	0.00e+00	0.00e+00
56:	0.00e+00	1.60e+01
57:	0.00e+00	1.60e+01
58:	0.00e+00	1.60e+01
59:	0.00e+00	1.60e+01
60:	0.00e+00	0.00e+00
61:	0.00e+00	0.00e+00
62:	0.00e+00	1.60e+01
63:	0.00e+00	1.60e+01
New op index: 31	$R_{YX-XY}$[1, 6]
Current grad: 10.000237801151435
New op index: 39	$R_{YX-XY}$[2, 5]
Current grad: 8.000709730011865
New op index: 45	$R_{YX-XY}$[3, 4]
Current grad: 2.001129897557244
New op index: 45	$R_{YX-XY}$[3, 4]
Current grad: 0.00010878202244407609
Precision cutoff reached.
-----Beginning pprint-----
/:
	Attributes:
		ProcessId: 23954761
	2025-11-18_16-34-57-23954761:
		Attributes:
			HamiltonianType: ZeroChargePenalty
			Last-Modified: 2025-11-18_16-34-57
			ProcessId: 23954761
			SimulatorType: Statevector
			SolverName: AdaptVQE
			SystemName: FreeWilson2D
			n_x: 2
			n_y: 2
			r: 1.0
		AdaptOptions:
			Attributes:
				gradient_hamiltonian_type: HamiltonianType.ZeroChargePenalty
				max_depth: 50
				prec_cutoff: 0.001
				precision: 0
		AnsatzOperatorDerivatives: Dataset (dtype=float64, shape=(50, 5, 64), maxshape=(50, None, 64))
			Attributes:
				DIMENSION_LABELS: ['mass' 'AnsatzOperatorAxis' 'AnsatzPoolOperatorAxis']
				NDataDims: 2
		AnsatzOperatorSecondDerivatives: Dataset (dtype=float64, shape=(50, 5, 64), maxshape=(50, None, 64))
			Attributes:
				DIMENSION_LABELS: ['mass' 'AnsatzOperatorAxis' 'AnsatzPoolOperatorAxis']
				NDataDims: 2
		AnsatzOperators: Dataset (dtype=int64, shape=(50, 4), maxshape=(50, None))
			Attributes:
				DIMENSION_LABELS: ['mass' 'AnsatzOperatorAxis']
				NDataDims: 1
		Circuit:
			Attributes:
				Ansatz: HardwareAdaptAnsatz18
			AnsatzOptions:
				Attributes:
					num_qubits: 8
		CircuitParameters: Dataset (dtype=float64, shape=(50, 70, 4), maxshape=(50, None, None))
			Attributes:
				DIMENSION_LABELS: ['mass' 'IterationAxis' 'CircuitParameterAxis']
				NDataDims: 2
		Data:
			Attributes:
			evs:
				Attributes:
				Hamiltonian: Dataset (dtype=float64, shape=(50, 70), maxshape=(50, None))
					Attributes:
						DIMENSION_LABELS: ['mass' 'IterationAxis']
						NDataDims: 1
			stds:
				Attributes:
				Hamiltonian: Dataset (dtype=float64, shape=(50, 70), maxshape=(50, None))
					Attributes:
						DIMENSION_LABELS: ['mass' 'IterationAxis']
						NDataDims: 1
		EstimatorOptions:
			Attributes:
				_VERSION: 2
				default_precision: Unset
				default_shots: Unset
				experimental: Unset
				max_execution_time: Unset
				resilience_level: Unset
				seed_estimator: 23954761
			dynamical_decoupling:
				Attributes:
					enable: Unset
					extra_slack_distribution: Unset
					scheduling_method: Unset
					sequence_type: Unset
					skip_reset_qubits: Unset
			environment:
				Attributes:
					callback: None
					job_tags: None
					log_level: WARNING
					private: False
			execution:
				Attributes:
					init_qubits: Unset
					rep_delay: Unset
			resilience:
				Attributes:
					layer_noise_model: Unset
					measure_mitigation: Unset
					pec_mitigation: Unset
					zne_mitigation: Unset
				layer_noise_learning:
					Attributes:
						layer_pair_depths: Unset
						max_layers_to_learn: Unset
						num_randomizations: Unset
						shots_per_randomization: Unset
				measure_noise_learning:
					Attributes:
						num_randomizations: Unset
						shots_per_randomization: Unset
				pec:
					Attributes:
						max_overhead: Unset
						noise_gain: Unset
				zne:
					Attributes:
						amplifier: Unset
						extrapolated_noise_factors: Unset
						extrapolator: Unset
						noise_factors: Unset
			simulator:
				Attributes:
					basis_gates: Unset
					coupling_map: Unset
					noise_model: Unset
					seed_simulator: Unset
			twirling:
				Attributes:
					enable_gates: Unset
					enable_measure: Unset
					num_randomizations: Unset
					shots_per_randomization: Unset
					strategy: Unset
		MetaData:
			Attributes:
			circuit_metadata: Dataset (dtype=object, shape=(50, 70), maxshape=(50, None))
				Attributes:
					DIMENSION_LABELS: ['mass' 'IterationAxis']
					NDataDims: 1
			target_precision: Dataset (dtype=float64, shape=(50, 70), maxshape=(50, None))
				Attributes:
					DIMENSION_LABELS: ['mass' 'IterationAxis']
					NDataDims: 1
			version: Dataset (dtype=int64, shape=(50, 70), maxshape=(50, None))
				Attributes:
					DIMENSION_LABELS: ['mass' 'IterationAxis']
					NDataDims: 1
		NIterations: Dataset (dtype=int64, shape=(50,), maxshape=(50,))
			Attributes:
				DIMENSION_LABELS: ['mass']
				NDataDims: 0
		OptimizerOptions:
			Attributes:
				bounds: None
				callback: None
				constraints: []
				method: slsqp
				tol: None
				x0Seed: 23954761
			options:
				Attributes:
					disp: 0
					maxiter: 20000
		PresetPassManagerOptions:
			Attributes:
		SimulatorOptions:
			Attributes:
		StartIterations: Dataset (dtype=int64, shape=(50, 4), maxshape=(50, None))
			Attributes:
				DIMENSION_LABELS: ['mass' 'AnsatzOperatorAxis']
				NDataDims: 1
		VersionInfo:
			Attributes:
				QiskitAerVersion: 0.17.1
				QiskitIBMRuntimeVersion: 0.41.1
				QiskitVersion: 2.1.2
		mass: Dataset (dtype=float64, shape=(50,), maxshape=(50,))
			Attributes:
-----Ending pprint-----
End 2025-11-18 16:35:56 | 23954761 MyPyJob | lmnode207 | /home/s6nidich_hpc/PycharmProjects/QC-MasterThesis 

