Start 2025-11-13 16:21:58 | 23863126 MyPyJob | node078 | /home/s6nidich_hpc/PycharmProjects/QC-MasterThesis 

Used python interpreter:
/home/s6nidich_hpc/PycharmProjects/QC-MasterThesis/.venv_intel_3_12_3/bin/python
Python version:
Python 3.12.3

Currently Loaded Modules:
  1) GCCcore/13.3.0                   7) Tcl/8.6.14-GCCcore-13.3.0
  2) zlib/1.3.1-GCCcore-13.3.0        8) SQLite/3.45.3-GCCcore-13.3.0
  3) binutils/2.42-GCCcore-13.3.0     9) XZ/5.4.5-GCCcore-13.3.0
  4) bzip2/1.0.8-GCCcore-13.3.0      10) libffi/3.4.5-GCCcore-13.3.0
  5) ncurses/6.5-GCCcore-13.3.0      11) OpenSSL/3
  6) libreadline/8.2-GCCcore-13.3.0  12) Python/3.12.3-GCCcore-13.3.0

 

Start of Program:

-----Beginning pprint-----
/:
	Attributes:
-----Ending pprint-----
Calculating energies for FreeWilson2D(N_x=2, N_y=2, mass=-6.000, r=1.000)
h_im: 0.0
New op index: 27
Current grad: 45.99999999999994
0:	0.00e+00	0.00e+00
1:	-2.00e+00	0.00e+00
2:	0.00e+00	0.00e+00
3:	0.00e+00	0.00e+00
4:	2.50e+00	0.00e+00
5:	0.00e+00	0.00e+00
6:	0.00e+00	0.00e+00
7:	-2.50e+00	0.00e+00
8:	0.00e+00	0.00e+00
9:	0.00e+00	0.00e+00
10:	2.00e+00	-5.00e-01
11:	0.00e+00	-5.00e-01
12:	0.00e+00	0.00e+00
13:	2.00e+00	-5.00e-01
14:	0.00e+00	-5.00e-01
15:	0.00e+00	0.00e+00
16:	-2.50e+00	0.00e+00
17:	0.00e+00	0.00e+00
18:	0.00e+00	0.00e+00
19:	2.50e+00	0.00e+00
20:	0.00e+00	0.00e+00
21:	0.00e+00	0.00e+00
22:	-2.00e+00	0.00e+00
23:	0.00e+00	0.00e+00
24:	0.00e+00	0.00e+00
25:	-4.50e+00	0.00e+00
26:	0.00e+00	0.00e+00
27:	5.00e+00	0.00e+00
28:	0.00e+00	-5.00e-01
29:	-4.50e+00	-5.00e-01
30:	0.00e+00	0.00e+00
31:	0.00e+00	-2.00e+00
32:	0.00e+00	-5.00e-01
33:	4.50e+00	-5.00e-01
34:	0.00e+00	0.00e+00
35:	-5.00e+00	0.00e+00
36:	0.00e+00	0.00e+00
37:	4.50e+00	0.00e+00
New op index: 7
Current grad: 111.24419248058709
New op index: 27
Current grad: 38.59221641317363
New op index: 35
Current grad: 27.92545274238538
New op index: 16
Current grad: 93.16914841600344
New op index: 35
Current grad: 20.523893936893646
New op index: 10
Current grad: 9.85495781045502
New op index: 1
Current grad: 148.47168540584144
New op index: 13
Current grad: 5.944580166432022
New op index: 22
Current grad: 52.01151534567106
New op index: 22
Current grad: 0.002101658543355237
Adding the same operator twice is not sensible, terminating.
Calculating energies for FreeWilson2D(N_x=2, N_y=2, mass=-5.837, r=1.000)
h_im: 0.0
New op index: 27
Current grad: 44.367346938775455
0:	0.00e+00	0.00e+00
1:	-1.92e+00	0.00e+00
2:	0.00e+00	0.00e+00
3:	0.00e+00	0.00e+00
4:	2.42e+00	0.00e+00
5:	0.00e+00	0.00e+00
6:	0.00e+00	0.00e+00
7:	-2.42e+00	0.00e+00
8:	0.00e+00	0.00e+00
9:	0.00e+00	0.00e+00
10:	1.92e+00	-5.00e-01
11:	0.00e+00	-5.00e-01
12:	0.00e+00	0.00e+00
13:	1.92e+00	-5.00e-01
14:	0.00e+00	-5.00e-01
15:	0.00e+00	0.00e+00
16:	-2.42e+00	0.00e+00
17:	0.00e+00	0.00e+00
18:	0.00e+00	0.00e+00
19:	2.42e+00	0.00e+00
20:	0.00e+00	0.00e+00
21:	0.00e+00	0.00e+00
22:	-1.92e+00	0.00e+00
23:	0.00e+00	0.00e+00
24:	0.00e+00	0.00e+00
25:	-4.34e+00	0.00e+00
26:	0.00e+00	0.00e+00
27:	4.84e+00	0.00e+00
28:	0.00e+00	-5.00e-01
29:	-4.34e+00	-5.00e-01
30:	0.00e+00	0.00e+00
31:	0.00e+00	-2.00e+00
32:	0.00e+00	-5.00e-01
33:	4.34e+00	-5.00e-01
34:	0.00e+00	0.00e+00
35:	-4.84e+00	0.00e+00
36:	0.00e+00	0.00e+00
37:	4.34e+00	0.00e+00
New op index: 4
Current grad: 110.11530353485655
New op index: 27
Current grad: 37.24091094211292
New op index: 35
Current grad: 26.94895939709458
New op index: 19
Current grad: 92.69735767153067
New op index: 35
Current grad: 19.8286718682336
New op index: 10
Current grad: 9.531273787515165
New op index: 1
Current grad: 148.18886344783994
New op index: 13
Current grad: 5.784860306249364
New op index: 22
Current grad: 51.92710989218657
New op index: 16
Current grad: 0.010173436822262103
New op index: 27
Current grad: 0.0047541988372480125
Adding the same operator twice is not sensible, terminating.
Calculating energies for FreeWilson2D(N_x=2, N_y=2, mass=-5.673, r=1.000)
h_im: 0.0
New op index: 27
Current grad: 42.73469387755097
0:	0.00e+00	0.00e+00
1:	-1.84e+00	0.00e+00
2:	0.00e+00	0.00e+00
3:	0.00e+00	0.00e+00
4:	2.34e+00	0.00e+00
5:	0.00e+00	0.00e+00
6:	0.00e+00	0.00e+00
7:	-2.34e+00	0.00e+00
8:	0.00e+00	0.00e+00
9:	0.00e+00	0.00e+00
10:	1.84e+00	-5.00e-01
11:	0.00e+00	-5.00e-01
12:	0.00e+00	0.00e+00
13:	1.84e+00	-5.00e-01
14:	0.00e+00	-5.00e-01
15:	0.00e+00	0.00e+00
16:	-2.34e+00	0.00e+00
17:	0.00e+00	0.00e+00
18:	0.00e+00	0.00e+00
19:	2.34e+00	0.00e+00
20:	0.00e+00	0.00e+00
21:	0.00e+00	0.00e+00
22:	-1.84e+00	0.00e+00
23:	0.00e+00	0.00e+00
24:	0.00e+00	0.00e+00
25:	-4.17e+00	0.00e+00
26:	0.00e+00	0.00e+00
27:	4.67e+00	0.00e+00
28:	0.00e+00	-5.00e-01
29:	-4.17e+00	-5.00e-01
30:	0.00e+00	0.00e+00
31:	0.00e+00	-2.00e+00
32:	0.00e+00	-5.00e-01
33:	4.17e+00	-5.00e-01
34:	0.00e+00	0.00e+00
35:	-4.67e+00	0.00e+00
36:	0.00e+00	0.00e+00
37:	4.17e+00	0.00e+00
New op index: 7
Current grad: 109.00135966380678
New op index: 27
Current grad: 35.89120980440081
New op index: 35
Current grad: 25.97251694379785
New op index: 19
Current grad: 92.24185793113018
New op index: 35
Current grad: 19.135372989841837
New op index: 10
Current grad: 9.214061106426415
New op index: 1
Current grad: 147.89296755619287
New op index: 13
Current grad: 5.644966485206752
New op index: 22
Current grad: 51.843028249789754
New op index: 4
Current grad: 0.007038406628991527
New op index: 4
Current grad: 0.0023593817354779965
Adding the same operator twice is not sensible, terminating.
Calculating energies for FreeWilson2D(N_x=2, N_y=2, mass=-5.510, r=1.000)
h_im: 0.0
New op index: 27
Current grad: 41.10204081632648
0:	0.00e+00	0.00e+00
1:	-1.76e+00	0.00e+00
2:	0.00e+00	0.00e+00
3:	0.00e+00	0.00e+00
4:	2.26e+00	0.00e+00
5:	0.00e+00	0.00e+00
6:	0.00e+00	0.00e+00
7:	-2.26e+00	0.00e+00
8:	0.00e+00	0.00e+00
9:	0.00e+00	0.00e+00
10:	1.76e+00	-5.00e-01
11:	0.00e+00	-5.00e-01
12:	0.00e+00	0.00e+00
13:	1.76e+00	-5.00e-01
14:	0.00e+00	-5.00e-01
15:	0.00e+00	0.00e+00
16:	-2.26e+00	0.00e+00
17:	0.00e+00	0.00e+00
18:	0.00e+00	0.00e+00
19:	2.26e+00	0.00e+00
20:	0.00e+00	0.00e+00
21:	0.00e+00	0.00e+00
22:	-1.76e+00	0.00e+00
23:	0.00e+00	0.00e+00
24:	0.00e+00	0.00e+00
25:	-4.01e+00	0.00e+00
26:	0.00e+00	0.00e+00
27:	4.51e+00	0.00e+00
28:	0.00e+00	-5.00e-01
29:	-4.01e+00	-5.00e-01
30:	0.00e+00	0.00e+00
31:	0.00e+00	-2.00e+00
32:	0.00e+00	-5.00e-01
33:	4.01e+00	-5.00e-01
34:	0.00e+00	0.00e+00
35:	-4.51e+00	0.00e+00
36:	0.00e+00	0.00e+00
37:	4.01e+00	0.00e+00
New op index: 4
Current grad: 107.90449363294378
New op index: 27
Current grad: 34.54309591142312
New op index: 35
Current grad: 24.999974744992294
New op index: 19
Current grad: 91.79811561965792
New op index: 35
Current grad: 18.444109765134513
New op index: 1
Current grad: 8.896138868157394
New op index: 10
Current grad: 146.86942475884405
New op index: 13
Current grad: 5.448310312117199
New op index: 22
Current grad: 51.761511729200585
New op index: 10
Current grad: 0.003135104450808422
Adding the same operator twice is not sensible, terminating.
Calculating energies for FreeWilson2D(N_x=2, N_y=2, mass=-5.347, r=1.000)
h_im: 0.0
New op index: 27
Current grad: 39.46938775510199
0:	0.00e+00	0.00e+00
1:	-1.67e+00	0.00e+00
2:	0.00e+00	0.00e+00
3:	0.00e+00	0.00e+00
4:	2.17e+00	0.00e+00
5:	0.00e+00	0.00e+00
6:	0.00e+00	0.00e+00
7:	-2.17e+00	0.00e+00
8:	0.00e+00	0.00e+00
9:	0.00e+00	0.00e+00
10:	1.67e+00	-5.00e-01
11:	0.00e+00	-5.00e-01
12:	0.00e+00	0.00e+00
13:	1.67e+00	-5.00e-01
14:	0.00e+00	-5.00e-01
15:	0.00e+00	0.00e+00
16:	-2.17e+00	0.00e+00
17:	0.00e+00	0.00e+00
18:	0.00e+00	0.00e+00
19:	2.17e+00	0.00e+00
20:	0.00e+00	0.00e+00
21:	0.00e+00	0.00e+00
22:	-1.67e+00	0.00e+00
23:	0.00e+00	0.00e+00
24:	0.00e+00	0.00e+00
25:	-3.85e+00	0.00e+00
26:	0.00e+00	0.00e+00
27:	4.35e+00	0.00e+00
28:	0.00e+00	-5.00e-01
29:	-3.85e+00	-5.00e-01
30:	0.00e+00	0.00e+00
31:	0.00e+00	-2.00e+00
32:	0.00e+00	-5.00e-01
33:	3.85e+00	-5.00e-01
34:	0.00e+00	0.00e+00
35:	-4.35e+00	0.00e+00
36:	0.00e+00	0.00e+00
37:	3.85e+00	0.00e+00
New op index: 7
Current grad: 106.82677261470282
New op index: 27
Current grad: 33.19662151047592
New op index: 35
Current grad: 24.019741612170165
New op index: 19
Current grad: 91.37902507388793
New op index: 35
Current grad: 17.75473852853504
New op index: 22
Current grad: 8.570067983996363
New op index: 10
Current grad: 146.23168521154315
New op index: 13
Current grad: 4.365732193240054
New op index: 1
Current grad: 51.6817780356998
New op index: 22
Current grad: 0.007894131849294711
Adding the same operator twice is not sensible, terminating.
Calculating energies for FreeWilson2D(N_x=2, N_y=2, mass=-5.184, r=1.000)
h_im: 0.0
New op index: 27
Current grad: 37.8367346938775
0:	0.00e+00	0.00e+00
1:	-1.59e+00	0.00e+00
2:	0.00e+00	0.00e+00
3:	0.00e+00	0.00e+00
4:	2.09e+00	0.00e+00
5:	0.00e+00	0.00e+00
6:	0.00e+00	0.00e+00
7:	-2.09e+00	0.00e+00
8:	0.00e+00	0.00e+00
9:	0.00e+00	0.00e+00
10:	1.59e+00	-5.00e-01
11:	0.00e+00	-5.00e-01
12:	0.00e+00	0.00e+00
13:	1.59e+00	-5.00e-01
14:	0.00e+00	-5.00e-01
15:	0.00e+00	0.00e+00
16:	-2.09e+00	0.00e+00
17:	0.00e+00	0.00e+00
18:	0.00e+00	0.00e+00
19:	2.09e+00	0.00e+00
20:	0.00e+00	0.00e+00
21:	0.00e+00	0.00e+00
22:	-1.59e+00	0.00e+00
23:	0.00e+00	0.00e+00
24:	0.00e+00	0.00e+00
25:	-3.68e+00	0.00e+00
26:	0.00e+00	0.00e+00
27:	4.18e+00	0.00e+00
28:	0.00e+00	-5.00e-01
29:	-3.68e+00	-5.00e-01
30:	0.00e+00	0.00e+00
31:	0.00e+00	-2.00e+00
32:	0.00e+00	-5.00e-01
33:	3.68e+00	-5.00e-01
34:	0.00e+00	0.00e+00
35:	-4.18e+00	0.00e+00
36:	0.00e+00	0.00e+00
37:	3.68e+00	0.00e+00
New op index: 4
Current grad: 105.77026970826587
New op index: 27
Current grad: 31.85181577899956
New op index: 35
Current grad: 23.043330855353368
New op index: 19
Current grad: 90.97705066301886
New op index: 35
Current grad: 17.061135959721252
New op index: 22
Current grad: 8.257241185930752
New op index: 10
Current grad: 145.51231157086565
New op index: 13
Current grad: 4.202666723739121
New op index: 1
Current grad: 51.60128319076236
New op index: 13
Current grad: 0.000884619188743756
Precision cutoff reached.
Calculating energies for FreeWilson2D(N_x=2, N_y=2, mass=-5.020, r=1.000)
h_im: 0.0
New op index: 27
Current grad: 36.204081632653015
0:	0.00e+00	0.00e+00
1:	-1.51e+00	0.00e+00
2:	0.00e+00	0.00e+00
3:	0.00e+00	0.00e+00
4:	2.01e+00	0.00e+00
5:	0.00e+00	0.00e+00
6:	0.00e+00	0.00e+00
7:	-2.01e+00	0.00e+00
8:	0.00e+00	0.00e+00
9:	0.00e+00	0.00e+00
10:	1.51e+00	-5.00e-01
11:	0.00e+00	-5.00e-01
12:	0.00e+00	0.00e+00
13:	1.51e+00	-5.00e-01
14:	0.00e+00	-5.00e-01
15:	0.00e+00	0.00e+00
16:	-2.01e+00	0.00e+00
17:	0.00e+00	0.00e+00
18:	0.00e+00	0.00e+00
19:	2.01e+00	0.00e+00
20:	0.00e+00	0.00e+00
21:	0.00e+00	0.00e+00
22:	-1.51e+00	0.00e+00
23:	0.00e+00	0.00e+00
24:	0.00e+00	0.00e+00
25:	-3.52e+00	0.00e+00
26:	0.00e+00	0.00e+00
27:	4.02e+00	0.00e+00
28:	0.00e+00	-5.00e-01
29:	-3.52e+00	-5.00e-01
30:	0.00e+00	0.00e+00
31:	0.00e+00	-2.00e+00
32:	0.00e+00	-5.00e-01
33:	3.52e+00	-5.00e-01
34:	0.00e+00	0.00e+00
35:	-4.02e+00	0.00e+00
36:	0.00e+00	0.00e+00
37:	3.52e+00	0.00e+00
New op index: 7
Current grad: 104.73846280986953
New op index: 27
Current grad: 30.50870816540001
New op index: 35
Current grad: 22.06733353675279
New op index: 16
Current grad: 90.60626926578439
New op index: 35
Current grad: 16.372737956861425
New op index: 10
Current grad: 7.930680687941591
New op index: 1
Current grad: 146.6835712398037
New op index: 13
Current grad: 4.964966725738261
New op index: 22
Current grad: 51.512707790722224
New op index: 19
Current grad: 0.004362830698287375
New op index: 1
Current grad: 0.0018469225261882373
Adding the same operator twice is not sensible, terminating.
Calculating energies for FreeWilson2D(N_x=2, N_y=2, mass=-4.857, r=1.000)
h_im: 0.0
New op index: 27
Current grad: 34.571428571428534
0:	0.00e+00	0.00e+00
1:	-1.43e+00	0.00e+00
2:	0.00e+00	0.00e+00
3:	0.00e+00	0.00e+00
4:	1.93e+00	0.00e+00
5:	0.00e+00	0.00e+00
6:	0.00e+00	0.00e+00
7:	-1.93e+00	0.00e+00
8:	0.00e+00	0.00e+00
9:	0.00e+00	0.00e+00
10:	1.43e+00	-5.00e-01
11:	0.00e+00	-5.00e-01
12:	0.00e+00	0.00e+00
13:	1.43e+00	-5.00e-01
14:	0.00e+00	-5.00e-01
15:	0.00e+00	0.00e+00
16:	-1.93e+00	0.00e+00
17:	0.00e+00	0.00e+00
18:	0.00e+00	0.00e+00
19:	1.93e+00	0.00e+00
20:	0.00e+00	0.00e+00
21:	0.00e+00	0.00e+00
22:	-1.43e+00	0.00e+00
23:	0.00e+00	0.00e+00
24:	0.00e+00	0.00e+00
25:	-3.36e+00	0.00e+00
26:	0.00e+00	0.00e+00
27:	3.86e+00	0.00e+00
28:	0.00e+00	-5.00e-01
29:	-3.36e+00	-5.00e-01
30:	0.00e+00	0.00e+00
31:	0.00e+00	-2.00e+00
32:	0.00e+00	-5.00e-01
33:	3.36e+00	-5.00e-01
34:	0.00e+00	0.00e+00
35:	-3.86e+00	0.00e+00
36:	0.00e+00	0.00e+00
37:	3.36e+00	0.00e+00
New op index: 7
Current grad: 103.73459975981189
New op index: 27
Current grad: 29.167316910352657
New op index: 35
Current grad: 21.090649162635216
New op index: 19
Current grad: 90.25401418514372
New op index: 35
Current grad: 15.686947101130404
New op index: 22
Current grad: 7.610073640907569
New op index: 10
Current grad: 143.72712057917693
New op index: 13
Current grad: 3.8779161136724123
New op index: 1
Current grad: 51.43132738476322
New op index: 1
Current grad: 0.015443213162009122
Adding the same operator twice is not sensible, terminating.
Calculating energies for FreeWilson2D(N_x=2, N_y=2, mass=-4.694, r=1.000)
h_im: 0.0
New op index: 27
Current grad: 32.938775510204046
0:	0.00e+00	0.00e+00
1:	-1.35e+00	0.00e+00
2:	0.00e+00	0.00e+00
3:	0.00e+00	0.00e+00
4:	1.85e+00	0.00e+00
5:	0.00e+00	0.00e+00
6:	0.00e+00	0.00e+00
7:	-1.85e+00	0.00e+00
8:	0.00e+00	0.00e+00
9:	0.00e+00	0.00e+00
10:	1.35e+00	-5.00e-01
11:	0.00e+00	-5.00e-01
12:	0.00e+00	0.00e+00
13:	1.35e+00	-5.00e-01
14:	0.00e+00	-5.00e-01
15:	0.00e+00	0.00e+00
16:	-1.85e+00	0.00e+00
17:	0.00e+00	0.00e+00
18:	0.00e+00	0.00e+00
19:	1.85e+00	0.00e+00
20:	0.00e+00	0.00e+00
21:	0.00e+00	0.00e+00
22:	-1.35e+00	0.00e+00
23:	0.00e+00	0.00e+00
24:	0.00e+00	0.00e+00
25:	-3.19e+00	0.00e+00
26:	0.00e+00	0.00e+00
27:	3.69e+00	0.00e+00
28:	0.00e+00	-5.00e-01
29:	-3.19e+00	-5.00e-01
30:	0.00e+00	0.00e+00
31:	0.00e+00	-2.00e+00
32:	0.00e+00	-5.00e-01
33:	3.19e+00	-5.00e-01
34:	0.00e+00	0.00e+00
35:	-3.69e+00	0.00e+00
36:	0.00e+00	0.00e+00
37:	3.19e+00	0.00e+00
New op index: 7
Current grad: 102.78517505229853
New op index: 27
Current grad: 27.827676614432715
New op index: 35
Current grad: 20.11726441118813
New op index: 16
Current grad: 89.93903655581147
New op index: 35
Current grad: 15.00337523153214
New op index: 10
Current grad: 7.289973185721999
New op index: 1
Current grad: 146.00703643008342
New op index: 13
Current grad: 4.65072794768313
New op index: 22
Current grad: 51.352128880694984
New op index: 10
Current grad: 0.0006185267888057104
Precision cutoff reached.
Calculating energies for FreeWilson2D(N_x=2, N_y=2, mass=-4.531, r=1.000)
h_im: 0.0
New op index: 27
Current grad: 31.306122448979558
0:	0.00e+00	0.00e+00
1:	-1.27e+00	0.00e+00
2:	0.00e+00	0.00e+00
3:	0.00e+00	0.00e+00
4:	1.77e+00	0.00e+00
5:	0.00e+00	0.00e+00
6:	0.00e+00	0.00e+00
7:	-1.77e+00	0.00e+00
8:	0.00e+00	0.00e+00
9:	0.00e+00	0.00e+00
10:	1.27e+00	-5.00e-01
11:	0.00e+00	-5.00e-01
12:	0.00e+00	0.00e+00
13:	1.27e+00	-5.00e-01
14:	0.00e+00	-5.00e-01
15:	0.00e+00	0.00e+00
16:	-1.77e+00	0.00e+00
17:	0.00e+00	0.00e+00
18:	0.00e+00	0.00e+00
19:	1.77e+00	0.00e+00
20:	0.00e+00	0.00e+00
21:	0.00e+00	0.00e+00
22:	-1.27e+00	0.00e+00
23:	0.00e+00	0.00e+00
24:	0.00e+00	0.00e+00
25:	-3.03e+00	0.00e+00
26:	0.00e+00	0.00e+00
27:	3.53e+00	0.00e+00
28:	0.00e+00	-5.00e-01
29:	-3.03e+00	-5.00e-01
30:	0.00e+00	0.00e+00
31:	0.00e+00	-2.00e+00
32:	0.00e+00	-5.00e-01
33:	3.03e+00	-5.00e-01
34:	0.00e+00	0.00e+00
35:	-3.53e+00	0.00e+00
36:	0.00e+00	0.00e+00
37:	3.03e+00	0.00e+00
New op index: 4
Current grad: 101.84287310781322
New op index: 27
Current grad: 26.489828250781976
New op index: 35
Current grad: 19.13950305176859
New op index: 19
Current grad: 89.65998305532476
New op index: 35
Current grad: 14.321725892313157
New op index: 1
Current grad: 6.979276637878446
New op index: 10
Current grad: 141.36214823534834
New op index: 13
Current grad: 4.485968482275929
New op index: 22
Current grad: 51.27006990700024
New op index: 27
Current grad: 0.0018879360933652144
Adding the same operator twice is not sensible, terminating.
Calculating energies for FreeWilson2D(N_x=2, N_y=2, mass=-4.367, r=1.000)
h_im: 0.0
New op index: 27
Current grad: 29.673469387755063
0:	0.00e+00	0.00e+00
1:	-1.18e+00	0.00e+00
2:	0.00e+00	0.00e+00
3:	0.00e+00	0.00e+00
4:	1.68e+00	0.00e+00
5:	0.00e+00	0.00e+00
6:	0.00e+00	0.00e+00
7:	-1.68e+00	0.00e+00
8:	0.00e+00	0.00e+00
9:	0.00e+00	0.00e+00
10:	1.18e+00	-5.00e-01
11:	0.00e+00	-5.00e-01
12:	0.00e+00	0.00e+00
13:	1.18e+00	-5.00e-01
14:	0.00e+00	-5.00e-01
15:	0.00e+00	0.00e+00
16:	-1.68e+00	0.00e+00
17:	0.00e+00	0.00e+00
18:	0.00e+00	0.00e+00
19:	1.68e+00	0.00e+00
20:	0.00e+00	0.00e+00
21:	0.00e+00	0.00e+00
22:	-1.18e+00	0.00e+00
23:	0.00e+00	0.00e+00
24:	0.00e+00	0.00e+00
25:	-2.87e+00	0.00e+00
26:	0.00e+00	0.00e+00
27:	3.37e+00	0.00e+00
28:	0.00e+00	-5.00e-01
29:	-2.87e+00	-5.00e-01
30:	0.00e+00	0.00e+00
31:	0.00e+00	-2.00e+00
32:	0.00e+00	-5.00e-01
33:	2.87e+00	-5.00e-01
34:	0.00e+00	0.00e+00
35:	-3.37e+00	0.00e+00
36:	0.00e+00	0.00e+00
37:	2.87e+00	0.00e+00
New op index: 4
Current grad: 100.93554704739043
New op index: 27
Current grad: 25.1537946571954
New op index: 35
Current grad: 18.163107932923708
New op index: 19
Current grad: 89.42323732928396
New op index: 35
Current grad: 13.642674007920844
New op index: 10
Current grad: 6.650294156356355
New op index: 1
Current grad: 145.23868745027906
New op index: 13
Current grad: 4.329241969845622
New op index: 22
Current grad: 51.1892494068442
New op index: 7
Current grad: 0.010646174088849852
New op index: 10
Current grad: 0.004046277417719937
Adding the same operator twice is not sensible, terminating.
Calculating energies for FreeWilson2D(N_x=2, N_y=2, mass=-4.204, r=1.000)
h_im: 0.0
New op index: 27
Current grad: 28.040816326530575
0:	0.00e+00	0.00e+00
1:	-1.10e+00	0.00e+00
2:	0.00e+00	0.00e+00
3:	0.00e+00	0.00e+00
4:	1.60e+00	0.00e+00
5:	0.00e+00	0.00e+00
6:	0.00e+00	0.00e+00
7:	-1.60e+00	0.00e+00
8:	0.00e+00	0.00e+00
9:	0.00e+00	0.00e+00
10:	1.10e+00	-5.00e-01
11:	0.00e+00	-5.00e-01
12:	0.00e+00	0.00e+00
13:	1.10e+00	-5.00e-01
14:	0.00e+00	-5.00e-01
15:	0.00e+00	0.00e+00
16:	-1.60e+00	0.00e+00
17:	0.00e+00	0.00e+00
18:	0.00e+00	0.00e+00
19:	1.60e+00	0.00e+00
20:	0.00e+00	0.00e+00
21:	0.00e+00	0.00e+00
22:	-1.10e+00	0.00e+00
23:	0.00e+00	0.00e+00
24:	0.00e+00	0.00e+00
25:	-2.70e+00	0.00e+00
26:	0.00e+00	0.00e+00
27:	3.20e+00	0.00e+00
28:	0.00e+00	-5.00e-01
29:	-2.70e+00	-5.00e-01
30:	0.00e+00	0.00e+00
31:	0.00e+00	-2.00e+00
32:	0.00e+00	-5.00e-01
33:	2.70e+00	-5.00e-01
34:	0.00e+00	0.00e+00
35:	-3.20e+00	0.00e+00
36:	0.00e+00	0.00e+00
37:	2.70e+00	0.00e+00
New op index: 7
Current grad: 100.09910629828946
New op index: 27
Current grad: 23.819444554298126
New op index: 35
Current grad: 17.187138460041577
New op index: 16
Current grad: 89.23991063175573
New op index: 35
Current grad: 12.964318419920907
New op index: 22
Current grad: 6.335076419650782
New op index: 10
Current grad: 138.0496279867816
New op index: 13
Current grad: 3.224873249680918
New op index: 1
Current grad: 51.10820976651346
New op index: 10
Current grad: 0.02670390707065403
Adding the same operator twice is not sensible, terminating.
Calculating energies for FreeWilson2D(N_x=2, N_y=2, mass=-4.041, r=1.000)
h_im: 0.0
New op index: 27
Current grad: 26.408163265306086
0:	0.00e+00	0.00e+00
1:	-1.02e+00	0.00e+00
2:	0.00e+00	0.00e+00
3:	0.00e+00	0.00e+00
4:	1.52e+00	0.00e+00
5:	0.00e+00	0.00e+00
6:	0.00e+00	0.00e+00
7:	-1.52e+00	0.00e+00
8:	0.00e+00	0.00e+00
9:	0.00e+00	0.00e+00
10:	1.02e+00	-5.00e-01
11:	0.00e+00	-5.00e-01
12:	0.00e+00	0.00e+00
13:	1.02e+00	-5.00e-01
14:	0.00e+00	-5.00e-01
15:	0.00e+00	0.00e+00
16:	-1.52e+00	0.00e+00
17:	0.00e+00	0.00e+00
18:	0.00e+00	0.00e+00
19:	1.52e+00	0.00e+00
20:	0.00e+00	0.00e+00
21:	0.00e+00	0.00e+00
22:	-1.02e+00	0.00e+00
23:	0.00e+00	0.00e+00
24:	0.00e+00	0.00e+00
25:	-2.54e+00	0.00e+00
26:	0.00e+00	0.00e+00
27:	3.04e+00	0.00e+00
28:	0.00e+00	-5.00e-01
29:	-2.54e+00	-5.00e-01
30:	0.00e+00	0.00e+00
31:	0.00e+00	-2.00e+00
32:	0.00e+00	-5.00e-01
33:	2.54e+00	-5.00e-01
34:	0.00e+00	0.00e+00
35:	-3.04e+00	0.00e+00
36:	0.00e+00	0.00e+00
37:	2.54e+00	0.00e+00
New op index: 7
Current grad: 99.31471596958119
New op index: 27
Current grad: 22.49700578334454
New op index: 35
Current grad: 16.210110852174537
New op index: 19
Current grad: 89.11548892365545
New op index: 35
Current grad: 12.293891290113233
New op index: 22
Current grad: 6.013751892493153
New op index: 10
Current grad: 135.89068041145617
New op index: 13
Current grad: 3.0634148035364137
New op index: 1
Current grad: 51.0298248859804
New op index: 1
Current grad: 0.00608732552298223
Adding the same operator twice is not sensible, terminating.
Calculating energies for FreeWilson2D(N_x=2, N_y=2, mass=-3.878, r=1.000)
h_im: 0.0
New op index: 27
Current grad: 24.775510204081606
0:	0.00e+00	0.00e+00
1:	-9.39e-01	0.00e+00
2:	0.00e+00	0.00e+00
3:	0.00e+00	0.00e+00
4:	1.44e+00	0.00e+00
5:	0.00e+00	0.00e+00
6:	0.00e+00	0.00e+00
7:	-1.44e+00	0.00e+00
8:	0.00e+00	0.00e+00
9:	0.00e+00	0.00e+00
10:	9.39e-01	-5.00e-01
11:	0.00e+00	-5.00e-01
12:	0.00e+00	0.00e+00
13:	9.39e-01	-5.00e-01
14:	0.00e+00	-5.00e-01
15:	0.00e+00	0.00e+00
16:	-1.44e+00	0.00e+00
17:	0.00e+00	0.00e+00
18:	0.00e+00	0.00e+00
19:	1.44e+00	0.00e+00
20:	0.00e+00	0.00e+00
21:	0.00e+00	0.00e+00
22:	-9.39e-01	0.00e+00
23:	0.00e+00	0.00e+00
24:	0.00e+00	0.00e+00
25:	-2.38e+00	0.00e+00
26:	0.00e+00	0.00e+00
27:	2.88e+00	0.00e+00
28:	0.00e+00	-5.00e-01
29:	-2.38e+00	-5.00e-01
30:	0.00e+00	0.00e+00
31:	0.00e+00	-2.00e+00
32:	0.00e+00	-5.00e-01
33:	2.38e+00	-5.00e-01
34:	0.00e+00	0.00e+00
35:	-2.88e+00	0.00e+00
36:	0.00e+00	0.00e+00
37:	2.38e+00	0.00e+00
New op index: 4
Current grad: 98.60756091677206
New op index: 27
Current grad: 21.16335670812725
New op index: 35
Current grad: 15.236228325674674
New op index: 16
Current grad: 89.0622382184726
New op index: 35
Current grad: 11.620151090332804
New op index: 22
Current grad: 5.695702540837338
New op index: 10
Current grad: 133.2250207929408
New op index: 31
Current grad: 2.906565536080105
New op index: 1
Current grad: 2.2511576522886845
New op index: 13
Current grad: 71.33464534343423
New op index: 13
Current grad: 0.0001705108730029825
Precision cutoff reached.
Calculating energies for FreeWilson2D(N_x=2, N_y=2, mass=-3.714, r=1.000)
h_im: 0.0
New op index: 27
Current grad: 23.142857142857117
0:	0.00e+00	0.00e+00
1:	-8.57e-01	0.00e+00
2:	0.00e+00	0.00e+00
3:	0.00e+00	0.00e+00
4:	1.36e+00	0.00e+00
5:	0.00e+00	0.00e+00
6:	0.00e+00	0.00e+00
7:	-1.36e+00	0.00e+00
8:	0.00e+00	0.00e+00
9:	0.00e+00	0.00e+00
10:	8.57e-01	-5.00e-01
11:	0.00e+00	-5.00e-01
12:	0.00e+00	0.00e+00
13:	8.57e-01	-5.00e-01
14:	0.00e+00	-5.00e-01
15:	0.00e+00	0.00e+00
16:	-1.36e+00	0.00e+00
17:	0.00e+00	0.00e+00
18:	0.00e+00	0.00e+00
19:	1.36e+00	0.00e+00
20:	0.00e+00	0.00e+00
21:	0.00e+00	0.00e+00
22:	-8.57e-01	0.00e+00
23:	0.00e+00	0.00e+00
24:	0.00e+00	0.00e+00
25:	-2.21e+00	0.00e+00
26:	0.00e+00	0.00e+00
27:	2.71e+00	0.00e+00
28:	0.00e+00	-5.00e-01
29:	-2.21e+00	-5.00e-01
30:	0.00e+00	0.00e+00
31:	0.00e+00	-2.00e+00
32:	0.00e+00	-5.00e-01
33:	2.21e+00	-5.00e-01
34:	0.00e+00	0.00e+00
35:	-2.71e+00	0.00e+00
36:	0.00e+00	0.00e+00
37:	2.21e+00	0.00e+00
New op index: 4
Current grad: 97.98314979299268
New op index: 27
Current grad: 19.833859696870736
New op index: 35
Current grad: 14.257732021407627
New op index: 16
Current grad: 89.07962031506253
New op index: 35
Current grad: 10.95118576583945
New op index: 10
Current grad: 5.378812117438977
New op index: 1
Current grad: 135.46360652197808
New op index: 31
Current grad: 3.687837781492715
New op index: 22
Current grad: 2.062884990039791
New op index: 10
Current grad: 71.21960350679211
New op index: 27
Current grad: 0.002529468115889578
Adding the same operator twice is not sensible, terminating.
Calculating energies for FreeWilson2D(N_x=2, N_y=2, mass=-3.551, r=1.000)
h_im: 0.0
New op index: 27
Current grad: 21.510204081632633
0:	0.00e+00	0.00e+00
1:	-7.76e-01	0.00e+00
2:	0.00e+00	0.00e+00
3:	0.00e+00	0.00e+00
4:	1.28e+00	0.00e+00
5:	0.00e+00	0.00e+00
6:	0.00e+00	0.00e+00
7:	-1.28e+00	0.00e+00
8:	0.00e+00	0.00e+00
9:	0.00e+00	0.00e+00
10:	7.76e-01	-5.00e-01
11:	0.00e+00	-5.00e-01
12:	0.00e+00	0.00e+00
13:	7.76e-01	-5.00e-01
14:	0.00e+00	-5.00e-01
15:	0.00e+00	0.00e+00
16:	-1.28e+00	0.00e+00
17:	0.00e+00	0.00e+00
18:	0.00e+00	0.00e+00
19:	1.28e+00	0.00e+00
20:	0.00e+00	0.00e+00
21:	0.00e+00	0.00e+00
22:	-7.76e-01	0.00e+00
23:	0.00e+00	0.00e+00
24:	0.00e+00	0.00e+00
25:	-2.05e+00	0.00e+00
26:	0.00e+00	0.00e+00
27:	2.55e+00	0.00e+00
28:	0.00e+00	-5.00e-01
29:	-2.05e+00	-5.00e-01
30:	0.00e+00	0.00e+00
31:	0.00e+00	-2.00e+00
32:	0.00e+00	-5.00e-01
33:	2.05e+00	-5.00e-01
34:	0.00e+00	0.00e+00
35:	-2.55e+00	0.00e+00
36:	0.00e+00	0.00e+00
37:	2.05e+00	0.00e+00
New op index: 7
Current grad: 97.46192648145924
New op index: 27
Current grad: 18.50761438849108
New op index: 35
Current grad: 13.288832931401549
New op index: 16
Current grad: 89.24357289206283
New op index: 35
Current grad: 10.273171013702212
New op index: 22
Current grad: 5.061400581154891
New op index: 10
Current grad: 125.85841823703272
New op index: 31
Current grad: 2.577206986402485
New op index: 1
Current grad: 1.8707568749690633
New op index: 13
Current grad: 71.10957173226221
New op index: 10
Current grad: 0.0026311081519605835
New op index: 4
Current grad: 0.0017900281133969545
New op index: 4
Current grad: 0.0017900281133969545
Adding the same operator twice is not sensible, terminating.
Calculating energies for FreeWilson2D(N_x=2, N_y=2, mass=-3.388, r=1.000)
h_im: 0.0
New op index: 27
Current grad: 19.877551020408138
0:	0.00e+00	0.00e+00
1:	-6.94e-01	0.00e+00
2:	0.00e+00	0.00e+00
3:	0.00e+00	0.00e+00
4:	1.19e+00	0.00e+00
5:	0.00e+00	0.00e+00
6:	0.00e+00	0.00e+00
7:	-1.19e+00	0.00e+00
8:	0.00e+00	0.00e+00
9:	0.00e+00	0.00e+00
10:	6.94e-01	-5.00e-01
11:	0.00e+00	-5.00e-01
12:	0.00e+00	0.00e+00
13:	6.94e-01	-5.00e-01
14:	0.00e+00	-5.00e-01
15:	0.00e+00	0.00e+00
16:	-1.19e+00	0.00e+00
17:	0.00e+00	0.00e+00
18:	0.00e+00	0.00e+00
19:	1.19e+00	0.00e+00
20:	0.00e+00	0.00e+00
21:	0.00e+00	0.00e+00
22:	-6.94e-01	0.00e+00
23:	0.00e+00	0.00e+00
24:	0.00e+00	0.00e+00
25:	-1.89e+00	0.00e+00
26:	0.00e+00	0.00e+00
27:	2.39e+00	0.00e+00
28:	0.00e+00	-5.00e-01
29:	-1.89e+00	-5.00e-01
30:	0.00e+00	0.00e+00
31:	0.00e+00	-2.00e+00
32:	0.00e+00	-5.00e-01
33:	1.89e+00	-5.00e-01
34:	0.00e+00	0.00e+00
35:	-2.39e+00	0.00e+00
36:	0.00e+00	0.00e+00
37:	1.89e+00	0.00e+00
New op index: 7
Current grad: 97.06875993164748
New op index: 27
Current grad: 17.184360164317177
New op index: 35
Current grad: 12.307294312636328
New op index: 16
Current grad: 89.49544004404149
New op index: 35
Current grad: 9.605500611302011
New op index: 1
Current grad: 4.735845336342879
New op index: 10
Current grad: 120.6405432060787
New op index: 31
Current grad: 3.3679492514680147
New op index: 22
Current grad: 1.673022171548376
New op index: 13
Current grad: 70.98737974787569
New op index: 7
Current grad: 2.516961517984442e-05
Precision cutoff reached.
Calculating energies for FreeWilson2D(N_x=2, N_y=2, mass=-3.224, r=1.000)
h_im: 0.0
New op index: 27
Current grad: 18.244897959183653
0:	0.00e+00	0.00e+00
1:	-6.12e-01	0.00e+00
2:	0.00e+00	0.00e+00
3:	0.00e+00	0.00e+00
4:	1.11e+00	0.00e+00
5:	0.00e+00	0.00e+00
6:	0.00e+00	0.00e+00
7:	-1.11e+00	0.00e+00
8:	0.00e+00	0.00e+00
9:	0.00e+00	0.00e+00
10:	6.12e-01	-5.00e-01
11:	0.00e+00	-5.00e-01
12:	0.00e+00	0.00e+00
13:	6.12e-01	-5.00e-01
14:	0.00e+00	-5.00e-01
15:	0.00e+00	0.00e+00
16:	-1.11e+00	0.00e+00
17:	0.00e+00	0.00e+00
18:	0.00e+00	0.00e+00
19:	1.11e+00	0.00e+00
20:	0.00e+00	0.00e+00
21:	0.00e+00	0.00e+00
22:	-6.12e-01	0.00e+00
23:	0.00e+00	0.00e+00
24:	0.00e+00	0.00e+00
25:	-1.72e+00	0.00e+00
26:	0.00e+00	0.00e+00
27:	2.22e+00	0.00e+00
28:	0.00e+00	-5.00e-01
29:	-1.72e+00	-5.00e-01
30:	0.00e+00	0.00e+00
31:	0.00e+00	-2.00e+00
32:	0.00e+00	-5.00e-01
33:	1.72e+00	-5.00e-01
34:	0.00e+00	0.00e+00
35:	-2.22e+00	0.00e+00
36:	0.00e+00	0.00e+00
37:	1.72e+00	0.00e+00
New op index: 4
Current grad: 96.83569096382311
New op index: 27
Current grad: 15.863787049884005
New op index: 35
Current grad: 11.330766897786322
New op index: 16
Current grad: 89.97110309338957
New op index: 35
Current grad: 8.940050175240085
New op index: 22
Current grad: 4.420131730359664
New op index: 10
Current grad: 113.93890340689741
New op index: 31
Current grad: 2.244197163300611
New op index: 1
Current grad: 1.476243301657506
New op index: 10
Current grad: 70.87704677950735
New op index: 10
Current grad: 0.010056416531301475
Adding the same operator twice is not sensible, terminating.
Calculating energies for FreeWilson2D(N_x=2, N_y=2, mass=-3.061, r=1.000)
h_im: 0.0
New op index: 27
Current grad: 16.612244897959165
0:	0.00e+00	0.00e+00
1:	-5.31e-01	0.00e+00
2:	0.00e+00	0.00e+00
3:	0.00e+00	0.00e+00
4:	1.03e+00	0.00e+00
5:	0.00e+00	0.00e+00
6:	0.00e+00	0.00e+00
7:	-1.03e+00	0.00e+00
8:	0.00e+00	0.00e+00
9:	0.00e+00	0.00e+00
10:	5.31e-01	-5.00e-01
11:	0.00e+00	-5.00e-01
12:	0.00e+00	0.00e+00
13:	5.31e-01	-5.00e-01
14:	0.00e+00	-5.00e-01
15:	0.00e+00	0.00e+00
16:	-1.03e+00	0.00e+00
17:	0.00e+00	0.00e+00
18:	0.00e+00	0.00e+00
19:	1.03e+00	0.00e+00
20:	0.00e+00	0.00e+00
21:	0.00e+00	0.00e+00
22:	-5.31e-01	0.00e+00
23:	0.00e+00	0.00e+00
24:	0.00e+00	0.00e+00
25:	-1.56e+00	0.00e+00
26:	0.00e+00	0.00e+00
27:	2.06e+00	0.00e+00
28:	0.00e+00	-5.00e-01
29:	-1.56e+00	-5.00e-01
30:	0.00e+00	0.00e+00
31:	0.00e+00	-2.00e+00
32:	0.00e+00	-5.00e-01
33:	1.56e+00	-5.00e-01
34:	0.00e+00	0.00e+00
35:	-2.06e+00	0.00e+00
36:	0.00e+00	0.00e+00
37:	1.56e+00	0.00e+00
New op index: 7
Current grad: 96.80490271171935
New op index: 27
Current grad: 14.5433983881532
New op index: 35
Current grad: 10.356071735378332
New op index: 19
Current grad: 90.54845291676921
New op index: 35
Current grad: 8.276919439695583
New op index: 10
Current grad: 4.099943299477329
New op index: 1
Current grad: 108.8310010039136
New op index: 31
Current grad: 3.050556410290444
New op index: 22
Current grad: 1.2912093903773103
New op index: 10
Current grad: 70.76090488002536
New op index: 10
Current grad: 0.007816713699446575
Adding the same operator twice is not sensible, terminating.
Calculating energies for FreeWilson2D(N_x=2, N_y=2, mass=-2.898, r=1.000)
h_im: 0.0
New op index: 27
Current grad: 14.979591836734677
0:	0.00e+00	0.00e+00
1:	-4.49e-01	0.00e+00
2:	0.00e+00	0.00e+00
3:	0.00e+00	0.00e+00
4:	9.49e-01	0.00e+00
5:	0.00e+00	0.00e+00
6:	0.00e+00	0.00e+00
7:	-9.49e-01	0.00e+00
8:	0.00e+00	0.00e+00
9:	0.00e+00	0.00e+00
10:	4.49e-01	-5.00e-01
11:	0.00e+00	-5.00e-01
12:	0.00e+00	0.00e+00
13:	4.49e-01	-5.00e-01
14:	0.00e+00	-5.00e-01
15:	0.00e+00	0.00e+00
16:	-9.49e-01	0.00e+00
17:	0.00e+00	0.00e+00
18:	0.00e+00	0.00e+00
19:	9.49e-01	0.00e+00
20:	0.00e+00	0.00e+00
21:	0.00e+00	0.00e+00
22:	-4.49e-01	0.00e+00
23:	0.00e+00	0.00e+00
24:	0.00e+00	0.00e+00
25:	-1.40e+00	0.00e+00
26:	0.00e+00	0.00e+00
27:	1.90e+00	0.00e+00
28:	0.00e+00	-5.00e-01
29:	-1.40e+00	-5.00e-01
30:	0.00e+00	0.00e+00
31:	0.00e+00	-2.00e+00
32:	0.00e+00	-5.00e-01
33:	1.40e+00	-5.00e-01
34:	0.00e+00	0.00e+00
35:	-1.90e+00	0.00e+00
36:	0.00e+00	0.00e+00
37:	1.40e+00	0.00e+00
New op index: 7
Current grad: 97.01323907583208
New op index: 35
Current grad: 13.221436545810645
New op index: 19
Current grad: 95.2594417894646
New op index: 35
Current grad: 11.450262356489493
New op index: 27
Current grad: 7.616411615356513
New op index: 37
Current grad: 3.782503421846978
New op index: 37
Current grad: 3.7825036315926837
Adding the same operator twice is not sensible, terminating.
Calculating energies for FreeWilson2D(N_x=2, N_y=2, mass=-2.735, r=1.000)
h_im: 0.0
New op index: 27
Current grad: 13.34693877551019
0:	0.00e+00	0.00e+00
1:	-3.67e-01	0.00e+00
2:	0.00e+00	0.00e+00
3:	0.00e+00	0.00e+00
4:	8.67e-01	0.00e+00
5:	0.00e+00	0.00e+00
6:	0.00e+00	0.00e+00
7:	-8.67e-01	0.00e+00
8:	0.00e+00	0.00e+00
9:	0.00e+00	0.00e+00
10:	3.67e-01	-5.00e-01
11:	0.00e+00	-5.00e-01
12:	0.00e+00	0.00e+00
13:	3.67e-01	-5.00e-01
14:	0.00e+00	-5.00e-01
15:	0.00e+00	0.00e+00
16:	-8.67e-01	0.00e+00
17:	0.00e+00	0.00e+00
18:	0.00e+00	0.00e+00
19:	8.67e-01	0.00e+00
20:	0.00e+00	0.00e+00
21:	0.00e+00	0.00e+00
22:	-3.67e-01	0.00e+00
23:	0.00e+00	0.00e+00
24:	0.00e+00	0.00e+00
25:	-1.23e+00	0.00e+00
26:	0.00e+00	0.00e+00
27:	1.73e+00	0.00e+00
28:	0.00e+00	-5.00e-01
29:	-1.23e+00	-5.00e-01
30:	0.00e+00	0.00e+00
31:	0.00e+00	-2.00e+00
32:	0.00e+00	-5.00e-01
33:	1.23e+00	-5.00e-01
34:	0.00e+00	0.00e+00
35:	-1.73e+00	0.00e+00
36:	0.00e+00	0.00e+00
37:	1.23e+00	0.00e+00
New op index: 4
Current grad: 97.5795846212304
New op index: 35
Current grad: 11.907027447165389
New op index: 16
Current grad: 96.11249170414452
New op index: 25
Current grad: 10.449697006513993
New op index: 33
Current grad: 5.607955084542494
New op index: 29
Current grad: 2.4027757428084717
New op index: 29
Current grad: 2.40277574280851
Adding the same operator twice is not sensible, terminating.
Calculating energies for FreeWilson2D(N_x=2, N_y=2, mass=-2.571, r=1.000)
h_im: 0.0
New op index: 27
Current grad: 11.714285714285701
0:	0.00e+00	0.00e+00
1:	-2.86e-01	0.00e+00
2:	0.00e+00	0.00e+00
3:	0.00e+00	0.00e+00
4:	7.86e-01	0.00e+00
5:	0.00e+00	0.00e+00
6:	0.00e+00	0.00e+00
7:	-7.86e-01	0.00e+00
8:	0.00e+00	0.00e+00
9:	0.00e+00	0.00e+00
10:	2.86e-01	-5.00e-01
11:	0.00e+00	-5.00e-01
12:	0.00e+00	0.00e+00
13:	2.86e-01	-5.00e-01
14:	0.00e+00	-5.00e-01
15:	0.00e+00	0.00e+00
16:	-7.86e-01	0.00e+00
17:	0.00e+00	0.00e+00
18:	0.00e+00	0.00e+00
19:	7.86e-01	0.00e+00
20:	0.00e+00	0.00e+00
21:	0.00e+00	0.00e+00
22:	-2.86e-01	0.00e+00
23:	0.00e+00	0.00e+00
24:	0.00e+00	0.00e+00
25:	-1.07e+00	0.00e+00
26:	0.00e+00	0.00e+00
27:	1.57e+00	0.00e+00
28:	0.00e+00	-5.00e-01
29:	-1.07e+00	-5.00e-01
30:	0.00e+00	0.00e+00
31:	0.00e+00	-2.00e+00
32:	0.00e+00	-5.00e-01
33:	1.07e+00	-5.00e-01
34:	0.00e+00	0.00e+00
35:	-1.57e+00	0.00e+00
36:	0.00e+00	0.00e+00
37:	1.07e+00	0.00e+00
New op index: 7
Current grad: 98.95944981994366
New op index: 35
Current grad: 10.592236615882276
New op index: 19
Current grad: 97.83519928559329
New op index: 37
Current grad: 9.45340973888996
New op index: 29
Current grad: 5.025398475920398
New op index: 33
Current grad: 2.0796606877157426
New op index: 22
Current grad: 0.5740874736953413
New op index: 1
Current grad: 24.53667765232249
New op index: 29
Current grad: 0.0014904075372239947
Adding the same operator twice is not sensible, terminating.
Calculating energies for FreeWilson2D(N_x=2, N_y=2, mass=-2.408, r=1.000)
h_im: 0.0
New op index: 27
Current grad: 10.081632653061217
0:	0.00e+00	0.00e+00
1:	-2.04e-01	0.00e+00
2:	0.00e+00	0.00e+00
3:	0.00e+00	0.00e+00
4:	7.04e-01	0.00e+00
5:	0.00e+00	0.00e+00
6:	0.00e+00	0.00e+00
7:	-7.04e-01	0.00e+00
8:	0.00e+00	0.00e+00
9:	0.00e+00	0.00e+00
10:	2.04e-01	-5.00e-01
11:	0.00e+00	-5.00e-01
12:	0.00e+00	0.00e+00
13:	2.04e-01	-5.00e-01
14:	0.00e+00	-5.00e-01
15:	0.00e+00	0.00e+00
16:	-7.04e-01	0.00e+00
17:	0.00e+00	0.00e+00
18:	0.00e+00	0.00e+00
19:	7.04e-01	0.00e+00
20:	0.00e+00	0.00e+00
21:	0.00e+00	0.00e+00
22:	-2.04e-01	0.00e+00
23:	0.00e+00	0.00e+00
24:	0.00e+00	0.00e+00
25:	-9.08e-01	0.00e+00
26:	0.00e+00	0.00e+00
27:	1.41e+00	0.00e+00
28:	0.00e+00	-5.00e-01
29:	-9.08e-01	-5.00e-01
30:	0.00e+00	0.00e+00
31:	0.00e+00	-2.00e+00
32:	0.00e+00	-5.00e-01
33:	9.08e-01	-5.00e-01
34:	0.00e+00	0.00e+00
35:	-1.41e+00	0.00e+00
36:	0.00e+00	0.00e+00
37:	9.08e-01	0.00e+00
New op index: 4
Current grad: 100.85376957691649
New op index: 25
Current grad: 9.276583682738032
New op index: 25
Current grad: 9.276580260732695
Adding the same operator twice is not sensible, terminating.
Calculating energies for FreeWilson2D(N_x=2, N_y=2, mass=-2.245, r=1.000)
h_im: 0.0
New op index: 27
Current grad: 8.448979591836727
0:	0.00e+00	0.00e+00
1:	-1.22e-01	0.00e+00
2:	0.00e+00	0.00e+00
3:	0.00e+00	0.00e+00
4:	6.22e-01	0.00e+00
5:	0.00e+00	0.00e+00
6:	0.00e+00	0.00e+00
7:	-6.22e-01	0.00e+00
8:	0.00e+00	0.00e+00
9:	0.00e+00	0.00e+00
10:	1.22e-01	-5.00e-01
11:	0.00e+00	-5.00e-01
12:	0.00e+00	0.00e+00
13:	1.22e-01	-5.00e-01
14:	0.00e+00	-5.00e-01
15:	0.00e+00	0.00e+00
16:	-6.22e-01	0.00e+00
17:	0.00e+00	0.00e+00
18:	0.00e+00	0.00e+00
19:	6.22e-01	0.00e+00
20:	0.00e+00	0.00e+00
21:	0.00e+00	0.00e+00
22:	-1.22e-01	0.00e+00
23:	0.00e+00	0.00e+00
24:	0.00e+00	0.00e+00
25:	-7.45e-01	0.00e+00
26:	0.00e+00	0.00e+00
27:	1.24e+00	0.00e+00
28:	0.00e+00	-5.00e-01
29:	-7.45e-01	-5.00e-01
30:	0.00e+00	0.00e+00
31:	0.00e+00	-2.00e+00
32:	0.00e+00	-5.00e-01
33:	7.45e-01	-5.00e-01
34:	0.00e+00	0.00e+00
35:	-1.24e+00	0.00e+00
36:	0.00e+00	0.00e+00
37:	7.45e-01	0.00e+00
New op index: 4
Current grad: 102.8942525697795
New op index: 25
Current grad: 7.9610962803849645
New op index: 25
Current grad: 7.961096280384941
Adding the same operator twice is not sensible, terminating.
Calculating energies for FreeWilson2D(N_x=2, N_y=2, mass=-2.082, r=1.000)
h_im: 0.0
New op index: 27
Current grad: 6.816326530612237
0:	0.00e+00	0.00e+00
1:	-4.08e-02	0.00e+00
2:	0.00e+00	0.00e+00
3:	0.00e+00	0.00e+00
4:	5.41e-01	0.00e+00
5:	0.00e+00	0.00e+00
6:	0.00e+00	0.00e+00
7:	-5.41e-01	0.00e+00
8:	0.00e+00	0.00e+00
9:	0.00e+00	0.00e+00
10:	4.08e-02	-5.00e-01
11:	0.00e+00	-5.00e-01
12:	0.00e+00	0.00e+00
13:	4.08e-02	-5.00e-01
14:	0.00e+00	-5.00e-01
15:	0.00e+00	0.00e+00
16:	-5.41e-01	0.00e+00
17:	0.00e+00	0.00e+00
18:	0.00e+00	0.00e+00
19:	5.41e-01	0.00e+00
20:	0.00e+00	0.00e+00
21:	0.00e+00	0.00e+00
22:	-4.08e-02	0.00e+00
23:	0.00e+00	0.00e+00
24:	0.00e+00	0.00e+00
25:	-5.82e-01	0.00e+00
26:	0.00e+00	0.00e+00
27:	1.08e+00	0.00e+00
28:	0.00e+00	-5.00e-01
29:	-5.82e-01	-5.00e-01
30:	0.00e+00	0.00e+00
31:	0.00e+00	-2.00e+00
32:	0.00e+00	-5.00e-01
33:	5.82e-01	-5.00e-01
34:	0.00e+00	0.00e+00
35:	-1.08e+00	0.00e+00
36:	0.00e+00	0.00e+00
37:	5.82e-01	0.00e+00
New op index: 4
Current grad: 104.1475372473311
New op index: 25
Current grad: 6.6549114840044865
New op index: 25
Current grad: 6.654909550387535
Adding the same operator twice is not sensible, terminating.
Calculating energies for FreeWilson2D(N_x=2, N_y=2, mass=-1.918, r=1.000)
h_im: 0.0
New op index: 27
Current grad: 5.510204081632645
0:	0.00e+00	0.00e+00
1:	4.08e-02	0.00e+00
2:	0.00e+00	0.00e+00
3:	0.00e+00	0.00e+00
4:	4.59e-01	0.00e+00
5:	0.00e+00	0.00e+00
6:	0.00e+00	0.00e+00
7:	-4.59e-01	0.00e+00
8:	0.00e+00	0.00e+00
9:	0.00e+00	0.00e+00
10:	-4.08e-02	-5.00e-01
11:	0.00e+00	-5.00e-01
12:	0.00e+00	0.00e+00
13:	-4.08e-02	-5.00e-01
14:	0.00e+00	-5.00e-01
15:	0.00e+00	0.00e+00
16:	-4.59e-01	0.00e+00
17:	0.00e+00	0.00e+00
18:	0.00e+00	0.00e+00
19:	4.59e-01	0.00e+00
20:	0.00e+00	0.00e+00
21:	0.00e+00	0.00e+00
22:	4.08e-02	0.00e+00
23:	0.00e+00	0.00e+00
24:	0.00e+00	0.00e+00
25:	-4.18e-01	0.00e+00
26:	0.00e+00	0.00e+00
27:	9.18e-01	0.00e+00
28:	0.00e+00	-5.00e-01
29:	-4.18e-01	-5.00e-01
30:	0.00e+00	0.00e+00
31:	0.00e+00	-2.00e+00
32:	0.00e+00	-5.00e-01
33:	4.18e-01	-5.00e-01
34:	0.00e+00	0.00e+00
35:	-9.18e-01	0.00e+00
36:	0.00e+00	0.00e+00
37:	4.18e-01	0.00e+00
New op index: 4
Current grad: 103.49866406354543
New op index: 25
Current grad: 6.001652229110247
New op index: 25
Current grad: 6.001650492244854
Adding the same operator twice is not sensible, terminating.
Calculating energies for FreeWilson2D(N_x=2, N_y=2, mass=-1.755, r=1.000)
h_im: 0.0
New op index: 27
Current grad: 4.5306122448979576
0:	0.00e+00	0.00e+00
1:	1.22e-01	0.00e+00
2:	0.00e+00	0.00e+00
3:	0.00e+00	0.00e+00
4:	3.78e-01	0.00e+00
5:	0.00e+00	0.00e+00
6:	0.00e+00	0.00e+00
7:	-3.78e-01	0.00e+00
8:	0.00e+00	0.00e+00
9:	0.00e+00	0.00e+00
10:	-1.22e-01	-5.00e-01
11:	0.00e+00	-5.00e-01
12:	0.00e+00	0.00e+00
13:	-1.22e-01	-5.00e-01
14:	0.00e+00	-5.00e-01
15:	0.00e+00	0.00e+00
16:	-3.78e-01	0.00e+00
17:	0.00e+00	0.00e+00
18:	0.00e+00	0.00e+00
19:	3.78e-01	0.00e+00
20:	0.00e+00	0.00e+00
21:	0.00e+00	0.00e+00
22:	1.22e-01	0.00e+00
23:	0.00e+00	0.00e+00
24:	0.00e+00	0.00e+00
25:	-2.55e-01	0.00e+00
26:	0.00e+00	0.00e+00
27:	7.55e-01	0.00e+00
28:	0.00e+00	-5.00e-01
29:	-2.55e-01	-5.00e-01
30:	0.00e+00	0.00e+00
31:	0.00e+00	-2.00e+00
32:	0.00e+00	-5.00e-01
33:	2.55e-01	-5.00e-01
34:	0.00e+00	0.00e+00
35:	-7.55e-01	0.00e+00
36:	0.00e+00	0.00e+00
37:	2.55e-01	0.00e+00
New op index: 4
Current grad: 100.95256045688
New op index: 25
Current grad: 6.001913260844665
New op index: 25
Current grad: 6.00191326084468
Adding the same operator twice is not sensible, terminating.
Calculating energies for FreeWilson2D(N_x=2, N_y=2, mass=-1.592, r=1.000)
h_im: 0.0
New op index: 27
Current grad: 3.5510204081632635
0:	0.00e+00	0.00e+00
1:	2.04e-01	0.00e+00
2:	0.00e+00	0.00e+00
3:	0.00e+00	0.00e+00
4:	2.96e-01	0.00e+00
5:	0.00e+00	0.00e+00
6:	0.00e+00	0.00e+00
7:	-2.96e-01	0.00e+00
8:	0.00e+00	0.00e+00
9:	0.00e+00	0.00e+00
10:	-2.04e-01	-5.00e-01
11:	0.00e+00	-5.00e-01
12:	0.00e+00	0.00e+00
13:	-2.04e-01	-5.00e-01
14:	0.00e+00	-5.00e-01
15:	0.00e+00	0.00e+00
16:	-2.96e-01	0.00e+00
17:	0.00e+00	0.00e+00
18:	0.00e+00	0.00e+00
19:	2.96e-01	0.00e+00
20:	0.00e+00	0.00e+00
21:	0.00e+00	0.00e+00
22:	2.04e-01	0.00e+00
23:	0.00e+00	0.00e+00
24:	0.00e+00	0.00e+00
25:	-9.18e-02	0.00e+00
26:	0.00e+00	0.00e+00
27:	5.92e-01	0.00e+00
28:	0.00e+00	-5.00e-01
29:	-9.18e-02	-5.00e-01
30:	0.00e+00	0.00e+00
31:	0.00e+00	-2.00e+00
32:	0.00e+00	-5.00e-01
33:	9.18e-02	-5.00e-01
34:	0.00e+00	0.00e+00
35:	-5.92e-01	0.00e+00
36:	0.00e+00	0.00e+00
37:	9.18e-02	0.00e+00
New op index: 4
Current grad: 97.58803379363219
New op index: 25
Current grad: 6.011286899196515
New op index: 25
Current grad: 6.0112834503472445
Adding the same operator twice is not sensible, terminating.
Calculating energies for FreeWilson2D(N_x=2, N_y=2, mass=-1.429, r=1.000)
h_im: 0.0
New op index: 27
Current grad: 3.142857142857139
0:	0.00e+00	0.00e+00
1:	2.86e-01	0.00e+00
2:	0.00e+00	0.00e+00
3:	0.00e+00	0.00e+00
4:	2.14e-01	0.00e+00
5:	0.00e+00	0.00e+00
6:	0.00e+00	0.00e+00
7:	-2.14e-01	0.00e+00
8:	0.00e+00	0.00e+00
9:	0.00e+00	0.00e+00
10:	-2.86e-01	-5.00e-01
11:	0.00e+00	-5.00e-01
12:	0.00e+00	0.00e+00
13:	-2.86e-01	-5.00e-01
14:	0.00e+00	-5.00e-01
15:	0.00e+00	0.00e+00
16:	-2.14e-01	0.00e+00
17:	0.00e+00	0.00e+00
18:	0.00e+00	0.00e+00
19:	2.14e-01	0.00e+00
20:	0.00e+00	0.00e+00
21:	0.00e+00	0.00e+00
22:	2.86e-01	0.00e+00
23:	0.00e+00	0.00e+00
24:	0.00e+00	0.00e+00
25:	7.14e-02	0.00e+00
26:	0.00e+00	0.00e+00
27:	4.29e-01	0.00e+00
28:	0.00e+00	-5.00e-01
29:	7.14e-02	-5.00e-01
30:	0.00e+00	0.00e+00
31:	0.00e+00	-2.00e+00
32:	0.00e+00	-5.00e-01
33:	-7.14e-02	-5.00e-01
34:	0.00e+00	0.00e+00
35:	-4.29e-01	0.00e+00
36:	0.00e+00	0.00e+00
37:	-7.14e-02	0.00e+00
New op index: 4
Current grad: 94.67284208654206
New op index: 25
Current grad: 6.3065250152416485
New op index: 25
Current grad: 6.306520060958564
Adding the same operator twice is not sensible, terminating.
Calculating energies for FreeWilson2D(N_x=2, N_y=2, mass=-1.265, r=1.000)
h_im: 0.0
New op index: 1
Current grad: 3.469387755102036
0:	0.00e+00	0.00e+00
1:	3.67e-01	0.00e+00
2:	0.00e+00	0.00e+00
3:	0.00e+00	0.00e+00
4:	1.33e-01	0.00e+00
5:	0.00e+00	0.00e+00
6:	0.00e+00	0.00e+00
7:	-1.33e-01	0.00e+00
8:	0.00e+00	0.00e+00
9:	0.00e+00	0.00e+00
10:	-3.67e-01	-5.00e-01
11:	0.00e+00	-5.00e-01
12:	0.00e+00	0.00e+00
13:	-3.67e-01	-5.00e-01
14:	0.00e+00	-5.00e-01
15:	0.00e+00	0.00e+00
16:	-1.33e-01	0.00e+00
17:	0.00e+00	0.00e+00
18:	0.00e+00	0.00e+00
19:	1.33e-01	0.00e+00
20:	0.00e+00	0.00e+00
21:	0.00e+00	0.00e+00
22:	3.67e-01	0.00e+00
23:	0.00e+00	0.00e+00
24:	0.00e+00	0.00e+00
25:	2.35e-01	0.00e+00
26:	0.00e+00	0.00e+00
27:	2.65e-01	0.00e+00
28:	0.00e+00	-5.00e-01
29:	2.35e-01	-5.00e-01
30:	0.00e+00	0.00e+00
31:	0.00e+00	-2.00e+00
32:	0.00e+00	-5.00e-01
33:	-2.35e-01	-5.00e-01
34:	0.00e+00	0.00e+00
35:	-2.65e-01	0.00e+00
36:	0.00e+00	0.00e+00
37:	-2.35e-01	0.00e+00
New op index: 10
Current grad: 352.57142581251816
New op index: 31
Current grad: 5.7601151767917065
New op index: 27
Current grad: 5.106000671544204
New op index: 7
Current grad: 83.66368075024026
New op index: 27
Current grad: 4.526971589690326
New op index: 22
Current grad: 1.7544503275078545
New op index: 19
Current grad: 171.44912588704022
New op index: 16
Current grad: 1.4355742826250177
New op index: 13
Current grad: 70.26056066458682
New op index: 13
Current grad: 0.007901031833182238
Adding the same operator twice is not sensible, terminating.
Calculating energies for FreeWilson2D(N_x=2, N_y=2, mass=-1.102, r=1.000)
h_im: 0.0
New op index: 1
Current grad: 3.7959183673469328
0:	0.00e+00	0.00e+00
1:	4.49e-01	0.00e+00
2:	0.00e+00	0.00e+00
3:	0.00e+00	0.00e+00
4:	5.10e-02	0.00e+00
5:	0.00e+00	0.00e+00
6:	0.00e+00	0.00e+00
7:	-5.10e-02	0.00e+00
8:	0.00e+00	0.00e+00
9:	0.00e+00	0.00e+00
10:	-4.49e-01	-5.00e-01
11:	0.00e+00	-5.00e-01
12:	0.00e+00	0.00e+00
13:	-4.49e-01	-5.00e-01
14:	0.00e+00	-5.00e-01
15:	0.00e+00	0.00e+00
16:	-5.10e-02	0.00e+00
17:	0.00e+00	0.00e+00
18:	0.00e+00	0.00e+00
19:	5.10e-02	0.00e+00
20:	0.00e+00	0.00e+00
21:	0.00e+00	0.00e+00
22:	4.49e-01	0.00e+00
23:	0.00e+00	0.00e+00
24:	0.00e+00	0.00e+00
25:	3.98e-01	0.00e+00
26:	0.00e+00	0.00e+00
27:	1.02e-01	0.00e+00
28:	0.00e+00	-5.00e-01
29:	3.98e-01	-5.00e-01
30:	0.00e+00	0.00e+00
31:	0.00e+00	-2.00e+00
32:	0.00e+00	-5.00e-01
33:	-3.98e-01	-5.00e-01
34:	0.00e+00	0.00e+00
35:	-1.02e-01	0.00e+00
36:	0.00e+00	0.00e+00
37:	-3.98e-01	0.00e+00
New op index: 4
Current grad: 353.14286137117284
New op index: 29
Current grad: 4.193881066745826
New op index: 10
Current grad: 90.104593933099
New op index: 29
Current grad: 4.770690725289878
New op index: 31
Current grad: 2.8990022598542176
New op index: 22
Current grad: 1.681361492562435
New op index: 19
Current grad: 172.53851087307476
New op index: 16
Current grad: 1.5122735091056165
New op index: 13
Current grad: 70.54335269310134
New op index: 19
Current grad: 0.010562814131910613
Adding the same operator twice is not sensible, terminating.
Calculating energies for FreeWilson2D(N_x=2, N_y=2, mass=-0.939, r=1.000)
h_im: 0.0
New op index: 25
Current grad: 4.6122448979591715
0:	0.00e+00	0.00e+00
1:	5.31e-01	0.00e+00
2:	0.00e+00	0.00e+00
3:	0.00e+00	0.00e+00
4:	-3.06e-02	0.00e+00
5:	0.00e+00	0.00e+00
6:	0.00e+00	0.00e+00
7:	3.06e-02	0.00e+00
8:	0.00e+00	0.00e+00
9:	0.00e+00	0.00e+00
10:	-5.31e-01	-5.00e-01
11:	0.00e+00	-5.00e-01
12:	0.00e+00	0.00e+00
13:	-5.31e-01	-5.00e-01
14:	0.00e+00	-5.00e-01
15:	0.00e+00	0.00e+00
16:	3.06e-02	0.00e+00
17:	0.00e+00	0.00e+00
18:	0.00e+00	0.00e+00
19:	-3.06e-02	0.00e+00
20:	0.00e+00	0.00e+00
21:	0.00e+00	0.00e+00
22:	5.31e-01	0.00e+00
23:	0.00e+00	0.00e+00
24:	0.00e+00	0.00e+00
25:	5.61e-01	0.00e+00
26:	0.00e+00	0.00e+00
27:	-6.12e-02	0.00e+00
28:	0.00e+00	-5.00e-01
29:	5.61e-01	-5.00e-01
30:	0.00e+00	0.00e+00
31:	0.00e+00	-2.00e+00
32:	0.00e+00	-5.00e-01
33:	-5.61e-01	-5.00e-01
34:	0.00e+00	0.00e+00
35:	6.12e-02	0.00e+00
36:	0.00e+00	0.00e+00
37:	-5.61e-01	0.00e+00
New op index: 1
Current grad: 59.38764750088103
New op index: 25
Current grad: 7.106541252865158
New op index: 29
Current grad: 4.929169763137089
New op index: 10
Current grad: 88.081433070226
New op index: 29
Current grad: 5.524196104985121
New op index: 31
Current grad: 3.308898645498647
New op index: 37
Current grad: 2.013267175489439
New op index: 22
Current grad: 56.60879839895651
New op index: 37
Current grad: 4.148024589318785
New op index: 16
Current grad: 1.6862790539697654
New op index: 13
Current grad: 70.76081537414161
New op index: 19
Current grad: 0.013974670954614618
New op index: 19
Current grad: 0.005753524939353572
Adding the same operator twice is not sensible, terminating.
Calculating energies for FreeWilson2D(N_x=2, N_y=2, mass=-0.776, r=1.000)
h_im: 0.0
New op index: 25
Current grad: 6.244897959183661
0:	0.00e+00	0.00e+00
1:	6.12e-01	0.00e+00
2:	0.00e+00	0.00e+00
3:	0.00e+00	0.00e+00
4:	-1.12e-01	0.00e+00
5:	0.00e+00	0.00e+00
6:	0.00e+00	0.00e+00
7:	1.12e-01	0.00e+00
8:	0.00e+00	0.00e+00
9:	0.00e+00	0.00e+00
10:	-6.12e-01	-5.00e-01
11:	0.00e+00	-5.00e-01
12:	0.00e+00	0.00e+00
13:	-6.12e-01	-5.00e-01
14:	0.00e+00	-5.00e-01
15:	0.00e+00	0.00e+00
16:	1.12e-01	0.00e+00
17:	0.00e+00	0.00e+00
18:	0.00e+00	0.00e+00
19:	-1.12e-01	0.00e+00
20:	0.00e+00	0.00e+00
21:	0.00e+00	0.00e+00
22:	6.12e-01	0.00e+00
23:	0.00e+00	0.00e+00
24:	0.00e+00	0.00e+00
25:	7.24e-01	0.00e+00
26:	0.00e+00	0.00e+00
27:	-2.24e-01	0.00e+00
28:	0.00e+00	-5.00e-01
29:	7.24e-01	-5.00e-01
30:	0.00e+00	0.00e+00
31:	0.00e+00	-2.00e+00
32:	0.00e+00	-5.00e-01
33:	-7.24e-01	-5.00e-01
34:	0.00e+00	0.00e+00
35:	2.24e-01	0.00e+00
36:	0.00e+00	0.00e+00
37:	-7.24e-01	0.00e+00
New op index: 1
Current grad: 63.48866936112075
New op index: 25
Current grad: 8.596083998094798
New op index: 29
Current grad: 6.071701092565942
New op index: 10
Current grad: 87.16722958807564
New op index: 29
Current grad: 6.687727683233995
New op index: 31
Current grad: 4.122478077368088
New op index: 37
Current grad: 2.5990945892270076
New op index: 22
Current grad: 59.81621237510478
New op index: 37
Current grad: 4.815759842669836
New op index: 16
Current grad: 1.9909585496611422
New op index: 13
Current grad: 70.88359945010235
New op index: 13
Current grad: 0.0028001334447168708
Adding the same operator twice is not sensible, terminating.
Calculating energies for FreeWilson2D(N_x=2, N_y=2, mass=-0.612, r=1.000)
h_im: 0.0
New op index: 25
Current grad: 7.87755102040815
0:	0.00e+00	0.00e+00
1:	6.94e-01	0.00e+00
2:	0.00e+00	0.00e+00
3:	0.00e+00	0.00e+00
4:	-1.94e-01	0.00e+00
5:	0.00e+00	0.00e+00
6:	0.00e+00	0.00e+00
7:	1.94e-01	0.00e+00
8:	0.00e+00	0.00e+00
9:	0.00e+00	0.00e+00
10:	-6.94e-01	-5.00e-01
11:	0.00e+00	-5.00e-01
12:	0.00e+00	0.00e+00
13:	-6.94e-01	-5.00e-01
14:	0.00e+00	-5.00e-01
15:	0.00e+00	0.00e+00
16:	1.94e-01	0.00e+00
17:	0.00e+00	0.00e+00
18:	0.00e+00	0.00e+00
19:	-1.94e-01	0.00e+00
20:	0.00e+00	0.00e+00
21:	0.00e+00	0.00e+00
22:	6.94e-01	0.00e+00
23:	0.00e+00	0.00e+00
24:	0.00e+00	0.00e+00
25:	8.88e-01	0.00e+00
26:	0.00e+00	0.00e+00
27:	-3.88e-01	0.00e+00
28:	0.00e+00	-5.00e-01
29:	8.88e-01	-5.00e-01
30:	0.00e+00	0.00e+00
31:	0.00e+00	-2.00e+00
32:	0.00e+00	-5.00e-01
33:	-8.88e-01	-5.00e-01
34:	0.00e+00	0.00e+00
35:	3.88e-01	0.00e+00
36:	0.00e+00	0.00e+00
37:	-8.88e-01	0.00e+00
New op index: 1
Current grad: 66.79793442363568
New op index: 25
Current grad: 10.088493742682484
New op index: 29
Current grad: 7.215165036015827
New op index: 10
Current grad: 86.71738594205367
New op index: 29
Current grad: 7.853257388229118
New op index: 31
Current grad: 4.946822971540852
New op index: 37
Current grad: 3.405774904255833
New op index: 22
Current grad: 62.2379851721687
New op index: 37
Current grad: 5.468980673269453
New op index: 16
Current grad: 2.315509814966261
New op index: 13
Current grad: 70.98726817046709
New op index: 13
Current grad: 0.010893256113727266
Adding the same operator twice is not sensible, terminating.
Calculating energies for FreeWilson2D(N_x=2, N_y=2, mass=-0.449, r=1.000)
h_im: 0.0
New op index: 25
Current grad: 9.51020408163264
0:	0.00e+00	0.00e+00
1:	7.76e-01	0.00e+00
2:	0.00e+00	0.00e+00
3:	0.00e+00	0.00e+00
4:	-2.76e-01	0.00e+00
5:	0.00e+00	0.00e+00
6:	0.00e+00	0.00e+00
7:	2.76e-01	0.00e+00
8:	0.00e+00	0.00e+00
9:	0.00e+00	0.00e+00
10:	-7.76e-01	-5.00e-01
11:	0.00e+00	-5.00e-01
12:	0.00e+00	0.00e+00
13:	-7.76e-01	-5.00e-01
14:	0.00e+00	-5.00e-01
15:	0.00e+00	0.00e+00
16:	2.76e-01	0.00e+00
17:	0.00e+00	0.00e+00
18:	0.00e+00	0.00e+00
19:	-2.76e-01	0.00e+00
20:	0.00e+00	0.00e+00
21:	0.00e+00	0.00e+00
22:	7.76e-01	0.00e+00
23:	0.00e+00	0.00e+00
24:	0.00e+00	0.00e+00
25:	1.05e+00	0.00e+00
26:	0.00e+00	0.00e+00
27:	-5.51e-01	0.00e+00
28:	0.00e+00	-5.00e-01
29:	1.05e+00	-5.00e-01
30:	0.00e+00	0.00e+00
31:	0.00e+00	-2.00e+00
32:	0.00e+00	-5.00e-01
33:	-1.05e+00	-5.00e-01
34:	0.00e+00	0.00e+00
35:	5.51e-01	0.00e+00
36:	0.00e+00	0.00e+00
37:	-1.05e+00	0.00e+00
New op index: 1
Current grad: 69.60064863973264
New op index: 25
Current grad: 11.58411116803255
New op index: 29
Current grad: 8.361614758296469
New op index: 10
Current grad: 86.59917911641216
New op index: 29
Current grad: 9.020788394902278
New op index: 37
Current grad: 5.761584817741765
New op index: 22
Current grad: 65.84405096064663
New op index: 37
Current grad: 7.829645001517985
New op index: 33
Current grad: 4.6067646922342735
New op index: 13
Current grad: 72.37222011804846
New op index: 33
Current grad: 5.170042919506605
New op index: 33
Current grad: 0.009185679257419792
Adding the same operator twice is not sensible, terminating.
Calculating energies for FreeWilson2D(N_x=2, N_y=2, mass=-0.286, r=1.000)
h_im: 0.0
New op index: 25
Current grad: 11.142857142857123
0:	0.00e+00	0.00e+00
1:	8.57e-01	0.00e+00
2:	0.00e+00	0.00e+00
3:	0.00e+00	0.00e+00
4:	-3.57e-01	0.00e+00
5:	0.00e+00	0.00e+00
6:	0.00e+00	0.00e+00
7:	3.57e-01	0.00e+00
8:	0.00e+00	0.00e+00
9:	0.00e+00	0.00e+00
10:	-8.57e-01	-5.00e-01
11:	0.00e+00	-5.00e-01
12:	0.00e+00	0.00e+00
13:	-8.57e-01	-5.00e-01
14:	0.00e+00	-5.00e-01
15:	0.00e+00	0.00e+00
16:	3.57e-01	0.00e+00
17:	0.00e+00	0.00e+00
18:	0.00e+00	0.00e+00
19:	-3.57e-01	0.00e+00
20:	0.00e+00	0.00e+00
21:	0.00e+00	0.00e+00
22:	8.57e-01	0.00e+00
23:	0.00e+00	0.00e+00
24:	0.00e+00	0.00e+00
25:	1.21e+00	0.00e+00
26:	0.00e+00	0.00e+00
27:	-7.14e-01	0.00e+00
28:	0.00e+00	-5.00e-01
29:	1.21e+00	-5.00e-01
30:	0.00e+00	0.00e+00
31:	0.00e+00	-2.00e+00
32:	0.00e+00	-5.00e-01
33:	-1.21e+00	-5.00e-01
34:	0.00e+00	0.00e+00
35:	7.14e-01	0.00e+00
36:	0.00e+00	0.00e+00
37:	-1.21e+00	0.00e+00
New op index: 1
Current grad: 72.08075169937402
New op index: 25
Current grad: 13.082692495535866
New op index: 29
Current grad: 9.500016485762078
New op index: 7
Current grad: 70.38183736452014
New op index: 29
Current grad: 10.188954742621322
New op index: 37
Current grad: 6.579416982080429
New op index: 22
Current grad: 67.51069142373176
New op index: 37
Current grad: 8.514932101494042
New op index: 33
Current grad: 4.967965440792527
New op index: 16
Current grad: 72.43358141793476
New op index: 33
Current grad: 5.5186880152896105
New op index: 29
Current grad: 0.00439001165996413
Adding the same operator twice is not sensible, terminating.
Calculating energies for FreeWilson2D(N_x=2, N_y=2, mass=-0.122, r=1.000)
h_im: 0.0
New op index: 25
Current grad: 12.77551020408161
0:	0.00e+00	0.00e+00
1:	9.39e-01	0.00e+00
2:	0.00e+00	0.00e+00
3:	0.00e+00	0.00e+00
4:	-4.39e-01	0.00e+00
5:	0.00e+00	0.00e+00
6:	0.00e+00	0.00e+00
7:	4.39e-01	0.00e+00
8:	0.00e+00	0.00e+00
9:	0.00e+00	0.00e+00
10:	-9.39e-01	-5.00e-01
11:	0.00e+00	-5.00e-01
12:	0.00e+00	0.00e+00
13:	-9.39e-01	-5.00e-01
14:	0.00e+00	-5.00e-01
15:	0.00e+00	0.00e+00
16:	4.39e-01	0.00e+00
17:	0.00e+00	0.00e+00
18:	0.00e+00	0.00e+00
19:	-4.39e-01	0.00e+00
20:	0.00e+00	0.00e+00
21:	0.00e+00	0.00e+00
22:	9.39e-01	0.00e+00
23:	0.00e+00	0.00e+00
24:	0.00e+00	0.00e+00
25:	1.38e+00	0.00e+00
26:	0.00e+00	0.00e+00
27:	-8.78e-01	0.00e+00
28:	0.00e+00	-5.00e-01
29:	1.38e+00	-5.00e-01
30:	0.00e+00	0.00e+00
31:	0.00e+00	-2.00e+00
32:	0.00e+00	-5.00e-01
33:	-1.38e+00	-5.00e-01
34:	0.00e+00	0.00e+00
35:	8.78e-01	0.00e+00
36:	0.00e+00	0.00e+00
37:	-1.38e+00	0.00e+00
New op index: 1
Current grad: 74.33685168955091
New op index: 25
Current grad: 14.584214678765688
New op index: 29
Current grad: 10.64290206917073
New op index: 10
Current grad: 86.86321782217391
New op index: 29
Current grad: 11.362715117328078
New op index: 37
Current grad: 7.3877805326616635
New op index: 22
Current grad: 68.94277998380652
New op index: 37
Current grad: 9.198620512621982
New op index: 33
Current grad: 5.275167125784057
New op index: 13
Current grad: 72.54842602379193
New op index: 33
Current grad: 5.873076870235185
New op index: 4
Current grad: 0.0004065089507162592
Precision cutoff reached.
Calculating energies for FreeWilson2D(N_x=2, N_y=2, mass=0.041, r=1.000)
h_im: 0.0
New op index: 25
Current grad: 14.408163265306099
0:	0.00e+00	0.00e+00
1:	1.02e+00	0.00e+00
2:	0.00e+00	0.00e+00
3:	0.00e+00	0.00e+00
4:	-5.20e-01	0.00e+00
5:	0.00e+00	0.00e+00
6:	0.00e+00	0.00e+00
7:	5.20e-01	0.00e+00
8:	0.00e+00	0.00e+00
9:	0.00e+00	0.00e+00
10:	-1.02e+00	-5.00e-01
11:	0.00e+00	-5.00e-01
12:	0.00e+00	0.00e+00
13:	-1.02e+00	-5.00e-01
14:	0.00e+00	-5.00e-01
15:	0.00e+00	0.00e+00
16:	5.20e-01	0.00e+00
17:	0.00e+00	0.00e+00
18:	0.00e+00	0.00e+00
19:	-5.20e-01	0.00e+00
20:	0.00e+00	0.00e+00
21:	0.00e+00	0.00e+00
22:	1.02e+00	0.00e+00
23:	0.00e+00	0.00e+00
24:	0.00e+00	0.00e+00
25:	1.54e+00	0.00e+00
26:	0.00e+00	0.00e+00
27:	-1.04e+00	0.00e+00
28:	0.00e+00	-5.00e-01
29:	1.54e+00	-5.00e-01
30:	0.00e+00	0.00e+00
31:	0.00e+00	-2.00e+00
32:	0.00e+00	-5.00e-01
33:	-1.54e+00	-5.00e-01
34:	0.00e+00	0.00e+00
35:	1.04e+00	0.00e+00
36:	0.00e+00	0.00e+00
37:	-1.54e+00	0.00e+00
New op index: 1
Current grad: 76.4389999726008
New op index: 25
Current grad: 16.088683604646487
New op index: 29
Current grad: 11.790373800749654
New op index: 10
Current grad: 87.19600187787115
New op index: 29
Current grad: 12.535211317554017
New op index: 37
Current grad: 8.204967053374512
New op index: 22
Current grad: 70.25238606373377
New op index: 37
Current grad: 9.885924497881323
New op index: 33
Current grad: 5.583113932898731
New op index: 16
Current grad: 72.66414876837244
New op index: 33
Current grad: 6.2025603129380915
New op index: 19
Current grad: 0.011622004357501393
New op index: 33
Current grad: 0.005018608952007927
Adding the same operator twice is not sensible, terminating.
Calculating energies for FreeWilson2D(N_x=2, N_y=2, mass=0.204, r=1.000)
h_im: 0.0
New op index: 25
Current grad: 16.04081632653059
0:	0.00e+00	0.00e+00
1:	1.10e+00	0.00e+00
2:	0.00e+00	0.00e+00
3:	0.00e+00	0.00e+00
4:	-6.02e-01	0.00e+00
5:	0.00e+00	0.00e+00
6:	0.00e+00	0.00e+00
7:	6.02e-01	0.00e+00
8:	0.00e+00	0.00e+00
9:	0.00e+00	0.00e+00
10:	-1.10e+00	-5.00e-01
11:	0.00e+00	-5.00e-01
12:	0.00e+00	0.00e+00
13:	-1.10e+00	-5.00e-01
14:	0.00e+00	-5.00e-01
15:	0.00e+00	0.00e+00
16:	6.02e-01	0.00e+00
17:	0.00e+00	0.00e+00
18:	0.00e+00	0.00e+00
19:	-6.02e-01	0.00e+00
20:	0.00e+00	0.00e+00
21:	0.00e+00	0.00e+00
22:	1.10e+00	0.00e+00
23:	0.00e+00	0.00e+00
24:	0.00e+00	0.00e+00
25:	1.70e+00	0.00e+00
26:	0.00e+00	0.00e+00
27:	-1.20e+00	0.00e+00
28:	0.00e+00	-5.00e-01
29:	1.70e+00	-5.00e-01
30:	0.00e+00	0.00e+00
31:	0.00e+00	-2.00e+00
32:	0.00e+00	-5.00e-01
33:	-1.70e+00	-5.00e-01
34:	0.00e+00	0.00e+00
35:	1.20e+00	0.00e+00
36:	0.00e+00	0.00e+00
37:	-1.70e+00	0.00e+00
New op index: 1
Current grad: 78.42697950195641
New op index: 25
Current grad: 17.59636651350011
New op index: 29
Current grad: 12.929766318911911
New op index: 10
Current grad: 87.62219975942791
New op index: 29
Current grad: 13.710375915970406
New op index: 33
Current grad: 9.021752737334175
New op index: 13
Current grad: 70.92161154939004
New op index: 33
Current grad: 10.536810945140905
New op index: 37
Current grad: 4.909532940169642
New op index: 22
Current grad: 72.28399516576357
New op index: 37
Current grad: 5.5952340693401705
New op index: 7
Current grad: 0.02639317240602844
New op index: 16
Current grad: 0.012215152956702448
New op index: 33
Current grad: 0.006826737510400082
New op index: 16
Current grad: 0.005754925189640672
New op index: 33
Current grad: 0.003741045144008535
New op index: 16
Current grad: 0.0033348735824114016
New op index: 16
Current grad: 0.0029140879186178963
Adding the same operator twice is not sensible, terminating.
Calculating energies for FreeWilson2D(N_x=2, N_y=2, mass=0.367, r=1.000)
h_im: 0.0
New op index: 25
Current grad: 17.67346938775507
0:	0.00e+00	0.00e+00
1:	1.18e+00	0.00e+00
2:	0.00e+00	0.00e+00
3:	0.00e+00	0.00e+00
4:	-6.84e-01	0.00e+00
5:	0.00e+00	0.00e+00
6:	0.00e+00	0.00e+00
7:	6.84e-01	0.00e+00
8:	0.00e+00	0.00e+00
9:	0.00e+00	0.00e+00
10:	-1.18e+00	-5.00e-01
11:	0.00e+00	-5.00e-01
12:	0.00e+00	0.00e+00
13:	-1.18e+00	-5.00e-01
14:	0.00e+00	-5.00e-01
15:	0.00e+00	0.00e+00
16:	6.84e-01	0.00e+00
17:	0.00e+00	0.00e+00
18:	0.00e+00	0.00e+00
19:	-6.84e-01	0.00e+00
20:	0.00e+00	0.00e+00
21:	0.00e+00	0.00e+00
22:	1.18e+00	0.00e+00
23:	0.00e+00	0.00e+00
24:	0.00e+00	0.00e+00
25:	1.87e+00	0.00e+00
26:	0.00e+00	0.00e+00
27:	-1.37e+00	0.00e+00
28:	0.00e+00	-5.00e-01
29:	1.87e+00	-5.00e-01
30:	0.00e+00	0.00e+00
31:	0.00e+00	-2.00e+00
32:	0.00e+00	-5.00e-01
33:	-1.87e+00	-5.00e-01
34:	0.00e+00	0.00e+00
35:	1.37e+00	0.00e+00
36:	0.00e+00	0.00e+00
37:	-1.87e+00	0.00e+00
New op index: 1
Current grad: 80.3179467652948
New op index: 25
Current grad: 19.106570195540478
New op index: 29
Current grad: 14.072469805881726
New op index: 10
Current grad: 88.12808579012224
New op index: 29
Current grad: 14.887880271391793
New op index: 33
Current grad: 9.837226423438771
New op index: 13
Current grad: 71.96000046906373
New op index: 33
Current grad: 11.223259513228912
New op index: 37
Current grad: 5.236001597964299
New op index: 19
Current grad: 72.42497040092901
New op index: 37
Current grad: 5.9560067540282535
New op index: 29
Current grad: 0.00027644982382762066
Precision cutoff reached.
Calculating energies for FreeWilson2D(N_x=2, N_y=2, mass=0.531, r=1.000)
h_im: 0.0
New op index: 25
Current grad: 19.306122448979558
0:	0.00e+00	0.00e+00
1:	1.27e+00	0.00e+00
2:	0.00e+00	0.00e+00
3:	0.00e+00	0.00e+00
4:	-7.65e-01	0.00e+00
5:	0.00e+00	0.00e+00
6:	0.00e+00	0.00e+00
7:	7.65e-01	0.00e+00
8:	0.00e+00	0.00e+00
9:	0.00e+00	0.00e+00
10:	-1.27e+00	-5.00e-01
11:	0.00e+00	-5.00e-01
12:	0.00e+00	0.00e+00
13:	-1.27e+00	-5.00e-01
14:	0.00e+00	-5.00e-01
15:	0.00e+00	0.00e+00
16:	7.65e-01	0.00e+00
17:	0.00e+00	0.00e+00
18:	0.00e+00	0.00e+00
19:	-7.65e-01	0.00e+00
20:	0.00e+00	0.00e+00
21:	0.00e+00	0.00e+00
22:	1.27e+00	0.00e+00
23:	0.00e+00	0.00e+00
24:	0.00e+00	0.00e+00
25:	2.03e+00	0.00e+00
26:	0.00e+00	0.00e+00
27:	-1.53e+00	0.00e+00
28:	0.00e+00	-5.00e-01
29:	2.03e+00	-5.00e-01
30:	0.00e+00	0.00e+00
31:	0.00e+00	-2.00e+00
32:	0.00e+00	-5.00e-01
33:	-2.03e+00	-5.00e-01
34:	0.00e+00	0.00e+00
35:	1.53e+00	0.00e+00
36:	0.00e+00	0.00e+00
37:	-2.03e+00	0.00e+00
New op index: 1
Current grad: 82.12324464285214
New op index: 25
Current grad: 20.61969987532847
New op index: 29
Current grad: 15.215558893054304
New op index: 10
Current grad: 88.68986304552152
New op index: 29
Current grad: 16.06826961962649
New op index: 33
Current grad: 10.654136302500103
New op index: 13
Current grad: 72.9835224224292
New op index: 33
Current grad: 11.91814735238871
New op index: 37
Current grad: 5.563529007643114
New op index: 22
Current grad: 72.5126036161403
New op index: 37
Current grad: 6.360130133320894
New op index: 16
Current grad: 0.0271611379094039
New op index: 33
Current grad: 0.011210132231245833
New op index: 16
Current grad: 0.007030394714620072
New op index: 29
Current grad: 0.005482983898419099
Adding the same operator twice is not sensible, terminating.
Calculating energies for FreeWilson2D(N_x=2, N_y=2, mass=0.694, r=1.000)
h_im: 0.0
New op index: 25
Current grad: 20.938775510204053
0:	0.00e+00	0.00e+00
1:	1.35e+00	0.00e+00
2:	0.00e+00	0.00e+00
3:	0.00e+00	0.00e+00
4:	-8.47e-01	0.00e+00
5:	0.00e+00	0.00e+00
6:	0.00e+00	0.00e+00
7:	8.47e-01	0.00e+00
8:	0.00e+00	0.00e+00
9:	0.00e+00	0.00e+00
10:	-1.35e+00	-5.00e-01
11:	0.00e+00	-5.00e-01
12:	0.00e+00	0.00e+00
13:	-1.35e+00	-5.00e-01
14:	0.00e+00	-5.00e-01
15:	0.00e+00	0.00e+00
16:	8.47e-01	0.00e+00
17:	0.00e+00	0.00e+00
18:	0.00e+00	0.00e+00
19:	-8.47e-01	0.00e+00
20:	0.00e+00	0.00e+00
21:	0.00e+00	0.00e+00
22:	1.35e+00	0.00e+00
23:	0.00e+00	0.00e+00
24:	0.00e+00	0.00e+00
25:	2.19e+00	0.00e+00
26:	0.00e+00	0.00e+00
27:	-1.69e+00	0.00e+00
28:	0.00e+00	-5.00e-01
29:	2.19e+00	-5.00e-01
30:	0.00e+00	0.00e+00
31:	0.00e+00	-2.00e+00
32:	0.00e+00	-5.00e-01
33:	-2.19e+00	-5.00e-01
34:	0.00e+00	0.00e+00
35:	1.69e+00	0.00e+00
36:	0.00e+00	0.00e+00
37:	-2.19e+00	0.00e+00
New op index: 1
Current grad: 83.85638432244068
New op index: 25
Current grad: 22.143006205729016
New op index: 29
Current grad: 16.35996483822497
New op index: 10
Current grad: 89.2946037497623
New op index: 29
Current grad: 17.251925891067287
New op index: 33
Current grad: 11.472752409538602
New op index: 13
Current grad: 73.89785330980015
New op index: 33
Current grad: 12.61362503191793
New op index: 37
Current grad: 5.893225914253833
New op index: 22
Current grad: 72.63643619469906
New op index: 37
Current grad: 6.667680181228755
New op index: 16
Current grad: 0.024766153666928095
New op index: 33
Current grad: 0.00937513878610659
New op index: 16
Current grad: 0.005382714322822907
New op index: 33
Current grad: 0.003836302394627737
New op index: 16
Current grad: 0.0030837616997447977
New op index: 16
Current grad: 0.0026742684307056635
Adding the same operator twice is not sensible, terminating.
Calculating energies for FreeWilson2D(N_x=2, N_y=2, mass=0.857, r=1.000)
h_im: 0.0
New op index: 25
Current grad: 22.57142857142854
0:	0.00e+00	0.00e+00
1:	1.43e+00	0.00e+00
2:	0.00e+00	0.00e+00
3:	0.00e+00	0.00e+00
4:	-9.29e-01	0.00e+00
5:	0.00e+00	0.00e+00
6:	0.00e+00	0.00e+00
7:	9.29e-01	0.00e+00
8:	0.00e+00	0.00e+00
9:	0.00e+00	0.00e+00
10:	-1.43e+00	-5.00e-01
11:	0.00e+00	-5.00e-01
12:	0.00e+00	0.00e+00
13:	-1.43e+00	-5.00e-01
14:	0.00e+00	-5.00e-01
15:	0.00e+00	0.00e+00
16:	9.29e-01	0.00e+00
17:	0.00e+00	0.00e+00
18:	0.00e+00	0.00e+00
19:	-9.29e-01	0.00e+00
20:	0.00e+00	0.00e+00
21:	0.00e+00	0.00e+00
22:	1.43e+00	0.00e+00
23:	0.00e+00	0.00e+00
24:	0.00e+00	0.00e+00
25:	2.36e+00	0.00e+00
26:	0.00e+00	0.00e+00
27:	-1.86e+00	0.00e+00
28:	0.00e+00	-5.00e-01
29:	2.36e+00	-5.00e-01
30:	0.00e+00	0.00e+00
31:	0.00e+00	-2.00e+00
32:	0.00e+00	-5.00e-01
33:	-2.36e+00	-5.00e-01
34:	0.00e+00	0.00e+00
35:	1.86e+00	0.00e+00
36:	0.00e+00	0.00e+00
37:	-2.36e+00	0.00e+00
New op index: 1
Current grad: 85.59002324623717
New op index: 25
Current grad: 23.664843296007515
New op index: 29
Current grad: 17.500120882114675
New op index: 10
Current grad: 89.93796355552037
New op index: 29
Current grad: 18.437223026647374
New op index: 37
Current grad: 12.285778144581187
New op index: 22
Current grad: 75.31301845771843
New op index: 37
Current grad: 13.379149371715
New op index: 33
Current grad: 7.22499046335133
New op index: 16
Current grad: 73.24762773433831
New op index: 33
Current grad: 7.971193477042534
New op index: 4
Current grad: 0.04832622306502257
New op index: 22
Current grad: 0.0008651574310449552
Precision cutoff reached.
Calculating energies for FreeWilson2D(N_x=2, N_y=2, mass=1.020, r=1.000)
h_im: 0.0
New op index: 25
Current grad: 24.20408163265303
0:	0.00e+00	0.00e+00
1:	1.51e+00	0.00e+00
2:	0.00e+00	0.00e+00
3:	0.00e+00	0.00e+00
4:	-1.01e+00	0.00e+00
5:	0.00e+00	0.00e+00
6:	0.00e+00	0.00e+00
7:	1.01e+00	0.00e+00
8:	0.00e+00	0.00e+00
9:	0.00e+00	0.00e+00
10:	-1.51e+00	-5.00e-01
11:	0.00e+00	-5.00e-01
12:	0.00e+00	0.00e+00
13:	-1.51e+00	-5.00e-01
14:	0.00e+00	-5.00e-01
15:	0.00e+00	0.00e+00
16:	1.01e+00	0.00e+00
17:	0.00e+00	0.00e+00
18:	0.00e+00	0.00e+00
19:	-1.01e+00	0.00e+00
20:	0.00e+00	0.00e+00
21:	0.00e+00	0.00e+00
22:	1.51e+00	0.00e+00
23:	0.00e+00	0.00e+00
24:	0.00e+00	0.00e+00
25:	2.52e+00	0.00e+00
26:	0.00e+00	0.00e+00
27:	-2.02e+00	0.00e+00
28:	0.00e+00	-5.00e-01
29:	2.52e+00	-5.00e-01
30:	0.00e+00	0.00e+00
31:	0.00e+00	-2.00e+00
32:	0.00e+00	-5.00e-01
33:	-2.52e+00	-5.00e-01
34:	0.00e+00	0.00e+00
35:	2.02e+00	0.00e+00
36:	0.00e+00	0.00e+00
37:	-2.52e+00	0.00e+00
New op index: 1
Current grad: 87.25602121701237
New op index: 25
Current grad: 25.176446130900533
New op index: 29
Current grad: 18.644418607679107
New op index: 10
Current grad: 90.61281568668892
New op index: 29
Current grad: 19.611413323351023
New op index: 33
Current grad: 13.102587144530482
New op index: 13
Current grad: 75.65709178542718
New op index: 33
Current grad: 14.025401507895696
New op index: 37
Current grad: 6.5436258323932925
New op index: 22
Current grad: 72.85728350466056
New op index: 37
Current grad: 7.384572633810372
New op index: 10
Current grad: 0.02564085110630684
New op index: 37
Current grad: 0.013893744332157815
Adding the same operator twice is not sensible, terminating.
Calculating energies for FreeWilson2D(N_x=2, N_y=2, mass=1.184, r=1.000)
h_im: 0.0
New op index: 25
Current grad: 25.83673469387751
0:	0.00e+00	0.00e+00
1:	1.59e+00	0.00e+00
2:	0.00e+00	0.00e+00
3:	0.00e+00	0.00e+00
4:	-1.09e+00	0.00e+00
5:	0.00e+00	0.00e+00
6:	0.00e+00	0.00e+00
7:	1.09e+00	0.00e+00
8:	0.00e+00	0.00e+00
9:	0.00e+00	0.00e+00
10:	-1.59e+00	-5.00e-01
11:	0.00e+00	-5.00e-01
12:	0.00e+00	0.00e+00
13:	-1.59e+00	-5.00e-01
14:	0.00e+00	-5.00e-01
15:	0.00e+00	0.00e+00
16:	1.09e+00	0.00e+00
17:	0.00e+00	0.00e+00
18:	0.00e+00	0.00e+00
19:	-1.09e+00	0.00e+00
20:	0.00e+00	0.00e+00
21:	0.00e+00	0.00e+00
22:	1.59e+00	0.00e+00
23:	0.00e+00	0.00e+00
24:	0.00e+00	0.00e+00
25:	2.68e+00	0.00e+00
26:	0.00e+00	0.00e+00
27:	-2.18e+00	0.00e+00
28:	0.00e+00	-5.00e-01
29:	2.68e+00	-5.00e-01
30:	0.00e+00	0.00e+00
31:	0.00e+00	-2.00e+00
32:	0.00e+00	-5.00e-01
33:	-2.68e+00	-5.00e-01
34:	0.00e+00	0.00e+00
35:	2.18e+00	0.00e+00
36:	0.00e+00	0.00e+00
37:	-2.68e+00	0.00e+00
New op index: 1
Current grad: 88.88513300934592
New op index: 25
Current grad: 26.70097395972791
New op index: 29
Current grad: 19.78575089233955
New op index: 7
Current grad: 81.82405461883936
New op index: 29
Current grad: 20.79579702198925
New op index: 37
Current grad: 13.93914709810254
New op index: 22
Current grad: 76.97188211420722
New op index: 37
Current grad: 14.794153915883816
New op index: 33
Current grad: 7.876676243770741
New op index: 13
Current grad: 73.52064997331266
New op index: 33
Current grad: 8.685287942748962
New op index: 37
Current grad: 0.015139910712182375
Adding the same operator twice is not sensible, terminating.
Calculating energies for FreeWilson2D(N_x=2, N_y=2, mass=1.347, r=1.000)
h_im: 0.0
New op index: 25
Current grad: 27.469387755101998
0:	0.00e+00	0.00e+00
1:	1.67e+00	0.00e+00
2:	0.00e+00	0.00e+00
3:	0.00e+00	0.00e+00
4:	-1.17e+00	0.00e+00
5:	0.00e+00	0.00e+00
6:	0.00e+00	0.00e+00
7:	1.17e+00	0.00e+00
8:	0.00e+00	0.00e+00
9:	0.00e+00	0.00e+00
10:	-1.67e+00	-5.00e-01
11:	0.00e+00	-5.00e-01
12:	0.00e+00	0.00e+00
13:	-1.67e+00	-5.00e-01
14:	0.00e+00	-5.00e-01
15:	0.00e+00	0.00e+00
16:	1.17e+00	0.00e+00
17:	0.00e+00	0.00e+00
18:	0.00e+00	0.00e+00
19:	-1.17e+00	0.00e+00
20:	0.00e+00	0.00e+00
21:	0.00e+00	0.00e+00
22:	1.67e+00	0.00e+00
23:	0.00e+00	0.00e+00
24:	0.00e+00	0.00e+00
25:	2.85e+00	0.00e+00
26:	0.00e+00	0.00e+00
27:	-2.35e+00	0.00e+00
28:	0.00e+00	-5.00e-01
29:	2.85e+00	-5.00e-01
30:	0.00e+00	0.00e+00
31:	0.00e+00	-2.00e+00
32:	0.00e+00	-5.00e-01
33:	-2.85e+00	-5.00e-01
34:	0.00e+00	0.00e+00
35:	2.35e+00	0.00e+00
36:	0.00e+00	0.00e+00
37:	-2.85e+00	0.00e+00
New op index: 1
Current grad: 90.48389482178793
New op index: 25
Current grad: 28.23853724272069
New op index: 29
Current grad: 20.935234264399533
New op index: 7
Current grad: 82.93587320719021
New op index: 29
Current grad: 21.98069723357741
New op index: 37
Current grad: 14.760412301852108
New op index: 22
Current grad: 77.7648350404622
New op index: 37
Current grad: 15.505167991569065
New op index: 33
Current grad: 8.205165300354702
New op index: 16
Current grad: 73.6100457905978
New op index: 33
Current grad: 9.047372469411561
New op index: 37
Current grad: 0.031454734802100565
Adding the same operator twice is not sensible, terminating.
Calculating energies for FreeWilson2D(N_x=2, N_y=2, mass=1.510, r=1.000)
h_im: 0.0
New op index: 25
Current grad: 29.102040816326483
0:	0.00e+00	0.00e+00
1:	1.76e+00	0.00e+00
2:	0.00e+00	0.00e+00
3:	0.00e+00	0.00e+00
4:	-1.26e+00	0.00e+00
5:	0.00e+00	0.00e+00
6:	0.00e+00	0.00e+00
7:	1.26e+00	0.00e+00
8:	0.00e+00	0.00e+00
9:	0.00e+00	0.00e+00
10:	-1.76e+00	-5.00e-01
11:	0.00e+00	-5.00e-01
12:	0.00e+00	0.00e+00
13:	-1.76e+00	-5.00e-01
14:	0.00e+00	-5.00e-01
15:	0.00e+00	0.00e+00
16:	1.26e+00	0.00e+00
17:	0.00e+00	0.00e+00
18:	0.00e+00	0.00e+00
19:	-1.26e+00	0.00e+00
20:	0.00e+00	0.00e+00
21:	0.00e+00	0.00e+00
22:	1.76e+00	0.00e+00
23:	0.00e+00	0.00e+00
24:	0.00e+00	0.00e+00
25:	3.01e+00	0.00e+00
26:	0.00e+00	0.00e+00
27:	-2.51e+00	0.00e+00
28:	0.00e+00	-5.00e-01
29:	3.01e+00	-5.00e-01
30:	0.00e+00	0.00e+00
31:	0.00e+00	-2.00e+00
32:	0.00e+00	-5.00e-01
33:	-3.01e+00	-5.00e-01
34:	0.00e+00	0.00e+00
35:	2.51e+00	0.00e+00
36:	0.00e+00	0.00e+00
37:	-3.01e+00	0.00e+00
New op index: 1
Current grad: 92.07877080640213
New op index: 25
Current grad: 29.768268752533828
New op index: 29
Current grad: 22.071449456103323
New op index: 7
Current grad: 84.02958964238051
New op index: 29
Current grad: 23.174600031879056
New op index: 33
Current grad: 15.552801775785115
New op index: 13
Current grad: 78.0375087019255
New op index: 33
Current grad: 16.14839312322266
New op index: 37
Current grad: 7.521711001304498
New op index: 22
Current grad: 73.20950632119981
New op index: 37
Current grad: 8.484745783008082
New op index: 7
Current grad: 0.0006879011338931507
Precision cutoff reached.
Calculating energies for FreeWilson2D(N_x=2, N_y=2, mass=1.673, r=1.000)
h_im: 0.0
New op index: 25
Current grad: 30.73469387755098
0:	0.00e+00	0.00e+00
1:	1.84e+00	0.00e+00
2:	0.00e+00	0.00e+00
3:	0.00e+00	0.00e+00
4:	-1.34e+00	0.00e+00
5:	0.00e+00	0.00e+00
6:	0.00e+00	0.00e+00
7:	1.34e+00	0.00e+00
8:	0.00e+00	0.00e+00
9:	0.00e+00	0.00e+00
10:	-1.84e+00	-5.00e-01
11:	0.00e+00	-5.00e-01
12:	0.00e+00	0.00e+00
13:	-1.84e+00	-5.00e-01
14:	0.00e+00	-5.00e-01
15:	0.00e+00	0.00e+00
16:	1.34e+00	0.00e+00
17:	0.00e+00	0.00e+00
18:	0.00e+00	0.00e+00
19:	-1.34e+00	0.00e+00
20:	0.00e+00	0.00e+00
21:	0.00e+00	0.00e+00
22:	1.84e+00	0.00e+00
23:	0.00e+00	0.00e+00
24:	0.00e+00	0.00e+00
25:	3.17e+00	0.00e+00
26:	0.00e+00	0.00e+00
27:	-2.67e+00	0.00e+00
28:	0.00e+00	-5.00e-01
29:	3.17e+00	-5.00e-01
30:	0.00e+00	0.00e+00
31:	0.00e+00	-2.00e+00
32:	0.00e+00	-5.00e-01
33:	-3.17e+00	-5.00e-01
34:	0.00e+00	0.00e+00
35:	2.67e+00	0.00e+00
36:	0.00e+00	0.00e+00
37:	-3.17e+00	0.00e+00
New op index: 1
Current grad: 93.64127510425537
New op index: 25
Current grad: 31.301028817154176
New op index: 29
Current grad: 23.215052908474874
New op index: 7
Current grad: 85.10758188515592
New op index: 29
Current grad: 24.358805882222878
New op index: 37
Current grad: 16.36889552386177
New op index: 22
Current grad: 79.2861140827588
New op index: 37
Current grad: 16.92396606172615
New op index: 33
Current grad: 8.848586669856221
New op index: 16
Current grad: 73.82617785186686
New op index: 33
Current grad: 9.775591663940336
New op index: 4
Current grad: 0.003187799408578653
New op index: 33
Current grad: 0.0015696959462299313
Adding the same operator twice is not sensible, terminating.
Calculating energies for FreeWilson2D(N_x=2, N_y=2, mass=1.837, r=1.000)
h_im: 0.0
New op index: 25
Current grad: 32.36734693877546
0:	0.00e+00	0.00e+00
1:	1.92e+00	0.00e+00
2:	0.00e+00	0.00e+00
3:	0.00e+00	0.00e+00
4:	-1.42e+00	0.00e+00
5:	0.00e+00	0.00e+00
6:	0.00e+00	0.00e+00
7:	1.42e+00	0.00e+00
8:	0.00e+00	0.00e+00
9:	0.00e+00	0.00e+00
10:	-1.92e+00	-5.00e-01
11:	0.00e+00	-5.00e-01
12:	0.00e+00	0.00e+00
13:	-1.92e+00	-5.00e-01
14:	0.00e+00	-5.00e-01
15:	0.00e+00	0.00e+00
16:	1.42e+00	0.00e+00
17:	0.00e+00	0.00e+00
18:	0.00e+00	0.00e+00
19:	-1.42e+00	0.00e+00
20:	0.00e+00	0.00e+00
21:	0.00e+00	0.00e+00
22:	1.92e+00	0.00e+00
23:	0.00e+00	0.00e+00
24:	0.00e+00	0.00e+00
25:	3.34e+00	0.00e+00
26:	0.00e+00	0.00e+00
27:	-2.84e+00	0.00e+00
28:	0.00e+00	-5.00e-01
29:	3.34e+00	-5.00e-01
30:	0.00e+00	0.00e+00
31:	0.00e+00	-2.00e+00
32:	0.00e+00	-5.00e-01
33:	-3.34e+00	-5.00e-01
34:	0.00e+00	0.00e+00
35:	2.84e+00	0.00e+00
36:	0.00e+00	0.00e+00
37:	-3.34e+00	0.00e+00
New op index: 1
Current grad: 95.21236676320855
New op index: 25
Current grad: 32.826709367231835
New op index: 29
Current grad: 24.357517877186503
New op index: 7
Current grad: 86.1696161846152
New op index: 29
Current grad: 25.55078126115462
New op index: 33
Current grad: 17.19638790448884
New op index: 13
Current grad: 79.48266899571233
New op index: 33
Current grad: 17.56767627208278
New op index: 37
Current grad: 8.210445357103431
New op index: 22
Current grad: 73.44740663983491
New op index: 37
Current grad: 9.220859627066506
New op index: 19
Current grad: 0.02787795343193029
New op index: 33
Current grad: 0.0040194168305480605
Adding the same operator twice is not sensible, terminating.
Calculating energies for FreeWilson2D(N_x=2, N_y=2, mass=2.000, r=1.000)
h_im: 0.0
New op index: 25
Current grad: 33.99999999999996
0:	0.00e+00	0.00e+00
1:	2.00e+00	0.00e+00
2:	0.00e+00	0.00e+00
3:	0.00e+00	0.00e+00
4:	-1.50e+00	0.00e+00
5:	0.00e+00	0.00e+00
6:	0.00e+00	0.00e+00
7:	1.50e+00	0.00e+00
8:	0.00e+00	0.00e+00
9:	0.00e+00	0.00e+00
10:	-2.00e+00	-5.00e-01
11:	0.00e+00	-5.00e-01
12:	0.00e+00	0.00e+00
13:	-2.00e+00	-5.00e-01
14:	0.00e+00	-5.00e-01
15:	0.00e+00	0.00e+00
16:	1.50e+00	0.00e+00
17:	0.00e+00	0.00e+00
18:	0.00e+00	0.00e+00
19:	-1.50e+00	0.00e+00
20:	0.00e+00	0.00e+00
21:	0.00e+00	0.00e+00
22:	2.00e+00	0.00e+00
23:	0.00e+00	0.00e+00
24:	0.00e+00	0.00e+00
25:	3.50e+00	0.00e+00
26:	0.00e+00	0.00e+00
27:	-3.00e+00	0.00e+00
28:	0.00e+00	-5.00e-01
29:	3.50e+00	-5.00e-01
30:	0.00e+00	0.00e+00
31:	0.00e+00	-2.00e+00
32:	0.00e+00	-5.00e-01
33:	-3.50e+00	-5.00e-01
34:	0.00e+00	0.00e+00
35:	3.00e+00	0.00e+00
36:	0.00e+00	0.00e+00
37:	-3.50e+00	0.00e+00
New op index: 4
Current grad: 105.43569578491159
New op index: 25
Current grad: 34.39030527081484
New op index: 29
Current grad: 25.500021530711134
New op index: 7
Current grad: 87.23431114805715
New op index: 29
Current grad: 26.75200583958758
New op index: 37
Current grad: 18.021496661682093
New op index: 19
Current grad: 89.41825533611414
New op index: 37
Current grad: 18.396084844559077
New op index: 33
Current grad: 9.540802317444053
New op index: 13
Current grad: 74.05672214158194
New op index: 33
Current grad: 10.51307069706063
New op index: 7
Current grad: 0.0007577472845654293
Precision cutoff reached.
-----Beginning pprint-----
/:
	Attributes:
		ProcessId: 23863126
	2025-11-13_16-22-00-23863126:
		Attributes:
			HamiltonianType: ZeroChargePenalty
			Last-Modified: 2025-11-13_16-22-00
			ProcessId: 23863126
			SimulatorType: Aer
			SolverName: AdaptVQE
			SystemName: FreeWilson2D
			n_x: 2
			n_y: 2
			r: 1.0
		AdaptOptions:
			Attributes:
				gradient_hamiltonian_type: HamiltonianType.ZeroChargePenalty
				max_depth: 30
				prec_cutoff: 0.001
				precision: 0
		AnsatzOperatorDerivatives: Dataset (dtype=float64, shape=(50, 19, 38), maxshape=(50, None, 38))
			Attributes:
				DIMENSION_LABELS: ['mass' 'AnsatzOperatorAxis' 'AnsatzPoolOperatorAxis']
				NDataDims: 2
		AnsatzOperatorSecondDerivatives: Dataset (dtype=float64, shape=(50, 19, 38), maxshape=(50, None, 38))
			Attributes:
				DIMENSION_LABELS: ['mass' 'AnsatzOperatorAxis' 'AnsatzPoolOperatorAxis']
				NDataDims: 2
		AnsatzOperators: Dataset (dtype=int64, shape=(50, 18), maxshape=(50, None))
			Attributes:
				DIMENSION_LABELS: ['mass' 'AnsatzOperatorAxis']
				NDataDims: 1
		Circuit:
			Attributes:
				Ansatz: HardwareAdaptAnsatz7
			AnsatzOptions:
				Attributes:
					num_qubits: 8
		CircuitParameters: Dataset (dtype=float64, shape=(50, 1240, 18), maxshape=(50, None, None))
			Attributes:
				DIMENSION_LABELS: ['mass' 'IterationAxis' 'CircuitParameterAxis']
				NDataDims: 2
		Data:
			Attributes:
			evs:
				Attributes:
				Hamiltonian: Dataset (dtype=float64, shape=(50, 1240), maxshape=(50, None))
					Attributes:
						DIMENSION_LABELS: ['mass' 'IterationAxis']
						NDataDims: 1
			stds:
				Attributes:
				Hamiltonian: Dataset (dtype=float64, shape=(50, 1240), maxshape=(50, None))
					Attributes:
						DIMENSION_LABELS: ['mass' 'IterationAxis']
						NDataDims: 1
		EstimatorOptions:
			Attributes:
				_VERSION: 2
				default_precision: Unset
				default_shots: Unset
				experimental: Unset
				max_execution_time: Unset
				resilience_level: Unset
				seed_estimator: 23863126
			dynamical_decoupling:
				Attributes:
					enable: Unset
					extra_slack_distribution: Unset
					scheduling_method: Unset
					sequence_type: Unset
					skip_reset_qubits: Unset
			environment:
				Attributes:
					callback: None
					job_tags: None
					log_level: WARNING
					private: False
			execution:
				Attributes:
					init_qubits: Unset
					rep_delay: Unset
			resilience:
				Attributes:
					layer_noise_model: Unset
					measure_mitigation: Unset
					pec_mitigation: Unset
					zne_mitigation: Unset
				layer_noise_learning:
					Attributes:
						layer_pair_depths: Unset
						max_layers_to_learn: Unset
						num_randomizations: Unset
						shots_per_randomization: Unset
				measure_noise_learning:
					Attributes:
						num_randomizations: Unset
						shots_per_randomization: Unset
				pec:
					Attributes:
						max_overhead: Unset
						noise_gain: Unset
				zne:
					Attributes:
						amplifier: Unset
						extrapolated_noise_factors: Unset
						extrapolator: Unset
						noise_factors: Unset
			simulator:
				Attributes:
					basis_gates: Unset
					coupling_map: Unset
					noise_model: Unset
					seed_simulator: Unset
			twirling:
				Attributes:
					enable_gates: Unset
					enable_measure: Unset
					num_randomizations: Unset
					shots_per_randomization: Unset
					strategy: Unset
		MetaData:
			Attributes:
			circuit_metadata: Dataset (dtype=object, shape=(50, 1240), maxshape=(50, None))
				Attributes:
					DIMENSION_LABELS: ['mass' 'IterationAxis']
					NDataDims: 1
			simulator_metadata: Dataset (dtype=object, shape=(50, 1240), maxshape=(50, None))
				Attributes:
					DIMENSION_LABELS: ['mass' 'IterationAxis']
					NDataDims: 1
			target_precision: Dataset (dtype=float64, shape=(50, 1240), maxshape=(50, None))
				Attributes:
					DIMENSION_LABELS: ['mass' 'IterationAxis']
					NDataDims: 1
			version: Dataset (dtype=int64, shape=(50, 1240), maxshape=(50, None))
				Attributes:
					DIMENSION_LABELS: ['mass' 'IterationAxis']
					NDataDims: 1
		NIterations: Dataset (dtype=int64, shape=(50,), maxshape=(50,))
			Attributes:
				DIMENSION_LABELS: ['mass']
				NDataDims: 0
		OptimizerOptions:
			Attributes:
				bounds: None
				callback: None
				constraints: []
				method: slsqp
				tol: None
				x0Seed: 23863126
			options:
				Attributes:
					disp: 0
					maxiter: 20000
		PresetPassManagerOptions:
			Attributes:
		SimulatorOptions:
			Attributes:
				method: matrix_product_state
		StartIterations: Dataset (dtype=int64, shape=(50, 18), maxshape=(50, None))
			Attributes:
				DIMENSION_LABELS: ['mass' 'AnsatzOperatorAxis']
				NDataDims: 1
		VersionInfo:
			Attributes:
				QiskitAerVersion: 0.17.1
				QiskitIBMRuntimeVersion: 0.41.1
				QiskitVersion: 2.1.2
		mass: Dataset (dtype=float64, shape=(50,), maxshape=(50,))
			Attributes:
-----Ending pprint-----
End 2025-11-13 16:29:51 | 23863126 MyPyJob | node078 | /home/s6nidich_hpc/PycharmProjects/QC-MasterThesis 

