Start 2025-10-21 16:10:53 | 23708081 MyPyJob | node017 | /home/s6nidich_hpc/PycharmProjects/QC-MasterThesis 

Used python interpreter:
/home/s6nidich_hpc/PycharmProjects/QC-MasterThesis/.venv_intel_3_12_3/bin/python
Python version:
Python 3.12.3

Currently Loaded Modules:
  1) GCCcore/13.3.0                   7) Tcl/8.6.14-GCCcore-13.3.0
  2) zlib/1.3.1-GCCcore-13.3.0        8) SQLite/3.45.3-GCCcore-13.3.0
  3) binutils/2.42-GCCcore-13.3.0     9) XZ/5.4.5-GCCcore-13.3.0
  4) bzip2/1.0.8-GCCcore-13.3.0      10) libffi/3.4.5-GCCcore-13.3.0
  5) ncurses/6.5-GCCcore-13.3.0      11) OpenSSL/3
  6) libreadline/8.2-GCCcore-13.3.0  12) Python/3.12.3-GCCcore-13.3.0

 

Start of Program:

-----Beginning pprint-----
/:
	Attributes:
-----Ending pprint-----
Calculating energies for FreeWilson2D(N_x=2, N_y=2, mass=-6.000, r=1.000)
h: 0.0
New op index: 1
Current grad: 17.999999999999986
0:	-2.00e+00	0.00e+00
1:	2.50e+00	0.00e+00
2:	-2.50e+00	0.00e+00
3:	2.00e+00	-5.00e-01
4:	2.00e+00	-5.00e-01
5:	-2.50e+00	1.39e-17
6:	2.50e+00	6.94e-18
7:	-2.00e+00	6.94e-18
Return from COBYLA because the trust region radius reaches its lower bound.
Number of function values = 31   Least value of F = 198.0000000000168
The corresponding X is: [-1.5708]

New op index: 5
Current grad: 15.000007346410195
Return from COBYLA because the trust region radius reaches its lower bound.
Number of function values = 46   Least value of F = 145.5000000006685
The corresponding X is: [-1.57080095  1.5707943 ]

New op index: 6
Current grad: 12.000015336222852
Return from COBYLA because the trust region radius reaches its lower bound.
Number of function values = 339   Least value of F = 143.9372780762228
The corresponding X is:
[-1.57077393  1.56597914 -1.3258076 ]

New op index: 2
Current grad: 10.475523619409044
Return from COBYLA because the trust region radius reaches its lower bound.
Number of function values = 86   Least value of F = 92.49038551334776
The corresponding X is:
[-1.56118521  1.56118266 -1.56117862  1.56118145]

New op index: 0
Current grad: 9.922716722846095
Return from COBYLA because the trust region radius reaches its lower bound.
Number of function values = 571   Least value of F = 90.43603442845121
The corresponding X is:
[-1.56582744  1.32619537 -1.56597343  1.570782    1.57080246]

New op index: 7
Current grad: 6.965177974538533
Return from COBYLA because the trust region radius reaches its lower bound.
Number of function values = 127   Least value of F = 42.495192527568086
The corresponding X is:
[-1.56118313  1.57079899 -1.56117917  1.5707889   1.57079508 -1.5707979 ]

New op index: 3
Current grad: 4.961518184423915
Return from COBYLA because the trust region radius reaches its lower bound.
Number of function values = 2655   Least value of F = 35.997549160783564
The corresponding X is:
[-1.57081707  1.57111911 -1.56589938  1.57078395  1.57076939 -4.71208847
 -1.5756965 ]

New op index: 4
Current grad: 2.9838075162576603
Return from COBYLA because the trust region radius reaches its lower bound.
Number of function values = 177   Least value of F = -15.999999998020348
The corresponding X is:
[-1.57079172  1.57079746 -1.57079968  1.57079703  1.57080208 -4.7123901
 -1.57079464 -1.57079411]

New op index: 0
Current grad: 4.320364783725811e-05
Precision cutoff reached.
Calculating energies for FreeWilson2D(N_x=2, N_y=2, mass=2.000, r=1.000)
h: 0.0
New op index: 0
Current grad: 13.999999999999988
0:	2.00e+00	0.00e+00
1:	-1.50e+00	0.00e+00
2:	1.50e+00	0.00e+00
3:	-2.00e+00	-5.00e-01
4:	-2.00e+00	-5.00e-01
5:	1.50e+00	-1.39e-17
6:	-1.50e+00	3.47e-17
7:	2.00e+00	-2.08e-17
Return from COBYLA because the trust region radius reaches its lower bound.
Number of function values = 30   Least value of F = 198.5000000000131
The corresponding X is: [-1.5708]

New op index: 1
Current grad: 12.500009183012748
Return from COBYLA because the trust region radius reaches its lower bound.
Number of function values = 47   Least value of F = 146.49759620980237
The corresponding X is: [-1.58040881  1.57079342]

New op index: 3
Current grad: 11.48075660800076
Return from COBYLA because the trust region radius reaches its lower bound.
Number of function values = 282   Least value of F = 143.9372035058103
The corresponding X is:
[-1.57577746  1.57078366  1.81576558]

New op index: 4
Current grad: 9.975150265572973
Return from COBYLA because the trust region radius reaches its lower bound.
Number of function values = 85   Least value of F = 96.4975962099259
The corresponding X is:
[-1.58040739  1.57079592  1.57079566 -1.57079446]

New op index: 7
Current grad: 7.980761240997227
Return from COBYLA because the trust region radius reaches its lower bound.
Number of function values = 1402   Least value of F = 89.49877459907675
The corresponding X is:
[-1.57570426  1.5708522   1.57095431  1.57057079 -1.57079614]

New op index: 2
Current grad: 6.490944590247789
Return from COBYLA because the trust region radius reaches its lower bound.
Number of function values = 119   Least value of F = 37.997595989017846
The corresponding X is:
[-1.57088729  1.57079484  1.57079806  1.57080302 -1.57079552 -1.56118461]

New op index: 5
Current grad: 4.4854494075046905
Return from COBYLA because the trust region radius reaches its lower bound.
Number of function values = 1309   Least value of F = 35.99754906510764
The corresponding X is:
[-1.57101273  1.57569663  1.57074828  1.57569736 -1.57079744 -1.57050045
 -1.57060111]

New op index: 6
Current grad: 2.9861370416406565
Return from COBYLA because the trust region radius reaches its lower bound.
Number of function values = 148   Least value of F = -15.9999999981707
The corresponding X is:
[-1.57079683  1.57079364  1.5707976   1.57079171 -1.57079102 -1.5707993
 -1.57079551  1.57079789]

New op index: 7
Current grad: 4.219859819845862e-05
Precision cutoff reached.
-----Beginning pprint-----
/:
	Attributes:
		ProcessId: 23708081
	2025-10-21_16-10-54-23708081:
		Attributes:
			HamiltonianType: ZeroChargePenalty
			Last-Modified: 2025-10-21_16-10-54
			ProcessId: 23708081
			SimulatorType: Statevector
			SolverName: AdaptVQE
			SystemName: FreeWilson2D
			n_x: 2
			n_y: 2
			r: 1.0
		AdaptOptions:
			Attributes:
				prec_cutoff: 0.001
		AnsatzOperatorDerivatives: Dataset (dtype=float64, shape=(2, 9, 8), maxshape=(2, None, 8))
			Attributes:
				DIMENSION_LABELS: ['mass' 'AnsatzOperatorAxis' 'AnsatzPoolOperatorAxis']
				NDataDims: 2
		AnsatzOperators: Dataset (dtype=int64, shape=(2, 8), maxshape=(2, None))
			Attributes:
				DIMENSION_LABELS: ['mass' 'AnsatzOperatorAxis']
				NDataDims: 1
		Circuit:
			Attributes:
				Ansatz: YXPlusXYRYAdaptAnsatz1
			AnsatzOptions:
				Attributes:
					num_qubits: 8
		CircuitParameters: Dataset (dtype=float64, shape=(2, 4040, 8), maxshape=(2, None, None))
			Attributes:
				DIMENSION_LABELS: ['mass' 'IterationAxis' 'CircuitParameterAxis']
				NDataDims: 2
		Data:
			Attributes:
			evs:
				Attributes:
				Hamiltonian: Dataset (dtype=float64, shape=(2, 4040), maxshape=(2, None))
					Attributes:
						DIMENSION_LABELS: ['mass' 'IterationAxis']
						NDataDims: 1
			stds:
				Attributes:
				Hamiltonian: Dataset (dtype=float64, shape=(2, 4040), maxshape=(2, None))
					Attributes:
						DIMENSION_LABELS: ['mass' 'IterationAxis']
						NDataDims: 1
		EstimatorOptions:
			Attributes:
				_VERSION: 2
				default_precision: Unset
				default_shots: Unset
				experimental: Unset
				max_execution_time: Unset
				resilience_level: Unset
				seed_estimator: 23708081
			dynamical_decoupling:
				Attributes:
					enable: Unset
					extra_slack_distribution: Unset
					scheduling_method: Unset
					sequence_type: Unset
					skip_reset_qubits: Unset
			environment:
				Attributes:
					callback: None
					job_tags: None
					log_level: WARNING
					private: False
			execution:
				Attributes:
					init_qubits: Unset
					rep_delay: Unset
			resilience:
				Attributes:
					layer_noise_model: Unset
					measure_mitigation: Unset
					pec_mitigation: Unset
					zne_mitigation: Unset
				layer_noise_learning:
					Attributes:
						layer_pair_depths: Unset
						max_layers_to_learn: Unset
						num_randomizations: Unset
						shots_per_randomization: Unset
				measure_noise_learning:
					Attributes:
						num_randomizations: Unset
						shots_per_randomization: Unset
				pec:
					Attributes:
						max_overhead: Unset
						noise_gain: Unset
				zne:
					Attributes:
						amplifier: Unset
						extrapolated_noise_factors: Unset
						extrapolator: Unset
						noise_factors: Unset
			simulator:
				Attributes:
					basis_gates: Unset
					coupling_map: Unset
					noise_model: Unset
					seed_simulator: Unset
			twirling:
				Attributes:
					enable_gates: Unset
					enable_measure: Unset
					num_randomizations: Unset
					shots_per_randomization: Unset
					strategy: Unset
		MetaData:
			Attributes:
			circuit_metadata: Dataset (dtype=object, shape=(2, 4040), maxshape=(2, None))
				Attributes:
					DIMENSION_LABELS: ['mass' 'IterationAxis']
					NDataDims: 1
			target_precision: Dataset (dtype=float64, shape=(2, 4040), maxshape=(2, None))
				Attributes:
					DIMENSION_LABELS: ['mass' 'IterationAxis']
					NDataDims: 1
			version: Dataset (dtype=int64, shape=(2, 4040), maxshape=(2, None))
				Attributes:
					DIMENSION_LABELS: ['mass' 'IterationAxis']
					NDataDims: 1
		NIterations: Dataset (dtype=int64, shape=(2,), maxshape=(2,))
			Attributes:
				DIMENSION_LABELS: ['mass']
				NDataDims: 0
		OptimizerOptions:
			Attributes:
				bounds: None
				callback: None
				constraints: []
				method: cobyla
				tol: 1e-05
				x0Seed: 23708081
			options:
				Attributes:
					disp: 1
					maxiter: 20000
		PresetPassManagerOptions:
			Attributes:
		SimulatorOptions:
			Attributes:
		StartIterations: Dataset (dtype=int64, shape=(2, 8), maxshape=(2, None))
			Attributes:
				DIMENSION_LABELS: ['mass' 'AnsatzOperatorAxis']
				NDataDims: 1
		VersionInfo:
			Attributes:
				QiskitAerVersion: 0.17.1
				QiskitIBMRuntimeVersion: 0.41.1
				QiskitVersion: 2.1.2
		mass: Dataset (dtype=float64, shape=(2,), maxshape=(2,))
			Attributes:
-----Ending pprint-----
End 2025-10-21 16:11:32 | 23708081 MyPyJob | node017 | /home/s6nidich_hpc/PycharmProjects/QC-MasterThesis 

