Start 2025-10-22 15:56:20 | 23753452 MyPyJob | node007 | /home/s6nidich_hpc/PycharmProjects/QC-MasterThesis 

Used python interpreter:
/home/s6nidich_hpc/PycharmProjects/QC-MasterThesis/.venv_intel_3_12_3/bin/python
Python version:
Python 3.12.3

Currently Loaded Modules:
  1) GCCcore/13.3.0                   7) Tcl/8.6.14-GCCcore-13.3.0
  2) zlib/1.3.1-GCCcore-13.3.0        8) SQLite/3.45.3-GCCcore-13.3.0
  3) binutils/2.42-GCCcore-13.3.0     9) XZ/5.4.5-GCCcore-13.3.0
  4) bzip2/1.0.8-GCCcore-13.3.0      10) libffi/3.4.5-GCCcore-13.3.0
  5) ncurses/6.5-GCCcore-13.3.0      11) OpenSSL/3
  6) libreadline/8.2-GCCcore-13.3.0  12) Python/3.12.3-GCCcore-13.3.0

 

Start of Program:

-----Beginning pprint-----
/:
	Attributes:
-----Ending pprint-----
Calculating energies for FreeWilson2D(N_x=2, N_y=2, mass=-6.000, r=1.000)
h: 0.0
New op index: 27
Current grad: 23.999999999999982
0:	0.00e+00	0.00e+00
1:	-2.00e+00	0.00e+00
2:	0.00e+00	0.00e+00
3:	0.00e+00	0.00e+00
4:	2.50e+00	0.00e+00
5:	0.00e+00	0.00e+00
6:	0.00e+00	0.00e+00
7:	-2.50e+00	0.00e+00
8:	0.00e+00	0.00e+00
9:	0.00e+00	0.00e+00
10:	2.00e+00	-5.00e-01
11:	0.00e+00	-5.00e-01
12:	0.00e+00	0.00e+00
13:	2.00e+00	-5.00e-01
14:	0.00e+00	-5.00e-01
15:	0.00e+00	4.16e-17
16:	-2.50e+00	1.39e-17
17:	0.00e+00	1.39e-17
18:	0.00e+00	0.00e+00
19:	2.50e+00	6.94e-18
20:	0.00e+00	6.94e-18
21:	0.00e+00	3.47e-17
22:	-2.00e+00	6.94e-18
23:	0.00e+00	1.39e-17
24:	5.00e-01	0.00e+00
25:	0.00e+00	0.00e+00
26:	-5.00e-01	-5.00e-01
27:	4.00e+00	6.94e-18
28:	-5.00e-01	-5.00e-01
29:	-6.94e-18	2.08e-17
30:	5.00e-01	2.08e-17
Return from COBYLA because the trust region radius reaches its lower bound.
Number of function values = 30   Least value of F = 198.50000000001302
The corresponding X is: [-0.7854]

New op index: 4
Current grad: 19.656868942303213
Return from COBYLA because the trust region radius reaches its lower bound.
Number of function values = 76   Least value of F = 151.00000000149683
The corresponding X is: [-0.78539468  1.57079319]

New op index: 19
Current grad: 17.01044413974497
Return from COBYLA because the trust region radius reaches its lower bound.
Number of function values = 311   Least value of F = 148.50000003218125
The corresponding X is:
[-0.785392    1.57079203 -1.57063851]

New op index: 13
Current grad: 14.364396232511771
Return from COBYLA because the trust region radius reaches its lower bound.
Number of function values = 81   Least value of F = 101.50000000041697
The corresponding X is:
[-1.57079754  1.5707961  -1.57079911  1.57079368]

New op index: 16
Current grad: 8.000017531584959
Return from COBYLA because the trust region radius reaches its lower bound.
Number of function values = 1392   Least value of F = 95.9908139282369
The corresponding X is:
[-0.39936252  1.5707973  -1.56810959 -1.00488348  1.56109265]

New op index: 22
Current grad: 10.336209836310722
Return from COBYLA because the trust region radius reaches its lower bound.
Number of function values = 281   Least value of F = 75.23676531129972
The corresponding X is:
[-0.53499958  1.57092954 -1.56994687 -0.95355486  1.56120221  1.57052225]

New op index: 1
Current grad: 8.589122834316829
Return from COBYLA because the trust region radius reaches its lower bound.
Number of function values = 1089   Least value of F = 45.489885674759925
The corresponding X is:
[-0.39951693  1.57079638 -1.56810951 -1.00462135  1.56839611  1.5707775
 -1.58662064]

New op index: 7
Current grad: 6.345227070748071
Return from COBYLA because the trust region radius reaches its lower bound.
Number of function values = 355   Least value of F = 24.732539455918946
The corresponding X is:
[-0.53495718  1.54651234 -1.57000448 -0.95356718  1.57080152  1.57078521
 -1.57079394  1.57078628]

New op index: 10
Current grad: 4.127295033480713
Return from COBYLA because the trust region radius reaches its lower bound.
Number of function values = 5692   Least value of F = -7.999994106987814
The corresponding X is:
[-0.01550105  1.57079756 -1.57079771 -1.55529594  1.57079587  1.57080492
 -1.5707959   1.57079057 -1.55528839]

New op index: 27
Current grad: 0.0019881433832092247
Return from COBYLA because the trust region radius reaches its lower bound.
Number of function values = 138   Least value of F = -7.999999970101232
The corresponding X is:
[-1.55842091e-02  1.57079451e+00 -1.57080238e+00 -1.55521162e+00
  1.57079746e+00  1.57082415e+00 -1.57077995e+00  1.57079057e+00
 -1.55520659e+00  1.21235488e-04]

New op index: 22
Current grad: 0.00017211470583775992
Precision cutoff reached.
Calculating energies for FreeWilson2D(N_x=2, N_y=2, mass=-3.333, r=1.000)
h: 0.0
New op index: 27
Current grad: 10.666666666666659
0:	0.00e+00	0.00e+00
1:	-6.67e-01	0.00e+00
2:	0.00e+00	0.00e+00
3:	0.00e+00	0.00e+00
4:	1.17e+00	0.00e+00
5:	0.00e+00	0.00e+00
6:	0.00e+00	0.00e+00
7:	-1.17e+00	0.00e+00
8:	0.00e+00	0.00e+00
9:	0.00e+00	0.00e+00
10:	6.67e-01	-5.00e-01
11:	0.00e+00	-5.00e-01
12:	0.00e+00	0.00e+00
13:	6.67e-01	-5.00e-01
14:	0.00e+00	-5.00e-01
15:	0.00e+00	3.24e-17
16:	-1.17e+00	4.63e-18
17:	0.00e+00	1.39e-17
18:	0.00e+00	9.25e-18
19:	1.17e+00	1.62e-17
20:	0.00e+00	6.94e-18
21:	0.00e+00	2.54e-17
22:	-6.67e-01	-2.31e-18
23:	0.00e+00	1.39e-17
24:	5.00e-01	0.00e+00
25:	0.00e+00	0.00e+00
26:	-5.00e-01	-5.00e-01
27:	1.33e+00	6.94e-18
28:	-5.00e-01	-5.00e-01
29:	-6.94e-18	2.08e-17
30:	5.00e-01	2.08e-17
Return from COBYLA because the trust region radius reaches its lower bound.
Number of function values = 30   Least value of F = 199.83333333333735
The corresponding X is: [-0.7854]

New op index: 10
Current grad: 9.77124452705966
Return from COBYLA because the trust region radius reaches its lower bound.
Number of function values = 42   Least value of F = 151.50000000042454
The corresponding X is: [-1.57079997  1.57079428]

New op index: 4
Current grad: 7.999996683667554
Return from COBYLA because the trust region radius reaches its lower bound.
Number of function values = 2582   Least value of F = 149.4907794650763
The corresponding X is:
[-3.22277098 -1.65496374 -1.57079729]

New op index: 19
Current grad: 6.017531509507989
Return from COBYLA because the trust region radius reaches its lower bound.
Number of function values = 94   Least value of F = 101.50000000030597
The corresponding X is:
[-4.71239058 -1.57079875 -1.5707961   1.57079428]

New op index: 16
Current grad: 2.6666820494827097
Return from COBYLA because the trust region radius reaches its lower bound.
Number of function values = 984   Least value of F = 99.29814969443608
The corresponding X is:
[-4.7123814  -1.57078302 -1.57079461  1.5708006   2.55315008]

New op index: 7
Current grad: 2.278093315426573
Return from COBYLA because the trust region radius reaches its lower bound.
Number of function values = 136   Least value of F = 51.494897035668835
The corresponding X is:
[-4.71238574 -1.57079573 -1.57079463  1.57078947  1.58087017 -1.56045095]

New op index: 1
Current grad: 2.353902472453472
Return from COBYLA because the trust region radius reaches its lower bound.
Number of function values = 2798   Least value of F = 50.1580244592927
The corresponding X is:
[-4.71238404 -1.57079531 -1.57079543  1.57078243  2.16706037 -1.5679441
  1.61513293]

New op index: 22
Current grad: 1.337588192971764
Return from COBYLA because the trust region radius reaches its lower bound.
Number of function values = 184   Least value of F = 1.0000000012804695
The corresponding X is:
[-4.71238659 -1.57079866 -1.57079893  1.57079595  1.57079721 -1.57079578
  1.57079819 -1.57079094]

New op index: 22
Current grad: 1.2608806616083932e-05
Precision cutoff reached.
Calculating energies for FreeWilson2D(N_x=2, N_y=2, mass=-0.667, r=1.000)
h: 0.0
New op index: 27
Current grad: 6.666666666666661
0:	0.00e+00	0.00e+00
1:	6.67e-01	0.00e+00
2:	0.00e+00	0.00e+00
3:	0.00e+00	0.00e+00
4:	-1.67e-01	0.00e+00
5:	0.00e+00	0.00e+00
6:	0.00e+00	0.00e+00
7:	1.67e-01	0.00e+00
8:	0.00e+00	0.00e+00
9:	0.00e+00	0.00e+00
10:	-6.67e-01	-5.00e-01
11:	0.00e+00	-5.00e-01
12:	0.00e+00	0.00e+00
13:	-6.67e-01	-5.00e-01
14:	0.00e+00	-5.00e-01
15:	0.00e+00	2.31e-17
16:	1.67e-01	-4.63e-18
17:	0.00e+00	1.39e-17
18:	0.00e+00	1.85e-17
19:	-1.67e-01	2.54e-17
20:	0.00e+00	6.94e-18
21:	0.00e+00	1.62e-17
22:	6.67e-01	-1.16e-17
23:	0.00e+00	1.39e-17
24:	5.00e-01	0.00e+00
25:	0.00e+00	0.00e+00
26:	-5.00e-01	-5.00e-01
27:	-1.33e+00	6.94e-18
28:	-5.00e-01	-5.00e-01
29:	-6.94e-18	2.08e-17
30:	5.00e-01	2.08e-17
Return from COBYLA because the trust region radius reaches its lower bound.
Number of function values = 27   Least value of F = 199.8333333333374
The corresponding X is: [0.7854]

New op index: 26
Current grad: 8.35703356203719
Return from COBYLA because the trust region radius reaches its lower bound.
Number of function values = 50   Least value of F = 151.39493877623187
The corresponding X is: [ 1.54378415 -0.78183483]

New op index: 28
Current grad: 7.5826648944558475
Return from COBYLA because the trust region radius reaches its lower bound.
Number of function values = 1516   Least value of F = 150.2518225983203
The corresponding X is:
[ 0.47582611 -0.99834375  0.57339197]

New op index: 10
Current grad: 7.113298357141978
Return from COBYLA because the trust region radius reaches its lower bound.
Number of function values = 1637   Least value of F = 147.74859314505585
The corresponding X is:
[ 1.56615868 -2.15799545  0.81592235  3.25232874]

New op index: 4
Current grad: 6.685309443610874
Return from COBYLA because the trust region radius reaches its lower bound.
Number of function values = 249   Least value of F = 118.89383621684937
The corresponding X is:
[ 0.69358462 -0.86067254  0.58678658  4.98737426  1.57392421]

New op index: 7
Current grad: 5.5133466341440345
Return from COBYLA because the trust region radius reaches its lower bound.
Number of function values = 1990   Least value of F = 98.90630836100165
The corresponding X is:
[ 0.23241264 -0.2243446   0.67433973  4.70375677  1.57072327 -1.36433763]

New op index: 7
Current grad: 4.797755954747572
Adding the same operator twice is not sensible, terminating.
Calculating energies for FreeWilson2D(N_x=2, N_y=2, mass=2.000, r=1.000)
h: 0.0
New op index: 27
Current grad: 19.999999999999986
0:	0.00e+00	0.00e+00
1:	2.00e+00	0.00e+00
2:	0.00e+00	0.00e+00
3:	0.00e+00	0.00e+00
4:	-1.50e+00	0.00e+00
5:	0.00e+00	0.00e+00
6:	0.00e+00	0.00e+00
7:	1.50e+00	0.00e+00
8:	0.00e+00	0.00e+00
9:	0.00e+00	0.00e+00
10:	-2.00e+00	-5.00e-01
11:	0.00e+00	-5.00e-01
12:	0.00e+00	0.00e+00
13:	-2.00e+00	-5.00e-01
14:	0.00e+00	-5.00e-01
15:	0.00e+00	1.39e-17
16:	1.50e+00	-1.39e-17
17:	0.00e+00	1.39e-17
18:	0.00e+00	2.78e-17
19:	-1.50e+00	3.47e-17
20:	0.00e+00	6.94e-18
21:	0.00e+00	6.94e-18
22:	2.00e+00	-2.08e-17
23:	0.00e+00	1.39e-17
24:	5.00e-01	0.00e+00
25:	0.00e+00	0.00e+00
26:	-5.00e-01	-5.00e-01
27:	-4.00e+00	6.94e-18
28:	-5.00e-01	-5.00e-01
29:	-6.94e-18	2.08e-17
30:	5.00e-01	2.08e-17
Return from COBYLA because the trust region radius reaches its lower bound.
Number of function values = 27   Least value of F = 198.50000000001307
The corresponding X is: [0.7854]

New op index: 10
Current grad: 18.24265797728074
Return from COBYLA because the trust region radius reaches its lower bound.
Number of function values = 50   Least value of F = 151.50000000023715
The corresponding X is: [ 1.57079602 -1.57079322]

New op index: 22
Current grad: 14.000013049075658
Return from COBYLA because the trust region radius reaches its lower bound.
Number of function values = 666   Least value of F = 145.3285102634714
The corresponding X is:
[ 3.55587362 -0.97890768 -1.57079374]

New op index: 16
Current grad: 15.764449644898088
Return from COBYLA because the trust region radius reaches its lower bound.
Number of function values = 181   Least value of F = 124.30653096571011
The corresponding X is:
[ 3.67541955 -0.95503015 -1.57081433 -1.56136029]

New op index: 19
Current grad: 12.628612985976874
Return from COBYLA because the trust region radius reaches its lower bound.
Number of function values = 932   Least value of F = 91.49098824100014
The corresponding X is:
[ 3.54055578 -1.0057236  -1.5708163  -1.56839396  1.55786523]

New op index: 7
Current grad: 10.6724482997985
Return from COBYLA because the trust region radius reaches its lower bound.
Number of function values = 261   Least value of F = 70.665736314935
The corresponding X is:
[ 3.67773838 -0.94589576 -1.57081119 -1.57081374  1.56809503 -1.57078619]

New op index: 1
Current grad: 8.27060986088207
Return from COBYLA because the trust region radius reaches its lower bound.
Number of function values = 1309   Least value of F = 41.377677559639395
The corresponding X is:
[ 3.59820538 -0.87402451 -1.57080031 -1.57079789  1.56282537 -1.57079739
  1.57080167]

New op index: 4
Current grad: 5.232040642195518
Return from COBYLA because the trust region radius reaches its lower bound.
Number of function values = 402   Least value of F = 24.736532587972643
The corresponding X is:
[ 3.67659243 -0.95352895 -1.57077914 -1.57079448  1.56557935 -1.57078958
  1.57079328 -1.56687988]

New op index: 13
Current grad: 4.082626284758913
Return from COBYLA because the trust region radius reaches its lower bound.
Number of function values = 5373   Least value of F = -7.999993091059213
The corresponding X is:
[ 3.15772238 -1.55466347 -1.57079555 -1.57079573  1.57078925 -1.57080237
  1.57080215 -1.57078896 -1.55466271]

New op index: 27
Current grad: 0.002160820119133617
Return from COBYLA because the trust region radius reaches its lower bound.
Number of function values = 130   Least value of F = -7.999999982112798
The corresponding X is:
[ 3.15768274e+00 -1.55471941e+00 -1.57079306e+00 -1.57081053e+00
  1.57079787e+00 -1.57079968e+00  1.57079970e+00 -1.57078029e+00
 -1.55471342e+00 -1.31445927e-04]

New op index: 10
Current grad: 0.00015416301542550668
Precision cutoff reached.
-----Beginning pprint-----
/:
	Attributes:
		ProcessId: 23753452
	2025-10-22_15-56-22-23753452:
		Attributes:
			HamiltonianType: ZeroChargePenalty
			Last-Modified: 2025-10-22_15-56-22
			ProcessId: 23753452
			SimulatorType: Statevector
			SolverName: AdaptVQE
			SystemName: FreeWilson2D
			n_x: 2
			n_y: 2
			r: 1.0
		AdaptOptions:
			Attributes:
				gradient_hamiltonian_type: HamiltonianType.Full
				max_depth: 40
				prec_cutoff: 0.001
		AnsatzOperatorDerivatives: Dataset (dtype=float64, shape=(4, 11, 31), maxshape=(4, None, 31))
			Attributes:
				DIMENSION_LABELS: ['mass' 'AnsatzOperatorAxis' 'AnsatzPoolOperatorAxis']
				NDataDims: 2
		AnsatzOperatorSecondDerivatives: Dataset (dtype=float64, shape=(4, 11, 31), maxshape=(4, None, 31))
			Attributes:
				DIMENSION_LABELS: ['mass' 'AnsatzOperatorAxis' 'AnsatzPoolOperatorAxis']
				NDataDims: 2
		AnsatzOperators: Dataset (dtype=int64, shape=(4, 10), maxshape=(4, None))
			Attributes:
				DIMENSION_LABELS: ['mass' 'AnsatzOperatorAxis']
				NDataDims: 1
		Circuit:
			Attributes:
				Ansatz: HardwareAdaptAnsatz1
			AnsatzOptions:
				Attributes:
					num_qubits: 8
		CircuitParameters: Dataset (dtype=float64, shape=(4, 9450, 10), maxshape=(4, None, None))
			Attributes:
				DIMENSION_LABELS: ['mass' 'IterationAxis' 'CircuitParameterAxis']
				NDataDims: 2
		Data:
			Attributes:
			evs:
				Attributes:
				Hamiltonian: Dataset (dtype=float64, shape=(4, 9450), maxshape=(4, None))
					Attributes:
						DIMENSION_LABELS: ['mass' 'IterationAxis']
						NDataDims: 1
			stds:
				Attributes:
				Hamiltonian: Dataset (dtype=float64, shape=(4, 9450), maxshape=(4, None))
					Attributes:
						DIMENSION_LABELS: ['mass' 'IterationAxis']
						NDataDims: 1
		EstimatorOptions:
			Attributes:
				_VERSION: 2
				default_precision: Unset
				default_shots: Unset
				experimental: Unset
				max_execution_time: Unset
				resilience_level: Unset
				seed_estimator: 23753452
			dynamical_decoupling:
				Attributes:
					enable: Unset
					extra_slack_distribution: Unset
					scheduling_method: Unset
					sequence_type: Unset
					skip_reset_qubits: Unset
			environment:
				Attributes:
					callback: None
					job_tags: None
					log_level: WARNING
					private: False
			execution:
				Attributes:
					init_qubits: Unset
					rep_delay: Unset
			resilience:
				Attributes:
					layer_noise_model: Unset
					measure_mitigation: Unset
					pec_mitigation: Unset
					zne_mitigation: Unset
				layer_noise_learning:
					Attributes:
						layer_pair_depths: Unset
						max_layers_to_learn: Unset
						num_randomizations: Unset
						shots_per_randomization: Unset
				measure_noise_learning:
					Attributes:
						num_randomizations: Unset
						shots_per_randomization: Unset
				pec:
					Attributes:
						max_overhead: Unset
						noise_gain: Unset
				zne:
					Attributes:
						amplifier: Unset
						extrapolated_noise_factors: Unset
						extrapolator: Unset
						noise_factors: Unset
			simulator:
				Attributes:
					basis_gates: Unset
					coupling_map: Unset
					noise_model: Unset
					seed_simulator: Unset
			twirling:
				Attributes:
					enable_gates: Unset
					enable_measure: Unset
					num_randomizations: Unset
					shots_per_randomization: Unset
					strategy: Unset
		MetaData:
			Attributes:
			circuit_metadata: Dataset (dtype=object, shape=(4, 9450), maxshape=(4, None))
				Attributes:
					DIMENSION_LABELS: ['mass' 'IterationAxis']
					NDataDims: 1
			target_precision: Dataset (dtype=float64, shape=(4, 9450), maxshape=(4, None))
				Attributes:
					DIMENSION_LABELS: ['mass' 'IterationAxis']
					NDataDims: 1
			version: Dataset (dtype=int64, shape=(4, 9450), maxshape=(4, None))
				Attributes:
					DIMENSION_LABELS: ['mass' 'IterationAxis']
					NDataDims: 1
		NIterations: Dataset (dtype=int64, shape=(4,), maxshape=(4,))
			Attributes:
				DIMENSION_LABELS: ['mass']
				NDataDims: 0
		OptimizerOptions:
			Attributes:
				bounds: None
				callback: None
				constraints: []
				method: cobyla
				tol: 1e-05
				x0Seed: 23753452
			options:
				Attributes:
					disp: 1
					maxiter: 20000
		PresetPassManagerOptions:
			Attributes:
		SimulatorOptions:
			Attributes:
		StartIterations: Dataset (dtype=int64, shape=(4, 10), maxshape=(4, None))
			Attributes:
				DIMENSION_LABELS: ['mass' 'AnsatzOperatorAxis']
				NDataDims: 1
		VersionInfo:
			Attributes:
				QiskitAerVersion: 0.17.1
				QiskitIBMRuntimeVersion: 0.41.1
				QiskitVersion: 2.1.2
		mass: Dataset (dtype=float64, shape=(4,), maxshape=(4,))
			Attributes:
-----Ending pprint-----
End 2025-10-22 15:59:15 | 23753452 MyPyJob | node007 | /home/s6nidich_hpc/PycharmProjects/QC-MasterThesis 

