Start 2025-11-13 16:14:16 | 23863023 MyPyJob | node078 | /home/s6nidich_hpc/PycharmProjects/QC-MasterThesis 

Used python interpreter:
/home/s6nidich_hpc/PycharmProjects/QC-MasterThesis/.venv_intel_3_12_3/bin/python
Python version:
Python 3.12.3

Currently Loaded Modules:
  1) GCCcore/13.3.0                   7) Tcl/8.6.14-GCCcore-13.3.0
  2) zlib/1.3.1-GCCcore-13.3.0        8) SQLite/3.45.3-GCCcore-13.3.0
  3) binutils/2.42-GCCcore-13.3.0     9) XZ/5.4.5-GCCcore-13.3.0
  4) bzip2/1.0.8-GCCcore-13.3.0      10) libffi/3.4.5-GCCcore-13.3.0
  5) ncurses/6.5-GCCcore-13.3.0      11) OpenSSL/3
  6) libreadline/8.2-GCCcore-13.3.0  12) Python/3.12.3-GCCcore-13.3.0

 

Start of Program:

-----Beginning pprint-----
/:
	Attributes:
-----Ending pprint-----
Calculating energies for FreeWilson2D(N_x=2, N_y=2, mass=-6.000, r=1.000)
h_im: 0.0
New op index: 27
Current grad: 45.999999999999986
0:	0.00e+00	5.12e-15
1:	-2.00e+00	5.19e-15
2:	0.00e+00	8.46e-17
3:	0.00e+00	5.71e-15
4:	2.50e+00	5.70e-15
5:	0.00e+00	-4.68e-17
6:	0.00e+00	4.08e-15
7:	-2.50e+00	4.12e-15
8:	0.00e+00	5.03e-17
9:	0.00e+00	1.28e-14
10:	2.00e+00	-5.00e-01
11:	0.00e+00	-5.00e-01
12:	0.00e+00	1.17e-14
13:	2.00e+00	-5.00e-01
14:	0.00e+00	-5.00e-01
15:	0.00e+00	1.12e-14
16:	-2.50e+00	1.12e-14
17:	0.00e+00	4.68e-17
18:	0.00e+00	9.64e-15
19:	2.50e+00	9.59e-15
20:	0.00e+00	-6.29e-17
21:	0.00e+00	1.16e-14
22:	-2.00e+00	1.16e-14
23:	0.00e+00	8.11e-17
24:	0.00e+00	3.77e-17
25:	-4.50e+00	3.77e-17
26:	0.00e+00	-1.08e-16
27:	5.00e+00	-1.08e-16
28:	0.00e+00	-5.00e-01
29:	-4.50e+00	-5.00e-01
30:	0.00e+00	-1.12e-16
31:	5.55e-17	-2.00e+00
32:	0.00e+00	-5.00e-01
33:	4.50e+00	-5.00e-01
34:	0.00e+00	6.72e-17
35:	-5.00e+00	6.72e-17
36:	0.00e+00	5.46e-16
37:	4.50e+00	5.46e-16
New op index: 7
Current grad: 111.24426730802747
New op index: 27
Current grad: 38.59221917075149
New op index: 35
Current grad: 27.925399473887584
New op index: 19
Current grad: 93.30480494709599
New op index: 35
Current grad: 20.52483589948794
New op index: 1
Current grad: 9.850804200632457
New op index: 13
Current grad: 148.4239449077958
New op index: 10
Current grad: 5.023874596068978
New op index: 22
Current grad: 52.00331563682711
New op index: 4
Current grad: 0.014570358285829848
New op index: 10
Current grad: 0.005284265060401542
Adding the same operator twice is not sensible, terminating.
Calculating energies for FreeWilson2D(N_x=2, N_y=2, mass=-5.837, r=1.000)
h_im: 0.0
New op index: 27
Current grad: 44.36734693877551
0:	0.00e+00	5.13e-15
1:	-1.92e+00	5.20e-15
2:	0.00e+00	8.46e-17
3:	0.00e+00	5.70e-15
4:	2.42e+00	5.67e-15
5:	0.00e+00	-6.07e-17
6:	0.00e+00	4.07e-15
7:	-2.42e+00	4.14e-15
8:	0.00e+00	6.07e-17
9:	0.00e+00	1.18e-14
10:	1.92e+00	-5.00e-01
11:	0.00e+00	-5.00e-01
12:	0.00e+00	1.22e-14
13:	1.92e+00	-5.00e-01
14:	0.00e+00	-5.00e-01
15:	0.00e+00	8.48e-15
16:	-2.42e+00	8.52e-15
17:	0.00e+00	4.51e-17
18:	0.00e+00	1.39e-14
19:	2.42e+00	1.38e-14
20:	0.00e+00	-7.33e-17
21:	0.00e+00	8.54e-15
22:	-1.92e+00	8.58e-15
23:	0.00e+00	6.90e-17
24:	0.00e+00	2.39e-17
25:	-4.34e+00	2.39e-17
26:	0.00e+00	-1.06e-16
27:	4.84e+00	-1.06e-16
28:	0.00e+00	-5.00e-01
29:	-4.34e+00	-5.00e-01
30:	0.00e+00	-1.09e-16
31:	-8.67e-18	-2.00e+00
32:	0.00e+00	-5.00e-01
33:	4.34e+00	-5.00e-01
34:	0.00e+00	-8.14e-17
35:	-4.84e+00	-8.14e-17
36:	0.00e+00	-1.64e-16
37:	4.34e+00	-1.64e-16
New op index: 7
Current grad: 110.1152602649153
New op index: 27
Current grad: 37.24091422433099
New op index: 35
Current grad: 26.948937481785293
New op index: 16
Current grad: 92.69753927110173
New op index: 35
Current grad: 19.82880188119033
New op index: 13
Current grad: 9.531279366175093
New op index: 1
Current grad: 148.18662746712857
New op index: 10
Current grad: 4.855458045166573
New op index: 22
Current grad: 51.92192244750982
New op index: 27
Current grad: 0.013974723647517501
Adding the same operator twice is not sensible, terminating.
Calculating energies for FreeWilson2D(N_x=2, N_y=2, mass=-5.673, r=1.000)
h_im: 0.0
New op index: 27
Current grad: 42.734693877551024
0:	0.00e+00	5.14e-15
1:	-1.84e+00	5.21e-15
2:	0.00e+00	8.46e-17
3:	0.00e+00	5.69e-15
4:	2.34e+00	5.66e-15
5:	0.00e+00	-6.42e-17
6:	0.00e+00	4.09e-15
7:	-2.34e+00	4.15e-15
8:	0.00e+00	6.77e-17
9:	0.00e+00	1.26e-14
10:	1.84e+00	-5.00e-01
11:	0.00e+00	-5.00e-01
12:	0.00e+00	1.12e-14
13:	1.84e+00	-5.00e-01
14:	0.00e+00	-5.00e-01
15:	0.00e+00	9.92e-15
16:	-2.34e+00	9.97e-15
17:	0.00e+00	5.03e-17
18:	0.00e+00	7.48e-15
19:	2.34e+00	7.44e-15
20:	0.00e+00	-8.37e-17
21:	0.00e+00	7.65e-15
22:	-1.84e+00	7.70e-15
23:	0.00e+00	6.72e-17
24:	0.00e+00	2.04e-17
25:	-4.17e+00	2.04e-17
26:	0.00e+00	-9.85e-17
27:	4.67e+00	-9.85e-17
28:	0.00e+00	-5.00e-01
29:	-4.17e+00	-5.00e-01
30:	0.00e+00	-1.44e-16
31:	4.16e-17	-2.00e+00
32:	0.00e+00	-5.00e-01
33:	4.17e+00	-5.00e-01
34:	0.00e+00	-3.39e-16
35:	-4.67e+00	-3.39e-16
36:	0.00e+00	-6.75e-17
37:	4.17e+00	-6.75e-17
New op index: 7
Current grad: 109.0013494937575
New op index: 27
Current grad: 35.891203793769236
New op index: 35
Current grad: 25.972492276379644
New op index: 16
Current grad: 92.24633510792759
New op index: 35
Current grad: 19.135400891170573
New op index: 10
Current grad: 9.220719750827325
New op index: 1
Current grad: 147.89636288110236
New op index: 13
Current grad: 5.629103638355191
New op index: 22
Current grad: 51.84150033829727
New op index: 27
Current grad: 0.0013811402566647577
Adding the same operator twice is not sensible, terminating.
Calculating energies for FreeWilson2D(N_x=2, N_y=2, mass=-5.510, r=1.000)
h_im: 0.0
New op index: 27
Current grad: 41.10204081632653
0:	0.00e+00	5.15e-15
1:	-1.76e+00	5.22e-15
2:	0.00e+00	8.46e-17
3:	0.00e+00	5.68e-15
4:	2.26e+00	5.66e-15
5:	0.00e+00	-5.72e-17
6:	0.00e+00	4.12e-15
7:	-2.26e+00	4.17e-15
8:	0.00e+00	8.85e-17
9:	0.00e+00	1.36e-14
10:	1.76e+00	-5.00e-01
11:	0.00e+00	-5.00e-01
12:	0.00e+00	8.42e-15
13:	1.76e+00	-5.00e-01
14:	0.00e+00	-5.00e-01
15:	0.00e+00	1.01e-14
16:	-2.26e+00	1.01e-14
17:	0.00e+00	5.90e-17
18:	0.00e+00	7.79e-15
19:	2.26e+00	7.75e-15
20:	0.00e+00	-6.46e-17
21:	0.00e+00	9.37e-15
22:	-1.76e+00	9.41e-15
23:	0.00e+00	5.51e-17
24:	0.00e+00	2.73e-17
25:	-4.01e+00	2.73e-17
26:	0.00e+00	-6.62e-17
27:	4.51e+00	-6.62e-17
28:	0.00e+00	-5.00e-01
29:	-4.01e+00	-5.00e-01
30:	0.00e+00	-1.31e-16
31:	2.60e-17	-2.00e+00
32:	0.00e+00	-5.00e-01
33:	4.01e+00	-5.00e-01
34:	0.00e+00	-5.44e-17
35:	-4.51e+00	-5.44e-17
36:	0.00e+00	-2.77e-16
37:	4.01e+00	-2.77e-16
New op index: 7
Current grad: 107.90443447914154
New op index: 27
Current grad: 34.5430914845908
New op index: 35
Current grad: 24.999968990242515
New op index: 19
Current grad: 91.79831954390781
New op index: 35
Current grad: 18.44383071313017
New op index: 22
Current grad: 8.890106723518679
New op index: 13
Current grad: 146.87943792588126
New op index: 10
Current grad: 5.448229252714172
New op index: 1
Current grad: 51.760150340388776
New op index: 7
Current grad: 0.0003935622220633255
Precision cutoff reached.
Calculating energies for FreeWilson2D(N_x=2, N_y=2, mass=-5.347, r=1.000)
h_im: 0.0
New op index: 27
Current grad: 39.46938775510204
0:	0.00e+00	5.16e-15
1:	-1.67e+00	5.23e-15
2:	0.00e+00	8.46e-17
3:	0.00e+00	5.67e-15
4:	2.17e+00	5.64e-15
5:	0.00e+00	-6.42e-17
6:	0.00e+00	4.11e-15
7:	-2.17e+00	4.17e-15
8:	0.00e+00	6.07e-17
9:	0.00e+00	1.06e-14
10:	1.67e+00	-5.00e-01
11:	0.00e+00	-5.00e-01
12:	0.00e+00	1.13e-14
13:	1.67e+00	-5.00e-01
14:	0.00e+00	-5.00e-01
15:	0.00e+00	7.61e-15
16:	-2.17e+00	7.64e-15
17:	0.00e+00	5.20e-17
18:	0.00e+00	7.30e-15
19:	2.17e+00	7.25e-15
20:	0.00e+00	-8.20e-17
21:	0.00e+00	5.19e-15
22:	-1.67e+00	5.23e-15
23:	0.00e+00	7.59e-17
24:	0.00e+00	2.04e-17
25:	-3.85e+00	2.04e-17
26:	0.00e+00	-9.64e-17
27:	4.35e+00	-9.64e-17
28:	0.00e+00	-5.00e-01
29:	-3.85e+00	-5.00e-01
30:	0.00e+00	-1.28e-16
31:	4.86e-17	-2.00e+00
32:	0.00e+00	-5.00e-01
33:	3.85e+00	-5.00e-01
34:	0.00e+00	-6.70e-18
35:	-4.35e+00	-6.70e-18
36:	0.00e+00	3.66e-16
37:	3.85e+00	3.66e-16
New op index: 7
Current grad: 106.82667272224128
New op index: 27
Current grad: 33.19662319543244
New op index: 35
Current grad: 24.01974032640138
New op index: 19
Current grad: 91.37787749279988
New op index: 35
Current grad: 17.754811800007914
New op index: 1
Current grad: 8.570027998751586
New op index: 13
Current grad: 146.24014712405688
New op index: 10
Current grad: 4.3658162920569215
New op index: 22
Current grad: 51.68274591176783
New op index: 19
Current grad: 0.01570926555038317
New op index: 35
Current grad: 0.007565753220099203
New op index: 19
Current grad: 0.004990242358799041
New op index: 35
Current grad: 0.0031331602588837507
New op index: 19
Current grad: 0.0020842550451436663
New op index: 19
Current grad: 0.0016028351372054902
Adding the same operator twice is not sensible, terminating.
Calculating energies for FreeWilson2D(N_x=2, N_y=2, mass=-5.184, r=1.000)
h_im: 0.0
New op index: 35
Current grad: 37.83673469387755
0:	0.00e+00	5.17e-15
1:	-1.59e+00	5.24e-15
2:	0.00e+00	8.46e-17
3:	0.00e+00	5.66e-15
4:	2.09e+00	5.65e-15
5:	0.00e+00	-4.51e-17
6:	0.00e+00	4.15e-15
7:	-2.09e+00	4.20e-15
8:	0.00e+00	7.11e-17
9:	0.00e+00	1.01e-14
10:	1.59e+00	-5.00e-01
11:	0.00e+00	-5.00e-01
12:	0.00e+00	8.59e-15
13:	1.59e+00	-5.00e-01
14:	0.00e+00	-5.00e-01
15:	0.00e+00	8.55e-15
16:	-2.09e+00	8.58e-15
17:	0.00e+00	8.67e-17
18:	0.00e+00	5.06e-15
19:	2.09e+00	5.02e-15
20:	0.00e+00	-2.65e-17
21:	0.00e+00	6.69e-15
22:	-1.59e+00	6.73e-15
23:	0.00e+00	1.00e-16
24:	0.00e+00	3.95e-17
25:	-3.68e+00	3.95e-17
26:	0.00e+00	-6.23e-17
27:	4.18e+00	-6.23e-17
28:	0.00e+00	-5.00e-01
29:	-3.68e+00	-5.00e-01
30:	0.00e+00	-8.80e-17
31:	1.39e-17	-2.00e+00
32:	0.00e+00	-5.00e-01
33:	3.68e+00	-5.00e-01
34:	0.00e+00	-5.02e-17
35:	-4.18e+00	-5.02e-17
36:	0.00e+00	2.95e-17
37:	3.68e+00	2.95e-17
New op index: 16
Current grad: 105.77036957571191
New op index: 35
Current grad: 31.85181552824032
New op index: 27
Current grad: 23.04329503281309
New op index: 4
Current grad: 91.08680832516494
New op index: 27
Current grad: 17.06737119499051
New op index: 1
Current grad: 8.264690840319748
New op index: 13
Current grad: 145.50805127485705
New op index: 10
Current grad: 4.202538424282343
New op index: 22
Current grad: 51.59899851998241
New op index: 22
Current grad: 0.005249914214391195
Adding the same operator twice is not sensible, terminating.
Calculating energies for FreeWilson2D(N_x=2, N_y=2, mass=-5.020, r=1.000)
h_im: 0.0
New op index: 27
Current grad: 36.204081632653065
0:	0.00e+00	5.19e-15
1:	-1.51e+00	5.25e-15
2:	0.00e+00	8.46e-17
3:	0.00e+00	5.65e-15
4:	2.01e+00	5.62e-15
5:	0.00e+00	-6.07e-17
6:	0.00e+00	4.14e-15
7:	-2.01e+00	4.20e-15
8:	0.00e+00	6.59e-17
9:	0.00e+00	1.41e-14
10:	1.51e+00	-5.00e-01
11:	0.00e+00	-5.00e-01
12:	0.00e+00	1.22e-14
13:	1.51e+00	-5.00e-01
14:	0.00e+00	-5.00e-01
15:	0.00e+00	1.08e-14
16:	-2.01e+00	1.08e-14
17:	0.00e+00	5.72e-17
18:	0.00e+00	8.78e-15
19:	2.01e+00	8.80e-15
20:	0.00e+00	-4.03e-17
21:	0.00e+00	8.63e-15
22:	-1.51e+00	8.67e-15
23:	0.00e+00	7.59e-17
24:	0.00e+00	2.39e-17
25:	-3.52e+00	2.39e-17
26:	0.00e+00	-7.86e-17
27:	4.02e+00	-7.86e-17
28:	0.00e+00	-5.00e-01
29:	-3.52e+00	-5.00e-01
30:	0.00e+00	-1.18e-16
31:	3.12e-17	-2.00e+00
32:	0.00e+00	-5.00e-01
33:	3.52e+00	-5.00e-01
34:	0.00e+00	-2.77e-16
35:	-4.02e+00	-2.77e-16
36:	0.00e+00	5.65e-17
37:	3.52e+00	5.65e-17
New op index: 7
Current grad: 104.73842862808651
New op index: 27
Current grad: 30.508709587139194
New op index: 35
Current grad: 22.06736450177432
New op index: 19
Current grad: 90.6011477530165
New op index: 35
Current grad: 16.37259669800695
New op index: 22
Current grad: 7.931706256718555
New op index: 10
Current grad: 144.67724908852847
New op index: 13
Current grad: 4.043917750179525
New op index: 1
Current grad: 51.51329651006236
New op index: 10
Current grad: 0.02279180099752872
Adding the same operator twice is not sensible, terminating.
Calculating energies for FreeWilson2D(N_x=2, N_y=2, mass=-4.857, r=1.000)
h_im: 0.0
New op index: 27
Current grad: 34.571428571428584
0:	0.00e+00	5.20e-15
1:	-1.43e+00	5.26e-15
2:	0.00e+00	8.46e-17
3:	0.00e+00	5.64e-15
4:	1.93e+00	5.61e-15
5:	0.00e+00	-5.72e-17
6:	0.00e+00	4.16e-15
7:	-1.93e+00	4.23e-15
8:	0.00e+00	8.67e-17
9:	0.00e+00	1.08e-14
10:	1.43e+00	-5.00e-01
11:	0.00e+00	-5.00e-01
12:	0.00e+00	1.22e-14
13:	1.43e+00	-5.00e-01
14:	0.00e+00	-5.00e-01
15:	0.00e+00	1.13e-14
16:	-1.93e+00	1.14e-14
17:	0.00e+00	5.72e-17
18:	0.00e+00	4.82e-15
19:	1.93e+00	4.77e-15
20:	0.00e+00	-8.89e-17
21:	0.00e+00	8.43e-15
22:	-1.43e+00	8.47e-15
23:	0.00e+00	5.51e-17
24:	0.00e+00	2.73e-17
25:	-3.36e+00	2.73e-17
26:	0.00e+00	-4.98e-17
27:	3.86e+00	-4.98e-17
28:	0.00e+00	-5.00e-01
29:	-3.36e+00	-5.00e-01
30:	0.00e+00	-1.42e-16
31:	2.95e-17	-2.00e+00
32:	0.00e+00	-5.00e-01
33:	3.36e+00	-5.00e-01
34:	0.00e+00	1.47e-16
35:	-3.86e+00	1.47e-16
36:	0.00e+00	6.53e-17
37:	3.36e+00	6.53e-17
New op index: 7
Current grad: 103.7345128014995
New op index: 27
Current grad: 29.16730994380417
New op index: 35
Current grad: 21.090654171178258
New op index: 19
Current grad: 90.25432808969639
New op index: 35
Current grad: 15.686914435346075
New op index: 1
Current grad: 7.609910999411072
New op index: 10
Current grad: 143.73922236965774
New op index: 13
Current grad: 4.805618389705524
New op index: 22
Current grad: 51.44111250779017
New op index: 10
Current grad: 0.017579068789195646
Adding the same operator twice is not sensible, terminating.
Calculating energies for FreeWilson2D(N_x=2, N_y=2, mass=-4.694, r=1.000)
h_im: 0.0
New op index: 27
Current grad: 32.93877551020408
0:	0.00e+00	5.21e-15
1:	-1.35e+00	5.27e-15
2:	0.00e+00	8.46e-17
3:	0.00e+00	5.63e-15
4:	1.85e+00	5.60e-15
5:	0.00e+00	-5.72e-17
6:	0.00e+00	4.16e-15
7:	-1.85e+00	4.25e-15
8:	0.00e+00	8.50e-17
9:	0.00e+00	1.19e-14
10:	1.35e+00	-5.00e-01
11:	0.00e+00	-5.00e-01
12:	0.00e+00	1.06e-14
13:	1.35e+00	-5.00e-01
14:	0.00e+00	-5.00e-01
15:	0.00e+00	1.18e-14
16:	-1.85e+00	1.19e-14
17:	0.00e+00	9.19e-17
18:	0.00e+00	9.34e-15
19:	1.85e+00	9.31e-15
20:	0.00e+00	-3.86e-17
21:	0.00e+00	5.65e-15
22:	-1.35e+00	5.69e-15
23:	0.00e+00	9.15e-17
24:	0.00e+00	2.73e-17
25:	-3.19e+00	2.73e-17
26:	0.00e+00	-4.70e-17
27:	3.69e+00	-4.70e-17
28:	0.00e+00	-5.00e-01
29:	-3.19e+00	-5.00e-01
30:	0.00e+00	-1.05e-16
31:	-1.91e-17	-2.00e+00
32:	0.00e+00	-5.00e-01
33:	3.19e+00	-5.00e-01
34:	0.00e+00	-9.62e-17
35:	-3.69e+00	-9.62e-17
36:	0.00e+00	-1.34e-16
37:	3.19e+00	-1.34e-16
New op index: 7
Current grad: 102.78520086063254
New op index: 27
Current grad: 27.827681636465645
New op index: 35
Current grad: 20.117224687832202
New op index: 19
Current grad: 89.93907190442557
New op index: 35
Current grad: 15.003264060270936
New op index: 1
Current grad: 7.289924142697876
New op index: 10
Current grad: 142.65358039223634
New op index: 13
Current grad: 4.646106537892285
New op index: 22
Current grad: 51.350099976706495
New op index: 7
Current grad: 0.03155774652803112
New op index: 27
Current grad: 0.006710858168557774
New op index: 7
Current grad: 0.0036240252453609402
New op index: 7
Current grad: 0.0020605231589014786
Adding the same operator twice is not sensible, terminating.
Calculating energies for FreeWilson2D(N_x=2, N_y=2, mass=-4.531, r=1.000)
h_im: 0.0
New op index: 35
Current grad: 31.306122448979597
0:	0.00e+00	5.22e-15
1:	-1.27e+00	5.28e-15
2:	0.00e+00	8.46e-17
3:	0.00e+00	5.62e-15
4:	1.77e+00	5.61e-15
5:	0.00e+00	-3.99e-17
6:	0.00e+00	4.21e-15
7:	-1.77e+00	4.28e-15
8:	0.00e+00	9.89e-17
9:	0.00e+00	1.20e-14
10:	1.27e+00	-5.00e-01
11:	0.00e+00	-5.00e-01
12:	0.00e+00	6.11e-15
13:	1.27e+00	-5.00e-01
14:	0.00e+00	-5.00e-01
15:	0.00e+00	8.74e-15
16:	-1.77e+00	8.80e-15
17:	0.00e+00	9.02e-17
18:	0.00e+00	5.87e-15
19:	1.77e+00	5.85e-15
20:	0.00e+00	-5.94e-17
21:	0.00e+00	5.50e-15
22:	-1.27e+00	5.55e-15
23:	0.00e+00	7.59e-17
24:	0.00e+00	4.47e-17
25:	-3.03e+00	4.47e-17
26:	0.00e+00	-1.13e-17
27:	3.53e+00	-1.13e-17
28:	0.00e+00	-5.00e-01
29:	-3.03e+00	-5.00e-01
30:	0.00e+00	-1.30e-16
31:	1.04e-17	-2.00e+00
32:	0.00e+00	-5.00e-01
33:	3.03e+00	-5.00e-01
34:	0.00e+00	1.54e-16
35:	-3.53e+00	1.54e-16
36:	0.00e+00	1.22e-16
37:	3.03e+00	1.22e-16
New op index: 16
Current grad: 101.8429166071135
New op index: 35
Current grad: 26.489813989695367
New op index: 27
Current grad: 19.139526130661835
New op index: 4
Current grad: 89.66016490241411
New op index: 27
Current grad: 14.32177572255903
New op index: 1
Current grad: 6.97306310011277
New op index: 13
Current grad: 141.37648500149044
New op index: 10
Current grad: 3.5497036463400233
New op index: 22
Current grad: 51.27205306133771
New op index: 16
Current grad: 0.0033734122736320048
New op index: 22
Current grad: 0.0013155397159633083
Adding the same operator twice is not sensible, terminating.
Calculating energies for FreeWilson2D(N_x=2, N_y=2, mass=-4.367, r=1.000)
h_im: 0.0
New op index: 35
Current grad: 29.673469387755112
0:	0.00e+00	5.23e-15
1:	-1.18e+00	5.29e-15
2:	0.00e+00	8.46e-17
3:	0.00e+00	5.60e-15
4:	1.68e+00	5.58e-15
5:	0.00e+00	-5.72e-17
6:	0.00e+00	4.19e-15
7:	-1.68e+00	4.25e-15
8:	0.00e+00	6.42e-17
9:	0.00e+00	1.11e-14
10:	1.18e+00	-5.00e-01
11:	0.00e+00	-5.00e-01
12:	0.00e+00	9.74e-15
13:	1.18e+00	-5.00e-01
14:	0.00e+00	-5.00e-01
15:	0.00e+00	9.07e-15
16:	-1.68e+00	9.11e-15
17:	0.00e+00	5.03e-17
18:	0.00e+00	7.09e-15
19:	1.68e+00	7.06e-15
20:	0.00e+00	-4.73e-17
21:	0.00e+00	7.76e-15
22:	-1.18e+00	7.81e-15
23:	0.00e+00	7.07e-17
24:	0.00e+00	2.73e-17
25:	-2.87e+00	2.73e-17
26:	0.00e+00	-5.88e-17
27:	3.37e+00	-5.88e-17
28:	0.00e+00	-5.00e-01
29:	-2.87e+00	-5.00e-01
30:	0.00e+00	-1.28e-16
31:	-3.47e-18	-2.00e+00
32:	0.00e+00	-5.00e-01
33:	2.87e+00	-5.00e-01
34:	0.00e+00	5.23e-17
35:	-3.37e+00	5.23e-17
36:	0.00e+00	1.38e-16
37:	2.87e+00	1.38e-16
New op index: 16
Current grad: 100.93559946009
New op index: 35
Current grad: 25.153802754854393
New op index: 27
Current grad: 18.1631460747638
New op index: 7
Current grad: 89.42344430357294
New op index: 27
Current grad: 13.642703113244561
New op index: 13
Current grad: 6.6502806561938
New op index: 1
Current grad: 145.23169791535912
New op index: 10
Current grad: 3.387373773634412
New op index: 22
Current grad: 51.19416023587123
New op index: 22
Current grad: 0.030239641430097337
Adding the same operator twice is not sensible, terminating.
Calculating energies for FreeWilson2D(N_x=2, N_y=2, mass=-4.204, r=1.000)
h_im: 0.0
New op index: 27
Current grad: 28.040816326530607
0:	0.00e+00	5.24e-15
1:	-1.10e+00	5.31e-15
2:	0.00e+00	8.46e-17
3:	0.00e+00	5.59e-15
4:	1.60e+00	5.57e-15
5:	0.00e+00	-5.38e-17
6:	0.00e+00	4.21e-15
7:	-1.60e+00	4.28e-15
8:	0.00e+00	8.15e-17
9:	0.00e+00	1.01e-14
10:	1.10e+00	-5.00e-01
11:	0.00e+00	-5.00e-01
12:	0.00e+00	9.18e-15
13:	1.10e+00	-5.00e-01
14:	0.00e+00	-5.00e-01
15:	0.00e+00	1.01e-14
16:	-1.60e+00	1.02e-14
17:	0.00e+00	7.63e-17
18:	0.00e+00	7.91e-15
19:	1.60e+00	7.86e-15
20:	0.00e+00	-8.20e-17
21:	0.00e+00	6.03e-15
22:	-1.10e+00	6.07e-15
23:	0.00e+00	7.94e-17
24:	0.00e+00	3.08e-17
25:	-2.70e+00	3.08e-17
26:	0.00e+00	-3.34e-17
27:	3.20e+00	-3.34e-17
28:	0.00e+00	-5.00e-01
29:	-2.70e+00	-5.00e-01
30:	0.00e+00	-1.45e-16
31:	-1.04e-17	-2.00e+00
32:	0.00e+00	-5.00e-01
33:	2.70e+00	-5.00e-01
34:	0.00e+00	7.08e-17
35:	-3.20e+00	7.08e-17
36:	0.00e+00	-9.44e-17
37:	2.70e+00	-9.44e-17
New op index: 7
Current grad: 100.09912896528475
New op index: 27
Current grad: 23.819445931405177
New op index: 35
Current grad: 17.187114708724106
New op index: 19
Current grad: 89.23994267258722
New op index: 35
Current grad: 12.964317882163359
New op index: 22
Current grad: 6.330695005556808
New op index: 10
Current grad: 138.04473225269118
New op index: 13
Current grad: 3.2247997714533545
New op index: 1
Current grad: 51.10820397621551
New op index: 35
Current grad: 0.00018168401277943012
Precision cutoff reached.
Calculating energies for FreeWilson2D(N_x=2, N_y=2, mass=-4.041, r=1.000)
h_im: 0.0
New op index: 35
Current grad: 26.408163265306115
0:	0.00e+00	5.25e-15
1:	-1.02e+00	5.32e-15
2:	0.00e+00	8.46e-17
3:	0.00e+00	5.58e-15
4:	1.52e+00	5.58e-15
5:	0.00e+00	-3.47e-17
6:	0.00e+00	4.23e-15
7:	-1.52e+00	4.29e-15
8:	0.00e+00	5.03e-17
9:	0.00e+00	1.06e-14
10:	1.02e+00	-5.00e-01
11:	0.00e+00	-5.00e-01
12:	0.00e+00	1.24e-14
13:	1.02e+00	-5.00e-01
14:	0.00e+00	-5.00e-01
15:	0.00e+00	9.47e-15
16:	-1.52e+00	9.51e-15
17:	0.00e+00	3.99e-17
18:	0.00e+00	7.22e-15
19:	1.52e+00	7.16e-15
20:	0.00e+00	-4.90e-17
21:	0.00e+00	8.30e-15
22:	-1.02e+00	8.35e-15
23:	0.00e+00	7.42e-17
24:	0.00e+00	4.99e-17
25:	-2.54e+00	4.99e-17
26:	0.00e+00	-4.10e-17
27:	3.04e+00	-4.10e-17
28:	0.00e+00	-5.00e-01
29:	-2.54e+00	-5.00e-01
30:	0.00e+00	-1.11e-16
31:	-5.20e-18	-2.00e+00
32:	0.00e+00	-5.00e-01
33:	2.54e+00	-5.00e-01
34:	0.00e+00	3.34e-17
35:	-3.04e+00	3.34e-17
36:	0.00e+00	-3.15e-17
37:	2.54e+00	-3.15e-17
New op index: 16
Current grad: 99.31458163214674
New op index: 35
Current grad: 22.497003352771717
New op index: 27
Current grad: 16.210117477261967
New op index: 4
Current grad: 89.1155872849667
New op index: 27
Current grad: 12.293913893477045
New op index: 13
Current grad: 6.012230325780552
New op index: 22
Current grad: 142.4915112053346
New op index: 10
Current grad: 4.006702101647068
New op index: 1
Current grad: 51.03116053715507
New op index: 1
Current grad: 0.004798793688548875
Adding the same operator twice is not sensible, terminating.
Calculating energies for FreeWilson2D(N_x=2, N_y=2, mass=-3.878, r=1.000)
h_im: 0.0
New op index: 27
Current grad: 24.775510204081634
0:	0.00e+00	5.26e-15
1:	-9.39e-01	5.33e-15
2:	0.00e+00	8.46e-17
3:	0.00e+00	5.57e-15
4:	1.44e+00	5.54e-15
5:	0.00e+00	-6.42e-17
6:	0.00e+00	4.21e-15
7:	-1.44e+00	4.29e-15
8:	0.00e+00	6.77e-17
9:	0.00e+00	1.17e-14
10:	9.39e-01	-5.00e-01
11:	0.00e+00	-5.00e-01
12:	0.00e+00	9.50e-15
13:	9.39e-01	-5.00e-01
14:	0.00e+00	-5.00e-01
15:	0.00e+00	1.05e-14
16:	-1.44e+00	1.05e-14
17:	0.00e+00	6.07e-17
18:	0.00e+00	6.67e-15
19:	1.44e+00	6.61e-15
20:	0.00e+00	-6.81e-17
21:	0.00e+00	5.94e-15
22:	-9.39e-01	5.97e-15
23:	0.00e+00	7.76e-17
24:	0.00e+00	2.04e-17
25:	-2.38e+00	2.04e-17
26:	0.00e+00	-4.86e-17
27:	2.88e+00	-4.86e-17
28:	0.00e+00	-5.00e-01
29:	-2.38e+00	-5.00e-01
30:	0.00e+00	-1.28e-16
31:	1.73e-18	-2.00e+00
32:	0.00e+00	-5.00e-01
33:	2.38e+00	-5.00e-01
34:	0.00e+00	-4.65e-17
35:	-2.88e+00	-4.65e-17
36:	0.00e+00	8.77e-17
37:	2.38e+00	8.77e-17
New op index: 7
Current grad: 98.60763218163721
New op index: 27
Current grad: 21.163358243833272
New op index: 35
Current grad: 15.23622604091585
New op index: 19
Current grad: 89.06240877058059
New op index: 35
Current grad: 11.620154362183337
New op index: 1
Current grad: 5.6984844788656215
New op index: 13
Current grad: 133.2269664414642
New op index: 31
Current grad: 2.9065232327690733
New op index: 22
Current grad: 2.2624138887443985
New op index: 13
Current grad: 71.33280904722166
New op index: 10
Current grad: 0.0032496329794173854
New op index: 19
Current grad: 0.0023864054204538144
New op index: 10
Current grad: 0.0019347142421904354
Adding the same operator twice is not sensible, terminating.
Calculating energies for FreeWilson2D(N_x=2, N_y=2, mass=-3.714, r=1.000)
h_im: 0.0
New op index: 27
Current grad: 23.142857142857146
0:	0.00e+00	5.27e-15
1:	-8.57e-01	5.34e-15
2:	0.00e+00	8.46e-17
3:	0.00e+00	5.56e-15
4:	1.36e+00	5.52e-15
5:	0.00e+00	-7.11e-17
6:	0.00e+00	4.24e-15
7:	-1.36e+00	4.30e-15
8:	0.00e+00	8.85e-17
9:	0.00e+00	9.67e-15
10:	8.57e-01	-5.00e-01
11:	0.00e+00	-5.00e-01
12:	0.00e+00	1.14e-14
13:	8.57e-01	-5.00e-01
14:	0.00e+00	-5.00e-01
15:	0.00e+00	1.12e-14
16:	-1.36e+00	1.12e-14
17:	0.00e+00	7.81e-17
18:	0.00e+00	9.98e-15
19:	1.36e+00	9.92e-15
20:	0.00e+00	-7.50e-17
21:	0.00e+00	9.01e-15
22:	-8.57e-01	9.06e-15
23:	0.00e+00	7.42e-17
24:	0.00e+00	1.34e-17
25:	-2.21e+00	1.34e-17
26:	0.00e+00	-3.02e-17
27:	2.71e+00	-3.02e-17
28:	0.00e+00	-5.00e-01
29:	-2.21e+00	-5.00e-01
30:	0.00e+00	-1.07e-16
31:	-1.21e-17	-2.00e+00
32:	0.00e+00	-5.00e-01
33:	2.21e+00	-5.00e-01
34:	0.00e+00	5.06e-17
35:	-2.71e+00	5.06e-17
36:	0.00e+00	-8.67e-19
37:	2.21e+00	-8.67e-19
New op index: 7
Current grad: 97.98327968000369
New op index: 27
Current grad: 19.83386634014992
New op index: 35
Current grad: 14.257659460243307
New op index: 19
Current grad: 89.08536488095525
New op index: 35
Current grad: 10.950871561978907
New op index: 1
Current grad: 5.379228577139532
New op index: 13
Current grad: 129.97831683544294
New op index: 31
Current grad: 2.734662842568567
New op index: 22
Current grad: 2.064804860637988
New op index: 10
Current grad: 71.21940533603741
New op index: 10
Current grad: 0.0033863775188924436
Adding the same operator twice is not sensible, terminating.
Calculating energies for FreeWilson2D(N_x=2, N_y=2, mass=-3.551, r=1.000)
h_im: 0.0
New op index: 27
Current grad: 21.510204081632658
0:	0.00e+00	5.28e-15
1:	-7.76e-01	5.35e-15
2:	0.00e+00	8.46e-17
3:	0.00e+00	5.55e-15
4:	1.28e+00	5.52e-15
5:	0.00e+00	-6.42e-17
6:	0.00e+00	4.24e-15
7:	-1.28e+00	4.30e-15
8:	0.00e+00	6.42e-17
9:	0.00e+00	1.33e-14
10:	7.76e-01	-5.00e-01
11:	0.00e+00	-5.00e-01
12:	0.00e+00	1.35e-14
13:	7.76e-01	-5.00e-01
14:	0.00e+00	-5.00e-01
15:	0.00e+00	1.36e-14
16:	-1.28e+00	1.37e-14
17:	0.00e+00	7.63e-17
18:	0.00e+00	9.29e-15
19:	1.28e+00	9.26e-15
20:	0.00e+00	-8.20e-17
21:	0.00e+00	8.51e-15
22:	-7.76e-01	8.56e-15
23:	0.00e+00	9.67e-17
24:	0.00e+00	2.04e-17
25:	-2.05e+00	2.04e-17
26:	0.00e+00	-4.30e-17
27:	2.55e+00	-4.30e-17
28:	0.00e+00	-5.00e-01
29:	-2.05e+00	-5.00e-01
30:	0.00e+00	-1.42e-16
31:	2.78e-17	-2.00e+00
32:	0.00e+00	-5.00e-01
33:	2.05e+00	-5.00e-01
34:	0.00e+00	8.05e-17
35:	-2.55e+00	8.05e-17
36:	0.00e+00	6.86e-17
37:	2.05e+00	6.86e-17
New op index: 7
Current grad: 97.46175750703642
New op index: 27
Current grad: 18.50761354235988
New op index: 35
Current grad: 13.288816007181115
New op index: 16
Current grad: 89.24350960153207
New op index: 35
Current grad: 10.273156847035061
New op index: 22
Current grad: 5.061412058787491
New op index: 13
Current grad: 125.8588633956697
New op index: 31
Current grad: 3.5289071200743467
New op index: 1
Current grad: 1.8661529591242094
New op index: 13
Current grad: 71.10477773813909
New op index: 10
Current grad: 0.013561721758914349
New op index: 19
Current grad: 0.0101835876006076
New op index: 10
Current grad: 0.008287509540060833
Adding the same operator twice is not sensible, terminating.
Calculating energies for FreeWilson2D(N_x=2, N_y=2, mass=-3.388, r=1.000)
h_im: 0.0
New op index: 27
Current grad: 19.877551020408163
0:	0.00e+00	5.29e-15
1:	-6.94e-01	5.36e-15
2:	0.00e+00	8.46e-17
3:	0.00e+00	5.54e-15
4:	1.19e+00	5.51e-15
5:	0.00e+00	-5.72e-17
6:	0.00e+00	4.26e-15
7:	-1.19e+00	4.32e-15
8:	0.00e+00	5.90e-17
9:	0.00e+00	1.05e-14
10:	6.94e-01	-5.00e-01
11:	0.00e+00	-5.00e-01
12:	0.00e+00	8.43e-15
13:	6.94e-01	-5.00e-01
14:	0.00e+00	-5.00e-01
15:	0.00e+00	6.06e-15
16:	-1.19e+00	6.11e-15
17:	0.00e+00	3.30e-17
18:	0.00e+00	8.37e-15
19:	1.19e+00	8.32e-15
20:	0.00e+00	-4.38e-17
21:	0.00e+00	4.33e-15
22:	-6.94e-01	4.38e-15
23:	0.00e+00	5.85e-17
24:	0.00e+00	2.73e-17
25:	-1.89e+00	2.73e-17
26:	0.00e+00	-3.68e-17
27:	2.39e+00	-3.68e-17
28:	0.00e+00	-5.00e-01
29:	-1.89e+00	-5.00e-01
30:	0.00e+00	-1.11e-16
31:	-4.34e-17	-2.00e+00
32:	0.00e+00	-5.00e-01
33:	1.89e+00	-5.00e-01
34:	0.00e+00	9.51e-17
35:	-2.39e+00	9.51e-17
36:	0.00e+00	-1.20e-16
37:	1.89e+00	-1.20e-16
New op index: 7
Current grad: 97.06855417634108
New op index: 27
Current grad: 17.184376568167064
New op index: 35
Current grad: 12.30726935305951
New op index: 19
Current grad: 89.5186404995054
New op index: 35
Current grad: 9.605509809849181
New op index: 10
Current grad: 4.735716029384256
New op index: 1
Current grad: 125.18048334967061
New op index: 31
Current grad: 3.367526960051704
New op index: 22
Current grad: 1.6784833623286102
New op index: 10
Current grad: 70.9902593352926
New op index: 10
Current grad: 0.00390644287921755
Adding the same operator twice is not sensible, terminating.
Calculating energies for FreeWilson2D(N_x=2, N_y=2, mass=-3.224, r=1.000)
h_im: 0.0
New op index: 27
Current grad: 18.244897959183675
0:	0.00e+00	5.30e-15
1:	-6.12e-01	5.37e-15
2:	0.00e+00	8.46e-17
3:	0.00e+00	5.53e-15
4:	1.11e+00	5.49e-15
5:	0.00e+00	-7.46e-17
6:	0.00e+00	4.26e-15
7:	-1.11e+00	4.32e-15
8:	0.00e+00	6.59e-17
9:	0.00e+00	8.41e-15
10:	6.12e-01	-5.00e-01
11:	0.00e+00	-5.00e-01
12:	0.00e+00	8.44e-15
13:	6.12e-01	-5.00e-01
14:	0.00e+00	-5.00e-01
15:	0.00e+00	8.29e-15
16:	-1.11e+00	8.31e-15
17:	0.00e+00	5.20e-17
18:	0.00e+00	3.87e-15
19:	1.11e+00	3.81e-15
20:	0.00e+00	-7.85e-17
21:	0.00e+00	5.59e-15
22:	-6.12e-01	5.62e-15
23:	0.00e+00	7.07e-17
24:	0.00e+00	9.97e-18
25:	-1.72e+00	9.97e-18
26:	0.00e+00	-4.27e-17
27:	2.22e+00	-4.27e-17
28:	0.00e+00	-5.00e-01
29:	-1.72e+00	-5.00e-01
30:	0.00e+00	-1.42e-16
31:	-3.12e-17	-2.00e+00
32:	0.00e+00	-5.00e-01
33:	1.72e+00	-5.00e-01
34:	0.00e+00	5.85e-17
35:	-2.22e+00	5.85e-17
36:	0.00e+00	2.62e-17
37:	1.72e+00	2.62e-17
New op index: 7
Current grad: 96.83539449518133
New op index: 27
Current grad: 15.863786041606959
New op index: 35
Current grad: 11.330739440213328
New op index: 19
Current grad: 89.9220263551737
New op index: 35
Current grad: 8.940808166916511
New op index: 13
Current grad: 4.418940136738211
New op index: 22
Current grad: 118.01072195040898
New op index: 31
Current grad: 3.220485349368691
New op index: 1
Current grad: 1.4904752196584108
New op index: 10
Current grad: 70.87285048165907
New op index: 7
Current grad: 0.0030420750339464585
New op index: 13
Current grad: 0.0028167053059237955
New op index: 13
Current grad: 0.0011137613540328412
Adding the same operator twice is not sensible, terminating.
Calculating energies for FreeWilson2D(N_x=2, N_y=2, mass=-3.061, r=1.000)
h_im: 0.0
New op index: 27
Current grad: 16.612244897959197
0:	0.00e+00	5.32e-15
1:	-5.31e-01	5.38e-15
2:	0.00e+00	8.46e-17
3:	0.00e+00	5.52e-15
4:	1.03e+00	5.49e-15
5:	0.00e+00	-5.72e-17
6:	0.00e+00	4.28e-15
7:	-1.03e+00	4.34e-15
8:	0.00e+00	5.72e-17
9:	0.00e+00	1.38e-14
10:	5.31e-01	-5.00e-01
11:	0.00e+00	-5.00e-01
12:	0.00e+00	1.45e-14
13:	5.31e-01	-5.00e-01
14:	0.00e+00	-5.00e-01
15:	0.00e+00	1.47e-14
16:	-1.03e+00	1.47e-14
17:	0.00e+00	3.82e-17
18:	0.00e+00	1.18e-14
19:	1.03e+00	1.18e-14
20:	0.00e+00	-4.73e-17
21:	0.00e+00	9.22e-15
22:	-5.31e-01	9.26e-15
23:	0.00e+00	6.55e-17
24:	0.00e+00	2.73e-17
25:	-1.56e+00	2.73e-17
26:	0.00e+00	-2.95e-17
27:	2.06e+00	-2.95e-17
28:	0.00e+00	-5.00e-01
29:	-1.56e+00	-5.00e-01
30:	0.00e+00	-1.00e-16
31:	-1.73e-18	-2.00e+00
32:	0.00e+00	-5.00e-01
33:	1.56e+00	-5.00e-01
34:	0.00e+00	-1.74e-18
35:	-2.06e+00	-1.74e-18
36:	0.00e+00	-1.12e-17
37:	1.56e+00	-1.12e-17
New op index: 7
Current grad: 96.80470882140001
New op index: 27
Current grad: 14.543377691326462
New op index: 35
Current grad: 10.356050747092247
New op index: 16
Current grad: 90.54641927085306
New op index: 35
Current grad: 8.277097849471534
New op index: 22
Current grad: 4.103398366711967
New op index: 13
Current grad: 105.20324015321098
New op index: 31
Current grad: 3.051592701012333
New op index: 1
Current grad: 1.290329962194783
New op index: 13
Current grad: 70.76053945780733
New op index: 27
Current grad: 0.0011819365934777136
Adding the same operator twice is not sensible, terminating.
Calculating energies for FreeWilson2D(N_x=2, N_y=2, mass=-2.898, r=1.000)
h_im: 0.0
New op index: 27
Current grad: 14.979591836734704
0:	0.00e+00	5.33e-15
1:	-4.49e-01	5.39e-15
2:	0.00e+00	8.46e-17
3:	0.00e+00	5.51e-15
4:	9.49e-01	5.46e-15
5:	0.00e+00	-7.46e-17
6:	0.00e+00	4.28e-15
7:	-9.49e-01	4.35e-15
8:	0.00e+00	7.11e-17
9:	0.00e+00	1.16e-14
10:	4.49e-01	-5.00e-01
11:	0.00e+00	-5.00e-01
12:	0.00e+00	1.21e-14
13:	4.49e-01	-5.00e-01
14:	0.00e+00	-5.00e-01
15:	0.00e+00	9.33e-15
16:	-9.49e-01	9.38e-15
17:	0.00e+00	6.25e-17
18:	0.00e+00	7.51e-15
19:	9.49e-01	7.45e-15
20:	0.00e+00	-7.85e-17
21:	0.00e+00	7.68e-15
22:	-4.49e-01	7.73e-15
23:	0.00e+00	7.59e-17
24:	0.00e+00	9.97e-18
25:	-1.40e+00	9.97e-18
26:	0.00e+00	-2.84e-17
27:	1.90e+00	-2.84e-17
28:	0.00e+00	-5.00e-01
29:	-1.40e+00	-5.00e-01
30:	0.00e+00	-1.42e-16
31:	-5.20e-18	-2.00e+00
32:	0.00e+00	-5.00e-01
33:	1.40e+00	-5.00e-01
34:	0.00e+00	7.12e-17
35:	-1.90e+00	7.12e-17
36:	0.00e+00	4.72e-17
37:	1.40e+00	4.72e-17
New op index: 7
Current grad: 97.01316054561312
New op index: 35
Current grad: 13.221421534271824
New op index: 19
Current grad: 95.25968307779398
New op index: 35
Current grad: 11.45026299012708
New op index: 27
Current grad: 7.616422189854946
New op index: 29
Current grad: 3.782450751070969
New op index: 33
Current grad: 4.578061994422683
New op index: 1
Current grad: 0.9031998556728316
New op index: 22
Current grad: 32.97469459346472
New op index: 1
Current grad: 0.02810646418208197
Adding the same operator twice is not sensible, terminating.
Calculating energies for FreeWilson2D(N_x=2, N_y=2, mass=-2.735, r=1.000)
h_im: 0.0
New op index: 27
Current grad: 13.346938775510203
0:	0.00e+00	5.34e-15
1:	-3.67e-01	5.40e-15
2:	0.00e+00	8.46e-17
3:	0.00e+00	5.50e-15
4:	8.67e-01	5.48e-15
5:	0.00e+00	-5.03e-17
6:	0.00e+00	4.32e-15
7:	-8.67e-01	4.38e-15
8:	0.00e+00	6.59e-17
9:	0.00e+00	1.57e-14
10:	3.67e-01	-5.00e-01
11:	0.00e+00	-5.00e-01
12:	0.00e+00	1.09e-14
13:	3.67e-01	-5.00e-01
14:	0.00e+00	-5.00e-01
15:	0.00e+00	1.21e-14
16:	-8.67e-01	1.22e-14
17:	0.00e+00	1.91e-17
18:	0.00e+00	6.59e-15
19:	8.67e-01	6.54e-15
20:	0.00e+00	-5.77e-17
21:	0.00e+00	1.22e-14
22:	-3.67e-01	1.22e-14
23:	0.00e+00	3.77e-17
24:	0.00e+00	3.43e-17
25:	-1.23e+00	3.43e-17
26:	0.00e+00	-4.78e-18
27:	1.73e+00	-4.78e-18
28:	0.00e+00	-5.00e-01
29:	-1.23e+00	-5.00e-01
30:	0.00e+00	-1.18e-16
31:	9.02e-17	-2.00e+00
32:	0.00e+00	-5.00e-01
33:	1.23e+00	-5.00e-01
34:	0.00e+00	-1.82e-17
35:	-1.73e+00	-1.82e-17
36:	0.00e+00	-1.49e-17
37:	1.23e+00	-1.49e-17
New op index: 7
Current grad: 97.5801259730528
New op index: 35
Current grad: 11.907028491668234
New op index: 19
Current grad: 96.11260824177566
New op index: 29
Current grad: 10.449696805888154
New op index: 33
Current grad: 7.260820769840961
New op index: 22
Current grad: 0.7353774212832914
New op index: 1
Current grad: 29.244221249867028
New op index: 1
Current grad: 0.004773615373691476
Adding the same operator twice is not sensible, terminating.
Calculating energies for FreeWilson2D(N_x=2, N_y=2, mass=-2.571, r=1.000)
h_im: 0.0
New op index: 27
Current grad: 11.714285714285714
0:	0.00e+00	5.35e-15
1:	-2.86e-01	5.41e-15
2:	0.00e+00	8.46e-17
3:	0.00e+00	5.48e-15
4:	7.86e-01	5.46e-15
5:	0.00e+00	-5.38e-17
6:	0.00e+00	4.33e-15
7:	-7.86e-01	4.40e-15
8:	0.00e+00	7.81e-17
9:	0.00e+00	1.22e-14
10:	2.86e-01	-5.00e-01
11:	0.00e+00	-5.00e-01
12:	0.00e+00	1.10e-14
13:	2.86e-01	-5.00e-01
14:	0.00e+00	-5.00e-01
15:	0.00e+00	1.18e-14
16:	-7.86e-01	1.18e-14
17:	0.00e+00	7.81e-17
18:	0.00e+00	1.03e-14
19:	7.86e-01	1.02e-14
20:	0.00e+00	-6.64e-17
21:	0.00e+00	7.70e-15
22:	-2.86e-01	7.74e-15
23:	0.00e+00	8.46e-17
24:	0.00e+00	3.08e-17
25:	-1.07e+00	3.08e-17
26:	0.00e+00	8.43e-18
27:	1.57e+00	8.43e-18
28:	0.00e+00	-5.00e-01
29:	-1.07e+00	-5.00e-01
30:	0.00e+00	-1.37e-16
31:	4.68e-17	-2.00e+00
32:	0.00e+00	-5.00e-01
33:	1.07e+00	-5.00e-01
34:	0.00e+00	2.76e-17
35:	-1.57e+00	2.76e-17
36:	0.00e+00	-5.58e-18
37:	1.07e+00	-5.58e-18
New op index: 7
Current grad: 98.95944520704585
New op index: 35
Current grad: 10.592253543178115
New op index: 19
Current grad: 97.83482240975736
New op index: 37
Current grad: 9.453409921157327
New op index: 29
Current grad: 5.025611549536019
New op index: 33
Current grad: 2.0802912130173117
New op index: 22
Current grad: 0.5775765955129845
New op index: 1
Current grad: 24.51883370437289
New op index: 13
Current grad: 0.001454376073074186
New op index: 13
Current grad: 0.0014543760730465175
Adding the same operator twice is not sensible, terminating.
Calculating energies for FreeWilson2D(N_x=2, N_y=2, mass=-2.408, r=1.000)
h_im: 0.0
New op index: 27
Current grad: 10.08163265306123
0:	0.00e+00	5.36e-15
1:	-2.04e-01	5.43e-15
2:	0.00e+00	8.46e-17
3:	0.00e+00	5.47e-15
4:	7.04e-01	5.48e-15
5:	0.00e+00	-2.26e-17
6:	0.00e+00	4.38e-15
7:	-7.04e-01	4.44e-15
8:	0.00e+00	8.33e-17
9:	0.00e+00	1.05e-14
10:	2.04e-01	-5.00e-01
11:	0.00e+00	-5.00e-01
12:	0.00e+00	8.58e-15
13:	2.04e-01	-5.00e-01
14:	0.00e+00	-5.00e-01
15:	0.00e+00	8.69e-15
16:	-7.04e-01	8.73e-15
17:	0.00e+00	7.98e-17
18:	0.00e+00	7.64e-15
19:	7.04e-01	7.60e-15
20:	0.00e+00	-6.11e-17
21:	0.00e+00	6.15e-15
22:	-2.04e-01	6.20e-15
23:	0.00e+00	8.11e-17
24:	0.00e+00	6.20e-17
25:	-9.08e-01	6.20e-17
26:	0.00e+00	4.94e-17
27:	1.41e+00	4.94e-17
28:	0.00e+00	-5.00e-01
29:	-9.08e-01	-5.00e-01
30:	0.00e+00	-8.63e-17
31:	2.95e-17	-2.00e+00
32:	0.00e+00	-5.00e-01
33:	9.08e-01	-5.00e-01
34:	0.00e+00	-1.18e-18
35:	-1.41e+00	-1.18e-18
36:	0.00e+00	1.99e-17
37:	9.08e-01	1.99e-17
New op index: 7
Current grad: 100.85339611091806
New op index: 29
Current grad: 9.276591561185501
New op index: 35
Current grad: 5.709808072963068
New op index: 19
Current grad: 97.19185781959804
New op index: 33
Current grad: 5.788267980696958
New op index: 22
Current grad: 0.409261221478472
New op index: 1
Current grad: 18.7200004509021
New op index: 22
Current grad: 0.0087491589226951
Adding the same operator twice is not sensible, terminating.
Calculating energies for FreeWilson2D(N_x=2, N_y=2, mass=-2.245, r=1.000)
h_im: 0.0
New op index: 27
Current grad: 8.448979591836746
0:	0.00e+00	5.37e-15
1:	-1.22e-01	5.44e-15
2:	0.00e+00	8.46e-17
3:	0.00e+00	5.46e-15
4:	6.22e-01	5.42e-15
5:	0.00e+00	-7.81e-17
6:	0.00e+00	4.33e-15
7:	-6.22e-01	4.40e-15
8:	0.00e+00	7.81e-17
9:	0.00e+00	8.21e-15
10:	1.22e-01	-5.00e-01
11:	0.00e+00	-5.00e-01
12:	0.00e+00	1.10e-14
13:	1.22e-01	-5.00e-01
14:	0.00e+00	-5.00e-01
15:	0.00e+00	9.87e-15
16:	-6.22e-01	9.93e-15
17:	0.00e+00	8.85e-17
18:	0.00e+00	6.76e-15
19:	6.22e-01	6.72e-15
20:	0.00e+00	-9.93e-17
21:	0.00e+00	7.72e-15
22:	-1.22e-01	7.78e-15
23:	0.00e+00	9.50e-17
24:	0.00e+00	6.51e-18
25:	-7.45e-01	6.51e-18
26:	0.00e+00	-6.80e-18
27:	1.24e+00	-6.80e-18
28:	0.00e+00	-5.00e-01
29:	-7.45e-01	-5.00e-01
30:	0.00e+00	-1.45e-16
31:	-5.20e-18	-2.00e+00
32:	0.00e+00	-5.00e-01
33:	7.45e-01	-5.00e-01
34:	0.00e+00	-1.93e-17
35:	-1.24e+00	-1.93e-17
36:	0.00e+00	-9.43e-18
37:	7.45e-01	-9.43e-18
New op index: 4
Current grad: 102.89400198735032
New op index: 25
Current grad: 7.961096438530564
New op index: 35
Current grad: 4.347620330806659
New op index: 19
Current grad: 98.79605262619995
New op index: 37
Current grad: 3.8541810668493053
New op index: 10
Current grad: 0.24556546210036925
New op index: 13
Current grad: 50.90022889525811
New op index: 31
Current grad: 1.9902426911891238
New op index: 22
Current grad: 0.0006916829549574326
Precision cutoff reached.
Calculating energies for FreeWilson2D(N_x=2, N_y=2, mass=-2.082, r=1.000)
h_im: 0.0
New op index: 27
Current grad: 6.816326530612256
0:	0.00e+00	5.38e-15
1:	-4.08e-02	5.45e-15
2:	0.00e+00	8.46e-17
3:	0.00e+00	5.45e-15
4:	5.41e-01	5.40e-15
5:	0.00e+00	-8.15e-17
6:	0.00e+00	4.33e-15
7:	-5.41e-01	4.38e-15
8:	0.00e+00	4.86e-17
9:	0.00e+00	1.09e-14
10:	4.08e-02	-5.00e-01
11:	0.00e+00	-5.00e-01
12:	0.00e+00	9.37e-15
13:	4.08e-02	-5.00e-01
14:	0.00e+00	-5.00e-01
15:	0.00e+00	1.48e-14
16:	-5.41e-01	1.48e-14
17:	0.00e+00	6.25e-17
18:	0.00e+00	7.29e-15
19:	5.41e-01	7.23e-15
20:	0.00e+00	-8.20e-17
21:	0.00e+00	8.45e-15
22:	-4.08e-02	8.46e-15
23:	0.00e+00	9.84e-17
24:	0.00e+00	3.04e-18
25:	-5.82e-01	3.04e-18
26:	0.00e+00	-3.52e-17
27:	1.08e+00	-3.52e-17
28:	0.00e+00	-5.00e-01
29:	-5.82e-01	-5.00e-01
30:	0.00e+00	-1.52e-16
31:	-5.20e-18	-2.00e+00
32:	0.00e+00	-5.00e-01
33:	5.82e-01	-5.00e-01
34:	0.00e+00	-1.78e-17
35:	-1.08e+00	-1.78e-17
36:	0.00e+00	1.14e-17
37:	5.82e-01	1.14e-17
New op index: 7
Current grad: 104.14753176119858
New op index: 29
Current grad: 6.654915546549505
New op index: 35
Current grad: 3.921460753411409
New op index: 19
Current grad: 101.77512952948263
New op index: 33
Current grad: 4.3141120094863
New op index: 1
Current grad: 0.08350772806715867
New op index: 22
Current grad: 3.9313547367598036
New op index: 1
Current grad: 0.0018745821779227873
Adding the same operator twice is not sensible, terminating.
Calculating energies for FreeWilson2D(N_x=2, N_y=2, mass=-1.918, r=1.000)
h_im: 0.0
New op index: 27
Current grad: 5.510204081632658
0:	0.00e+00	5.39e-15
1:	4.08e-02	5.46e-15
2:	0.00e+00	8.46e-17
3:	0.00e+00	5.44e-15
4:	4.59e-01	5.40e-15
5:	0.00e+00	-7.11e-17
6:	0.00e+00	4.35e-15
7:	-4.59e-01	4.41e-15
8:	0.00e+00	5.90e-17
9:	0.00e+00	1.02e-14
10:	-4.08e-02	-5.00e-01
11:	0.00e+00	-5.00e-01
12:	0.00e+00	1.16e-14
13:	-4.08e-02	-5.00e-01
14:	0.00e+00	-5.00e-01
15:	0.00e+00	1.10e-14
16:	-4.59e-01	1.10e-14
17:	0.00e+00	4.68e-17
18:	0.00e+00	8.30e-15
19:	4.59e-01	8.24e-15
20:	0.00e+00	-6.81e-17
21:	0.00e+00	9.65e-15
22:	4.08e-02	9.69e-15
23:	0.00e+00	7.24e-17
24:	0.00e+00	1.34e-17
25:	-4.18e-01	1.34e-17
26:	0.00e+00	-9.88e-18
27:	9.18e-01	-9.88e-18
28:	0.00e+00	-5.00e-01
29:	-4.18e-01	-5.00e-01
30:	0.00e+00	-1.14e-16
31:	3.82e-17	-2.00e+00
32:	0.00e+00	-5.00e-01
33:	4.18e-01	-5.00e-01
34:	0.00e+00	-2.41e-17
35:	-9.18e-01	-2.41e-17
36:	0.00e+00	2.64e-18
37:	4.18e-01	2.64e-18
New op index: 4
Current grad: 103.49865801524044
New op index: 25
Current grad: 6.001660177434787
New op index: 35
Current grad: 2.79598851103203
New op index: 16
Current grad: 100.79458106100735
New op index: 33
Current grad: 3.2872857184096977
New op index: 29
Current grad: 1.1115685264773818
New op index: 22
Current grad: 0.08330216211132244
New op index: 1
Current grad: 3.974426037391913
New op index: 1
Current grad: 0.001444499249430494
Adding the same operator twice is not sensible, terminating.
Calculating energies for FreeWilson2D(N_x=2, N_y=2, mass=-1.755, r=1.000)
h_im: 0.0
New op index: 27
Current grad: 4.530612244897959
0:	0.00e+00	5.40e-15
1:	1.22e-01	5.47e-15
2:	0.00e+00	8.46e-17
3:	0.00e+00	5.43e-15
4:	3.78e-01	5.39e-15
5:	0.00e+00	-7.11e-17
6:	0.00e+00	4.38e-15
7:	-3.78e-01	4.43e-15
8:	0.00e+00	7.29e-17
9:	0.00e+00	1.72e-14
10:	-1.22e-01	-5.00e-01
11:	0.00e+00	-5.00e-01
12:	0.00e+00	1.44e-14
13:	-1.22e-01	-5.00e-01
14:	0.00e+00	-5.00e-01
15:	0.00e+00	1.05e-14
16:	-3.78e-01	1.05e-14
17:	0.00e+00	6.07e-17
18:	0.00e+00	1.33e-14
19:	3.78e-01	1.33e-14
20:	0.00e+00	-7.85e-17
21:	0.00e+00	7.92e-15
22:	1.22e-01	7.96e-15
23:	0.00e+00	7.24e-17
24:	0.00e+00	1.34e-17
25:	-2.55e-01	1.34e-17
26:	0.00e+00	8.53e-18
27:	7.55e-01	8.53e-18
28:	0.00e+00	-5.00e-01
29:	-2.55e-01	-5.00e-01
30:	0.00e+00	-1.18e-16
31:	-1.56e-17	-2.00e+00
32:	0.00e+00	-5.00e-01
33:	2.55e-01	-5.00e-01
34:	0.00e+00	-7.58e-18
35:	-7.55e-01	-7.58e-18
36:	0.00e+00	-1.97e-17
37:	2.55e-01	-1.97e-17
New op index: 4
Current grad: 100.95284785067591
New op index: 25
Current grad: 6.001913280650172
New op index: 35
Current grad: 2.3884402929396047
New op index: 19
Current grad: 98.79991503743908
New op index: 37
Current grad: 3.8554211873935635
New op index: 10
Current grad: 0.24575327674066477
New op index: 13
Current grad: 50.884626821149006
New op index: 31
Current grad: 2.0092512422767834
New op index: 7
Current grad: 0.015344217967265953
New op index: 16
Current grad: 0.005082113554939113
New op index: 22
Current grad: 0.0012817943431039306
New op index: 22
Current grad: 0.0004907618270307187
Precision cutoff reached.
Calculating energies for FreeWilson2D(N_x=2, N_y=2, mass=-1.592, r=1.000)
h_im: 0.0
New op index: 27
Current grad: 3.5510204081632635
0:	0.00e+00	5.41e-15
1:	2.04e-01	5.48e-15
2:	0.00e+00	8.46e-17
3:	0.00e+00	5.42e-15
4:	2.96e-01	5.39e-15
5:	0.00e+00	-6.42e-17
6:	0.00e+00	4.40e-15
7:	-2.96e-01	4.45e-15
8:	0.00e+00	7.63e-17
9:	0.00e+00	8.86e-15
10:	-2.04e-01	-5.00e-01
11:	0.00e+00	-5.00e-01
12:	0.00e+00	6.95e-15
13:	-2.04e-01	-5.00e-01
14:	0.00e+00	-5.00e-01
15:	0.00e+00	7.33e-15
16:	-2.96e-01	7.35e-15
17:	0.00e+00	6.42e-17
18:	0.00e+00	4.80e-15
19:	2.96e-01	4.75e-15
20:	0.00e+00	-7.68e-17
21:	0.00e+00	3.42e-15
22:	2.04e-01	3.46e-15
23:	0.00e+00	7.24e-17
24:	0.00e+00	2.04e-17
25:	-9.18e-02	2.04e-17
26:	0.00e+00	2.35e-17
27:	5.92e-01	2.35e-17
28:	0.00e+00	-5.00e-01
29:	-9.18e-02	-5.00e-01
30:	0.00e+00	-1.30e-16
31:	-1.73e-18	-2.00e+00
32:	0.00e+00	-5.00e-01
33:	9.18e-02	-5.00e-01
34:	0.00e+00	-3.81e-17
35:	-5.92e-01	-3.81e-17
36:	0.00e+00	-1.85e-17
37:	9.18e-02	-1.85e-17
New op index: 4
Current grad: 97.5880272202944
New op index: 25
Current grad: 6.011295832215135
New op index: 35
Current grad: 1.9809049244101766
New op index: 19
Current grad: 96.04403655807545
New op index: 37
Current grad: 4.435966116161905
New op index: 13
Current grad: 0.43044408585698074
New op index: 10
Current grad: 50.808539609813515
New op index: 31
Current grad: 2.0043063953125877
New op index: 31
Current grad: 0.00044995335140175135
Precision cutoff reached.
Calculating energies for FreeWilson2D(N_x=2, N_y=2, mass=-1.429, r=1.000)
h_im: 0.0
New op index: 35
Current grad: 3.1428571428571423
0:	0.00e+00	5.42e-15
1:	2.86e-01	5.49e-15
2:	0.00e+00	8.46e-17
3:	0.00e+00	5.41e-15
4:	2.14e-01	5.38e-15
5:	0.00e+00	-6.07e-17
6:	0.00e+00	4.38e-15
7:	-2.14e-01	4.46e-15
8:	0.00e+00	4.68e-17
9:	0.00e+00	7.96e-15
10:	-2.86e-01	-5.00e-01
11:	0.00e+00	-5.00e-01
12:	0.00e+00	9.87e-15
13:	-2.86e-01	-5.00e-01
14:	0.00e+00	-5.00e-01
15:	0.00e+00	7.84e-15
16:	-2.14e-01	7.91e-15
17:	0.00e+00	2.60e-17
18:	0.00e+00	7.74e-15
19:	2.14e-01	7.68e-15
20:	0.00e+00	-6.64e-17
21:	0.00e+00	1.00e-14
22:	2.86e-01	1.01e-14
23:	0.00e+00	6.38e-17
24:	0.00e+00	2.39e-17
25:	7.14e-02	2.39e-17
26:	0.00e+00	1.98e-18
27:	4.29e-01	1.98e-18
28:	0.00e+00	-5.00e-01
29:	7.14e-02	-5.00e-01
30:	0.00e+00	-1.23e-16
31:	5.03e-17	-2.00e+00
32:	0.00e+00	-5.00e-01
33:	-7.14e-02	-5.00e-01
34:	0.00e+00	-4.83e-17
35:	-4.29e-01	-4.83e-17
36:	0.00e+00	-3.04e-17
37:	-7.14e-02	-3.04e-17
New op index: 19
Current grad: 94.67261227712662
New op index: 37
Current grad: 6.306530190102048
New op index: 27
Current grad: 1.858929162715513
New op index: 7
Current grad: 93.38832381582871
New op index: 29
Current grad: 5.032353957632039
New op index: 33
Current grad: 2.080002219358982
New op index: 22
Current grad: 0.5720944378297477
New op index: 1
Current grad: 24.54899727012471
New op index: 19
Current grad: 0.0014671501353935796
New op index: 19
Current grad: 0.0014671501353551988
Adding the same operator twice is not sensible, terminating.
Calculating energies for FreeWilson2D(N_x=2, N_y=2, mass=-1.265, r=1.000)
h_im: 0.0
New op index: 10
Current grad: 3.469387755102038
0:	0.00e+00	5.44e-15
1:	3.67e-01	5.50e-15
2:	0.00e+00	8.46e-17
3:	0.00e+00	5.40e-15
4:	1.33e-01	5.38e-15
5:	0.00e+00	-5.03e-17
6:	0.00e+00	4.45e-15
7:	-1.33e-01	4.48e-15
8:	0.00e+00	8.50e-17
9:	0.00e+00	9.95e-15
10:	-3.67e-01	-5.00e-01
11:	0.00e+00	-5.00e-01
12:	0.00e+00	1.13e-14
13:	-3.67e-01	-5.00e-01
14:	0.00e+00	-5.00e-01
15:	0.00e+00	1.07e-14
16:	-1.33e-01	1.07e-14
17:	0.00e+00	5.38e-17
18:	0.00e+00	9.62e-15
19:	1.33e-01	9.60e-15
20:	0.00e+00	-4.73e-17
21:	0.00e+00	8.28e-15
22:	3.67e-01	8.34e-15
23:	0.00e+00	5.33e-17
24:	0.00e+00	3.43e-17
25:	2.35e-01	3.43e-17
26:	0.00e+00	5.51e-17
27:	2.65e-01	5.51e-17
28:	0.00e+00	-5.00e-01
29:	2.35e-01	-5.00e-01
30:	0.00e+00	-1.21e-16
31:	2.95e-17	-2.00e+00
32:	0.00e+00	-5.00e-01
33:	-2.35e-01	-5.00e-01
34:	0.00e+00	-5.47e-17
35:	-2.65e-01	-5.47e-17
36:	0.00e+00	-2.96e-17
37:	-2.35e-01	-2.96e-17
New op index: 7
Current grad: 211.50080063903036
New op index: 31
Current grad: 5.205884336401983
New op index: 25
Current grad: 3.857940999172001
New op index: 1
Current grad: 61.31499670641256
New op index: 25
Current grad: 4.245809792134539
New op index: 22
Current grad: 1.7401690711199649
New op index: 19
Current grad: 171.46656700924055
New op index: 16
Current grad: 1.4489059589213342
New op index: 10
Current grad: 70.18052979483991
New op index: 1
Current grad: 0.009214586005467661
New op index: 16
Current grad: 0.0033784976044793353
Adding the same operator twice is not sensible, terminating.
Calculating energies for FreeWilson2D(N_x=2, N_y=2, mass=-1.102, r=1.000)
h_im: 0.0
New op index: 10
Current grad: 3.795918367346929
0:	0.00e+00	5.45e-15
1:	4.49e-01	5.51e-15
2:	0.00e+00	8.46e-17
3:	0.00e+00	5.39e-15
4:	5.10e-02	5.35e-15
5:	0.00e+00	-6.42e-17
6:	0.00e+00	4.41e-15
7:	-5.10e-02	4.48e-15
8:	0.00e+00	4.16e-17
9:	0.00e+00	1.23e-14
10:	-4.49e-01	-5.00e-01
11:	0.00e+00	-5.00e-01
12:	0.00e+00	1.26e-14
13:	-4.49e-01	-5.00e-01
14:	0.00e+00	-5.00e-01
15:	0.00e+00	1.08e-14
16:	-5.10e-02	1.08e-14
17:	0.00e+00	3.30e-17
18:	0.00e+00	1.10e-14
19:	5.10e-02	1.10e-14
20:	0.00e+00	-7.50e-17
21:	0.00e+00	8.83e-15
22:	4.49e-01	8.87e-15
23:	0.00e+00	7.59e-17
24:	0.00e+00	2.04e-17
25:	3.98e-01	2.04e-17
26:	0.00e+00	2.37e-18
27:	1.02e-01	2.37e-18
28:	0.00e+00	-5.00e-01
29:	3.98e-01	-5.00e-01
30:	0.00e+00	-1.21e-16
31:	2.78e-17	-2.00e+00
32:	0.00e+00	-5.00e-01
33:	-3.98e-01	-5.00e-01
34:	0.00e+00	-1.73e-16
35:	-1.02e-01	-1.73e-16
36:	0.00e+00	-6.14e-17
37:	-3.98e-01	-6.14e-17
New op index: 7
Current grad: 238.73171553680567
New op index: 31
Current grad: 5.694897534322991
New op index: 25
Current grad: 4.256283935464909
New op index: 1
Current grad: 63.488806619299154
New op index: 25
Current grad: 4.5327997120471375
New op index: 22
Current grad: 1.6837752395182408
New op index: 19
Current grad: 172.61799884362634
New op index: 16
Current grad: 1.5502082828298285
New op index: 13
Current grad: 70.55214743873516
New op index: 13
Current grad: 0.0061684534656314275
Adding the same operator twice is not sensible, terminating.
Calculating energies for FreeWilson2D(N_x=2, N_y=2, mass=-0.939, r=1.000)
h_im: 0.0
New op index: 25
Current grad: 4.61224489795919
0:	0.00e+00	5.46e-15
1:	5.31e-01	5.52e-15
2:	0.00e+00	8.46e-17
3:	0.00e+00	5.38e-15
4:	-3.06e-02	5.36e-15
5:	0.00e+00	-5.03e-17
6:	0.00e+00	4.46e-15
7:	3.06e-02	4.51e-15
8:	0.00e+00	7.81e-17
9:	0.00e+00	1.18e-14
10:	-5.31e-01	-5.00e-01
11:	0.00e+00	-5.00e-01
12:	0.00e+00	7.66e-15
13:	-5.31e-01	-5.00e-01
14:	0.00e+00	-5.00e-01
15:	0.00e+00	1.09e-14
16:	3.06e-02	1.09e-14
17:	0.00e+00	7.46e-17
18:	0.00e+00	7.07e-15
19:	-3.06e-02	7.02e-15
20:	0.00e+00	-4.03e-17
21:	0.00e+00	6.58e-15
22:	5.31e-01	6.62e-15
23:	0.00e+00	8.11e-17
24:	0.00e+00	3.43e-17
25:	5.61e-01	3.43e-17
26:	0.00e+00	5.72e-17
27:	-6.12e-02	5.72e-17
28:	0.00e+00	-5.00e-01
29:	5.61e-01	-5.00e-01
30:	0.00e+00	-1.14e-16
31:	4.16e-17	-2.00e+00
32:	0.00e+00	-5.00e-01
33:	-5.61e-01	-5.00e-01
34:	0.00e+00	6.37e-17
35:	6.12e-02	6.37e-17
36:	0.00e+00	5.55e-17
37:	-5.61e-01	5.55e-17
New op index: 1
Current grad: 59.38824642398231
New op index: 25
Current grad: 7.106541358384317
New op index: 29
Current grad: 4.929183034989564
New op index: 10
Current grad: 88.08271864959885
New op index: 29
Current grad: 5.524180738320202
New op index: 31
Current grad: 3.3085573483166764
New op index: 37
Current grad: 2.0099942885173063
New op index: 22
Current grad: 56.743358968037704
New op index: 37
Current grad: 4.148017978349012
New op index: 16
Current grad: 1.6776621770704652
New op index: 13
Current grad: 70.75932635862272
New op index: 1
Current grad: 0.00044661643894030993
Precision cutoff reached.
Calculating energies for FreeWilson2D(N_x=2, N_y=2, mass=-0.776, r=1.000)
h_im: 0.0
New op index: 25
Current grad: 6.24489795918367
0:	0.00e+00	5.47e-15
1:	6.12e-01	5.53e-15
2:	0.00e+00	8.46e-17
3:	0.00e+00	5.36e-15
4:	-1.12e-01	5.34e-15
5:	0.00e+00	-5.72e-17
6:	0.00e+00	4.45e-15
7:	1.12e-01	4.52e-15
8:	0.00e+00	6.42e-17
9:	0.00e+00	1.12e-14
10:	-6.12e-01	-5.00e-01
11:	0.00e+00	-5.00e-01
12:	0.00e+00	1.12e-14
13:	-6.12e-01	-5.00e-01
14:	0.00e+00	-5.00e-01
15:	0.00e+00	8.75e-15
16:	1.12e-01	8.79e-15
17:	0.00e+00	3.82e-17
18:	0.00e+00	8.55e-15
19:	-1.12e-01	8.51e-15
20:	0.00e+00	-7.68e-17
21:	0.00e+00	7.83e-15
22:	6.12e-01	7.86e-15
23:	0.00e+00	5.85e-17
24:	0.00e+00	2.73e-17
25:	7.24e-01	2.73e-17
26:	0.00e+00	4.09e-17
27:	-2.24e-01	4.09e-17
28:	0.00e+00	-5.00e-01
29:	7.24e-01	-5.00e-01
30:	0.00e+00	-1.37e-16
31:	2.95e-17	-2.00e+00
32:	0.00e+00	-5.00e-01
33:	-7.24e-01	-5.00e-01
34:	0.00e+00	-5.56e-17
35:	2.24e-01	-5.56e-17
36:	0.00e+00	5.83e-17
37:	-7.24e-01	5.83e-17
New op index: 1
Current grad: 63.48968926818678
New op index: 25
Current grad: 8.596083707546386
New op index: 29
Current grad: 6.071698543395051
New op index: 10
Current grad: 87.16726471397578
New op index: 29
Current grad: 6.687728946377845
New op index: 31
Current grad: 4.122483778662741
New op index: 37
Current grad: 2.6095269232696334
New op index: 22
Current grad: 59.816902069167
New op index: 37
Current grad: 4.815649593479043
New op index: 16
Current grad: 1.9901561574297657
New op index: 10
Current grad: 70.87393231500805
New op index: 10
Current grad: 0.0017227121972008133
Adding the same operator twice is not sensible, terminating.
Calculating energies for FreeWilson2D(N_x=2, N_y=2, mass=-0.612, r=1.000)
h_im: 0.0
New op index: 25
Current grad: 7.877551020408162
0:	0.00e+00	5.48e-15
1:	6.94e-01	5.55e-15
2:	0.00e+00	8.46e-17
3:	0.00e+00	5.35e-15
4:	-1.94e-01	5.32e-15
5:	0.00e+00	-6.07e-17
6:	0.00e+00	4.47e-15
7:	1.94e-01	4.53e-15
8:	0.00e+00	7.81e-17
9:	0.00e+00	1.28e-14
10:	-6.94e-01	-5.00e-01
11:	0.00e+00	-5.00e-01
12:	0.00e+00	1.09e-14
13:	-6.94e-01	-5.00e-01
14:	0.00e+00	-5.00e-01
15:	0.00e+00	1.07e-14
16:	1.94e-01	1.08e-14
17:	0.00e+00	6.77e-17
18:	0.00e+00	8.73e-15
19:	-1.94e-01	8.68e-15
20:	0.00e+00	-5.59e-17
21:	0.00e+00	6.63e-15
22:	6.94e-01	6.67e-15
23:	0.00e+00	7.42e-17
24:	0.00e+00	2.39e-17
25:	8.88e-01	2.39e-17
26:	0.00e+00	5.59e-17
27:	-3.88e-01	5.59e-17
28:	0.00e+00	-5.00e-01
29:	8.88e-01	-5.00e-01
30:	0.00e+00	-1.19e-16
31:	-3.30e-17	-2.00e+00
32:	0.00e+00	-5.00e-01
33:	-8.88e-01	-5.00e-01
34:	0.00e+00	2.08e-18
35:	3.88e-01	2.08e-18
36:	0.00e+00	3.75e-17
37:	-8.88e-01	3.75e-17
New op index: 1
Current grad: 66.79734341407064
New op index: 25
Current grad: 10.08849354547127
New op index: 29
Current grad: 7.2151221047069924
New op index: 10
Current grad: 86.71694889572724
New op index: 29
Current grad: 7.853253165942039
New op index: 31
Current grad: 4.947159886822642
New op index: 37
Current grad: 3.4025398985329334
New op index: 22
Current grad: 62.219352199099575
New op index: 37
Current grad: 5.468843804838056
New op index: 16
Current grad: 2.3162716338140905
New op index: 13
Current grad: 70.99222707872077
New op index: 10
Current grad: 0.011225325162786425
New op index: 10
Current grad: 0.006192071114279073
Adding the same operator twice is not sensible, terminating.
Calculating energies for FreeWilson2D(N_x=2, N_y=2, mass=-0.449, r=1.000)
h_im: 0.0
New op index: 29
Current grad: 9.51020408163264
0:	0.00e+00	5.49e-15
1:	7.76e-01	5.56e-15
2:	0.00e+00	8.46e-17
3:	0.00e+00	5.34e-15
4:	-2.76e-01	5.33e-15
5:	0.00e+00	-3.99e-17
6:	0.00e+00	4.50e-15
7:	2.76e-01	4.55e-15
8:	0.00e+00	6.42e-17
9:	0.00e+00	8.97e-15
10:	-7.76e-01	-5.00e-01
11:	0.00e+00	-5.00e-01
12:	0.00e+00	8.63e-15
13:	-7.76e-01	-5.00e-01
14:	0.00e+00	-5.00e-01
15:	0.00e+00	7.76e-15
16:	2.76e-01	7.79e-15
17:	0.00e+00	5.20e-17
18:	0.00e+00	7.85e-15
19:	-2.76e-01	7.81e-15
20:	0.00e+00	-5.77e-17
21:	0.00e+00	8.86e-15
22:	7.76e-01	8.91e-15
23:	0.00e+00	7.24e-17
24:	0.00e+00	4.47e-17
25:	1.05e+00	4.47e-17
26:	0.00e+00	6.73e-17
27:	-5.51e-01	6.73e-17
28:	0.00e+00	-5.00e-01
29:	1.05e+00	-5.00e-01
30:	0.00e+00	-1.14e-16
31:	3.30e-17	-2.00e+00
32:	0.00e+00	-5.00e-01
33:	-1.05e+00	-5.00e-01
34:	0.00e+00	-8.10e-17
35:	5.51e-01	-8.10e-17
36:	0.00e+00	-6.06e-17
37:	-1.05e+00	-6.06e-17
New op index: 10
Current grad: 80.75852283673017
New op index: 29
Current grad: 12.15984874202426
New op index: 25
Current grad: 9.862993932118094
New op index: 4
Current grad: 77.83423830858834
New op index: 25
Current grad: 9.934585095524419
New op index: 37
Current grad: 5.759526484880492
New op index: 22
Current grad: 65.85000093301578
New op index: 37
Current grad: 7.837108070215148
New op index: 33
Current grad: 4.606775159854231
New op index: 13
Current grad: 72.37073361450007
New op index: 33
Current grad: 5.170367244817057
New op index: 33
Current grad: 0.009223946137750398
Adding the same operator twice is not sensible, terminating.
Calculating energies for FreeWilson2D(N_x=2, N_y=2, mass=-0.286, r=1.000)
h_im: 0.0
New op index: 25
Current grad: 11.142857142857125
0:	0.00e+00	5.50e-15
1:	8.57e-01	5.57e-15
2:	0.00e+00	8.46e-17
3:	0.00e+00	5.33e-15
4:	-3.57e-01	5.29e-15
5:	0.00e+00	-7.11e-17
6:	0.00e+00	4.47e-15
7:	3.57e-01	4.55e-15
8:	0.00e+00	6.94e-17
9:	0.00e+00	1.45e-14
10:	-8.57e-01	-5.00e-01
11:	0.00e+00	-5.00e-01
12:	0.00e+00	1.24e-14
13:	-8.57e-01	-5.00e-01
14:	0.00e+00	-5.00e-01
15:	0.00e+00	1.02e-14
16:	3.57e-01	1.02e-14
17:	0.00e+00	5.90e-17
18:	0.00e+00	1.15e-14
19:	-3.57e-01	1.14e-14
20:	0.00e+00	-6.11e-17
21:	0.00e+00	8.37e-15
22:	8.57e-01	8.40e-15
23:	0.00e+00	7.42e-17
24:	0.00e+00	1.34e-17
25:	1.21e+00	1.34e-17
26:	0.00e+00	4.58e-17
27:	-7.14e-01	4.58e-17
28:	0.00e+00	-5.00e-01
29:	1.21e+00	-5.00e-01
30:	0.00e+00	-1.21e-16
31:	3.30e-17	-2.00e+00
32:	0.00e+00	-5.00e-01
33:	-1.21e+00	-5.00e-01
34:	0.00e+00	-1.45e-16
35:	7.14e-01	-1.45e-16
36:	0.00e+00	-8.22e-17
37:	-1.21e+00	-8.22e-17
New op index: 1
Current grad: 72.08144528313873
New op index: 25
Current grad: 13.08269105028445
New op index: 29
Current grad: 9.500012023550466
New op index: 7
Current grad: 70.38051632089659
New op index: 29
Current grad: 10.188921088321731
New op index: 37
Current grad: 6.579531360405975
New op index: 22
Current grad: 67.51073168002576
New op index: 37
Current grad: 8.51478208465565
New op index: 33
Current grad: 4.9662976253756685
New op index: 16
Current grad: 72.43346899792874
New op index: 33
Current grad: 5.518665098464335
New op index: 29
Current grad: 0.008029263455475241
Adding the same operator twice is not sensible, terminating.
Calculating energies for FreeWilson2D(N_x=2, N_y=2, mass=-0.122, r=1.000)
h_im: 0.0
New op index: 29
Current grad: 12.77551020408163
0:	0.00e+00	5.51e-15
1:	9.39e-01	5.58e-15
2:	0.00e+00	8.46e-17
3:	0.00e+00	5.32e-15
4:	-4.39e-01	5.30e-15
5:	0.00e+00	-5.72e-17
6:	0.00e+00	4.50e-15
7:	4.39e-01	4.57e-15
8:	0.00e+00	7.11e-17
9:	0.00e+00	1.15e-14
10:	-9.39e-01	-5.00e-01
11:	0.00e+00	-5.00e-01
12:	0.00e+00	1.07e-14
13:	-9.39e-01	-5.00e-01
14:	0.00e+00	-5.00e-01
15:	0.00e+00	8.82e-15
16:	4.39e-01	8.87e-15
17:	0.00e+00	4.86e-17
18:	0.00e+00	8.02e-15
19:	-4.39e-01	7.95e-15
20:	0.00e+00	-6.98e-17
21:	0.00e+00	9.24e-15
22:	9.39e-01	9.29e-15
23:	0.00e+00	6.20e-17
24:	0.00e+00	2.73e-17
25:	1.38e+00	2.73e-17
26:	0.00e+00	6.60e-17
27:	-8.78e-01	6.60e-17
28:	0.00e+00	-5.00e-01
29:	1.38e+00	-5.00e-01
30:	0.00e+00	-1.16e-16
31:	-1.73e-18	-2.00e+00
32:	0.00e+00	-5.00e-01
33:	-1.38e+00	-5.00e-01
34:	0.00e+00	6.99e-17
35:	8.78e-01	6.99e-17
36:	0.00e+00	8.34e-17
37:	-1.38e+00	8.34e-17
New op index: 10
Current grad: 83.50146701260444
New op index: 29
Current grad: 15.17520918668532
New op index: 25
Current grad: 12.143596703463533
New op index: 4
Current grad: 79.71862576568806
New op index: 25
Current grad: 12.25953260755044
New op index: 33
Current grad: 7.415106447122131
New op index: 13
Current grad: 68.47705130945779
New op index: 33
Current grad: 9.168951132111182
New op index: 37
Current grad: 4.261332480479372
New op index: 22
Current grad: 72.04853360908318
New op index: 37
Current grad: 4.90524753393146
New op index: 1
Current grad: 0.00151907072749337
New op index: 1
Current grad: 0.0015190707274932598
Adding the same operator twice is not sensible, terminating.
Calculating energies for FreeWilson2D(N_x=2, N_y=2, mass=0.041, r=1.000)
h_im: 0.0
New op index: 25
Current grad: 14.408163265306113
0:	0.00e+00	5.52e-15
1:	1.02e+00	5.59e-15
2:	0.00e+00	8.46e-17
3:	0.00e+00	5.31e-15
4:	-5.20e-01	5.31e-15
5:	0.00e+00	-3.30e-17
6:	0.00e+00	4.53e-15
7:	5.20e-01	4.61e-15
8:	0.00e+00	7.46e-17
9:	0.00e+00	9.78e-15
10:	-1.02e+00	-5.00e-01
11:	0.00e+00	-5.00e-01
12:	0.00e+00	1.03e-14
13:	-1.02e+00	-5.00e-01
14:	0.00e+00	-5.00e-01
15:	0.00e+00	8.78e-15
16:	5.20e-01	8.84e-15
17:	0.00e+00	6.59e-17
18:	0.00e+00	7.66e-15
19:	-5.20e-01	7.64e-15
20:	0.00e+00	-7.85e-17
21:	0.00e+00	5.12e-15
22:	1.02e+00	5.17e-15
23:	0.00e+00	7.59e-17
24:	0.00e+00	5.16e-17
25:	1.54e+00	5.16e-17
26:	0.00e+00	9.83e-17
27:	-1.04e+00	9.83e-17
28:	0.00e+00	-5.00e-01
29:	1.54e+00	-5.00e-01
30:	0.00e+00	-1.07e-16
31:	2.78e-17	-2.00e+00
32:	0.00e+00	-5.00e-01
33:	-1.54e+00	-5.00e-01
34:	0.00e+00	-4.09e-17
35:	1.04e+00	-4.09e-17
36:	0.00e+00	2.24e-16
37:	-1.54e+00	2.24e-16
New op index: 1
Current grad: 76.43922798342496
New op index: 25
Current grad: 16.0886839049981
New op index: 29
Current grad: 11.790109917116139
New op index: 10
Current grad: 87.19579100454774
New op index: 29
Current grad: 12.53522672725834
New op index: 37
Current grad: 8.205771897121444
New op index: 22
Current grad: 70.25514474295368
New op index: 37
Current grad: 9.887251394362586
New op index: 33
Current grad: 5.588478431446572
New op index: 16
Current grad: 72.66427755725128
New op index: 33
Current grad: 6.2032073286481495
New op index: 10
Current grad: 0.002334116038929031
New op index: 10
Current grad: 0.0023341160389291414
Adding the same operator twice is not sensible, terminating.
Calculating energies for FreeWilson2D(N_x=2, N_y=2, mass=0.204, r=1.000)
h_im: 0.0
New op index: 25
Current grad: 16.0408163265306
0:	0.00e+00	5.53e-15
1:	1.10e+00	5.60e-15
2:	0.00e+00	8.46e-17
3:	0.00e+00	5.30e-15
4:	-6.02e-01	5.25e-15
5:	0.00e+00	-7.81e-17
6:	0.00e+00	4.52e-15
7:	6.02e-01	4.59e-15
8:	0.00e+00	1.02e-16
9:	0.00e+00	1.18e-14
10:	-1.10e+00	-5.00e-01
11:	0.00e+00	-5.00e-01
12:	0.00e+00	8.61e-15
13:	-1.10e+00	-5.00e-01
14:	0.00e+00	-5.00e-01
15:	0.00e+00	1.04e-14
16:	6.02e-01	1.04e-14
17:	0.00e+00	7.81e-17
18:	0.00e+00	7.76e-15
19:	-6.02e-01	7.70e-15
20:	0.00e+00	-9.58e-17
21:	0.00e+00	5.63e-15
22:	1.10e+00	5.68e-15
23:	0.00e+00	6.03e-17
24:	0.00e+00	6.51e-18
25:	1.70e+00	6.51e-18
26:	0.00e+00	8.55e-17
27:	-1.20e+00	8.55e-17
28:	0.00e+00	-5.00e-01
29:	1.70e+00	-5.00e-01
30:	0.00e+00	-1.35e-16
31:	1.56e-17	-2.00e+00
32:	0.00e+00	-5.00e-01
33:	-1.70e+00	-5.00e-01
34:	0.00e+00	-2.01e-16
35:	1.20e+00	-2.01e-16
36:	0.00e+00	-8.14e-17
37:	-1.70e+00	-8.14e-17
New op index: 1
Current grad: 78.42694244006933
New op index: 25
Current grad: 17.596367945041067
New op index: 29
Current grad: 12.929753374027694
New op index: 10
Current grad: 87.62226039317562
New op index: 29
Current grad: 13.710378413251181
New op index: 33
Current grad: 9.021771576725296
New op index: 13
Current grad: 70.92183178493686
New op index: 33
Current grad: 10.536858606170181
New op index: 37
Current grad: 4.9095155665413746
New op index: 22
Current grad: 72.2837956617327
New op index: 37
Current grad: 5.594849816613138
New op index: 7
Current grad: 0.02865124355790218
New op index: 16
Current grad: 0.013408452767786863
New op index: 33
Current grad: 0.00752413768584741
New op index: 16
Current grad: 0.006392639790190615
New op index: 33
Current grad: 0.004195556483948581
New op index: 16
Current grad: 0.0037434539778773332
New op index: 16
Current grad: 0.0032823834243335646
Adding the same operator twice is not sensible, terminating.
Calculating energies for FreeWilson2D(N_x=2, N_y=2, mass=0.367, r=1.000)
h_im: 0.0
New op index: 25
Current grad: 17.67346938775509
0:	0.00e+00	5.54e-15
1:	1.18e+00	5.61e-15
2:	0.00e+00	8.46e-17
3:	0.00e+00	5.29e-15
4:	-6.84e-01	5.25e-15
5:	0.00e+00	-6.77e-17
6:	0.00e+00	4.54e-15
7:	6.84e-01	4.59e-15
8:	0.00e+00	7.81e-17
9:	0.00e+00	9.98e-15
10:	-1.18e+00	-5.00e-01
11:	0.00e+00	-5.00e-01
12:	0.00e+00	1.12e-14
13:	-1.18e+00	-5.00e-01
14:	0.00e+00	-5.00e-01
15:	0.00e+00	1.01e-14
16:	6.84e-01	1.02e-14
17:	0.00e+00	8.67e-17
18:	0.00e+00	6.99e-15
19:	-6.84e-01	6.94e-15
20:	0.00e+00	-6.98e-17
21:	0.00e+00	8.70e-15
22:	1.18e+00	8.77e-15
23:	0.00e+00	9.32e-17
24:	0.00e+00	1.69e-17
25:	1.87e+00	1.69e-17
26:	0.00e+00	7.61e-17
27:	-1.37e+00	7.61e-17
28:	0.00e+00	-5.00e-01
29:	1.87e+00	-5.00e-01
30:	0.00e+00	-1.33e-16
31:	-1.73e-18	-2.00e+00
32:	0.00e+00	-5.00e-01
33:	-1.87e+00	-5.00e-01
34:	0.00e+00	3.13e-16
35:	1.37e+00	3.13e-16
36:	0.00e+00	-4.23e-17
37:	-1.87e+00	-4.23e-17
New op index: 1
Current grad: 80.31830803080305
New op index: 25
Current grad: 19.106573465477382
New op index: 29
Current grad: 14.072485559262395
New op index: 10
Current grad: 88.12814681610794
New op index: 29
Current grad: 14.887885438637479
New op index: 33
Current grad: 9.837200540681133
New op index: 13
Current grad: 71.95984574325992
New op index: 33
Current grad: 11.223257151876464
New op index: 37
Current grad: 5.236019367547428
New op index: 19
Current grad: 72.42707758410788
New op index: 37
Current grad: 5.955296113162039
New op index: 29
Current grad: 0.0002551653020007644
Precision cutoff reached.
Calculating energies for FreeWilson2D(N_x=2, N_y=2, mass=0.531, r=1.000)
h_im: 0.0
New op index: 25
Current grad: 19.306122448979586
0:	0.00e+00	5.56e-15
1:	1.27e+00	5.62e-15
2:	0.00e+00	8.46e-17
3:	0.00e+00	5.28e-15
4:	-7.65e-01	5.24e-15
5:	0.00e+00	-7.11e-17
6:	0.00e+00	4.53e-15
7:	7.65e-01	4.60e-15
8:	0.00e+00	6.59e-17
9:	0.00e+00	9.43e-15
10:	-1.27e+00	-5.00e-01
11:	0.00e+00	-5.00e-01
12:	0.00e+00	7.57e-15
13:	-1.27e+00	-5.00e-01
14:	0.00e+00	-5.00e-01
15:	0.00e+00	9.70e-15
16:	7.65e-01	9.73e-15
17:	0.00e+00	7.11e-17
18:	0.00e+00	8.64e-15
19:	-7.65e-01	8.60e-15
20:	0.00e+00	-8.54e-17
21:	0.00e+00	4.26e-15
22:	1.27e+00	4.29e-15
23:	0.00e+00	8.98e-17
24:	0.00e+00	1.34e-17
25:	2.03e+00	1.34e-17
26:	0.00e+00	6.50e-17
27:	-1.53e+00	6.50e-17
28:	0.00e+00	-5.00e-01
29:	2.03e+00	-5.00e-01
30:	0.00e+00	-1.52e-16
31:	3.99e-17	-2.00e+00
32:	0.00e+00	-5.00e-01
33:	-2.03e+00	-5.00e-01
34:	0.00e+00	-1.90e-16
35:	1.53e+00	-1.90e-16
36:	0.00e+00	-1.19e-16
37:	-2.03e+00	-1.19e-16
New op index: 1
Current grad: 82.1231825893168
New op index: 25
Current grad: 20.61969879329917
New op index: 29
Current grad: 15.215555295167437
New op index: 10
Current grad: 88.69006768866585
New op index: 29
Current grad: 16.068263405272525
New op index: 33
Current grad: 10.654139133892517
New op index: 13
Current grad: 72.98338204235908
New op index: 33
Current grad: 11.918114571686397
New op index: 37
Current grad: 5.563501134641732
New op index: 19
Current grad: 72.51310764197001
New op index: 37
Current grad: 6.307605254058609
New op index: 10
Current grad: 0.025361083188718027
New op index: 7
Current grad: 0.00970475406724585
New op index: 33
Current grad: 0.00616626448673716
Adding the same operator twice is not sensible, terminating.
Calculating energies for FreeWilson2D(N_x=2, N_y=2, mass=0.694, r=1.000)
h_im: 0.0
New op index: 25
Current grad: 20.938775510204067
0:	0.00e+00	5.57e-15
1:	1.35e+00	5.63e-15
2:	0.00e+00	8.46e-17
3:	0.00e+00	5.27e-15
4:	-8.47e-01	5.25e-15
5:	0.00e+00	-4.34e-17
6:	0.00e+00	4.59e-15
7:	8.47e-01	4.61e-15
8:	0.00e+00	5.03e-17
9:	0.00e+00	1.08e-14
10:	-1.35e+00	-5.00e-01
11:	0.00e+00	-5.00e-01
12:	0.00e+00	8.74e-15
13:	-1.35e+00	-5.00e-01
14:	0.00e+00	-5.00e-01
15:	0.00e+00	7.12e-15
16:	8.47e-01	7.11e-15
17:	0.00e+00	2.26e-17
18:	0.00e+00	6.86e-15
19:	-8.47e-01	6.82e-15
20:	0.00e+00	-7.50e-17
21:	0.00e+00	1.01e-14
22:	1.35e+00	1.02e-14
23:	0.00e+00	5.68e-17
24:	0.00e+00	4.12e-17
25:	2.19e+00	4.12e-17
26:	0.00e+00	8.17e-17
27:	-1.69e+00	8.17e-17
28:	0.00e+00	-5.00e-01
29:	2.19e+00	-5.00e-01
30:	0.00e+00	-1.35e-16
31:	-1.56e-17	-2.00e+00
32:	0.00e+00	-5.00e-01
33:	-2.19e+00	-5.00e-01
34:	0.00e+00	-2.39e-16
35:	1.69e+00	-2.39e-16
36:	0.00e+00	-1.68e-16
37:	-2.19e+00	-1.68e-16
New op index: 1
Current grad: 83.85644730287709
New op index: 25
Current grad: 22.14300985415148
New op index: 29
Current grad: 16.359991392256212
New op index: 10
Current grad: 89.29432254721965
New op index: 29
Current grad: 17.251896140601882
New op index: 33
Current grad: 11.472731575406693
New op index: 13
Current grad: 73.89806061086476
New op index: 33
Current grad: 12.613611473890362
New op index: 37
Current grad: 5.893142722387829
New op index: 22
Current grad: 72.63371298760362
New op index: 37
Current grad: 6.667733532793858
New op index: 16
Current grad: 0.027937621590030225
New op index: 33
Current grad: 0.010596689154651425
New op index: 16
Current grad: 0.006065741189114318
New op index: 33
Current grad: 0.004328267216459931
New op index: 16
Current grad: 0.003473082366467606
New op index: 16
Current grad: 0.0030105714410182532
Adding the same operator twice is not sensible, terminating.
Calculating energies for FreeWilson2D(N_x=2, N_y=2, mass=0.857, r=1.000)
h_im: 0.0
New op index: 29
Current grad: 22.571428571428566
0:	0.00e+00	5.58e-15
1:	1.43e+00	5.64e-15
2:	0.00e+00	8.46e-17
3:	0.00e+00	5.26e-15
4:	-9.29e-01	5.23e-15
5:	0.00e+00	-5.72e-17
6:	0.00e+00	4.58e-15
7:	9.29e-01	4.64e-15
8:	0.00e+00	7.98e-17
9:	0.00e+00	1.06e-14
10:	-1.43e+00	-5.00e-01
11:	0.00e+00	-5.00e-01
12:	0.00e+00	1.10e-14
13:	-1.43e+00	-5.00e-01
14:	0.00e+00	-5.00e-01
15:	0.00e+00	9.68e-15
16:	9.29e-01	9.75e-15
17:	0.00e+00	7.11e-17
18:	0.00e+00	8.84e-15
19:	-9.29e-01	8.79e-15
20:	0.00e+00	-6.98e-17
21:	0.00e+00	1.08e-14
22:	1.43e+00	1.09e-14
23:	0.00e+00	7.59e-17
24:	0.00e+00	2.73e-17
25:	2.36e+00	2.73e-17
26:	0.00e+00	1.02e-16
27:	-1.86e+00	1.02e-16
28:	0.00e+00	-5.00e-01
29:	2.36e+00	-5.00e-01
30:	0.00e+00	-1.23e-16
31:	1.39e-17	-2.00e+00
32:	0.00e+00	-5.00e-01
33:	-2.36e+00	-5.00e-01
34:	0.00e+00	-1.37e-16
35:	1.86e+00	-1.37e-16
36:	0.00e+00	-1.38e-17
37:	-2.36e+00	-1.38e-17
New op index: 10
Current grad: 91.75053689459733
New op index: 29
Current grad: 24.29103093274778
New op index: 25
Current grad: 18.999765386057316
New op index: 4
Current grad: 85.33796137945377
New op index: 25
Current grad: 19.27961377015461
New op index: 37
Current grad: 12.288470281066397
New op index: 22
Current grad: 75.30422388833593
New op index: 37
Current grad: 13.381645189057863
New op index: 33
Current grad: 7.220885905678779
New op index: 13
Current grad: 73.246676912769
New op index: 33
Current grad: 7.969349283534922
New op index: 13
Current grad: 0.0014622770714701626
New op index: 13
Current grad: 0.0014622770714701628
Adding the same operator twice is not sensible, terminating.
Calculating energies for FreeWilson2D(N_x=2, N_y=2, mass=1.020, r=1.000)
h_im: 0.0
New op index: 25
Current grad: 24.20408163265306
0:	0.00e+00	5.59e-15
1:	1.51e+00	5.65e-15
2:	0.00e+00	8.46e-17
3:	0.00e+00	5.24e-15
4:	-1.01e+00	5.25e-15
5:	0.00e+00	-2.95e-17
6:	0.00e+00	4.62e-15
7:	1.01e+00	4.67e-15
8:	0.00e+00	6.77e-17
9:	0.00e+00	1.05e-14
10:	-1.51e+00	-5.00e-01
11:	0.00e+00	-5.00e-01
12:	0.00e+00	8.72e-15
13:	-1.51e+00	-5.00e-01
14:	0.00e+00	-5.00e-01
15:	0.00e+00	8.18e-15
16:	1.01e+00	8.21e-15
17:	0.00e+00	6.25e-17
18:	0.00e+00	7.24e-15
19:	-1.01e+00	7.22e-15
20:	0.00e+00	-5.07e-17
21:	0.00e+00	7.08e-15
22:	1.51e+00	7.12e-15
23:	0.00e+00	7.94e-17
24:	0.00e+00	5.51e-17
25:	2.52e+00	5.51e-17
26:	0.00e+00	1.22e-16
27:	-2.02e+00	1.22e-16
28:	0.00e+00	-5.00e-01
29:	2.52e+00	-5.00e-01
30:	0.00e+00	-1.11e-16
31:	4.51e-17	-2.00e+00
32:	0.00e+00	-5.00e-01
33:	-2.52e+00	-5.00e-01
34:	0.00e+00	-1.56e-16
35:	2.02e+00	-1.56e-16
36:	0.00e+00	9.15e-17
37:	-2.52e+00	9.15e-17
New op index: 1
Current grad: 87.25586523759299
New op index: 25
Current grad: 25.17644946584228
New op index: 29
Current grad: 18.644379102435174
New op index: 10
Current grad: 90.61267136795078
New op index: 29
Current grad: 19.611438915272245
New op index: 33
Current grad: 13.102599073395979
New op index: 13
Current grad: 75.65712551343015
New op index: 33
Current grad: 14.025377225224144
New op index: 37
Current grad: 6.543655719709621
New op index: 22
Current grad: 72.85749999158676
New op index: 37
Current grad: 7.384534742835061
New op index: 10
Current grad: 0.02601086347590302
New op index: 37
Current grad: 0.014304060448221597
Adding the same operator twice is not sensible, terminating.
Calculating energies for FreeWilson2D(N_x=2, N_y=2, mass=1.184, r=1.000)
h_im: 0.0
New op index: 25
Current grad: 25.836734693877553
0:	0.00e+00	5.60e-15
1:	1.59e+00	5.67e-15
2:	0.00e+00	8.46e-17
3:	0.00e+00	5.23e-15
4:	-1.09e+00	5.21e-15
5:	0.00e+00	-5.72e-17
6:	0.00e+00	4.60e-15
7:	1.09e+00	4.66e-15
8:	0.00e+00	6.77e-17
9:	0.00e+00	1.18e-14
10:	-1.59e+00	-5.00e-01
11:	0.00e+00	-5.00e-01
12:	0.00e+00	1.39e-14
13:	-1.59e+00	-5.00e-01
14:	0.00e+00	-5.00e-01
15:	0.00e+00	9.90e-15
16:	1.09e+00	9.95e-15
17:	0.00e+00	2.95e-17
18:	0.00e+00	8.41e-15
19:	-1.09e+00	8.36e-15
20:	0.00e+00	-6.81e-17
21:	0.00e+00	1.14e-14
22:	1.59e+00	1.14e-14
23:	0.00e+00	4.64e-17
24:	0.00e+00	2.73e-17
25:	2.68e+00	2.73e-17
26:	0.00e+00	9.88e-17
27:	-2.18e+00	9.88e-17
28:	0.00e+00	-5.00e-01
29:	2.68e+00	-5.00e-01
30:	0.00e+00	-1.28e-16
31:	6.07e-17	-2.00e+00
32:	0.00e+00	-5.00e-01
33:	-2.68e+00	-5.00e-01
34:	0.00e+00	-1.49e-16
35:	2.18e+00	-1.49e-16
36:	0.00e+00	-2.17e-17
37:	-2.68e+00	-2.17e-17
New op index: 1
Current grad: 88.88495162054929
New op index: 25
Current grad: 26.700972786578408
New op index: 29
Current grad: 19.785724715616045
New op index: 7
Current grad: 81.82396346875672
New op index: 29
Current grad: 20.795541091516508
New op index: 37
Current grad: 13.93860189826816
New op index: 22
Current grad: 76.95944317357366
New op index: 37
Current grad: 14.793779339366878
New op index: 33
Current grad: 7.875591731957342
New op index: 13
Current grad: 73.52139898166683
New op index: 33
Current grad: 8.685492035742234
New op index: 37
Current grad: 0.015228220363865475
Adding the same operator twice is not sensible, terminating.
Calculating energies for FreeWilson2D(N_x=2, N_y=2, mass=1.347, r=1.000)
h_im: 0.0
New op index: 25
Current grad: 27.469387755102026
0:	0.00e+00	5.61e-15
1:	1.67e+00	5.68e-15
2:	0.00e+00	8.46e-17
3:	0.00e+00	5.22e-15
4:	-1.17e+00	5.21e-15
5:	0.00e+00	-3.99e-17
6:	0.00e+00	4.63e-15
7:	1.17e+00	4.70e-15
8:	0.00e+00	7.98e-17
9:	0.00e+00	1.18e-14
10:	-1.67e+00	-5.00e-01
11:	0.00e+00	-5.00e-01
12:	0.00e+00	6.83e-15
13:	-1.67e+00	-5.00e-01
14:	0.00e+00	-5.00e-01
15:	0.00e+00	9.67e-15
16:	1.17e+00	9.71e-15
17:	0.00e+00	6.42e-17
18:	0.00e+00	9.29e-15
19:	-1.17e+00	9.26e-15
20:	0.00e+00	-5.07e-17
21:	0.00e+00	6.59e-15
22:	1.67e+00	6.62e-15
23:	0.00e+00	6.90e-17
24:	0.00e+00	4.47e-17
25:	2.85e+00	4.47e-17
26:	0.00e+00	1.33e-16
27:	-2.35e+00	1.33e-16
28:	0.00e+00	-5.00e-01
29:	2.85e+00	-5.00e-01
30:	0.00e+00	-1.07e-16
31:	-6.94e-18	-2.00e+00
32:	0.00e+00	-5.00e-01
33:	-2.85e+00	-5.00e-01
34:	0.00e+00	1.53e-16
35:	2.35e+00	1.53e-16
36:	0.00e+00	6.47e-17
37:	-2.85e+00	6.47e-17
New op index: 1
Current grad: 90.4841445220604
New op index: 25
Current grad: 28.23853719198754
New op index: 29
Current grad: 20.935244609038715
New op index: 7
Current grad: 82.93590272403164
New op index: 29
Current grad: 21.98072818112966
New op index: 37
Current grad: 14.760452990603696
New op index: 22
Current grad: 77.7649326485415
New op index: 37
Current grad: 15.505250843921242
New op index: 33
Current grad: 8.202908345216057
New op index: 16
Current grad: 73.61041745783479
New op index: 33
Current grad: 9.047331802431525
New op index: 37
Current grad: 0.031679734422702374
Adding the same operator twice is not sensible, terminating.
Calculating energies for FreeWilson2D(N_x=2, N_y=2, mass=1.510, r=1.000)
h_im: 0.0
New op index: 25
Current grad: 29.10204081632653
0:	0.00e+00	5.62e-15
1:	1.76e+00	5.69e-15
2:	0.00e+00	8.46e-17
3:	0.00e+00	5.21e-15
4:	-1.26e+00	5.20e-15
5:	0.00e+00	-4.51e-17
6:	0.00e+00	4.64e-15
7:	1.26e+00	4.71e-15
8:	0.00e+00	8.15e-17
9:	0.00e+00	1.48e-14
10:	-1.76e+00	-5.00e-01
11:	0.00e+00	-5.00e-01
12:	0.00e+00	9.06e-15
13:	-1.76e+00	-5.00e-01
14:	0.00e+00	-5.00e-01
15:	0.00e+00	7.13e-15
16:	1.26e+00	7.17e-15
17:	0.00e+00	6.94e-17
18:	0.00e+00	4.61e-15
19:	-1.26e+00	4.55e-15
20:	0.00e+00	-7.50e-17
21:	0.00e+00	7.03e-15
22:	1.76e+00	7.05e-15
23:	0.00e+00	7.24e-17
24:	0.00e+00	3.95e-17
25:	3.01e+00	3.95e-17
26:	0.00e+00	1.34e-16
27:	-2.51e+00	1.34e-16
28:	0.00e+00	-5.00e-01
29:	3.01e+00	-5.00e-01
30:	0.00e+00	-1.23e-16
31:	3.30e-17	-2.00e+00
32:	0.00e+00	-5.00e-01
33:	-3.01e+00	-5.00e-01
34:	0.00e+00	-2.25e-16
35:	2.51e+00	-2.25e-16
36:	0.00e+00	-2.95e-16
37:	-3.01e+00	-2.95e-16
New op index: 1
Current grad: 92.07862460011987
New op index: 25
Current grad: 29.768260026982894
New op index: 29
Current grad: 22.071439535454637
New op index: 7
Current grad: 84.02969380203497
New op index: 29
Current grad: 23.174792071249218
New op index: 33
Current grad: 15.552848600820148
New op index: 13
Current grad: 78.03709076668174
New op index: 33
Current grad: 16.14862909381349
New op index: 37
Current grad: 7.521711956132118
New op index: 22
Current grad: 73.20936623444636
New op index: 37
Current grad: 8.484393792129021
New op index: 7
Current grad: 0.0005566535395952162
Precision cutoff reached.
Calculating energies for FreeWilson2D(N_x=2, N_y=2, mass=1.673, r=1.000)
h_im: 0.0
New op index: 25
Current grad: 30.73469387755102
0:	0.00e+00	5.63e-15
1:	1.84e+00	5.70e-15
2:	0.00e+00	8.46e-17
3:	0.00e+00	5.20e-15
4:	-1.34e+00	5.15e-15
5:	0.00e+00	-7.81e-17
6:	0.00e+00	4.61e-15
7:	1.34e+00	4.69e-15
8:	0.00e+00	7.46e-17
9:	0.00e+00	1.12e-14
10:	-1.84e+00	-5.00e-01
11:	0.00e+00	-5.00e-01
12:	0.00e+00	8.61e-15
13:	-1.84e+00	-5.00e-01
14:	0.00e+00	-5.00e-01
15:	0.00e+00	8.54e-15
16:	1.34e+00	8.59e-15
17:	0.00e+00	5.90e-17
18:	0.00e+00	6.18e-15
19:	-1.34e+00	6.14e-15
20:	0.00e+00	-6.46e-17
21:	0.00e+00	8.79e-15
22:	1.84e+00	8.83e-15
23:	0.00e+00	6.90e-17
24:	0.00e+00	6.51e-18
25:	3.17e+00	6.51e-18
26:	0.00e+00	9.85e-17
27:	-2.67e+00	9.85e-17
28:	0.00e+00	-5.00e-01
29:	3.17e+00	-5.00e-01
30:	0.00e+00	-1.31e-16
31:	-3.47e-18	-2.00e+00
32:	0.00e+00	-5.00e-01
33:	-3.17e+00	-5.00e-01
34:	0.00e+00	-5.66e-17
35:	2.67e+00	-5.66e-17
36:	0.00e+00	-4.66e-17
37:	-3.17e+00	-4.66e-17
New op index: 1
Current grad: 93.64150002372271
New op index: 25
Current grad: 31.301031457895785
New op index: 29
Current grad: 23.21503852699297
New op index: 7
Current grad: 85.10752932882339
New op index: 29
Current grad: 24.35882113072781
New op index: 37
Current grad: 16.36899492016613
New op index: 22
Current grad: 79.27673656158444
New op index: 37
Current grad: 16.946721306919997
New op index: 33
Current grad: 8.854032527980342
New op index: 13
Current grad: 73.82888630649806
New op index: 33
Current grad: 9.774973089939538
New op index: 1
Current grad: 0.009802280949138327
New op index: 33
Current grad: 0.004907553311213048
Adding the same operator twice is not sensible, terminating.
Calculating energies for FreeWilson2D(N_x=2, N_y=2, mass=1.837, r=1.000)
h_im: 0.0
New op index: 25
Current grad: 32.36734693877552
0:	0.00e+00	5.64e-15
1:	1.92e+00	5.71e-15
2:	0.00e+00	8.46e-17
3:	0.00e+00	5.19e-15
4:	-1.42e+00	5.16e-15
5:	0.00e+00	-5.72e-17
6:	0.00e+00	4.65e-15
7:	1.42e+00	4.71e-15
8:	0.00e+00	6.94e-17
9:	0.00e+00	9.89e-15
10:	-1.92e+00	-5.00e-01
11:	0.00e+00	-5.00e-01
12:	0.00e+00	1.04e-14
13:	-1.92e+00	-5.00e-01
14:	0.00e+00	-5.00e-01
15:	0.00e+00	9.63e-15
16:	1.42e+00	9.65e-15
17:	0.00e+00	4.34e-17
18:	0.00e+00	9.61e-15
19:	-1.42e+00	9.57e-15
20:	0.00e+00	-5.77e-17
21:	0.00e+00	1.00e-14
22:	1.92e+00	1.00e-14
23:	0.00e+00	5.85e-17
24:	0.00e+00	2.73e-17
25:	3.34e+00	2.73e-17
26:	0.00e+00	1.19e-16
27:	-2.84e+00	1.19e-16
28:	0.00e+00	-5.00e-01
29:	3.34e+00	-5.00e-01
30:	0.00e+00	-1.18e-16
31:	-1.21e-17	-2.00e+00
32:	0.00e+00	-5.00e-01
33:	-3.34e+00	-5.00e-01
34:	0.00e+00	-6.76e-17
35:	2.84e+00	-6.76e-17
36:	0.00e+00	-2.12e-16
37:	-3.34e+00	-2.12e-16
New op index: 1
Current grad: 95.21260241902648
New op index: 25
Current grad: 32.826717276733795
New op index: 29
Current grad: 24.35750939459624
New op index: 7
Current grad: 86.1696590484166
New op index: 29
Current grad: 25.550777783626764
New op index: 33
Current grad: 17.196434306439187
New op index: 13
Current grad: 79.48249017242227
New op index: 33
Current grad: 17.567685292966917
New op index: 37
Current grad: 8.210484396081673
New op index: 22
Current grad: 73.44745540576497
New op index: 37
Current grad: 9.22084336117911
New op index: 19
Current grad: 0.02782800038366274
New op index: 33
Current grad: 0.004028543867987217
Adding the same operator twice is not sensible, terminating.
Calculating energies for FreeWilson2D(N_x=2, N_y=2, mass=2.000, r=1.000)
h_im: 0.0
New op index: 25
Current grad: 34.0
0:	0.00e+00	5.65e-15
1:	2.00e+00	5.72e-15
2:	0.00e+00	8.46e-17
3:	0.00e+00	5.18e-15
4:	-1.50e+00	5.14e-15
5:	0.00e+00	-7.46e-17
6:	0.00e+00	4.64e-15
7:	1.50e+00	4.75e-15
8:	0.00e+00	1.13e-16
9:	0.00e+00	7.55e-15
10:	-2.00e+00	-5.00e-01
11:	0.00e+00	-5.00e-01
12:	0.00e+00	1.01e-14
13:	-2.00e+00	-5.00e-01
14:	0.00e+00	-5.00e-01
15:	0.00e+00	8.56e-15
16:	1.50e+00	8.64e-15
17:	0.00e+00	9.89e-17
18:	0.00e+00	3.93e-15
19:	-1.50e+00	3.87e-15
20:	0.00e+00	-9.24e-17
21:	0.00e+00	7.19e-15
22:	2.00e+00	7.23e-15
23:	0.00e+00	7.07e-17
24:	0.00e+00	9.97e-18
25:	3.50e+00	9.97e-18
26:	0.00e+00	1.49e-16
27:	-3.00e+00	1.49e-16
28:	0.00e+00	-5.00e-01
29:	3.50e+00	-5.00e-01
30:	0.00e+00	-1.35e-16
31:	5.20e-18	-2.00e+00
32:	0.00e+00	-5.00e-01
33:	-3.50e+00	-5.00e-01
34:	0.00e+00	1.45e-16
35:	3.00e+00	1.45e-16
36:	0.00e+00	4.50e-16
37:	-3.50e+00	4.50e-16
New op index: 4
Current grad: 105.43567031671795
New op index: 25
Current grad: 34.39030316429564
New op index: 29
Current grad: 25.500002931989357
New op index: 7
Current grad: 87.2341341984884
New op index: 29
Current grad: 26.751958980800712
New op index: 37
Current grad: 18.02136072996478
New op index: 19
Current grad: 89.418125057473
New op index: 37
Current grad: 18.39492432494889
New op index: 33
Current grad: 9.529554080582507
New op index: 13
Current grad: 74.05615245305857
New op index: 33
Current grad: 10.528571259817515
New op index: 10
Current grad: 0.0020263399235477754
New op index: 10
Current grad: 0.002026339923547664
Adding the same operator twice is not sensible, terminating.
-----Beginning pprint-----
/:
	Attributes:
		ProcessId: 23863023
	2025-11-13_16-14-18-23863023:
		Attributes:
			HamiltonianType: ZeroChargePenalty
			Last-Modified: 2025-11-13_16-14-18
			ProcessId: 23863023
			SimulatorType: Aer
			SolverName: AdaptVQE
			SystemName: FreeWilson2D
			n_x: 2
			n_y: 2
			r: 1.0
		AdaptOptions:
			Attributes:
				gradient_hamiltonian_type: HamiltonianType.ZeroChargePenalty
				max_depth: 30
				prec_cutoff: 0.001
				precision: 0
		AnsatzOperatorDerivatives: Dataset (dtype=float64, shape=(50, 19, 38), maxshape=(50, None, 38))
			Attributes:
				DIMENSION_LABELS: ['mass' 'AnsatzOperatorAxis' 'AnsatzPoolOperatorAxis']
				NDataDims: 2
		AnsatzOperatorSecondDerivatives: Dataset (dtype=float64, shape=(50, 19, 38), maxshape=(50, None, 38))
			Attributes:
				DIMENSION_LABELS: ['mass' 'AnsatzOperatorAxis' 'AnsatzPoolOperatorAxis']
				NDataDims: 2
		AnsatzOperators: Dataset (dtype=int64, shape=(50, 18), maxshape=(50, None))
			Attributes:
				DIMENSION_LABELS: ['mass' 'AnsatzOperatorAxis']
				NDataDims: 1
		Circuit:
			Attributes:
				Ansatz: HardwareAdaptAnsatz7
			AnsatzOptions:
				Attributes:
					num_qubits: 8
		CircuitParameters: Dataset (dtype=float64, shape=(50, 1240, 18), maxshape=(50, None, None))
			Attributes:
				DIMENSION_LABELS: ['mass' 'IterationAxis' 'CircuitParameterAxis']
				NDataDims: 2
		Data:
			Attributes:
			evs:
				Attributes:
				Hamiltonian: Dataset (dtype=float64, shape=(50, 1240), maxshape=(50, None))
					Attributes:
						DIMENSION_LABELS: ['mass' 'IterationAxis']
						NDataDims: 1
			stds:
				Attributes:
				Hamiltonian: Dataset (dtype=float64, shape=(50, 1240), maxshape=(50, None))
					Attributes:
						DIMENSION_LABELS: ['mass' 'IterationAxis']
						NDataDims: 1
		EstimatorOptions:
			Attributes:
				_VERSION: 2
				default_precision: Unset
				default_shots: Unset
				experimental: Unset
				max_execution_time: Unset
				resilience_level: Unset
				seed_estimator: 23863023
			dynamical_decoupling:
				Attributes:
					enable: Unset
					extra_slack_distribution: Unset
					scheduling_method: Unset
					sequence_type: Unset
					skip_reset_qubits: Unset
			environment:
				Attributes:
					callback: None
					job_tags: None
					log_level: WARNING
					private: False
			execution:
				Attributes:
					init_qubits: Unset
					rep_delay: Unset
			resilience:
				Attributes:
					layer_noise_model: Unset
					measure_mitigation: Unset
					pec_mitigation: Unset
					zne_mitigation: Unset
				layer_noise_learning:
					Attributes:
						layer_pair_depths: Unset
						max_layers_to_learn: Unset
						num_randomizations: Unset
						shots_per_randomization: Unset
				measure_noise_learning:
					Attributes:
						num_randomizations: Unset
						shots_per_randomization: Unset
				pec:
					Attributes:
						max_overhead: Unset
						noise_gain: Unset
				zne:
					Attributes:
						amplifier: Unset
						extrapolated_noise_factors: Unset
						extrapolator: Unset
						noise_factors: Unset
			simulator:
				Attributes:
					basis_gates: Unset
					coupling_map: Unset
					noise_model: Unset
					seed_simulator: Unset
			twirling:
				Attributes:
					enable_gates: Unset
					enable_measure: Unset
					num_randomizations: Unset
					shots_per_randomization: Unset
					strategy: Unset
		MetaData:
			Attributes:
			circuit_metadata: Dataset (dtype=object, shape=(50, 1240), maxshape=(50, None))
				Attributes:
					DIMENSION_LABELS: ['mass' 'IterationAxis']
					NDataDims: 1
			simulator_metadata: Dataset (dtype=object, shape=(50, 1240), maxshape=(50, None))
				Attributes:
					DIMENSION_LABELS: ['mass' 'IterationAxis']
					NDataDims: 1
			target_precision: Dataset (dtype=float64, shape=(50, 1240), maxshape=(50, None))
				Attributes:
					DIMENSION_LABELS: ['mass' 'IterationAxis']
					NDataDims: 1
			version: Dataset (dtype=int64, shape=(50, 1240), maxshape=(50, None))
				Attributes:
					DIMENSION_LABELS: ['mass' 'IterationAxis']
					NDataDims: 1
		NIterations: Dataset (dtype=int64, shape=(50,), maxshape=(50,))
			Attributes:
				DIMENSION_LABELS: ['mass']
				NDataDims: 0
		OptimizerOptions:
			Attributes:
				bounds: None
				callback: None
				constraints: []
				method: slsqp
				tol: None
				x0Seed: 23863023
			options:
				Attributes:
					disp: 0
					maxiter: 20000
		PresetPassManagerOptions:
			Attributes:
		SimulatorOptions:
			Attributes:
				statevector_parallel_threshold: 6
		StartIterations: Dataset (dtype=int64, shape=(50, 18), maxshape=(50, None))
			Attributes:
				DIMENSION_LABELS: ['mass' 'AnsatzOperatorAxis']
				NDataDims: 1
		VersionInfo:
			Attributes:
				QiskitAerVersion: 0.17.1
				QiskitIBMRuntimeVersion: 0.41.1
				QiskitVersion: 2.1.2
		mass: Dataset (dtype=float64, shape=(50,), maxshape=(50,))
			Attributes:
-----Ending pprint-----
End 2025-11-13 16:26:05 | 23863023 MyPyJob | node078 | /home/s6nidich_hpc/PycharmProjects/QC-MasterThesis 

