Start 2025-09-03 11:12:32 | 23114900 MyPyJob | node028 | /home/s6nidich_hpc/PycharmProjects/QC-MasterThesis 

Used python interpreter:
/home/s6nidich_hpc/PycharmProjects/QC-MasterThesis/.venv_intel_3_12_3/bin/python
Python version:
Python 3.12.3

Currently Loaded Modules:
  1) GCCcore/13.3.0                   7) Tcl/8.6.14-GCCcore-13.3.0
  2) zlib/1.3.1-GCCcore-13.3.0        8) SQLite/3.45.3-GCCcore-13.3.0
  3) binutils/2.42-GCCcore-13.3.0     9) XZ/5.4.5-GCCcore-13.3.0
  4) bzip2/1.0.8-GCCcore-13.3.0      10) libffi/3.4.5-GCCcore-13.3.0
  5) ncurses/6.5-GCCcore-13.3.0      11) OpenSSL/3
  6) libreadline/8.2-GCCcore-13.3.0  12) Python/3.12.3-GCCcore-13.3.0

 

Start of Program:

-----Beginning pprint-----
/:
	Attributes:
-----Ending pprint-----
Calculating energies for FreeWilson2D(N_x=2, N_y=2, mass=-6.000, r=1.000)
Return from COBYLA because the trust region radius reaches its lower bound.
Number of function values = 10672   Least value of F = -15.999999392805634
The corresponding X is:
[4.62780383 3.87942981 6.50041913 5.62832852 0.82619849 7.06712491
 4.88713777 4.39263722 2.15074573 2.87980069 2.42268662 5.89644567
 5.30396846 6.18131209 2.67570501 1.43984262 4.35788085 0.68975384
 6.46072357 3.89567602 5.02852789 1.49080928 7.30976869 5.56095528
 4.85129049 1.37612544 3.01745903 1.37329481 0.6706276  4.27751404
 4.62919651 6.12019003 1.75802124 2.54217264 2.83571878 1.1805201
 0.74747832 3.00039329 1.42928597 4.28621296 3.6275079  5.22202587
 4.43975852 2.13906221 5.08669216 4.98168691 2.52027688 1.81047424
 4.1891961  0.88376513 1.34492456 0.0474085  4.89645638 4.23328826
 4.51446136 4.84449961 2.88935045 3.60646454 0.93144863 0.67417241
 4.10560143 2.96720085 3.62140847 4.57088151 4.00025981 4.16662519
 3.63443421 2.34022065 0.06662051 2.99026665 1.80389241 2.78294583
 6.01704537 1.70945815 2.05382387 1.80253768 1.84619617 4.2674037
 3.29123248 4.84809998 4.24737396 2.53372211 5.16241401 1.07983914
 0.05101139 0.59350485 4.52172189 2.99430262 0.93615416 3.14741168
 1.79201172 4.41673246 2.8418129  2.08896329 1.69553047 3.77165806
 2.11802098 0.5234005  1.8257472  5.9008673  6.58788365 4.70174999
 2.79683755 7.10923025 4.74779806 4.38478886 2.83840309 1.70314326
 0.42165953 5.74029081 2.78673854 1.32467187 1.8137105  4.54655856
 0.94817512 5.40344713 5.66284651 5.5086955  2.80917733 3.89333994]

Calculating energies for FreeWilson2D(N_x=2, N_y=2, mass=-5.667, r=1.000)
Return from COBYLA because the trust region radius reaches its lower bound.
Number of function values = 6777   Least value of F = -14.666666470247213
The corresponding X is:
[ 4.41379475  3.68772334  6.5527402   5.46465143  0.82222668  7.09743532
  4.69371637  4.32981252  2.1808908   2.85176732  2.48993353  5.94897645
  5.50908445  6.29577472  2.85453937  1.31838762  4.57719072  0.70135915
  6.40707111  3.87934893  4.85148457  1.65345945  7.43567067  5.57362887
  4.84860584  1.30942989  2.95687244  1.38798472  0.63649914  4.56560342
  4.62323567  5.96803942  1.81603451  2.45897924  2.82689541  1.25615202
  0.81247613  2.61377534  1.63109032  4.25041538  3.83937238  5.26105378
  4.43277311  2.25653092  5.21181712  5.04263207  2.58073253  1.68091309
  4.14917065  0.87754372  1.38178599 -0.10041496  5.04942292  4.33558853
  4.47822638  4.93529405  2.87402852  3.62929465  0.4949774   0.74988191
  4.09710246  2.82790707  3.87039226  4.76332728  3.83850834  4.26489764
  3.75502931  2.21755237  0.54314791  3.16564467  1.64611766  2.76430434
  5.72597199  1.7123216   1.68814628  1.76082834  1.95721923  4.3500311
  3.32715068  4.94571295  4.05649593  2.57759635  5.31011879  0.95810352
  0.24818903  0.58582149  4.39867099  2.70509897  0.32615058  3.22512383
  2.56196309  4.37664324  3.003085    2.29966894  1.66580163  4.11751759
  2.11787535  0.52221526  1.98040649  6.05176146  6.82469839  4.39508457
  2.61635496  7.14661485  4.73658268  4.30093826  2.47640685  2.01432302
  0.41776295  5.62433464  2.33314307  1.16482825  2.07367855  4.80704051
  1.11265287  5.33011294  5.85843874  5.45853891  2.78517018  3.94474124]

Calculating energies for FreeWilson2D(N_x=2, N_y=2, mass=-5.333, r=1.000)
Return from COBYLA because the trust region radius reaches its lower bound.
Number of function values = 8808   Least value of F = -13.333333085603902
The corresponding X is:
[ 4.60551973  3.61411315  6.57360492  5.23043831  0.79671786  7.07781562
  4.74177449  4.34893309  1.84785034  2.73936064  2.4520499   5.79294338
  5.0999896   5.99927477  2.68610653  1.40009289  4.40229423  0.66046183
  6.29927734  4.10981111  4.79231498  1.68656533  7.34982277  5.57620557
  4.78273206  1.33748451  2.99593611  1.14672588  0.50836911  4.35100226
  4.50844102  6.06511776  1.67559377  2.43844966  3.08603638  1.39897948
  0.84305179  2.59904901  1.37002821  4.35287753  3.73883611  4.88285304
  4.34073659  2.13116071  5.19609134  5.00589046  2.50045274  1.82348187
  4.73992174  0.77738938  1.2176772  -0.12202437  5.08322995  4.31397125
  4.69608202  4.98126135  2.86012415  3.95443115  0.52683453  0.9067582
  4.26741383  2.98285634  3.5808571   4.43543636  3.79111267  4.2853429
  3.54442945  2.22209938  0.34963268  3.06440587  1.54618946  2.83736014
  5.69065423  1.77031779  1.88195675  1.64245076  1.90579309  4.22858581
  3.4662074   4.9569881   4.01007166  2.48580106  5.12728172  1.13266842
  0.06957044  0.73914942  4.3855612   2.8286577   1.00561446  3.12164848
  2.14096678  4.40161039  3.15768244  2.39545105  1.71563121  3.86043846
  2.18400995  0.56804307  1.7096999   5.96238905  7.15242366  4.3124402
  3.32939154  7.21566151  4.30186026  4.52902624  2.49845829  1.82983038
  0.54530304  5.71415772  2.57315375  1.19522088  2.21169319  4.98338795
  1.08537444  5.43279104  5.83459801  5.50937678  2.76607631  3.79819865]

Calculating energies for FreeWilson2D(N_x=2, N_y=2, mass=-5.000, r=1.000)
Return from COBYLA because the objective function has been evaluated MAXFUN times.
Number of function values = 20000   Least value of F = -11.999950529621579
The corresponding X is:
[ 4.76772012e+00  3.76960235e+00  5.35338708e+00  5.93885023e+00
  5.31909831e-01  6.35106015e+00  4.77169537e+00  4.92883284e+00
  2.12835062e+00  2.94575966e+00  2.41168283e+00  5.90651330e+00
  5.56796985e+00  5.93684466e+00  2.77354904e+00  1.32148757e+00
  4.25224216e+00  5.07175452e-01  5.25030998e+00  3.38700533e+00
  4.91284885e+00  2.10790790e+00  7.05998306e+00  6.14923542e+00
  4.50692980e+00  1.11504702e+00  2.94152914e+00 -4.52011465e-03
  2.31254681e+00  5.41679059e+00  4.72558052e+00  6.13355814e+00
  1.79911197e+00  3.58324090e+00  2.97397747e+00  8.76251592e-01
  1.10160604e+00  3.15093823e+00  2.67806258e+00  4.52612741e+00
  2.87427978e+00  5.53528620e+00  4.06933435e+00  1.54520782e+00
  6.55922831e+00  5.19416875e+00  2.77297395e+00  1.80439653e+00
  4.25933587e+00  8.86445783e-01  1.36342255e+00  3.71267938e-01
  4.86124527e+00  5.27834338e+00  4.32593645e+00  5.00311293e+00
  3.83556189e+00  3.61444180e+00  9.93550317e-01  8.32516782e-01
  4.31866779e+00  3.07721721e+00  3.65956855e+00  4.94504257e+00
  4.12368725e+00  3.31330472e+00  3.66505730e+00  2.16509273e+00
 -2.55820174e-02  2.67330277e+00  1.43693504e+00  2.59403539e+00
  5.36114490e+00  1.57116450e+00 -2.26251419e-02  1.90093327e+00
  2.97880210e+00  4.33342655e+00  3.67922892e+00  4.52737152e+00
  4.10572587e+00  2.63200936e+00  5.05656666e+00  1.06346695e+00
  3.16021356e-01  1.68087163e+00  4.47075163e+00  2.92209330e+00
  9.45471413e-01  3.10048662e+00  9.06625845e-01  4.39652285e+00
  2.84077511e+00  2.42206532e+00  1.86719746e+00  4.02219749e+00
  2.18193933e+00  6.63980426e-01  6.86318296e-01  6.06500418e+00
  5.62994944e+00  4.56124414e+00  2.68093777e+00  6.52704876e+00
  6.37476301e+00  4.80219718e+00  2.93311107e+00  1.79137173e+00
  2.40913409e-01  5.78344781e+00  3.86543173e+00  1.65330689e+00
  2.57293065e+00  5.12993006e+00  2.06177943e+00  5.63628760e+00
  5.83248455e+00  4.63110992e+00  3.59898143e+00  4.76767861e+00]

Calculating energies for FreeWilson2D(N_x=2, N_y=2, mass=-4.667, r=1.000)
Return from COBYLA because the trust region radius reaches its lower bound.
Number of function values = 15255   Least value of F = -10.666665885131193
The corresponding X is:
[4.91708707 3.69431824 5.28076557 5.20039144 0.69095977 6.20625796
 4.73442855 4.83795321 0.40027107 2.94593046 2.46874939 6.83681294
 5.14114998 5.19296664 2.81232524 1.41879978 4.37044192 0.70773914
 6.25923116 3.76761269 4.76552193 2.19267816 7.03356517 5.71216544
 5.10322613 0.76374685 4.02211682 1.14942554 1.14584289 4.41661132
 4.79504862 6.10725105 1.85656279 3.33837098 3.961144   1.00984784
 0.71214125 2.59895198 2.02020779 4.37793363 3.44201071 5.16613561
 5.36849232 1.95137549 5.81854755 5.36504884 3.09831906 2.23240015
 4.8382372  1.11105814 1.56656723 0.45312246 5.2027242  5.53095337
 5.52522054 4.78267894 3.8979502  3.13966833 0.84716266 0.70204929
 4.1318981  3.05565201 3.51479638 4.90897066 3.85859883 3.51378155
 3.68376306 2.90739395 0.31255836 3.67188507 1.33087247 3.66485736
 5.42779797 1.55447809 1.39570153 2.8094986  2.2006388  4.20137013
 3.53012743 5.96131323 4.16017038 2.57765309 4.43162578 0.8256827
 0.53215294 0.768159   4.33189733 3.9594291  0.99726194 3.28187403
 1.04267824 4.40451376 3.0060091  2.48435999 1.61859936 4.09419914
 2.27942558 0.59958138 0.81801917 5.98594716 5.57329478 4.59202622
 2.69825439 6.141707   4.55979275 4.60663418 2.75219872 1.3942167
 0.56225192 5.94600988 2.66955142 1.08203786 3.63305611 4.65902135
 1.06787717 5.34301606 4.69985196 5.43752521 2.11845102 3.99613555]

Calculating energies for FreeWilson2D(N_x=2, N_y=2, mass=-4.333, r=1.000)
Return from COBYLA because the trust region radius reaches its lower bound.
Number of function values = 9228   Least value of F = -9.333333165566334
The corresponding X is:
[ 4.90283056  3.68233733  5.26202297  5.43020759  0.39728346  6.00845672
  4.97897508  4.97998534  0.61547051  2.9668612   2.21130375  6.72258201
  5.45280698  5.33289626  2.72505082  1.44738559  4.34729783  0.80392898
  6.00404476  3.82627823  4.87013466  2.04045454  7.18450404  5.20342383
  5.03922525  1.13173915  4.51912917  1.40372427  0.7652548   4.1687427
  4.86149755  5.88877683  2.28404008  3.57915508  4.14785269  1.24245114
  0.5963609   3.00126647  1.4587179   3.99417717  3.95988597  5.55803771
  5.29502001  1.88114007  6.35774878  5.12838006  2.54034031  1.82513914
  4.3194076   0.94892922  1.1469766   0.32469181  4.87257018  5.13901677
  5.66010607  4.71361014  3.85057751  3.62226323  1.96955607  0.58902246
  4.42830932  2.68591333  4.69507875  4.75744348  4.03270204  3.3780892
  4.76669164  1.63182217  0.72617097  2.38232714  1.08849675  4.10359942
  5.20330122  1.58373612  1.6539831   1.91758138  1.56209663  4.25736247
  3.50699891  5.42635693  4.32105339  2.49171406  5.24114514  1.04394665
 -0.09588736  0.41772219  4.61207219  3.03206454  0.86502388  3.05218386
  0.66913751  4.01663331  2.54652346  2.02125702  2.0705924   3.83556415
  2.14421639  0.18532409  0.76457531  6.14063754  5.7976344   5.40789009
  1.23912481  6.04127366  4.97380437  4.39922831  2.33832418  1.40991509
  0.78319915  6.16843381  3.79710694  1.51419436  2.57587821  4.03372827
  1.55278408  5.6241854   5.3365174   4.28698309  3.93986691  4.9441753 ]

Calculating energies for FreeWilson2D(N_x=2, N_y=2, mass=-4.000, r=1.000)
Return from COBYLA because the trust region radius reaches its lower bound.
Number of function values = 6025   Least value of F = -7.999999882967988
The corresponding X is:
[4.8418311  3.97204148 5.42346928 5.318326   0.22112999 6.04135132
 4.92364265 5.1188977  0.7849311  3.04981348 2.30457977 7.07429203
 3.52329731 5.18432247 2.60587264 1.47957166 3.56410682 1.90450579
 5.26976288 3.88447633 4.69651624 2.22067455 6.64772584 5.71020436
 5.70702777 1.02454365 2.83707275 1.26894177 1.02145964 4.31009011
 4.57976369 6.24764058 2.03977015 3.17930676 3.0335889  1.40184536
 0.85550129 3.16047601 1.21908284 4.46775213 3.04774675 5.4332858
 4.79846606 2.06083931 5.46726175 5.25030532 2.73741541 2.06980629
 4.50102667 0.98793382 1.46173569 0.27676473 5.04976079 4.23004429
 4.72021549 5.04312723 3.98318866 3.63812605 0.82303461 0.51944178
 4.25511142 3.14509056 3.46861438 4.8248095  3.92394266 3.41284602
 3.53059494 1.94267205 0.26244441 3.68378139 1.34004662 3.64062832
 5.43009918 1.33494728 0.50602104 1.86784543 3.03931654 4.0098605
 3.41800032 5.02881684 4.05521616 2.64407665 6.10497555 2.09220675
 0.4459342  1.38002712 4.13146509 3.0135231  0.76420281 3.16943743
 1.0589936  4.48598543 2.79972356 2.21355081 2.0607703  3.74669219
 2.25054903 0.01854505 0.85134756 5.87619266 6.30630492 4.35498382
 1.09174648 6.91792799 4.86075298 4.51232385 2.95729029 1.610105
 0.47954981 5.55141018 2.84853475 1.21453204 1.89062579 3.73844313
 1.4819009  5.99925773 4.50454212 5.42051866 2.51882525 3.84029758]

Calculating energies for FreeWilson2D(N_x=2, N_y=2, mass=-3.667, r=1.000)
Return from COBYLA because the trust region radius reaches its lower bound.
Number of function values = 3876   Least value of F = -7.333333289745935
The corresponding X is:
[5.86602215 3.9691762  5.29459759 5.35461239 0.54681765 6.17756471
 4.84444021 5.6095277  0.7595606  2.67971082 2.20769728 6.97508956
 4.16997607 6.04285791 2.8458481  1.40209404 2.91081438 1.5793967
 5.20269902 5.27576827 4.80589685 2.40259641 6.16624014 5.86715144
 5.36239828 1.13889636 2.54280429 1.69463825 0.95874833 4.41045751
 4.69526996 7.05124385 3.09057322 2.28392586 3.00613331 2.13850069
 0.47851    3.21406029 1.66357936 3.63010233 2.8630607  5.3022427
 5.56241096 2.06499742 5.3190334  4.82239582 2.45291407 1.87633432
 4.33586045 0.96620498 1.31333536 0.19429667 5.76470014 5.20071378
 4.75833299 5.3301331  4.09632093 3.6880496  0.94388547 0.77079285
 4.42884688 4.18462688 3.54598861 4.96131902 3.66371458 3.36794245
 3.59793141 1.86502853 0.23787051 2.64353687 1.41942389 3.52441112
 6.59767881 1.52024902 0.4057496  1.84359115 1.71754488 4.15913818
 3.53698971 5.02811764 4.07799479 2.58945889 5.09749933 0.94957592
 0.05730903 0.584331   4.59631951 2.90351303 1.20565017 3.14903916
 1.07551788 5.43228498 3.05758492 2.0467959  2.15496174 5.13291174
 2.20213884 0.3344502  2.0345488  6.21086293 6.74967483 5.26812645
 1.61303795 7.1405215  6.0167817  4.59971709 2.8919723  1.78735702
 0.57623917 5.67477042 2.6959901  1.32058325 1.9957622  3.57631539
 1.0676985  5.33560166 5.65173477 4.19625123 2.64021421 3.91509176]

Calculating energies for FreeWilson2D(N_x=2, N_y=2, mass=-3.333, r=1.000)
Return from COBYLA because the trust region radius reaches its lower bound.
Number of function values = 2540   Least value of F = -6.666666656671575
The corresponding X is:
[ 6.08491726  4.11786811  4.96183407  5.08492985  0.69442239  5.72175769
  4.74119924  4.65553499  0.8349916   3.07487485  2.00571196  7.34124598
  3.96026927  6.77450014  2.78377547  1.44687136  3.44892195  1.36253893
  5.36402138  4.7511632   4.98419574  2.62733024  5.73268052  5.89425286
  5.04705182  1.34231646  3.12971209  1.49121683  0.94836512  4.34365892
  4.64313217  7.18768386  2.00861997  2.46867639  2.89174985  2.13218755
  0.85458226  2.85248822  1.48941409  4.34689788  3.74917977  5.04327652
  4.36689241  1.92613735  5.23901818  5.12597831  2.24475194  1.73421477
  4.21430896  0.87637123  1.28455457 -0.33766013  5.22314362  5.33843246
  4.36956667  4.93513201  2.73786536  4.0259131   0.60267995  0.81533555
  3.80429567  2.8633842   3.04727668  5.00607944  3.78753703  3.47760911
  3.42548002  1.74580393  0.25397901  2.64820268  1.4208522   3.07892382
  5.4923493   1.3300921   0.32095122  1.63555432  1.7537608   4.20025443
  3.41829838  4.8546786   4.0856948   2.48750996  5.15269278  1.11537606
  0.05263649  0.63055518  4.59941809  4.02196936  0.91665524  4.13608232
  0.7506764   4.47763881  2.6668412   2.48293731  2.81254544  4.38238006
  2.24380048  0.35190033  1.62357966  6.78973657  5.63729872  4.35146452
  1.63881554  6.7292954   4.85060282  4.53701469  2.80817873  1.75071364
  0.4595598   5.66971843  2.82475557  1.02695355  1.75127425  3.57565019
  1.10155737  6.23655541  4.80882549  4.54595137  2.70291001  4.00670817]

Calculating energies for FreeWilson2D(N_x=2, N_y=2, mass=-3.000, r=1.000)
Return from COBYLA because the trust region radius reaches its lower bound.
Number of function values = 2796   Least value of F = -5.999999970296384
The corresponding X is:
[ 5.33979764e+00  4.06491621e+00  5.54315462e+00  5.34101490e+00
  8.42633449e-01  6.26676025e+00  4.62531413e+00  5.23798112e+00
  1.46203818e+00  2.81619681e+00  2.15331205e+00  8.25657882e+00
  4.96642594e+00  6.31860790e+00  2.43052079e+00  1.40449938e+00
  3.28672176e+00  2.22473408e+00  5.04082398e+00  5.07443967e+00
  4.73848791e+00  2.07908164e+00  5.88307602e+00  5.58558461e+00
  4.53889904e+00  9.90810517e-01  2.89497192e+00  1.83258301e+00
  7.97460941e-01  4.31668342e+00  4.65310664e+00  5.84331315e+00
  1.91784917e+00  2.33885687e+00  2.74687116e+00  1.02826881e+00
  6.82195170e-01  3.05145033e+00  1.31386521e+00  4.37958312e+00
  2.29794956e+00  6.17521798e+00  4.51151415e+00  2.83356408e+00
  5.42271047e+00  5.19603081e+00  2.53976590e+00  2.00904370e+00
  4.37228534e+00  1.01917684e+00  1.43604539e+00  2.58828257e-01
  4.48878069e+00  5.34744625e+00  5.67202073e+00  4.90449416e+00
  3.06438965e+00  3.13949773e+00  1.13653328e+00  4.98739206e-01
  4.31261439e+00  2.91965480e+00  3.41084605e+00  4.58328529e+00
  3.64625997e+00  3.58404134e+00  4.90542457e+00  1.85996801e+00
 -1.90798186e-03  2.71650495e+00  1.19325805e+00  2.32578670e+00
  5.29080963e+00  1.41911046e+00  2.33319949e-01  1.60771054e+00
  1.49618787e+00  4.14266944e+00  3.51743236e+00  4.67486876e+00
  3.86968157e+00  2.33395136e+00  5.05171083e+00  9.26003690e-01
  3.11599867e-02  3.75318222e-01  4.72452332e+00  2.82603385e+00
  1.05187110e+00  3.13800089e+00  9.24287676e-01  3.83552107e+00
  2.56726520e+00  2.38771131e+00  1.82253533e+00  3.79041116e+00
  1.90176431e+00  4.12024334e-01  6.14954443e-01  5.88559619e+00
  5.71305429e+00  4.36729829e+00  1.68259965e+00  6.07964844e+00
  4.95333866e+00  4.48370522e+00  2.65427875e+00  1.73186715e+00
  4.81546633e-01  5.53710673e+00  2.94953139e+00  9.10569557e-01
  2.34309228e+00  3.55240459e+00  1.12954541e+00  5.39055307e+00
  4.67986287e+00  4.34516461e+00  3.31987439e+00  3.77475135e+00]

Calculating energies for FreeWilson2D(N_x=2, N_y=2, mass=-2.667, r=1.000)
Return from COBYLA because the trust region radius reaches its lower bound.
Number of function values = 3868   Least value of F = -5.333333296967861
The corresponding X is:
[ 5.89239064  3.83967997  5.29581376  5.57182208 -0.05923176  6.21640953
  4.88602594  4.94082391  1.02072675  2.88572998  2.31998955  5.93311118
  4.24521915  4.44961724  4.04568539  1.53915175  3.29863194  1.55196881
  5.49414332  4.95765985  4.88229089  2.13154212  6.05784435  5.64858199
  4.4399869   1.45888305  2.99677108  0.35020285  0.94796427  4.14834591
  4.62417447  6.13434837  2.16659564  2.33908102  2.930328    1.51795971
  0.426583    3.01869166  1.27538939  4.31928757  2.51599068  6.65686506
  5.73306331  2.13334036  5.29502264  5.01242041  2.16519522  1.83958538
  4.34263768  0.74253027  1.52788748  0.32951132  4.75470077  5.56703509
  5.11416155  5.17415787  3.35869339  3.86214595  1.35877768  1.05313043
  4.48172988  3.10365545  3.99574133  5.31151856  4.30743666  3.69669194
  3.7806179   2.38388145  0.84755081  4.09980774  0.79513083  2.70141247
  5.04360423  1.45630547  0.4140455   1.90081588  1.52575476  4.56704347
  3.54683496  4.95723712  4.06779896  2.66337345  5.24596087  1.0899263
  0.15726838  0.61558795  4.67682209  3.06392388  1.08114375  3.21734113
  0.94767916  4.27742932  2.79794066  2.29511905  3.01906058  3.96269408
  2.00598199  0.52426332  0.2223332   5.97485192  5.67796584  4.58906636
  1.72195255  6.14805853  4.94360463  4.57234047  2.82755774  1.93691497
  0.73218657  5.44156965  2.93746235  1.16212069  2.11907189  3.62334961
  1.11312267  5.42542172  4.76214372  4.73686749  2.78798754  3.41931156]

Calculating energies for FreeWilson2D(N_x=2, N_y=2, mass=-2.333, r=1.000)
Return from COBYLA because the trust region radius reaches its lower bound.
Number of function values = 4934   Least value of F = -4.666666626537292
The corresponding X is:
[5.86417066 3.92062954 5.37229846 5.5546721  0.21829383 6.05079625
 5.05583148 5.23185512 1.03298646 3.02542581 2.53335145 6.34381882
 4.47139171 4.90223243 3.77191754 1.63837355 3.21436748 1.15169243
 5.62663618 5.2523497  4.79137863 2.24021733 6.05275858 5.63649101
 4.36437214 1.28455913 3.10871677 0.41276395 1.06652673 4.45514588
 4.69225906 6.40716037 2.10066592 2.41820245 2.91054637 1.21111504
 0.28729108 3.31452527 0.98788349 4.32175276 2.77172876 6.26434004
 5.70342793 2.15544626 5.14389882 4.85194324 2.44114864 1.61071889
 4.31329018 0.76741013 1.44591478 0.03567493 4.91937825 5.11037911
 5.12685429 4.99933134 3.25398348 3.78281383 1.04423723 1.13810181
 4.54525566 3.30947007 3.87152863 4.94321634 4.21098472 3.72863711
 3.71446299 3.04681279 0.34139383 3.82414142 1.4596736  2.723118
 5.39839309 1.53881169 0.42750955 1.77382064 1.63401252 4.20646448
 3.55150678 4.96465352 4.08167931 2.35044136 5.14070873 0.64618282
 0.14095919 0.47814267 4.41767275 3.5791732  1.09096482 3.19659923
 0.49709004 4.19483207 2.80843516 2.2327548  3.08195527 4.15999779
 1.98314404 0.88490643 0.68885489 6.10697207 5.70266004 4.27011399
 1.62654539 5.99037022 4.88218902 4.33827588 2.86140368 1.72707313
 0.6209254  5.37316813 2.82229939 1.09533732 1.97733192 3.49089211
 1.20249379 5.44934007 4.9504079  4.59885201 2.73696953 3.78466714]

Calculating energies for FreeWilson2D(N_x=2, N_y=2, mass=-2.000, r=1.000)
Return from COBYLA because the trust region radius reaches its lower bound.
Number of function values = 1964   Least value of F = -3.999999991262664
The corresponding X is:
[ 5.91572346  3.92904113  5.47138101  5.50862037  0.50733073  6.07583286
  5.79132531  4.93703305  0.83304347  2.58525308  2.3792761   6.85477063
  3.90167236  5.24161842  3.97420395  1.25465266  3.61746009  0.15597511
  4.31358437  4.95567033  4.68196376  2.31455604  6.17906736  5.24815718
  5.12029321  1.46959702  3.05116414 -0.16727387  2.12702932  4.19033231
  4.66180123  6.00402296  2.18060643  2.25448519  2.81456437  1.06159347
  0.7711163   3.0866647   1.45241292  5.37356998  2.53860627  5.01054497
  4.16527626  2.72222044  5.20882837  4.89625624  2.4892627   1.82156797
  4.40376429  0.68831612  1.29965113 -0.03931686  4.45077417  4.20034497
  4.3755296   4.70503108  3.86103013  3.65557209  0.98357668  0.8065621
  4.17372067  3.17023875  3.65445327  4.89762234  3.95942945  3.46175569
  3.5477097   2.54844765  0.87265794  4.32735742  1.39827066  2.55408412
  5.50934614  1.60414458  0.36040863  1.82519213  1.93881045  4.29523592
  3.04941364  4.8826693   4.02509672  2.67750602  5.25529346  1.25544785
  0.25050205  0.51959808  5.53206989  2.99535517  1.12138613  3.15294717
  1.08829013  4.37191116  2.69344243  2.482642    1.9666753   4.09654312
  2.50288268  0.61995183  1.39835774  6.29535194  6.09363669  4.69757134
  2.99120669  6.33306448  5.11503952  4.58988079  2.8381401   1.84115048
  0.56361435  5.69808692  2.89623722  1.27760459  1.96511669  3.67172468
  1.29651584  5.41342798  4.76875659  4.4198621   2.80526549  4.19958294]

Calculating energies for FreeWilson2D(N_x=2, N_y=2, mass=-1.667, r=1.000)
Return from COBYLA because the trust region radius reaches its lower bound.
Number of function values = 5128   Least value of F = -4.666666520550433
The corresponding X is:
[ 5.82774027  3.58163165  5.17610297  4.2593814   0.64696205  6.45752059
  5.42770022  5.01892601  0.90062359  2.26225194  2.43037906  6.98778885
  4.18248986  5.85601752  2.29401624  1.6424561   2.93622739  0.44165607
  5.21421576  5.06050276  4.74334325  2.2038128   6.03507251  5.60576501
  5.90181359  0.90064198  2.96680845  0.34558624  0.51222744  4.68248698
  4.61423608  6.24009492  2.01901476  2.25733285  2.85227932  1.11686663
  2.29041864  3.02102294  1.35547132  5.25786466  2.76083528  6.6996674
  4.37556438  1.92042924  6.22557288  5.45162431  3.36543904  2.06209709
  4.66876072  0.92747368  1.58387994  0.23647913  5.21737954  5.27356773
  4.72455973  4.66036645  3.22310119  3.50006677  0.89446825  0.77778026
  4.27791409  3.24048454  3.48289291  4.87244201  3.90850547  3.46984115
  3.39917073  1.58215929 -0.12036284  4.22516261  1.51584738  2.64685255
  5.28620454  1.63432934  0.40468291  1.99964541  1.91669176  4.22192855
  3.54303234  4.57943354  4.18877427  2.47343634  5.14093438  1.20299604
  0.09122629  0.49037741  4.53901244  3.12883216  0.91516122  2.76252509
  0.84972695  4.43430976  2.60223673  2.34634977  1.21281218  4.03932824
  2.39896863  0.63730906  0.69123868  6.02053508  5.56816607  4.40272028
  1.76590949  5.77128023  5.07018989  4.46753669  2.87493122  1.81329353
  0.56192741  5.58994922  2.85928044  1.23175804  1.39644571  3.79028695
  0.5823893   5.32668159  4.86403384  4.45878398  2.6306248   3.94033781]

Calculating energies for FreeWilson2D(N_x=2, N_y=2, mass=-1.333, r=1.000)
Return from COBYLA because the trust region radius reaches its lower bound.
Number of function values = 5223   Least value of F = -5.333333239160011
The corresponding X is:
[5.75141732 3.73299562 5.59519161 4.35873111 0.72990215 6.02788873
 5.83995712 5.20103189 0.69132082 1.89138327 2.5672877  5.85452465
 4.36796987 4.82917564 2.80195996 1.36632898 3.65759421 0.3856686
 5.26177264 3.85791193 4.83118895 2.27142047 6.10818271 5.7040644
 5.99975091 2.42404873 2.87199971 0.27703105 1.8446139  5.35212138
 4.87683326 6.12532349 2.19169614 1.89573086 2.85471266 1.06033436
 2.32405683 3.17844994 1.76006141 4.3962553  2.87763226 6.15806693
 5.26935977 1.86822357 5.34094319 4.986071   2.27387625 2.6974057
 5.33355825 0.88575655 1.34435258 0.15867883 4.87069736 5.19411187
 4.3457885  4.87344775 2.74768713 3.34629286 0.89331712 0.69759571
 4.23566613 2.86146891 3.48480866 4.54666411 4.06865068 4.00084796
 3.34865432 2.05723358 0.25415724 2.8225081  1.40740056 2.57380347
 5.0765992  1.50450687 0.41312884 1.79615804 1.75451037 4.44318911
 3.59218284 4.98953057 3.99513208 2.60415126 5.10555511 0.97117573
 0.03161772 0.76035332 4.44493005 2.99039188 1.16470747 3.09655095
 0.98895117 3.99671205 2.78277191 2.34714768 1.86280506 3.94248148
 2.51894744 0.46444387 1.612976   5.91714122 5.58988437 5.24423544
 1.63712183 6.15101101 4.87500085 4.85431197 2.75076611 1.66371539
 0.43603125 5.83017987 2.88449996 1.35968167 1.85174653 3.55237605
 1.22553247 5.38587856 4.74700985 4.56044561 2.7236887  4.03875025]

Calculating energies for FreeWilson2D(N_x=2, N_y=2, mass=-1.000, r=1.000)
Return from COBYLA because the trust region radius reaches its lower bound.
Number of function values = 3673   Least value of F = -5.999999943376397
The corresponding X is:
[5.78769126 3.83070883 5.71595097 4.55900321 0.43116901 5.58750172
 5.6063551  4.81440455 1.86590694 2.66800957 3.08666215 5.72232078
 4.06882879 4.67944755 2.7723344  1.38381126 3.30063896 0.36439482
 5.4279829  3.87506475 4.85476287 2.11515971 7.43512321 6.6090656
 5.11167871 2.34557707 2.67470473 0.34423785 2.57036186 5.30970629
 4.63008746 5.98699034 2.21064992 1.8871902  3.03514712 1.30882074
 2.02003715 3.04579916 2.5980752  4.05490612 2.61792634 5.01173536
 5.26338873 2.05060642 5.13152157 4.90071926 2.3958976  1.54097155
 3.94482724 0.90395259 1.28103496 0.11622791 4.91233054 4.22460663
 4.77303633 5.73116022 2.69585817 3.97644603 1.13451319 0.97432458
 4.44553694 3.30572282 4.14805376 5.06636564 4.22664815 3.87063767
 3.95555564 1.9991969  0.38657502 2.89831429 2.68317754 2.67761197
 5.44727859 1.5377778  0.39449808 1.76503787 1.72887016 3.99275395
 3.58318935 4.95033623 3.88381719 2.69913609 5.24419134 1.25201871
 0.09763642 0.77362016 4.52306308 3.01947307 1.01082705 3.1759986
 1.0721702  4.24060398 2.33651959 2.47109943 1.82929139 3.38658744
 2.58264557 0.68773733 0.72240761 5.97595499 5.76100813 4.68508309
 2.67500068 6.52961969 5.78356971 4.44612289 2.88595264 1.63323975
 0.33749907 5.65661905 3.88882857 1.28588897 1.64330349 3.35919989
 1.09470949 6.38726375 4.72345678 5.30883362 2.5949617  3.99651778]

Calculating energies for FreeWilson2D(N_x=2, N_y=2, mass=-0.667, r=1.000)
Return from COBYLA because the trust region radius reaches its lower bound.
Number of function values = 5956   Least value of F = -6.666666504540304
The corresponding X is:
[ 5.78920962  3.71011199  5.37019091  4.41638316  0.4354272   6.21381554
  5.71034993  4.509422    1.7511474   2.78428315  2.79367365  5.54508943
  4.05657381  4.97966061  2.78327371  1.53807943  3.50109031  0.53291337
  5.05942435  3.7776045   4.89459282  2.35924653  6.87983717  5.75402088
  5.04540695  1.46941497  3.02745852  0.37659599  1.19286874  5.2212069
  4.64371124  6.21657441  2.10106537  2.42253135  3.03085068  1.22451531
  1.84059813  3.31239571  2.32941226  3.74053937  3.09182323  6.39230946
  4.55843879  2.06938832  6.35562009  5.47729078  2.2276052   1.70750468
  5.12966079  0.8936514   1.15498283  0.04998452  4.91073522  4.23596182
  4.41208522  4.79213965  3.07323679  3.74041199  0.87974841  1.69754993
  4.36261524  3.96221417  3.41947161  4.88161216  4.21128552  3.54909211
  3.54959548  1.94180023  0.23730542  2.8272831   1.73732596  2.41751717
  5.23052196  1.3774882   0.31841646  1.67283293  1.60229764  4.08964688
  4.3395202   4.90017945  4.34291917  2.80530466  5.16217662  1.07188363
 -0.45104167  0.72874636  4.5547837   3.01312803  1.09750779  2.99161767
  0.93676471  4.30795456  2.83610505  2.46947615  2.24269285  4.211709
  2.35176175  0.35688157  1.83076177  5.94735415  5.61624049  4.31325001
  2.29113607  5.87559648  4.72827641  4.70589245  2.76093672  2.4616485
  1.01892053  5.71515607  2.64293346  1.46918346  2.08755077  3.54182704
  1.15771904  5.27763406  5.88604799  4.25269116  2.7994331   3.96202856]

Calculating energies for FreeWilson2D(N_x=2, N_y=2, mass=-0.333, r=1.000)
Return from COBYLA because the trust region radius reaches its lower bound.
Number of function values = 7795   Least value of F = -7.333332980275868
The corresponding X is:
[ 5.9221364   3.59999974  5.52022471  4.27982917  0.80981152  6.21145986
  5.66875289  5.23689682  1.48916397  2.93702317  3.31424409  5.3273713
  4.10677208  5.19434443  2.99649258  1.58060502  3.55669618  0.45962065
  4.83039665  3.86137178  5.06985294  2.46227846  7.42917502  6.2430099
  4.97791467  1.19265339  2.87927666  0.42683351  0.99850209  4.97594614
  4.85970255  6.1457801   1.88979998  2.5330726   2.84638021  1.19909895
  1.93477615  3.12465917  2.32040633  4.00117613  2.83879201  6.34215517
  4.40410943  1.95333109  6.26963942  5.20929172  2.33698545  1.94470716
  5.35082328  0.84428235  1.29035488 -0.00835511  4.55321246  4.10586406
  4.31790204  4.86210827  2.95246716  4.19901251  0.95559214  1.45757138
  4.04510118  4.0100869   3.51094542  4.78075902  4.29505746  3.57421241
  3.48012     1.81478125  0.29599765  2.85504297  1.42848465  2.50456009
  5.34686841  1.50290408  0.48544592  1.45105198  1.6377534   4.0896796
  4.32264795  5.06868466  4.26097527  2.97312824  5.36821924  1.43571007
  0.22359064  0.74814176  4.54109973  3.16200092  1.45537176  3.29934196
  1.08636263  4.54094407  3.20118835  2.63870257  2.15683751  4.13600408
  2.45899939  0.72934367  2.23359403  6.0759568   5.69199319  4.23249904
  1.5119876   6.43723626  4.84511954  4.47752642  2.78061568  2.75080102
  0.91944223  5.35724497  2.05894     1.46033976  1.82124828  3.9860585
  1.00294523  5.31719111  5.60206013  4.42406616  2.50495036  4.04674957]

Calculating energies for FreeWilson2D(N_x=2, N_y=2, mass=0.000, r=1.000)
Return from COBYLA because the trust region radius reaches its lower bound.
Number of function values = 4652   Least value of F = -7.999999888672163
The corresponding X is:
[5.86754761 2.81344417 5.6460682  4.22815535 0.59862871 6.03158037
 5.86252095 5.00747326 0.79167794 3.76291577 2.43028707 5.81758822
 3.84911064 5.16021922 2.95269641 1.28124685 3.0798189  0.37657702
 5.21021236 3.98543024 4.58998001 2.43290418 6.22351583 5.69814182
 6.0995988  1.09882796 2.73511891 0.44232251 0.91780926 5.37526619
 5.49519696 6.03913393 1.8658218  2.28834765 2.85298585 1.06382442
 1.70240406 3.90326229 1.4972167  4.15640087 2.78392206 6.16971113
 4.41527279 1.85713312 6.27914441 4.70271898 2.51825935 1.78170195
 4.38050703 0.91558246 1.29793655 0.08324726 4.97363226 4.13622638
 4.39726202 4.85477987 2.78289461 3.61375828 0.83220097 0.60394274
 4.2001174  4.06626185 3.31814892 4.82956377 3.86742288 3.29426396
 3.59107631 1.69157991 0.34580443 2.42471079 2.27439805 2.88675876
 5.40943752 1.75284547 0.61975932 1.96697402 2.22062812 4.02836539
 3.90578164 5.37430762 4.33112756 3.10456866 5.5274524  1.51695046
 0.28915873 0.65860029 4.76180578 2.65532993 0.70090881 3.24385476
 1.16072893 4.49257598 3.00960954 2.14254476 2.18052876 2.94156332
 2.51159217 0.77390993 1.14603769 6.05217351 5.93340411 4.84135368
 2.86764907 6.08162107 5.85885917 4.65583005 2.97797665 1.62433505
 0.23421879 5.7443951  4.39400727 1.26725639 1.84135013 3.56136616
 1.28748749 5.21643708 4.89972853 4.65076863 2.80016155 3.97479409]

Calculating energies for FreeWilson2D(N_x=2, N_y=2, mass=0.333, r=1.000)
Return from COBYLA because the trust region radius reaches its lower bound.
Number of function values = 14214   Least value of F = -9.33333265664219
The corresponding X is:
[ 5.52053199  3.16590152  5.74621215  4.55617247  0.95275678  6.37950765
  5.73464608  4.85678951  0.31880686  3.53839571  2.33583515  5.9381724
  3.84948886  5.25402099  2.82381019  1.33638752  3.37446418  0.25989811
  5.25897243  3.70520165  4.50235133  2.26722366  6.36440444  5.36214257
  5.45699496  1.71300019  3.64087419  0.56532491  1.54397879  5.2591708
  5.01733818  6.04477378  1.83612098  2.58443491  3.06748735  1.01184604
  1.93059038  3.76392789  1.6430901   4.30231659  2.74421791  6.20309781
  4.62577442  1.46790223  6.60649805  6.21609361  2.68193774  1.845488
  4.55525731  0.76031668  1.22171883  0.01867106  4.84461864  4.23196218
  4.19730736  5.24026751  2.93927209  3.74146392  0.96257154  0.74053142
  3.90599536  4.01288797  3.74559384  4.97231663  3.91165766  3.70376239
  3.35259657  1.97054825  0.22413462  2.70040921  2.23247075  2.74829729
  5.43169739  1.5689179  -0.10171481  1.97793222  2.04758799  3.73269633
  3.81878468  4.6320847   4.39229228  2.42632241  5.30786303  0.95658673
 -0.36858192  0.79334907  4.62376225  3.47827144  0.56327301  3.5063973
  0.82467643  4.43579154  3.86016369  2.74727521  2.21626083  4.50020999
  2.62088112  0.56296022  1.06741927  6.55005375  6.22618665  4.24678859
  1.86233383  6.41402537  6.29805521  4.44710379  2.74836867  2.99708903
  1.18451146  5.69179851  2.6367898   1.40420074  1.55590145  4.30270385
  1.65931447  5.84949587  6.42751763  4.47545289  2.85051903  4.20508422]

Calculating energies for FreeWilson2D(N_x=2, N_y=2, mass=0.667, r=1.000)
Return from COBYLA because the objective function has been evaluated MAXFUN times.
Number of function values = 20000   Least value of F = -10.666532656678127
The corresponding X is:
[ 5.88574557  3.13987527  5.71413304  4.30444225  0.99517578  6.06921816
  6.05099248  4.36732697  0.82001944  4.01148554  3.05923089  5.0406405
  3.96596632  5.4271129   3.84161843  1.38894071  3.21843362  0.69581054
  5.47001514  3.82308743  4.45410454  2.21402203  6.10653957  5.27787599
  5.45908627  1.05091063  3.57179689 -0.01198897  0.83136084  4.98406443
  4.68301936  6.16396845  1.82796926  2.16186889  2.85948927  0.94697006
  1.1769812   4.06176221  1.57070283  4.16596733  2.62897341  6.38796469
  5.69657428  2.11098447  6.29685984  6.18369155  2.80482168  1.88324112
  4.38200361  0.74001319  1.39259682 -0.06221799  5.09661243  4.0362713
  4.32534557  5.80775763  3.02530041  3.81432314  1.01902715  0.57622581
  4.14238864  2.87585988  4.0987454   5.02195363  3.85220819  3.48209391
  3.00789375  1.79257032  1.07612237  2.65399575  1.29778453  2.41374724
  5.46179116  1.27362795  0.85155213  1.67198885  2.9927917   3.96002859
  3.57595514  4.79154414  5.07137561  2.47812425  4.89327728  1.12031546
  0.2728212   0.5038313   4.58282557  3.48587782  0.96955772  3.73261411
  1.20462712  4.58747014  2.68022278  2.79388459  2.02352546  4.59203502
  2.80052555  1.17768014  1.34451556  6.19430268  6.89155074  4.61917096
  1.90750248  6.59841749  6.40976408  4.53720428  3.04284946  3.1732315
  0.76064798  5.7673089   2.93065952  1.40119425  2.23640134  4.51667612
  3.18342532  5.47433064  4.69199801  4.5578511   2.82740666  4.17961703]

Calculating energies for FreeWilson2D(N_x=2, N_y=2, mass=1.000, r=1.000)
Return from COBYLA because the trust region radius reaches its lower bound.
Number of function values = 9650   Least value of F = -11.999999438385018
The corresponding X is:
[5.71201615 2.92921125 5.51164679 4.40516591 0.79339289 6.20373865
 5.90850437 5.02851744 0.78180818 3.20140547 2.57186603 5.81429396
 4.09148176 5.11226338 2.85855074 1.38670948 3.48344312 0.43395617
 4.61849567 4.12735218 4.73129863 1.85163901 6.29466903 5.89390782
 6.10335343 1.29158352 4.08560304 0.31435426 1.03878376 5.29972246
 4.4939304  6.16125033 2.03155521 2.38025475 2.48012841 1.30609284
 0.82036409 4.51095918 1.67164662 3.87670496 3.5279731  5.88775304
 5.44799851 2.01273046 6.27706355 6.15968932 2.59437137 1.72184365
 5.21205607 0.80911865 1.30183756 0.96833636 5.15448796 4.1132736
 4.29526776 4.85634862 2.81543556 2.88642631 1.07641871 2.08765859
 4.20974005 3.08067918 3.47295135 5.00362168 4.00064676 4.67401571
 3.6369193  2.15283561 0.18969908 2.42892409 1.32242424 2.76587228
 5.94604562 1.8216631  0.63491105 1.88419847 3.03963858 4.46150764
 3.38738022 4.8659596  4.14152286 2.64898805 4.83127821 0.94689076
 0.07688048 1.7132771  4.72927343 3.04011535 0.96389049 3.16688928
 1.14617961 4.52478421 2.67049516 2.17933801 1.42578923 4.99636133
 2.17704925 0.57199037 0.86068537 7.18748342 5.69539993 4.23829962
 2.65268072 7.12655128 5.02859135 4.52420706 2.75882319 1.23692759
 0.64507302 5.66882222 2.8137182  1.34816416 2.00713083 4.74033029
 2.0901345  5.28796484 5.81946826 5.61386434 2.72124007 3.88409989]

Calculating energies for FreeWilson2D(N_x=2, N_y=2, mass=1.333, r=1.000)
Return from COBYLA because the trust region radius reaches its lower bound.
Number of function values = 10321   Least value of F = -13.333332886011497
The corresponding X is:
[ 5.75278867  2.84146899  5.53276629  4.40507166  0.65210968  6.08960189
  5.64970623  4.94416251  1.00040415  3.64934741  3.03720182  5.92700975
  4.25570544  5.04751205  2.72654118  1.36078347  3.52997716 -0.14849294
  4.85157482  3.93166291  4.70189531  2.37421044  6.18373902  5.79316283
  5.57645883  1.3164148   3.44386114  0.93225019  1.56211391  5.91238793
  4.65254462  6.21099957  2.05706697  2.43877545  2.69367061  1.12243966
  0.81727608  4.24103644  1.54176115  4.23789081  3.04038144  6.30896756
  5.47330083  1.88558437  6.23358045  6.08846553  2.27878961  1.67037718
  5.24677712  0.84160316  1.32576565  1.01244082  4.62041397  4.1738852
  4.41920145  5.14939246  2.86181424  3.00946073  1.22019861  1.85956735
  4.19279699  3.0488402   3.61123889  4.84423547  4.05454484  4.58141976
  3.4343175   1.9110057   0.29245438  2.83831244  1.31641727  2.15258017
  5.39181238  1.55704387  0.48195796  1.61193101  3.00782283  4.09574684
  3.46744516  4.86104888  4.17444829  2.59851377  5.10481504  1.03138271
  0.19102996  1.51210681  4.54546454  2.9393936   1.01824753  3.07008872
  0.93049105  4.27176094  2.73993186  2.38100003  1.85064158  5.03961875
  2.070156    0.51572455  0.764855    7.00853243  5.66968844  3.97497444
  3.10700642  7.09136617  4.49482557  4.51238395  2.80959829  1.70140093
  0.58219053  5.87474752  2.92685583  1.27945851  2.05067014  4.78906598
  2.573496    5.35475995  5.76708562  5.54720355  2.69295107  4.09641436]

Calculating energies for FreeWilson2D(N_x=2, N_y=2, mass=1.667, r=1.000)
Return from COBYLA because the objective function has been evaluated MAXFUN times.
Number of function values = 20000   Least value of F = -14.666584855121442
The corresponding X is:
[5.75709758 2.96489215 5.2141919  4.41625091 0.69502048 6.49771084
 5.66273697 4.91014252 0.80736927 3.4974908  3.043039   5.93216267
 3.92543154 5.23084713 2.653075   1.27822245 3.37225564 0.51030873
 5.07650017 3.96756522 4.46280274 2.47709833 6.22302899 5.72638513
 5.78395138 1.67591463 3.66605533 0.2549676  0.40981097 5.28679396
 4.78454044 6.27966752 2.23594051 2.24382866 3.05874331 1.09378432
 0.72550502 3.02361286 1.34007851 4.29807822 2.63293036 5.20335871
 5.39460783 1.91154513 5.11374373 5.194859   3.22551464 1.75887075
 5.3078886  0.79093117 1.04254599 0.47840341 5.87355335 5.10883016
 5.28912511 5.13382575 2.85488908 3.75064096 0.78164657 0.75512207
 4.1094384  3.11898216 3.34418237 4.89148797 3.96171757 4.42352512
 3.4756223  1.88087689 1.03232408 2.63393975 1.60713336 2.52794796
 4.92367919 1.27590486 0.79851934 1.77239387 3.06658981 5.13479882
 3.27096603 4.98929189 4.04094879 2.65512976 5.05167973 1.02599219
 0.15080458 0.97289322 4.5770982  2.78559679 0.99136946 3.0920737
 0.83135666 4.67863693 2.72256364 2.32016327 1.63945511 4.04821903
 2.32696748 0.48634725 0.93949892 6.10336247 6.72326346 4.48680965
 1.688837   6.13035582 4.9452369  4.66595137 3.097249   2.7526368
 0.67093603 5.81371421 3.37764378 1.17511032 1.23686783 4.86729642
 2.74928177 4.81592896 5.7225465  5.66900318 2.67777185 3.95449258]

Calculating energies for FreeWilson2D(N_x=2, N_y=2, mass=2.000, r=1.000)
Return from COBYLA because the objective function has been evaluated MAXFUN times.
Number of function values = 20000   Least value of F = -15.999597425671038
The corresponding X is:
[5.80752986 3.04555024 5.43364287 4.28460368 0.80546724 6.35432299
 5.7106397  4.911319   0.69968921 3.58333548 2.93280158 5.98324386
 3.79985317 5.17292997 2.81399656 1.24960182 3.31097682 0.44936953
 5.16296565 4.00492106 4.53721057 2.51966031 6.18399791 5.77335508
 6.08398092 1.20192222 3.97250122 0.22141469 0.72611209 5.28376931
 4.64704883 6.30576163 2.15951313 2.35733064 2.87376525 1.13756559
 0.5982803  3.02445404 1.36637664 4.04082383 2.61662764 5.0677029
 5.47958353 1.97194993 5.17908239 4.95380019 3.20626377 1.64398783
 5.45770963 0.77527932 1.02372625 0.46486068 5.72954996 5.19262948
 5.28389621 4.94115519 3.43902889 3.4412181  0.80443973 0.68899069
 4.22115509 3.11150452 3.25313091 4.67887465 3.88920851 4.51249673
 3.53926056 1.7968006  1.04055223 2.72077271 1.3099456  2.48929872
 5.45519362 1.35144426 0.39400692 1.66095566 3.07302656 4.90714983
 3.34405032 4.88659356 3.95069276 2.55775541 5.22252884 0.99415163
 0.0808047  0.60641608 3.93904605 2.78669415 1.02435347 3.50124895
 0.87079877 4.71270994 2.78675914 2.47670014 1.60520536 4.15484485
 2.40841366 0.36796155 0.84984826 5.82668824 6.98473591 4.55402442
 1.70884581 6.27717848 4.81782507 4.68309952 3.11654297 2.86084888
 0.62241759 5.87485371 3.35674959 1.12497703 1.34693287 4.72320982
 2.15762452 4.8788409  5.90691963 5.52104702 2.66736329 3.92232817]

-----Beginning pprint-----
/:
	Attributes:
		ProcessId: 23114900
	2025-09-03_11-12-33:
		Attributes:
			HamiltonianType: ZeroChargePenalty
			Last-Modified: 2025-09-03_11-12-33
			ProcessId: 23114900
			SimulatorType: Statevector
			SolverName: VQE
			SystemName: FreeWilson2D
			n_x: 2
			n_y: 2
			r: 1.0
		Circuit:
			Attributes:
				Ansatz: XXPlusYYRZAnsatz1
				NumParameters: 120
			AnsatzOptions:
				Attributes:
					num_layers: 8
					num_qubits: 8
		CircuitParameters: <HDF5 dataset "CircuitParameters": shape (25, 20000, 120), type "<f8">
			Attributes:
				DIMENSION_LABELS: ['mass' 'IterationAxis' 'CircuitParameterAxis']
				NDataDims: 2
		Data:
			Attributes:
			evs:
				Attributes:
				Hamiltonian: <HDF5 dataset "Hamiltonian": shape (25, 20000), type "<f8">
					Attributes:
						DIMENSION_LABELS: ['mass' 'IterationAxis']
						NDataDims: 1
			stds:
				Attributes:
				Hamiltonian: <HDF5 dataset "Hamiltonian": shape (25, 20000), type "<f8">
					Attributes:
						DIMENSION_LABELS: ['mass' 'IterationAxis']
						NDataDims: 1
		EstimatorOptions:
			Attributes:
				_VERSION: 2
				default_precision: Unset
				default_shots: Unset
				experimental: Unset
				max_execution_time: Unset
				resilience_level: Unset
				seed_estimator: Unset
			dynamical_decoupling:
				Attributes:
					enable: Unset
					extra_slack_distribution: Unset
					scheduling_method: Unset
					sequence_type: Unset
					skip_reset_qubits: Unset
			environment:
				Attributes:
					callback: None
					job_tags: None
					log_level: WARNING
					private: False
			execution:
				Attributes:
					init_qubits: Unset
					rep_delay: Unset
			resilience:
				Attributes:
					layer_noise_model: Unset
					measure_mitigation: Unset
					pec_mitigation: Unset
					zne_mitigation: Unset
				layer_noise_learning:
					Attributes:
						layer_pair_depths: Unset
						max_layers_to_learn: Unset
						num_randomizations: Unset
						shots_per_randomization: Unset
				measure_noise_learning:
					Attributes:
						num_randomizations: Unset
						shots_per_randomization: Unset
				pec:
					Attributes:
						max_overhead: Unset
						noise_gain: Unset
				zne:
					Attributes:
						amplifier: Unset
						extrapolated_noise_factors: Unset
						extrapolator: Unset
						noise_factors: Unset
			simulator:
				Attributes:
					basis_gates: Unset
					coupling_map: Unset
					noise_model: Unset
					seed_simulator: 42
			twirling:
				Attributes:
					enable_gates: Unset
					enable_measure: Unset
					num_randomizations: Unset
					shots_per_randomization: Unset
					strategy: Unset
		MetaData:
			Attributes:
			circuit_metadata: <HDF5 dataset "circuit_metadata": shape (25, 20000), type "|O">
				Attributes:
					DIMENSION_LABELS: ['mass' 'IterationAxis']
					NDataDims: 1
			target_precision: <HDF5 dataset "target_precision": shape (25, 20000), type "<f8">
				Attributes:
					DIMENSION_LABELS: ['mass' 'IterationAxis']
					NDataDims: 1
			version: <HDF5 dataset "version": shape (25, 20000), type "<i8">
				Attributes:
					DIMENSION_LABELS: ['mass' 'IterationAxis']
					NDataDims: 1
		NIterations: <HDF5 dataset "NIterations": shape (25,), type "<i8">
			Attributes:
				DIMENSION_LABELS: ['mass']
				NDataDims: 0
		OptimizerOptions:
			Attributes:
				bounds: None
				callback: None
				constraints: []
				method: cobyla
				tol: None
				x0Seed: 42
			options:
				Attributes:
					disp: 1
					maxiter: 20000
		PresetPassManagerOptions:
			Attributes:
				approximation_degree: 1.0
				optimization_level: 3
				seed_transpiler: 42
		SimulatorOptions:
			Attributes:
		VersionInfo:
			Attributes:
				QiskitAerVersion: 0.17.1
				QiskitIBMRuntimeVersion: 0.41.1
				QiskitVersion: 2.1.2
		mass: <HDF5 dataset "mass": shape (25,), type "<f8">
			Attributes:
-----Ending pprint-----
End 2025-09-03 12:04:57 | 23114900 MyPyJob | node028 | /home/s6nidich_hpc/PycharmProjects/QC-MasterThesis 

