Start 2026-01-07 14:27:32 | 24236380 MyPyJob | lmnode195 | /home/s6nidich_hpc/PycharmProjects/QC-MasterThesis 

Used python interpreter:
/home/s6nidich_hpc/PycharmProjects/QC-MasterThesis/.venv_intel_3_12_3/bin/python
Python version:
Python 3.12.3

Currently Loaded Modules:
  1) GCCcore/13.3.0                   7) Tcl/8.6.14-GCCcore-13.3.0
  2) zlib/1.3.1-GCCcore-13.3.0        8) SQLite/3.45.3-GCCcore-13.3.0
  3) binutils/2.42-GCCcore-13.3.0     9) XZ/5.4.5-GCCcore-13.3.0
  4) bzip2/1.0.8-GCCcore-13.3.0      10) libffi/3.4.5-GCCcore-13.3.0
  5) ncurses/6.5-GCCcore-13.3.0      11) OpenSSL/3
  6) libreadline/8.2-GCCcore-13.3.0  12) Python/3.12.3-GCCcore-13.3.0

 

Start of Program:

-----Beginning pprint-----
/:
	Attributes:
-----Ending pprint-----
Calculating energies for FreeWilson2D(N_x=2, N_y=2, mass=-6.000, r=1.000)
h_im: 0.0
New op index: 6	$A_4(0,0)$[0, 1, 2, 3, 4, 5, 6, 7]
Current grad: 8.0
0:	0.00e+00	3.20e+01
1:	0.00e+00	-3.20e+01
2:	0.00e+00	0.00e+00
3:	0.00e+00	0.00e+00
4:	0.00e+00	0.00e+00
5:	0.00e+00	0.00e+00
6:	-4.00e+00	0.00e+00
7:	-4.00e+00	0.00e+00
New op index: 7	$A_4(1,0)$[2, 3, 4, 5]
Current grad: 8.000168014834212
New op index: 7	$A_4(1,0)$[2, 3, 4, 5]
Current grad: 0.0003223519219076021
Precision cutoff reached.
Calculating energies for FreeWilson2D(N_x=2, N_y=2, mass=-3.333, r=1.000)
h_im: 0.0
New op index: 6	$A_4(0,0)$[0, 1, 2, 3, 4, 5, 6, 7]
Current grad: 8.0
0:	0.00e+00	1.07e+01
1:	0.00e+00	-1.07e+01
2:	0.00e+00	0.00e+00
3:	0.00e+00	0.00e+00
4:	0.00e+00	0.00e+00
5:	0.00e+00	0.00e+00
6:	-4.00e+00	0.00e+00
7:	-4.00e+00	0.00e+00
New op index: 7	$A_4(1,0)$[2, 3, 4, 5]
Current grad: 8.000191663896594
New op index: 7	$A_4(1,0)$[2, 3, 4, 5]
Current grad: 0.0001845523339712379
Precision cutoff reached.
Calculating energies for FreeWilson2D(N_x=2, N_y=2, mass=-0.667, r=1.000)
h_im: 0.0
New op index: 6	$A_4(0,0)$[0, 1, 2, 3, 4, 5, 6, 7]
Current grad: 8.0
0:	0.00e+00	-1.07e+01
1:	0.00e+00	1.07e+01
2:	0.00e+00	0.00e+00
3:	0.00e+00	0.00e+00
4:	0.00e+00	0.00e+00
5:	0.00e+00	0.00e+00
6:	-4.00e+00	0.00e+00
7:	-4.00e+00	0.00e+00
New op index: 7	$A_4(1,0)$[2, 3, 4, 5]
Current grad: 8.000175473134217
New op index: 7	$A_4(1,0)$[2, 3, 4, 5]
Current grad: 0.00018003716797540135
Precision cutoff reached.
Calculating energies for FreeWilson2D(N_x=2, N_y=2, mass=2.000, r=1.000)
h_im: 0.0
New op index: 6	$A_4(0,0)$[0, 1, 2, 3, 4, 5, 6, 7]
Current grad: 8.0
0:	0.00e+00	-3.20e+01
1:	0.00e+00	3.20e+01
2:	0.00e+00	0.00e+00
3:	0.00e+00	0.00e+00
4:	0.00e+00	0.00e+00
5:	0.00e+00	0.00e+00
6:	-4.00e+00	0.00e+00
7:	-4.00e+00	0.00e+00
New op index: 7	$A_4(1,0)$[2, 3, 4, 5]
Current grad: 8.000179549378199
New op index: 7	$A_4(1,0)$[2, 3, 4, 5]
Current grad: 0.00026771246961536534
Precision cutoff reached.
-----Beginning pprint-----
/:
	Attributes:
		ProcessId: 24236380
	2026-01-07_14-27-34-24236380:
		Attributes:
			HamiltonianType: ZeroChargePenalty
			Last-Modified: 2026-01-07_14-27-34
			ProcessId: 24236380
			SimulatorType: Statevector
			SolverName: AdaptVQE
			SystemName: FreeWilson2D
			n_x: 2
			n_y: 2
			r: 1.0
		AdaptOptions:
			Attributes:
				allow_duplicate_gates: False
				gradient_hamiltonian_type: HamiltonianType.ZeroChargePenalty
				max_depth: 50
				parameter_prec_cutoff: 0.001
				prec_cutoff: 0.001
				precision: 0
		AnsatzOperatorDerivatives: Dataset (dtype=float64, shape=(4, 3, 8), maxshape=(4, None, 8))
			Attributes:
				DIMENSION_LABELS: ['mass' 'AnsatzOperatorAxis' 'AnsatzPoolOperatorAxis']
				NDataDims: 2
		AnsatzOperatorSecondDerivatives: Dataset (dtype=float64, shape=(4, 3, 8), maxshape=(4, None, 8))
			Attributes:
				DIMENSION_LABELS: ['mass' 'AnsatzOperatorAxis' 'AnsatzPoolOperatorAxis']
				NDataDims: 2
		AnsatzOperators: Dataset (dtype=int64, shape=(4, 2), maxshape=(4, None))
			Attributes:
				DIMENSION_LABELS: ['mass' 'AnsatzOperatorAxis']
				NDataDims: 1
		Circuit:
			Attributes:
				Ansatz: PhysicsAdaptAnsatz1
			AnsatzOptions:
				Attributes:
					num_qubits: 8
		CircuitParameters: Dataset (dtype=float64, shape=(4, 30, 2), maxshape=(4, None, None))
			Attributes:
				DIMENSION_LABELS: ['mass' 'IterationAxis' 'CircuitParameterAxis']
				NDataDims: 2
		Data:
			Attributes:
			evs:
				Attributes:
				Hamiltonian: Dataset (dtype=float64, shape=(4, 30), maxshape=(4, None))
					Attributes:
						DIMENSION_LABELS: ['mass' 'IterationAxis']
						NDataDims: 1
			stds:
				Attributes:
				Hamiltonian: Dataset (dtype=float64, shape=(4, 30), maxshape=(4, None))
					Attributes:
						DIMENSION_LABELS: ['mass' 'IterationAxis']
						NDataDims: 1
		EstimatorOptions:
			Attributes:
				_VERSION: 2
				default_precision: Unset
				default_shots: Unset
				experimental: Unset
				max_execution_time: Unset
				resilience_level: Unset
				seed_estimator: 24236380
			dynamical_decoupling:
				Attributes:
					enable: Unset
					extra_slack_distribution: Unset
					scheduling_method: Unset
					sequence_type: Unset
					skip_reset_qubits: Unset
			environment:
				Attributes:
					callback: None
					job_tags: None
					log_level: WARNING
					private: False
			execution:
				Attributes:
					init_qubits: Unset
					rep_delay: Unset
			resilience:
				Attributes:
					layer_noise_model: Unset
					measure_mitigation: Unset
					pec_mitigation: Unset
					zne_mitigation: Unset
				layer_noise_learning:
					Attributes:
						layer_pair_depths: Unset
						max_layers_to_learn: Unset
						num_randomizations: Unset
						shots_per_randomization: Unset
				measure_noise_learning:
					Attributes:
						num_randomizations: Unset
						shots_per_randomization: Unset
				pec:
					Attributes:
						max_overhead: Unset
						noise_gain: Unset
				zne:
					Attributes:
						amplifier: Unset
						extrapolated_noise_factors: Unset
						extrapolator: Unset
						noise_factors: Unset
			simulator:
				Attributes:
					basis_gates: Unset
					coupling_map: Unset
					noise_model: Unset
					seed_simulator: Unset
			twirling:
				Attributes:
					enable_gates: Unset
					enable_measure: Unset
					num_randomizations: Unset
					shots_per_randomization: Unset
					strategy: Unset
		MetaData:
			Attributes:
			circuit_metadata: Dataset (dtype=object, shape=(4, 30), maxshape=(4, None))
				Attributes:
					DIMENSION_LABELS: ['mass' 'IterationAxis']
					NDataDims: 1
			target_precision: Dataset (dtype=float64, shape=(4, 30), maxshape=(4, None))
				Attributes:
					DIMENSION_LABELS: ['mass' 'IterationAxis']
					NDataDims: 1
			version: Dataset (dtype=int64, shape=(4, 30), maxshape=(4, None))
				Attributes:
					DIMENSION_LABELS: ['mass' 'IterationAxis']
					NDataDims: 1
		NIterations: Dataset (dtype=int64, shape=(4,), maxshape=(4,))
			Attributes:
				DIMENSION_LABELS: ['mass']
				NDataDims: 0
		OptimizerOptions:
			Attributes:
				bounds: None
				callback: None
				constraints: []
				method: slsqp
				tol: None
				x0Seed: 24236380
			options:
				Attributes:
					disp: 0
					maxiter: 20000
		PresetPassManagerOptions:
			Attributes:
		SimulatorOptions:
			Attributes:
		StartIterations: Dataset (dtype=int64, shape=(4, 2), maxshape=(4, None))
			Attributes:
				DIMENSION_LABELS: ['mass' 'AnsatzOperatorAxis']
				NDataDims: 1
		VersionInfo:
			Attributes:
				QiskitAerVersion: 0.17.1
				QiskitIBMRuntimeVersion: 0.41.1
				QiskitVersion: 2.1.2
		mass: Dataset (dtype=float64, shape=(4,), maxshape=(4,))
			Attributes:
-----Ending pprint-----
End 2026-01-07 14:27:37 | 24236380 MyPyJob | lmnode195 | /home/s6nidich_hpc/PycharmProjects/QC-MasterThesis 

