Start 2025-10-24 15:51:40 | 23763537 MyPyJob | node001 | /home/s6nidich_hpc/PycharmProjects/QC-MasterThesis 

Used python interpreter:
/home/s6nidich_hpc/PycharmProjects/QC-MasterThesis/.venv_intel_3_12_3/bin/python
Python version:
Python 3.12.3

Currently Loaded Modules:
  1) GCCcore/13.3.0                   7) Tcl/8.6.14-GCCcore-13.3.0
  2) zlib/1.3.1-GCCcore-13.3.0        8) SQLite/3.45.3-GCCcore-13.3.0
  3) binutils/2.42-GCCcore-13.3.0     9) XZ/5.4.5-GCCcore-13.3.0
  4) bzip2/1.0.8-GCCcore-13.3.0      10) libffi/3.4.5-GCCcore-13.3.0
  5) ncurses/6.5-GCCcore-13.3.0      11) OpenSSL/3
  6) libreadline/8.2-GCCcore-13.3.0  12) Python/3.12.3-GCCcore-13.3.0

 

Start of Program:

-----Beginning pprint-----
/:
	Attributes:
-----Ending pprint-----
Calculating energies for FreeWilson2D(N_x=2, N_y=2, mass=-6.000, r=1.000)
h: 0.0
Prec 10.0
Prec 10.0
New op index: 27
Current grad: 23.999999999999982
0:	0.00e+00	0.00e+00
1:	-2.00e+00	0.00e+00
2:	0.00e+00	0.00e+00
3:	0.00e+00	0.00e+00
4:	2.50e+00	0.00e+00
5:	0.00e+00	0.00e+00
6:	0.00e+00	0.00e+00
7:	-2.50e+00	0.00e+00
8:	0.00e+00	0.00e+00
9:	0.00e+00	0.00e+00
10:	2.00e+00	-5.00e-01
11:	0.00e+00	-5.00e-01
12:	0.00e+00	0.00e+00
13:	2.00e+00	-5.00e-01
14:	0.00e+00	-5.00e-01
15:	0.00e+00	4.16e-17
16:	-2.50e+00	1.39e-17
17:	0.00e+00	1.39e-17
18:	0.00e+00	0.00e+00
19:	2.50e+00	6.94e-18
20:	0.00e+00	6.94e-18
21:	0.00e+00	3.47e-17
22:	-2.00e+00	6.94e-18
23:	0.00e+00	1.39e-17
24:	5.00e-01	0.00e+00
25:	0.00e+00	0.00e+00
26:	-5.00e-01	-5.00e-01
27:	4.00e+00	6.94e-18
28:	-5.00e-01	-5.00e-01
29:	-6.94e-18	2.08e-17
30:	5.00e-01	2.08e-17
Return from COBYLA because the trust region radius reaches its lower bound.
Number of function values = 30   Least value of F = 201.54717079755733
The corresponding X is: [-0.7854]

Prec 10.0
New op index: 4
Current grad: 19.656868942303213
Return from COBYLA because the trust region radius reaches its lower bound.
Number of function values = 76   Least value of F = 154.04717079904114
The corresponding X is: [-0.78539468  1.57079319]

Prec 10.0
New op index: 19
Current grad: 17.01044413974497
Return from COBYLA because the trust region radius reaches its lower bound.
Number of function values = 311   Least value of F = 151.54717082972556
The corresponding X is:
[-0.785392    1.57079203 -1.57063851]

Prec 10.0
New op index: 13
Current grad: 14.364396232511771
Return from COBYLA because the trust region radius reaches its lower bound.
Number of function values = 81   Least value of F = 104.54717079796129
The corresponding X is:
[-1.57079754  1.5707961  -1.57079911  1.57079368]

Prec 10.0
New op index: 16
Current grad: 8.000017531584959
Return from COBYLA because the trust region radius reaches its lower bound.
Number of function values = 1392   Least value of F = 99.03798472578121
The corresponding X is:
[-0.39936252  1.5707973  -1.56810959 -1.00488348  1.56109265]

Prec 10.0
New op index: 22
Current grad: 10.336209836310722
Return from COBYLA because the trust region radius reaches its lower bound.
Number of function values = 255   Least value of F = 78.28393597965471
The corresponding X is:
[-0.53500122  1.57085393 -1.56995369 -0.95356194  1.56118745  1.57053337]

Prec 10.0
New op index: 1
Current grad: 8.588903536126658
Return from COBYLA because the trust region radius reaches its lower bound.
Number of function values = 914   Least value of F = 48.53705647805215
The corresponding X is:
[-0.39951501  1.57079518 -1.56810168 -1.00461515  1.56839685  1.57077175
 -1.58661818]

Prec 10.0
New op index: 7
Current grad: 6.345183779168468
Return from COBYLA because the trust region radius reaches its lower bound.
Number of function values = 294   Least value of F = 27.77971028229442
The corresponding X is:
[-0.53495482  1.54652892 -1.57000737 -0.95357526  1.57081292  1.57076292
 -1.57079572  1.57076297]

Prec 10.0
New op index: 10
Current grad: 4.12743845689517
Return from COBYLA because the trust region radius reaches its lower bound.
Number of function values = 5722   Least value of F = -4.952823192970052
The corresponding X is:
[-0.01557288  1.5708017  -1.57079158 -1.55521418  1.57078879  1.5707956
 -1.57079751  1.57079609 -1.55521095]

Prec 10.0
New op index: 27
Current grad: 0.0020355192932752903
Return from COBYLA because the trust region radius reaches its lower bound.
Number of function values = 115   Least value of F = -4.952829181957747
The corresponding X is:
[-1.55515510e-02  1.57080305e+00 -1.57078893e+00 -1.55524027e+00
  1.57078496e+00  1.57078667e+00 -1.57080250e+00  1.57077935e+00
 -1.55524382e+00  1.18298241e-04]

Prec 10.0
New op index: 27
Current grad: 0.0001593660671602404
Precision cutoff reached.
Calculating energies for FreeWilson2D(N_x=2, N_y=2, mass=-3.333, r=1.000)
h: 0.0
Prec 10.0
Prec 10.0
New op index: 27
Current grad: 10.666666666666659
0:	0.00e+00	0.00e+00
1:	-6.67e-01	0.00e+00
2:	0.00e+00	0.00e+00
3:	0.00e+00	0.00e+00
4:	1.17e+00	0.00e+00
5:	0.00e+00	0.00e+00
6:	0.00e+00	0.00e+00
7:	-1.17e+00	0.00e+00
8:	0.00e+00	0.00e+00
9:	0.00e+00	0.00e+00
10:	6.67e-01	-5.00e-01
11:	0.00e+00	-5.00e-01
12:	0.00e+00	0.00e+00
13:	6.67e-01	-5.00e-01
14:	0.00e+00	-5.00e-01
15:	0.00e+00	3.24e-17
16:	-1.17e+00	4.63e-18
17:	0.00e+00	1.39e-17
18:	0.00e+00	9.25e-18
19:	1.17e+00	1.62e-17
20:	0.00e+00	6.94e-18
21:	0.00e+00	2.54e-17
22:	-6.67e-01	-2.31e-18
23:	0.00e+00	1.39e-17
24:	5.00e-01	0.00e+00
25:	0.00e+00	0.00e+00
26:	-5.00e-01	-5.00e-01
27:	1.33e+00	6.94e-18
28:	-5.00e-01	-5.00e-01
29:	-6.94e-18	2.08e-17
30:	5.00e-01	2.08e-17
Return from COBYLA because the trust region radius reaches its lower bound.
Number of function values = 30   Least value of F = 202.88050413088166
The corresponding X is: [-0.7854]

Prec 10.0
New op index: 10
Current grad: 9.77124452705966
Return from COBYLA because the trust region radius reaches its lower bound.
Number of function values = 42   Least value of F = 154.54717079796885
The corresponding X is: [-1.57079997  1.57079428]

Prec 10.0
New op index: 4
Current grad: 7.999996683667554
Return from COBYLA because the trust region radius reaches its lower bound.
Number of function values = 2582   Least value of F = 152.5379502626206
The corresponding X is:
[-3.22277098 -1.65496374 -1.57079729]

Prec 10.0
New op index: 19
Current grad: 6.017531509507989
Return from COBYLA because the trust region radius reaches its lower bound.
Number of function values = 94   Least value of F = 104.54717079785028
The corresponding X is:
[-4.71239058 -1.57079875 -1.5707961   1.57079428]

Prec 10.0
New op index: 16
Current grad: 2.6666820494827097
Return from COBYLA because the trust region radius reaches its lower bound.
Number of function values = 983   Least value of F = 102.34532043297784
The corresponding X is:
[-4.71238824 -1.57078773 -1.57079136  1.57079789  2.55327961]

Prec 10.0
New op index: 7
Current grad: 2.2778724131986032
Return from COBYLA because the trust region radius reaches its lower bound.
Number of function values = 152   Least value of F = 54.54206783199659
The corresponding X is:
[-4.7123871  -1.57079224 -1.57079724  1.57079418  1.58086957 -1.56045381]

Prec 10.0
New op index: 1
Current grad: 2.353892335858063
Return from COBYLA because the trust region radius reaches its lower bound.
Number of function values = 2619   Least value of F = 53.20519520665603
The corresponding X is:
[-4.71238265 -1.57079046 -1.57079485  1.57079417  2.16714345 -1.56794288
  1.61511042]

Prec 10.0
New op index: 22
Current grad: 1.3375590715572665
Return from COBYLA because the trust region radius reaches its lower bound.
Number of function values = 174   Least value of F = 4.047170798751987
The corresponding X is:
[-4.71239422 -1.57079248 -1.57079572  1.57079546  1.57079606 -1.57079666
  1.57079546 -1.57079845]

Prec 10.0
New op index: 4
Current grad: 1.2926203118002877e-05
Precision cutoff reached.
Calculating energies for FreeWilson2D(N_x=2, N_y=2, mass=-0.667, r=1.000)
h: 0.0
Prec 10.0
Prec 10.0
New op index: 27
Current grad: 6.666666666666661
0:	0.00e+00	0.00e+00
1:	6.67e-01	0.00e+00
2:	0.00e+00	0.00e+00
3:	0.00e+00	0.00e+00
4:	-1.67e-01	0.00e+00
5:	0.00e+00	0.00e+00
6:	0.00e+00	0.00e+00
7:	1.67e-01	0.00e+00
8:	0.00e+00	0.00e+00
9:	0.00e+00	0.00e+00
10:	-6.67e-01	-5.00e-01
11:	0.00e+00	-5.00e-01
12:	0.00e+00	0.00e+00
13:	-6.67e-01	-5.00e-01
14:	0.00e+00	-5.00e-01
15:	0.00e+00	2.31e-17
16:	1.67e-01	-4.63e-18
17:	0.00e+00	1.39e-17
18:	0.00e+00	1.85e-17
19:	-1.67e-01	2.54e-17
20:	0.00e+00	6.94e-18
21:	0.00e+00	1.62e-17
22:	6.67e-01	-1.16e-17
23:	0.00e+00	1.39e-17
24:	5.00e-01	0.00e+00
25:	0.00e+00	0.00e+00
26:	-5.00e-01	-5.00e-01
27:	-1.33e+00	6.94e-18
28:	-5.00e-01	-5.00e-01
29:	-6.94e-18	2.08e-17
30:	5.00e-01	2.08e-17
Return from COBYLA because the trust region radius reaches its lower bound.
Number of function values = 27   Least value of F = 202.88050413088172
The corresponding X is: [0.7854]

Prec 10.0
New op index: 26
Current grad: 8.35703356203719
Return from COBYLA because the trust region radius reaches its lower bound.
Number of function values = 50   Least value of F = 154.44210957377618
The corresponding X is: [ 1.54378415 -0.78183483]

Prec 10.0
New op index: 28
Current grad: 7.5826648944558475
Return from COBYLA because the trust region radius reaches its lower bound.
Number of function values = 1516   Least value of F = 153.2989933958646
The corresponding X is:
[ 0.47582611 -0.99834375  0.57339197]

Prec 10.0
New op index: 10
Current grad: 7.113298357141978
Return from COBYLA because the trust region radius reaches its lower bound.
Number of function values = 1637   Least value of F = 150.79576394260016
The corresponding X is:
[ 1.56615868 -2.15799545  0.81592235  3.25232874]

Prec 10.0
New op index: 4
Current grad: 6.685309443610874
Return from COBYLA because the trust region radius reaches its lower bound.
Number of function values = 256   Least value of F = 121.94100701558342
The corresponding X is:
[ 0.69359672 -0.86068216  0.58677668  4.98737987  1.57394333]

Prec 10.0
New op index: 7
Current grad: 5.513336260813481
Return from COBYLA because the trust region radius reaches its lower bound.
Number of function values = 2133   Least value of F = 101.95347891946263
The corresponding X is:
[ 0.23233022 -0.22425342  0.6743751   4.70373827  1.57072728 -1.3644178 ]

Prec 10.0
New op index: 7
Current grad: 4.797757546440983
Adding the same operator twice is not sensible, terminating.
Calculating energies for FreeWilson2D(N_x=2, N_y=2, mass=2.000, r=1.000)
h: 0.0
Prec 10.0
Prec 10.0
New op index: 27
Current grad: 19.999999999999986
0:	0.00e+00	0.00e+00
1:	2.00e+00	0.00e+00
2:	0.00e+00	0.00e+00
3:	0.00e+00	0.00e+00
4:	-1.50e+00	0.00e+00
5:	0.00e+00	0.00e+00
6:	0.00e+00	0.00e+00
7:	1.50e+00	0.00e+00
8:	0.00e+00	0.00e+00
9:	0.00e+00	0.00e+00
10:	-2.00e+00	-5.00e-01
11:	0.00e+00	-5.00e-01
12:	0.00e+00	0.00e+00
13:	-2.00e+00	-5.00e-01
14:	0.00e+00	-5.00e-01
15:	0.00e+00	1.39e-17
16:	1.50e+00	-1.39e-17
17:	0.00e+00	1.39e-17
18:	0.00e+00	2.78e-17
19:	-1.50e+00	3.47e-17
20:	0.00e+00	6.94e-18
21:	0.00e+00	6.94e-18
22:	2.00e+00	-2.08e-17
23:	0.00e+00	1.39e-17
24:	5.00e-01	0.00e+00
25:	0.00e+00	0.00e+00
26:	-5.00e-01	-5.00e-01
27:	-4.00e+00	6.94e-18
28:	-5.00e-01	-5.00e-01
29:	-6.94e-18	2.08e-17
30:	5.00e-01	2.08e-17
Return from COBYLA because the trust region radius reaches its lower bound.
Number of function values = 27   Least value of F = 201.54717079755738
The corresponding X is: [0.7854]

Prec 10.0
New op index: 10
Current grad: 18.24265797728074
Return from COBYLA because the trust region radius reaches its lower bound.
Number of function values = 50   Least value of F = 154.54717079778146
The corresponding X is: [ 1.57079602 -1.57079322]

Prec 10.0
New op index: 22
Current grad: 14.000013049075658
Return from COBYLA because the trust region radius reaches its lower bound.
Number of function values = 666   Least value of F = 148.3756810610157
The corresponding X is:
[ 3.55587362 -0.97890768 -1.57079374]

Prec 10.0
New op index: 16
Current grad: 15.764449644898088
Return from COBYLA because the trust region radius reaches its lower bound.
Number of function values = 220   Least value of F = 127.35370179083668
The corresponding X is:
[ 3.67541226 -0.95501629 -1.57074785 -1.56135577]

Prec 10.0
New op index: 1
Current grad: 12.62858624983098
Return from COBYLA because the trust region radius reaches its lower bound.
Number of function values = 893   Least value of F = 98.07853520015843
The corresponding X is:
[ 3.52125062 -1.04281793 -1.57079365 -1.56846406  1.57079768]

Prec 10.0
New op index: 4
Current grad: 10.085446464236696
Return from COBYLA because the trust region radius reaches its lower bound.
Number of function values = 305   Least value of F = 81.35210550390602
The corresponding X is:
[ 3.67541325 -0.95502983 -1.57080496 -1.56139018  1.5644117  -1.57076872]

Prec 10.0
New op index: 19
Current grad: 9.45662782946044
Return from COBYLA because the trust region radius reaches its lower bound.
Number of function values = 1255   Least value of F = 48.534205001887
The corresponding X is:
[ 3.54080826 -1.00527295 -1.57081033 -1.56839777  1.5549735  -1.57079259
  1.55785724]

Prec 10.0
New op index: 7
Current grad: 7.036850895741509
Return from COBYLA because the trust region radius reaches its lower bound.
Number of function values = 329   Least value of F = 27.783703382125324
The corresponding X is:
[ 3.67658682 -0.95353207 -1.57079504 -1.57078264  1.57079868 -1.56688313
  1.56558267 -1.57080181]

Prec 10.0
New op index: 13
Current grad: 4.0825867735984005
Return from COBYLA because the trust region radius reaches its lower bound.
Number of function values = 5958   Least value of F = -4.952823802973723
The corresponding X is:
[ 3.15675774 -1.55562125 -1.57079517 -1.57079631  1.57079189 -1.57079019
  1.57079638 -1.57079508 -1.5556289 ]

Prec 10.0
New op index: 27
Current grad: 0.0019090125191221683
Return from COBYLA because the trust region radius reaches its lower bound.
Number of function values = 103   Least value of F = -4.952829194699855
The corresponding X is:
[ 3.15635425e+00 -1.55604431e+00 -1.57080236e+00 -1.57080421e+00
  1.57079821e+00 -1.57080449e+00  1.57079284e+00 -1.57078974e+00
 -1.55603899e+00 -1.08237109e-04]

Prec 10.0
New op index: 16
Current grad: 0.00012141307818018674
Precision cutoff reached.
-----Beginning pprint-----
/:
	Attributes:
		ProcessId: 23763537
	2025-10-24_15-51-42-23763537:
		Attributes:
			HamiltonianType: ZeroChargePenalty
			Last-Modified: 2025-10-24_15-51-42
			ProcessId: 23763537
			SimulatorType: Statevector
			SolverName: AdaptVQE
			SystemName: FreeWilson2D
			n_x: 2
			n_y: 2
			r: 1.0
		AdaptOptions:
			Attributes:
				gradient_hamiltonian_type: HamiltonianType.Full
				max_depth: 40
				prec_cutoff: 0.001
				precision: 0.0
		AnsatzOperatorDerivatives: Dataset (dtype=float64, shape=(4, 11, 31), maxshape=(4, None, 31))
			Attributes:
				DIMENSION_LABELS: ['mass' 'AnsatzOperatorAxis' 'AnsatzPoolOperatorAxis']
				NDataDims: 2
		AnsatzOperatorSecondDerivatives: Dataset (dtype=float64, shape=(4, 11, 31), maxshape=(4, None, 31))
			Attributes:
				DIMENSION_LABELS: ['mass' 'AnsatzOperatorAxis' 'AnsatzPoolOperatorAxis']
				NDataDims: 2
		AnsatzOperators: Dataset (dtype=int64, shape=(4, 10), maxshape=(4, None))
			Attributes:
				DIMENSION_LABELS: ['mass' 'AnsatzOperatorAxis']
				NDataDims: 1
		Circuit:
			Attributes:
				Ansatz: HardwareAdaptAnsatz1
			AnsatzOptions:
				Attributes:
					num_qubits: 8
		CircuitParameters: Dataset (dtype=float64, shape=(4, 9810, 10), maxshape=(4, None, None))
			Attributes:
				DIMENSION_LABELS: ['mass' 'IterationAxis' 'CircuitParameterAxis']
				NDataDims: 2
		Data:
			Attributes:
			evs:
				Attributes:
				Hamiltonian: Dataset (dtype=float64, shape=(4, 9810), maxshape=(4, None))
					Attributes:
						DIMENSION_LABELS: ['mass' 'IterationAxis']
						NDataDims: 1
			stds:
				Attributes:
				Hamiltonian: Dataset (dtype=float64, shape=(4, 9810), maxshape=(4, None))
					Attributes:
						DIMENSION_LABELS: ['mass' 'IterationAxis']
						NDataDims: 1
		EstimatorOptions:
			Attributes:
				_VERSION: 2
				default_precision: 10.0
				default_shots: Unset
				experimental: Unset
				max_execution_time: Unset
				resilience_level: Unset
				seed_estimator: 23763537
			dynamical_decoupling:
				Attributes:
					enable: Unset
					extra_slack_distribution: Unset
					scheduling_method: Unset
					sequence_type: Unset
					skip_reset_qubits: Unset
			environment:
				Attributes:
					callback: None
					job_tags: None
					log_level: WARNING
					private: False
			execution:
				Attributes:
					init_qubits: Unset
					rep_delay: Unset
			resilience:
				Attributes:
					layer_noise_model: Unset
					measure_mitigation: Unset
					pec_mitigation: Unset
					zne_mitigation: Unset
				layer_noise_learning:
					Attributes:
						layer_pair_depths: Unset
						max_layers_to_learn: Unset
						num_randomizations: Unset
						shots_per_randomization: Unset
				measure_noise_learning:
					Attributes:
						num_randomizations: Unset
						shots_per_randomization: Unset
				pec:
					Attributes:
						max_overhead: Unset
						noise_gain: Unset
				zne:
					Attributes:
						amplifier: Unset
						extrapolated_noise_factors: Unset
						extrapolator: Unset
						noise_factors: Unset
			simulator:
				Attributes:
					basis_gates: Unset
					coupling_map: Unset
					noise_model: Unset
					seed_simulator: Unset
			twirling:
				Attributes:
					enable_gates: Unset
					enable_measure: Unset
					num_randomizations: Unset
					shots_per_randomization: Unset
					strategy: Unset
		MetaData:
			Attributes:
			circuit_metadata: Dataset (dtype=object, shape=(4, 9810), maxshape=(4, None))
				Attributes:
					DIMENSION_LABELS: ['mass' 'IterationAxis']
					NDataDims: 1
			target_precision: Dataset (dtype=float64, shape=(4, 9810), maxshape=(4, None))
				Attributes:
					DIMENSION_LABELS: ['mass' 'IterationAxis']
					NDataDims: 1
			version: Dataset (dtype=int64, shape=(4, 9810), maxshape=(4, None))
				Attributes:
					DIMENSION_LABELS: ['mass' 'IterationAxis']
					NDataDims: 1
		NIterations: Dataset (dtype=int64, shape=(4,), maxshape=(4,))
			Attributes:
				DIMENSION_LABELS: ['mass']
				NDataDims: 0
		OptimizerOptions:
			Attributes:
				bounds: None
				callback: None
				constraints: []
				method: cobyla
				tol: 1e-05
				x0Seed: 23763537
			options:
				Attributes:
					disp: 1
					maxiter: 20000
		PresetPassManagerOptions:
			Attributes:
		SimulatorOptions:
			Attributes:
		StartIterations: Dataset (dtype=int64, shape=(4, 10), maxshape=(4, None))
			Attributes:
				DIMENSION_LABELS: ['mass' 'AnsatzOperatorAxis']
				NDataDims: 1
		VersionInfo:
			Attributes:
				QiskitAerVersion: 0.17.1
				QiskitIBMRuntimeVersion: 0.41.1
				QiskitVersion: 2.1.2
		mass: Dataset (dtype=float64, shape=(4,), maxshape=(4,))
			Attributes:
-----Ending pprint-----
End 2025-10-24 15:55:04 | 23763537 MyPyJob | node001 | /home/s6nidich_hpc/PycharmProjects/QC-MasterThesis 

