Start 2025-11-14 07:17:22 | 23863692 MyPyJob | node136 | /home/s6nidich_hpc/PycharmProjects/QC-MasterThesis 

Used python interpreter:
/home/s6nidich_hpc/PycharmProjects/QC-MasterThesis/.venv_intel_3_12_3/bin/python
Python version:
Python 3.12.3

Currently Loaded Modules:
  1) GCCcore/13.3.0                   7) Tcl/8.6.14-GCCcore-13.3.0
  2) zlib/1.3.1-GCCcore-13.3.0        8) SQLite/3.45.3-GCCcore-13.3.0
  3) binutils/2.42-GCCcore-13.3.0     9) XZ/5.4.5-GCCcore-13.3.0
  4) bzip2/1.0.8-GCCcore-13.3.0      10) libffi/3.4.5-GCCcore-13.3.0
  5) ncurses/6.5-GCCcore-13.3.0      11) OpenSSL/3
  6) libreadline/8.2-GCCcore-13.3.0  12) Python/3.12.3-GCCcore-13.3.0

 

Start of Program:

-----Beginning pprint-----
/:
	Attributes:
-----Ending pprint-----
Calculating energies for FreeWilson2D(N_x=4, N_y=4, mass=-6.000, r=1.000)
h_im: 0.0
New op index: 127
Current grad: 2.220446049250313e-16
0:	0.00e+00	5.00e+01
1:	0.00e+00	5.00e+01
2:	0.00e+00	0.00e+00
3:	0.00e+00	5.00e+01
4:	0.00e+00	5.00e+01
5:	0.00e+00	0.00e+00
6:	0.00e+00	5.00e+01
7:	0.00e+00	5.00e+01
8:	0.00e+00	0.00e+00
9:	0.00e+00	5.00e+01
10:	0.00e+00	5.00e+01
11:	0.00e+00	0.00e+00
12:	0.00e+00	5.00e+01
13:	0.00e+00	5.00e+01
14:	0.00e+00	0.00e+00
15:	0.00e+00	5.00e+01
16:	0.00e+00	5.00e+01
17:	0.00e+00	0.00e+00
18:	0.00e+00	5.00e+01
19:	0.00e+00	5.00e+01
20:	0.00e+00	0.00e+00
21:	0.00e+00	5.00e+01
22:	0.00e+00	5.00e+01
23:	0.00e+00	0.00e+00
24:	0.00e+00	5.00e+01
25:	0.00e+00	5.00e+01
26:	0.00e+00	0.00e+00
27:	0.00e+00	5.00e+01
28:	0.00e+00	5.00e+01
29:	0.00e+00	0.00e+00
30:	0.00e+00	5.00e+01
31:	0.00e+00	5.00e+01
32:	0.00e+00	0.00e+00
33:	0.00e+00	5.00e+01
34:	0.00e+00	5.00e+01
35:	0.00e+00	0.00e+00
36:	0.00e+00	5.00e+01
37:	0.00e+00	5.00e+01
38:	0.00e+00	0.00e+00
39:	0.00e+00	5.00e+01
40:	0.00e+00	5.00e+01
41:	0.00e+00	0.00e+00
42:	0.00e+00	5.00e+01
43:	0.00e+00	5.00e+01
44:	0.00e+00	0.00e+00
45:	0.00e+00	5.00e+01
46:	0.00e+00	5.00e+01
47:	0.00e+00	0.00e+00
48:	0.00e+00	5.00e+01
49:	0.00e+00	5.00e+01
50:	0.00e+00	0.00e+00
51:	0.00e+00	5.00e+01
52:	0.00e+00	5.00e+01
53:	0.00e+00	0.00e+00
54:	0.00e+00	5.00e+01
55:	0.00e+00	5.00e+01
56:	0.00e+00	0.00e+00
57:	0.00e+00	5.00e+01
58:	0.00e+00	5.00e+01
59:	0.00e+00	0.00e+00
60:	0.00e+00	5.00e+01
61:	0.00e+00	5.00e+01
62:	0.00e+00	0.00e+00
63:	0.00e+00	5.00e+01
64:	0.00e+00	5.00e+01
65:	0.00e+00	0.00e+00
66:	0.00e+00	5.00e+01
67:	0.00e+00	5.00e+01
68:	0.00e+00	0.00e+00
69:	0.00e+00	5.00e+01
70:	0.00e+00	5.00e+01
71:	0.00e+00	0.00e+00
72:	0.00e+00	5.00e+01
73:	0.00e+00	5.00e+01
74:	0.00e+00	0.00e+00
75:	0.00e+00	5.00e+01
76:	0.00e+00	5.00e+01
77:	0.00e+00	0.00e+00
78:	0.00e+00	5.00e+01
79:	0.00e+00	5.00e+01
80:	0.00e+00	0.00e+00
81:	0.00e+00	5.00e+01
82:	0.00e+00	5.00e+01
83:	0.00e+00	0.00e+00
84:	0.00e+00	5.00e+01
85:	0.00e+00	5.00e+01
86:	0.00e+00	0.00e+00
87:	0.00e+00	5.00e+01
88:	0.00e+00	5.00e+01
89:	0.00e+00	0.00e+00
90:	0.00e+00	5.00e+01
91:	0.00e+00	5.00e+01
92:	0.00e+00	0.00e+00
93:	0.00e+00	5.00e+01
94:	0.00e+00	5.00e+01
95:	0.00e+00	0.00e+00
96:	0.00e+00	0.00e+00
97:	0.00e+00	0.00e+00
98:	0.00e+00	0.00e+00
99:	0.00e+00	0.00e+00
100:	0.00e+00	0.00e+00
101:	0.00e+00	0.00e+00
102:	0.00e+00	0.00e+00
103:	0.00e+00	0.00e+00
104:	0.00e+00	0.00e+00
105:	0.00e+00	0.00e+00
106:	0.00e+00	0.00e+00
107:	0.00e+00	0.00e+00
108:	0.00e+00	0.00e+00
109:	0.00e+00	0.00e+00
110:	0.00e+00	0.00e+00
111:	0.00e+00	0.00e+00
112:	0.00e+00	0.00e+00
113:	0.00e+00	0.00e+00
114:	0.00e+00	0.00e+00
115:	0.00e+00	0.00e+00
116:	0.00e+00	0.00e+00
117:	0.00e+00	0.00e+00
118:	0.00e+00	0.00e+00
119:	0.00e+00	0.00e+00
120:	0.00e+00	0.00e+00
121:	0.00e+00	0.00e+00
122:	0.00e+00	0.00e+00
123:	0.00e+00	0.00e+00
124:	0.00e+00	0.00e+00
125:	0.00e+00	0.00e+00
126:	0.00e+00	0.00e+00
127:	-2.22e-16	0.00e+00
128:	0.00e+00	0.00e+00
129:	0.00e+00	0.00e+00
130:	0.00e+00	0.00e+00
131:	0.00e+00	0.00e+00
132:	0.00e+00	0.00e+00
133:	0.00e+00	0.00e+00
134:	0.00e+00	0.00e+00
135:	0.00e+00	0.00e+00
136:	0.00e+00	0.00e+00
137:	0.00e+00	0.00e+00
138:	0.00e+00	0.00e+00
139:	0.00e+00	0.00e+00
140:	0.00e+00	0.00e+00
141:	0.00e+00	0.00e+00
142:	0.00e+00	0.00e+00
143:	0.00e+00	0.00e+00
144:	0.00e+00	0.00e+00
145:	0.00e+00	0.00e+00
146:	0.00e+00	0.00e+00
147:	0.00e+00	0.00e+00
148:	0.00e+00	0.00e+00
149:	0.00e+00	0.00e+00
150:	0.00e+00	0.00e+00
151:	0.00e+00	0.00e+00
152:	0.00e+00	0.00e+00
153:	0.00e+00	0.00e+00
154:	0.00e+00	0.00e+00
155:	0.00e+00	0.00e+00
156:	0.00e+00	0.00e+00
157:	0.00e+00	0.00e+00
New op index: 48
Current grad: 1.271344195622803e-14
Precision cutoff reached.
-----Beginning pprint-----
/:
	Attributes:
		ProcessId: 23863692
	2025-11-14_07-17-24-23863692:
		Attributes:
			HamiltonianType: ZeroChargePenalty
			Last-Modified: 2025-11-14_07-17-24
			ProcessId: 23863692
			SimulatorType: Aer
			SolverName: AdaptVQE
			SystemName: FreeWilson2D
			mass: -6.0
			n_x: 4
			n_y: 4
			r: 1.0
		AdaptOptions:
			Attributes:
				gradient_hamiltonian_type: HamiltonianType.ZeroChargePenalty
				max_depth: 2
				prec_cutoff: 0.001
				precision: 0
		AnsatzOperatorDerivatives: Dataset (dtype=float64, shape=(2, 158), maxshape=(None, 158))
			Attributes:
				DIMENSION_LABELS: ['AnsatzOperatorAxis' 'AnsatzPoolOperatorAxis']
				NDataDims: 2
		AnsatzOperatorSecondDerivatives: Dataset (dtype=float64, shape=(2, 158), maxshape=(None, 158))
			Attributes:
				DIMENSION_LABELS: ['AnsatzOperatorAxis' 'AnsatzPoolOperatorAxis']
				NDataDims: 2
		AnsatzOperators: Dataset (dtype=int64, shape=(1,), maxshape=(None,))
			Attributes:
				DIMENSION_LABELS: ['AnsatzOperatorAxis']
				NDataDims: 1
		Circuit:
			Attributes:
				Ansatz: HardwareAdaptAnsatz10
			AnsatzOptions:
				Attributes:
					num_qubits: 32
		CircuitParameters: Dataset (dtype=float64, shape=(10, 1), maxshape=(None, None))
			Attributes:
				DIMENSION_LABELS: ['IterationAxis' 'CircuitParameterAxis']
				NDataDims: 2
		Data:
			Attributes:
			evs:
				Attributes:
				Hamiltonian: Dataset (dtype=float64, shape=(10,), maxshape=(None,))
					Attributes:
						DIMENSION_LABELS: ['IterationAxis']
						NDataDims: 1
			stds:
				Attributes:
				Hamiltonian: Dataset (dtype=float64, shape=(10,), maxshape=(None,))
					Attributes:
						DIMENSION_LABELS: ['IterationAxis']
						NDataDims: 1
		EstimatorOptions:
			Attributes:
				_VERSION: 2
				default_precision: Unset
				default_shots: Unset
				experimental: Unset
				max_execution_time: Unset
				resilience_level: Unset
				seed_estimator: 23863692
			dynamical_decoupling:
				Attributes:
					enable: Unset
					extra_slack_distribution: Unset
					scheduling_method: Unset
					sequence_type: Unset
					skip_reset_qubits: Unset
			environment:
				Attributes:
					callback: None
					job_tags: None
					log_level: WARNING
					private: False
			execution:
				Attributes:
					init_qubits: Unset
					rep_delay: Unset
			resilience:
				Attributes:
					layer_noise_model: Unset
					measure_mitigation: Unset
					pec_mitigation: Unset
					zne_mitigation: Unset
				layer_noise_learning:
					Attributes:
						layer_pair_depths: Unset
						max_layers_to_learn: Unset
						num_randomizations: Unset
						shots_per_randomization: Unset
				measure_noise_learning:
					Attributes:
						num_randomizations: Unset
						shots_per_randomization: Unset
				pec:
					Attributes:
						max_overhead: Unset
						noise_gain: Unset
				zne:
					Attributes:
						amplifier: Unset
						extrapolated_noise_factors: Unset
						extrapolator: Unset
						noise_factors: Unset
			simulator:
				Attributes:
					basis_gates: Unset
					coupling_map: Unset
					noise_model: Unset
					seed_simulator: Unset
			twirling:
				Attributes:
					enable_gates: Unset
					enable_measure: Unset
					num_randomizations: Unset
					shots_per_randomization: Unset
					strategy: Unset
		MetaData:
			Attributes:
			circuit_metadata: Dataset (dtype=object, shape=(10,), maxshape=(None,))
				Attributes:
					DIMENSION_LABELS: ['IterationAxis']
					NDataDims: 1
			simulator_metadata: Dataset (dtype=object, shape=(10,), maxshape=(None,))
				Attributes:
					DIMENSION_LABELS: ['IterationAxis']
					NDataDims: 1
			target_precision: Dataset (dtype=float64, shape=(10,), maxshape=(None,))
				Attributes:
					DIMENSION_LABELS: ['IterationAxis']
					NDataDims: 1
			version: Dataset (dtype=int64, shape=(10,), maxshape=(None,))
				Attributes:
					DIMENSION_LABELS: ['IterationAxis']
					NDataDims: 1
		NIterations: Dataset (dtype=int64, shape=(), maxshape=())
			Attributes:
				NDataDims: 0
		OptimizerOptions:
			Attributes:
				bounds: None
				callback: None
				constraints: []
				method: slsqp
				tol: None
				x0Seed: 23863692
			options:
				Attributes:
					disp: 0
					maxiter: 100
		PresetPassManagerOptions:
			Attributes:
		SimulatorOptions:
			Attributes:
				method: statevector
		StartIterations: Dataset (dtype=int64, shape=(1,), maxshape=(None,))
			Attributes:
				DIMENSION_LABELS: ['AnsatzOperatorAxis']
				NDataDims: 1
		VersionInfo:
			Attributes:
				QiskitAerVersion: 0.17.1
				QiskitIBMRuntimeVersion: 0.41.1
				QiskitVersion: 2.1.2
-----Ending pprint-----
End 2025-11-14 11:25:15 | 23863692 MyPyJob | node136 | /home/s6nidich_hpc/PycharmProjects/QC-MasterThesis 

