Start 2025-11-18 16:42:57 | 23954764 MyPyJob | lmnode207 | /home/s6nidich_hpc/PycharmProjects/QC-MasterThesis 

Used python interpreter:
/home/s6nidich_hpc/PycharmProjects/QC-MasterThesis/.venv_intel_3_12_3/bin/python
Python version:
Python 3.12.3

Currently Loaded Modules:
  1) GCCcore/13.3.0                   7) Tcl/8.6.14-GCCcore-13.3.0
  2) zlib/1.3.1-GCCcore-13.3.0        8) SQLite/3.45.3-GCCcore-13.3.0
  3) binutils/2.42-GCCcore-13.3.0     9) XZ/5.4.5-GCCcore-13.3.0
  4) bzip2/1.0.8-GCCcore-13.3.0      10) libffi/3.4.5-GCCcore-13.3.0
  5) ncurses/6.5-GCCcore-13.3.0      11) OpenSSL/3
  6) libreadline/8.2-GCCcore-13.3.0  12) Python/3.12.3-GCCcore-13.3.0

 

Start of Program:

-----Beginning pprint-----
/:
	Attributes:
-----Ending pprint-----
Calculating energies for FreeWilson2D(N_x=2, N_y=2, mass=-6.000, r=1.000)
h_im: 0.0
New op index: 15	$R_{YX-XY}$[3, 4]
Current grad: 2.0
0:	0.00e+00	0.00e+00
1:	0.00e+00	0.00e+00
2:	0.00e+00	0.00e+00
3:	0.00e+00	0.00e+00
4:	0.00e+00	0.00e+00
5:	0.00e+00	0.00e+00
6:	0.00e+00	0.00e+00
7:	0.00e+00	0.00e+00
8:	0.00e+00	1.60e+01
9:	0.00e+00	1.60e+01
10:	0.00e+00	1.60e+01
11:	0.00e+00	1.60e+01
12:	0.00e+00	1.60e+01
13:	0.00e+00	1.60e+01
14:	0.00e+00	0.00e+00
15:	2.00e+00	0.00e+00
16:	0.00e+00	-1.60e+01
17:	0.00e+00	-1.60e+01
18:	0.00e+00	-1.60e+01
19:	0.00e+00	-1.60e+01
20:	0.00e+00	-1.60e+01
21:	0.00e+00	-1.60e+01
New op index: 15	$R_{YX-XY}$[3, 4]
Current grad: 0.0001146873453646835
Precision cutoff reached.
Calculating energies for FreeWilson2D(N_x=2, N_y=2, mass=-5.837, r=1.000)
h_im: 0.0
New op index: 15	$R_{YX-XY}$[3, 4]
Current grad: 2.0
0:	0.00e+00	0.00e+00
1:	0.00e+00	0.00e+00
2:	0.00e+00	0.00e+00
3:	0.00e+00	0.00e+00
4:	0.00e+00	0.00e+00
5:	0.00e+00	0.00e+00
6:	0.00e+00	0.00e+00
7:	0.00e+00	0.00e+00
8:	0.00e+00	1.53e+01
9:	0.00e+00	1.53e+01
10:	0.00e+00	1.53e+01
11:	0.00e+00	1.53e+01
12:	0.00e+00	1.53e+01
13:	0.00e+00	1.53e+01
14:	0.00e+00	0.00e+00
15:	2.00e+00	0.00e+00
16:	0.00e+00	-1.53e+01
17:	0.00e+00	-1.53e+01
18:	0.00e+00	-1.53e+01
19:	0.00e+00	-1.53e+01
20:	0.00e+00	-1.53e+01
21:	0.00e+00	-1.53e+01
New op index: 15	$R_{YX-XY}$[3, 4]
Current grad: 0.00011526226141933549
Precision cutoff reached.
Calculating energies for FreeWilson2D(N_x=2, N_y=2, mass=-5.673, r=1.000)
h_im: 0.0
New op index: 15	$R_{YX-XY}$[3, 4]
Current grad: 2.0
0:	0.00e+00	0.00e+00
1:	0.00e+00	0.00e+00
2:	0.00e+00	0.00e+00
3:	0.00e+00	0.00e+00
4:	0.00e+00	0.00e+00
5:	0.00e+00	0.00e+00
6:	0.00e+00	0.00e+00
7:	0.00e+00	0.00e+00
8:	0.00e+00	1.47e+01
9:	0.00e+00	1.47e+01
10:	0.00e+00	1.47e+01
11:	0.00e+00	1.47e+01
12:	0.00e+00	1.47e+01
13:	0.00e+00	1.47e+01
14:	0.00e+00	0.00e+00
15:	2.00e+00	0.00e+00
16:	0.00e+00	-1.47e+01
17:	0.00e+00	-1.47e+01
18:	0.00e+00	-1.47e+01
19:	0.00e+00	-1.47e+01
20:	0.00e+00	-1.47e+01
21:	0.00e+00	-1.47e+01
New op index: 15	$R_{YX-XY}$[3, 4]
Current grad: 0.00011340021559003155
Precision cutoff reached.
Calculating energies for FreeWilson2D(N_x=2, N_y=2, mass=-5.510, r=1.000)
h_im: 0.0
New op index: 15	$R_{YX-XY}$[3, 4]
Current grad: 2.0
0:	0.00e+00	0.00e+00
1:	0.00e+00	0.00e+00
2:	0.00e+00	0.00e+00
3:	0.00e+00	0.00e+00
4:	0.00e+00	0.00e+00
5:	0.00e+00	0.00e+00
6:	0.00e+00	0.00e+00
7:	0.00e+00	0.00e+00
8:	0.00e+00	1.40e+01
9:	0.00e+00	1.40e+01
10:	0.00e+00	1.40e+01
11:	0.00e+00	1.40e+01
12:	0.00e+00	1.40e+01
13:	0.00e+00	1.40e+01
14:	0.00e+00	0.00e+00
15:	2.00e+00	0.00e+00
16:	0.00e+00	-1.40e+01
17:	0.00e+00	-1.40e+01
18:	0.00e+00	-1.40e+01
19:	0.00e+00	-1.40e+01
20:	0.00e+00	-1.40e+01
21:	0.00e+00	-1.40e+01
New op index: 15	$R_{YX-XY}$[3, 4]
Current grad: 0.00011609394144407315
Precision cutoff reached.
Calculating energies for FreeWilson2D(N_x=2, N_y=2, mass=-5.347, r=1.000)
h_im: 0.0
New op index: 15	$R_{YX-XY}$[3, 4]
Current grad: 2.0
0:	0.00e+00	0.00e+00
1:	0.00e+00	0.00e+00
2:	0.00e+00	0.00e+00
3:	0.00e+00	0.00e+00
4:	0.00e+00	0.00e+00
5:	0.00e+00	0.00e+00
6:	0.00e+00	0.00e+00
7:	0.00e+00	0.00e+00
8:	0.00e+00	1.34e+01
9:	0.00e+00	1.34e+01
10:	0.00e+00	1.34e+01
11:	0.00e+00	1.34e+01
12:	0.00e+00	1.34e+01
13:	0.00e+00	1.34e+01
14:	0.00e+00	0.00e+00
15:	2.00e+00	0.00e+00
16:	0.00e+00	-1.34e+01
17:	0.00e+00	-1.34e+01
18:	0.00e+00	-1.34e+01
19:	0.00e+00	-1.34e+01
20:	0.00e+00	-1.34e+01
21:	0.00e+00	-1.34e+01
New op index: 15	$R_{YX-XY}$[3, 4]
Current grad: 0.00011440159424025431
Precision cutoff reached.
Calculating energies for FreeWilson2D(N_x=2, N_y=2, mass=-5.184, r=1.000)
h_im: 0.0
New op index: 15	$R_{YX-XY}$[3, 4]
Current grad: 2.0
0:	0.00e+00	0.00e+00
1:	0.00e+00	0.00e+00
2:	0.00e+00	0.00e+00
3:	0.00e+00	0.00e+00
4:	0.00e+00	0.00e+00
5:	0.00e+00	0.00e+00
6:	0.00e+00	0.00e+00
7:	0.00e+00	0.00e+00
8:	0.00e+00	1.27e+01
9:	0.00e+00	1.27e+01
10:	0.00e+00	1.27e+01
11:	0.00e+00	1.27e+01
12:	0.00e+00	1.27e+01
13:	0.00e+00	1.27e+01
14:	0.00e+00	0.00e+00
15:	2.00e+00	0.00e+00
16:	0.00e+00	-1.27e+01
17:	0.00e+00	-1.27e+01
18:	0.00e+00	-1.27e+01
19:	0.00e+00	-1.27e+01
20:	0.00e+00	-1.27e+01
21:	0.00e+00	-1.27e+01
New op index: 15	$R_{YX-XY}$[3, 4]
Current grad: 0.00011273017426038923
Precision cutoff reached.
Calculating energies for FreeWilson2D(N_x=2, N_y=2, mass=-5.020, r=1.000)
h_im: 0.0
New op index: 15	$R_{YX-XY}$[3, 4]
Current grad: 2.0
0:	0.00e+00	0.00e+00
1:	0.00e+00	0.00e+00
2:	0.00e+00	0.00e+00
3:	0.00e+00	0.00e+00
4:	0.00e+00	0.00e+00
5:	0.00e+00	0.00e+00
6:	0.00e+00	0.00e+00
7:	0.00e+00	0.00e+00
8:	0.00e+00	1.21e+01
9:	0.00e+00	1.21e+01
10:	0.00e+00	1.21e+01
11:	0.00e+00	1.21e+01
12:	0.00e+00	1.21e+01
13:	0.00e+00	1.21e+01
14:	0.00e+00	0.00e+00
15:	2.00e+00	0.00e+00
16:	0.00e+00	-1.21e+01
17:	0.00e+00	-1.21e+01
18:	0.00e+00	-1.21e+01
19:	0.00e+00	-1.21e+01
20:	0.00e+00	-1.21e+01
21:	0.00e+00	-1.21e+01
New op index: 15	$R_{YX-XY}$[3, 4]
Current grad: 0.00011062525243310528
Precision cutoff reached.
Calculating energies for FreeWilson2D(N_x=2, N_y=2, mass=-4.857, r=1.000)
h_im: 0.0
New op index: 15	$R_{YX-XY}$[3, 4]
Current grad: 2.0
0:	0.00e+00	0.00e+00
1:	0.00e+00	0.00e+00
2:	0.00e+00	0.00e+00
3:	0.00e+00	0.00e+00
4:	0.00e+00	0.00e+00
5:	0.00e+00	0.00e+00
6:	0.00e+00	0.00e+00
7:	0.00e+00	0.00e+00
8:	0.00e+00	1.14e+01
9:	0.00e+00	1.14e+01
10:	0.00e+00	1.14e+01
11:	0.00e+00	1.14e+01
12:	0.00e+00	1.14e+01
13:	0.00e+00	1.14e+01
14:	0.00e+00	0.00e+00
15:	2.00e+00	0.00e+00
16:	0.00e+00	-1.14e+01
17:	0.00e+00	-1.14e+01
18:	0.00e+00	-1.14e+01
19:	0.00e+00	-1.14e+01
20:	0.00e+00	-1.14e+01
21:	0.00e+00	-1.14e+01
New op index: 15	$R_{YX-XY}$[3, 4]
Current grad: 0.00011661768063786493
Precision cutoff reached.
Calculating energies for FreeWilson2D(N_x=2, N_y=2, mass=-4.694, r=1.000)
h_im: 0.0
New op index: 15	$R_{YX-XY}$[3, 4]
Current grad: 2.0
0:	0.00e+00	0.00e+00
1:	0.00e+00	0.00e+00
2:	0.00e+00	0.00e+00
3:	0.00e+00	0.00e+00
4:	0.00e+00	0.00e+00
5:	0.00e+00	0.00e+00
6:	0.00e+00	0.00e+00
7:	0.00e+00	0.00e+00
8:	0.00e+00	1.08e+01
9:	0.00e+00	1.08e+01
10:	0.00e+00	1.08e+01
11:	0.00e+00	1.08e+01
12:	0.00e+00	1.08e+01
13:	0.00e+00	1.08e+01
14:	0.00e+00	0.00e+00
15:	2.00e+00	0.00e+00
16:	0.00e+00	-1.08e+01
17:	0.00e+00	-1.08e+01
18:	0.00e+00	-1.08e+01
19:	0.00e+00	-1.08e+01
20:	0.00e+00	-1.08e+01
21:	0.00e+00	-1.08e+01
New op index: 15	$R_{YX-XY}$[3, 4]
Current grad: 0.00011630177912991257
Precision cutoff reached.
Calculating energies for FreeWilson2D(N_x=2, N_y=2, mass=-4.531, r=1.000)
h_im: 0.0
New op index: 15	$R_{YX-XY}$[3, 4]
Current grad: 2.0
0:	0.00e+00	0.00e+00
1:	0.00e+00	0.00e+00
2:	0.00e+00	0.00e+00
3:	0.00e+00	0.00e+00
4:	0.00e+00	0.00e+00
5:	0.00e+00	0.00e+00
6:	0.00e+00	0.00e+00
7:	0.00e+00	0.00e+00
8:	0.00e+00	1.01e+01
9:	0.00e+00	1.01e+01
10:	0.00e+00	1.01e+01
11:	0.00e+00	1.01e+01
12:	0.00e+00	1.01e+01
13:	0.00e+00	1.01e+01
14:	0.00e+00	0.00e+00
15:	2.00e+00	0.00e+00
16:	0.00e+00	-1.01e+01
17:	0.00e+00	-1.01e+01
18:	0.00e+00	-1.01e+01
19:	0.00e+00	-1.01e+01
20:	0.00e+00	-1.01e+01
21:	0.00e+00	-1.01e+01
New op index: 15	$R_{YX-XY}$[3, 4]
Current grad: 0.00011284960882274042
Precision cutoff reached.
Calculating energies for FreeWilson2D(N_x=2, N_y=2, mass=-4.367, r=1.000)
h_im: 0.0
New op index: 15	$R_{YX-XY}$[3, 4]
Current grad: 2.0
0:	0.00e+00	0.00e+00
1:	0.00e+00	0.00e+00
2:	0.00e+00	0.00e+00
3:	0.00e+00	0.00e+00
4:	0.00e+00	0.00e+00
5:	0.00e+00	0.00e+00
6:	0.00e+00	0.00e+00
7:	0.00e+00	0.00e+00
8:	0.00e+00	9.47e+00
9:	0.00e+00	9.47e+00
10:	0.00e+00	9.47e+00
11:	0.00e+00	9.47e+00
12:	0.00e+00	9.47e+00
13:	0.00e+00	9.47e+00
14:	0.00e+00	0.00e+00
15:	2.00e+00	0.00e+00
16:	0.00e+00	-9.47e+00
17:	0.00e+00	-9.47e+00
18:	0.00e+00	-9.47e+00
19:	0.00e+00	-9.47e+00
20:	0.00e+00	-9.47e+00
21:	0.00e+00	-9.47e+00
New op index: 15	$R_{YX-XY}$[3, 4]
Current grad: 0.00011286476931837708
Precision cutoff reached.
Calculating energies for FreeWilson2D(N_x=2, N_y=2, mass=-4.204, r=1.000)
h_im: 0.0
New op index: 15	$R_{YX-XY}$[3, 4]
Current grad: 2.0
0:	0.00e+00	0.00e+00
1:	0.00e+00	0.00e+00
2:	0.00e+00	0.00e+00
3:	0.00e+00	0.00e+00
4:	0.00e+00	0.00e+00
5:	0.00e+00	0.00e+00
6:	0.00e+00	0.00e+00
7:	0.00e+00	0.00e+00
8:	0.00e+00	8.82e+00
9:	0.00e+00	8.82e+00
10:	0.00e+00	8.82e+00
11:	0.00e+00	8.82e+00
12:	0.00e+00	8.82e+00
13:	0.00e+00	8.82e+00
14:	0.00e+00	0.00e+00
15:	2.00e+00	0.00e+00
16:	0.00e+00	-8.82e+00
17:	0.00e+00	-8.82e+00
18:	0.00e+00	-8.82e+00
19:	0.00e+00	-8.82e+00
20:	0.00e+00	-8.82e+00
21:	0.00e+00	-8.82e+00
New op index: 15	$R_{YX-XY}$[3, 4]
Current grad: 0.00011437992291685184
Precision cutoff reached.
Calculating energies for FreeWilson2D(N_x=2, N_y=2, mass=-4.041, r=1.000)
h_im: 0.0
New op index: 15	$R_{YX-XY}$[3, 4]
Current grad: 2.0
0:	0.00e+00	0.00e+00
1:	0.00e+00	0.00e+00
2:	0.00e+00	0.00e+00
3:	0.00e+00	0.00e+00
4:	0.00e+00	0.00e+00
5:	0.00e+00	0.00e+00
6:	0.00e+00	0.00e+00
7:	0.00e+00	0.00e+00
8:	0.00e+00	8.16e+00
9:	0.00e+00	8.16e+00
10:	0.00e+00	8.16e+00
11:	0.00e+00	8.16e+00
12:	0.00e+00	8.16e+00
13:	0.00e+00	8.16e+00
14:	0.00e+00	0.00e+00
15:	2.00e+00	0.00e+00
16:	0.00e+00	-8.16e+00
17:	0.00e+00	-8.16e+00
18:	0.00e+00	-8.16e+00
19:	0.00e+00	-8.16e+00
20:	0.00e+00	-8.16e+00
21:	0.00e+00	-8.16e+00
New op index: 15	$R_{YX-XY}$[3, 4]
Current grad: 0.00011345306424259682
Precision cutoff reached.
Calculating energies for FreeWilson2D(N_x=2, N_y=2, mass=-3.878, r=1.000)
h_im: 0.0
New op index: 15	$R_{YX-XY}$[3, 4]
Current grad: 2.0
0:	0.00e+00	0.00e+00
1:	0.00e+00	0.00e+00
2:	0.00e+00	0.00e+00
3:	0.00e+00	0.00e+00
4:	0.00e+00	0.00e+00
5:	0.00e+00	0.00e+00
6:	0.00e+00	0.00e+00
7:	0.00e+00	0.00e+00
8:	0.00e+00	7.51e+00
9:	0.00e+00	7.51e+00
10:	0.00e+00	7.51e+00
11:	0.00e+00	7.51e+00
12:	0.00e+00	7.51e+00
13:	0.00e+00	7.51e+00
14:	0.00e+00	0.00e+00
15:	2.00e+00	0.00e+00
16:	0.00e+00	-7.51e+00
17:	0.00e+00	-7.51e+00
18:	0.00e+00	-7.51e+00
19:	0.00e+00	-7.51e+00
20:	0.00e+00	-7.51e+00
21:	0.00e+00	-7.51e+00
New op index: 15	$R_{YX-XY}$[3, 4]
Current grad: 0.0001140694425426636
Precision cutoff reached.
Calculating energies for FreeWilson2D(N_x=2, N_y=2, mass=-3.714, r=1.000)
h_im: 0.0
New op index: 15	$R_{YX-XY}$[3, 4]
Current grad: 2.0
0:	0.00e+00	0.00e+00
1:	0.00e+00	0.00e+00
2:	0.00e+00	0.00e+00
3:	0.00e+00	0.00e+00
4:	0.00e+00	0.00e+00
5:	0.00e+00	0.00e+00
6:	0.00e+00	0.00e+00
7:	0.00e+00	0.00e+00
8:	0.00e+00	6.86e+00
9:	0.00e+00	6.86e+00
10:	0.00e+00	6.86e+00
11:	0.00e+00	6.86e+00
12:	0.00e+00	6.86e+00
13:	0.00e+00	6.86e+00
14:	0.00e+00	0.00e+00
15:	2.00e+00	0.00e+00
16:	0.00e+00	-6.86e+00
17:	0.00e+00	-6.86e+00
18:	0.00e+00	-6.86e+00
19:	0.00e+00	-6.86e+00
20:	0.00e+00	-6.86e+00
21:	0.00e+00	-6.86e+00
New op index: 15	$R_{YX-XY}$[3, 4]
Current grad: 0.00011399095349651223
Precision cutoff reached.
Calculating energies for FreeWilson2D(N_x=2, N_y=2, mass=-3.551, r=1.000)
h_im: 0.0
New op index: 15	$R_{YX-XY}$[3, 4]
Current grad: 2.0
0:	0.00e+00	0.00e+00
1:	0.00e+00	0.00e+00
2:	0.00e+00	0.00e+00
3:	0.00e+00	0.00e+00
4:	0.00e+00	0.00e+00
5:	0.00e+00	0.00e+00
6:	0.00e+00	0.00e+00
7:	0.00e+00	0.00e+00
8:	0.00e+00	6.20e+00
9:	0.00e+00	6.20e+00
10:	0.00e+00	6.20e+00
11:	0.00e+00	6.20e+00
12:	0.00e+00	6.20e+00
13:	0.00e+00	6.20e+00
14:	0.00e+00	0.00e+00
15:	2.00e+00	0.00e+00
16:	0.00e+00	-6.20e+00
17:	0.00e+00	-6.20e+00
18:	0.00e+00	-6.20e+00
19:	0.00e+00	-6.20e+00
20:	0.00e+00	-6.20e+00
21:	0.00e+00	-6.20e+00
New op index: 15	$R_{YX-XY}$[3, 4]
Current grad: 0.00011394514189699834
Precision cutoff reached.
Calculating energies for FreeWilson2D(N_x=2, N_y=2, mass=-3.388, r=1.000)
h_im: 0.0
New op index: 15	$R_{YX-XY}$[3, 4]
Current grad: 2.0
0:	0.00e+00	0.00e+00
1:	0.00e+00	0.00e+00
2:	0.00e+00	0.00e+00
3:	0.00e+00	0.00e+00
4:	0.00e+00	0.00e+00
5:	0.00e+00	0.00e+00
6:	0.00e+00	0.00e+00
7:	0.00e+00	0.00e+00
8:	0.00e+00	5.55e+00
9:	0.00e+00	5.55e+00
10:	0.00e+00	5.55e+00
11:	0.00e+00	5.55e+00
12:	0.00e+00	5.55e+00
13:	0.00e+00	5.55e+00
14:	0.00e+00	0.00e+00
15:	2.00e+00	0.00e+00
16:	0.00e+00	-5.55e+00
17:	0.00e+00	-5.55e+00
18:	0.00e+00	-5.55e+00
19:	0.00e+00	-5.55e+00
20:	0.00e+00	-5.55e+00
21:	0.00e+00	-5.55e+00
New op index: 15	$R_{YX-XY}$[3, 4]
Current grad: 0.00011358712601616805
Precision cutoff reached.
Calculating energies for FreeWilson2D(N_x=2, N_y=2, mass=-3.224, r=1.000)
h_im: 0.0
New op index: 15	$R_{YX-XY}$[3, 4]
Current grad: 2.0
0:	0.00e+00	0.00e+00
1:	0.00e+00	0.00e+00
2:	0.00e+00	0.00e+00
3:	0.00e+00	0.00e+00
4:	0.00e+00	0.00e+00
5:	0.00e+00	0.00e+00
6:	0.00e+00	0.00e+00
7:	0.00e+00	0.00e+00
8:	0.00e+00	4.90e+00
9:	0.00e+00	4.90e+00
10:	0.00e+00	4.90e+00
11:	0.00e+00	4.90e+00
12:	0.00e+00	4.90e+00
13:	0.00e+00	4.90e+00
14:	0.00e+00	0.00e+00
15:	2.00e+00	0.00e+00
16:	0.00e+00	-4.90e+00
17:	0.00e+00	-4.90e+00
18:	0.00e+00	-4.90e+00
19:	0.00e+00	-4.90e+00
20:	0.00e+00	-4.90e+00
21:	0.00e+00	-4.90e+00
New op index: 15	$R_{YX-XY}$[3, 4]
Current grad: 0.00011472616185470574
Precision cutoff reached.
Calculating energies for FreeWilson2D(N_x=2, N_y=2, mass=-3.061, r=1.000)
h_im: 0.0
New op index: 15	$R_{YX-XY}$[3, 4]
Current grad: 2.0
0:	0.00e+00	0.00e+00
1:	0.00e+00	0.00e+00
2:	0.00e+00	0.00e+00
3:	0.00e+00	0.00e+00
4:	0.00e+00	0.00e+00
5:	0.00e+00	0.00e+00
6:	0.00e+00	0.00e+00
7:	0.00e+00	0.00e+00
8:	0.00e+00	4.24e+00
9:	0.00e+00	4.24e+00
10:	0.00e+00	4.24e+00
11:	0.00e+00	4.24e+00
12:	0.00e+00	4.24e+00
13:	0.00e+00	4.24e+00
14:	0.00e+00	0.00e+00
15:	2.00e+00	0.00e+00
16:	0.00e+00	-4.24e+00
17:	0.00e+00	-4.24e+00
18:	0.00e+00	-4.24e+00
19:	0.00e+00	-4.24e+00
20:	0.00e+00	-4.24e+00
21:	0.00e+00	-4.24e+00
New op index: 15	$R_{YX-XY}$[3, 4]
Current grad: 0.0001144572606688321
Precision cutoff reached.
Calculating energies for FreeWilson2D(N_x=2, N_y=2, mass=-2.898, r=1.000)
h_im: 0.0
New op index: 15	$R_{YX-XY}$[3, 4]
Current grad: 2.0
0:	0.00e+00	0.00e+00
1:	0.00e+00	0.00e+00
2:	0.00e+00	0.00e+00
3:	0.00e+00	0.00e+00
4:	0.00e+00	0.00e+00
5:	0.00e+00	0.00e+00
6:	0.00e+00	0.00e+00
7:	0.00e+00	0.00e+00
8:	0.00e+00	3.59e+00
9:	0.00e+00	3.59e+00
10:	0.00e+00	3.59e+00
11:	0.00e+00	3.59e+00
12:	0.00e+00	3.59e+00
13:	0.00e+00	3.59e+00
14:	0.00e+00	0.00e+00
15:	2.00e+00	0.00e+00
16:	0.00e+00	-3.59e+00
17:	0.00e+00	-3.59e+00
18:	0.00e+00	-3.59e+00
19:	0.00e+00	-3.59e+00
20:	0.00e+00	-3.59e+00
21:	0.00e+00	-3.59e+00
New op index: 15	$R_{YX-XY}$[3, 4]
Current grad: 0.00011407496563120567
Precision cutoff reached.
Calculating energies for FreeWilson2D(N_x=2, N_y=2, mass=-2.735, r=1.000)
h_im: 0.0
New op index: 15	$R_{YX-XY}$[3, 4]
Current grad: 2.0
0:	0.00e+00	0.00e+00
1:	0.00e+00	0.00e+00
2:	0.00e+00	0.00e+00
3:	0.00e+00	0.00e+00
4:	0.00e+00	0.00e+00
5:	0.00e+00	0.00e+00
6:	0.00e+00	0.00e+00
7:	0.00e+00	0.00e+00
8:	0.00e+00	2.94e+00
9:	0.00e+00	2.94e+00
10:	0.00e+00	2.94e+00
11:	0.00e+00	2.94e+00
12:	0.00e+00	2.94e+00
13:	0.00e+00	2.94e+00
14:	0.00e+00	0.00e+00
15:	2.00e+00	0.00e+00
16:	0.00e+00	-2.94e+00
17:	0.00e+00	-2.94e+00
18:	0.00e+00	-2.94e+00
19:	0.00e+00	-2.94e+00
20:	0.00e+00	-2.94e+00
21:	0.00e+00	-2.94e+00
New op index: 15	$R_{YX-XY}$[3, 4]
Current grad: 0.00011304665848876905
Precision cutoff reached.
Calculating energies for FreeWilson2D(N_x=2, N_y=2, mass=-2.571, r=1.000)
h_im: 0.0
New op index: 15	$R_{YX-XY}$[3, 4]
Current grad: 2.0
0:	0.00e+00	0.00e+00
1:	0.00e+00	0.00e+00
2:	0.00e+00	0.00e+00
3:	0.00e+00	0.00e+00
4:	0.00e+00	0.00e+00
5:	0.00e+00	0.00e+00
6:	0.00e+00	0.00e+00
7:	0.00e+00	0.00e+00
8:	0.00e+00	2.29e+00
9:	0.00e+00	2.29e+00
10:	0.00e+00	2.29e+00
11:	0.00e+00	2.29e+00
12:	0.00e+00	2.29e+00
13:	0.00e+00	2.29e+00
14:	0.00e+00	0.00e+00
15:	2.00e+00	0.00e+00
16:	0.00e+00	-2.29e+00
17:	0.00e+00	-2.29e+00
18:	0.00e+00	-2.29e+00
19:	0.00e+00	-2.29e+00
20:	0.00e+00	-2.29e+00
21:	0.00e+00	-2.29e+00
New op index: 15	$R_{YX-XY}$[3, 4]
Current grad: 0.00011246444796875199
Precision cutoff reached.
Calculating energies for FreeWilson2D(N_x=2, N_y=2, mass=-2.408, r=1.000)
h_im: 0.0
New op index: 15	$R_{YX-XY}$[3, 4]
Current grad: 2.0
0:	0.00e+00	0.00e+00
1:	0.00e+00	0.00e+00
2:	0.00e+00	0.00e+00
3:	0.00e+00	0.00e+00
4:	0.00e+00	0.00e+00
5:	0.00e+00	0.00e+00
6:	0.00e+00	0.00e+00
7:	0.00e+00	0.00e+00
8:	0.00e+00	1.63e+00
9:	0.00e+00	1.63e+00
10:	0.00e+00	1.63e+00
11:	0.00e+00	1.63e+00
12:	0.00e+00	1.63e+00
13:	0.00e+00	1.63e+00
14:	0.00e+00	0.00e+00
15:	2.00e+00	0.00e+00
16:	0.00e+00	-1.63e+00
17:	0.00e+00	-1.63e+00
18:	0.00e+00	-1.63e+00
19:	0.00e+00	-1.63e+00
20:	0.00e+00	-1.63e+00
21:	0.00e+00	-1.63e+00
New op index: 15	$R_{YX-XY}$[3, 4]
Current grad: 0.00011603089690281898
Precision cutoff reached.
Calculating energies for FreeWilson2D(N_x=2, N_y=2, mass=-2.245, r=1.000)
h_im: 0.0
New op index: 15	$R_{YX-XY}$[3, 4]
Current grad: 2.0
0:	0.00e+00	0.00e+00
1:	0.00e+00	0.00e+00
2:	0.00e+00	0.00e+00
3:	0.00e+00	0.00e+00
4:	0.00e+00	0.00e+00
5:	0.00e+00	0.00e+00
6:	0.00e+00	0.00e+00
7:	0.00e+00	0.00e+00
8:	0.00e+00	9.80e-01
9:	0.00e+00	9.80e-01
10:	0.00e+00	9.80e-01
11:	0.00e+00	9.80e-01
12:	0.00e+00	9.80e-01
13:	0.00e+00	9.80e-01
14:	0.00e+00	0.00e+00
15:	2.00e+00	0.00e+00
16:	0.00e+00	-9.80e-01
17:	0.00e+00	-9.80e-01
18:	0.00e+00	-9.80e-01
19:	0.00e+00	-9.80e-01
20:	0.00e+00	-9.80e-01
21:	0.00e+00	-9.80e-01
New op index: 15	$R_{YX-XY}$[3, 4]
Current grad: 0.00011557148780971804
Precision cutoff reached.
Calculating energies for FreeWilson2D(N_x=2, N_y=2, mass=-2.082, r=1.000)
h_im: 0.0
New op index: 15	$R_{YX-XY}$[3, 4]
Current grad: 2.0
0:	0.00e+00	0.00e+00
1:	0.00e+00	0.00e+00
2:	0.00e+00	0.00e+00
3:	0.00e+00	0.00e+00
4:	0.00e+00	0.00e+00
5:	0.00e+00	0.00e+00
6:	0.00e+00	0.00e+00
7:	0.00e+00	0.00e+00
8:	0.00e+00	3.27e-01
9:	0.00e+00	3.27e-01
10:	0.00e+00	3.27e-01
11:	0.00e+00	3.27e-01
12:	0.00e+00	3.27e-01
13:	0.00e+00	3.27e-01
14:	0.00e+00	0.00e+00
15:	2.00e+00	0.00e+00
16:	0.00e+00	-3.27e-01
17:	0.00e+00	-3.27e-01
18:	0.00e+00	-3.27e-01
19:	0.00e+00	-3.27e-01
20:	0.00e+00	-3.27e-01
21:	0.00e+00	-3.27e-01
New op index: 15	$R_{YX-XY}$[3, 4]
Current grad: 0.000116161433404538
Precision cutoff reached.
Calculating energies for FreeWilson2D(N_x=2, N_y=2, mass=-1.918, r=1.000)
h_im: 0.0
New op index: 15	$R_{YX-XY}$[3, 4]
Current grad: 2.0
0:	0.00e+00	0.00e+00
1:	0.00e+00	0.00e+00
2:	0.00e+00	0.00e+00
3:	0.00e+00	0.00e+00
4:	0.00e+00	0.00e+00
5:	0.00e+00	0.00e+00
6:	0.00e+00	0.00e+00
7:	0.00e+00	0.00e+00
8:	0.00e+00	-3.27e-01
9:	0.00e+00	-3.27e-01
10:	0.00e+00	-3.27e-01
11:	0.00e+00	-3.27e-01
12:	0.00e+00	-3.27e-01
13:	0.00e+00	-3.27e-01
14:	0.00e+00	0.00e+00
15:	2.00e+00	0.00e+00
16:	0.00e+00	3.27e-01
17:	0.00e+00	3.27e-01
18:	0.00e+00	3.27e-01
19:	0.00e+00	3.27e-01
20:	0.00e+00	3.27e-01
21:	0.00e+00	3.27e-01
New op index: 15	$R_{YX-XY}$[3, 4]
Current grad: 0.0001127254231553243
Precision cutoff reached.
Calculating energies for FreeWilson2D(N_x=2, N_y=2, mass=-1.755, r=1.000)
h_im: 0.0
New op index: 15	$R_{YX-XY}$[3, 4]
Current grad: 2.0
0:	0.00e+00	0.00e+00
1:	0.00e+00	0.00e+00
2:	0.00e+00	0.00e+00
3:	0.00e+00	0.00e+00
4:	0.00e+00	0.00e+00
5:	0.00e+00	0.00e+00
6:	0.00e+00	0.00e+00
7:	0.00e+00	0.00e+00
8:	0.00e+00	-9.80e-01
9:	0.00e+00	-9.80e-01
10:	0.00e+00	-9.80e-01
11:	0.00e+00	-9.80e-01
12:	0.00e+00	-9.80e-01
13:	0.00e+00	-9.80e-01
14:	0.00e+00	0.00e+00
15:	2.00e+00	0.00e+00
16:	0.00e+00	9.80e-01
17:	0.00e+00	9.80e-01
18:	0.00e+00	9.80e-01
19:	0.00e+00	9.80e-01
20:	0.00e+00	9.80e-01
21:	0.00e+00	9.80e-01
New op index: 15	$R_{YX-XY}$[3, 4]
Current grad: 0.0001164642549795758
Precision cutoff reached.
Calculating energies for FreeWilson2D(N_x=2, N_y=2, mass=-1.592, r=1.000)
h_im: 0.0
New op index: 15	$R_{YX-XY}$[3, 4]
Current grad: 2.0
0:	0.00e+00	0.00e+00
1:	0.00e+00	0.00e+00
2:	0.00e+00	0.00e+00
3:	0.00e+00	0.00e+00
4:	0.00e+00	0.00e+00
5:	0.00e+00	0.00e+00
6:	0.00e+00	0.00e+00
7:	0.00e+00	0.00e+00
8:	0.00e+00	-1.63e+00
9:	0.00e+00	-1.63e+00
10:	0.00e+00	-1.63e+00
11:	0.00e+00	-1.63e+00
12:	0.00e+00	-1.63e+00
13:	0.00e+00	-1.63e+00
14:	0.00e+00	0.00e+00
15:	2.00e+00	0.00e+00
16:	0.00e+00	1.63e+00
17:	0.00e+00	1.63e+00
18:	0.00e+00	1.63e+00
19:	0.00e+00	1.63e+00
20:	0.00e+00	1.63e+00
21:	0.00e+00	1.63e+00
New op index: 15	$R_{YX-XY}$[3, 4]
Current grad: 0.00011367814280627275
Precision cutoff reached.
Calculating energies for FreeWilson2D(N_x=2, N_y=2, mass=-1.429, r=1.000)
h_im: 0.0
New op index: 15	$R_{YX-XY}$[3, 4]
Current grad: 2.0
0:	0.00e+00	0.00e+00
1:	0.00e+00	0.00e+00
2:	0.00e+00	0.00e+00
3:	0.00e+00	0.00e+00
4:	0.00e+00	0.00e+00
5:	0.00e+00	0.00e+00
6:	0.00e+00	0.00e+00
7:	0.00e+00	0.00e+00
8:	0.00e+00	-2.29e+00
9:	0.00e+00	-2.29e+00
10:	0.00e+00	-2.29e+00
11:	0.00e+00	-2.29e+00
12:	0.00e+00	-2.29e+00
13:	0.00e+00	-2.29e+00
14:	0.00e+00	0.00e+00
15:	2.00e+00	0.00e+00
16:	0.00e+00	2.29e+00
17:	0.00e+00	2.29e+00
18:	0.00e+00	2.29e+00
19:	0.00e+00	2.29e+00
20:	0.00e+00	2.29e+00
21:	0.00e+00	2.29e+00
New op index: 15	$R_{YX-XY}$[3, 4]
Current grad: 0.00011536904784736901
Precision cutoff reached.
Calculating energies for FreeWilson2D(N_x=2, N_y=2, mass=-1.265, r=1.000)
h_im: 0.0
New op index: 15	$R_{YX-XY}$[3, 4]
Current grad: 2.0
0:	0.00e+00	0.00e+00
1:	0.00e+00	0.00e+00
2:	0.00e+00	0.00e+00
3:	0.00e+00	0.00e+00
4:	0.00e+00	0.00e+00
5:	0.00e+00	0.00e+00
6:	0.00e+00	0.00e+00
7:	0.00e+00	0.00e+00
8:	0.00e+00	-2.94e+00
9:	0.00e+00	-2.94e+00
10:	0.00e+00	-2.94e+00
11:	0.00e+00	-2.94e+00
12:	0.00e+00	-2.94e+00
13:	0.00e+00	-2.94e+00
14:	0.00e+00	0.00e+00
15:	2.00e+00	0.00e+00
16:	0.00e+00	2.94e+00
17:	0.00e+00	2.94e+00
18:	0.00e+00	2.94e+00
19:	0.00e+00	2.94e+00
20:	0.00e+00	2.94e+00
21:	0.00e+00	2.94e+00
New op index: 15	$R_{YX-XY}$[3, 4]
Current grad: 0.00011358831244812073
Precision cutoff reached.
Calculating energies for FreeWilson2D(N_x=2, N_y=2, mass=-1.102, r=1.000)
h_im: 0.0
New op index: 15	$R_{YX-XY}$[3, 4]
Current grad: 2.0
0:	0.00e+00	0.00e+00
1:	0.00e+00	0.00e+00
2:	0.00e+00	0.00e+00
3:	0.00e+00	0.00e+00
4:	0.00e+00	0.00e+00
5:	0.00e+00	0.00e+00
6:	0.00e+00	0.00e+00
7:	0.00e+00	0.00e+00
8:	0.00e+00	-3.59e+00
9:	0.00e+00	-3.59e+00
10:	0.00e+00	-3.59e+00
11:	0.00e+00	-3.59e+00
12:	0.00e+00	-3.59e+00
13:	0.00e+00	-3.59e+00
14:	0.00e+00	0.00e+00
15:	2.00e+00	0.00e+00
16:	0.00e+00	3.59e+00
17:	0.00e+00	3.59e+00
18:	0.00e+00	3.59e+00
19:	0.00e+00	3.59e+00
20:	0.00e+00	3.59e+00
21:	0.00e+00	3.59e+00
New op index: 15	$R_{YX-XY}$[3, 4]
Current grad: 0.00011175085179704336
Precision cutoff reached.
Calculating energies for FreeWilson2D(N_x=2, N_y=2, mass=-0.939, r=1.000)
h_im: 0.0
New op index: 15	$R_{YX-XY}$[3, 4]
Current grad: 2.0
0:	0.00e+00	0.00e+00
1:	0.00e+00	0.00e+00
2:	0.00e+00	0.00e+00
3:	0.00e+00	0.00e+00
4:	0.00e+00	0.00e+00
5:	0.00e+00	0.00e+00
6:	0.00e+00	0.00e+00
7:	0.00e+00	0.00e+00
8:	0.00e+00	-4.24e+00
9:	0.00e+00	-4.24e+00
10:	0.00e+00	-4.24e+00
11:	0.00e+00	-4.24e+00
12:	0.00e+00	-4.24e+00
13:	0.00e+00	-4.24e+00
14:	0.00e+00	0.00e+00
15:	2.00e+00	0.00e+00
16:	0.00e+00	4.24e+00
17:	0.00e+00	4.24e+00
18:	0.00e+00	4.24e+00
19:	0.00e+00	4.24e+00
20:	0.00e+00	4.24e+00
21:	0.00e+00	4.24e+00
New op index: 15	$R_{YX-XY}$[3, 4]
Current grad: 0.00011549177973380065
Precision cutoff reached.
Calculating energies for FreeWilson2D(N_x=2, N_y=2, mass=-0.776, r=1.000)
h_im: 0.0
New op index: 15	$R_{YX-XY}$[3, 4]
Current grad: 2.0
0:	0.00e+00	0.00e+00
1:	0.00e+00	0.00e+00
2:	0.00e+00	0.00e+00
3:	0.00e+00	0.00e+00
4:	0.00e+00	0.00e+00
5:	0.00e+00	0.00e+00
6:	0.00e+00	0.00e+00
7:	0.00e+00	0.00e+00
8:	0.00e+00	-4.90e+00
9:	0.00e+00	-4.90e+00
10:	0.00e+00	-4.90e+00
11:	0.00e+00	-4.90e+00
12:	0.00e+00	-4.90e+00
13:	0.00e+00	-4.90e+00
14:	0.00e+00	0.00e+00
15:	2.00e+00	0.00e+00
16:	0.00e+00	4.90e+00
17:	0.00e+00	4.90e+00
18:	0.00e+00	4.90e+00
19:	0.00e+00	4.90e+00
20:	0.00e+00	4.90e+00
21:	0.00e+00	4.90e+00
New op index: 15	$R_{YX-XY}$[3, 4]
Current grad: 0.00011472522432409704
Precision cutoff reached.
Calculating energies for FreeWilson2D(N_x=2, N_y=2, mass=-0.612, r=1.000)
h_im: 0.0
New op index: 15	$R_{YX-XY}$[3, 4]
Current grad: 2.0
0:	0.00e+00	0.00e+00
1:	0.00e+00	0.00e+00
2:	0.00e+00	0.00e+00
3:	0.00e+00	0.00e+00
4:	0.00e+00	0.00e+00
5:	0.00e+00	0.00e+00
6:	0.00e+00	0.00e+00
7:	0.00e+00	0.00e+00
8:	0.00e+00	-5.55e+00
9:	0.00e+00	-5.55e+00
10:	0.00e+00	-5.55e+00
11:	0.00e+00	-5.55e+00
12:	0.00e+00	-5.55e+00
13:	0.00e+00	-5.55e+00
14:	0.00e+00	0.00e+00
15:	2.00e+00	0.00e+00
16:	0.00e+00	5.55e+00
17:	0.00e+00	5.55e+00
18:	0.00e+00	5.55e+00
19:	0.00e+00	5.55e+00
20:	0.00e+00	5.55e+00
21:	0.00e+00	5.55e+00
New op index: 15	$R_{YX-XY}$[3, 4]
Current grad: 0.00011345026157261184
Precision cutoff reached.
Calculating energies for FreeWilson2D(N_x=2, N_y=2, mass=-0.449, r=1.000)
h_im: 0.0
New op index: 15	$R_{YX-XY}$[3, 4]
Current grad: 2.0
0:	0.00e+00	0.00e+00
1:	0.00e+00	0.00e+00
2:	0.00e+00	0.00e+00
3:	0.00e+00	0.00e+00
4:	0.00e+00	0.00e+00
5:	0.00e+00	0.00e+00
6:	0.00e+00	0.00e+00
7:	0.00e+00	0.00e+00
8:	0.00e+00	-6.20e+00
9:	0.00e+00	-6.20e+00
10:	0.00e+00	-6.20e+00
11:	0.00e+00	-6.20e+00
12:	0.00e+00	-6.20e+00
13:	0.00e+00	-6.20e+00
14:	0.00e+00	0.00e+00
15:	2.00e+00	0.00e+00
16:	0.00e+00	6.20e+00
17:	0.00e+00	6.20e+00
18:	0.00e+00	6.20e+00
19:	0.00e+00	6.20e+00
20:	0.00e+00	6.20e+00
21:	0.00e+00	6.20e+00
New op index: 15	$R_{YX-XY}$[3, 4]
Current grad: 0.00011495343061318497
Precision cutoff reached.
Calculating energies for FreeWilson2D(N_x=2, N_y=2, mass=-0.286, r=1.000)
h_im: 0.0
New op index: 15	$R_{YX-XY}$[3, 4]
Current grad: 2.0
0:	0.00e+00	0.00e+00
1:	0.00e+00	0.00e+00
2:	0.00e+00	0.00e+00
3:	0.00e+00	0.00e+00
4:	0.00e+00	0.00e+00
5:	0.00e+00	0.00e+00
6:	0.00e+00	0.00e+00
7:	0.00e+00	0.00e+00
8:	0.00e+00	-6.86e+00
9:	0.00e+00	-6.86e+00
10:	0.00e+00	-6.86e+00
11:	0.00e+00	-6.86e+00
12:	0.00e+00	-6.86e+00
13:	0.00e+00	-6.86e+00
14:	0.00e+00	0.00e+00
15:	2.00e+00	0.00e+00
16:	0.00e+00	6.86e+00
17:	0.00e+00	6.86e+00
18:	0.00e+00	6.86e+00
19:	0.00e+00	6.86e+00
20:	0.00e+00	6.86e+00
21:	0.00e+00	6.86e+00
New op index: 15	$R_{YX-XY}$[3, 4]
Current grad: 0.0001147323440306991
Precision cutoff reached.
Calculating energies for FreeWilson2D(N_x=2, N_y=2, mass=-0.122, r=1.000)
h_im: 0.0
New op index: 15	$R_{YX-XY}$[3, 4]
Current grad: 2.0
0:	0.00e+00	0.00e+00
1:	0.00e+00	0.00e+00
2:	0.00e+00	0.00e+00
3:	0.00e+00	0.00e+00
4:	0.00e+00	0.00e+00
5:	0.00e+00	0.00e+00
6:	0.00e+00	0.00e+00
7:	0.00e+00	0.00e+00
8:	0.00e+00	-7.51e+00
9:	0.00e+00	-7.51e+00
10:	0.00e+00	-7.51e+00
11:	0.00e+00	-7.51e+00
12:	0.00e+00	-7.51e+00
13:	0.00e+00	-7.51e+00
14:	0.00e+00	0.00e+00
15:	2.00e+00	0.00e+00
16:	0.00e+00	7.51e+00
17:	0.00e+00	7.51e+00
18:	0.00e+00	7.51e+00
19:	0.00e+00	7.51e+00
20:	0.00e+00	7.51e+00
21:	0.00e+00	7.51e+00
New op index: 15	$R_{YX-XY}$[3, 4]
Current grad: 0.00011643083514289998
Precision cutoff reached.
Calculating energies for FreeWilson2D(N_x=2, N_y=2, mass=0.041, r=1.000)
h_im: 0.0
New op index: 15	$R_{YX-XY}$[3, 4]
Current grad: 2.0
0:	0.00e+00	0.00e+00
1:	0.00e+00	0.00e+00
2:	0.00e+00	0.00e+00
3:	0.00e+00	0.00e+00
4:	0.00e+00	0.00e+00
5:	0.00e+00	0.00e+00
6:	0.00e+00	0.00e+00
7:	0.00e+00	0.00e+00
8:	0.00e+00	-8.16e+00
9:	0.00e+00	-8.16e+00
10:	0.00e+00	-8.16e+00
11:	0.00e+00	-8.16e+00
12:	0.00e+00	-8.16e+00
13:	0.00e+00	-8.16e+00
14:	0.00e+00	0.00e+00
15:	2.00e+00	0.00e+00
16:	0.00e+00	8.16e+00
17:	0.00e+00	8.16e+00
18:	0.00e+00	8.16e+00
19:	0.00e+00	8.16e+00
20:	0.00e+00	8.16e+00
21:	0.00e+00	8.16e+00
New op index: 15	$R_{YX-XY}$[3, 4]
Current grad: 0.00011422272250671828
Precision cutoff reached.
Calculating energies for FreeWilson2D(N_x=2, N_y=2, mass=0.204, r=1.000)
h_im: 0.0
New op index: 15	$R_{YX-XY}$[3, 4]
Current grad: 2.0
0:	0.00e+00	0.00e+00
1:	0.00e+00	0.00e+00
2:	0.00e+00	0.00e+00
3:	0.00e+00	0.00e+00
4:	0.00e+00	0.00e+00
5:	0.00e+00	0.00e+00
6:	0.00e+00	0.00e+00
7:	0.00e+00	0.00e+00
8:	0.00e+00	-8.82e+00
9:	0.00e+00	-8.82e+00
10:	0.00e+00	-8.82e+00
11:	0.00e+00	-8.82e+00
12:	0.00e+00	-8.82e+00
13:	0.00e+00	-8.82e+00
14:	0.00e+00	0.00e+00
15:	2.00e+00	0.00e+00
16:	0.00e+00	8.82e+00
17:	0.00e+00	8.82e+00
18:	0.00e+00	8.82e+00
19:	0.00e+00	8.82e+00
20:	0.00e+00	8.82e+00
21:	0.00e+00	8.82e+00
New op index: 15	$R_{YX-XY}$[3, 4]
Current grad: 0.00011295005517197865
Precision cutoff reached.
Calculating energies for FreeWilson2D(N_x=2, N_y=2, mass=0.367, r=1.000)
h_im: 0.0
New op index: 15	$R_{YX-XY}$[3, 4]
Current grad: 2.0
0:	0.00e+00	0.00e+00
1:	0.00e+00	0.00e+00
2:	0.00e+00	0.00e+00
3:	0.00e+00	0.00e+00
4:	0.00e+00	0.00e+00
5:	0.00e+00	0.00e+00
6:	0.00e+00	0.00e+00
7:	0.00e+00	0.00e+00
8:	0.00e+00	-9.47e+00
9:	0.00e+00	-9.47e+00
10:	0.00e+00	-9.47e+00
11:	0.00e+00	-9.47e+00
12:	0.00e+00	-9.47e+00
13:	0.00e+00	-9.47e+00
14:	0.00e+00	0.00e+00
15:	2.00e+00	0.00e+00
16:	0.00e+00	9.47e+00
17:	0.00e+00	9.47e+00
18:	0.00e+00	9.47e+00
19:	0.00e+00	9.47e+00
20:	0.00e+00	9.47e+00
21:	0.00e+00	9.47e+00
New op index: 15	$R_{YX-XY}$[3, 4]
Current grad: 0.000113878509694465
Precision cutoff reached.
Calculating energies for FreeWilson2D(N_x=2, N_y=2, mass=0.531, r=1.000)
h_im: 0.0
New op index: 15	$R_{YX-XY}$[3, 4]
Current grad: 2.0
0:	0.00e+00	0.00e+00
1:	0.00e+00	0.00e+00
2:	0.00e+00	0.00e+00
3:	0.00e+00	0.00e+00
4:	0.00e+00	0.00e+00
5:	0.00e+00	0.00e+00
6:	0.00e+00	0.00e+00
7:	0.00e+00	0.00e+00
8:	0.00e+00	-1.01e+01
9:	0.00e+00	-1.01e+01
10:	0.00e+00	-1.01e+01
11:	0.00e+00	-1.01e+01
12:	0.00e+00	-1.01e+01
13:	0.00e+00	-1.01e+01
14:	0.00e+00	0.00e+00
15:	2.00e+00	0.00e+00
16:	0.00e+00	1.01e+01
17:	0.00e+00	1.01e+01
18:	0.00e+00	1.01e+01
19:	0.00e+00	1.01e+01
20:	0.00e+00	1.01e+01
21:	0.00e+00	1.01e+01
New op index: 15	$R_{YX-XY}$[3, 4]
Current grad: 0.00011579238071379727
Precision cutoff reached.
Calculating energies for FreeWilson2D(N_x=2, N_y=2, mass=0.694, r=1.000)
h_im: 0.0
New op index: 15	$R_{YX-XY}$[3, 4]
Current grad: 2.0
0:	0.00e+00	0.00e+00
1:	0.00e+00	0.00e+00
2:	0.00e+00	0.00e+00
3:	0.00e+00	0.00e+00
4:	0.00e+00	0.00e+00
5:	0.00e+00	0.00e+00
6:	0.00e+00	0.00e+00
7:	0.00e+00	0.00e+00
8:	0.00e+00	-1.08e+01
9:	0.00e+00	-1.08e+01
10:	0.00e+00	-1.08e+01
11:	0.00e+00	-1.08e+01
12:	0.00e+00	-1.08e+01
13:	0.00e+00	-1.08e+01
14:	0.00e+00	0.00e+00
15:	2.00e+00	0.00e+00
16:	0.00e+00	1.08e+01
17:	0.00e+00	1.08e+01
18:	0.00e+00	1.08e+01
19:	0.00e+00	1.08e+01
20:	0.00e+00	1.08e+01
21:	0.00e+00	1.08e+01
New op index: 15	$R_{YX-XY}$[3, 4]
Current grad: 0.0001160506663695493
Precision cutoff reached.
Calculating energies for FreeWilson2D(N_x=2, N_y=2, mass=0.857, r=1.000)
h_im: 0.0
New op index: 15	$R_{YX-XY}$[3, 4]
Current grad: 2.0
0:	0.00e+00	0.00e+00
1:	0.00e+00	0.00e+00
2:	0.00e+00	0.00e+00
3:	0.00e+00	0.00e+00
4:	0.00e+00	0.00e+00
5:	0.00e+00	0.00e+00
6:	0.00e+00	0.00e+00
7:	0.00e+00	0.00e+00
8:	0.00e+00	-1.14e+01
9:	0.00e+00	-1.14e+01
10:	0.00e+00	-1.14e+01
11:	0.00e+00	-1.14e+01
12:	0.00e+00	-1.14e+01
13:	0.00e+00	-1.14e+01
14:	0.00e+00	0.00e+00
15:	2.00e+00	0.00e+00
16:	0.00e+00	1.14e+01
17:	0.00e+00	1.14e+01
18:	0.00e+00	1.14e+01
19:	0.00e+00	1.14e+01
20:	0.00e+00	1.14e+01
21:	0.00e+00	1.14e+01
New op index: 15	$R_{YX-XY}$[3, 4]
Current grad: 0.00011167717032301017
Precision cutoff reached.
Calculating energies for FreeWilson2D(N_x=2, N_y=2, mass=1.020, r=1.000)
h_im: 0.0
New op index: 15	$R_{YX-XY}$[3, 4]
Current grad: 2.0
0:	0.00e+00	0.00e+00
1:	0.00e+00	0.00e+00
2:	0.00e+00	0.00e+00
3:	0.00e+00	0.00e+00
4:	0.00e+00	0.00e+00
5:	0.00e+00	0.00e+00
6:	0.00e+00	0.00e+00
7:	0.00e+00	0.00e+00
8:	0.00e+00	-1.21e+01
9:	0.00e+00	-1.21e+01
10:	0.00e+00	-1.21e+01
11:	0.00e+00	-1.21e+01
12:	0.00e+00	-1.21e+01
13:	0.00e+00	-1.21e+01
14:	0.00e+00	0.00e+00
15:	2.00e+00	0.00e+00
16:	0.00e+00	1.21e+01
17:	0.00e+00	1.21e+01
18:	0.00e+00	1.21e+01
19:	0.00e+00	1.21e+01
20:	0.00e+00	1.21e+01
21:	0.00e+00	1.21e+01
New op index: 15	$R_{YX-XY}$[3, 4]
Current grad: 0.00011571546945865485
Precision cutoff reached.
Calculating energies for FreeWilson2D(N_x=2, N_y=2, mass=1.184, r=1.000)
h_im: 0.0
New op index: 15	$R_{YX-XY}$[3, 4]
Current grad: 2.0
0:	0.00e+00	0.00e+00
1:	0.00e+00	0.00e+00
2:	0.00e+00	0.00e+00
3:	0.00e+00	0.00e+00
4:	0.00e+00	0.00e+00
5:	0.00e+00	0.00e+00
6:	0.00e+00	0.00e+00
7:	0.00e+00	0.00e+00
8:	0.00e+00	-1.27e+01
9:	0.00e+00	-1.27e+01
10:	0.00e+00	-1.27e+01
11:	0.00e+00	-1.27e+01
12:	0.00e+00	-1.27e+01
13:	0.00e+00	-1.27e+01
14:	0.00e+00	0.00e+00
15:	2.00e+00	0.00e+00
16:	0.00e+00	1.27e+01
17:	0.00e+00	1.27e+01
18:	0.00e+00	1.27e+01
19:	0.00e+00	1.27e+01
20:	0.00e+00	1.27e+01
21:	0.00e+00	1.27e+01
New op index: 15	$R_{YX-XY}$[3, 4]
Current grad: 0.00011312125489337799
Precision cutoff reached.
Calculating energies for FreeWilson2D(N_x=2, N_y=2, mass=1.347, r=1.000)
h_im: 0.0
New op index: 15	$R_{YX-XY}$[3, 4]
Current grad: 2.0
0:	0.00e+00	0.00e+00
1:	0.00e+00	0.00e+00
2:	0.00e+00	0.00e+00
3:	0.00e+00	0.00e+00
4:	0.00e+00	0.00e+00
5:	0.00e+00	0.00e+00
6:	0.00e+00	0.00e+00
7:	0.00e+00	0.00e+00
8:	0.00e+00	-1.34e+01
9:	0.00e+00	-1.34e+01
10:	0.00e+00	-1.34e+01
11:	0.00e+00	-1.34e+01
12:	0.00e+00	-1.34e+01
13:	0.00e+00	-1.34e+01
14:	0.00e+00	0.00e+00
15:	2.00e+00	0.00e+00
16:	0.00e+00	1.34e+01
17:	0.00e+00	1.34e+01
18:	0.00e+00	1.34e+01
19:	0.00e+00	1.34e+01
20:	0.00e+00	1.34e+01
21:	0.00e+00	1.34e+01
New op index: 15	$R_{YX-XY}$[3, 4]
Current grad: 0.00011376366923587788
Precision cutoff reached.
Calculating energies for FreeWilson2D(N_x=2, N_y=2, mass=1.510, r=1.000)
h_im: 0.0
New op index: 15	$R_{YX-XY}$[3, 4]
Current grad: 2.0
0:	0.00e+00	0.00e+00
1:	0.00e+00	0.00e+00
2:	0.00e+00	0.00e+00
3:	0.00e+00	0.00e+00
4:	0.00e+00	0.00e+00
5:	0.00e+00	0.00e+00
6:	0.00e+00	0.00e+00
7:	0.00e+00	0.00e+00
8:	0.00e+00	-1.40e+01
9:	0.00e+00	-1.40e+01
10:	0.00e+00	-1.40e+01
11:	0.00e+00	-1.40e+01
12:	0.00e+00	-1.40e+01
13:	0.00e+00	-1.40e+01
14:	0.00e+00	0.00e+00
15:	2.00e+00	0.00e+00
16:	0.00e+00	1.40e+01
17:	0.00e+00	1.40e+01
18:	0.00e+00	1.40e+01
19:	0.00e+00	1.40e+01
20:	0.00e+00	1.40e+01
21:	0.00e+00	1.40e+01
New op index: 15	$R_{YX-XY}$[3, 4]
Current grad: 0.0001132658435601952
Precision cutoff reached.
Calculating energies for FreeWilson2D(N_x=2, N_y=2, mass=1.673, r=1.000)
h_im: 0.0
New op index: 15	$R_{YX-XY}$[3, 4]
Current grad: 2.0
0:	0.00e+00	0.00e+00
1:	0.00e+00	0.00e+00
2:	0.00e+00	0.00e+00
3:	0.00e+00	0.00e+00
4:	0.00e+00	0.00e+00
5:	0.00e+00	0.00e+00
6:	0.00e+00	0.00e+00
7:	0.00e+00	0.00e+00
8:	0.00e+00	-1.47e+01
9:	0.00e+00	-1.47e+01
10:	0.00e+00	-1.47e+01
11:	0.00e+00	-1.47e+01
12:	0.00e+00	-1.47e+01
13:	0.00e+00	-1.47e+01
14:	0.00e+00	0.00e+00
15:	2.00e+00	0.00e+00
16:	0.00e+00	1.47e+01
17:	0.00e+00	1.47e+01
18:	0.00e+00	1.47e+01
19:	0.00e+00	1.47e+01
20:	0.00e+00	1.47e+01
21:	0.00e+00	1.47e+01
New op index: 15	$R_{YX-XY}$[3, 4]
Current grad: 0.00011542448920187631
Precision cutoff reached.
Calculating energies for FreeWilson2D(N_x=2, N_y=2, mass=1.837, r=1.000)
h_im: 0.0
New op index: 15	$R_{YX-XY}$[3, 4]
Current grad: 2.0
0:	0.00e+00	0.00e+00
1:	0.00e+00	0.00e+00
2:	0.00e+00	0.00e+00
3:	0.00e+00	0.00e+00
4:	0.00e+00	0.00e+00
5:	0.00e+00	0.00e+00
6:	0.00e+00	0.00e+00
7:	0.00e+00	0.00e+00
8:	0.00e+00	-1.53e+01
9:	0.00e+00	-1.53e+01
10:	0.00e+00	-1.53e+01
11:	0.00e+00	-1.53e+01
12:	0.00e+00	-1.53e+01
13:	0.00e+00	-1.53e+01
14:	0.00e+00	0.00e+00
15:	2.00e+00	0.00e+00
16:	0.00e+00	1.53e+01
17:	0.00e+00	1.53e+01
18:	0.00e+00	1.53e+01
19:	0.00e+00	1.53e+01
20:	0.00e+00	1.53e+01
21:	0.00e+00	1.53e+01
New op index: 15	$R_{YX-XY}$[3, 4]
Current grad: 0.0001145880402779742
Precision cutoff reached.
Calculating energies for FreeWilson2D(N_x=2, N_y=2, mass=2.000, r=1.000)
h_im: 0.0
New op index: 15	$R_{YX-XY}$[3, 4]
Current grad: 2.0
0:	0.00e+00	0.00e+00
1:	0.00e+00	0.00e+00
2:	0.00e+00	0.00e+00
3:	0.00e+00	0.00e+00
4:	0.00e+00	0.00e+00
5:	0.00e+00	0.00e+00
6:	0.00e+00	0.00e+00
7:	0.00e+00	0.00e+00
8:	0.00e+00	-1.60e+01
9:	0.00e+00	-1.60e+01
10:	0.00e+00	-1.60e+01
11:	0.00e+00	-1.60e+01
12:	0.00e+00	-1.60e+01
13:	0.00e+00	-1.60e+01
14:	0.00e+00	0.00e+00
15:	2.00e+00	0.00e+00
16:	0.00e+00	1.60e+01
17:	0.00e+00	1.60e+01
18:	0.00e+00	1.60e+01
19:	0.00e+00	1.60e+01
20:	0.00e+00	1.60e+01
21:	0.00e+00	1.60e+01
New op index: 15	$R_{YX-XY}$[3, 4]
Current grad: 0.00011548661431348695
Precision cutoff reached.
-----Beginning pprint-----
/:
	Attributes:
		ProcessId: 23954764
	2025-11-18_16-42-58-23954764:
		Attributes:
			HamiltonianType: ZeroChargePenalty
			Last-Modified: 2025-11-18_16-42-58
			ProcessId: 23954764
			SimulatorType: Statevector
			SolverName: AdaptVQE
			SystemName: FreeWilson2D
			n_x: 2
			n_y: 2
			r: 1.0
		AdaptOptions:
			Attributes:
				gradient_hamiltonian_type: HamiltonianType.ZeroChargePenalty
				max_depth: 50
				prec_cutoff: 0.001
				precision: 0
		AnsatzOperatorDerivatives: Dataset (dtype=float64, shape=(50, 2, 22), maxshape=(50, None, 22))
			Attributes:
				DIMENSION_LABELS: ['mass' 'AnsatzOperatorAxis' 'AnsatzPoolOperatorAxis']
				NDataDims: 2
		AnsatzOperatorSecondDerivatives: Dataset (dtype=float64, shape=(50, 2, 22), maxshape=(50, None, 22))
			Attributes:
				DIMENSION_LABELS: ['mass' 'AnsatzOperatorAxis' 'AnsatzPoolOperatorAxis']
				NDataDims: 2
		AnsatzOperators: Dataset (dtype=int64, shape=(50, 1), maxshape=(50, None))
			Attributes:
				DIMENSION_LABELS: ['mass' 'AnsatzOperatorAxis']
				NDataDims: 1
		Circuit:
			Attributes:
				Ansatz: HardwareAdaptAnsatz19
			AnsatzOptions:
				Attributes:
					num_qubits: 8
		CircuitParameters: Dataset (dtype=float64, shape=(50, 10, 1), maxshape=(50, None, None))
			Attributes:
				DIMENSION_LABELS: ['mass' 'IterationAxis' 'CircuitParameterAxis']
				NDataDims: 2
		Data:
			Attributes:
			evs:
				Attributes:
				Hamiltonian: Dataset (dtype=float64, shape=(50, 10), maxshape=(50, None))
					Attributes:
						DIMENSION_LABELS: ['mass' 'IterationAxis']
						NDataDims: 1
			stds:
				Attributes:
				Hamiltonian: Dataset (dtype=float64, shape=(50, 10), maxshape=(50, None))
					Attributes:
						DIMENSION_LABELS: ['mass' 'IterationAxis']
						NDataDims: 1
		EstimatorOptions:
			Attributes:
				_VERSION: 2
				default_precision: Unset
				default_shots: Unset
				experimental: Unset
				max_execution_time: Unset
				resilience_level: Unset
				seed_estimator: 23954764
			dynamical_decoupling:
				Attributes:
					enable: Unset
					extra_slack_distribution: Unset
					scheduling_method: Unset
					sequence_type: Unset
					skip_reset_qubits: Unset
			environment:
				Attributes:
					callback: None
					job_tags: None
					log_level: WARNING
					private: False
			execution:
				Attributes:
					init_qubits: Unset
					rep_delay: Unset
			resilience:
				Attributes:
					layer_noise_model: Unset
					measure_mitigation: Unset
					pec_mitigation: Unset
					zne_mitigation: Unset
				layer_noise_learning:
					Attributes:
						layer_pair_depths: Unset
						max_layers_to_learn: Unset
						num_randomizations: Unset
						shots_per_randomization: Unset
				measure_noise_learning:
					Attributes:
						num_randomizations: Unset
						shots_per_randomization: Unset
				pec:
					Attributes:
						max_overhead: Unset
						noise_gain: Unset
				zne:
					Attributes:
						amplifier: Unset
						extrapolated_noise_factors: Unset
						extrapolator: Unset
						noise_factors: Unset
			simulator:
				Attributes:
					basis_gates: Unset
					coupling_map: Unset
					noise_model: Unset
					seed_simulator: Unset
			twirling:
				Attributes:
					enable_gates: Unset
					enable_measure: Unset
					num_randomizations: Unset
					shots_per_randomization: Unset
					strategy: Unset
		MetaData:
			Attributes:
			circuit_metadata: Dataset (dtype=object, shape=(50, 10), maxshape=(50, None))
				Attributes:
					DIMENSION_LABELS: ['mass' 'IterationAxis']
					NDataDims: 1
			target_precision: Dataset (dtype=float64, shape=(50, 10), maxshape=(50, None))
				Attributes:
					DIMENSION_LABELS: ['mass' 'IterationAxis']
					NDataDims: 1
			version: Dataset (dtype=int64, shape=(50, 10), maxshape=(50, None))
				Attributes:
					DIMENSION_LABELS: ['mass' 'IterationAxis']
					NDataDims: 1
		NIterations: Dataset (dtype=int64, shape=(50,), maxshape=(50,))
			Attributes:
				DIMENSION_LABELS: ['mass']
				NDataDims: 0
		OptimizerOptions:
			Attributes:
				bounds: None
				callback: None
				constraints: []
				method: slsqp
				tol: None
				x0Seed: 23954764
			options:
				Attributes:
					disp: 0
					maxiter: 20000
		PresetPassManagerOptions:
			Attributes:
		SimulatorOptions:
			Attributes:
		StartIterations: Dataset (dtype=int64, shape=(50, 1), maxshape=(50, None))
			Attributes:
				DIMENSION_LABELS: ['mass' 'AnsatzOperatorAxis']
				NDataDims: 1
		VersionInfo:
			Attributes:
				QiskitAerVersion: 0.17.1
				QiskitIBMRuntimeVersion: 0.41.1
				QiskitVersion: 2.1.2
		mass: Dataset (dtype=float64, shape=(50,), maxshape=(50,))
			Attributes:
-----Ending pprint-----
End 2025-11-18 16:43:05 | 23954764 MyPyJob | lmnode207 | /home/s6nidich_hpc/PycharmProjects/QC-MasterThesis 

