Start 2025-10-27 16:51:21 | 23769435 MyPyJob | node073 | /home/s6nidich_hpc/PycharmProjects/QC-MasterThesis 

Used python interpreter:
/home/s6nidich_hpc/PycharmProjects/QC-MasterThesis/.venv_intel_3_12_3/bin/python
Python version:
Python 3.12.3

Currently Loaded Modules:
  1) GCCcore/13.3.0                   7) Tcl/8.6.14-GCCcore-13.3.0
  2) zlib/1.3.1-GCCcore-13.3.0        8) SQLite/3.45.3-GCCcore-13.3.0
  3) binutils/2.42-GCCcore-13.3.0     9) XZ/5.4.5-GCCcore-13.3.0
  4) bzip2/1.0.8-GCCcore-13.3.0      10) libffi/3.4.5-GCCcore-13.3.0
  5) ncurses/6.5-GCCcore-13.3.0      11) OpenSSL/3
  6) libreadline/8.2-GCCcore-13.3.0  12) Python/3.12.3-GCCcore-13.3.0

 

Start of Program:

-----Beginning pprint-----
/:
	Attributes:
-----Ending pprint-----
Calculating energies for FreeWilson2D(N_x=2, N_y=2, mass=-6.000, r=1.000)
h: 0.0
Prec 0.0
Prec 0.0
New op index: 27
Current grad: 23.999999999999996
0:	0.00e+00	0.00e+00
1:	-2.00e+00	0.00e+00
2:	0.00e+00	0.00e+00
3:	0.00e+00	0.00e+00
4:	2.50e+00	0.00e+00
5:	0.00e+00	0.00e+00
6:	0.00e+00	0.00e+00
7:	-2.50e+00	0.00e+00
8:	0.00e+00	0.00e+00
9:	0.00e+00	0.00e+00
10:	2.00e+00	-5.00e-01
11:	0.00e+00	-5.00e-01
12:	0.00e+00	0.00e+00
13:	2.00e+00	-5.00e-01
14:	0.00e+00	-5.00e-01
15:	0.00e+00	2.12e-15
16:	-2.50e+00	2.10e-15
17:	0.00e+00	1.39e-17
18:	0.00e+00	2.08e-15
19:	2.50e+00	2.09e-15
20:	0.00e+00	6.94e-18
21:	0.00e+00	2.12e-15
22:	-2.00e+00	2.09e-15
23:	0.00e+00	1.39e-17
24:	5.00e-01	0.00e+00
25:	2.66e-15	0.00e+00
26:	-5.00e-01	-5.00e-01
27:	4.00e+00	6.94e-18
28:	-5.00e-01	-5.00e-01
29:	5.54e-15	8.35e-15
30:	5.00e-01	8.35e-15
Prec 0.0
New op index: 24
Current grad: 905.0634352073424
Prec 0.0
New op index: 19
Current grad: 18.947744472317183
Prec 0.0
New op index: 25
Current grad: 503.4170878882618
Prec 0.0
New op index: 1
Current grad: 274.2236997251838
Prec 0.0
New op index: 24
Current grad: 19.236120495676087
Prec 0.0
New op index: 10
Current grad: 12.096521925460747
Prec 0.0
New op index: 16
Current grad: 65.87631482187135
Prec 0.0
New op index: 27
Current grad: 172.81960859774279
Prec 0.0
New op index: 22
Current grad: 5.894685072919814
Prec 0.0
New op index: 4
Current grad: 45.5212723812702
Prec 0.0
New op index: 24
Current grad: 9.64595218663651
Prec 0.0
New op index: 7
Current grad: 1.7657225411028943
Prec 0.0
New op index: 7
Current grad: 0.002786567191243936
Adding the same operator twice is not sensible, terminating.
Calculating energies for FreeWilson2D(N_x=2, N_y=2, mass=-3.333, r=1.000)
h: 0.0
Prec 0.0
Prec 0.0
New op index: 27
Current grad: 10.666666666666671
0:	0.00e+00	0.00e+00
1:	-6.67e-01	0.00e+00
2:	0.00e+00	0.00e+00
3:	0.00e+00	0.00e+00
4:	1.17e+00	0.00e+00
5:	0.00e+00	0.00e+00
6:	0.00e+00	0.00e+00
7:	-1.17e+00	0.00e+00
8:	0.00e+00	0.00e+00
9:	0.00e+00	0.00e+00
10:	6.67e-01	-5.00e-01
11:	0.00e+00	-5.00e-01
12:	0.00e+00	0.00e+00
13:	6.67e-01	-5.00e-01
14:	0.00e+00	-5.00e-01
15:	0.00e+00	2.11e-15
16:	-1.17e+00	2.09e-15
17:	0.00e+00	1.39e-17
18:	0.00e+00	2.09e-15
19:	1.17e+00	2.10e-15
20:	0.00e+00	6.94e-18
21:	0.00e+00	2.11e-15
22:	-6.67e-01	2.08e-15
23:	0.00e+00	1.39e-17
24:	5.00e-01	0.00e+00
25:	2.66e-15	0.00e+00
26:	-5.00e-01	-5.00e-01
27:	1.33e+00	6.94e-18
28:	-5.00e-01	-5.00e-01
29:	5.54e-15	8.35e-15
30:	5.00e-01	8.35e-15
Prec 0.0
New op index: 25
Current grad: 909.097878875319
Prec 0.0
New op index: 19
Current grad: 8.708278197020862
Prec 0.0
New op index: 24
Current grad: 460.86201250034566
Prec 0.0
New op index: 26
Current grad: 286.16500627433277
Prec 0.0
New op index: 25
Current grad: 11.990936852372656
Prec 0.0
New op index: 22
Current grad: 43.6331886198095
Prec 0.0
New op index: 28
Current grad: 150.39171931779808
Prec 0.0
New op index: 27
Current grad: 5.70434134268458
Prec 0.0
New op index: 29
Current grad: 2.1808255641606342
Prec 0.0
New op index: 16
Current grad: 1.4314083457612157
Prec 0.0
New op index: 1
Current grad: 19.891754161338426
Prec 0.0
New op index: 10
Current grad: 1.720168859046997
Prec 0.0
New op index: 7
Current grad: 1.6263812191799645
Prec 0.0
New op index: 24
Current grad: 2.300773142622728
Prec 0.0
New op index: 29
Current grad: 1.328207961988871
Prec 0.0
New op index: 13
Current grad: 1.0254671637970443
Prec 0.0
New op index: 27
Current grad: 0.7514183660274318
Prec 0.0
New op index: 4
Current grad: 0.3579478325770838
Prec 0.0
New op index: 1
Current grad: 0.003251961035694037
Prec 0.0
New op index: 27
Current grad: 0.007139219509359886
Adding the same operator twice is not sensible, terminating.
Calculating energies for FreeWilson2D(N_x=2, N_y=2, mass=-0.667, r=1.000)
h: 0.0
Prec 0.0
Prec 0.0
New op index: 27
Current grad: 6.666666666666668
0:	0.00e+00	0.00e+00
1:	6.67e-01	0.00e+00
2:	0.00e+00	0.00e+00
3:	0.00e+00	0.00e+00
4:	-1.67e-01	0.00e+00
5:	0.00e+00	0.00e+00
6:	0.00e+00	0.00e+00
7:	1.67e-01	0.00e+00
8:	0.00e+00	0.00e+00
9:	0.00e+00	0.00e+00
10:	-6.67e-01	-5.00e-01
11:	0.00e+00	-5.00e-01
12:	0.00e+00	0.00e+00
13:	-6.67e-01	-5.00e-01
14:	0.00e+00	-5.00e-01
15:	0.00e+00	2.10e-15
16:	1.67e-01	2.08e-15
17:	0.00e+00	1.39e-17
18:	0.00e+00	2.10e-15
19:	-1.67e-01	2.11e-15
20:	0.00e+00	6.94e-18
21:	0.00e+00	2.10e-15
22:	6.67e-01	2.07e-15
23:	0.00e+00	1.39e-17
24:	5.00e-01	0.00e+00
25:	2.66e-15	0.00e+00
26:	-5.00e-01	-5.00e-01
27:	-1.33e+00	6.94e-18
28:	-5.00e-01	-5.00e-01
29:	5.54e-15	8.35e-15
30:	5.00e-01	8.35e-15
Prec 0.0
New op index: 24
Current grad: 910.2692571251289
Prec 0.0
New op index: 28
Current grad: 8.131611197871626
Prec 0.0
New op index: 30
Current grad: 172.70821640968268
Prec 0.0
New op index: 27
Current grad: 7.169401621675446
Prec 0.0
New op index: 7
Current grad: 3.92637887075312
Prec 0.0
New op index: 29
Current grad: 217.93990215527884
Prec 0.0
New op index: 22
Current grad: 130.06421647615664
Prec 0.0
New op index: 30
Current grad: 10.64066160692276
Prec 0.0
New op index: 25
Current grad: 5.004872731520615
Prec 0.0
New op index: 19
Current grad: 4.2974324239820465
Prec 0.0
New op index: 4
Current grad: 3.9097179594921823
Prec 0.0
New op index: 29
Current grad: 77.0373637534033
Prec 0.0
New op index: 25
Current grad: 3.5288718450167407
Prec 0.0
New op index: 13
Current grad: 2.876118476662172
Prec 0.0
New op index: 10
Current grad: 2.283557046593133
Prec 0.0
New op index: 30
Current grad: 5.876732992657661
Prec 0.0
New op index: 27
Current grad: 1.7397395806293756
Prec 0.0
New op index: 1
Current grad: 0.0909135959126205
Prec 0.0
New op index: 10
Current grad: 0.011912668675313523
Prec 0.0
New op index: 29
Current grad: 0.01193276536888404
Prec 0.0
New op index: 10
Current grad: 0.007709240026473229
Adding the same operator twice is not sensible, terminating.
Calculating energies for FreeWilson2D(N_x=2, N_y=2, mass=2.000, r=1.000)
h: 0.0
Prec 0.0
Prec 0.0
New op index: 27
Current grad: 19.99999999999999
0:	0.00e+00	0.00e+00
1:	2.00e+00	0.00e+00
2:	0.00e+00	0.00e+00
3:	0.00e+00	0.00e+00
4:	-1.50e+00	0.00e+00
5:	0.00e+00	0.00e+00
6:	0.00e+00	0.00e+00
7:	1.50e+00	0.00e+00
8:	0.00e+00	0.00e+00
9:	0.00e+00	0.00e+00
10:	-2.00e+00	-5.00e-01
11:	0.00e+00	-5.00e-01
12:	0.00e+00	0.00e+00
13:	-2.00e+00	-5.00e-01
14:	0.00e+00	-5.00e-01
15:	0.00e+00	2.10e-15
16:	1.50e+00	2.07e-15
17:	0.00e+00	1.39e-17
18:	0.00e+00	2.11e-15
19:	-1.50e+00	2.12e-15
20:	0.00e+00	6.94e-18
21:	0.00e+00	2.09e-15
22:	2.00e+00	2.06e-15
23:	0.00e+00	1.39e-17
24:	5.00e-01	0.00e+00
25:	2.66e-15	0.00e+00
26:	-5.00e-01	-5.00e-01
27:	-4.00e+00	6.94e-18
28:	-5.00e-01	-5.00e-01
29:	5.54e-15	8.35e-15
30:	5.00e-01	8.35e-15
Prec 0.0
New op index: 25
Current grad: 915.8915161169366
Prec 0.0
New op index: 16
Current grad: 17.714127084959696
Prec 0.0
New op index: 24
Current grad: 281.6879317170835
Prec 0.0
New op index: 19
Current grad: 9.845291136055893
Prec 0.0
New op index: 22
Current grad: 153.3944577722697
Prec 0.0
New op index: 13
Current grad: 5.876097000583692
Prec 0.0
New op index: 1
Current grad: 17.85597281005631
Prec 0.0
New op index: 27
Current grad: 84.96758608570194
Prec 0.0
New op index: 24
Current grad: 118.16793495326318
Prec 0.0
New op index: 7
Current grad: 4.039290595060431
Prec 0.0
New op index: 4
Current grad: 4.442785664534065
Prec 0.0
New op index: 1
Current grad: 0.0010045247258262762
Prec 0.0
New op index: 1
Current grad: 0.0010045247258262762
Adding the same operator twice is not sensible, terminating.
-----Beginning pprint-----
/:
	Attributes:
		ProcessId: 23769435
	2025-10-27_16-51-22-23769435:
		Attributes:
			HamiltonianType: ZeroChargePenalty
			Last-Modified: 2025-10-27_16-51-22
			ProcessId: 23769435
			SimulatorType: Statevector
			SolverName: AdaptVQE
			SystemName: FreeWilson2D
			n_x: 2
			n_y: 2
			r: 1.0
		AdaptOptions:
			Attributes:
				gradient_hamiltonian_type: HamiltonianType.ZeroChargePenalty
				max_depth: 40
				prec_cutoff: 0.001
				precision: 0
		AnsatzOperatorDerivatives: Dataset (dtype=float64, shape=(4, 22, 31), maxshape=(4, None, 31))
			Attributes:
				DIMENSION_LABELS: ['mass' 'AnsatzOperatorAxis' 'AnsatzPoolOperatorAxis']
				NDataDims: 2
		AnsatzOperatorSecondDerivatives: Dataset (dtype=float64, shape=(4, 22, 31), maxshape=(4, None, 31))
			Attributes:
				DIMENSION_LABELS: ['mass' 'AnsatzOperatorAxis' 'AnsatzPoolOperatorAxis']
				NDataDims: 2
		AnsatzOperators: Dataset (dtype=int64, shape=(4, 21), maxshape=(4, None))
			Attributes:
				DIMENSION_LABELS: ['mass' 'AnsatzOperatorAxis']
				NDataDims: 1
		Circuit:
			Attributes:
				Ansatz: HardwareAdaptAnsatz1
			AnsatzOptions:
				Attributes:
					num_qubits: 8
		CircuitParameters: Dataset (dtype=float64, shape=(4, 5350, 21), maxshape=(4, None, None))
			Attributes:
				DIMENSION_LABELS: ['mass' 'IterationAxis' 'CircuitParameterAxis']
				NDataDims: 2
		Data:
			Attributes:
			evs:
				Attributes:
				Hamiltonian: Dataset (dtype=float64, shape=(4, 5350), maxshape=(4, None))
					Attributes:
						DIMENSION_LABELS: ['mass' 'IterationAxis']
						NDataDims: 1
			stds:
				Attributes:
				Hamiltonian: Dataset (dtype=float64, shape=(4, 5350), maxshape=(4, None))
					Attributes:
						DIMENSION_LABELS: ['mass' 'IterationAxis']
						NDataDims: 1
		EstimatorOptions:
			Attributes:
				_VERSION: 2
				default_precision: Unset
				default_shots: Unset
				experimental: Unset
				max_execution_time: Unset
				resilience_level: Unset
				seed_estimator: 23769435
			dynamical_decoupling:
				Attributes:
					enable: Unset
					extra_slack_distribution: Unset
					scheduling_method: Unset
					sequence_type: Unset
					skip_reset_qubits: Unset
			environment:
				Attributes:
					callback: None
					job_tags: None
					log_level: WARNING
					private: False
			execution:
				Attributes:
					init_qubits: Unset
					rep_delay: Unset
			resilience:
				Attributes:
					layer_noise_model: Unset
					measure_mitigation: Unset
					pec_mitigation: Unset
					zne_mitigation: Unset
				layer_noise_learning:
					Attributes:
						layer_pair_depths: Unset
						max_layers_to_learn: Unset
						num_randomizations: Unset
						shots_per_randomization: Unset
				measure_noise_learning:
					Attributes:
						num_randomizations: Unset
						shots_per_randomization: Unset
				pec:
					Attributes:
						max_overhead: Unset
						noise_gain: Unset
				zne:
					Attributes:
						amplifier: Unset
						extrapolated_noise_factors: Unset
						extrapolator: Unset
						noise_factors: Unset
			simulator:
				Attributes:
					basis_gates: Unset
					coupling_map: Unset
					noise_model: Unset
					seed_simulator: Unset
			twirling:
				Attributes:
					enable_gates: Unset
					enable_measure: Unset
					num_randomizations: Unset
					shots_per_randomization: Unset
					strategy: Unset
		MetaData:
			Attributes:
			circuit_metadata: Dataset (dtype=object, shape=(4, 5350), maxshape=(4, None))
				Attributes:
					DIMENSION_LABELS: ['mass' 'IterationAxis']
					NDataDims: 1
			target_precision: Dataset (dtype=float64, shape=(4, 5350), maxshape=(4, None))
				Attributes:
					DIMENSION_LABELS: ['mass' 'IterationAxis']
					NDataDims: 1
			version: Dataset (dtype=int64, shape=(4, 5350), maxshape=(4, None))
				Attributes:
					DIMENSION_LABELS: ['mass' 'IterationAxis']
					NDataDims: 1
		NIterations: Dataset (dtype=int64, shape=(4,), maxshape=(4,))
			Attributes:
				DIMENSION_LABELS: ['mass']
				NDataDims: 0
		OptimizerOptions:
			Attributes:
				bounds: None
				callback: None
				constraints: []
				method: slsqp
				tol: None
				x0Seed: 23769435
			options:
				Attributes:
					disp: 0
					maxiter: 20000
		PresetPassManagerOptions:
			Attributes:
		SimulatorOptions:
			Attributes:
		StartIterations: Dataset (dtype=int64, shape=(4, 21), maxshape=(4, None))
			Attributes:
				DIMENSION_LABELS: ['mass' 'AnsatzOperatorAxis']
				NDataDims: 1
		VersionInfo:
			Attributes:
				QiskitAerVersion: 0.17.1
				QiskitIBMRuntimeVersion: 0.41.1
				QiskitVersion: 2.1.2
		mass: Dataset (dtype=float64, shape=(4,), maxshape=(4,))
			Attributes:
-----Ending pprint-----
End 2025-10-27 16:53:25 | 23769435 MyPyJob | node073 | /home/s6nidich_hpc/PycharmProjects/QC-MasterThesis 

