Start 2025-08-20 20:41:51 | 22932804 MyPyJob | node074 | /home/s6nidich_hpc/PycharmProjects/QC-MasterThesis 

Used python interpreter:
/home/s6nidich_hpc/PycharmProjects/QC-MasterThesis/.venv_intel_3_12_3/bin/python
Python version:
Python 3.12.3

Currently Loaded Modules:
  1) GCCcore/13.3.0                   7) Tcl/8.6.14-GCCcore-13.3.0
  2) zlib/1.3.1-GCCcore-13.3.0        8) SQLite/3.45.3-GCCcore-13.3.0
  3) binutils/2.42-GCCcore-13.3.0     9) XZ/5.4.5-GCCcore-13.3.0
  4) bzip2/1.0.8-GCCcore-13.3.0      10) libffi/3.4.5-GCCcore-13.3.0
  5) ncurses/6.5-GCCcore-13.3.0      11) OpenSSL/3
  6) libreadline/8.2-GCCcore-13.3.0  12) Python/3.12.3-GCCcore-13.3.0

 

Start of Program:

-----Beginning pprint-----
/:
	Attributes:
		ProcessId: 22932797
	2025-08-20_20-14-48:
		Attributes:
			HamiltonianType: Full
			Last-Modified: 2025-08-20_20-14-48
			ProcessId: 22932797
			SolverName: ED
			SystemName: FreeWilson2D
			Which: LM
			n_x: 2
			n_y: 2
		EigenValues: <HDF5 dataset "EigenValues": shape (501, 2, 72), type "<f8">
		EigenVectors: <HDF5 dataset "EigenVectors": shape (501, 2, 256, 72), type "<c16">
		mass: <HDF5 dataset "mass": shape (501,), type "<f8">
		r: <HDF5 dataset "r": shape (2,), type "<f8">
-----Ending pprint-----
Calculating energies for FreeWilson2D(N_x=2, N_y=2, mass=-6.000, r=1.000)
Calculating energies for FreeWilson2D(N_x=2, N_y=2, mass=-6.000, r=3.140)
Calculating energies for FreeWilson2D(N_x=2, N_y=2, mass=-5.984, r=1.000)
Calculating energies for FreeWilson2D(N_x=2, N_y=2, mass=-5.984, r=3.140)
Calculating energies for FreeWilson2D(N_x=2, N_y=2, mass=-5.968, r=1.000)
Calculating energies for FreeWilson2D(N_x=2, N_y=2, mass=-5.968, r=3.140)
Calculating energies for FreeWilson2D(N_x=2, N_y=2, mass=-5.952, r=1.000)
Calculating energies for FreeWilson2D(N_x=2, N_y=2, mass=-5.952, r=3.140)
Calculating energies for FreeWilson2D(N_x=2, N_y=2, mass=-5.936, r=1.000)
Calculating energies for FreeWilson2D(N_x=2, N_y=2, mass=-5.936, r=3.140)
Calculating energies for FreeWilson2D(N_x=2, N_y=2, mass=-5.920, r=1.000)
Calculating energies for FreeWilson2D(N_x=2, N_y=2, mass=-5.920, r=3.140)
Calculating energies for FreeWilson2D(N_x=2, N_y=2, mass=-5.904, r=1.000)
Calculating energies for FreeWilson2D(N_x=2, N_y=2, mass=-5.904, r=3.140)
Calculating energies for FreeWilson2D(N_x=2, N_y=2, mass=-5.888, r=1.000)
Calculating energies for FreeWilson2D(N_x=2, N_y=2, mass=-5.888, r=3.140)
Calculating energies for FreeWilson2D(N_x=2, N_y=2, mass=-5.872, r=1.000)
Calculating energies for FreeWilson2D(N_x=2, N_y=2, mass=-5.872, r=3.140)
Calculating energies for FreeWilson2D(N_x=2, N_y=2, mass=-5.856, r=1.000)
Calculating energies for FreeWilson2D(N_x=2, N_y=2, mass=-5.856, r=3.140)
Calculating energies for FreeWilson2D(N_x=2, N_y=2, mass=-5.840, r=1.000)
Calculating energies for FreeWilson2D(N_x=2, N_y=2, mass=-5.840, r=3.140)
Calculating energies for FreeWilson2D(N_x=2, N_y=2, mass=-5.824, r=1.000)
Calculating energies for FreeWilson2D(N_x=2, N_y=2, mass=-5.824, r=3.140)
Calculating energies for FreeWilson2D(N_x=2, N_y=2, mass=-5.808, r=1.000)
Calculating energies for FreeWilson2D(N_x=2, N_y=2, mass=-5.808, r=3.140)
Calculating energies for FreeWilson2D(N_x=2, N_y=2, mass=-5.792, r=1.000)
Calculating energies for FreeWilson2D(N_x=2, N_y=2, mass=-5.792, r=3.140)
Calculating energies for FreeWilson2D(N_x=2, N_y=2, mass=-5.776, r=1.000)
Calculating energies for FreeWilson2D(N_x=2, N_y=2, mass=-5.776, r=3.140)
Calculating energies for FreeWilson2D(N_x=2, N_y=2, mass=-5.760, r=1.000)
Calculating energies for FreeWilson2D(N_x=2, N_y=2, mass=-5.760, r=3.140)
Calculating energies for FreeWilson2D(N_x=2, N_y=2, mass=-5.744, r=1.000)
Calculating energies for FreeWilson2D(N_x=2, N_y=2, mass=-5.744, r=3.140)
Calculating energies for FreeWilson2D(N_x=2, N_y=2, mass=-5.728, r=1.000)
Calculating energies for FreeWilson2D(N_x=2, N_y=2, mass=-5.728, r=3.140)
Calculating energies for FreeWilson2D(N_x=2, N_y=2, mass=-5.712, r=1.000)
Calculating energies for FreeWilson2D(N_x=2, N_y=2, mass=-5.712, r=3.140)
Calculating energies for FreeWilson2D(N_x=2, N_y=2, mass=-5.696, r=1.000)
Calculating energies for FreeWilson2D(N_x=2, N_y=2, mass=-5.696, r=3.140)
Calculating energies for FreeWilson2D(N_x=2, N_y=2, mass=-5.680, r=1.000)
Calculating energies for FreeWilson2D(N_x=2, N_y=2, mass=-5.680, r=3.140)
Calculating energies for FreeWilson2D(N_x=2, N_y=2, mass=-5.664, r=1.000)
Calculating energies for FreeWilson2D(N_x=2, N_y=2, mass=-5.664, r=3.140)
Calculating energies for FreeWilson2D(N_x=2, N_y=2, mass=-5.648, r=1.000)
Calculating energies for FreeWilson2D(N_x=2, N_y=2, mass=-5.648, r=3.140)
Calculating energies for FreeWilson2D(N_x=2, N_y=2, mass=-5.632, r=1.000)
Calculating energies for FreeWilson2D(N_x=2, N_y=2, mass=-5.632, r=3.140)
Calculating energies for FreeWilson2D(N_x=2, N_y=2, mass=-5.616, r=1.000)
Calculating energies for FreeWilson2D(N_x=2, N_y=2, mass=-5.616, r=3.140)
Calculating energies for FreeWilson2D(N_x=2, N_y=2, mass=-5.600, r=1.000)
Calculating energies for FreeWilson2D(N_x=2, N_y=2, mass=-5.600, r=3.140)
Calculating energies for FreeWilson2D(N_x=2, N_y=2, mass=-5.584, r=1.000)
Calculating energies for FreeWilson2D(N_x=2, N_y=2, mass=-5.584, r=3.140)
Calculating energies for FreeWilson2D(N_x=2, N_y=2, mass=-5.568, r=1.000)
Calculating energies for FreeWilson2D(N_x=2, N_y=2, mass=-5.568, r=3.140)
Calculating energies for FreeWilson2D(N_x=2, N_y=2, mass=-5.552, r=1.000)
Calculating energies for FreeWilson2D(N_x=2, N_y=2, mass=-5.552, r=3.140)
Calculating energies for FreeWilson2D(N_x=2, N_y=2, mass=-5.536, r=1.000)
Calculating energies for FreeWilson2D(N_x=2, N_y=2, mass=-5.536, r=3.140)
Calculating energies for FreeWilson2D(N_x=2, N_y=2, mass=-5.520, r=1.000)
Calculating energies for FreeWilson2D(N_x=2, N_y=2, mass=-5.520, r=3.140)
Calculating energies for FreeWilson2D(N_x=2, N_y=2, mass=-5.504, r=1.000)
Calculating energies for FreeWilson2D(N_x=2, N_y=2, mass=-5.504, r=3.140)
Calculating energies for FreeWilson2D(N_x=2, N_y=2, mass=-5.488, r=1.000)
Calculating energies for FreeWilson2D(N_x=2, N_y=2, mass=-5.488, r=3.140)
Calculating energies for FreeWilson2D(N_x=2, N_y=2, mass=-5.472, r=1.000)
Calculating energies for FreeWilson2D(N_x=2, N_y=2, mass=-5.472, r=3.140)
Calculating energies for FreeWilson2D(N_x=2, N_y=2, mass=-5.456, r=1.000)
Calculating energies for FreeWilson2D(N_x=2, N_y=2, mass=-5.456, r=3.140)
Calculating energies for FreeWilson2D(N_x=2, N_y=2, mass=-5.440, r=1.000)
Calculating energies for FreeWilson2D(N_x=2, N_y=2, mass=-5.440, r=3.140)
Calculating energies for FreeWilson2D(N_x=2, N_y=2, mass=-5.424, r=1.000)
Calculating energies for FreeWilson2D(N_x=2, N_y=2, mass=-5.424, r=3.140)
Calculating energies for FreeWilson2D(N_x=2, N_y=2, mass=-5.408, r=1.000)
Calculating energies for FreeWilson2D(N_x=2, N_y=2, mass=-5.408, r=3.140)
Calculating energies for FreeWilson2D(N_x=2, N_y=2, mass=-5.392, r=1.000)
Calculating energies for FreeWilson2D(N_x=2, N_y=2, mass=-5.392, r=3.140)
Calculating energies for FreeWilson2D(N_x=2, N_y=2, mass=-5.376, r=1.000)
Calculating energies for FreeWilson2D(N_x=2, N_y=2, mass=-5.376, r=3.140)
Calculating energies for FreeWilson2D(N_x=2, N_y=2, mass=-5.360, r=1.000)
Calculating energies for FreeWilson2D(N_x=2, N_y=2, mass=-5.360, r=3.140)
Calculating energies for FreeWilson2D(N_x=2, N_y=2, mass=-5.344, r=1.000)
Calculating energies for FreeWilson2D(N_x=2, N_y=2, mass=-5.344, r=3.140)
Calculating energies for FreeWilson2D(N_x=2, N_y=2, mass=-5.328, r=1.000)
Calculating energies for FreeWilson2D(N_x=2, N_y=2, mass=-5.328, r=3.140)
Calculating energies for FreeWilson2D(N_x=2, N_y=2, mass=-5.312, r=1.000)
Calculating energies for FreeWilson2D(N_x=2, N_y=2, mass=-5.312, r=3.140)
Calculating energies for FreeWilson2D(N_x=2, N_y=2, mass=-5.296, r=1.000)
Calculating energies for FreeWilson2D(N_x=2, N_y=2, mass=-5.296, r=3.140)
Calculating energies for FreeWilson2D(N_x=2, N_y=2, mass=-5.280, r=1.000)
Calculating energies for FreeWilson2D(N_x=2, N_y=2, mass=-5.280, r=3.140)
Calculating energies for FreeWilson2D(N_x=2, N_y=2, mass=-5.264, r=1.000)
Calculating energies for FreeWilson2D(N_x=2, N_y=2, mass=-5.264, r=3.140)
Calculating energies for FreeWilson2D(N_x=2, N_y=2, mass=-5.248, r=1.000)
Calculating energies for FreeWilson2D(N_x=2, N_y=2, mass=-5.248, r=3.140)
Calculating energies for FreeWilson2D(N_x=2, N_y=2, mass=-5.232, r=1.000)
Calculating energies for FreeWilson2D(N_x=2, N_y=2, mass=-5.232, r=3.140)
Calculating energies for FreeWilson2D(N_x=2, N_y=2, mass=-5.216, r=1.000)
Calculating energies for FreeWilson2D(N_x=2, N_y=2, mass=-5.216, r=3.140)
Calculating energies for FreeWilson2D(N_x=2, N_y=2, mass=-5.200, r=1.000)
Calculating energies for FreeWilson2D(N_x=2, N_y=2, mass=-5.200, r=3.140)
Calculating energies for FreeWilson2D(N_x=2, N_y=2, mass=-5.184, r=1.000)
Calculating energies for FreeWilson2D(N_x=2, N_y=2, mass=-5.184, r=3.140)
Calculating energies for FreeWilson2D(N_x=2, N_y=2, mass=-5.168, r=1.000)
Calculating energies for FreeWilson2D(N_x=2, N_y=2, mass=-5.168, r=3.140)
Calculating energies for FreeWilson2D(N_x=2, N_y=2, mass=-5.152, r=1.000)
Calculating energies for FreeWilson2D(N_x=2, N_y=2, mass=-5.152, r=3.140)
Calculating energies for FreeWilson2D(N_x=2, N_y=2, mass=-5.136, r=1.000)
Calculating energies for FreeWilson2D(N_x=2, N_y=2, mass=-5.136, r=3.140)
Calculating energies for FreeWilson2D(N_x=2, N_y=2, mass=-5.120, r=1.000)
Calculating energies for FreeWilson2D(N_x=2, N_y=2, mass=-5.120, r=3.140)
Calculating energies for FreeWilson2D(N_x=2, N_y=2, mass=-5.104, r=1.000)
Calculating energies for FreeWilson2D(N_x=2, N_y=2, mass=-5.104, r=3.140)
Calculating energies for FreeWilson2D(N_x=2, N_y=2, mass=-5.088, r=1.000)
Calculating energies for FreeWilson2D(N_x=2, N_y=2, mass=-5.088, r=3.140)
Calculating energies for FreeWilson2D(N_x=2, N_y=2, mass=-5.072, r=1.000)
Calculating energies for FreeWilson2D(N_x=2, N_y=2, mass=-5.072, r=3.140)
Calculating energies for FreeWilson2D(N_x=2, N_y=2, mass=-5.056, r=1.000)
Calculating energies for FreeWilson2D(N_x=2, N_y=2, mass=-5.056, r=3.140)
Calculating energies for FreeWilson2D(N_x=2, N_y=2, mass=-5.040, r=1.000)
Calculating energies for FreeWilson2D(N_x=2, N_y=2, mass=-5.040, r=3.140)
Calculating energies for FreeWilson2D(N_x=2, N_y=2, mass=-5.024, r=1.000)
Calculating energies for FreeWilson2D(N_x=2, N_y=2, mass=-5.024, r=3.140)
Calculating energies for FreeWilson2D(N_x=2, N_y=2, mass=-5.008, r=1.000)
Calculating energies for FreeWilson2D(N_x=2, N_y=2, mass=-5.008, r=3.140)
Calculating energies for FreeWilson2D(N_x=2, N_y=2, mass=-4.992, r=1.000)
Calculating energies for FreeWilson2D(N_x=2, N_y=2, mass=-4.992, r=3.140)
Calculating energies for FreeWilson2D(N_x=2, N_y=2, mass=-4.976, r=1.000)
Calculating energies for FreeWilson2D(N_x=2, N_y=2, mass=-4.976, r=3.140)
Calculating energies for FreeWilson2D(N_x=2, N_y=2, mass=-4.960, r=1.000)
Calculating energies for FreeWilson2D(N_x=2, N_y=2, mass=-4.960, r=3.140)
Calculating energies for FreeWilson2D(N_x=2, N_y=2, mass=-4.944, r=1.000)
Calculating energies for FreeWilson2D(N_x=2, N_y=2, mass=-4.944, r=3.140)
Calculating energies for FreeWilson2D(N_x=2, N_y=2, mass=-4.928, r=1.000)
Calculating energies for FreeWilson2D(N_x=2, N_y=2, mass=-4.928, r=3.140)
Calculating energies for FreeWilson2D(N_x=2, N_y=2, mass=-4.912, r=1.000)
Calculating energies for FreeWilson2D(N_x=2, N_y=2, mass=-4.912, r=3.140)
Calculating energies for FreeWilson2D(N_x=2, N_y=2, mass=-4.896, r=1.000)
Calculating energies for FreeWilson2D(N_x=2, N_y=2, mass=-4.896, r=3.140)
Calculating energies for FreeWilson2D(N_x=2, N_y=2, mass=-4.880, r=1.000)
Calculating energies for FreeWilson2D(N_x=2, N_y=2, mass=-4.880, r=3.140)
Calculating energies for FreeWilson2D(N_x=2, N_y=2, mass=-4.864, r=1.000)
Calculating energies for FreeWilson2D(N_x=2, N_y=2, mass=-4.864, r=3.140)
Calculating energies for FreeWilson2D(N_x=2, N_y=2, mass=-4.848, r=1.000)
Calculating energies for FreeWilson2D(N_x=2, N_y=2, mass=-4.848, r=3.140)
Calculating energies for FreeWilson2D(N_x=2, N_y=2, mass=-4.832, r=1.000)
Calculating energies for FreeWilson2D(N_x=2, N_y=2, mass=-4.832, r=3.140)
Calculating energies for FreeWilson2D(N_x=2, N_y=2, mass=-4.816, r=1.000)
Calculating energies for FreeWilson2D(N_x=2, N_y=2, mass=-4.816, r=3.140)
Calculating energies for FreeWilson2D(N_x=2, N_y=2, mass=-4.800, r=1.000)
Calculating energies for FreeWilson2D(N_x=2, N_y=2, mass=-4.800, r=3.140)
Calculating energies for FreeWilson2D(N_x=2, N_y=2, mass=-4.784, r=1.000)
Calculating energies for FreeWilson2D(N_x=2, N_y=2, mass=-4.784, r=3.140)
Calculating energies for FreeWilson2D(N_x=2, N_y=2, mass=-4.768, r=1.000)
Calculating energies for FreeWilson2D(N_x=2, N_y=2, mass=-4.768, r=3.140)
Calculating energies for FreeWilson2D(N_x=2, N_y=2, mass=-4.752, r=1.000)
Calculating energies for FreeWilson2D(N_x=2, N_y=2, mass=-4.752, r=3.140)
Calculating energies for FreeWilson2D(N_x=2, N_y=2, mass=-4.736, r=1.000)
Calculating energies for FreeWilson2D(N_x=2, N_y=2, mass=-4.736, r=3.140)
Calculating energies for FreeWilson2D(N_x=2, N_y=2, mass=-4.720, r=1.000)
Calculating energies for FreeWilson2D(N_x=2, N_y=2, mass=-4.720, r=3.140)
Calculating energies for FreeWilson2D(N_x=2, N_y=2, mass=-4.704, r=1.000)
Calculating energies for FreeWilson2D(N_x=2, N_y=2, mass=-4.704, r=3.140)
Calculating energies for FreeWilson2D(N_x=2, N_y=2, mass=-4.688, r=1.000)
Calculating energies for FreeWilson2D(N_x=2, N_y=2, mass=-4.688, r=3.140)
Calculating energies for FreeWilson2D(N_x=2, N_y=2, mass=-4.672, r=1.000)
Calculating energies for FreeWilson2D(N_x=2, N_y=2, mass=-4.672, r=3.140)
Calculating energies for FreeWilson2D(N_x=2, N_y=2, mass=-4.656, r=1.000)
Calculating energies for FreeWilson2D(N_x=2, N_y=2, mass=-4.656, r=3.140)
Calculating energies for FreeWilson2D(N_x=2, N_y=2, mass=-4.640, r=1.000)
Calculating energies for FreeWilson2D(N_x=2, N_y=2, mass=-4.640, r=3.140)
Calculating energies for FreeWilson2D(N_x=2, N_y=2, mass=-4.624, r=1.000)
Calculating energies for FreeWilson2D(N_x=2, N_y=2, mass=-4.624, r=3.140)
Calculating energies for FreeWilson2D(N_x=2, N_y=2, mass=-4.608, r=1.000)
Calculating energies for FreeWilson2D(N_x=2, N_y=2, mass=-4.608, r=3.140)
Calculating energies for FreeWilson2D(N_x=2, N_y=2, mass=-4.592, r=1.000)
Calculating energies for FreeWilson2D(N_x=2, N_y=2, mass=-4.592, r=3.140)
Calculating energies for FreeWilson2D(N_x=2, N_y=2, mass=-4.576, r=1.000)
Calculating energies for FreeWilson2D(N_x=2, N_y=2, mass=-4.576, r=3.140)
Calculating energies for FreeWilson2D(N_x=2, N_y=2, mass=-4.560, r=1.000)
Calculating energies for FreeWilson2D(N_x=2, N_y=2, mass=-4.560, r=3.140)
Calculating energies for FreeWilson2D(N_x=2, N_y=2, mass=-4.544, r=1.000)
Calculating energies for FreeWilson2D(N_x=2, N_y=2, mass=-4.544, r=3.140)
Calculating energies for FreeWilson2D(N_x=2, N_y=2, mass=-4.528, r=1.000)
Calculating energies for FreeWilson2D(N_x=2, N_y=2, mass=-4.528, r=3.140)
Calculating energies for FreeWilson2D(N_x=2, N_y=2, mass=-4.512, r=1.000)
Calculating energies for FreeWilson2D(N_x=2, N_y=2, mass=-4.512, r=3.140)
Calculating energies for FreeWilson2D(N_x=2, N_y=2, mass=-4.496, r=1.000)
Calculating energies for FreeWilson2D(N_x=2, N_y=2, mass=-4.496, r=3.140)
Calculating energies for FreeWilson2D(N_x=2, N_y=2, mass=-4.480, r=1.000)
Calculating energies for FreeWilson2D(N_x=2, N_y=2, mass=-4.480, r=3.140)
Calculating energies for FreeWilson2D(N_x=2, N_y=2, mass=-4.464, r=1.000)
Calculating energies for FreeWilson2D(N_x=2, N_y=2, mass=-4.464, r=3.140)
Calculating energies for FreeWilson2D(N_x=2, N_y=2, mass=-4.448, r=1.000)
Calculating energies for FreeWilson2D(N_x=2, N_y=2, mass=-4.448, r=3.140)
Calculating energies for FreeWilson2D(N_x=2, N_y=2, mass=-4.432, r=1.000)
Calculating energies for FreeWilson2D(N_x=2, N_y=2, mass=-4.432, r=3.140)
Calculating energies for FreeWilson2D(N_x=2, N_y=2, mass=-4.416, r=1.000)
Calculating energies for FreeWilson2D(N_x=2, N_y=2, mass=-4.416, r=3.140)
Calculating energies for FreeWilson2D(N_x=2, N_y=2, mass=-4.400, r=1.000)
Calculating energies for FreeWilson2D(N_x=2, N_y=2, mass=-4.400, r=3.140)
Calculating energies for FreeWilson2D(N_x=2, N_y=2, mass=-4.384, r=1.000)
Calculating energies for FreeWilson2D(N_x=2, N_y=2, mass=-4.384, r=3.140)
Calculating energies for FreeWilson2D(N_x=2, N_y=2, mass=-4.368, r=1.000)
Calculating energies for FreeWilson2D(N_x=2, N_y=2, mass=-4.368, r=3.140)
Calculating energies for FreeWilson2D(N_x=2, N_y=2, mass=-4.352, r=1.000)
Calculating energies for FreeWilson2D(N_x=2, N_y=2, mass=-4.352, r=3.140)
Calculating energies for FreeWilson2D(N_x=2, N_y=2, mass=-4.336, r=1.000)
Calculating energies for FreeWilson2D(N_x=2, N_y=2, mass=-4.336, r=3.140)
Calculating energies for FreeWilson2D(N_x=2, N_y=2, mass=-4.320, r=1.000)
Calculating energies for FreeWilson2D(N_x=2, N_y=2, mass=-4.320, r=3.140)
Calculating energies for FreeWilson2D(N_x=2, N_y=2, mass=-4.304, r=1.000)
Calculating energies for FreeWilson2D(N_x=2, N_y=2, mass=-4.304, r=3.140)
Calculating energies for FreeWilson2D(N_x=2, N_y=2, mass=-4.288, r=1.000)
Calculating energies for FreeWilson2D(N_x=2, N_y=2, mass=-4.288, r=3.140)
Calculating energies for FreeWilson2D(N_x=2, N_y=2, mass=-4.272, r=1.000)
Calculating energies for FreeWilson2D(N_x=2, N_y=2, mass=-4.272, r=3.140)
Calculating energies for FreeWilson2D(N_x=2, N_y=2, mass=-4.256, r=1.000)
Calculating energies for FreeWilson2D(N_x=2, N_y=2, mass=-4.256, r=3.140)
Calculating energies for FreeWilson2D(N_x=2, N_y=2, mass=-4.240, r=1.000)
Calculating energies for FreeWilson2D(N_x=2, N_y=2, mass=-4.240, r=3.140)
Calculating energies for FreeWilson2D(N_x=2, N_y=2, mass=-4.224, r=1.000)
Calculating energies for FreeWilson2D(N_x=2, N_y=2, mass=-4.224, r=3.140)
Calculating energies for FreeWilson2D(N_x=2, N_y=2, mass=-4.208, r=1.000)
Calculating energies for FreeWilson2D(N_x=2, N_y=2, mass=-4.208, r=3.140)
Calculating energies for FreeWilson2D(N_x=2, N_y=2, mass=-4.192, r=1.000)
Calculating energies for FreeWilson2D(N_x=2, N_y=2, mass=-4.192, r=3.140)
Calculating energies for FreeWilson2D(N_x=2, N_y=2, mass=-4.176, r=1.000)
Calculating energies for FreeWilson2D(N_x=2, N_y=2, mass=-4.176, r=3.140)
Calculating energies for FreeWilson2D(N_x=2, N_y=2, mass=-4.160, r=1.000)
Calculating energies for FreeWilson2D(N_x=2, N_y=2, mass=-4.160, r=3.140)
Calculating energies for FreeWilson2D(N_x=2, N_y=2, mass=-4.144, r=1.000)
Calculating energies for FreeWilson2D(N_x=2, N_y=2, mass=-4.144, r=3.140)
Calculating energies for FreeWilson2D(N_x=2, N_y=2, mass=-4.128, r=1.000)
Calculating energies for FreeWilson2D(N_x=2, N_y=2, mass=-4.128, r=3.140)
Calculating energies for FreeWilson2D(N_x=2, N_y=2, mass=-4.112, r=1.000)
Calculating energies for FreeWilson2D(N_x=2, N_y=2, mass=-4.112, r=3.140)
Calculating energies for FreeWilson2D(N_x=2, N_y=2, mass=-4.096, r=1.000)
Calculating energies for FreeWilson2D(N_x=2, N_y=2, mass=-4.096, r=3.140)
Calculating energies for FreeWilson2D(N_x=2, N_y=2, mass=-4.080, r=1.000)
Calculating energies for FreeWilson2D(N_x=2, N_y=2, mass=-4.080, r=3.140)
Calculating energies for FreeWilson2D(N_x=2, N_y=2, mass=-4.064, r=1.000)
Calculating energies for FreeWilson2D(N_x=2, N_y=2, mass=-4.064, r=3.140)
Calculating energies for FreeWilson2D(N_x=2, N_y=2, mass=-4.048, r=1.000)
Calculating energies for FreeWilson2D(N_x=2, N_y=2, mass=-4.048, r=3.140)
Calculating energies for FreeWilson2D(N_x=2, N_y=2, mass=-4.032, r=1.000)
Calculating energies for FreeWilson2D(N_x=2, N_y=2, mass=-4.032, r=3.140)
Calculating energies for FreeWilson2D(N_x=2, N_y=2, mass=-4.016, r=1.000)
Calculating energies for FreeWilson2D(N_x=2, N_y=2, mass=-4.016, r=3.140)
Calculating energies for FreeWilson2D(N_x=2, N_y=2, mass=-4.000, r=1.000)
Calculating energies for FreeWilson2D(N_x=2, N_y=2, mass=-4.000, r=3.140)
Calculating energies for FreeWilson2D(N_x=2, N_y=2, mass=-3.984, r=1.000)
Calculating energies for FreeWilson2D(N_x=2, N_y=2, mass=-3.984, r=3.140)
Calculating energies for FreeWilson2D(N_x=2, N_y=2, mass=-3.968, r=1.000)
Calculating energies for FreeWilson2D(N_x=2, N_y=2, mass=-3.968, r=3.140)
Calculating energies for FreeWilson2D(N_x=2, N_y=2, mass=-3.952, r=1.000)
Calculating energies for FreeWilson2D(N_x=2, N_y=2, mass=-3.952, r=3.140)
Calculating energies for FreeWilson2D(N_x=2, N_y=2, mass=-3.936, r=1.000)
Calculating energies for FreeWilson2D(N_x=2, N_y=2, mass=-3.936, r=3.140)
Calculating energies for FreeWilson2D(N_x=2, N_y=2, mass=-3.920, r=1.000)
Calculating energies for FreeWilson2D(N_x=2, N_y=2, mass=-3.920, r=3.140)
Calculating energies for FreeWilson2D(N_x=2, N_y=2, mass=-3.904, r=1.000)
Calculating energies for FreeWilson2D(N_x=2, N_y=2, mass=-3.904, r=3.140)
Calculating energies for FreeWilson2D(N_x=2, N_y=2, mass=-3.888, r=1.000)
Calculating energies for FreeWilson2D(N_x=2, N_y=2, mass=-3.888, r=3.140)
Calculating energies for FreeWilson2D(N_x=2, N_y=2, mass=-3.872, r=1.000)
Calculating energies for FreeWilson2D(N_x=2, N_y=2, mass=-3.872, r=3.140)
Calculating energies for FreeWilson2D(N_x=2, N_y=2, mass=-3.856, r=1.000)
Calculating energies for FreeWilson2D(N_x=2, N_y=2, mass=-3.856, r=3.140)
Calculating energies for FreeWilson2D(N_x=2, N_y=2, mass=-3.840, r=1.000)
Calculating energies for FreeWilson2D(N_x=2, N_y=2, mass=-3.840, r=3.140)
Calculating energies for FreeWilson2D(N_x=2, N_y=2, mass=-3.824, r=1.000)
Calculating energies for FreeWilson2D(N_x=2, N_y=2, mass=-3.824, r=3.140)
Calculating energies for FreeWilson2D(N_x=2, N_y=2, mass=-3.808, r=1.000)
Calculating energies for FreeWilson2D(N_x=2, N_y=2, mass=-3.808, r=3.140)
Calculating energies for FreeWilson2D(N_x=2, N_y=2, mass=-3.792, r=1.000)
Calculating energies for FreeWilson2D(N_x=2, N_y=2, mass=-3.792, r=3.140)
Calculating energies for FreeWilson2D(N_x=2, N_y=2, mass=-3.776, r=1.000)
Calculating energies for FreeWilson2D(N_x=2, N_y=2, mass=-3.776, r=3.140)
Calculating energies for FreeWilson2D(N_x=2, N_y=2, mass=-3.760, r=1.000)
Calculating energies for FreeWilson2D(N_x=2, N_y=2, mass=-3.760, r=3.140)
Calculating energies for FreeWilson2D(N_x=2, N_y=2, mass=-3.744, r=1.000)
Calculating energies for FreeWilson2D(N_x=2, N_y=2, mass=-3.744, r=3.140)
Calculating energies for FreeWilson2D(N_x=2, N_y=2, mass=-3.728, r=1.000)
Calculating energies for FreeWilson2D(N_x=2, N_y=2, mass=-3.728, r=3.140)
Calculating energies for FreeWilson2D(N_x=2, N_y=2, mass=-3.712, r=1.000)
Calculating energies for FreeWilson2D(N_x=2, N_y=2, mass=-3.712, r=3.140)
Calculating energies for FreeWilson2D(N_x=2, N_y=2, mass=-3.696, r=1.000)
Calculating energies for FreeWilson2D(N_x=2, N_y=2, mass=-3.696, r=3.140)
Calculating energies for FreeWilson2D(N_x=2, N_y=2, mass=-3.680, r=1.000)
Calculating energies for FreeWilson2D(N_x=2, N_y=2, mass=-3.680, r=3.140)
Calculating energies for FreeWilson2D(N_x=2, N_y=2, mass=-3.664, r=1.000)
Calculating energies for FreeWilson2D(N_x=2, N_y=2, mass=-3.664, r=3.140)
Calculating energies for FreeWilson2D(N_x=2, N_y=2, mass=-3.648, r=1.000)
Calculating energies for FreeWilson2D(N_x=2, N_y=2, mass=-3.648, r=3.140)
Calculating energies for FreeWilson2D(N_x=2, N_y=2, mass=-3.632, r=1.000)
Calculating energies for FreeWilson2D(N_x=2, N_y=2, mass=-3.632, r=3.140)
Calculating energies for FreeWilson2D(N_x=2, N_y=2, mass=-3.616, r=1.000)
Calculating energies for FreeWilson2D(N_x=2, N_y=2, mass=-3.616, r=3.140)
Calculating energies for FreeWilson2D(N_x=2, N_y=2, mass=-3.600, r=1.000)
Calculating energies for FreeWilson2D(N_x=2, N_y=2, mass=-3.600, r=3.140)
Calculating energies for FreeWilson2D(N_x=2, N_y=2, mass=-3.584, r=1.000)
Calculating energies for FreeWilson2D(N_x=2, N_y=2, mass=-3.584, r=3.140)
Calculating energies for FreeWilson2D(N_x=2, N_y=2, mass=-3.568, r=1.000)
Calculating energies for FreeWilson2D(N_x=2, N_y=2, mass=-3.568, r=3.140)
Calculating energies for FreeWilson2D(N_x=2, N_y=2, mass=-3.552, r=1.000)
Calculating energies for FreeWilson2D(N_x=2, N_y=2, mass=-3.552, r=3.140)
Calculating energies for FreeWilson2D(N_x=2, N_y=2, mass=-3.536, r=1.000)
Calculating energies for FreeWilson2D(N_x=2, N_y=2, mass=-3.536, r=3.140)
Calculating energies for FreeWilson2D(N_x=2, N_y=2, mass=-3.520, r=1.000)
Calculating energies for FreeWilson2D(N_x=2, N_y=2, mass=-3.520, r=3.140)
Calculating energies for FreeWilson2D(N_x=2, N_y=2, mass=-3.504, r=1.000)
Calculating energies for FreeWilson2D(N_x=2, N_y=2, mass=-3.504, r=3.140)
Calculating energies for FreeWilson2D(N_x=2, N_y=2, mass=-3.488, r=1.000)
Calculating energies for FreeWilson2D(N_x=2, N_y=2, mass=-3.488, r=3.140)
Calculating energies for FreeWilson2D(N_x=2, N_y=2, mass=-3.472, r=1.000)
Calculating energies for FreeWilson2D(N_x=2, N_y=2, mass=-3.472, r=3.140)
Calculating energies for FreeWilson2D(N_x=2, N_y=2, mass=-3.456, r=1.000)
Calculating energies for FreeWilson2D(N_x=2, N_y=2, mass=-3.456, r=3.140)
Calculating energies for FreeWilson2D(N_x=2, N_y=2, mass=-3.440, r=1.000)
Calculating energies for FreeWilson2D(N_x=2, N_y=2, mass=-3.440, r=3.140)
Calculating energies for FreeWilson2D(N_x=2, N_y=2, mass=-3.424, r=1.000)
Calculating energies for FreeWilson2D(N_x=2, N_y=2, mass=-3.424, r=3.140)
Calculating energies for FreeWilson2D(N_x=2, N_y=2, mass=-3.408, r=1.000)
Calculating energies for FreeWilson2D(N_x=2, N_y=2, mass=-3.408, r=3.140)
Calculating energies for FreeWilson2D(N_x=2, N_y=2, mass=-3.392, r=1.000)
Calculating energies for FreeWilson2D(N_x=2, N_y=2, mass=-3.392, r=3.140)
Calculating energies for FreeWilson2D(N_x=2, N_y=2, mass=-3.376, r=1.000)
Calculating energies for FreeWilson2D(N_x=2, N_y=2, mass=-3.376, r=3.140)
Calculating energies for FreeWilson2D(N_x=2, N_y=2, mass=-3.360, r=1.000)
Calculating energies for FreeWilson2D(N_x=2, N_y=2, mass=-3.360, r=3.140)
Calculating energies for FreeWilson2D(N_x=2, N_y=2, mass=-3.344, r=1.000)
Calculating energies for FreeWilson2D(N_x=2, N_y=2, mass=-3.344, r=3.140)
Calculating energies for FreeWilson2D(N_x=2, N_y=2, mass=-3.328, r=1.000)
Calculating energies for FreeWilson2D(N_x=2, N_y=2, mass=-3.328, r=3.140)
Calculating energies for FreeWilson2D(N_x=2, N_y=2, mass=-3.312, r=1.000)
Calculating energies for FreeWilson2D(N_x=2, N_y=2, mass=-3.312, r=3.140)
Calculating energies for FreeWilson2D(N_x=2, N_y=2, mass=-3.296, r=1.000)
Calculating energies for FreeWilson2D(N_x=2, N_y=2, mass=-3.296, r=3.140)
Calculating energies for FreeWilson2D(N_x=2, N_y=2, mass=-3.280, r=1.000)
Calculating energies for FreeWilson2D(N_x=2, N_y=2, mass=-3.280, r=3.140)
Calculating energies for FreeWilson2D(N_x=2, N_y=2, mass=-3.264, r=1.000)
Calculating energies for FreeWilson2D(N_x=2, N_y=2, mass=-3.264, r=3.140)
Calculating energies for FreeWilson2D(N_x=2, N_y=2, mass=-3.248, r=1.000)
Calculating energies for FreeWilson2D(N_x=2, N_y=2, mass=-3.248, r=3.140)
Calculating energies for FreeWilson2D(N_x=2, N_y=2, mass=-3.232, r=1.000)
Calculating energies for FreeWilson2D(N_x=2, N_y=2, mass=-3.232, r=3.140)
Calculating energies for FreeWilson2D(N_x=2, N_y=2, mass=-3.216, r=1.000)
Calculating energies for FreeWilson2D(N_x=2, N_y=2, mass=-3.216, r=3.140)
Calculating energies for FreeWilson2D(N_x=2, N_y=2, mass=-3.200, r=1.000)
Calculating energies for FreeWilson2D(N_x=2, N_y=2, mass=-3.200, r=3.140)
Calculating energies for FreeWilson2D(N_x=2, N_y=2, mass=-3.184, r=1.000)
Calculating energies for FreeWilson2D(N_x=2, N_y=2, mass=-3.184, r=3.140)
Calculating energies for FreeWilson2D(N_x=2, N_y=2, mass=-3.168, r=1.000)
Calculating energies for FreeWilson2D(N_x=2, N_y=2, mass=-3.168, r=3.140)
Calculating energies for FreeWilson2D(N_x=2, N_y=2, mass=-3.152, r=1.000)
Calculating energies for FreeWilson2D(N_x=2, N_y=2, mass=-3.152, r=3.140)
Calculating energies for FreeWilson2D(N_x=2, N_y=2, mass=-3.136, r=1.000)
Calculating energies for FreeWilson2D(N_x=2, N_y=2, mass=-3.136, r=3.140)
Calculating energies for FreeWilson2D(N_x=2, N_y=2, mass=-3.120, r=1.000)
Calculating energies for FreeWilson2D(N_x=2, N_y=2, mass=-3.120, r=3.140)
Calculating energies for FreeWilson2D(N_x=2, N_y=2, mass=-3.104, r=1.000)
Calculating energies for FreeWilson2D(N_x=2, N_y=2, mass=-3.104, r=3.140)
Calculating energies for FreeWilson2D(N_x=2, N_y=2, mass=-3.088, r=1.000)
Calculating energies for FreeWilson2D(N_x=2, N_y=2, mass=-3.088, r=3.140)
Calculating energies for FreeWilson2D(N_x=2, N_y=2, mass=-3.072, r=1.000)
Calculating energies for FreeWilson2D(N_x=2, N_y=2, mass=-3.072, r=3.140)
Calculating energies for FreeWilson2D(N_x=2, N_y=2, mass=-3.056, r=1.000)
Calculating energies for FreeWilson2D(N_x=2, N_y=2, mass=-3.056, r=3.140)
Calculating energies for FreeWilson2D(N_x=2, N_y=2, mass=-3.040, r=1.000)
Calculating energies for FreeWilson2D(N_x=2, N_y=2, mass=-3.040, r=3.140)
Calculating energies for FreeWilson2D(N_x=2, N_y=2, mass=-3.024, r=1.000)
Calculating energies for FreeWilson2D(N_x=2, N_y=2, mass=-3.024, r=3.140)
Calculating energies for FreeWilson2D(N_x=2, N_y=2, mass=-3.008, r=1.000)
Calculating energies for FreeWilson2D(N_x=2, N_y=2, mass=-3.008, r=3.140)
Calculating energies for FreeWilson2D(N_x=2, N_y=2, mass=-2.992, r=1.000)
Calculating energies for FreeWilson2D(N_x=2, N_y=2, mass=-2.992, r=3.140)
Calculating energies for FreeWilson2D(N_x=2, N_y=2, mass=-2.976, r=1.000)
Calculating energies for FreeWilson2D(N_x=2, N_y=2, mass=-2.976, r=3.140)
Calculating energies for FreeWilson2D(N_x=2, N_y=2, mass=-2.960, r=1.000)
Calculating energies for FreeWilson2D(N_x=2, N_y=2, mass=-2.960, r=3.140)
Calculating energies for FreeWilson2D(N_x=2, N_y=2, mass=-2.944, r=1.000)
Calculating energies for FreeWilson2D(N_x=2, N_y=2, mass=-2.944, r=3.140)
Calculating energies for FreeWilson2D(N_x=2, N_y=2, mass=-2.928, r=1.000)
Calculating energies for FreeWilson2D(N_x=2, N_y=2, mass=-2.928, r=3.140)
Calculating energies for FreeWilson2D(N_x=2, N_y=2, mass=-2.912, r=1.000)
Calculating energies for FreeWilson2D(N_x=2, N_y=2, mass=-2.912, r=3.140)
Calculating energies for FreeWilson2D(N_x=2, N_y=2, mass=-2.896, r=1.000)
Calculating energies for FreeWilson2D(N_x=2, N_y=2, mass=-2.896, r=3.140)
Calculating energies for FreeWilson2D(N_x=2, N_y=2, mass=-2.880, r=1.000)
Calculating energies for FreeWilson2D(N_x=2, N_y=2, mass=-2.880, r=3.140)
Calculating energies for FreeWilson2D(N_x=2, N_y=2, mass=-2.864, r=1.000)
Calculating energies for FreeWilson2D(N_x=2, N_y=2, mass=-2.864, r=3.140)
Calculating energies for FreeWilson2D(N_x=2, N_y=2, mass=-2.848, r=1.000)
Calculating energies for FreeWilson2D(N_x=2, N_y=2, mass=-2.848, r=3.140)
Calculating energies for FreeWilson2D(N_x=2, N_y=2, mass=-2.832, r=1.000)
Calculating energies for FreeWilson2D(N_x=2, N_y=2, mass=-2.832, r=3.140)
Calculating energies for FreeWilson2D(N_x=2, N_y=2, mass=-2.816, r=1.000)
Calculating energies for FreeWilson2D(N_x=2, N_y=2, mass=-2.816, r=3.140)
Calculating energies for FreeWilson2D(N_x=2, N_y=2, mass=-2.800, r=1.000)
Calculating energies for FreeWilson2D(N_x=2, N_y=2, mass=-2.800, r=3.140)
Calculating energies for FreeWilson2D(N_x=2, N_y=2, mass=-2.784, r=1.000)
Calculating energies for FreeWilson2D(N_x=2, N_y=2, mass=-2.784, r=3.140)
Calculating energies for FreeWilson2D(N_x=2, N_y=2, mass=-2.768, r=1.000)
Calculating energies for FreeWilson2D(N_x=2, N_y=2, mass=-2.768, r=3.140)
Calculating energies for FreeWilson2D(N_x=2, N_y=2, mass=-2.752, r=1.000)
Calculating energies for FreeWilson2D(N_x=2, N_y=2, mass=-2.752, r=3.140)
Calculating energies for FreeWilson2D(N_x=2, N_y=2, mass=-2.736, r=1.000)
Calculating energies for FreeWilson2D(N_x=2, N_y=2, mass=-2.736, r=3.140)
Calculating energies for FreeWilson2D(N_x=2, N_y=2, mass=-2.720, r=1.000)
Calculating energies for FreeWilson2D(N_x=2, N_y=2, mass=-2.720, r=3.140)
Calculating energies for FreeWilson2D(N_x=2, N_y=2, mass=-2.704, r=1.000)
Calculating energies for FreeWilson2D(N_x=2, N_y=2, mass=-2.704, r=3.140)
Calculating energies for FreeWilson2D(N_x=2, N_y=2, mass=-2.688, r=1.000)
Calculating energies for FreeWilson2D(N_x=2, N_y=2, mass=-2.688, r=3.140)
Calculating energies for FreeWilson2D(N_x=2, N_y=2, mass=-2.672, r=1.000)
Calculating energies for FreeWilson2D(N_x=2, N_y=2, mass=-2.672, r=3.140)
Calculating energies for FreeWilson2D(N_x=2, N_y=2, mass=-2.656, r=1.000)
Calculating energies for FreeWilson2D(N_x=2, N_y=2, mass=-2.656, r=3.140)
Calculating energies for FreeWilson2D(N_x=2, N_y=2, mass=-2.640, r=1.000)
Calculating energies for FreeWilson2D(N_x=2, N_y=2, mass=-2.640, r=3.140)
Calculating energies for FreeWilson2D(N_x=2, N_y=2, mass=-2.624, r=1.000)
Calculating energies for FreeWilson2D(N_x=2, N_y=2, mass=-2.624, r=3.140)
Calculating energies for FreeWilson2D(N_x=2, N_y=2, mass=-2.608, r=1.000)
Calculating energies for FreeWilson2D(N_x=2, N_y=2, mass=-2.608, r=3.140)
Calculating energies for FreeWilson2D(N_x=2, N_y=2, mass=-2.592, r=1.000)
Calculating energies for FreeWilson2D(N_x=2, N_y=2, mass=-2.592, r=3.140)
Calculating energies for FreeWilson2D(N_x=2, N_y=2, mass=-2.576, r=1.000)
Calculating energies for FreeWilson2D(N_x=2, N_y=2, mass=-2.576, r=3.140)
Calculating energies for FreeWilson2D(N_x=2, N_y=2, mass=-2.560, r=1.000)
Calculating energies for FreeWilson2D(N_x=2, N_y=2, mass=-2.560, r=3.140)
Calculating energies for FreeWilson2D(N_x=2, N_y=2, mass=-2.544, r=1.000)
Calculating energies for FreeWilson2D(N_x=2, N_y=2, mass=-2.544, r=3.140)
Calculating energies for FreeWilson2D(N_x=2, N_y=2, mass=-2.528, r=1.000)
Calculating energies for FreeWilson2D(N_x=2, N_y=2, mass=-2.528, r=3.140)
Calculating energies for FreeWilson2D(N_x=2, N_y=2, mass=-2.512, r=1.000)
Calculating energies for FreeWilson2D(N_x=2, N_y=2, mass=-2.512, r=3.140)
Calculating energies for FreeWilson2D(N_x=2, N_y=2, mass=-2.496, r=1.000)
Calculating energies for FreeWilson2D(N_x=2, N_y=2, mass=-2.496, r=3.140)
Calculating energies for FreeWilson2D(N_x=2, N_y=2, mass=-2.480, r=1.000)
Calculating energies for FreeWilson2D(N_x=2, N_y=2, mass=-2.480, r=3.140)
Calculating energies for FreeWilson2D(N_x=2, N_y=2, mass=-2.464, r=1.000)
Calculating energies for FreeWilson2D(N_x=2, N_y=2, mass=-2.464, r=3.140)
Calculating energies for FreeWilson2D(N_x=2, N_y=2, mass=-2.448, r=1.000)
Calculating energies for FreeWilson2D(N_x=2, N_y=2, mass=-2.448, r=3.140)
Calculating energies for FreeWilson2D(N_x=2, N_y=2, mass=-2.432, r=1.000)
Calculating energies for FreeWilson2D(N_x=2, N_y=2, mass=-2.432, r=3.140)
Calculating energies for FreeWilson2D(N_x=2, N_y=2, mass=-2.416, r=1.000)
Calculating energies for FreeWilson2D(N_x=2, N_y=2, mass=-2.416, r=3.140)
Calculating energies for FreeWilson2D(N_x=2, N_y=2, mass=-2.400, r=1.000)
Calculating energies for FreeWilson2D(N_x=2, N_y=2, mass=-2.400, r=3.140)
Calculating energies for FreeWilson2D(N_x=2, N_y=2, mass=-2.384, r=1.000)
Calculating energies for FreeWilson2D(N_x=2, N_y=2, mass=-2.384, r=3.140)
Calculating energies for FreeWilson2D(N_x=2, N_y=2, mass=-2.368, r=1.000)
Calculating energies for FreeWilson2D(N_x=2, N_y=2, mass=-2.368, r=3.140)
Calculating energies for FreeWilson2D(N_x=2, N_y=2, mass=-2.352, r=1.000)
Calculating energies for FreeWilson2D(N_x=2, N_y=2, mass=-2.352, r=3.140)
Calculating energies for FreeWilson2D(N_x=2, N_y=2, mass=-2.336, r=1.000)
Calculating energies for FreeWilson2D(N_x=2, N_y=2, mass=-2.336, r=3.140)
Calculating energies for FreeWilson2D(N_x=2, N_y=2, mass=-2.320, r=1.000)
Calculating energies for FreeWilson2D(N_x=2, N_y=2, mass=-2.320, r=3.140)
Calculating energies for FreeWilson2D(N_x=2, N_y=2, mass=-2.304, r=1.000)
Calculating energies for FreeWilson2D(N_x=2, N_y=2, mass=-2.304, r=3.140)
Calculating energies for FreeWilson2D(N_x=2, N_y=2, mass=-2.288, r=1.000)
Calculating energies for FreeWilson2D(N_x=2, N_y=2, mass=-2.288, r=3.140)
Calculating energies for FreeWilson2D(N_x=2, N_y=2, mass=-2.272, r=1.000)
Calculating energies for FreeWilson2D(N_x=2, N_y=2, mass=-2.272, r=3.140)
Calculating energies for FreeWilson2D(N_x=2, N_y=2, mass=-2.256, r=1.000)
Calculating energies for FreeWilson2D(N_x=2, N_y=2, mass=-2.256, r=3.140)
Calculating energies for FreeWilson2D(N_x=2, N_y=2, mass=-2.240, r=1.000)
Calculating energies for FreeWilson2D(N_x=2, N_y=2, mass=-2.240, r=3.140)
Calculating energies for FreeWilson2D(N_x=2, N_y=2, mass=-2.224, r=1.000)
Calculating energies for FreeWilson2D(N_x=2, N_y=2, mass=-2.224, r=3.140)
Calculating energies for FreeWilson2D(N_x=2, N_y=2, mass=-2.208, r=1.000)
Calculating energies for FreeWilson2D(N_x=2, N_y=2, mass=-2.208, r=3.140)
Calculating energies for FreeWilson2D(N_x=2, N_y=2, mass=-2.192, r=1.000)
Calculating energies for FreeWilson2D(N_x=2, N_y=2, mass=-2.192, r=3.140)
Calculating energies for FreeWilson2D(N_x=2, N_y=2, mass=-2.176, r=1.000)
Calculating energies for FreeWilson2D(N_x=2, N_y=2, mass=-2.176, r=3.140)
Calculating energies for FreeWilson2D(N_x=2, N_y=2, mass=-2.160, r=1.000)
Calculating energies for FreeWilson2D(N_x=2, N_y=2, mass=-2.160, r=3.140)
Calculating energies for FreeWilson2D(N_x=2, N_y=2, mass=-2.144, r=1.000)
Calculating energies for FreeWilson2D(N_x=2, N_y=2, mass=-2.144, r=3.140)
Calculating energies for FreeWilson2D(N_x=2, N_y=2, mass=-2.128, r=1.000)
Calculating energies for FreeWilson2D(N_x=2, N_y=2, mass=-2.128, r=3.140)
Calculating energies for FreeWilson2D(N_x=2, N_y=2, mass=-2.112, r=1.000)
Calculating energies for FreeWilson2D(N_x=2, N_y=2, mass=-2.112, r=3.140)
Calculating energies for FreeWilson2D(N_x=2, N_y=2, mass=-2.096, r=1.000)
Calculating energies for FreeWilson2D(N_x=2, N_y=2, mass=-2.096, r=3.140)
Calculating energies for FreeWilson2D(N_x=2, N_y=2, mass=-2.080, r=1.000)
Calculating energies for FreeWilson2D(N_x=2, N_y=2, mass=-2.080, r=3.140)
Calculating energies for FreeWilson2D(N_x=2, N_y=2, mass=-2.064, r=1.000)
Calculating energies for FreeWilson2D(N_x=2, N_y=2, mass=-2.064, r=3.140)
Calculating energies for FreeWilson2D(N_x=2, N_y=2, mass=-2.048, r=1.000)
Calculating energies for FreeWilson2D(N_x=2, N_y=2, mass=-2.048, r=3.140)
Calculating energies for FreeWilson2D(N_x=2, N_y=2, mass=-2.032, r=1.000)
Calculating energies for FreeWilson2D(N_x=2, N_y=2, mass=-2.032, r=3.140)
Calculating energies for FreeWilson2D(N_x=2, N_y=2, mass=-2.016, r=1.000)
Calculating energies for FreeWilson2D(N_x=2, N_y=2, mass=-2.016, r=3.140)
Calculating energies for FreeWilson2D(N_x=2, N_y=2, mass=-2.000, r=1.000)
Calculating energies for FreeWilson2D(N_x=2, N_y=2, mass=-2.000, r=3.140)
Calculating energies for FreeWilson2D(N_x=2, N_y=2, mass=-1.984, r=1.000)
Calculating energies for FreeWilson2D(N_x=2, N_y=2, mass=-1.984, r=3.140)
Calculating energies for FreeWilson2D(N_x=2, N_y=2, mass=-1.968, r=1.000)
Calculating energies for FreeWilson2D(N_x=2, N_y=2, mass=-1.968, r=3.140)
Calculating energies for FreeWilson2D(N_x=2, N_y=2, mass=-1.952, r=1.000)
Calculating energies for FreeWilson2D(N_x=2, N_y=2, mass=-1.952, r=3.140)
Calculating energies for FreeWilson2D(N_x=2, N_y=2, mass=-1.936, r=1.000)
Calculating energies for FreeWilson2D(N_x=2, N_y=2, mass=-1.936, r=3.140)
Calculating energies for FreeWilson2D(N_x=2, N_y=2, mass=-1.920, r=1.000)
Calculating energies for FreeWilson2D(N_x=2, N_y=2, mass=-1.920, r=3.140)
Calculating energies for FreeWilson2D(N_x=2, N_y=2, mass=-1.904, r=1.000)
Calculating energies for FreeWilson2D(N_x=2, N_y=2, mass=-1.904, r=3.140)
Calculating energies for FreeWilson2D(N_x=2, N_y=2, mass=-1.888, r=1.000)
Calculating energies for FreeWilson2D(N_x=2, N_y=2, mass=-1.888, r=3.140)
Calculating energies for FreeWilson2D(N_x=2, N_y=2, mass=-1.872, r=1.000)
Calculating energies for FreeWilson2D(N_x=2, N_y=2, mass=-1.872, r=3.140)
Calculating energies for FreeWilson2D(N_x=2, N_y=2, mass=-1.856, r=1.000)
Calculating energies for FreeWilson2D(N_x=2, N_y=2, mass=-1.856, r=3.140)
Calculating energies for FreeWilson2D(N_x=2, N_y=2, mass=-1.840, r=1.000)
Calculating energies for FreeWilson2D(N_x=2, N_y=2, mass=-1.840, r=3.140)
Calculating energies for FreeWilson2D(N_x=2, N_y=2, mass=-1.824, r=1.000)
Calculating energies for FreeWilson2D(N_x=2, N_y=2, mass=-1.824, r=3.140)
Calculating energies for FreeWilson2D(N_x=2, N_y=2, mass=-1.808, r=1.000)
Calculating energies for FreeWilson2D(N_x=2, N_y=2, mass=-1.808, r=3.140)
Calculating energies for FreeWilson2D(N_x=2, N_y=2, mass=-1.792, r=1.000)
Calculating energies for FreeWilson2D(N_x=2, N_y=2, mass=-1.792, r=3.140)
Calculating energies for FreeWilson2D(N_x=2, N_y=2, mass=-1.776, r=1.000)
Calculating energies for FreeWilson2D(N_x=2, N_y=2, mass=-1.776, r=3.140)
Calculating energies for FreeWilson2D(N_x=2, N_y=2, mass=-1.760, r=1.000)
Calculating energies for FreeWilson2D(N_x=2, N_y=2, mass=-1.760, r=3.140)
Calculating energies for FreeWilson2D(N_x=2, N_y=2, mass=-1.744, r=1.000)
Calculating energies for FreeWilson2D(N_x=2, N_y=2, mass=-1.744, r=3.140)
Calculating energies for FreeWilson2D(N_x=2, N_y=2, mass=-1.728, r=1.000)
Calculating energies for FreeWilson2D(N_x=2, N_y=2, mass=-1.728, r=3.140)
Calculating energies for FreeWilson2D(N_x=2, N_y=2, mass=-1.712, r=1.000)
Calculating energies for FreeWilson2D(N_x=2, N_y=2, mass=-1.712, r=3.140)
Calculating energies for FreeWilson2D(N_x=2, N_y=2, mass=-1.696, r=1.000)
Calculating energies for FreeWilson2D(N_x=2, N_y=2, mass=-1.696, r=3.140)
Calculating energies for FreeWilson2D(N_x=2, N_y=2, mass=-1.680, r=1.000)
Calculating energies for FreeWilson2D(N_x=2, N_y=2, mass=-1.680, r=3.140)
Calculating energies for FreeWilson2D(N_x=2, N_y=2, mass=-1.664, r=1.000)
Calculating energies for FreeWilson2D(N_x=2, N_y=2, mass=-1.664, r=3.140)
Calculating energies for FreeWilson2D(N_x=2, N_y=2, mass=-1.648, r=1.000)
Calculating energies for FreeWilson2D(N_x=2, N_y=2, mass=-1.648, r=3.140)
Calculating energies for FreeWilson2D(N_x=2, N_y=2, mass=-1.632, r=1.000)
Calculating energies for FreeWilson2D(N_x=2, N_y=2, mass=-1.632, r=3.140)
Calculating energies for FreeWilson2D(N_x=2, N_y=2, mass=-1.616, r=1.000)
Calculating energies for FreeWilson2D(N_x=2, N_y=2, mass=-1.616, r=3.140)
Calculating energies for FreeWilson2D(N_x=2, N_y=2, mass=-1.600, r=1.000)
Calculating energies for FreeWilson2D(N_x=2, N_y=2, mass=-1.600, r=3.140)
Calculating energies for FreeWilson2D(N_x=2, N_y=2, mass=-1.584, r=1.000)
Calculating energies for FreeWilson2D(N_x=2, N_y=2, mass=-1.584, r=3.140)
Calculating energies for FreeWilson2D(N_x=2, N_y=2, mass=-1.568, r=1.000)
Calculating energies for FreeWilson2D(N_x=2, N_y=2, mass=-1.568, r=3.140)
Calculating energies for FreeWilson2D(N_x=2, N_y=2, mass=-1.552, r=1.000)
Calculating energies for FreeWilson2D(N_x=2, N_y=2, mass=-1.552, r=3.140)
Calculating energies for FreeWilson2D(N_x=2, N_y=2, mass=-1.536, r=1.000)
Calculating energies for FreeWilson2D(N_x=2, N_y=2, mass=-1.536, r=3.140)
Calculating energies for FreeWilson2D(N_x=2, N_y=2, mass=-1.520, r=1.000)
Calculating energies for FreeWilson2D(N_x=2, N_y=2, mass=-1.520, r=3.140)
Calculating energies for FreeWilson2D(N_x=2, N_y=2, mass=-1.504, r=1.000)
Calculating energies for FreeWilson2D(N_x=2, N_y=2, mass=-1.504, r=3.140)
Calculating energies for FreeWilson2D(N_x=2, N_y=2, mass=-1.488, r=1.000)
Calculating energies for FreeWilson2D(N_x=2, N_y=2, mass=-1.488, r=3.140)
Calculating energies for FreeWilson2D(N_x=2, N_y=2, mass=-1.472, r=1.000)
Calculating energies for FreeWilson2D(N_x=2, N_y=2, mass=-1.472, r=3.140)
Calculating energies for FreeWilson2D(N_x=2, N_y=2, mass=-1.456, r=1.000)
Calculating energies for FreeWilson2D(N_x=2, N_y=2, mass=-1.456, r=3.140)
Calculating energies for FreeWilson2D(N_x=2, N_y=2, mass=-1.440, r=1.000)
Calculating energies for FreeWilson2D(N_x=2, N_y=2, mass=-1.440, r=3.140)
Calculating energies for FreeWilson2D(N_x=2, N_y=2, mass=-1.424, r=1.000)
Calculating energies for FreeWilson2D(N_x=2, N_y=2, mass=-1.424, r=3.140)
Calculating energies for FreeWilson2D(N_x=2, N_y=2, mass=-1.408, r=1.000)
Calculating energies for FreeWilson2D(N_x=2, N_y=2, mass=-1.408, r=3.140)
Calculating energies for FreeWilson2D(N_x=2, N_y=2, mass=-1.392, r=1.000)
Calculating energies for FreeWilson2D(N_x=2, N_y=2, mass=-1.392, r=3.140)
Calculating energies for FreeWilson2D(N_x=2, N_y=2, mass=-1.376, r=1.000)
Calculating energies for FreeWilson2D(N_x=2, N_y=2, mass=-1.376, r=3.140)
Calculating energies for FreeWilson2D(N_x=2, N_y=2, mass=-1.360, r=1.000)
Calculating energies for FreeWilson2D(N_x=2, N_y=2, mass=-1.360, r=3.140)
Calculating energies for FreeWilson2D(N_x=2, N_y=2, mass=-1.344, r=1.000)
Calculating energies for FreeWilson2D(N_x=2, N_y=2, mass=-1.344, r=3.140)
Calculating energies for FreeWilson2D(N_x=2, N_y=2, mass=-1.328, r=1.000)
Calculating energies for FreeWilson2D(N_x=2, N_y=2, mass=-1.328, r=3.140)
Calculating energies for FreeWilson2D(N_x=2, N_y=2, mass=-1.312, r=1.000)
Calculating energies for FreeWilson2D(N_x=2, N_y=2, mass=-1.312, r=3.140)
Calculating energies for FreeWilson2D(N_x=2, N_y=2, mass=-1.296, r=1.000)
Calculating energies for FreeWilson2D(N_x=2, N_y=2, mass=-1.296, r=3.140)
Calculating energies for FreeWilson2D(N_x=2, N_y=2, mass=-1.280, r=1.000)
Calculating energies for FreeWilson2D(N_x=2, N_y=2, mass=-1.280, r=3.140)
Calculating energies for FreeWilson2D(N_x=2, N_y=2, mass=-1.264, r=1.000)
Calculating energies for FreeWilson2D(N_x=2, N_y=2, mass=-1.264, r=3.140)
Calculating energies for FreeWilson2D(N_x=2, N_y=2, mass=-1.248, r=1.000)
Calculating energies for FreeWilson2D(N_x=2, N_y=2, mass=-1.248, r=3.140)
Calculating energies for FreeWilson2D(N_x=2, N_y=2, mass=-1.232, r=1.000)
Calculating energies for FreeWilson2D(N_x=2, N_y=2, mass=-1.232, r=3.140)
Calculating energies for FreeWilson2D(N_x=2, N_y=2, mass=-1.216, r=1.000)
Calculating energies for FreeWilson2D(N_x=2, N_y=2, mass=-1.216, r=3.140)
Calculating energies for FreeWilson2D(N_x=2, N_y=2, mass=-1.200, r=1.000)
Calculating energies for FreeWilson2D(N_x=2, N_y=2, mass=-1.200, r=3.140)
Calculating energies for FreeWilson2D(N_x=2, N_y=2, mass=-1.184, r=1.000)
Calculating energies for FreeWilson2D(N_x=2, N_y=2, mass=-1.184, r=3.140)
Calculating energies for FreeWilson2D(N_x=2, N_y=2, mass=-1.168, r=1.000)
Calculating energies for FreeWilson2D(N_x=2, N_y=2, mass=-1.168, r=3.140)
Calculating energies for FreeWilson2D(N_x=2, N_y=2, mass=-1.152, r=1.000)
Calculating energies for FreeWilson2D(N_x=2, N_y=2, mass=-1.152, r=3.140)
Calculating energies for FreeWilson2D(N_x=2, N_y=2, mass=-1.136, r=1.000)
Calculating energies for FreeWilson2D(N_x=2, N_y=2, mass=-1.136, r=3.140)
Calculating energies for FreeWilson2D(N_x=2, N_y=2, mass=-1.120, r=1.000)
Calculating energies for FreeWilson2D(N_x=2, N_y=2, mass=-1.120, r=3.140)
Calculating energies for FreeWilson2D(N_x=2, N_y=2, mass=-1.104, r=1.000)
Calculating energies for FreeWilson2D(N_x=2, N_y=2, mass=-1.104, r=3.140)
Calculating energies for FreeWilson2D(N_x=2, N_y=2, mass=-1.088, r=1.000)
Calculating energies for FreeWilson2D(N_x=2, N_y=2, mass=-1.088, r=3.140)
Calculating energies for FreeWilson2D(N_x=2, N_y=2, mass=-1.072, r=1.000)
Calculating energies for FreeWilson2D(N_x=2, N_y=2, mass=-1.072, r=3.140)
Calculating energies for FreeWilson2D(N_x=2, N_y=2, mass=-1.056, r=1.000)
Calculating energies for FreeWilson2D(N_x=2, N_y=2, mass=-1.056, r=3.140)
Calculating energies for FreeWilson2D(N_x=2, N_y=2, mass=-1.040, r=1.000)
Calculating energies for FreeWilson2D(N_x=2, N_y=2, mass=-1.040, r=3.140)
Calculating energies for FreeWilson2D(N_x=2, N_y=2, mass=-1.024, r=1.000)
Calculating energies for FreeWilson2D(N_x=2, N_y=2, mass=-1.024, r=3.140)
Calculating energies for FreeWilson2D(N_x=2, N_y=2, mass=-1.008, r=1.000)
Calculating energies for FreeWilson2D(N_x=2, N_y=2, mass=-1.008, r=3.140)
Calculating energies for FreeWilson2D(N_x=2, N_y=2, mass=-0.992, r=1.000)
Calculating energies for FreeWilson2D(N_x=2, N_y=2, mass=-0.992, r=3.140)
Calculating energies for FreeWilson2D(N_x=2, N_y=2, mass=-0.976, r=1.000)
Calculating energies for FreeWilson2D(N_x=2, N_y=2, mass=-0.976, r=3.140)
Calculating energies for FreeWilson2D(N_x=2, N_y=2, mass=-0.960, r=1.000)
Calculating energies for FreeWilson2D(N_x=2, N_y=2, mass=-0.960, r=3.140)
Calculating energies for FreeWilson2D(N_x=2, N_y=2, mass=-0.944, r=1.000)
Calculating energies for FreeWilson2D(N_x=2, N_y=2, mass=-0.944, r=3.140)
Calculating energies for FreeWilson2D(N_x=2, N_y=2, mass=-0.928, r=1.000)
Calculating energies for FreeWilson2D(N_x=2, N_y=2, mass=-0.928, r=3.140)
Calculating energies for FreeWilson2D(N_x=2, N_y=2, mass=-0.912, r=1.000)
Calculating energies for FreeWilson2D(N_x=2, N_y=2, mass=-0.912, r=3.140)
Calculating energies for FreeWilson2D(N_x=2, N_y=2, mass=-0.896, r=1.000)
Calculating energies for FreeWilson2D(N_x=2, N_y=2, mass=-0.896, r=3.140)
Calculating energies for FreeWilson2D(N_x=2, N_y=2, mass=-0.880, r=1.000)
Calculating energies for FreeWilson2D(N_x=2, N_y=2, mass=-0.880, r=3.140)
Calculating energies for FreeWilson2D(N_x=2, N_y=2, mass=-0.864, r=1.000)
Calculating energies for FreeWilson2D(N_x=2, N_y=2, mass=-0.864, r=3.140)
Calculating energies for FreeWilson2D(N_x=2, N_y=2, mass=-0.848, r=1.000)
Calculating energies for FreeWilson2D(N_x=2, N_y=2, mass=-0.848, r=3.140)
Calculating energies for FreeWilson2D(N_x=2, N_y=2, mass=-0.832, r=1.000)
Calculating energies for FreeWilson2D(N_x=2, N_y=2, mass=-0.832, r=3.140)
Calculating energies for FreeWilson2D(N_x=2, N_y=2, mass=-0.816, r=1.000)
Calculating energies for FreeWilson2D(N_x=2, N_y=2, mass=-0.816, r=3.140)
Calculating energies for FreeWilson2D(N_x=2, N_y=2, mass=-0.800, r=1.000)
Calculating energies for FreeWilson2D(N_x=2, N_y=2, mass=-0.800, r=3.140)
Calculating energies for FreeWilson2D(N_x=2, N_y=2, mass=-0.784, r=1.000)
Calculating energies for FreeWilson2D(N_x=2, N_y=2, mass=-0.784, r=3.140)
Calculating energies for FreeWilson2D(N_x=2, N_y=2, mass=-0.768, r=1.000)
Calculating energies for FreeWilson2D(N_x=2, N_y=2, mass=-0.768, r=3.140)
Calculating energies for FreeWilson2D(N_x=2, N_y=2, mass=-0.752, r=1.000)
Calculating energies for FreeWilson2D(N_x=2, N_y=2, mass=-0.752, r=3.140)
Calculating energies for FreeWilson2D(N_x=2, N_y=2, mass=-0.736, r=1.000)
Calculating energies for FreeWilson2D(N_x=2, N_y=2, mass=-0.736, r=3.140)
Calculating energies for FreeWilson2D(N_x=2, N_y=2, mass=-0.720, r=1.000)
Calculating energies for FreeWilson2D(N_x=2, N_y=2, mass=-0.720, r=3.140)
Calculating energies for FreeWilson2D(N_x=2, N_y=2, mass=-0.704, r=1.000)
Calculating energies for FreeWilson2D(N_x=2, N_y=2, mass=-0.704, r=3.140)
Calculating energies for FreeWilson2D(N_x=2, N_y=2, mass=-0.688, r=1.000)
Calculating energies for FreeWilson2D(N_x=2, N_y=2, mass=-0.688, r=3.140)
Calculating energies for FreeWilson2D(N_x=2, N_y=2, mass=-0.672, r=1.000)
Calculating energies for FreeWilson2D(N_x=2, N_y=2, mass=-0.672, r=3.140)
Calculating energies for FreeWilson2D(N_x=2, N_y=2, mass=-0.656, r=1.000)
Calculating energies for FreeWilson2D(N_x=2, N_y=2, mass=-0.656, r=3.140)
Calculating energies for FreeWilson2D(N_x=2, N_y=2, mass=-0.640, r=1.000)
Calculating energies for FreeWilson2D(N_x=2, N_y=2, mass=-0.640, r=3.140)
Calculating energies for FreeWilson2D(N_x=2, N_y=2, mass=-0.624, r=1.000)
Calculating energies for FreeWilson2D(N_x=2, N_y=2, mass=-0.624, r=3.140)
Calculating energies for FreeWilson2D(N_x=2, N_y=2, mass=-0.608, r=1.000)
Calculating energies for FreeWilson2D(N_x=2, N_y=2, mass=-0.608, r=3.140)
Calculating energies for FreeWilson2D(N_x=2, N_y=2, mass=-0.592, r=1.000)
Calculating energies for FreeWilson2D(N_x=2, N_y=2, mass=-0.592, r=3.140)
Calculating energies for FreeWilson2D(N_x=2, N_y=2, mass=-0.576, r=1.000)
Calculating energies for FreeWilson2D(N_x=2, N_y=2, mass=-0.576, r=3.140)
Calculating energies for FreeWilson2D(N_x=2, N_y=2, mass=-0.560, r=1.000)
Calculating energies for FreeWilson2D(N_x=2, N_y=2, mass=-0.560, r=3.140)
Calculating energies for FreeWilson2D(N_x=2, N_y=2, mass=-0.544, r=1.000)
Calculating energies for FreeWilson2D(N_x=2, N_y=2, mass=-0.544, r=3.140)
Calculating energies for FreeWilson2D(N_x=2, N_y=2, mass=-0.528, r=1.000)
Calculating energies for FreeWilson2D(N_x=2, N_y=2, mass=-0.528, r=3.140)
Calculating energies for FreeWilson2D(N_x=2, N_y=2, mass=-0.512, r=1.000)
Calculating energies for FreeWilson2D(N_x=2, N_y=2, mass=-0.512, r=3.140)
Calculating energies for FreeWilson2D(N_x=2, N_y=2, mass=-0.496, r=1.000)
Calculating energies for FreeWilson2D(N_x=2, N_y=2, mass=-0.496, r=3.140)
Calculating energies for FreeWilson2D(N_x=2, N_y=2, mass=-0.480, r=1.000)
Calculating energies for FreeWilson2D(N_x=2, N_y=2, mass=-0.480, r=3.140)
Calculating energies for FreeWilson2D(N_x=2, N_y=2, mass=-0.464, r=1.000)
Calculating energies for FreeWilson2D(N_x=2, N_y=2, mass=-0.464, r=3.140)
Calculating energies for FreeWilson2D(N_x=2, N_y=2, mass=-0.448, r=1.000)
Calculating energies for FreeWilson2D(N_x=2, N_y=2, mass=-0.448, r=3.140)
Calculating energies for FreeWilson2D(N_x=2, N_y=2, mass=-0.432, r=1.000)
Calculating energies for FreeWilson2D(N_x=2, N_y=2, mass=-0.432, r=3.140)
Calculating energies for FreeWilson2D(N_x=2, N_y=2, mass=-0.416, r=1.000)
Calculating energies for FreeWilson2D(N_x=2, N_y=2, mass=-0.416, r=3.140)
Calculating energies for FreeWilson2D(N_x=2, N_y=2, mass=-0.400, r=1.000)
Calculating energies for FreeWilson2D(N_x=2, N_y=2, mass=-0.400, r=3.140)
Calculating energies for FreeWilson2D(N_x=2, N_y=2, mass=-0.384, r=1.000)
Calculating energies for FreeWilson2D(N_x=2, N_y=2, mass=-0.384, r=3.140)
Calculating energies for FreeWilson2D(N_x=2, N_y=2, mass=-0.368, r=1.000)
Calculating energies for FreeWilson2D(N_x=2, N_y=2, mass=-0.368, r=3.140)
Calculating energies for FreeWilson2D(N_x=2, N_y=2, mass=-0.352, r=1.000)
Calculating energies for FreeWilson2D(N_x=2, N_y=2, mass=-0.352, r=3.140)
Calculating energies for FreeWilson2D(N_x=2, N_y=2, mass=-0.336, r=1.000)
Calculating energies for FreeWilson2D(N_x=2, N_y=2, mass=-0.336, r=3.140)
Calculating energies for FreeWilson2D(N_x=2, N_y=2, mass=-0.320, r=1.000)
Calculating energies for FreeWilson2D(N_x=2, N_y=2, mass=-0.320, r=3.140)
Calculating energies for FreeWilson2D(N_x=2, N_y=2, mass=-0.304, r=1.000)
Calculating energies for FreeWilson2D(N_x=2, N_y=2, mass=-0.304, r=3.140)
Calculating energies for FreeWilson2D(N_x=2, N_y=2, mass=-0.288, r=1.000)
Calculating energies for FreeWilson2D(N_x=2, N_y=2, mass=-0.288, r=3.140)
Calculating energies for FreeWilson2D(N_x=2, N_y=2, mass=-0.272, r=1.000)
Calculating energies for FreeWilson2D(N_x=2, N_y=2, mass=-0.272, r=3.140)
Calculating energies for FreeWilson2D(N_x=2, N_y=2, mass=-0.256, r=1.000)
Calculating energies for FreeWilson2D(N_x=2, N_y=2, mass=-0.256, r=3.140)
Calculating energies for FreeWilson2D(N_x=2, N_y=2, mass=-0.240, r=1.000)
Calculating energies for FreeWilson2D(N_x=2, N_y=2, mass=-0.240, r=3.140)
Calculating energies for FreeWilson2D(N_x=2, N_y=2, mass=-0.224, r=1.000)
Calculating energies for FreeWilson2D(N_x=2, N_y=2, mass=-0.224, r=3.140)
Calculating energies for FreeWilson2D(N_x=2, N_y=2, mass=-0.208, r=1.000)
Calculating energies for FreeWilson2D(N_x=2, N_y=2, mass=-0.208, r=3.140)
Calculating energies for FreeWilson2D(N_x=2, N_y=2, mass=-0.192, r=1.000)
Calculating energies for FreeWilson2D(N_x=2, N_y=2, mass=-0.192, r=3.140)
Calculating energies for FreeWilson2D(N_x=2, N_y=2, mass=-0.176, r=1.000)
Calculating energies for FreeWilson2D(N_x=2, N_y=2, mass=-0.176, r=3.140)
Calculating energies for FreeWilson2D(N_x=2, N_y=2, mass=-0.160, r=1.000)
Calculating energies for FreeWilson2D(N_x=2, N_y=2, mass=-0.160, r=3.140)
Calculating energies for FreeWilson2D(N_x=2, N_y=2, mass=-0.144, r=1.000)
Calculating energies for FreeWilson2D(N_x=2, N_y=2, mass=-0.144, r=3.140)
Calculating energies for FreeWilson2D(N_x=2, N_y=2, mass=-0.128, r=1.000)
Calculating energies for FreeWilson2D(N_x=2, N_y=2, mass=-0.128, r=3.140)
Calculating energies for FreeWilson2D(N_x=2, N_y=2, mass=-0.112, r=1.000)
Calculating energies for FreeWilson2D(N_x=2, N_y=2, mass=-0.112, r=3.140)
Calculating energies for FreeWilson2D(N_x=2, N_y=2, mass=-0.096, r=1.000)
Calculating energies for FreeWilson2D(N_x=2, N_y=2, mass=-0.096, r=3.140)
Calculating energies for FreeWilson2D(N_x=2, N_y=2, mass=-0.080, r=1.000)
Calculating energies for FreeWilson2D(N_x=2, N_y=2, mass=-0.080, r=3.140)
Calculating energies for FreeWilson2D(N_x=2, N_y=2, mass=-0.064, r=1.000)
Calculating energies for FreeWilson2D(N_x=2, N_y=2, mass=-0.064, r=3.140)
Calculating energies for FreeWilson2D(N_x=2, N_y=2, mass=-0.048, r=1.000)
Calculating energies for FreeWilson2D(N_x=2, N_y=2, mass=-0.048, r=3.140)
Calculating energies for FreeWilson2D(N_x=2, N_y=2, mass=-0.032, r=1.000)
Calculating energies for FreeWilson2D(N_x=2, N_y=2, mass=-0.032, r=3.140)
Calculating energies for FreeWilson2D(N_x=2, N_y=2, mass=-0.016, r=1.000)
Calculating energies for FreeWilson2D(N_x=2, N_y=2, mass=-0.016, r=3.140)
Calculating energies for FreeWilson2D(N_x=2, N_y=2, mass=0.000, r=1.000)
Calculating energies for FreeWilson2D(N_x=2, N_y=2, mass=0.000, r=3.140)
Calculating energies for FreeWilson2D(N_x=2, N_y=2, mass=0.016, r=1.000)
Calculating energies for FreeWilson2D(N_x=2, N_y=2, mass=0.016, r=3.140)
Calculating energies for FreeWilson2D(N_x=2, N_y=2, mass=0.032, r=1.000)
Calculating energies for FreeWilson2D(N_x=2, N_y=2, mass=0.032, r=3.140)
Calculating energies for FreeWilson2D(N_x=2, N_y=2, mass=0.048, r=1.000)
Calculating energies for FreeWilson2D(N_x=2, N_y=2, mass=0.048, r=3.140)
Calculating energies for FreeWilson2D(N_x=2, N_y=2, mass=0.064, r=1.000)
Calculating energies for FreeWilson2D(N_x=2, N_y=2, mass=0.064, r=3.140)
Calculating energies for FreeWilson2D(N_x=2, N_y=2, mass=0.080, r=1.000)
Calculating energies for FreeWilson2D(N_x=2, N_y=2, mass=0.080, r=3.140)
Calculating energies for FreeWilson2D(N_x=2, N_y=2, mass=0.096, r=1.000)
Calculating energies for FreeWilson2D(N_x=2, N_y=2, mass=0.096, r=3.140)
Calculating energies for FreeWilson2D(N_x=2, N_y=2, mass=0.112, r=1.000)
Calculating energies for FreeWilson2D(N_x=2, N_y=2, mass=0.112, r=3.140)
Calculating energies for FreeWilson2D(N_x=2, N_y=2, mass=0.128, r=1.000)
Calculating energies for FreeWilson2D(N_x=2, N_y=2, mass=0.128, r=3.140)
Calculating energies for FreeWilson2D(N_x=2, N_y=2, mass=0.144, r=1.000)
Calculating energies for FreeWilson2D(N_x=2, N_y=2, mass=0.144, r=3.140)
Calculating energies for FreeWilson2D(N_x=2, N_y=2, mass=0.160, r=1.000)
Calculating energies for FreeWilson2D(N_x=2, N_y=2, mass=0.160, r=3.140)
Calculating energies for FreeWilson2D(N_x=2, N_y=2, mass=0.176, r=1.000)
Calculating energies for FreeWilson2D(N_x=2, N_y=2, mass=0.176, r=3.140)
Calculating energies for FreeWilson2D(N_x=2, N_y=2, mass=0.192, r=1.000)
Calculating energies for FreeWilson2D(N_x=2, N_y=2, mass=0.192, r=3.140)
Calculating energies for FreeWilson2D(N_x=2, N_y=2, mass=0.208, r=1.000)
Calculating energies for FreeWilson2D(N_x=2, N_y=2, mass=0.208, r=3.140)
Calculating energies for FreeWilson2D(N_x=2, N_y=2, mass=0.224, r=1.000)
Calculating energies for FreeWilson2D(N_x=2, N_y=2, mass=0.224, r=3.140)
Calculating energies for FreeWilson2D(N_x=2, N_y=2, mass=0.240, r=1.000)
Calculating energies for FreeWilson2D(N_x=2, N_y=2, mass=0.240, r=3.140)
Calculating energies for FreeWilson2D(N_x=2, N_y=2, mass=0.256, r=1.000)
Calculating energies for FreeWilson2D(N_x=2, N_y=2, mass=0.256, r=3.140)
Calculating energies for FreeWilson2D(N_x=2, N_y=2, mass=0.272, r=1.000)
Calculating energies for FreeWilson2D(N_x=2, N_y=2, mass=0.272, r=3.140)
Calculating energies for FreeWilson2D(N_x=2, N_y=2, mass=0.288, r=1.000)
Calculating energies for FreeWilson2D(N_x=2, N_y=2, mass=0.288, r=3.140)
Calculating energies for FreeWilson2D(N_x=2, N_y=2, mass=0.304, r=1.000)
Calculating energies for FreeWilson2D(N_x=2, N_y=2, mass=0.304, r=3.140)
Calculating energies for FreeWilson2D(N_x=2, N_y=2, mass=0.320, r=1.000)
Calculating energies for FreeWilson2D(N_x=2, N_y=2, mass=0.320, r=3.140)
Calculating energies for FreeWilson2D(N_x=2, N_y=2, mass=0.336, r=1.000)
Calculating energies for FreeWilson2D(N_x=2, N_y=2, mass=0.336, r=3.140)
Calculating energies for FreeWilson2D(N_x=2, N_y=2, mass=0.352, r=1.000)
Calculating energies for FreeWilson2D(N_x=2, N_y=2, mass=0.352, r=3.140)
Calculating energies for FreeWilson2D(N_x=2, N_y=2, mass=0.368, r=1.000)
Calculating energies for FreeWilson2D(N_x=2, N_y=2, mass=0.368, r=3.140)
Calculating energies for FreeWilson2D(N_x=2, N_y=2, mass=0.384, r=1.000)
Calculating energies for FreeWilson2D(N_x=2, N_y=2, mass=0.384, r=3.140)
Calculating energies for FreeWilson2D(N_x=2, N_y=2, mass=0.400, r=1.000)
Calculating energies for FreeWilson2D(N_x=2, N_y=2, mass=0.400, r=3.140)
Calculating energies for FreeWilson2D(N_x=2, N_y=2, mass=0.416, r=1.000)
Calculating energies for FreeWilson2D(N_x=2, N_y=2, mass=0.416, r=3.140)
Calculating energies for FreeWilson2D(N_x=2, N_y=2, mass=0.432, r=1.000)
Calculating energies for FreeWilson2D(N_x=2, N_y=2, mass=0.432, r=3.140)
Calculating energies for FreeWilson2D(N_x=2, N_y=2, mass=0.448, r=1.000)
Calculating energies for FreeWilson2D(N_x=2, N_y=2, mass=0.448, r=3.140)
Calculating energies for FreeWilson2D(N_x=2, N_y=2, mass=0.464, r=1.000)
Calculating energies for FreeWilson2D(N_x=2, N_y=2, mass=0.464, r=3.140)
Calculating energies for FreeWilson2D(N_x=2, N_y=2, mass=0.480, r=1.000)
Calculating energies for FreeWilson2D(N_x=2, N_y=2, mass=0.480, r=3.140)
Calculating energies for FreeWilson2D(N_x=2, N_y=2, mass=0.496, r=1.000)
Calculating energies for FreeWilson2D(N_x=2, N_y=2, mass=0.496, r=3.140)
Calculating energies for FreeWilson2D(N_x=2, N_y=2, mass=0.512, r=1.000)
Calculating energies for FreeWilson2D(N_x=2, N_y=2, mass=0.512, r=3.140)
Calculating energies for FreeWilson2D(N_x=2, N_y=2, mass=0.528, r=1.000)
Calculating energies for FreeWilson2D(N_x=2, N_y=2, mass=0.528, r=3.140)
Calculating energies for FreeWilson2D(N_x=2, N_y=2, mass=0.544, r=1.000)
Calculating energies for FreeWilson2D(N_x=2, N_y=2, mass=0.544, r=3.140)
Calculating energies for FreeWilson2D(N_x=2, N_y=2, mass=0.560, r=1.000)
Calculating energies for FreeWilson2D(N_x=2, N_y=2, mass=0.560, r=3.140)
Calculating energies for FreeWilson2D(N_x=2, N_y=2, mass=0.576, r=1.000)
Calculating energies for FreeWilson2D(N_x=2, N_y=2, mass=0.576, r=3.140)
Calculating energies for FreeWilson2D(N_x=2, N_y=2, mass=0.592, r=1.000)
Calculating energies for FreeWilson2D(N_x=2, N_y=2, mass=0.592, r=3.140)
Calculating energies for FreeWilson2D(N_x=2, N_y=2, mass=0.608, r=1.000)
Calculating energies for FreeWilson2D(N_x=2, N_y=2, mass=0.608, r=3.140)
Calculating energies for FreeWilson2D(N_x=2, N_y=2, mass=0.624, r=1.000)
Calculating energies for FreeWilson2D(N_x=2, N_y=2, mass=0.624, r=3.140)
Calculating energies for FreeWilson2D(N_x=2, N_y=2, mass=0.640, r=1.000)
Calculating energies for FreeWilson2D(N_x=2, N_y=2, mass=0.640, r=3.140)
Calculating energies for FreeWilson2D(N_x=2, N_y=2, mass=0.656, r=1.000)
Calculating energies for FreeWilson2D(N_x=2, N_y=2, mass=0.656, r=3.140)
Calculating energies for FreeWilson2D(N_x=2, N_y=2, mass=0.672, r=1.000)
Calculating energies for FreeWilson2D(N_x=2, N_y=2, mass=0.672, r=3.140)
Calculating energies for FreeWilson2D(N_x=2, N_y=2, mass=0.688, r=1.000)
Calculating energies for FreeWilson2D(N_x=2, N_y=2, mass=0.688, r=3.140)
Calculating energies for FreeWilson2D(N_x=2, N_y=2, mass=0.704, r=1.000)
Calculating energies for FreeWilson2D(N_x=2, N_y=2, mass=0.704, r=3.140)
Calculating energies for FreeWilson2D(N_x=2, N_y=2, mass=0.720, r=1.000)
Calculating energies for FreeWilson2D(N_x=2, N_y=2, mass=0.720, r=3.140)
Calculating energies for FreeWilson2D(N_x=2, N_y=2, mass=0.736, r=1.000)
Calculating energies for FreeWilson2D(N_x=2, N_y=2, mass=0.736, r=3.140)
Calculating energies for FreeWilson2D(N_x=2, N_y=2, mass=0.752, r=1.000)
Calculating energies for FreeWilson2D(N_x=2, N_y=2, mass=0.752, r=3.140)
Calculating energies for FreeWilson2D(N_x=2, N_y=2, mass=0.768, r=1.000)
Calculating energies for FreeWilson2D(N_x=2, N_y=2, mass=0.768, r=3.140)
Calculating energies for FreeWilson2D(N_x=2, N_y=2, mass=0.784, r=1.000)
Calculating energies for FreeWilson2D(N_x=2, N_y=2, mass=0.784, r=3.140)
Calculating energies for FreeWilson2D(N_x=2, N_y=2, mass=0.800, r=1.000)
Calculating energies for FreeWilson2D(N_x=2, N_y=2, mass=0.800, r=3.140)
Calculating energies for FreeWilson2D(N_x=2, N_y=2, mass=0.816, r=1.000)
Calculating energies for FreeWilson2D(N_x=2, N_y=2, mass=0.816, r=3.140)
Calculating energies for FreeWilson2D(N_x=2, N_y=2, mass=0.832, r=1.000)
Calculating energies for FreeWilson2D(N_x=2, N_y=2, mass=0.832, r=3.140)
Calculating energies for FreeWilson2D(N_x=2, N_y=2, mass=0.848, r=1.000)
Calculating energies for FreeWilson2D(N_x=2, N_y=2, mass=0.848, r=3.140)
Calculating energies for FreeWilson2D(N_x=2, N_y=2, mass=0.864, r=1.000)
Calculating energies for FreeWilson2D(N_x=2, N_y=2, mass=0.864, r=3.140)
Calculating energies for FreeWilson2D(N_x=2, N_y=2, mass=0.880, r=1.000)
Calculating energies for FreeWilson2D(N_x=2, N_y=2, mass=0.880, r=3.140)
Calculating energies for FreeWilson2D(N_x=2, N_y=2, mass=0.896, r=1.000)
Calculating energies for FreeWilson2D(N_x=2, N_y=2, mass=0.896, r=3.140)
Calculating energies for FreeWilson2D(N_x=2, N_y=2, mass=0.912, r=1.000)
Calculating energies for FreeWilson2D(N_x=2, N_y=2, mass=0.912, r=3.140)
Calculating energies for FreeWilson2D(N_x=2, N_y=2, mass=0.928, r=1.000)
Calculating energies for FreeWilson2D(N_x=2, N_y=2, mass=0.928, r=3.140)
Calculating energies for FreeWilson2D(N_x=2, N_y=2, mass=0.944, r=1.000)
Calculating energies for FreeWilson2D(N_x=2, N_y=2, mass=0.944, r=3.140)
Calculating energies for FreeWilson2D(N_x=2, N_y=2, mass=0.960, r=1.000)
Calculating energies for FreeWilson2D(N_x=2, N_y=2, mass=0.960, r=3.140)
Calculating energies for FreeWilson2D(N_x=2, N_y=2, mass=0.976, r=1.000)
Calculating energies for FreeWilson2D(N_x=2, N_y=2, mass=0.976, r=3.140)
Calculating energies for FreeWilson2D(N_x=2, N_y=2, mass=0.992, r=1.000)
Calculating energies for FreeWilson2D(N_x=2, N_y=2, mass=0.992, r=3.140)
Calculating energies for FreeWilson2D(N_x=2, N_y=2, mass=1.008, r=1.000)
Calculating energies for FreeWilson2D(N_x=2, N_y=2, mass=1.008, r=3.140)
Calculating energies for FreeWilson2D(N_x=2, N_y=2, mass=1.024, r=1.000)
Calculating energies for FreeWilson2D(N_x=2, N_y=2, mass=1.024, r=3.140)
Calculating energies for FreeWilson2D(N_x=2, N_y=2, mass=1.040, r=1.000)
Calculating energies for FreeWilson2D(N_x=2, N_y=2, mass=1.040, r=3.140)
Calculating energies for FreeWilson2D(N_x=2, N_y=2, mass=1.056, r=1.000)
Calculating energies for FreeWilson2D(N_x=2, N_y=2, mass=1.056, r=3.140)
Calculating energies for FreeWilson2D(N_x=2, N_y=2, mass=1.072, r=1.000)
Calculating energies for FreeWilson2D(N_x=2, N_y=2, mass=1.072, r=3.140)
Calculating energies for FreeWilson2D(N_x=2, N_y=2, mass=1.088, r=1.000)
Calculating energies for FreeWilson2D(N_x=2, N_y=2, mass=1.088, r=3.140)
Calculating energies for FreeWilson2D(N_x=2, N_y=2, mass=1.104, r=1.000)
Calculating energies for FreeWilson2D(N_x=2, N_y=2, mass=1.104, r=3.140)
Calculating energies for FreeWilson2D(N_x=2, N_y=2, mass=1.120, r=1.000)
Calculating energies for FreeWilson2D(N_x=2, N_y=2, mass=1.120, r=3.140)
Calculating energies for FreeWilson2D(N_x=2, N_y=2, mass=1.136, r=1.000)
Calculating energies for FreeWilson2D(N_x=2, N_y=2, mass=1.136, r=3.140)
Calculating energies for FreeWilson2D(N_x=2, N_y=2, mass=1.152, r=1.000)
Calculating energies for FreeWilson2D(N_x=2, N_y=2, mass=1.152, r=3.140)
Calculating energies for FreeWilson2D(N_x=2, N_y=2, mass=1.168, r=1.000)
Calculating energies for FreeWilson2D(N_x=2, N_y=2, mass=1.168, r=3.140)
Calculating energies for FreeWilson2D(N_x=2, N_y=2, mass=1.184, r=1.000)
Calculating energies for FreeWilson2D(N_x=2, N_y=2, mass=1.184, r=3.140)
Calculating energies for FreeWilson2D(N_x=2, N_y=2, mass=1.200, r=1.000)
Calculating energies for FreeWilson2D(N_x=2, N_y=2, mass=1.200, r=3.140)
Calculating energies for FreeWilson2D(N_x=2, N_y=2, mass=1.216, r=1.000)
Calculating energies for FreeWilson2D(N_x=2, N_y=2, mass=1.216, r=3.140)
Calculating energies for FreeWilson2D(N_x=2, N_y=2, mass=1.232, r=1.000)
Calculating energies for FreeWilson2D(N_x=2, N_y=2, mass=1.232, r=3.140)
Calculating energies for FreeWilson2D(N_x=2, N_y=2, mass=1.248, r=1.000)
Calculating energies for FreeWilson2D(N_x=2, N_y=2, mass=1.248, r=3.140)
Calculating energies for FreeWilson2D(N_x=2, N_y=2, mass=1.264, r=1.000)
Calculating energies for FreeWilson2D(N_x=2, N_y=2, mass=1.264, r=3.140)
Calculating energies for FreeWilson2D(N_x=2, N_y=2, mass=1.280, r=1.000)
Calculating energies for FreeWilson2D(N_x=2, N_y=2, mass=1.280, r=3.140)
Calculating energies for FreeWilson2D(N_x=2, N_y=2, mass=1.296, r=1.000)
Calculating energies for FreeWilson2D(N_x=2, N_y=2, mass=1.296, r=3.140)
Calculating energies for FreeWilson2D(N_x=2, N_y=2, mass=1.312, r=1.000)
Calculating energies for FreeWilson2D(N_x=2, N_y=2, mass=1.312, r=3.140)
Calculating energies for FreeWilson2D(N_x=2, N_y=2, mass=1.328, r=1.000)
Calculating energies for FreeWilson2D(N_x=2, N_y=2, mass=1.328, r=3.140)
Calculating energies for FreeWilson2D(N_x=2, N_y=2, mass=1.344, r=1.000)
Calculating energies for FreeWilson2D(N_x=2, N_y=2, mass=1.344, r=3.140)
Calculating energies for FreeWilson2D(N_x=2, N_y=2, mass=1.360, r=1.000)
Calculating energies for FreeWilson2D(N_x=2, N_y=2, mass=1.360, r=3.140)
Calculating energies for FreeWilson2D(N_x=2, N_y=2, mass=1.376, r=1.000)
Calculating energies for FreeWilson2D(N_x=2, N_y=2, mass=1.376, r=3.140)
Calculating energies for FreeWilson2D(N_x=2, N_y=2, mass=1.392, r=1.000)
Calculating energies for FreeWilson2D(N_x=2, N_y=2, mass=1.392, r=3.140)
Calculating energies for FreeWilson2D(N_x=2, N_y=2, mass=1.408, r=1.000)
Calculating energies for FreeWilson2D(N_x=2, N_y=2, mass=1.408, r=3.140)
Calculating energies for FreeWilson2D(N_x=2, N_y=2, mass=1.424, r=1.000)
Calculating energies for FreeWilson2D(N_x=2, N_y=2, mass=1.424, r=3.140)
Calculating energies for FreeWilson2D(N_x=2, N_y=2, mass=1.440, r=1.000)
Calculating energies for FreeWilson2D(N_x=2, N_y=2, mass=1.440, r=3.140)
Calculating energies for FreeWilson2D(N_x=2, N_y=2, mass=1.456, r=1.000)
Calculating energies for FreeWilson2D(N_x=2, N_y=2, mass=1.456, r=3.140)
Calculating energies for FreeWilson2D(N_x=2, N_y=2, mass=1.472, r=1.000)
Calculating energies for FreeWilson2D(N_x=2, N_y=2, mass=1.472, r=3.140)
Calculating energies for FreeWilson2D(N_x=2, N_y=2, mass=1.488, r=1.000)
Calculating energies for FreeWilson2D(N_x=2, N_y=2, mass=1.488, r=3.140)
Calculating energies for FreeWilson2D(N_x=2, N_y=2, mass=1.504, r=1.000)
Calculating energies for FreeWilson2D(N_x=2, N_y=2, mass=1.504, r=3.140)
Calculating energies for FreeWilson2D(N_x=2, N_y=2, mass=1.520, r=1.000)
Calculating energies for FreeWilson2D(N_x=2, N_y=2, mass=1.520, r=3.140)
Calculating energies for FreeWilson2D(N_x=2, N_y=2, mass=1.536, r=1.000)
Calculating energies for FreeWilson2D(N_x=2, N_y=2, mass=1.536, r=3.140)
Calculating energies for FreeWilson2D(N_x=2, N_y=2, mass=1.552, r=1.000)
Calculating energies for FreeWilson2D(N_x=2, N_y=2, mass=1.552, r=3.140)
Calculating energies for FreeWilson2D(N_x=2, N_y=2, mass=1.568, r=1.000)
Calculating energies for FreeWilson2D(N_x=2, N_y=2, mass=1.568, r=3.140)
Calculating energies for FreeWilson2D(N_x=2, N_y=2, mass=1.584, r=1.000)
Calculating energies for FreeWilson2D(N_x=2, N_y=2, mass=1.584, r=3.140)
Calculating energies for FreeWilson2D(N_x=2, N_y=2, mass=1.600, r=1.000)
Calculating energies for FreeWilson2D(N_x=2, N_y=2, mass=1.600, r=3.140)
Calculating energies for FreeWilson2D(N_x=2, N_y=2, mass=1.616, r=1.000)
Calculating energies for FreeWilson2D(N_x=2, N_y=2, mass=1.616, r=3.140)
Calculating energies for FreeWilson2D(N_x=2, N_y=2, mass=1.632, r=1.000)
Calculating energies for FreeWilson2D(N_x=2, N_y=2, mass=1.632, r=3.140)
Calculating energies for FreeWilson2D(N_x=2, N_y=2, mass=1.648, r=1.000)
Calculating energies for FreeWilson2D(N_x=2, N_y=2, mass=1.648, r=3.140)
Calculating energies for FreeWilson2D(N_x=2, N_y=2, mass=1.664, r=1.000)
Calculating energies for FreeWilson2D(N_x=2, N_y=2, mass=1.664, r=3.140)
Calculating energies for FreeWilson2D(N_x=2, N_y=2, mass=1.680, r=1.000)
Calculating energies for FreeWilson2D(N_x=2, N_y=2, mass=1.680, r=3.140)
Calculating energies for FreeWilson2D(N_x=2, N_y=2, mass=1.696, r=1.000)
Calculating energies for FreeWilson2D(N_x=2, N_y=2, mass=1.696, r=3.140)
Calculating energies for FreeWilson2D(N_x=2, N_y=2, mass=1.712, r=1.000)
Calculating energies for FreeWilson2D(N_x=2, N_y=2, mass=1.712, r=3.140)
Calculating energies for FreeWilson2D(N_x=2, N_y=2, mass=1.728, r=1.000)
Calculating energies for FreeWilson2D(N_x=2, N_y=2, mass=1.728, r=3.140)
Calculating energies for FreeWilson2D(N_x=2, N_y=2, mass=1.744, r=1.000)
Calculating energies for FreeWilson2D(N_x=2, N_y=2, mass=1.744, r=3.140)
Calculating energies for FreeWilson2D(N_x=2, N_y=2, mass=1.760, r=1.000)
Calculating energies for FreeWilson2D(N_x=2, N_y=2, mass=1.760, r=3.140)
Calculating energies for FreeWilson2D(N_x=2, N_y=2, mass=1.776, r=1.000)
Calculating energies for FreeWilson2D(N_x=2, N_y=2, mass=1.776, r=3.140)
Calculating energies for FreeWilson2D(N_x=2, N_y=2, mass=1.792, r=1.000)
Calculating energies for FreeWilson2D(N_x=2, N_y=2, mass=1.792, r=3.140)
Calculating energies for FreeWilson2D(N_x=2, N_y=2, mass=1.808, r=1.000)
Calculating energies for FreeWilson2D(N_x=2, N_y=2, mass=1.808, r=3.140)
Calculating energies for FreeWilson2D(N_x=2, N_y=2, mass=1.824, r=1.000)
Calculating energies for FreeWilson2D(N_x=2, N_y=2, mass=1.824, r=3.140)
Calculating energies for FreeWilson2D(N_x=2, N_y=2, mass=1.840, r=1.000)
Calculating energies for FreeWilson2D(N_x=2, N_y=2, mass=1.840, r=3.140)
Calculating energies for FreeWilson2D(N_x=2, N_y=2, mass=1.856, r=1.000)
Calculating energies for FreeWilson2D(N_x=2, N_y=2, mass=1.856, r=3.140)
Calculating energies for FreeWilson2D(N_x=2, N_y=2, mass=1.872, r=1.000)
Calculating energies for FreeWilson2D(N_x=2, N_y=2, mass=1.872, r=3.140)
Calculating energies for FreeWilson2D(N_x=2, N_y=2, mass=1.888, r=1.000)
Calculating energies for FreeWilson2D(N_x=2, N_y=2, mass=1.888, r=3.140)
Calculating energies for FreeWilson2D(N_x=2, N_y=2, mass=1.904, r=1.000)
Calculating energies for FreeWilson2D(N_x=2, N_y=2, mass=1.904, r=3.140)
Calculating energies for FreeWilson2D(N_x=2, N_y=2, mass=1.920, r=1.000)
Calculating energies for FreeWilson2D(N_x=2, N_y=2, mass=1.920, r=3.140)
Calculating energies for FreeWilson2D(N_x=2, N_y=2, mass=1.936, r=1.000)
Calculating energies for FreeWilson2D(N_x=2, N_y=2, mass=1.936, r=3.140)
Calculating energies for FreeWilson2D(N_x=2, N_y=2, mass=1.952, r=1.000)
Calculating energies for FreeWilson2D(N_x=2, N_y=2, mass=1.952, r=3.140)
Calculating energies for FreeWilson2D(N_x=2, N_y=2, mass=1.968, r=1.000)
Calculating energies for FreeWilson2D(N_x=2, N_y=2, mass=1.968, r=3.140)
Calculating energies for FreeWilson2D(N_x=2, N_y=2, mass=1.984, r=1.000)
Calculating energies for FreeWilson2D(N_x=2, N_y=2, mass=1.984, r=3.140)
Calculating energies for FreeWilson2D(N_x=2, N_y=2, mass=2.000, r=1.000)
Calculating energies for FreeWilson2D(N_x=2, N_y=2, mass=2.000, r=3.140)
-----Beginning pprint-----
/:
	Attributes:
		ProcessId: 22932804
	2025-08-20_20-14-48:
		Attributes:
			HamiltonianType: Full
			Last-Modified: 2025-08-20_20-14-48
			ProcessId: 22932797
			SolverName: ED
			SystemName: FreeWilson2D
			Which: LM
			n_x: 2
			n_y: 2
		EigenValues: <HDF5 dataset "EigenValues": shape (501, 2, 72), type "<f8">
		EigenVectors: <HDF5 dataset "EigenVectors": shape (501, 2, 256, 72), type "<c16">
		mass: <HDF5 dataset "mass": shape (501,), type "<f8">
		r: <HDF5 dataset "r": shape (2,), type "<f8">
	2025-08-20_20-41-52:
		Attributes:
			HamiltonianType: ZeroChargePenalty
			Last-Modified: 2025-08-20_20-41-52
			ProcessId: 22932804
			SolverName: ED
			SystemName: FreeWilson2D
			Which: SM
			n_x: 2
			n_y: 2
		EigenValues: <HDF5 dataset "EigenValues": shape (501, 2, 72), type "<f8">
		EigenVectors: <HDF5 dataset "EigenVectors": shape (501, 2, 256, 72), type "<c16">
		mass: <HDF5 dataset "mass": shape (501,), type "<f8">
		r: <HDF5 dataset "r": shape (2,), type "<f8">
-----Ending pprint-----
End 2025-08-20 20:53:18 | 22932804 MyPyJob | node074 | /home/s6nidich_hpc/PycharmProjects/QC-MasterThesis 

