Start 2025-10-24 14:34:40 | 23763457 MyPyJob | node001 | /home/s6nidich_hpc/PycharmProjects/QC-MasterThesis 

Used python interpreter:
/home/s6nidich_hpc/PycharmProjects/QC-MasterThesis/.venv_intel_3_12_3/bin/python
Python version:
Python 3.12.3

Currently Loaded Modules:
  1) GCCcore/13.3.0                   7) Tcl/8.6.14-GCCcore-13.3.0
  2) zlib/1.3.1-GCCcore-13.3.0        8) SQLite/3.45.3-GCCcore-13.3.0
  3) binutils/2.42-GCCcore-13.3.0     9) XZ/5.4.5-GCCcore-13.3.0
  4) bzip2/1.0.8-GCCcore-13.3.0      10) libffi/3.4.5-GCCcore-13.3.0
  5) ncurses/6.5-GCCcore-13.3.0      11) OpenSSL/3
  6) libreadline/8.2-GCCcore-13.3.0  12) Python/3.12.3-GCCcore-13.3.0

 

Start of Program:

-----Beginning pprint-----
/:
	Attributes:
-----Ending pprint-----
Calculating energies for FreeWilson2D(N_x=2, N_y=2, mass=-6.000, r=1.000)
h: 0.0
New op index: 27
Current grad: 25.101116597477567
0:	3.05e-02	3.05e-02
1:	-2.10e+00	-1.04e-01
2:	7.50e-02	7.50e-02
3:	9.41e-02	9.41e-02
4:	2.30e+00	-1.95e-01
5:	-1.30e-01	-1.30e-01
6:	1.28e-02	1.28e-02
7:	-2.53e+00	-3.16e-02
8:	-1.68e-03	-1.68e-03
9:	-8.53e-02	-8.53e-02
10:	2.09e+00	-4.12e-01
11:	7.78e-02	-4.22e-01
12:	6.60e-03	6.60e-03
13:	2.11e+00	-3.87e-01
14:	4.68e-02	-4.53e-01
15:	-8.59e-02	-8.59e-02
16:	-2.46e+00	3.69e-02
17:	-9.59e-02	-9.59e-02
18:	8.78e-02	8.78e-02
19:	2.50e+00	-4.99e-03
20:	-1.85e-02	-1.85e-02
21:	-6.81e-02	-6.81e-02
22:	-1.88e+00	1.22e-01
23:	-1.55e-02	-1.55e-02
24:	4.57e-01	-4.28e-02
25:	-3.52e-02	-3.52e-02
26:	-4.47e-01	-4.47e-01
27:	4.04e+00	3.65e-02
28:	-4.59e-01	-4.59e-01
29:	4.31e-02	4.31e-02
30:	7.14e-01	2.14e-01
Return from COBYLA because the trust region radius reaches its lower bound.
Number of function values = 30   Least value of F = 198.50000000001302
The corresponding X is: [-0.7854]

New op index: 19
Current grad: 20.87653780347219
Return from COBYLA because the trust region radius reaches its lower bound.
Number of function values = 53   Least value of F = 151.00000000047075
The corresponding X is: [-0.78539855  1.57080071]

New op index: 7
Current grad: 18.1539352475238
Return from COBYLA because the trust region radius reaches its lower bound.
Number of function values = 884   Least value of F = 143.63896492313086
The corresponding X is:
[-0.74303708 -1.57069113  1.57079508]

New op index: 1
Current grad: 14.1469607722329
Return from COBYLA because the trust region radius reaches its lower bound.
Number of function values = 103   Least value of F = 91.64614663999043
The corresponding X is:
[-0.78370126 -1.57079551  1.57079163  1.57079053]

New op index: 16
Current grad: 11.91511020308041
Return from COBYLA because the trust region radius reaches its lower bound.
Number of function values = 1090   Least value of F = 90.08415458526702
The corresponding X is:
[-0.7845164  -1.56738683  1.57088429  1.57091888  1.32464453]

New op index: 13
Current grad: 9.77861133318917
Return from COBYLA because the trust region radius reaches its lower bound.
Number of function values = 247   Least value of F = 70.30162753665272
The corresponding X is:
[-0.53380967 -1.57247164  1.5705947   1.57076085  1.547737   -0.95502211]

New op index: 22
Current grad: 9.819679507809793
Return from COBYLA because the trust region radius reaches its lower bound.
Number of function values = 922   Least value of F = 41.031473596432825
The corresponding X is:
[-0.37953775 -1.57288084  1.57079686  1.57079557  1.57079532 -1.04307101
 -1.57079867]

New op index: 10
Current grad: 6.463443074970212
Return from COBYLA because the trust region radius reaches its lower bound.
Number of function values = 6446   Least value of F = 35.99755962262506
The corresponding X is:
[-0.01627168 -1.57569416  1.57078049  1.57075818  1.57077483 -1.55456975
 -4.71234093 -1.54961563]

New op index: 4
Current grad: 4.501406486513227
Return from COBYLA because the trust region radius reaches its lower bound.
Number of function values = 5571   Least value of F = -15.999994428855823
The corresponding X is:
[-0.0152751  -1.57079532  1.57080472  1.57079322  1.57079954 -1.55551096
 -4.71240087 -1.55550445 -1.57079679]

New op index: 30
Current grad: 2.092436955285585
Return from COBYLA because the trust region radius reaches its lower bound.
Number of function values = 424   Least value of F = -15.999995102161197
The corresponding X is:
[-0.01479953 -1.57079506  1.57079087  1.57079499  1.57079106 -1.55599248
 -4.71239339 -1.55598914 -1.57079401  1.00004695]

New op index: 30
Current grad: 2.092514968260565
Adding the same operator twice is not sensible, terminating.
Calculating energies for FreeWilson2D(N_x=2, N_y=2, mass=-3.333, r=1.000)
h: 0.0
New op index: 27
Current grad: 11.767783264144239
0:	3.05e-02	3.05e-02
1:	-7.71e-01	-1.04e-01
2:	7.50e-02	7.50e-02
3:	9.41e-02	9.41e-02
4:	9.72e-01	-1.95e-01
5:	-1.30e-01	-1.30e-01
6:	1.28e-02	1.28e-02
7:	-1.20e+00	-3.16e-02
8:	-1.68e-03	-1.68e-03
9:	-8.53e-02	-8.53e-02
10:	7.55e-01	-4.12e-01
11:	7.78e-02	-4.22e-01
12:	6.60e-03	6.60e-03
13:	7.79e-01	-3.87e-01
14:	4.68e-02	-4.53e-01
15:	-8.59e-02	-8.59e-02
16:	-1.13e+00	3.69e-02
17:	-9.59e-02	-9.59e-02
18:	8.78e-02	8.78e-02
19:	1.16e+00	-4.99e-03
20:	-1.85e-02	-1.85e-02
21:	-6.81e-02	-6.81e-02
22:	-5.44e-01	1.22e-01
23:	-1.55e-02	-1.55e-02
24:	4.57e-01	-4.28e-02
25:	-3.52e-02	-3.52e-02
26:	-4.47e-01	-4.47e-01
27:	1.37e+00	3.65e-02
28:	-4.59e-01	-4.59e-01
29:	4.31e-02	4.31e-02
30:	7.14e-01	2.14e-01
Return from COBYLA because the trust region radius reaches its lower bound.
Number of function values = 30   Least value of F = 199.83333333333735
The corresponding X is: [-0.7854]

New op index: 13
Current grad: 10.990932978655852
Return from COBYLA because the trust region radius reaches its lower bound.
Number of function values = 44   Least value of F = 151.5000000001509
The corresponding X is: [-1.5707947  1.5707982]

New op index: 19
Current grad: 9.030692055783227
Return from COBYLA because the trust region radius reaches its lower bound.
Number of function values = 1081   Least value of F = 149.49077948970375
The corresponding X is:
[-0.08165839  1.65537458 -1.5707983 ]

New op index: 7
Current grad: 7.875008724342709
Return from COBYLA because the trust region radius reaches its lower bound.
Number of function values = 91   Least value of F = 99.16162278343496
The corresponding X is:
[-1.5604844   1.57066011 -1.57079748  1.58066716]

New op index: 1
Current grad: 4.978243835190382
Return from COBYLA because the trust region radius reaches its lower bound.
Number of function values = 2570   Least value of F = 96.24914953224123
The corresponding X is:
[-0.23209328 -1.29166622 -1.57079894  1.56902592  1.5707978 ]

New op index: 10
Current grad: 5.5942536026660825
Return from COBYLA because the trust region radius reaches its lower bound.
Number of function values = 2441   Least value of F = 95.99490213243547
The corresponding X is:
[-6.52455390e-04 -1.59827701e+00 -1.57079829e+00  1.56639594e+00
  1.57079322e+00 -9.27939957e-01]

New op index: 16
Current grad: 5.313840777283592
Return from COBYLA because the trust region radius reaches its lower bound.
Number of function values = 4632   Least value of F = 45.99260378157886
The corresponding X is:
[-0.01527892 -1.55570481 -1.58066941  1.5707007   1.57079977 -1.54564545
  1.56092925]

New op index: 30
Current grad: 5.0009356635738635
Return from COBYLA because the trust region radius reaches its lower bound.
Number of function values = 4891   Least value of F = 45.94759212229118
The corresponding X is:
[-0.0131795  -1.55955025 -1.94582848  1.5707043   1.57079555 -1.54775195
  1.56111998  0.18506142]

New op index: 30
Current grad: 4.917839856702139
Adding the same operator twice is not sensible, terminating.
Calculating energies for FreeWilson2D(N_x=2, N_y=2, mass=-0.667, r=1.000)
h: 0.0
New op index: 27
Current grad: 7.740571919667763
0:	3.05e-02	3.05e-02
1:	5.63e-01	-1.04e-01
2:	7.50e-02	7.50e-02
3:	9.41e-02	9.41e-02
4:	-3.62e-01	-1.95e-01
5:	-1.30e-01	-1.30e-01
6:	1.28e-02	1.28e-02
7:	1.35e-01	-3.16e-02
8:	-1.68e-03	-1.68e-03
9:	-8.53e-02	-8.53e-02
10:	-5.79e-01	-4.12e-01
11:	7.78e-02	-4.22e-01
12:	6.60e-03	6.60e-03
13:	-5.54e-01	-3.87e-01
14:	4.68e-02	-4.53e-01
15:	-8.59e-02	-8.59e-02
16:	2.04e-01	3.69e-02
17:	-9.59e-02	-9.59e-02
18:	8.78e-02	8.78e-02
19:	-1.72e-01	-4.99e-03
20:	-1.85e-02	-1.85e-02
21:	-6.81e-02	-6.81e-02
22:	7.89e-01	1.22e-01
23:	-1.55e-02	-1.55e-02
24:	4.57e-01	-4.28e-02
25:	-3.52e-02	-3.52e-02
26:	-4.47e-01	-4.47e-01
27:	-1.30e+00	3.65e-02
28:	-4.59e-01	-4.59e-01
29:	4.31e-02	4.31e-02
30:	7.14e-01	2.14e-01
Return from COBYLA because the trust region radius reaches its lower bound.
Number of function values = 27   Least value of F = 199.8333333333374
The corresponding X is: [0.7854]

New op index: 28
Current grad: 9.433600917813463
Return from COBYLA because the trust region radius reaches its lower bound.
Number of function values = 50   Least value of F = 151.39493877588657
The corresponding X is: [ 1.54378293 -0.78183918]

New op index: 26
Current grad: 8.659203318788355
Return from COBYLA because the trust region radius reaches its lower bound.
Number of function values = 1606   Least value of F = 150.25182212131355
The corresponding X is:
[ 0.47561282 -0.99827184  0.57348019]

New op index: 22
Current grad: 8.116542880369227
Return from COBYLA because the trust region radius reaches its lower bound.
Number of function values = 4275   Least value of F = 146.904501416046
The corresponding X is:
[ 1.03084459  1.03196193  1.00220501 -1.57081646]

New op index: 27
Current grad: 7.88316904019344
Return from COBYLA because the trust region radius reaches its lower bound.
Number of function values = 270   Least value of F = 98.73630188621306
The corresponding X is:
[ 2.33150068  1.53717754  1.53717544 -1.57079425 -0.78217948]

New op index: 4
Current grad: 5.524106794201965
Return from COBYLA because the trust region radius reaches its lower bound.
Number of function values = 13084   Least value of F = 96.4952046946094
The corresponding X is:
[ 0.72311683 -0.70761692  2.48038438 -1.57079917 -0.84795018  1.56792815]

New op index: 19
Current grad: 4.590408602217756
Return from COBYLA because the trust region radius reaches its lower bound.
Number of function values = 230   Least value of F = 47.7592830565814
The corresponding X is:
[ 0.7601976  -1.53867135  1.61274619 -1.57110542 -0.78573559  1.56383146
  1.5777784 ]

New op index: 1
Current grad: 3.657607872352883
Return from COBYLA because the trust region radius reaches its lower bound.
Number of function values = 2691   Least value of F = 45.32663362559912
The corresponding X is:
[ 0.69420236 -0.73245012  2.41031257 -1.58374672 -0.87784767  1.56786601
  1.57374076 -1.55784335]

New op index: 16
Current grad: 4.872421044997277
Return from COBYLA because the trust region radius reaches its lower bound.
Number of function values = 9739   Least value of F = 45.1223940267176
The corresponding X is:
[ 0.53820555 -0.36398138  2.38270979 -1.58523998 -0.8143991   1.56817455
  1.5741944  -1.53838018 -0.88876441]

New op index: 7
Current grad: 4.181477982119751
Return from COBYLA because the trust region radius reaches its lower bound.
Number of function values = 453   Least value of F = -4.515881976107906
The corresponding X is:
[ 1.5707955   0.01373285  1.54060575 -1.57080034 -0.78539784  1.57090369
  1.57090387 -1.57079168 -1.57079363 -1.57079925]

New op index: 30
Current grad: 2.0964661307100134
Return from COBYLA because the trust region radius reaches its lower bound.
Number of function values = 85   Least value of F = -4.51588197987425
The corresponding X is:
[ 1.57079448  0.01373744  1.54059747 -1.57079787 -0.7853992   1.57090795
  1.57090515 -1.57079415 -1.57079505 -1.57080453 -0.04999912]

New op index: 30
Current grad: 2.0964768419340327
Adding the same operator twice is not sensible, terminating.
Calculating energies for FreeWilson2D(N_x=2, N_y=2, mass=2.000, r=1.000)
h: 0.0
New op index: 27
Current grad: 21.073905253001083
0:	3.05e-02	3.05e-02
1:	1.90e+00	-1.04e-01
2:	7.50e-02	7.50e-02
3:	9.41e-02	9.41e-02
4:	-1.70e+00	-1.95e-01
5:	-1.30e-01	-1.30e-01
6:	1.28e-02	1.28e-02
7:	1.47e+00	-3.16e-02
8:	-1.68e-03	-1.68e-03
9:	-8.53e-02	-8.53e-02
10:	-1.91e+00	-4.12e-01
11:	7.78e-02	-4.22e-01
12:	6.60e-03	6.60e-03
13:	-1.89e+00	-3.87e-01
14:	4.68e-02	-4.53e-01
15:	-8.59e-02	-8.59e-02
16:	1.54e+00	3.69e-02
17:	-9.59e-02	-9.59e-02
18:	8.78e-02	8.78e-02
19:	-1.50e+00	-4.99e-03
20:	-1.85e-02	-1.85e-02
21:	-6.81e-02	-6.81e-02
22:	2.12e+00	1.22e-01
23:	-1.55e-02	-1.55e-02
24:	4.57e-01	-4.28e-02
25:	-3.52e-02	-3.52e-02
26:	-4.47e-01	-4.47e-01
27:	-3.96e+00	3.65e-02
28:	-4.59e-01	-4.59e-01
29:	4.31e-02	4.31e-02
30:	7.14e-01	2.14e-01
Return from COBYLA because the trust region radius reaches its lower bound.
Number of function values = 27   Least value of F = 198.50000000001307
The corresponding X is: [0.7854]

New op index: 22
Current grad: 19.319225333057016
Return from COBYLA because the trust region radius reaches its lower bound.
Number of function values = 52   Least value of F = 146.50000000387897
The corresponding X is: [ 0.78539818 -1.57078411]

New op index: 10
Current grad: 17.94016298529685
Return from COBYLA because the trust region radius reaches its lower bound.
Number of function values = 617   Least value of F = 145.32851029842638
The corresponding X is:
[ 0.41452816 -1.57079444  0.97839077]

New op index: 13
Current grad: 17.430074668296054
Return from COBYLA because the trust region radius reaches its lower bound.
Number of function values = 2044   Least value of F = 143.50000536336458
The corresponding X is:
[ 0.01788151 -1.57080018  1.55277167  1.55281432]

New op index: 16
Current grad: 13.479697078972084
Return from COBYLA because the trust region radius reaches its lower bound.
Number of function values = 2331   Least value of F = 91.99520085747268
The corresponding X is:
[ 0.01688818 -1.57079154  1.55381209  1.5635102  -1.56118125]

New op index: 19
Current grad: 10.713694753315634
Return from COBYLA because the trust region radius reaches its lower bound.
Number of function values = 931   Least value of F = 89.99877559408874
The corresponding X is:
[ 0.01171664 -1.57081719  1.5587922   1.55931827 -1.56589566  1.57058372]

New op index: 7
Current grad: 8.979868654671836
Return from COBYLA because the trust region radius reaches its lower bound.
Number of function values = 2668   Least value of F = 37.995201202828966
The corresponding X is:
[-0.0173765  -1.5707939   1.59779731  1.58800192 -1.57079765  1.580401
 -1.57080071]

New op index: 4
Current grad: 7.113119512961358
Return from COBYLA because the trust region radius reaches its lower bound.
Number of function values = 1620   Least value of F = 35.99755284925023
The corresponding X is:
[-0.01646448 -1.56589698  1.5875039   1.58726533 -1.5708444   1.57088262
 -1.57569916  1.57059842]

New op index: 1
Current grad: 4.566260367249197
Return from COBYLA because the trust region radius reaches its lower bound.
Number of function values = 1101   Least value of F = -15.999992318567612
The corresponding X is:
[-0.01655763 -1.57079595  1.5873691   1.5873682  -1.57079178  1.57079737
 -1.5708014   1.57079531 -1.57079711]

New op index: 30
Current grad: 2.09653434505964
Return from COBYLA because the trust region radius reaches its lower bound.
Number of function values = 373   Least value of F = -15.999993388409681
The corresponding X is:
[-0.01594838 -1.57079456  1.58675523  1.58675768 -1.57079182  1.57080415
 -1.57079112  1.57079551 -1.57080238  1.0000235 ]

New op index: 30
Current grad: 2.0963202960216565
Adding the same operator twice is not sensible, terminating.
-----Beginning pprint-----
/:
	Attributes:
		ProcessId: 23763457
	2025-10-24_14-34-41-23763457:
		Attributes:
			HamiltonianType: ZeroChargePenalty
			Last-Modified: 2025-10-24_14-34-41
			ProcessId: 23763457
			SimulatorType: Statevector
			SolverName: AdaptVQE
			SystemName: FreeWilson2D
			n_x: 2
			n_y: 2
			r: 1.0
		AdaptOptions:
			Attributes:
				gradient_hamiltonian_type: HamiltonianType.Full
				max_depth: 40
				prec_cutoff: 0.001
				precision: 0.1
		AnsatzOperatorDerivatives: Dataset (dtype=float64, shape=(4, 12, 31), maxshape=(4, None, 31))
			Attributes:
				DIMENSION_LABELS: ['mass' 'AnsatzOperatorAxis' 'AnsatzPoolOperatorAxis']
				NDataDims: 2
		AnsatzOperatorSecondDerivatives: Dataset (dtype=float64, shape=(4, 12, 31), maxshape=(4, None, 31))
			Attributes:
				DIMENSION_LABELS: ['mass' 'AnsatzOperatorAxis' 'AnsatzPoolOperatorAxis']
				NDataDims: 2
		AnsatzOperators: Dataset (dtype=int64, shape=(4, 11), maxshape=(4, None))
			Attributes:
				DIMENSION_LABELS: ['mass' 'AnsatzOperatorAxis']
				NDataDims: 1
		Circuit:
			Attributes:
				Ansatz: HardwareAdaptAnsatz1
			AnsatzOptions:
				Attributes:
					num_qubits: 8
		CircuitParameters: Dataset (dtype=float64, shape=(4, 32510, 11), maxshape=(4, None, None))
			Attributes:
				DIMENSION_LABELS: ['mass' 'IterationAxis' 'CircuitParameterAxis']
				NDataDims: 2
		Data:
			Attributes:
			evs:
				Attributes:
				Hamiltonian: Dataset (dtype=float64, shape=(4, 32510), maxshape=(4, None))
					Attributes:
						DIMENSION_LABELS: ['mass' 'IterationAxis']
						NDataDims: 1
			stds:
				Attributes:
				Hamiltonian: Dataset (dtype=float64, shape=(4, 32510), maxshape=(4, None))
					Attributes:
						DIMENSION_LABELS: ['mass' 'IterationAxis']
						NDataDims: 1
		EstimatorOptions:
			Attributes:
				_VERSION: 2
				default_precision: Unset
				default_shots: Unset
				experimental: Unset
				max_execution_time: Unset
				resilience_level: Unset
				seed_estimator: 23763457
			dynamical_decoupling:
				Attributes:
					enable: Unset
					extra_slack_distribution: Unset
					scheduling_method: Unset
					sequence_type: Unset
					skip_reset_qubits: Unset
			environment:
				Attributes:
					callback: None
					job_tags: None
					log_level: WARNING
					private: False
			execution:
				Attributes:
					init_qubits: Unset
					rep_delay: Unset
			resilience:
				Attributes:
					layer_noise_model: Unset
					measure_mitigation: Unset
					pec_mitigation: Unset
					zne_mitigation: Unset
				layer_noise_learning:
					Attributes:
						layer_pair_depths: Unset
						max_layers_to_learn: Unset
						num_randomizations: Unset
						shots_per_randomization: Unset
				measure_noise_learning:
					Attributes:
						num_randomizations: Unset
						shots_per_randomization: Unset
				pec:
					Attributes:
						max_overhead: Unset
						noise_gain: Unset
				zne:
					Attributes:
						amplifier: Unset
						extrapolated_noise_factors: Unset
						extrapolator: Unset
						noise_factors: Unset
			simulator:
				Attributes:
					basis_gates: Unset
					coupling_map: Unset
					noise_model: Unset
					seed_simulator: Unset
			twirling:
				Attributes:
					enable_gates: Unset
					enable_measure: Unset
					num_randomizations: Unset
					shots_per_randomization: Unset
					strategy: Unset
		MetaData:
			Attributes:
			circuit_metadata: Dataset (dtype=object, shape=(4, 32510), maxshape=(4, None))
				Attributes:
					DIMENSION_LABELS: ['mass' 'IterationAxis']
					NDataDims: 1
			target_precision: Dataset (dtype=float64, shape=(4, 32510), maxshape=(4, None))
				Attributes:
					DIMENSION_LABELS: ['mass' 'IterationAxis']
					NDataDims: 1
			version: Dataset (dtype=int64, shape=(4, 32510), maxshape=(4, None))
				Attributes:
					DIMENSION_LABELS: ['mass' 'IterationAxis']
					NDataDims: 1
		NIterations: Dataset (dtype=int64, shape=(4,), maxshape=(4,))
			Attributes:
				DIMENSION_LABELS: ['mass']
				NDataDims: 0
		OptimizerOptions:
			Attributes:
				bounds: None
				callback: None
				constraints: []
				method: cobyla
				tol: 1e-05
				x0Seed: 23763457
			options:
				Attributes:
					disp: 1
					maxiter: 20000
		PresetPassManagerOptions:
			Attributes:
		SimulatorOptions:
			Attributes:
		StartIterations: Dataset (dtype=int64, shape=(4, 11), maxshape=(4, None))
			Attributes:
				DIMENSION_LABELS: ['mass' 'AnsatzOperatorAxis']
				NDataDims: 1
		VersionInfo:
			Attributes:
				QiskitAerVersion: 0.17.1
				QiskitIBMRuntimeVersion: 0.41.1
				QiskitVersion: 2.1.2
		mass: Dataset (dtype=float64, shape=(4,), maxshape=(4,))
			Attributes:
-----Ending pprint-----
End 2025-10-24 14:42:16 | 23763457 MyPyJob | node001 | /home/s6nidich_hpc/PycharmProjects/QC-MasterThesis 

