Start 2025-10-28 12:35:19 | 23770490 MyPyJob | node073 | /home/s6nidich_hpc/PycharmProjects/QC-MasterThesis 

Used python interpreter:
/home/s6nidich_hpc/PycharmProjects/QC-MasterThesis/.venv_intel_3_12_3/bin/python
Python version:
Python 3.12.3

Currently Loaded Modules:
  1) GCCcore/13.3.0                   7) Tcl/8.6.14-GCCcore-13.3.0
  2) zlib/1.3.1-GCCcore-13.3.0        8) SQLite/3.45.3-GCCcore-13.3.0
  3) binutils/2.42-GCCcore-13.3.0     9) XZ/5.4.5-GCCcore-13.3.0
  4) bzip2/1.0.8-GCCcore-13.3.0      10) libffi/3.4.5-GCCcore-13.3.0
  5) ncurses/6.5-GCCcore-13.3.0      11) OpenSSL/3
  6) libreadline/8.2-GCCcore-13.3.0  12) Python/3.12.3-GCCcore-13.3.0

 

Start of Program:

-----Beginning pprint-----
/:
	Attributes:
-----Ending pprint-----
Calculating energies for FreeWilson2D(N_x=2, N_y=2, mass=-6.000, r=1.000)
h: 0.0
Prec 0.0
New op index: 15
Current grad: 5.9999999999999964
0:	-2.89e-34	0.00e+00
1:	-7.90e-33	0.00e+00
2:	6.84e-33	0.00e+00
3:	6.16e-33	-5.00e-01
4:	4.62e-33	-5.00e-01
5:	-5.78e-34	1.39e-17
6:	-2.12e-33	6.94e-18
7:	-5.97e-33	1.39e-17
8:	-7.70e-34	0.00e+00
9:	-5.00e-01	0.00e+00
10:	3.08e-33	0.00e+00
11:	0.00e+00	0.00e+00
12:	-2.70e-33	-5.00e-01
13:	5.00e-01	-5.00e-01
14:	-1.54e-33	6.94e-18
15:	-4.00e+00	6.94e-18
16:	0.00e+00	-5.00e-01
17:	5.00e-01	-5.00e-01
18:	0.00e+00	2.08e-17
19:	0.00e+00	2.08e-17
20:	0.00e+00	2.08e-17
21:	-5.00e-01	2.08e-17
New op index: 9
Current grad: 1.7071253700281235
New op index: 21
Current grad: 1.9128407411909656
New op index: 19
Current grad: 2.6190428838981816
New op index: 17
Current grad: 2.046776499244789
New op index: 17
Current grad: 2.0348650823270633
Adding the same operator twice is not sensible, terminating.
Calculating energies for FreeWilson2D(N_x=2, N_y=2, mass=-5.111, r=1.000)
h: 0.0
Prec 0.0
New op index: 15
Current grad: 5.111111111111107
0:	-2.89e-34	0.00e+00
1:	-7.90e-33	0.00e+00
2:	6.84e-33	0.00e+00
3:	6.16e-33	-5.00e-01
4:	4.62e-33	-5.00e-01
5:	-5.78e-34	1.39e-17
6:	-2.12e-33	6.94e-18
7:	-5.97e-33	1.39e-17
8:	-7.70e-34	0.00e+00
9:	-5.00e-01	0.00e+00
10:	3.08e-33	0.00e+00
11:	0.00e+00	0.00e+00
12:	-2.70e-33	-5.00e-01
13:	5.00e-01	-5.00e-01
14:	-1.54e-33	6.94e-18
15:	-3.11e+00	6.94e-18
16:	0.00e+00	-5.00e-01
17:	5.00e-01	-5.00e-01
18:	0.00e+00	2.08e-17
19:	0.00e+00	2.08e-17
20:	-2.47e-32	2.08e-17
21:	-5.00e-01	2.08e-17
New op index: 9
Current grad: 1.70712210495692
New op index: 21
Current grad: 1.9126472875052052
New op index: 19
Current grad: 2.61800529604875
New op index: 17
Current grad: 2.0488329941410743
New op index: 17
Current grad: 2.0397434297413586
Adding the same operator twice is not sensible, terminating.
Calculating energies for FreeWilson2D(N_x=2, N_y=2, mass=-4.222, r=1.000)
h: 0.0
Prec 0.0
New op index: 15
Current grad: 4.222222222222219
0:	-2.89e-34	0.00e+00
1:	-7.90e-33	0.00e+00
2:	6.84e-33	0.00e+00
3:	6.16e-33	-5.00e-01
4:	4.62e-33	-5.00e-01
5:	-5.78e-34	1.39e-17
6:	-2.12e-33	6.94e-18
7:	-5.97e-33	1.39e-17
8:	-7.70e-34	0.00e+00
9:	-5.00e-01	0.00e+00
10:	3.08e-33	0.00e+00
11:	0.00e+00	0.00e+00
12:	-2.70e-33	-5.00e-01
13:	5.00e-01	-5.00e-01
14:	-1.54e-33	6.94e-18
15:	-2.22e+00	6.94e-18
16:	0.00e+00	-5.00e-01
17:	5.00e-01	-5.00e-01
18:	0.00e+00	2.08e-17
19:	0.00e+00	2.08e-17
20:	0.00e+00	2.08e-17
21:	-5.00e-01	2.08e-17
New op index: 9
Current grad: 1.7071188398857169
New op index: 21
Current grad: 1.9125453992557437
New op index: 19
Current grad: 2.6181401793093495
New op index: 17
Current grad: 2.051334225258453
New op index: 17
Current grad: 2.04396215360998
Adding the same operator twice is not sensible, terminating.
Calculating energies for FreeWilson2D(N_x=2, N_y=2, mass=-3.333, r=1.000)
h: 0.0
Prec 0.0
New op index: 15
Current grad: 3.3333333333333304
0:	-2.89e-34	0.00e+00
1:	-7.90e-33	0.00e+00
2:	6.84e-33	0.00e+00
3:	6.16e-33	-5.00e-01
4:	4.62e-33	-5.00e-01
5:	-5.78e-34	1.39e-17
6:	-2.12e-33	6.94e-18
7:	-5.97e-33	1.39e-17
8:	-7.70e-34	0.00e+00
9:	-5.00e-01	0.00e+00
10:	3.08e-33	0.00e+00
11:	0.00e+00	0.00e+00
12:	9.63e-33	-5.00e-01
13:	5.00e-01	-5.00e-01
14:	-1.54e-33	6.94e-18
15:	-1.33e+00	6.94e-18
16:	0.00e+00	-5.00e-01
17:	5.00e-01	-5.00e-01
18:	1.23e-32	2.08e-17
19:	0.00e+00	2.08e-17
20:	-1.23e-32	2.08e-17
21:	-5.00e-01	2.08e-17
New op index: 9
Current grad: 1.7071155748145137
New op index: 21
Current grad: 1.9124719369776924
New op index: 19
Current grad: 2.618279040821677
New op index: 17
Current grad: 2.05300205195329
New op index: 17
Current grad: 2.0494268702386664
Adding the same operator twice is not sensible, terminating.
Calculating energies for FreeWilson2D(N_x=2, N_y=2, mass=-2.444, r=1.000)
h: 0.0
Prec 0.0
New op index: 9
Current grad: 2.4444444444444424
0:	-2.89e-34	0.00e+00
1:	-7.90e-33	0.00e+00
2:	6.84e-33	0.00e+00
3:	6.16e-33	-5.00e-01
4:	4.62e-33	-5.00e-01
5:	-5.78e-34	1.39e-17
6:	-2.12e-33	6.94e-18
7:	-5.97e-33	1.39e-17
8:	-7.70e-34	0.00e+00
9:	-5.00e-01	0.00e+00
10:	3.08e-33	0.00e+00
11:	0.00e+00	0.00e+00
12:	3.47e-33	-5.00e-01
13:	5.00e-01	-5.00e-01
14:	-1.54e-33	6.94e-18
15:	-4.44e-01	6.94e-18
16:	-6.16e-33	-5.00e-01
17:	5.00e-01	-5.00e-01
18:	6.16e-33	2.08e-17
19:	0.00e+00	2.08e-17
20:	-1.23e-32	2.08e-17
21:	-5.00e-01	2.08e-17
New op index: 11
Current grad: 2.4444481176360506
New op index: 17
Current grad: 1.7962403034409165
New op index: 19
Current grad: 1.9064559418273468
New op index: 15
Current grad: 1.7676724196077602
New op index: 17
Current grad: 1.5027253669584257
New op index: 13
Current grad: 1.709116724463281
New op index: 13
Current grad: 1.7122750019763422
Adding the same operator twice is not sensible, terminating.
Calculating energies for FreeWilson2D(N_x=2, N_y=2, mass=-1.556, r=1.000)
h: 0.0
Prec 0.0
New op index: 9
Current grad: 2.4444444444444424
0:	-2.89e-34	0.00e+00
1:	-7.90e-33	0.00e+00
2:	6.84e-33	0.00e+00
3:	6.16e-33	-5.00e-01
4:	4.62e-33	-5.00e-01
5:	-5.78e-34	1.39e-17
6:	-2.12e-33	6.94e-18
7:	-5.97e-33	1.39e-17
8:	-7.70e-34	0.00e+00
9:	-5.00e-01	0.00e+00
10:	3.08e-33	0.00e+00
11:	0.00e+00	0.00e+00
12:	3.47e-33	-5.00e-01
13:	5.00e-01	-5.00e-01
14:	-1.54e-33	6.94e-18
15:	4.44e-01	6.94e-18
16:	-6.16e-33	-5.00e-01
17:	5.00e-01	-5.00e-01
18:	6.16e-33	2.08e-17
19:	0.00e+00	2.08e-17
20:	-1.23e-32	2.08e-17
21:	-5.00e-01	2.08e-17
New op index: 11
Current grad: 2.4444481176360506
New op index: 17
Current grad: 1.7962826939814571
New op index: 19
Current grad: 1.910904494084261
New op index: 13
Current grad: 1.7590800526570984
New op index: 11
Current grad: 1.7458918614693595
New op index: 11
Current grad: 1.7456341526585601
Adding the same operator twice is not sensible, terminating.
Calculating energies for FreeWilson2D(N_x=2, N_y=2, mass=-0.667, r=1.000)
h: 0.0
Prec 0.0
New op index: 15
Current grad: 3.3333333333333304
0:	-2.89e-34	0.00e+00
1:	-7.90e-33	0.00e+00
2:	6.84e-33	0.00e+00
3:	6.16e-33	-5.00e-01
4:	4.62e-33	-5.00e-01
5:	-5.78e-34	1.39e-17
6:	-2.12e-33	6.94e-18
7:	-5.97e-33	1.39e-17
8:	-7.70e-34	0.00e+00
9:	-5.00e-01	0.00e+00
10:	3.08e-33	0.00e+00
11:	0.00e+00	0.00e+00
12:	9.63e-33	-5.00e-01
13:	5.00e-01	-5.00e-01
14:	-1.54e-33	6.94e-18
15:	1.33e+00	6.94e-18
16:	0.00e+00	-5.00e-01
17:	5.00e-01	-5.00e-01
18:	1.23e-32	2.08e-17
19:	0.00e+00	2.08e-17
20:	-1.23e-32	2.08e-17
21:	-5.00e-01	2.08e-17
New op index: 13
Current grad: 3.707115574814507
New op index: 17
Current grad: 3.4025013381478093
New op index: 17
Current grad: 3.4125269777506246
Adding the same operator twice is not sensible, terminating.
Calculating energies for FreeWilson2D(N_x=2, N_y=2, mass=0.222, r=1.000)
h: 0.0
Prec 0.0
New op index: 15
Current grad: 4.222222222222218
0:	-2.89e-34	0.00e+00
1:	-7.90e-33	0.00e+00
2:	6.84e-33	0.00e+00
3:	6.16e-33	-5.00e-01
4:	4.62e-33	-5.00e-01
5:	-5.78e-34	1.39e-17
6:	-2.12e-33	6.94e-18
7:	-5.97e-33	1.39e-17
8:	-7.70e-34	0.00e+00
9:	-5.00e-01	0.00e+00
10:	3.08e-33	0.00e+00
11:	0.00e+00	0.00e+00
12:	-2.70e-33	-5.00e-01
13:	5.00e-01	-5.00e-01
14:	-1.54e-33	6.94e-18
15:	2.22e+00	6.94e-18
16:	0.00e+00	-5.00e-01
17:	5.00e-01	-5.00e-01
18:	0.00e+00	2.08e-17
19:	0.00e+00	2.08e-17
20:	0.00e+00	2.08e-17
21:	-5.00e-01	2.08e-17
New op index: 13
Current grad: 3.7071188398857107
New op index: 17
Current grad: 3.38403923677197
New op index: 15
Current grad: 3.8309995260283625
New op index: 15
Current grad: 3.390167163967452
Adding the same operator twice is not sensible, terminating.
Calculating energies for FreeWilson2D(N_x=2, N_y=2, mass=1.111, r=1.000)
h: 0.0
Prec 0.0
New op index: 15
Current grad: 5.111111111111107
0:	-2.89e-34	0.00e+00
1:	-7.90e-33	0.00e+00
2:	6.84e-33	0.00e+00
3:	6.16e-33	-5.00e-01
4:	4.62e-33	-5.00e-01
5:	-5.78e-34	1.39e-17
6:	-2.12e-33	6.94e-18
7:	-5.97e-33	1.39e-17
8:	-7.70e-34	0.00e+00
9:	-5.00e-01	0.00e+00
10:	3.08e-33	0.00e+00
11:	0.00e+00	0.00e+00
12:	-2.70e-33	-5.00e-01
13:	5.00e-01	-5.00e-01
14:	-1.54e-33	6.94e-18
15:	3.11e+00	6.94e-18
16:	0.00e+00	-5.00e-01
17:	5.00e-01	-5.00e-01
18:	0.00e+00	2.08e-17
19:	0.00e+00	2.08e-17
20:	-2.47e-32	2.08e-17
21:	-5.00e-01	2.08e-17
New op index: 13
Current grad: 3.7071221049569143
New op index: 17
Current grad: 3.3608507907663547
New op index: 15
Current grad: 4.210248758735894
New op index: 15
Current grad: 3.645104992662722
Adding the same operator twice is not sensible, terminating.
Calculating energies for FreeWilson2D(N_x=2, N_y=2, mass=2.000, r=1.000)
h: 0.0
Prec 0.0
New op index: 15
Current grad: 5.9999999999999964
0:	-2.89e-34	0.00e+00
1:	-7.90e-33	0.00e+00
2:	6.84e-33	0.00e+00
3:	6.16e-33	-5.00e-01
4:	4.62e-33	-5.00e-01
5:	-5.78e-34	1.39e-17
6:	-2.12e-33	6.94e-18
7:	-5.97e-33	1.39e-17
8:	-7.70e-34	0.00e+00
9:	-5.00e-01	0.00e+00
10:	3.08e-33	0.00e+00
11:	0.00e+00	0.00e+00
12:	-2.70e-33	-5.00e-01
13:	5.00e-01	-5.00e-01
14:	-1.54e-33	6.94e-18
15:	4.00e+00	6.94e-18
16:	0.00e+00	-5.00e-01
17:	5.00e-01	-5.00e-01
18:	0.00e+00	2.08e-17
19:	0.00e+00	2.08e-17
20:	0.00e+00	2.08e-17
21:	-5.00e-01	2.08e-17
New op index: 13
Current grad: 3.707125370028117
New op index: 17
Current grad: 3.3467422457945935
New op index: 15
Current grad: 4.5800007952476305
New op index: 15
Current grad: 3.8659499085098834
Adding the same operator twice is not sensible, terminating.
-----Beginning pprint-----
/:
	Attributes:
		ProcessId: 23770490
	2025-10-28_12-35-21-23770490:
		Attributes:
			HamiltonianType: ZeroChargePenalty
			Last-Modified: 2025-10-28_12-35-21
			ProcessId: 23770490
			SimulatorType: Statevector
			SolverName: AdaptVQE
			SystemName: FreeWilson2D
			n_x: 2
			n_y: 2
			r: 1.0
		AdaptOptions:
			Attributes:
				gradient_hamiltonian_type: HamiltonianType.Full
				max_depth: 40
				prec_cutoff: 0.001
				precision: 0
		AnsatzOperatorDerivatives: Dataset (dtype=float64, shape=(10, 8, 22), maxshape=(10, None, 22))
			Attributes:
				DIMENSION_LABELS: ['mass' 'AnsatzOperatorAxis' 'AnsatzPoolOperatorAxis']
				NDataDims: 2
		AnsatzOperatorSecondDerivatives: Dataset (dtype=float64, shape=(10, 8, 22), maxshape=(10, None, 22))
			Attributes:
				DIMENSION_LABELS: ['mass' 'AnsatzOperatorAxis' 'AnsatzPoolOperatorAxis']
				NDataDims: 2
		AnsatzOperators: Dataset (dtype=int64, shape=(10, 7), maxshape=(10, None))
			Attributes:
				DIMENSION_LABELS: ['mass' 'AnsatzOperatorAxis']
				NDataDims: 1
		Circuit:
			Attributes:
				Ansatz: HardwareAdaptAnsatz4
			AnsatzOptions:
				Attributes:
					num_qubits: 8
		CircuitParameters: Dataset (dtype=float64, shape=(10, 6510, 7), maxshape=(10, None, None))
			Attributes:
				DIMENSION_LABELS: ['mass' 'IterationAxis' 'CircuitParameterAxis']
				NDataDims: 2
		Data:
			Attributes:
			evs:
				Attributes:
				Hamiltonian: Dataset (dtype=float64, shape=(10, 6510), maxshape=(10, None))
					Attributes:
						DIMENSION_LABELS: ['mass' 'IterationAxis']
						NDataDims: 1
			stds:
				Attributes:
				Hamiltonian: Dataset (dtype=float64, shape=(10, 6510), maxshape=(10, None))
					Attributes:
						DIMENSION_LABELS: ['mass' 'IterationAxis']
						NDataDims: 1
		EstimatorOptions:
			Attributes:
				_VERSION: 2
				default_precision: Unset
				default_shots: Unset
				experimental: Unset
				max_execution_time: Unset
				resilience_level: Unset
				seed_estimator: 23770490
			dynamical_decoupling:
				Attributes:
					enable: Unset
					extra_slack_distribution: Unset
					scheduling_method: Unset
					sequence_type: Unset
					skip_reset_qubits: Unset
			environment:
				Attributes:
					callback: None
					job_tags: None
					log_level: WARNING
					private: False
			execution:
				Attributes:
					init_qubits: Unset
					rep_delay: Unset
			resilience:
				Attributes:
					layer_noise_model: Unset
					measure_mitigation: Unset
					pec_mitigation: Unset
					zne_mitigation: Unset
				layer_noise_learning:
					Attributes:
						layer_pair_depths: Unset
						max_layers_to_learn: Unset
						num_randomizations: Unset
						shots_per_randomization: Unset
				measure_noise_learning:
					Attributes:
						num_randomizations: Unset
						shots_per_randomization: Unset
				pec:
					Attributes:
						max_overhead: Unset
						noise_gain: Unset
				zne:
					Attributes:
						amplifier: Unset
						extrapolated_noise_factors: Unset
						extrapolator: Unset
						noise_factors: Unset
			simulator:
				Attributes:
					basis_gates: Unset
					coupling_map: Unset
					noise_model: Unset
					seed_simulator: Unset
			twirling:
				Attributes:
					enable_gates: Unset
					enable_measure: Unset
					num_randomizations: Unset
					shots_per_randomization: Unset
					strategy: Unset
		MetaData:
			Attributes:
			circuit_metadata: Dataset (dtype=object, shape=(10, 6510), maxshape=(10, None))
				Attributes:
					DIMENSION_LABELS: ['mass' 'IterationAxis']
					NDataDims: 1
			target_precision: Dataset (dtype=float64, shape=(10, 6510), maxshape=(10, None))
				Attributes:
					DIMENSION_LABELS: ['mass' 'IterationAxis']
					NDataDims: 1
			version: Dataset (dtype=int64, shape=(10, 6510), maxshape=(10, None))
				Attributes:
					DIMENSION_LABELS: ['mass' 'IterationAxis']
					NDataDims: 1
		NIterations: Dataset (dtype=int64, shape=(10,), maxshape=(10,))
			Attributes:
				DIMENSION_LABELS: ['mass']
				NDataDims: 0
		OptimizerOptions:
			Attributes:
				bounds: None
				callback: None
				constraints: []
				method: cobyla
				tol: None
				x0Seed: 23770490
			options:
				Attributes:
					disp: 0
					maxiter: 20000
		PresetPassManagerOptions:
			Attributes:
		SimulatorOptions:
			Attributes:
		StartIterations: Dataset (dtype=int64, shape=(10, 7), maxshape=(10, None))
			Attributes:
				DIMENSION_LABELS: ['mass' 'AnsatzOperatorAxis']
				NDataDims: 1
		VersionInfo:
			Attributes:
				QiskitAerVersion: 0.17.1
				QiskitIBMRuntimeVersion: 0.41.1
				QiskitVersion: 2.1.2
		mass: Dataset (dtype=float64, shape=(10,), maxshape=(10,))
			Attributes:
-----Ending pprint-----
End 2025-10-28 12:37:32 | 23770490 MyPyJob | node073 | /home/s6nidich_hpc/PycharmProjects/QC-MasterThesis 

