Start 2025-08-25 14:50:23 | 23011444 MyPyJob | node074 | /home/s6nidich_hpc/PycharmProjects/QC-MasterThesis 

Used python interpreter:
/home/s6nidich_hpc/PycharmProjects/QC-MasterThesis/.venv_intel_3_12_3/bin/python
Python version:
Python 3.12.3

Currently Loaded Modules:
  1) GCCcore/13.3.0                   7) Tcl/8.6.14-GCCcore-13.3.0
  2) zlib/1.3.1-GCCcore-13.3.0        8) SQLite/3.45.3-GCCcore-13.3.0
  3) binutils/2.42-GCCcore-13.3.0     9) XZ/5.4.5-GCCcore-13.3.0
  4) bzip2/1.0.8-GCCcore-13.3.0      10) libffi/3.4.5-GCCcore-13.3.0
  5) ncurses/6.5-GCCcore-13.3.0      11) OpenSSL/3
  6) libreadline/8.2-GCCcore-13.3.0  12) Python/3.12.3-GCCcore-13.3.0

 

Start of Program:

-----Beginning pprint-----
/:
	Attributes:
		ProcessId: 23011230
	2025-08-25_14-39-23:
		Attributes:
			HamiltonianType: ZeroChargePenalty
			Last-Modified: 2025-08-25_14-39-23
			ProcessId: 23011230
			SolverName: ED
			SystemName: FreeWilson2D
			Which: SM
			n_x: 2
			n_y: 2
			r: 1.0
		EigenValues: <HDF5 dataset "EigenValues": shape (101, 72), type "<f8">
			Attributes:
				DIMENSION_LABELS: ['mass' 'EigenValueAxis']
				NDataDims: 1
		mass: <HDF5 dataset "mass": shape (101,), type "<f8">
			Attributes:
-----Ending pprint-----
Calculating energies for FreeWilson2D(N_x=2, N_y=2, mass=-6.000, r=1.000)
Calculating energies for FreeWilson2D(N_x=2, N_y=2, mass=-5.920, r=1.000)
Calculating energies for FreeWilson2D(N_x=2, N_y=2, mass=-5.840, r=1.000)
Calculating energies for FreeWilson2D(N_x=2, N_y=2, mass=-5.760, r=1.000)
Calculating energies for FreeWilson2D(N_x=2, N_y=2, mass=-5.680, r=1.000)
Calculating energies for FreeWilson2D(N_x=2, N_y=2, mass=-5.600, r=1.000)
Calculating energies for FreeWilson2D(N_x=2, N_y=2, mass=-5.520, r=1.000)
Calculating energies for FreeWilson2D(N_x=2, N_y=2, mass=-5.440, r=1.000)
Calculating energies for FreeWilson2D(N_x=2, N_y=2, mass=-5.360, r=1.000)
Calculating energies for FreeWilson2D(N_x=2, N_y=2, mass=-5.280, r=1.000)
Calculating energies for FreeWilson2D(N_x=2, N_y=2, mass=-5.200, r=1.000)
Calculating energies for FreeWilson2D(N_x=2, N_y=2, mass=-5.120, r=1.000)
Calculating energies for FreeWilson2D(N_x=2, N_y=2, mass=-5.040, r=1.000)
Calculating energies for FreeWilson2D(N_x=2, N_y=2, mass=-4.960, r=1.000)
Calculating energies for FreeWilson2D(N_x=2, N_y=2, mass=-4.880, r=1.000)
Calculating energies for FreeWilson2D(N_x=2, N_y=2, mass=-4.800, r=1.000)
Calculating energies for FreeWilson2D(N_x=2, N_y=2, mass=-4.720, r=1.000)
Calculating energies for FreeWilson2D(N_x=2, N_y=2, mass=-4.640, r=1.000)
Calculating energies for FreeWilson2D(N_x=2, N_y=2, mass=-4.560, r=1.000)
Calculating energies for FreeWilson2D(N_x=2, N_y=2, mass=-4.480, r=1.000)
Calculating energies for FreeWilson2D(N_x=2, N_y=2, mass=-4.400, r=1.000)
Calculating energies for FreeWilson2D(N_x=2, N_y=2, mass=-4.320, r=1.000)
Calculating energies for FreeWilson2D(N_x=2, N_y=2, mass=-4.240, r=1.000)
Calculating energies for FreeWilson2D(N_x=2, N_y=2, mass=-4.160, r=1.000)
Calculating energies for FreeWilson2D(N_x=2, N_y=2, mass=-4.080, r=1.000)
Calculating energies for FreeWilson2D(N_x=2, N_y=2, mass=-4.000, r=1.000)
Calculating energies for FreeWilson2D(N_x=2, N_y=2, mass=-3.920, r=1.000)
Calculating energies for FreeWilson2D(N_x=2, N_y=2, mass=-3.840, r=1.000)
Calculating energies for FreeWilson2D(N_x=2, N_y=2, mass=-3.760, r=1.000)
Calculating energies for FreeWilson2D(N_x=2, N_y=2, mass=-3.680, r=1.000)
Calculating energies for FreeWilson2D(N_x=2, N_y=2, mass=-3.600, r=1.000)
Calculating energies for FreeWilson2D(N_x=2, N_y=2, mass=-3.520, r=1.000)
Calculating energies for FreeWilson2D(N_x=2, N_y=2, mass=-3.440, r=1.000)
Calculating energies for FreeWilson2D(N_x=2, N_y=2, mass=-3.360, r=1.000)
Calculating energies for FreeWilson2D(N_x=2, N_y=2, mass=-3.280, r=1.000)
Calculating energies for FreeWilson2D(N_x=2, N_y=2, mass=-3.200, r=1.000)
Calculating energies for FreeWilson2D(N_x=2, N_y=2, mass=-3.120, r=1.000)
Calculating energies for FreeWilson2D(N_x=2, N_y=2, mass=-3.040, r=1.000)
Calculating energies for FreeWilson2D(N_x=2, N_y=2, mass=-2.960, r=1.000)
Calculating energies for FreeWilson2D(N_x=2, N_y=2, mass=-2.880, r=1.000)
Calculating energies for FreeWilson2D(N_x=2, N_y=2, mass=-2.800, r=1.000)
Calculating energies for FreeWilson2D(N_x=2, N_y=2, mass=-2.720, r=1.000)
Calculating energies for FreeWilson2D(N_x=2, N_y=2, mass=-2.640, r=1.000)
Calculating energies for FreeWilson2D(N_x=2, N_y=2, mass=-2.560, r=1.000)
Calculating energies for FreeWilson2D(N_x=2, N_y=2, mass=-2.480, r=1.000)
Calculating energies for FreeWilson2D(N_x=2, N_y=2, mass=-2.400, r=1.000)
Calculating energies for FreeWilson2D(N_x=2, N_y=2, mass=-2.320, r=1.000)
Calculating energies for FreeWilson2D(N_x=2, N_y=2, mass=-2.240, r=1.000)
Calculating energies for FreeWilson2D(N_x=2, N_y=2, mass=-2.160, r=1.000)
Calculating energies for FreeWilson2D(N_x=2, N_y=2, mass=-2.080, r=1.000)
Calculating energies for FreeWilson2D(N_x=2, N_y=2, mass=-2.000, r=1.000)
Calculating energies for FreeWilson2D(N_x=2, N_y=2, mass=-1.920, r=1.000)
Calculating energies for FreeWilson2D(N_x=2, N_y=2, mass=-1.840, r=1.000)
Calculating energies for FreeWilson2D(N_x=2, N_y=2, mass=-1.760, r=1.000)
Calculating energies for FreeWilson2D(N_x=2, N_y=2, mass=-1.680, r=1.000)
Calculating energies for FreeWilson2D(N_x=2, N_y=2, mass=-1.600, r=1.000)
Calculating energies for FreeWilson2D(N_x=2, N_y=2, mass=-1.520, r=1.000)
Calculating energies for FreeWilson2D(N_x=2, N_y=2, mass=-1.440, r=1.000)
Calculating energies for FreeWilson2D(N_x=2, N_y=2, mass=-1.360, r=1.000)
Calculating energies for FreeWilson2D(N_x=2, N_y=2, mass=-1.280, r=1.000)
Calculating energies for FreeWilson2D(N_x=2, N_y=2, mass=-1.200, r=1.000)
Calculating energies for FreeWilson2D(N_x=2, N_y=2, mass=-1.120, r=1.000)
Calculating energies for FreeWilson2D(N_x=2, N_y=2, mass=-1.040, r=1.000)
Calculating energies for FreeWilson2D(N_x=2, N_y=2, mass=-0.960, r=1.000)
Calculating energies for FreeWilson2D(N_x=2, N_y=2, mass=-0.880, r=1.000)
Calculating energies for FreeWilson2D(N_x=2, N_y=2, mass=-0.800, r=1.000)
Calculating energies for FreeWilson2D(N_x=2, N_y=2, mass=-0.720, r=1.000)
Calculating energies for FreeWilson2D(N_x=2, N_y=2, mass=-0.640, r=1.000)
Calculating energies for FreeWilson2D(N_x=2, N_y=2, mass=-0.560, r=1.000)
Calculating energies for FreeWilson2D(N_x=2, N_y=2, mass=-0.480, r=1.000)
Calculating energies for FreeWilson2D(N_x=2, N_y=2, mass=-0.400, r=1.000)
Calculating energies for FreeWilson2D(N_x=2, N_y=2, mass=-0.320, r=1.000)
Calculating energies for FreeWilson2D(N_x=2, N_y=2, mass=-0.240, r=1.000)
Calculating energies for FreeWilson2D(N_x=2, N_y=2, mass=-0.160, r=1.000)
Calculating energies for FreeWilson2D(N_x=2, N_y=2, mass=-0.080, r=1.000)
Calculating energies for FreeWilson2D(N_x=2, N_y=2, mass=0.000, r=1.000)
Calculating energies for FreeWilson2D(N_x=2, N_y=2, mass=0.080, r=1.000)
Calculating energies for FreeWilson2D(N_x=2, N_y=2, mass=0.160, r=1.000)
Calculating energies for FreeWilson2D(N_x=2, N_y=2, mass=0.240, r=1.000)
Calculating energies for FreeWilson2D(N_x=2, N_y=2, mass=0.320, r=1.000)
Calculating energies for FreeWilson2D(N_x=2, N_y=2, mass=0.400, r=1.000)
Calculating energies for FreeWilson2D(N_x=2, N_y=2, mass=0.480, r=1.000)
Calculating energies for FreeWilson2D(N_x=2, N_y=2, mass=0.560, r=1.000)
Calculating energies for FreeWilson2D(N_x=2, N_y=2, mass=0.640, r=1.000)
Calculating energies for FreeWilson2D(N_x=2, N_y=2, mass=0.720, r=1.000)
Calculating energies for FreeWilson2D(N_x=2, N_y=2, mass=0.800, r=1.000)
Calculating energies for FreeWilson2D(N_x=2, N_y=2, mass=0.880, r=1.000)
Calculating energies for FreeWilson2D(N_x=2, N_y=2, mass=0.960, r=1.000)
Calculating energies for FreeWilson2D(N_x=2, N_y=2, mass=1.040, r=1.000)
Calculating energies for FreeWilson2D(N_x=2, N_y=2, mass=1.120, r=1.000)
Calculating energies for FreeWilson2D(N_x=2, N_y=2, mass=1.200, r=1.000)
Calculating energies for FreeWilson2D(N_x=2, N_y=2, mass=1.280, r=1.000)
Calculating energies for FreeWilson2D(N_x=2, N_y=2, mass=1.360, r=1.000)
Calculating energies for FreeWilson2D(N_x=2, N_y=2, mass=1.440, r=1.000)
Calculating energies for FreeWilson2D(N_x=2, N_y=2, mass=1.520, r=1.000)
Calculating energies for FreeWilson2D(N_x=2, N_y=2, mass=1.600, r=1.000)
Calculating energies for FreeWilson2D(N_x=2, N_y=2, mass=1.680, r=1.000)
Calculating energies for FreeWilson2D(N_x=2, N_y=2, mass=1.760, r=1.000)
Calculating energies for FreeWilson2D(N_x=2, N_y=2, mass=1.840, r=1.000)
Calculating energies for FreeWilson2D(N_x=2, N_y=2, mass=1.920, r=1.000)
Calculating energies for FreeWilson2D(N_x=2, N_y=2, mass=2.000, r=1.000)
-----Beginning pprint-----
/:
	Attributes:
		ProcessId: 23011444
	2025-08-25_14-39-23:
		Attributes:
			HamiltonianType: ZeroChargePenalty
			Last-Modified: 2025-08-25_14-39-23
			ProcessId: 23011230
			SolverName: ED
			SystemName: FreeWilson2D
			Which: SM
			n_x: 2
			n_y: 2
			r: 1.0
		EigenValues: <HDF5 dataset "EigenValues": shape (101, 72), type "<f8">
			Attributes:
				DIMENSION_LABELS: ['mass' 'EigenValueAxis']
				NDataDims: 1
		mass: <HDF5 dataset "mass": shape (101,), type "<f8">
			Attributes:
	2025-08-25_14-50-24:
		Attributes:
			HamiltonianType: ZeroChargePenalty
			Last-Modified: 2025-08-25_14-50-24
			ProcessId: 23011444
			SolverName: ED
			SystemName: FreeWilson2D
			Which: SM
			n_x: 2
			n_y: 2
			r: 1.0
		EigenValues: <HDF5 dataset "EigenValues": shape (101, 72), type "<f8">
			Attributes:
				DIMENSION_LABELS: ['mass' 'EigenValueAxis']
				NDataDims: 1
		EigenVectors: <HDF5 dataset "EigenVectors": shape (101, 256, 72), type "<c16">
			Attributes:
				DIMENSION_LABELS: ['mass' 'EigenVectorAxis' 'EigenValueAxis']
				NDataDims: 2
		mass: <HDF5 dataset "mass": shape (101,), type "<f8">
			Attributes:
-----Ending pprint-----
End 2025-08-25 14:50:50 | 23011444 MyPyJob | node074 | /home/s6nidich_hpc/PycharmProjects/QC-MasterThesis 

